[2m2026-10-07T21:44:42.383302Z[0m [32m INFO[0m [2mtransparent_txid_server[0m[2m:[0m serving txid display [3mlisten[0m[2m=[0m127.0.0.1:18196 [3mrole[0m[2m=[0m"recent-replica"
[2m2026-10-07T21:44:43.122035Z[0m [32m INFO[0m [2mtransparent_shard_server::runtime[0m[2m:[0m retired runtime memory reclaimed [3mrss_before[0m[2m=[0m6770688 [3mrss_after[0m[2m=[0m6758400
[2m2026-10-07T21:44:46.674356Z[0m [32m INFO[0m [2mtransparent_shard_server::display::service[0m[2m:[0m display prewarm finished [3mwarm[0m[2m=[0m2 [3mtarget[0m[2m=[0m2 [3mseconds[0m[2m=[0m2.991020035 [3mmap[0m[2m=[0m143e7753292f91b406b690fdff555e10de726aaefb870a2612a6bea381c2963c
[2m2026-10-07T21:44:46.674422Z[0m [32m INFO[0m [2mtransparent_shard_server::display::live[0m[2m:[0m display publication prepared [3mmap[0m[2m=[0m143e7753292f91b406b690fdff555e10de726aaefb870a2612a6bea381c2963c [3mbuilt[0m[2m=[0m2 [3mseconds[0m[2m=[0m3.552668489
[2m2026-10-07T21:44:51.936881Z[0m [32m INFO[0m [2mtransparent_shard_server::runtime[0m[2m:[0m retired runtime memory reclaimed [3mrss_before[0m[2m=[0m343773184 [3mrss_after[0m[2m=[0m116273152
[2m2026-10-07T21:44:52.874081Z[0m [32m INFO[0m [2mtransparent_shard_server::runtime[0m[2m:[0m loaded shipped runtime [3mkey[0m[2m=[0m("28ab73dec1705da4b6b6d5d182dfc8d1812bac247a7350c1ecfa90c45cb385b6/directory-0", TxDirectory, 0) [3mload_seconds[0m[2m=[0m0.263252907 [3mcheck_seconds[0m[2m=[0m0.060471 [3mrow[0m[2m=[0m234
[2m2026-10-07T21:44:53.252116Z[0m [32m INFO[0m [2mtransparent_shard_server::runtime[0m[2m:[0m loaded shipped runtime [3mkey[0m[2m=[0m("28ab73dec1705da4b6b6d5d182dfc8d1812bac247a7350c1ecfa90c45cb385b6", TxPages, 0) [3mload_seconds[0m[2m=[0m0.264132555 [3mcheck_seconds[0m[2m=[0m0.06558 [3mrow[0m[2m=[0m3
[2m2026-10-07T21:44:53.252287Z[0m [32m INFO[0m [2mtransparent_shard_server::display::service[0m[2m:[0m display prewarm finished [3mwarm[0m[2m=[0m2 [3mtarget[0m[2m=[0m2 [3mseconds[0m[2m=[0m0.751770291 [3mmap[0m[2m=[0m63ea450774bf90cfcf53051a7544656c4fd313daf7aaa81f6a4cc3beeac71349
[2m2026-10-07T21:44:53.252324Z[0m [32m INFO[0m [2mtransparent_shard_server::display::live[0m[2m:[0m display publication prepared [3mmap[0m[2m=[0m63ea450774bf90cfcf53051a7544656c4fd313daf7aaa81f6a4cc3beeac71349 [3mbuilt[0m[2m=[0m2 [3mseconds[0m[2m=[0m1.331053084
[2m2026-10-07T21:44:58.516233Z[0m [32m INFO[0m [2mtransparent_shard_server::runtime[0m[2m:[0m retired runtime memory reclaimed [3mrss_before[0m[2m=[0m162246656 [3mrss_after[0m[2m=[0m116576256
[2m2026-10-07T21:44:59.421231Z[0m [32m INFO[0m [2mtransparent_shard_server::runtime[0m[2m:[0m loaded shipped runtime [3mkey[0m[2m=[0m("004cac9699e2509cc53287ea672e46355bbf9a3e2b86c74273646205b669ee35/directory-0", TxDirectory, 0) [3mload_seconds[0m[2m=[0m0.250617215 [3mcheck_seconds[0m[2m=[0m0.060239 [3mrow[0m[2m=[0m548
[2m2026-10-07T21:44:59.781294Z[0m [32m INFO[0m [2mtransparent_shard_server::runtime[0m[2m:[0m loaded shipped runtime [3mkey[0m[2m=[0m("004cac9699e2509cc53287ea672e46355bbf9a3e2b86c74273646205b669ee35", TxPages, 0) [3mload_seconds[0m[2m=[0m0.249058964 [3mcheck_seconds[0m[2m=[0m0.062018 [3mrow[0m[2m=[0m1213
[2m2026-10-07T21:44:59.781443Z[0m [32m INFO[0m [2mtransparent_shard_server::display::service[0m[2m:[0m display prewarm finished [3mwarm[0m[2m=[0m2 [3mtarget[0m[2m=[0m2 [3mseconds[0m[2m=[0m0.717726501 [3mmap[0m[2m=[0m06713b11249ed9aee23c6155a9a480c7c603278d35f0abcc8fe4d7c7252b1434
[2m2026-10-07T21:44:59.781489Z[0m [32m INFO[0m [2mtransparent_shard_server::display::live[0m[2m:[0m display publication prepared [3mmap[0m[2m=[0m06713b11249ed9aee23c6155a9a480c7c603278d35f0abcc8fe4d7c7252b1434 [3mbuilt[0m[2m=[0m2 [3mseconds[0m[2m=[0m1.272075466
[2m2026-10-07T21:45:06.487135Z[0m [32m INFO[0m [2mtransparent_shard_server::runtime[0m[2m:[0m retired runtime memory reclaimed [3mrss_before[0m[2m=[0m137560064 [3mrss_after[0m[2m=[0m116781056
[2m2026-10-07T21:45:07.616408Z[0m [32m INFO[0m [2mtransparent_shard_server::runtime[0m[2m:[0m loaded shipped runtime [3mkey[0m[2m=[0m("0be2331a69714434fe658ef8087a5f32336264ceb8eadee64b76157834edbfc2/directory-0", TxDirectory, 0) [3mload_seconds[0m[2m=[0m0.308709651 [3mcheck_seconds[0m[2m=[0m0.071948 [3mrow[0m[2m=[0m1319
[2m2026-10-07T21:45:08.037369Z[0m [32m INFO[0m [2mtransparent_shard_server::runtime[0m[2m:[0m loaded shipped runtime [3mkey[0m[2m=[0m("0be2331a69714434fe658ef8087a5f32336264ceb8eadee64b76157834edbfc2", TxPages, 0) [3mload_seconds[0m[2m=[0m0.305206723 [3mcheck_seconds[0m[2m=[0m0.066127 [3mrow[0m[2m=[0m850
[2m2026-10-07T21:45:08.037483Z[0m [32m INFO[0m [2mtransparent_shard_server::display::service[0m[2m:[0m display prewarm finished [3mwarm[0m[2m=[0m2 [3mtarget[0m[2m=[0m2 [3mseconds[0m[2m=[0m0.852017896 [3mmap[0m[2m=[0m472c52ed5a9af5e25073bfbdacf3013140bd5e2b68ef807228534cdb7ea01732
[2m2026-10-07T21:45:08.037504Z[0m [32m INFO[0m [2mtransparent_shard_server::display::live[0m[2m:[0m display publication prepared [3mmap[0m[2m=[0m472c52ed5a9af5e25073bfbdacf3013140bd5e2b68ef807228534cdb7ea01732 [3mbuilt[0m[2m=[0m2 [3mseconds[0m[2m=[0m1.556086034
[2m2026-10-07T21:45:13.613856Z[0m [32m INFO[0m [2mtransparent_shard_server::runtime[0m[2m:[0m retired runtime memory reclaimed [3mrss_before[0m[2m=[0m111980544 [3mrss_after[0m[2m=[0m108515328
[2m2026-10-07T21:45:14.802224Z[0m [32m INFO[0m [2mtransparent_shard_server::runtime[0m[2m:[0m loaded shipped runtime [3mkey[0m[2m=[0m("8c5145fd8e40c0e000b8a833e33b994b09ef0def1553f050842c6e5668802fc4/directory-0", TxDirectory, 0) [3mload_seconds[0m[2m=[0m0.325853221 [3mcheck_seconds[0m[2m=[0m0.073949 [3mrow[0m[2m=[0m520
[2m2026-10-07T21:45:15.181845Z[0m [32m INFO[0m [2mtransparent_shard_server::runtime[0m[2m:[0m loaded shipped runtime [3mkey[0m[2m=[0m("8c5145fd8e40c0e000b8a833e33b994b09ef0def1553f050842c6e5668802fc4", TxPages, 0) [3mload_seconds[0m[2m=[0m0.257397981 [3mcheck_seconds[0m[2m=[0m0.061133 [3mrow[0m[2m=[0m254
[2m2026-10-07T21:45:15.181977Z[0m [32m INFO[0m [2mtransparent_shard_server::display::service[0m[2m:[0m display prewarm finished [3mwarm[0m[2m=[0m2 [3mtarget[0m[2m=[0m2 [3mseconds[0m[2m=[0m0.846777708 [3mmap[0m[2m=[0mb7d54f4b9a1f1432a8da842703592b52b4ab2762753ecdf39ffd5cb8d4e02434
[2m2026-10-07T21:45:15.182007Z[0m [32m INFO[0m [2mtransparent_shard_server::display::live[0m[2m:[0m display publication prepared [3mmap[0m[2m=[0mb7d54f4b9a1f1432a8da842703592b52b4ab2762753ecdf39ffd5cb8d4e02434 [3mbuilt[0m[2m=[0m2 [3mseconds[0m[2m=[0m1.579704035
[2m2026-10-07T21:45:20.777047Z[0m [32m INFO[0m [2mtransparent_shard_server::runtime[0m[2m:[0m retired runtime memory reclaimed [3mrss_before[0m[2m=[0m138194944 [3mrss_after[0m[2m=[0m116985856
[2m2026-10-07T21:45:21.738879Z[0m [32m INFO[0m [2mtransparent_shard_server::runtime[0m[2m:[0m loaded shipped runtime [3mkey[0m[2m=[0m("ecff87301b837563ba5410bbb9551d48a765a0bf2b799db671077fe472613ec4/directory-0", TxDirectory, 0) [3mload_seconds[0m[2m=[0m0.271380536 [3mcheck_seconds[0m[2m=[0m0.064164 [3mrow[0m[2m=[0m1090
[2m2026-10-07T21:45:22.124372Z[0m [32m INFO[0m [2mtransparent_shard_server::runtime[0m[2m:[0m loaded shipped runtime [3mkey[0m[2m=[0m("ecff87301b837563ba5410bbb9551d48a765a0bf2b799db671077fe472613ec4", TxPages, 0) [3mload_seconds[0m[2m=[0m0.276821984 [3mcheck_seconds[0m[2m=[0m0.06527 [3mrow[0m[2m=[0m150
[2m2026-10-07T21:45:22.124538Z[0m [32m INFO[0m [2mtransparent_shard_server::display::service[0m[2m:[0m display prewarm finished [3mwarm[0m[2m=[0m2 [3mtarget[0m[2m=[0m2 [3mseconds[0m[2m=[0m0.77232564 [3mmap[0m[2m=[0mde29d09f01d1c85a3c1e61ea40486bf8f8c54f661deb9b0d5948e338b7787a93
[2m2026-10-07T21:45:22.124595Z[0m [32m INFO[0m [2mtransparent_shard_server::display::live[0m[2m:[0m display publication prepared [3mmap[0m[2m=[0mde29d09f01d1c85a3c1e61ea40486bf8f8c54f661deb9b0d5948e338b7787a93 [3mbuilt[0m[2m=[0m2 [3mseconds[0m[2m=[0m1.352811304
[2m2026-10-07T21:45:27.288949Z[0m [32m INFO[0m [2mtransparent_shard_server::runtime[0m[2m:[0m retired runtime memory reclaimed [3mrss_before[0m[2m=[0m137228288 [3mrss_after[0m[2m=[0m108703744
[2m2026-10-07T21:45:28.279615Z[0m [32m INFO[0m [2mtransparent_shard_server::runtime[0m[2m:[0m loaded shipped runtime [3mkey[0m[2m=[0m("2fd072267eaef2df83d80705482c3299983377d2970b31a4faf3ea96808d5022/directory-0", TxDirectory, 0) [3mload_seconds[0m[2m=[0m0.268037987 [3mcheck_seconds[0m[2m=[0m0.079148 [3mrow[0m[2m=[0m1797
[2m2026-10-07T21:45:28.684444Z[0m [32m INFO[0m [2mtransparent_shard_server::runtime[0m[2m:[0m loaded shipped runtime [3mkey[0m[2m=[0m("2fd072267eaef2df83d80705482c3299983377d2970b31a4faf3ea96808d5022", TxPages, 0) [3mload_seconds[0m[2m=[0m0.275831994 [3mcheck_seconds[0m[2m=[0m0.070666 [3mrow[0m[2m=[0m349
[2m2026-10-07T21:45:28.684596Z[0m [32m INFO[0m [2mtransparent_shard_server::display::service[0m[2m:[0m display prewarm finished [3mwarm[0m[2m=[0m2 [3mtarget[0m[2m=[0m2 [3mseconds[0m[2m=[0m0.804286487 [3mmap[0m[2m=[0mb4d283871a0c5d37d08b1b442aabc1e639761ae15e34f4348538b81d778c4cab
[2m2026-10-07T21:45:28.684638Z[0m [32m INFO[0m [2mtransparent_shard_server::display::live[0m[2m:[0m display publication prepared [3mmap[0m[2m=[0mb4d283871a0c5d37d08b1b442aabc1e639761ae15e34f4348538b81d778c4cab [3mbuilt[0m[2m=[0m2 [3mseconds[0m[2m=[0m1.400087059
[2m2026-10-07T21:45:33.755270Z[0m [32m INFO[0m [2mtransparent_shard_server::runtime[0m[2m:[0m retired runtime memory reclaimed [3mrss_before[0m[2m=[0m120647680 [3mrss_after[0m[2m=[0m108769280
[2m2026-10-07T21:45:34.701658Z[0m [32m INFO[0m [2mtransparent_shard_server::runtime[0m[2m:[0m loaded shipped runtime [3mkey[0m[2m=[0m("ff62719178b3e6a083978d673a515b6812a6a0b4f7bc919963e1e7a6665035a2/directory-0", TxDirectory, 0) [3mload_seconds[0m[2m=[0m0.270552963 [3mcheck_seconds[0m[2m=[0m0.06396 [3mrow[0m[2m=[0m613
[2m2026-10-07T21:45:35.064115Z[0m [32m INFO[0m [2mtransparent_shard_server::runtime[0m[2m:[0m loaded shipped runtime [3mkey[0m[2m=[0m("ff62719178b3e6a083978d673a515b6812a6a0b4f7bc919963e1e7a6665035a2", TxPages, 0) [3mload_seconds[0m[2m=[0m0.249444477 [3mcheck_seconds[0m[2m=[0m0.064277 [3mrow[0m[2m=[0m301
[2m2026-10-07T21:45:35.064224Z[0m [32m INFO[0m [2mtransparent_shard_server::display::service[0m[2m:[0m display prewarm finished [3mwarm[0m[2m=[0m2 [3mtarget[0m[2m=[0m2 [3mseconds[0m[2m=[0m0.745993326 [3mmap[0m[2m=[0m2383ae313431761d2ba163fd55d9e909a24c03f950308bc2a70c17c6010e995d
[2m2026-10-07T21:45:35.064245Z[0m [32m INFO[0m [2mtransparent_shard_server::display::live[0m[2m:[0m display publication prepared [3mmap[0m[2m=[0m2383ae313431761d2ba163fd55d9e909a24c03f950308bc2a70c17c6010e995d [3mbuilt[0m[2m=[0m2 [3mseconds[0m[2m=[0m1.314840521
[2m2026-10-07T21:45:40.228760Z[0m [32m INFO[0m [2mtransparent_shard_server::runtime[0m[2m:[0m retired runtime memory reclaimed [3mrss_before[0m[2m=[0m137285632 [3mrss_after[0m[2m=[0m117227520
[2m2026-10-07T21:45:41.217639Z[0m [32m INFO[0m [2mtransparent_shard_server::runtime[0m[2m:[0m loaded shipped runtime [3mkey[0m[2m=[0m("4bbae94df0f3a58b0d10038b9e77993541524781ba7619460661372950a0eb57/directory-0", TxDirectory, 0) [3mload_seconds[0m[2m=[0m0.264110423 [3mcheck_seconds[0m[2m=[0m0.060319 [3mrow[0m[2m=[0m311
[2m2026-10-07T21:45:41.595319Z[0m [32m INFO[0m [2mtransparent_shard_server::runtime[0m[2m:[0m loaded shipped runtime [3mkey[0m[2m=[0m("4bbae94df0f3a58b0d10038b9e77993541524781ba7619460661372950a0eb57", TxPages, 0) [3mload_seconds[0m[2m=[0m0.265713763 [3mcheck_seconds[0m[2m=[0m0.065898 [3mrow[0m[2m=[0m793
[2m2026-10-07T21:45:41.595406Z[0m [32m INFO[0m [2mtransparent_shard_server::display::service[0m[2m:[0m display prewarm finished [3mwarm[0m[2m=[0m2 [3mtarget[0m[2m=[0m2 [3mseconds[0m[2m=[0m0.753681234 [3mmap[0m[2m=[0m2b09ea4cfdb199239a33932355eff61415b001d7a8fecb3e9a408367bbb3ab70
[2m2026-10-07T21:45:41.595437Z[0m [32m INFO[0m [2mtransparent_shard_server::display::live[0m[2m:[0m display publication prepared [3mmap[0m[2m=[0m2b09ea4cfdb199239a33932355eff61415b001d7a8fecb3e9a408367bbb3ab70 [3mbuilt[0m[2m=[0m2 [3mseconds[0m[2m=[0m1.371950925
[2m2026-10-07T21:45:46.894644Z[0m [32m INFO[0m [2mtransparent_shard_server::runtime[0m[2m:[0m retired runtime memory reclaimed [3mrss_before[0m[2m=[0m131002368 [3mrss_after[0m[2m=[0m117325824
[2m2026-10-07T21:45:47.844268Z[0m [32m INFO[0m [2mtransparent_shard_server::runtime[0m[2m:[0m loaded shipped runtime [3mkey[0m[2m=[0m("fa42fa07fc185f55c67b1356c5e4cf079e4ab72afc48ead26b86f0665b27ccc0/directory-0", TxDirectory, 0) [3mload_seconds[0m[2m=[0m0.265480633 [3mcheck_seconds[0m[2m=[0m0.05949 [3mrow[0m[2m=[0m835
[2m2026-10-07T21:45:48.210380Z[0m [32m INFO[0m [2mtransparent_shard_server::runtime[0m[2m:[0m loaded shipped runtime [3mkey[0m[2m=[0m("fa42fa07fc185f55c67b1356c5e4cf079e4ab72afc48ead26b86f0665b27ccc0", TxPages, 0) [3mload_seconds[0m[2m=[0m0.258596098 [3mcheck_seconds[0m[2m=[0m0.060601 [3mrow[0m[2m=[0m492
[2m2026-10-07T21:45:48.210483Z[0m [32m INFO[0m [2mtransparent_shard_server::display::service[0m[2m:[0m display prewarm finished [3mwarm[0m[2m=[0m2 [3mtarget[0m[2m=[0m2 [3mseconds[0m[2m=[0m0.741199962 [3mmap[0m[2m=[0m546b043c07bca8d161bbb0e0ebb867526a43db1abd4427466617d4fb114cf615
[2m2026-10-07T21:45:48.210504Z[0m [32m INFO[0m [2mtransparent_shard_server::display::live[0m[2m:[0m display publication prepared [3mmap[0m[2m=[0m546b043c07bca8d161bbb0e0ebb867526a43db1abd4427466617d4fb114cf615 [3mbuilt[0m[2m=[0m2 [3mseconds[0m[2m=[0m1.321914073
[2m2026-10-07T21:45:53.521693Z[0m [32m INFO[0m [2mtransparent_shard_server::runtime[0m[2m:[0m retired runtime memory reclaimed [3mrss_before[0m[2m=[0m130633728 [3mrss_after[0m[2m=[0m117489664
[2m2026-10-07T21:45:54.461592Z[0m [32m INFO[0m [2mtransparent_shard_server::runtime[0m[2m:[0m loaded shipped runtime [3mkey[0m[2m=[0m("59499053133301b0358274181ee27af037b80e58879c063ba4830416e69f9483/directory-0", TxDirectory, 0) [3mload_seconds[0m[2m=[0m0.264957085 [3mcheck_seconds[0m[2m=[0m0.057464 [3mrow[0m[2m=[0m1036
[2m2026-10-07T21:45:54.830183Z[0m [32m INFO[0m [2mtransparent_shard_server::runtime[0m[2m:[0m loaded shipped runtime [3mkey[0m[2m=[0m("59499053133301b0358274181ee27af037b80e58879c063ba4830416e69f9483", TxPages, 0) [3mload_seconds[0m[2m=[0m0.255140629 [3mcheck_seconds[0m[2m=[0m0.066147 [3mrow[0m[2m=[0m150
[2m2026-10-07T21:45:54.830277Z[0m [32m INFO[0m [2mtransparent_shard_server::display::service[0m[2m:[0m display prewarm finished [3mwarm[0m[2m=[0m2 [3mtarget[0m[2m=[0m2 [3mseconds[0m[2m=[0m0.735899572 [3mmap[0m[2m=[0m248e13a7a141cffbf490f784994ccc03f8b9d8f6d6c54e6b37727d386ea05d72
[2m2026-10-07T21:45:54.830299Z[0m [32m INFO[0m [2mtransparent_shard_server::display::live[0m[2m:[0m display publication prepared [3mmap[0m[2m=[0m248e13a7a141cffbf490f784994ccc03f8b9d8f6d6c54e6b37727d386ea05d72 [3mbuilt[0m[2m=[0m2 [3mseconds[0m[2m=[0m1.317026598
[2m2026-10-07T21:46:00.160686Z[0m [32m INFO[0m [2mtransparent_shard_server::runtime[0m[2m:[0m retired runtime memory reclaimed [3mrss_before[0m[2m=[0m147427328 [3mrss_after[0m[2m=[0m134275072
[2m2026-10-07T21:46:01.153337Z[0m [32m INFO[0m [2mtransparent_shard_server::runtime[0m[2m:[0m loaded shipped runtime [3mkey[0m[2m=[0m("b4cc88aba148974b001bf10b5aaec3d13890f8988d94894ede38d51e5c6118f6/directory-0", TxDirectory, 0) [3mload_seconds[0m[2m=[0m0.282321645 [3mcheck_seconds[0m[2m=[0m0.062947 [3mrow[0m[2m=[0m430
[2m2026-10-07T21:46:01.716021Z[0m [32m INFO[0m [2mtransparent_shard_server::runtime[0m[2m:[0m loaded shipped runtime [3mkey[0m[2m=[0m("b4cc88aba148974b001bf10b5aaec3d13890f8988d94894ede38d51e5c6118f6", TxPages, 0) [3mload_seconds[0m[2m=[0m0.379362981 [3mcheck_seconds[0m[2m=[0m0.10909 [3mrow[0m[2m=[0m3
[2m2026-10-07T21:46:01.716199Z[0m [32m INFO[0m [2mtransparent_shard_server::display::service[0m[2m:[0m display prewarm finished [3mwarm[0m[2m=[0m2 [3mtarget[0m[2m=[0m2 [3mseconds[0m[2m=[0m0.958484151 [3mmap[0m[2m=[0m1b3f5b754913240a565d200101e6728c814dba9f2bc45240ecd8f4331f7d75e5
[2m2026-10-07T21:46:01.716229Z[0m [32m INFO[0m [2mtransparent_shard_server::display::live[0m[2m:[0m display publication prepared [3mmap[0m[2m=[0m1b3f5b754913240a565d200101e6728c814dba9f2bc45240ecd8f4331f7d75e5 [3mbuilt[0m[2m=[0m2 [3mseconds[0m[2m=[0m1.559288526
[2m2026-10-07T21:46:07.993944Z[0m [32m INFO[0m [2mtransparent_shard_server::runtime[0m[2m:[0m retired runtime memory reclaimed [3mrss_before[0m[2m=[0m130768896 [3mrss_after[0m[2m=[0m117633024
[2m2026-10-07T21:46:09.040951Z[0m [32m INFO[0m [2mtransparent_shard_server::runtime[0m[2m:[0m loaded shipped runtime [3mkey[0m[2m=[0m("eb85ee353b198c718d21a0e74b9607c110aed47e185d1255c661e2acf776fb26/directory-0", TxDirectory, 0) [3mload_seconds[0m[2m=[0m0.30589039 [3mcheck_seconds[0m[2m=[0m0.059333 [3mrow[0m[2m=[0m418
[2m2026-10-07T21:46:09.519202Z[0m [32m INFO[0m [2mtransparent_shard_server::runtime[0m[2m:[0m loaded shipped runtime [3mkey[0m[2m=[0m("eb85ee353b198c718d21a0e74b9607c110aed47e185d1255c661e2acf776fb26", TxPages, 0) [3mload_seconds[0m[2m=[0m0.324164699 [3mcheck_seconds[0m[2m=[0m0.088363 [3mrow[0m[2m=[0m1170
[2m2026-10-07T21:46:09.519347Z[0m [32m INFO[0m [2mtransparent_shard_server::display::service[0m[2m:[0m display prewarm finished [3mwarm[0m[2m=[0m2 [3mtarget[0m[2m=[0m2 [3mseconds[0m[2m=[0m0.91811304 [3mmap[0m[2m=[0m904e2ac88d5646b873e612dc36e517cfc350d77c78d59902cf2b754be7fb0aed
[2m2026-10-07T21:46:09.519402Z[0m [32m INFO[0m [2mtransparent_shard_server::display::live[0m[2m:[0m display publication prepared [3mmap[0m[2m=[0m904e2ac88d5646b873e612dc36e517cfc350d77c78d59902cf2b754be7fb0aed [3mbuilt[0m[2m=[0m2 [3mseconds[0m[2m=[0m1.54795881
[2m2026-10-07T21:46:15.189526Z[0m [32m INFO[0m [2mtransparent_shard_server::runtime[0m[2m:[0m retired runtime memory reclaimed [3mrss_before[0m[2m=[0m147410944 [3mrss_after[0m[2m=[0m134320128
[2m2026-10-07T21:46:16.175282Z[0m [32m INFO[0m [2mtransparent_shard_server::runtime[0m[2m:[0m loaded shipped runtime [3mkey[0m[2m=[0m("90e8351ae763cea0fe873f2b7b30bd778d0a562c2d5fe9a031f9ab4241630df1/directory-0", TxDirectory, 0) [3mload_seconds[0m[2m=[0m0.264559698 [3mcheck_seconds[0m[2m=[0m0.059004 [3mrow[0m[2m=[0m1092
[2m2026-10-07T21:46:16.567347Z[0m [32m INFO[0m [2mtransparent_shard_server::runtime[0m[2m:[0m loaded shipped runtime [3mkey[0m[2m=[0m("90e8351ae763cea0fe873f2b7b30bd778d0a562c2d5fe9a031f9ab4241630df1", TxPages, 0) [3mload_seconds[0m[2m=[0m0.268569487 [3mcheck_seconds[0m[2m=[0m0.071819 [3mrow[0m[2m=[0m38
[2m2026-10-07T21:46:16.567490Z[0m [32m INFO[0m [2mtransparent_shard_server::display::service[0m[2m:[0m display prewarm finished [3mwarm[0m[2m=[0m2 [3mtarget[0m[2m=[0m2 [3mseconds[0m[2m=[0m0.759660485 [3mmap[0m[2m=[0m5781344ca4042d9742f1721a2b373ad5179067f849ff7b6044b7b381da4f42af
[2m2026-10-07T21:46:16.567530Z[0m [32m INFO[0m [2mtransparent_shard_server::display::live[0m[2m:[0m display publication prepared [3mmap[0m[2m=[0m5781344ca4042d9742f1721a2b373ad5179067f849ff7b6044b7b381da4f42af [3mbuilt[0m[2m=[0m2 [3mseconds[0m[2m=[0m1.3922502350000001
[2m2026-10-07T21:46:21.942637Z[0m [32m INFO[0m [2mtransparent_shard_server::runtime[0m[2m:[0m retired runtime memory reclaimed [3mrss_before[0m[2m=[0m147419136 [3mrss_after[0m[2m=[0m134455296
[2m2026-10-07T21:46:22.918196Z[0m [32m INFO[0m [2mtransparent_shard_server::runtime[0m[2m:[0m loaded shipped runtime [3mkey[0m[2m=[0m("b42ab65d72cf8f3717d3e14dada7092d71f79e0106e3d3c59f586383d582d93d/directory-0", TxDirectory, 0) [3mload_seconds[0m[2m=[0m0.271148651 [3mcheck_seconds[0m[2m=[0m0.059839 [3mrow[0m[2m=[0m1824
[2m2026-10-07T21:46:23.315244Z[0m [32m INFO[0m [2mtransparent_shard_server::runtime[0m[2m:[0m loaded shipped runtime [3mkey[0m[2m=[0m("b42ab65d72cf8f3717d3e14dada7092d71f79e0106e3d3c59f586383d582d93d", TxPages, 0) [3mload_seconds[0m[2m=[0m0.266228652 [3mcheck_seconds[0m[2m=[0m0.085752 [3mrow[0m[2m=[0m252
[2m2026-10-07T21:46:23.315394Z[0m [32m INFO[0m [2mtransparent_shard_server::display::service[0m[2m:[0m display prewarm finished [3mwarm[0m[2m=[0m2 [3mtarget[0m[2m=[0m2 [3mseconds[0m[2m=[0m0.775168705 [3mmap[0m[2m=[0m6a485bf6652a68893fee9f3a1b7e8d90caf2966afcc3ef9af775bc34c525908a
[2m2026-10-07T21:46:23.315434Z[0m [32m INFO[0m [2mtransparent_shard_server::display::live[0m[2m:[0m display publication prepared [3mmap[0m[2m=[0m6a485bf6652a68893fee9f3a1b7e8d90caf2966afcc3ef9af775bc34c525908a [3mbuilt[0m[2m=[0m2 [3mseconds[0m[2m=[0m1.38312482
[2m2026-10-07T21:46:28.694543Z[0m [32m INFO[0m [2mtransparent_shard_server::runtime[0m[2m:[0m retired runtime memory reclaimed [3mrss_before[0m[2m=[0m147427328 [3mrss_after[0m[2m=[0m134475776
[2m2026-10-07T21:46:29.684591Z[0m [32m INFO[0m [2mtransparent_shard_server::runtime[0m[2m:[0m loaded shipped runtime [3mkey[0m[2m=[0m("e9285ee97537326b835112cdf27d9475e3d66e5e96797494376a23843db4376a/directory-0", TxDirectory, 0) [3mload_seconds[0m[2m=[0m0.305065328 [3mcheck_seconds[0m[2m=[0m0.059636 [3mrow[0m[2m=[0m1947
[2m2026-10-07T21:46:30.042258Z[0m [32m INFO[0m [2mtransparent_shard_server::runtime[0m[2m:[0m loaded shipped runtime [3mkey[0m[2m=[0m("e9285ee97537326b835112cdf27d9475e3d66e5e96797494376a23843db4376a", TxPages, 0) [3mload_seconds[0m[2m=[0m0.250018969 [3mcheck_seconds[0m[2m=[0m0.06458 [3mrow[0m[2m=[0m512
[2m2026-10-07T21:46:30.042408Z[0m [32m INFO[0m [2mtransparent_shard_server::display::service[0m[2m:[0m display prewarm finished [3mwarm[0m[2m=[0m2 [3mtarget[0m[2m=[0m2 [3mseconds[0m[2m=[0m0.791062778 [3mmap[0m[2m=[0mf999ee78de108279d148602a1562df7bc774ecd9c464a339968f689d19f290f4
[2m2026-10-07T21:46:30.042450Z[0m [32m INFO[0m [2mtransparent_shard_server::display::live[0m[2m:[0m display publication prepared [3mmap[0m[2m=[0mf999ee78de108279d148602a1562df7bc774ecd9c464a339968f689d19f290f4 [3mbuilt[0m[2m=[0m2 [3mseconds[0m[2m=[0m1.353043708
[2m2026-10-07T21:46:35.127714Z[0m [32m INFO[0m [2mtransparent_shard_server::runtime[0m[2m:[0m retired runtime memory reclaimed [3mrss_before[0m[2m=[0m147431424 [3mrss_after[0m[2m=[0m134545408
[2m2026-10-07T21:46:36.110901Z[0m [32m INFO[0m [2mtransparent_shard_server::runtime[0m[2m:[0m loaded shipped runtime [3mkey[0m[2m=[0m("50d2af587c931c75d1793aa0ddae1f8d2dfa1af98e064dc19fa6f003ccdff8e7/directory-0", TxDirectory, 0) [3mload_seconds[0m[2m=[0m0.257851463 [3mcheck_seconds[0m[2m=[0m0.062061 [3mrow[0m[2m=[0m1243
[2m2026-10-07T21:46:36.476916Z[0m [32m INFO[0m [2mtransparent_shard_server::runtime[0m[2m:[0m loaded shipped runtime [3mkey[0m[2m=[0m("50d2af587c931c75d1793aa0ddae1f8d2dfa1af98e064dc19fa6f003ccdff8e7", TxPages, 0) [3mload_seconds[0m[2m=[0m0.250697447 [3mcheck_seconds[0m[2m=[0m0.064248 [3mrow[0m[2m=[0m453
[2m2026-10-07T21:46:36.477051Z[0m [32m INFO[0m [2mtransparent_shard_server::display::service[0m[2m:[0m display prewarm finished [3mwarm[0m[2m=[0m2 [3mtarget[0m[2m=[0m2 [3mseconds[0m[2m=[0m0.73370692 [3mmap[0m[2m=[0m59d083ac4d32185b9417828aaaa3c990c4d3b36569585db67009c75baeaa60a5
[2m2026-10-07T21:46:36.477089Z[0m [32m INFO[0m [2mtransparent_shard_server::display::live[0m[2m:[0m display publication prepared [3mmap[0m[2m=[0m59d083ac4d32185b9417828aaaa3c990c4d3b36569585db67009c75baeaa60a5 [3mbuilt[0m[2m=[0m2 [3mseconds[0m[2m=[0m1.356654205
[2m2026-10-07T21:46:41.662269Z[0m [32m INFO[0m [2mtransparent_shard_server::runtime[0m[2m:[0m retired runtime memory reclaimed [3mrss_before[0m[2m=[0m147435520 [3mrss_after[0m[2m=[0m134561792
[2m2026-10-07T21:46:42.662826Z[0m [32m INFO[0m [2mtransparent_shard_server::runtime[0m[2m:[0m loaded shipped runtime [3mkey[0m[2m=[0m("6c34e73b9670eab102e349db3452cdf6c6546c68a2f4b2a632e8ebdd11e06695/directory-0", TxDirectory, 0) [3mload_seconds[0m[2m=[0m0.270258045 [3mcheck_seconds[0m[2m=[0m0.087724 [3mrow[0m[2m=[0m1324
[2m2026-10-07T21:46:43.066004Z[0m [32m INFO[0m [2mtransparent_shard_server::runtime[0m[2m:[0m loaded shipped runtime [3mkey[0m[2m=[0m("6c34e73b9670eab102e349db3452cdf6c6546c68a2f4b2a632e8ebdd11e06695", TxPages, 0) [3mload_seconds[0m[2m=[0m0.294492236 [3mcheck_seconds[0m[2m=[0m0.064761 [3mrow[0m[2m=[0m107
[2m2026-10-07T21:46:43.066118Z[0m [32m INFO[0m [2mtransparent_shard_server::display::service[0m[2m:[0m display prewarm finished [3mwarm[0m[2m=[0m2 [3mtarget[0m[2m=[0m2 [3mseconds[0m[2m=[0m0.811255067 [3mmap[0m[2m=[0m247286111fab4a9a37aa7cc82d2332c30c22483bf6cf280a0c6759c16ea8a61e
[2m2026-10-07T21:46:43.066175Z[0m [32m INFO[0m [2mtransparent_shard_server::display::live[0m[2m:[0m display publication prepared [3mmap[0m[2m=[0m247286111fab4a9a37aa7cc82d2332c30c22483bf6cf280a0c6759c16ea8a61e [3mbuilt[0m[2m=[0m2 [3mseconds[0m[2m=[0m1.411884832
[2m2026-10-07T21:46:48.299577Z[0m [32m INFO[0m [2mtransparent_shard_server::runtime[0m[2m:[0m retired runtime memory reclaimed [3mrss_before[0m[2m=[0m147439616 [3mrss_after[0m[2m=[0m134610944
[2m2026-10-07T21:46:49.226231Z[0m [32m INFO[0m [2mtransparent_shard_server::runtime[0m[2m:[0m loaded shipped runtime [3mkey[0m[2m=[0m("62ceaa11be9aaed1a968d69d4574531cc2753257d04d91a031ccaadf2616b9a5/directory-0", TxDirectory, 0) [3mload_seconds[0m[2m=[0m0.254130402 [3mcheck_seconds[0m[2m=[0m0.058714 [3mrow[0m[2m=[0m1207
[2m2026-10-07T21:46:49.597324Z[0m [32m INFO[0m [2mtransparent_shard_server::runtime[0m[2m:[0m loaded shipped runtime [3mkey[0m[2m=[0m("62ceaa11be9aaed1a968d69d4574531cc2753257d04d91a031ccaadf2616b9a5", TxPages, 0) [3mload_seconds[0m[2m=[0m0.261327765 [3mcheck_seconds[0m[2m=[0m0.065789 [3mrow[0m[2m=[0m920
[2m2026-10-07T21:46:49.597444Z[0m [32m INFO[0m [2mtransparent_shard_server::display::service[0m[2m:[0m display prewarm finished [3mwarm[0m[2m=[0m2 [3mtarget[0m[2m=[0m2 [3mseconds[0m[2m=[0m0.726874565 [3mmap[0m[2m=[0m16ab7cbef95013018b03b629b91431c97951efec7243c568e196cb0cc540260b
[2m2026-10-07T21:46:49.597469Z[0m [32m INFO[0m [2mtransparent_shard_server::display::live[0m[2m:[0m display publication prepared [3mmap[0m[2m=[0m16ab7cbef95013018b03b629b91431c97951efec7243c568e196cb0cc540260b [3mbuilt[0m[2m=[0m2 [3mseconds[0m[2m=[0m1.302966155
[2m2026-10-07T21:46:54.792385Z[0m [32m INFO[0m [2mtransparent_shard_server::runtime[0m[2m:[0m retired runtime memory reclaimed [3mrss_before[0m[2m=[0m147439616 [3mrss_after[0m[2m=[0m134717440
[2m2026-10-07T21:46:55.756375Z[0m [32m INFO[0m [2mtransparent_shard_server::runtime[0m[2m:[0m loaded shipped runtime [3mkey[0m[2m=[0m("f060a61ff098ce1490a9b62064d422c646fdb23f21d0e2982766aebf36dce2c9/directory-0", TxDirectory, 0) [3mload_seconds[0m[2m=[0m0.286106438 [3mcheck_seconds[0m[2m=[0m0.060981 [3mrow[0m[2m=[0m174
[2m2026-10-07T21:46:56.132287Z[0m [32m INFO[0m [2mtransparent_shard_server::runtime[0m[2m:[0m loaded shipped runtime [3mkey[0m[2m=[0m("f060a61ff098ce1490a9b62064d422c646fdb23f21d0e2982766aebf36dce2c9", TxPages, 0) [3mload_seconds[0m[2m=[0m0.264236556 [3mcheck_seconds[0m[2m=[0m0.067754 [3mrow[0m[2m=[0m762
[2m2026-10-07T21:46:56.132514Z[0m [32m INFO[0m [2mtransparent_shard_server::display::service[0m[2m:[0m display prewarm finished [3mwarm[0m[2m=[0m2 [3mtarget[0m[2m=[0m2 [3mseconds[0m[2m=[0m0.767175906 [3mmap[0m[2m=[0m86de928c11aab1b17d0b504491515152a0f1de190dfe2cb51096eee2dae49950
[2m2026-10-07T21:46:56.132553Z[0m [32m INFO[0m [2mtransparent_shard_server::display::live[0m[2m:[0m display publication prepared [3mmap[0m[2m=[0m86de928c11aab1b17d0b504491515152a0f1de190dfe2cb51096eee2dae49950 [3mbuilt[0m[2m=[0m2 [3mseconds[0m[2m=[0m1.346058629
[2m2026-10-07T21:47:01.808024Z[0m [32m INFO[0m [2mtransparent_shard_server::runtime[0m[2m:[0m retired runtime memory reclaimed [3mrss_before[0m[2m=[0m147451904 [3mrss_after[0m[2m=[0m134758400
[2m2026-10-07T21:47:03.049819Z[0m [32m INFO[0m [2mtransparent_shard_server::runtime[0m[2m:[0m loaded shipped runtime [3mkey[0m[2m=[0m("fccbbcc32927250c7bbc88c6c83564ffe0ad1235714429ad50c030419bf0aeba/directory-0", TxDirectory, 0) [3mload_seconds[0m[2m=[0m0.293358254 [3mcheck_seconds[0m[2m=[0m0.059081 [3mrow[0m[2m=[0m1465
[2m2026-10-07T21:47:03.508507Z[0m [32m INFO[0m [2mtransparent_shard_server::runtime[0m[2m:[0m loaded shipped runtime [3mkey[0m[2m=[0m("fccbbcc32927250c7bbc88c6c83564ffe0ad1235714429ad50c030419bf0aeba", TxPages, 0) [3mload_seconds[0m[2m=[0m0.343182401 [3mcheck_seconds[0m[2m=[0m0.065582 [3mrow[0m[2m=[0m476
[2m2026-10-07T21:47:03.508641Z[0m [32m INFO[0m [2mtransparent_shard_server::display::service[0m[2m:[0m display prewarm finished [3mwarm[0m[2m=[0m2 [3mtarget[0m[2m=[0m2 [3mseconds[0m[2m=[0m0.857204092 [3mmap[0m[2m=[0mc6930b4de434f6801726ee63959074246c65b8a508f3fee6a129e3ed8a833e3e
[2m2026-10-07T21:47:03.508676Z[0m [32m INFO[0m [2mtransparent_shard_server::display::live[0m[2m:[0m display publication prepared [3mmap[0m[2m=[0mc6930b4de434f6801726ee63959074246c65b8a508f3fee6a129e3ed8a833e3e [3mbuilt[0m[2m=[0m2 [3mseconds[0m[2m=[0m1.7081902169999998
[2m2026-10-07T21:47:09.345253Z[0m [32m INFO[0m [2mtransparent_shard_server::runtime[0m[2m:[0m retired runtime memory reclaimed [3mrss_before[0m[2m=[0m147460096 [3mrss_after[0m[2m=[0m134803456
[2m2026-10-07T21:47:10.247374Z[0m [32m INFO[0m [2mtransparent_shard_server::runtime[0m[2m:[0m loaded shipped runtime [3mkey[0m[2m=[0m("eaeb58e8d39c416b83b671f585feff6d44ec164fb7e41f699dd9f1f2ac88daf8/directory-0", TxDirectory, 0) [3mload_seconds[0m[2m=[0m0.251039855 [3mcheck_seconds[0m[2m=[0m0.060433 [3mrow[0m[2m=[0m988
[2m2026-10-07T21:47:10.612782Z[0m [32m INFO[0m [2mtransparent_shard_server::runtime[0m[2m:[0m loaded shipped runtime [3mkey[0m[2m=[0m("eaeb58e8d39c416b83b671f585feff6d44ec164fb7e41f699dd9f1f2ac88daf8", TxPages, 0) [3mload_seconds[0m[2m=[0m0.255705616 [3mcheck_seconds[0m[2m=[0m0.062755 [3mrow[0m[2m=[0m324
[2m2026-10-07T21:47:10.612930Z[0m [32m INFO[0m [2mtransparent_shard_server::display::service[0m[2m:[0m display prewarm finished [3mwarm[0m[2m=[0m2 [3mtarget[0m[2m=[0m2 [3mseconds[0m[2m=[0m0.729719182 [3mmap[0m[2m=[0m35d1713487906b01c2dcff76c606b3dfd5b70519b10db5fabb4aad7292e342de
[2m2026-10-07T21:47:10.612986Z[0m [32m INFO[0m [2mtransparent_shard_server::display::live[0m[2m:[0m display publication prepared [3mmap[0m[2m=[0m35d1713487906b01c2dcff76c606b3dfd5b70519b10db5fabb4aad7292e342de [3mbuilt[0m[2m=[0m2 [3mseconds[0m[2m=[0m1.273948087
[2m2026-10-07T21:47:15.929316Z[0m [32m INFO[0m [2mtransparent_shard_server::runtime[0m[2m:[0m retired runtime memory reclaimed [3mrss_before[0m[2m=[0m146456576 [3mrss_after[0m[2m=[0m118083584
[2m2026-10-07T21:47:16.893709Z[0m [32m INFO[0m [2mtransparent_shard_server::runtime[0m[2m:[0m loaded shipped runtime [3mkey[0m[2m=[0m("917110d9b6b5171ae899fdbd0569de9b3ff34e729c305397777e40c1c4a044f4/directory-0", TxDirectory, 0) [3mload_seconds[0m[2m=[0m0.271946575 [3mcheck_seconds[0m[2m=[0m0.059871 [3mrow[0m[2m=[0m937
[2m2026-10-07T21:47:17.268635Z[0m [32m INFO[0m [2mtransparent_shard_server::runtime[0m[2m:[0m loaded shipped runtime [3mkey[0m[2m=[0m("917110d9b6b5171ae899fdbd0569de9b3ff34e729c305397777e40c1c4a044f4", TxPages, 0) [3mload_seconds[0m[2m=[0m0.256748872 [3mcheck_seconds[0m[2m=[0m0.067244 [3mrow[0m[2m=[0m798
[2m2026-10-07T21:47:17.268758Z[0m [32m INFO[0m [2mtransparent_shard_server::display::service[0m[2m:[0m display prewarm finished [3mwarm[0m[2m=[0m2 [3mtarget[0m[2m=[0m2 [3mseconds[0m[2m=[0m0.75099237 [3mmap[0m[2m=[0m810189f2fb8fad2be2d8a39fe67b1cde0ff63b04808b55f906564f3c04a9879f
[2m2026-10-07T21:47:17.268811Z[0m [32m INFO[0m [2mtransparent_shard_server::display::live[0m[2m:[0m display publication prepared [3mmap[0m[2m=[0m810189f2fb8fad2be2d8a39fe67b1cde0ff63b04808b55f906564f3c04a9879f [3mbuilt[0m[2m=[0m2 [3mseconds[0m[2m=[0m1.346432875
[2m2026-10-07T21:47:22.317936Z[0m [32m INFO[0m [2mtransparent_shard_server::runtime[0m[2m:[0m retired runtime memory reclaimed [3mrss_before[0m[2m=[0m130752512 [3mrss_after[0m[2m=[0m126537728
[2m2026-10-07T21:47:23.252062Z[0m [32m INFO[0m [2mtransparent_shard_server::runtime[0m[2m:[0m loaded shipped runtime [3mkey[0m[2m=[0m("195a2574d312d7d28543adb48a305264ccb06d3d17e98b7921defe6afae67dbd/directory-0", TxDirectory, 0) [3mload_seconds[0m[2m=[0m0.258243885 [3mcheck_seconds[0m[2m=[0m0.059767 [3mrow[0m[2m=[0m1084
[2m2026-10-07T21:47:23.648829Z[0m [32m INFO[0m [2mtransparent_shard_server::runtime[0m[2m:[0m loaded shipped runtime [3mkey[0m[2m=[0m("195a2574d312d7d28543adb48a305264ccb06d3d17e98b7921defe6afae67dbd", TxPages, 0) [3mload_seconds[0m[2m=[0m0.267380866 [3mcheck_seconds[0m[2m=[0m0.074802 [3mrow[0m[2m=[0m677
[2m2026-10-07T21:47:23.648932Z[0m [32m INFO[0m [2mtransparent_shard_server::display::service[0m[2m:[0m display prewarm finished [3mwarm[0m[2m=[0m2 [3mtarget[0m[2m=[0m2 [3mseconds[0m[2m=[0m0.759731282 [3mmap[0m[2m=[0m70e8fe7c8eac83367bbca7f096e2f832910771ef2baff01171347918def3ca46
[2m2026-10-07T21:47:23.648952Z[0m [32m INFO[0m [2mtransparent_shard_server::display::live[0m[2m:[0m display publication prepared [3mmap[0m[2m=[0m70e8fe7c8eac83367bbca7f096e2f832910771ef2baff01171347918def3ca46 [3mbuilt[0m[2m=[0m2 [3mseconds[0m[2m=[0m1.337615192
[2m2026-10-07T21:47:28.845797Z[0m [32m INFO[0m [2mtransparent_shard_server::runtime[0m[2m:[0m retired runtime memory reclaimed [3mrss_before[0m[2m=[0m147755008 [3mrss_after[0m[2m=[0m126554112
[2m2026-10-07T21:47:29.838579Z[0m [32m INFO[0m [2mtransparent_shard_server::runtime[0m[2m:[0m loaded shipped runtime [3mkey[0m[2m=[0m("a1837ed5625d4af9941f2323bb66e64cf01a4fefa72c7bc503a09a8ab479f95d/directory-0", TxDirectory, 0) [3mload_seconds[0m[2m=[0m0.280880184 [3mcheck_seconds[0m[2m=[0m0.058537 [3mrow[0m[2m=[0m1779
[2m2026-10-07T21:47:30.238625Z[0m [32m INFO[0m [2mtransparent_shard_server::runtime[0m[2m:[0m loaded shipped runtime [3mkey[0m[2m=[0m("a1837ed5625d4af9941f2323bb66e64cf01a4fefa72c7bc503a09a8ab479f95d", TxPages, 0) [3mload_seconds[0m[2m=[0m0.273965822 [3mcheck_seconds[0m[2m=[0m0.064097 [3mrow[0m[2m=[0m623
[2m2026-10-07T21:47:30.238751Z[0m [32m INFO[0m [2mtransparent_shard_server::display::service[0m[2m:[0m display prewarm finished [3mwarm[0m[2m=[0m2 [3mtarget[0m[2m=[0m2 [3mseconds[0m[2m=[0m0.787729218 [3mmap[0m[2m=[0m590b32aee65daa904f8bc8c76646e52382d2722cc77b3b1ff23f248f1b518861
[2m2026-10-07T21:47:30.238790Z[0m [32m INFO[0m [2mtransparent_shard_server::display::live[0m[2m:[0m display publication prepared [3mmap[0m[2m=[0m590b32aee65daa904f8bc8c76646e52382d2722cc77b3b1ff23f248f1b518861 [3mbuilt[0m[2m=[0m2 [3mseconds[0m[2m=[0m1.403388958
