2026-09-11T07:35:19.227027Z  INFO transparent_shard_server::runtime::disk: runtime disk collection stages lock_wait_seconds=5.4761e-5 pruning_seconds=0.00016583 freed_bytes=0
2026-09-11T07:35:19.227193Z  INFO transparent_shard_server::live: publication collection stages snapshot_seconds=0.000408506 disk_seconds=0.000286045 directory_seconds=0.000106591 disk_freed_bytes=0
2026-09-11T07:35:22.014320Z  INFO transparent_shard_server::runtime: retired runtime memory reclaimed rss_before=4860624896 rss_after=4391895040
2026-09-11T07:35:33.506783Z  INFO transparent_shard_server::service: prewarm finished warm=28 target=28 failed=0 seconds=10.246405873
2026-09-11T07:35:33.506845Z  INFO transparent_shard_server::live: publication preparation stages map=5ddb7110734d420a491bf3cd1acdad1faa8f62ae0928375def1badbba14301ae loading_seconds=1.43030054 warming_seconds=10.246480841
2026-09-11T07:35:41.190318Z  INFO transparent_shard_server::runtime::disk: runtime disk collection stages lock_wait_seconds=2.7644e-5 pruning_seconds=0.000119753 freed_bytes=0
2026-09-11T07:35:41.190447Z  INFO transparent_shard_server::live: publication collection stages snapshot_seconds=0.000105414 disk_seconds=0.000209994 directory_seconds=7.7033e-5 disk_freed_bytes=0
2026-09-11T07:35:42.953876Z  INFO transparent_shard_server::runtime: retired runtime memory reclaimed rss_before=4966416384 rss_after=4545056768
2026-09-11T07:35:50.906774Z  INFO transparent_shard_server::service: prewarm finished warm=28 target=28 failed=0 seconds=7.01988834
2026-09-11T07:35:50.906826Z  INFO transparent_shard_server::live: publication preparation stages map=c0460f1aa9d67133fb814120afe2ea54dfb41e267ccfd1d76e070720808670a5 loading_seconds=0.994525547 warming_seconds=7.019957765
2026-09-11T07:38:47.814056Z  INFO transparent_shard_server::runtime::disk: runtime disk collection stages lock_wait_seconds=4.0202e-5 pruning_seconds=0.000121612 freed_bytes=0
2026-09-11T07:38:47.814220Z  INFO transparent_shard_server::live: publication collection stages snapshot_seconds=0.000244877 disk_seconds=0.000228074 directory_seconds=0.000105018 disk_freed_bytes=0
2026-09-11T07:38:50.216061Z  INFO transparent_shard_server::runtime: retired runtime memory reclaimed rss_before=5033267200 rss_after=4667879424
2026-09-11T07:38:58.124420Z  INFO transparent_shard_server::service: prewarm finished warm=28 target=28 failed=0 seconds=6.931401198
2026-09-11T07:38:58.124493Z  INFO transparent_shard_server::live: publication preparation stages map=ff3f5b6b4072f2d9d46599eba9c6fe3bd179d6284d5f2a6db496110e51e90010 loading_seconds=1.049453121 warming_seconds=6.931488993
2026-09-11T07:39:45.741058Z  INFO transparent_shard_server::runtime::disk: runtime disk collection stages lock_wait_seconds=4.5223e-5 pruning_seconds=0.000352314 freed_bytes=268370048
2026-09-11T07:39:45.754342Z  INFO transparent_shard_server::live: publication collection stages snapshot_seconds=0.017600572 disk_seconds=0.000500223 directory_seconds=0.013184736 disk_freed_bytes=268370048
2026-09-11T07:39:47.339976Z  INFO transparent_shard_server::runtime: retired runtime memory reclaimed rss_before=5142409216 rss_after=4613885952
2026-09-11T07:39:55.158521Z  INFO transparent_shard_server::service: prewarm finished warm=28 target=28 failed=0 seconds=6.937498249
2026-09-11T07:39:55.158606Z  INFO transparent_shard_server::live: publication preparation stages map=2bd0a407e2b19132c47b9add90ffc45cd8a32e2c4fea6305e945cd4905e7fc47 loading_seconds=0.955794842 warming_seconds=6.937608748
2026-09-11T07:40:57.897664Z  INFO transparent_shard_server::runtime::disk: runtime disk collection stages lock_wait_seconds=4.1528e-5 pruning_seconds=0.000260354 freed_bytes=268370048
2026-09-11T07:40:57.920718Z  INFO transparent_shard_server::live: publication collection stages snapshot_seconds=0.001099184 disk_seconds=0.000357771 directory_seconds=0.022994836 disk_freed_bytes=268370048
2026-09-11T07:40:59.681337Z  INFO transparent_shard_server::runtime: retired runtime memory reclaimed rss_before=5162528768 rss_after=4611080192
2026-09-11T07:41:10.540769Z  INFO transparent_shard_server::service: prewarm finished warm=28 target=28 failed=0 seconds=9.796023164
2026-09-11T07:41:10.542152Z  INFO transparent_shard_server::live: publication preparation stages map=8dbfc423867ebed4c4bd17dd6a783b77c37f616e719c9edfcfaa1fe72d6f92ca loading_seconds=1.153778027 warming_seconds=9.797417785
2026-09-11T07:42:12.291198Z  INFO transparent_shard_server::runtime::disk: runtime disk collection stages lock_wait_seconds=4.5797e-5 pruning_seconds=0.000308187 freed_bytes=268370048
2026-09-11T07:42:12.306522Z  INFO transparent_shard_server::live: publication collection stages snapshot_seconds=0.001255813 disk_seconds=0.000539749 directory_seconds=0.015259712 disk_freed_bytes=268370048
2026-09-11T07:42:14.557818Z  INFO transparent_shard_server::runtime: retired runtime memory reclaimed rss_before=5187293184 rss_after=4606169088
2026-09-11T07:42:22.102099Z  INFO transparent_shard_server::service: prewarm finished warm=28 target=28 failed=0 seconds=6.731285254
2026-09-11T07:42:22.102176Z  INFO transparent_shard_server::live: publication preparation stages map=1bc6b8299ea39f9e51427bbc2245a5117cfccf6daf3299067d76c0575e4f1dab loading_seconds=0.891260571 warming_seconds=6.73139891
2026-09-11T07:43:09.572682Z  INFO transparent_shard_server::runtime::disk: runtime disk collection stages lock_wait_seconds=3.3235e-5 pruning_seconds=0.000470024 freed_bytes=268370048
2026-09-11T07:43:09.584176Z  INFO transparent_shard_server::live: publication collection stages snapshot_seconds=0.00083888 disk_seconds=0.000561153 directory_seconds=0.011434584 disk_freed_bytes=268370048
2026-09-11T07:43:11.020028Z  INFO transparent_shard_server::runtime: retired runtime memory reclaimed rss_before=5155475456 rss_after=4609810432
2026-09-11T07:43:20.496208Z  INFO transparent_shard_server::service: prewarm finished warm=28 target=28 failed=0 seconds=8.496411066
2026-09-11T07:43:20.496283Z  INFO transparent_shard_server::live: publication preparation stages map=b405361b173e07cc310a1dca963588b61161b3217b3e81765d1c66352acfc0a0 loading_seconds=1.050440111 warming_seconds=8.496514377
2026-09-11T07:43:39.348450Z  INFO transparent_shard_server::runtime::disk: runtime disk collection stages lock_wait_seconds=3.845e-5 pruning_seconds=0.000428589 freed_bytes=268370048
2026-09-11T07:43:39.360866Z  INFO transparent_shard_server::live: publication collection stages snapshot_seconds=0.001018647 disk_seconds=0.000542759 directory_seconds=0.012339829 disk_freed_bytes=268370048
2026-09-11T07:43:41.800321Z  INFO transparent_shard_server::runtime: retired runtime memory reclaimed rss_before=5101469696 rss_after=4630102016
2026-09-11T07:43:49.430456Z  INFO transparent_shard_server::service: prewarm finished warm=28 target=28 failed=0 seconds=6.82836109
2026-09-11T07:43:49.430525Z  INFO transparent_shard_server::live: publication preparation stages map=0676342c1eafa37d8391c2d4cce1aa8826f5901c9fe1ced543a17e2534bdc69a loading_seconds=0.861837871 warming_seconds=6.828451621
2026-09-11T07:45:18.590897Z  INFO transparent_shard_server::runtime::disk: runtime disk collection stages lock_wait_seconds=5.971e-5 pruning_seconds=0.000335182 freed_bytes=268370048
2026-09-11T07:45:18.605284Z  INFO transparent_shard_server::live: publication collection stages snapshot_seconds=0.001731417 disk_seconds=0.000468956 directory_seconds=0.014313307 disk_freed_bytes=268370048
2026-09-11T07:45:21.234509Z  INFO transparent_shard_server::runtime: retired runtime memory reclaimed rss_before=5180121088 rss_after=4600201216
2026-09-11T07:45:29.631530Z  INFO transparent_shard_server::service: prewarm finished warm=28 target=28 failed=0 seconds=7.361456917
2026-09-11T07:45:29.632429Z  INFO transparent_shard_server::live: publication preparation stages map=f7fe66427c5d665b757538b1cafa647dc096552a90881b01ce6c500d8a192190 loading_seconds=1.141367992 warming_seconds=7.362371989
2026-09-11T07:45:33.613534Z  INFO transparent_shard_server::runtime::disk: runtime disk collection stages lock_wait_seconds=5.3452e-5 pruning_seconds=0.000322309 freed_bytes=268370048
2026-09-11T07:45:33.624754Z  INFO transparent_shard_server::live: publication collection stages snapshot_seconds=0.000888055 disk_seconds=0.000427033 directory_seconds=0.011165072 disk_freed_bytes=268370048
2026-09-11T07:45:35.169170Z  INFO transparent_shard_server::runtime: retired runtime memory reclaimed rss_before=5252599808 rss_after=4686323712
2026-09-11T07:45:43.192609Z  INFO transparent_shard_server::service: prewarm finished warm=28 target=28 failed=0 seconds=7.0757037799999996
2026-09-11T07:45:43.192667Z  INFO transparent_shard_server::live: publication preparation stages map=de93e0029a6176eedb5f25d15038afc1752005094d5083690281954640fcf105 loading_seconds=1.035892129 warming_seconds=7.075781895
2026-09-11T07:46:16.846563Z  INFO transparent_shard_server::runtime::disk: runtime disk collection stages lock_wait_seconds=4.1719e-5 pruning_seconds=0.000260294 freed_bytes=268370048
2026-09-11T07:46:16.866738Z  INFO transparent_shard_server::live: publication collection stages snapshot_seconds=0.001098286 disk_seconds=0.000369261 directory_seconds=0.020102592 disk_freed_bytes=268370048
2026-09-11T07:46:18.278222Z  INFO transparent_shard_server::runtime: retired runtime memory reclaimed rss_before=5301202944 rss_after=4657696768
2026-09-11T07:46:27.455666Z  INFO transparent_shard_server::service: prewarm finished warm=28 target=28 failed=0 seconds=7.026738853
2026-09-11T07:46:27.455738Z  INFO transparent_shard_server::live: publication preparation stages map=642374888308ce157ac3dbde10e0fabb2679363749f16499fccc1d435dd66c65 loading_seconds=2.253833381 warming_seconds=7.02682734
2026-09-11T07:47:08.777178Z  INFO transparent_shard_server::runtime::disk: runtime disk collection stages lock_wait_seconds=4.5761e-5 pruning_seconds=0.00032715 freed_bytes=268370048
2026-09-11T07:47:08.801506Z  INFO transparent_shard_server::live: publication collection stages snapshot_seconds=0.001330184 disk_seconds=0.003542961 directory_seconds=0.0211555 disk_freed_bytes=268370048
2026-09-11T07:47:11.319145Z  INFO transparent_shard_server::runtime: retired runtime memory reclaimed rss_before=5289172992 rss_after=4653142016
2026-09-11T07:47:19.226115Z  INFO transparent_shard_server::service: prewarm finished warm=28 target=28 failed=0 seconds=6.900939543
2026-09-11T07:47:19.226201Z  INFO transparent_shard_server::live: publication preparation stages map=4ca5cd46128887ab91f710a624ff2b39e85dab277d43069bdf0621d29c981bd0 loading_seconds=1.107037851 warming_seconds=6.901049353
2026-09-11T07:47:33.990626Z  INFO transparent_shard_server::runtime::disk: runtime disk collection stages lock_wait_seconds=4.0402e-5 pruning_seconds=0.000309309 freed_bytes=268370048
2026-09-11T07:47:34.011110Z  INFO transparent_shard_server::live: publication collection stages snapshot_seconds=0.001170826 disk_seconds=0.0004153 directory_seconds=0.020418174 disk_freed_bytes=268370048
2026-09-11T07:47:35.533420Z  INFO transparent_shard_server::runtime: retired runtime memory reclaimed rss_before=5090631680 rss_after=4666658816
2026-09-11T07:47:43.717808Z  INFO transparent_shard_server::service: prewarm finished warm=28 target=28 failed=0 seconds=6.998841756
2026-09-11T07:47:43.717861Z  INFO transparent_shard_server::live: publication preparation stages map=c487fb587daab3c866a50b107d6cfc28384664b3eeb9654c26598572c819814b loading_seconds=1.256416505 warming_seconds=6.998908548
2026-09-11T07:48:18.413853Z  INFO transparent_shard_server::runtime::disk: runtime disk collection stages lock_wait_seconds=3.8914e-5 pruning_seconds=0.000327721 freed_bytes=268370048
2026-09-11T07:48:18.429447Z  INFO transparent_shard_server::live: publication collection stages snapshot_seconds=0.000964915 disk_seconds=0.000428636 directory_seconds=0.015531252 disk_freed_bytes=268370048
2026-09-11T07:48:20.572514Z  INFO transparent_shard_server::runtime: retired runtime memory reclaimed rss_before=5182455808 rss_after=4663713792
2026-09-11T07:48:29.459086Z  INFO transparent_shard_server::service: prewarm finished warm=28 target=28 failed=0 seconds=7.972034915
2026-09-11T07:48:29.459188Z  INFO transparent_shard_server::live: publication preparation stages map=64589d09767020b5ad3027157b69620a28f9dbc0b5bdac6f927c886a88112f3c loading_seconds=0.972340396 warming_seconds=7.972153466
2026-09-11T07:49:12.282998Z  INFO transparent_shard_server::runtime::disk: runtime disk collection stages lock_wait_seconds=4.7195e-5 pruning_seconds=0.000282285 freed_bytes=268370048
2026-09-11T07:49:12.295578Z  INFO transparent_shard_server::live: publication collection stages snapshot_seconds=0.001329925 disk_seconds=0.000396106 directory_seconds=0.012513135 disk_freed_bytes=268370048
2026-09-11T07:49:13.945990Z  INFO transparent_shard_server::runtime: retired runtime memory reclaimed rss_before=5156433920 rss_after=4624236544
2026-09-11T07:49:23.395268Z  INFO transparent_shard_server::service: prewarm finished warm=28 target=28 failed=0 seconds=8.487046875
2026-09-11T07:49:23.395336Z  INFO transparent_shard_server::live: publication preparation stages map=8db6eb2120108aefaa69d0005fc5cc8769b476cbfafb5483167995df438adff7 loading_seconds=1.032917222 warming_seconds=8.487148109
2026-09-11T07:49:29.534836Z  INFO transparent_shard_server::runtime::disk: runtime disk collection stages lock_wait_seconds=4.8542e-5 pruning_seconds=0.000423296 freed_bytes=268370048
2026-09-11T07:49:29.562033Z  INFO transparent_shard_server::live: publication collection stages snapshot_seconds=0.001586182 disk_seconds=0.00054736 directory_seconds=0.02712097 disk_freed_bytes=268370048
2026-09-11T07:49:31.945166Z  INFO transparent_shard_server::runtime: retired runtime memory reclaimed rss_before=5225418752 rss_after=4711321600
2026-09-11T07:49:40.032155Z  INFO transparent_shard_server::service: prewarm finished warm=28 target=28 failed=0 seconds=7.015486994
2026-09-11T07:49:40.032214Z  INFO transparent_shard_server::live: publication preparation stages map=35a517ae1eeea1878f84ab2938b39029cb46d84834816ae90eba77e3c103b8cf loading_seconds=1.151095198 warming_seconds=7.015567355
