   Compiling enhance-pir v0.0.1 (/Users/roman/projects/wallet-pir/enhance/crates/enhance-pir)
warning: unused import: `ITEM_SIZE_BITS`
 --> enhance/crates/enhance-pir/src/client.rs:3:28
  |
3 | use crate::{EnhanceRecord, ITEM_SIZE_BITS, RECORDS_PER_ROW, RECORD_BYTES, ROW_BYTES};
  |                            ^^^^^^^^^^^^^^
  |
  = note: `#[warn(unused_imports)]` (part of `#[warn(unused)]`) on by default

warning: unused imports: `published_c1_len`, `recover_published_c1`, and `response_body_len`
 --> enhance/crates/enhance-pir/src/client.rs:5:31
  |
5 | use ipir_sp::modulus_switch::{published_c1_len, recover_published_c1, response_body_len};
  |                               ^^^^^^^^^^^^^^^^  ^^^^^^^^^^^^^^^^^^^^  ^^^^^^^^^^^^^^^^^

warning: unused import: `ipir_sp::serialize::serialize_packing_keys`
 --> enhance/crates/enhance-pir/src/client.rs:6:5
  |
6 | use ipir_sp::serialize::serialize_packing_keys;
  |     ^^^^^^^^^^^^^^^^^^^^^^^^^^^^^^^^^^^^^^^^^^

warning: unused imports: `IPIRClient` and `IPIRSeed`
 --> enhance/crates/enhance-pir/src/client.rs:7:15
  |
7 | use ipir_sp::{IPIRClient, IPIRSeed, YpirSchemeParams};
  |               ^^^^^^^^^^  ^^^^^^^^

   Compiling enhance-pir-server v0.0.1 (/Users/roman/projects/wallet-pir/enhance/services/enhance-pir-server)
warning: `enhance-pir` (lib) generated 4 warnings (run `cargo fix --lib -p enhance-pir` to apply 4 suggestions)
warning: unused import: `deserialize_first_dim_query`
 --> enhance/services/enhance-pir-server/src/runtime.rs:3:61
  |
3 |     add_crs_blocks_assign_mod, add_intermediate_assign_mod, deserialize_first_dim_query,
  |                                                             ^^^^^^^^^^^^^^^^^^^^^^^^^^^
  |
  = note: `#[warn(unused_imports)]` (part of `#[warn(unused)]`) on by default

warning: unused imports: `QueryPackPreprocessed` and `TopKeyImages`
  --> enhance/services/enhance-pir-server/src/runtime.rs:12:17
   |
12 | use inspiring::{QueryPackPreprocessed, RlweParams, TopKeyImages};
   |                 ^^^^^^^^^^^^^^^^^^^^^              ^^^^^^^^^^^^

warning: unused imports: `deserialize_packing_keys` and `serialized_packing_keys_len`
  --> enhance/services/enhance-pir-server/src/runtime.rs:13:26
   |
13 | use ipir_sp::serialize::{deserialize_packing_keys, serialized_packing_keys_len};
   |                          ^^^^^^^^^^^^^^^^^^^^^^^^  ^^^^^^^^^^^^^^^^^^^^^^^^^^^

warning: unused imports: `build_pack_preprocessed_blocks`, `pack_intermediate_blocks`, and `published_c1_rows`
  --> enhance/services/enhance-pir-server/src/runtime.rs:15:5
   |
15 |     build_pack_preprocessed_blocks, pack_intermediate_blocks, published_c1_rows, CrsBlock,
   |     ^^^^^^^^^^^^^^^^^^^^^^^^^^^^^^  ^^^^^^^^^^^^^^^^^^^^^^^^  ^^^^^^^^^^^^^^^^^

warning: unused import: `ipir_sp::YpirSchemeParams`
  --> enhance/services/enhance-pir-server/src/runtime.rs:17:5
   |
17 | use ipir_sp::YpirSchemeParams;
   |     ^^^^^^^^^^^^^^^^^^^^^^^^^

warning: unused variable: `rlwe`
   --> enhance/services/enhance-pir-server/src/ipir.rs:286:28
    |
286 |     pub fn evaluate(&self, rlwe: &RlweParams, query: &[u64]) -> Result<Vec<u64>, InspiringError> {
    |                            ^^^^ help: if this is intentional, prefix it with an underscore: `_rlwe`
    |
    = note: `#[warn(unused_variables)]` (part of `#[warn(unused)]`) on by default

warning: `enhance-pir-server` (lib) generated 6 warnings (run `cargo fix --lib -p enhance-pir-server` to apply 5 suggestions)
    Finished `test` profile [optimized + debuginfo] target(s) in 11.31s
     Running tests/packing_http.rs (target/debug/deps/packing_http-cec1063fbb644664)

running 1 test
QUALIFICATION {"elapsed_seconds":14.04805325,"p50_seconds":0.024759166,"p95_seconds":0.0265855,"p99_seconds":0.0265855,"publication":1,"records":100,"router":{"active_digest":"eea2165fdd56a59bfc00f469d466a2c13cccb84b3d18a3b786d37217a9231223","available_requests":4,"control_version":3,"controller_epoch":1,"incarnation":"e572de20da0243aadf44939b9310d0c8","outstanding":{"http://127.0.0.1:53018":0,"http://127.0.0.1:53019":0,"http://127.0.0.1:53020":0},"packing_charged_bytes":1610612736,"preferred_workers":{"http://127.0.0.1:53020":true},"protocol":"ironwood-enhance-pir-v8-native-poc","ready":true,"resident_objects":2},"verified":6}
QUALIFICATION slow_upload_disconnect=passed clients=20
QUALIFICATION_COMPLETE records=67 publications=1 watchdog=passed restart=false revocation=passed
test extracted_path_preserves_wallet_answers_and_pool_replication ... ok

test result: ok. 1 passed; 0 failed; 0 ignored; 0 measured; 0 filtered out; finished in 46.48s

