   Compiling proc-macro2 v1.0.106
   Compiling unicode-ident v1.0.24
   Compiling quote v1.0.45
   Compiling syn v2.0.117
   Compiling cfg-if v1.0.4
   Compiling libc v0.2.184
   Compiling serde_core v1.0.228
   Compiling typenum v1.19.0
   Compiling subtle v2.6.1
   Compiling version_check v0.9.5
   Compiling serde v1.0.228
   Compiling generic-array v0.14.7
   Compiling serde_derive v1.0.228
   Compiling crypto-common v0.1.7
   Compiling memchr v2.8.0
   Compiling zeroize_derive v1.5.0
   Compiling zeroize v1.8.2
   Compiling getrandom v0.2.17
   Compiling once_cell v1.21.4
   Compiling pin-project-lite v0.2.17
   Compiling cpufeatures v0.2.17
   Compiling crossbeam-utils v0.8.22
   Compiling crossbeam-epoch v0.9.20
   Compiling log v0.4.29
   Compiling crossbeam-deque v0.8.7
   Compiling itoa v1.0.18
   Compiling rand_core v0.6.4
   Compiling rayon-core v1.13.0
   Compiling find-msvc-tools v0.1.9
   Compiling either v1.15.0
   Compiling shlex v1.3.0
   Compiling cc v1.2.59
   Compiling block-buffer v0.10.4
   Compiling hex v0.4.3
   Compiling smallvec v1.15.1
   Compiling digest v0.10.7
   Compiling tracing-core v0.1.36
   Compiling synstructure v0.13.2
   Compiling futures-core v0.3.32
   Compiling constant_time_eq v0.4.2
   Compiling arrayvec v0.7.6
   Compiling rayon v1.12.0
   Compiling tracing-attributes v0.1.31
   Compiling memuse v0.2.2
   Compiling rand_core v0.10.1
   Compiling radium v0.7.0
   Compiling tracing v0.1.44
   Compiling zerofrom-derive v0.1.7
   Compiling arrayref v0.3.9
   Compiling tap v1.0.1
   Compiling bytes v1.11.1
   Compiling wyz v0.5.1
   Compiling blake2b_simd v1.0.4
   Compiling zerofrom v0.1.7
   Compiling yoke-derive v0.8.2
   Compiling bitflags v2.11.0
   Compiling funty v2.0.0
   Compiling stable_deref_trait v1.2.1
   Compiling parking_lot_core v0.9.12
   Compiling yoke v0.8.2
   Compiling bitvec v1.0.1
   Compiling futures-sink v0.3.32
   Compiling scopeguard v1.2.0
   Compiling zerocopy v0.8.48
   Compiling lock_api v0.4.14
   Compiling futures-channel v0.3.32
   Compiling ff v0.14.0
   Compiling sha2 v0.10.9
   Compiling zerovec-derive v0.11.3
   Compiling getrandom v0.4.2
   Compiling static_assertions v1.1.0
   Compiling zerovec v0.11.6
   Compiling parking_lot v0.12.5
   Compiling group v0.14.0
   Compiling errno v0.3.14
   Compiling displaydoc v0.2.5
   Compiling futures-macro v0.3.32
   Compiling zmij v1.0.21
   Compiling futures-task v0.3.32
   Compiling slab v0.4.12
   Compiling futures-io v0.3.34
   Compiling thiserror v2.0.18
   Compiling futures-util v0.3.32
   Compiling signal-hook-registry v1.4.8
   Compiling ppv-lite86 v0.2.21
   Compiling http v1.4.0
   Compiling socket2 v0.6.3
   Compiling mio v1.2.0
   Compiling tokio-macros v2.7.0
   Compiling thiserror-impl v2.0.18
   Compiling serde_json v1.0.149
   Compiling tokio v1.51.1
   Compiling http-body v1.0.1
   Compiling rand_chacha v0.3.1
   Compiling autocfg v1.5.0
   Compiling num-traits v0.2.19
   Compiling rand v0.8.5
   Compiling rand v0.10.2
   Compiling tinystr v0.8.3
   Compiling ring v0.17.14
   Compiling tower-service v0.3.3
   Compiling writeable v0.6.3
   Compiling litemap v0.8.2
   Compiling zakura-pasta-curves v1.0.1
   Compiling icu_locale_core v2.2.0
   Compiling zerotrie v0.2.4
   Compiling potential_utf v0.1.5
   Compiling maybe-rayon v0.1.1
   Compiling aho-corasick v1.1.4
   Compiling inout v0.1.4
   Compiling hybrid-array v0.2.3
   Compiling percent-encoding v2.3.2
   Compiling regex-syntax v0.8.10
   Compiling icu_properties_data v2.2.0
   Compiling icu_normalizer_data v2.2.0
   Compiling utf8_iter v1.0.4
   Compiling httparse v1.10.1
   Compiling icu_collections v2.2.0
   Compiling regex-automata v0.4.14
   Compiling cipher v0.4.4
   Compiling icu_provider v2.2.0
   Compiling rustls-pki-types v1.14.0
   Compiling heck v0.5.0
   Compiling tower-layer v0.3.3
   Compiling try-lock v0.2.5
   Compiling utf8parse v0.2.2
   Compiling fastrand v2.4.1
   Compiling untrusted v0.9.0
   Compiling thiserror v1.0.69
   Compiling anstyle-parse v1.0.0
   Compiling want v0.3.1
   Compiling block-buffer v0.11.0-rc.3
   Compiling crypto-common v0.2.0-rc.1
   Compiling zakura-pairing v1.0.1
   Compiling sync_wrapper v1.0.2
   Compiling sha1 v0.10.6
   Compiling thiserror-impl v1.0.69
   Compiling colorchoice v1.0.5
   Compiling anstyle v1.0.14
   Compiling is_terminal_polyfill v1.70.2
   Compiling base64 v0.22.1
   Compiling corez v0.1.1
   Compiling httpdate v1.0.3
   Compiling atomic-waker v1.1.2
   Compiling anstyle-query v1.1.5
   Compiling rustls v0.23.37
   Compiling anstream v1.0.0
   Compiling hyper v1.9.0
   Compiling digest v0.11.0-pre.9
   Compiling icu_normalizer v2.2.0
   Compiling icu_properties v2.2.0
   Compiling rustls-webpki v0.103.10
   Compiling form_urlencoded v1.2.2
   Compiling http-body-util v0.1.3
   Compiling secp256k1-sys v0.10.1
   Compiling byteorder v1.5.0
   Compiling litrs v1.0.0
   Compiling ipnet v2.12.0
   Compiling hyper-util v0.1.20
   Compiling document-features v0.2.12
   Compiling idna_adapter v1.2.1
   Compiling tower v0.5.3
   Compiling zakura-bls12-381 v1.0.1
   Compiling valar-spiral-rs v0.5.2 (https://github.com/valargroup/spiral-rs.git?rev=584fee3893b1d2d17b5d774c83bd801fb70d5ace#584fee38)
   Compiling regex v1.12.3
   Compiling universal-hash v0.5.1
   Compiling proc-macro-error-attr2 v2.0.0
   Compiling strsim v0.11.1
   Compiling clap_lex v1.1.0
   Compiling libm v0.2.16
   Compiling crunchy v0.2.4
   Compiling semver v1.0.28
   Compiling ryu v1.0.23
   Compiling bech32 v0.11.1
   Compiling nonempty v0.11.0
   Compiling opaque-debug v0.3.1
   Compiling poly1305 v0.8.0
   Compiling serde_urlencoded v0.7.1
   Compiling rustc_version v0.4.1
   Compiling clap_builder v4.6.0
   Compiling proc-macro-error2 v2.0.1
   Compiling env_filter v1.0.1
   Compiling inspiring v0.1.0 (https://github.com/valargroup/ipir-sp.git?rev=225972648cc2982abfac66ba5b7a3930b223051a#22597264)
   Compiling zakura-jubjub v1.0.1
   Compiling idna v1.1.0
   Compiling tokio-rustls v0.26.4
   Compiling clap_derive v4.6.0
   Compiling webpki-roots v1.0.6
   Compiling num-integer v0.1.46
   Compiling chacha20 v0.9.1
   Compiling bs58 v0.5.1
   Compiling zcash_spec v0.2.1
   Compiling aead v0.5.2
   Compiling syn v3.0.4
   Compiling iri-string v0.7.12
   Compiling ident_case v1.0.1
   Compiling jiff v0.2.23
   Compiling darling_core v0.23.0
   Compiling env_logger v0.11.10
   Compiling tower-http v0.6.8
   Compiling chacha20poly1305 v0.10.1
   Compiling zip32 v0.2.1
   Compiling num-bigint v0.4.6
   Compiling hyper-rustls v0.27.7
   Compiling clap v4.6.0
   Compiling secp256k1 v0.29.1
   Compiling url v2.5.8
   Compiling zakura-reddsa v1.0.1
   Compiling simplepir-kernel v0.1.0 (https://github.com/valargroup/ipir-sp.git?rev=225972648cc2982abfac66ba5b7a3930b223051a#22597264)
   Compiling getset v0.1.6
   Compiling curve25519-dalek v4.1.3
   Compiling zcash_encoding v0.4.0
   Compiling sha2 v0.11.0-pre.4
   Compiling hmac v0.13.0-pre.4
   Compiling ripemd v0.2.0-pre.4
   Compiling cbc v0.1.2
   Compiling rustversion v1.0.22
   Compiling crc32fast v1.5.1
   Compiling lazy_static v1.5.0
   Compiling zakura-halo2-legacy-pdqsort v1.0.1
   Compiling zakura-halo2-proofs v1.0.1
   Compiling fpe v0.6.1
   Compiling bip32 v0.6.0-pre.1
   Compiling zcash_protocol v0.10.5
   Compiling ipir-sp v0.1.0 (https://github.com/valargroup/ipir-sp.git?rev=225972648cc2982abfac66ba5b7a3930b223051a#22597264)
   Compiling reqwest v0.12.28
   Compiling zcash_note_encryption v0.4.2
   Compiling darling_macro v0.23.0
   Compiling zakura-sinsemilla v1.0.1
   Compiling zakura-halo2-poseidon v1.0.1
   Compiling aes v0.8.4
   Compiling bounded-vec v0.9.0
   Compiling f4jumble v0.1.1
   Compiling blake2s_simd v1.0.5
   Compiling ripemd v0.1.3
   Compiling incrementalmerkletree v0.8.2
   Compiling curve25519-dalek-derive v0.1.1
   Compiling rustix v0.38.44
   Compiling rustc-hex v2.1.0
   Compiling equihash v0.3.0
   Compiling rustix v1.1.4
   Compiling simd-adler32 v0.3.10
   Compiling adler2 v2.0.1
   Compiling ref-cast v1.0.27
   Compiling miniz_oxide v0.9.1
   Compiling fixed-hash v0.8.0
   Compiling zcash_script v0.4.5
   Compiling zakura-bellman v1.0.1
   Compiling zcash_address v0.13.0
   Compiling zakura-halo2-gadgets v1.0.1
   Compiling darling v0.23.0
   Compiling uint v0.9.5
   Compiling zakura-redjubjub v1.0.1
   Compiling ref-cast-impl v1.0.27
   Compiling serde_derive_internals v0.30.0
   Compiling linux-raw-sys v0.4.15
   Compiling equivalent v1.0.2
   Compiling foldhash v0.2.0
   Compiling procfs v0.16.0
   Compiling option-ext v0.2.0
   Compiling allocator-api2 v0.2.21
   Compiling linux-raw-sys v0.12.1
   Compiling signature v2.2.0
   Compiling ed25519 v2.2.3
   Compiling hashbrown v0.16.1
   Compiling dirs-sys v0.5.0
   Compiling schemars_derive v1.2.2
   Compiling zakura-sapling-crypto v1.0.1
   Compiling primitive-types v0.12.2
   Compiling flate2 v1.1.10
   Compiling serde_with_macros v3.22.0
   Compiling zakura-orchard v1.0.1
   Compiling zcash_transparent v0.10.0
   Compiling enhance-pir v0.1.0 (/clean-candidate/enhance/crates/enhance-pir)
   Compiling strum_macros v0.27.2
   Compiling futures-executor v0.3.32
   Compiling procfs-core v0.16.0
   Compiling crossbeam-channel v0.5.16
   Compiling nom v8.0.0
   Compiling async-trait v0.1.89
   Compiling mime v0.3.17
   Compiling iana-time-zone v0.1.65
   Compiling dyn-clone v1.0.20
   Compiling humantime v2.4.0
   Compiling prometheus v0.13.4
   Compiling schemars v1.2.2
   Compiling chrono v0.4.45
   Compiling axum-core v0.4.5
   Compiling hdrhistogram v7.6.0
   Compiling futures v0.3.32
   Compiling strum v0.27.2
   Compiling zakura-primitives v1.0.1
   Compiling serde_with v3.22.0
   Compiling zcash_history v0.5.0
   Compiling dirs v6.0.0
   Compiling ed25519-zebra v4.2.0
   Compiling tempfile v3.27.0
   Compiling x25519-dalek v2.0.1
   Compiling sharded-slab v0.1.7
   Compiling uint v0.10.1
   Compiling matchers v0.2.0
   Compiling bitflags-serde-legacy v0.1.1
   Compiling tracing-log v0.2.0
   Compiling itertools v0.14.0
   Compiling serde_path_to_error v0.1.20
   Compiling serde-big-array v0.5.1
   Compiling thread_local v1.1.9
   Compiling derive-getters v0.5.0
   Compiling nu-ansi-term v0.50.3
   Compiling fnv v1.0.7
   Compiling matchit v0.7.3
   Compiling anyhow v1.0.102
   Compiling axum v0.7.9
   Compiling tracing-subscriber v0.3.23
   Compiling zakura-chain v6.0.0 (https://github.com/zakura-core/zakura.git?rev=1faf150fc3648aae22c55a6b30f8f5a9b9ce934e#1faf150f)
   Compiling arc-swap v1.9.1
   Compiling transparent-spend-pir v0.1.0 (/clean-candidate/enhance/crates/transparent-spend-pir)
   Compiling tower-http v0.5.2
   Compiling tokio-stream v0.1.19
   Compiling sysinfo v0.36.1
   Compiling enhance-pir-server v0.1.0 (/clean-candidate/enhance/services/enhance-pir-server)
   Compiling enhance-pir-load-test v0.1.0 (/clean-candidate/enhance/tools/loadtest)
    Finished `release` profile [optimized] target(s) in 11m 33s
