{"event": "fleet_command", "tool": "ssh", "seconds": 0.034417, "exit_code": 0}
{"event": "fleet_command", "tool": "ssh", "seconds": 0.015969, "exit_code": 0}
{"event": "fleet_command", "tool": "ssh", "seconds": 0.033543, "exit_code": 0}
{"event": "fleet_command", "tool": "ssh", "seconds": 0.014845, "exit_code": 0}
{"event": "fleet_command", "tool": "ssh", "seconds": 0.037463, "exit_code": 0}
{"event": "fleet_command", "tool": "ssh", "seconds": 0.017173, "exit_code": 0}
Traceback (most recent call last):
  File "/opt/transparent-publisher/observe-transparent-hardening.py", line 231, in <module>
    main()
  File "/opt/transparent-publisher/observe-transparent-hardening.py", line 228, in main
    asyncio.run(observe(parser.parse_args()))
  File "/usr/lib/python3.12/asyncio/runners.py", line 194, in run
    return runner.run(main)
           ^^^^^^^^^^^^^^^^
  File "/usr/lib/python3.12/asyncio/runners.py", line 118, in run
    return self._loop.run_until_complete(task)
           ^^^^^^^^^^^^^^^^^^^^^^^^^^^^^^^^^^^
  File "/usr/lib/python3.12/asyncio/base_events.py", line 687, in run_until_complete
    return future.result()
           ^^^^^^^^^^^^^^^
  File "/opt/transparent-publisher/observe-transparent-hardening.py", line 158, in observe
    raise RuntimeError(f'{layer} freshness exceeded at block {height}: {age:.3f}s exceeds {budget}s')
RuntimeError: public freshness exceeded at block 3477724: 30.131s exceeds 30.0s
