{"event": "fleet_command", "tool": "ssh", "seconds": 0.015199, "exit_code": 0}
{"event": "fleet_command", "tool": "ssh", "seconds": 0.01474, "exit_code": 0}
{"event": "fleet_command", "tool": "rsync", "seconds": 0.128523, "exit_code": 0}
{"event": "fleet_command", "tool": "rsync", "seconds": 0.076822, "exit_code": 0}
{"event": "fleet_command", "tool": "ssh", "seconds": 8.08472, "exit_code": 0}
[2m2026-09-09T19:59:37.413567Z[0m [32m INFO[0m [2mtransparent_shard_server[0m[2m:[0m loaded shard set [3mshards[0m[2m=[0m174 [3massigned[0m[2m=[0m14 [3mrevisions[0m[2m=[0m17 [3mprunable[0m[2m=[0m0 [3mgeometries[0m[2m=[0m["archive-wide", "recent-8k"] [3mmap_sha256[0m[2m=[0m"33e44d4e3dfb35c2a1c2712ca73c0e520d7b95e56cf7e2e32311c91326aca719" [3mworker_id[0m[2m=[0m"transparent-pir-recent-01" [3massignment_sha256[0m[2m=[0m"ff0908d5219108477c71c8ef46d6026a8f44382fa0d19b0e5c4ae45344feea9f" [3mstart[0m[2m=[0m0 [3mcovered_through[0m[2m=[0m3477721
{"event": "fleet_command", "tool": "ssh", "seconds": 0.016771, "exit_code": 0}
{"event": "fleet_command", "tool": "ssh", "seconds": 0.177815, "exit_code": 0}
{"level":"info","ts":1788983978.280193,"msg":"using provided configuration","config_file":"/etc/caddy/Caddyfile.live-next","config_adapter":"caddyfile"}
{"level":"info","ts":1788983978.282736,"logger":"http","msg":"server is listening only on the HTTPS port but has no TLS connection policies; adding one to enable TLS","server_name":"srv0","https_port":443}
{"level":"info","ts":1788983978.2829149,"logger":"http","msg":"enabling automatic HTTP->HTTPS redirects","server_name":"srv0"}
{"level":"info","ts":1788983978.2830641,"logger":"tls.cache.maintenance","msg":"started background certificate maintenance","cache":"0xc000312f50"}
{"level":"info","ts":1788983978.2844253,"logger":"tls.cache.maintenance","msg":"stopped background certificate maintenance","cache":"0xc000312f50"}
Valid configuration
{"level":"warn","ts":1788983978.421109,"msg":"unable to determine directory for user configuration; falling back to current directory","error":"neither $XDG_CONFIG_HOME nor $HOME are defined"}
{"level":"info","ts":1788983978.4216158,"msg":"using provided configuration","config_file":"/etc/caddy/Caddyfile.maintenance-next","config_adapter":"caddyfile"}
{"level":"info","ts":1788983978.4236526,"logger":"tls.cache.maintenance","msg":"started background certificate maintenance","cache":"0xc0003462a0"}
{"level":"info","ts":1788983978.4239762,"logger":"http","msg":"server is listening only on the HTTPS port but has no TLS connection policies; adding one to enable TLS","server_name":"srv0","https_port":443}
{"level":"info","ts":1788983978.4240088,"logger":"http","msg":"enabling automatic HTTP->HTTPS redirects","server_name":"srv0"}
{"level":"info","ts":1788983978.4244645,"logger":"tls.cache.maintenance","msg":"stopped background certificate maintenance","cache":"0xc0003462a0"}
Valid configuration
{"event": "fleet_command", "tool": "ssh", "seconds": 0.310762, "exit_code": 0}
{"event": "fleet_command", "tool": "ssh", "seconds": 0.012966, "exit_code": 0}
{"event": "fleet_command", "tool": "rsync", "seconds": 0.060597, "exit_code": 0}
{"event": "fleet_command", "tool": "rsync", "seconds": 0.060931, "exit_code": 0}
{"event": "fleet_command", "tool": "ssh", "seconds": 8.025972, "exit_code": 0}
[2m2026-09-09T19:59:46.292366Z[0m [32m INFO[0m [2mtransparent_shard_server[0m[2m:[0m loaded shard set [3mshards[0m[2m=[0m174 [3massigned[0m[2m=[0m14 [3mrevisions[0m[2m=[0m17 [3mprunable[0m[2m=[0m0 [3mgeometries[0m[2m=[0m["archive-wide", "recent-8k"] [3mmap_sha256[0m[2m=[0m"33e44d4e3dfb35c2a1c2712ca73c0e520d7b95e56cf7e2e32311c91326aca719" [3mworker_id[0m[2m=[0m"transparent-pir-recent-01" [3massignment_sha256[0m[2m=[0m"ff0908d5219108477c71c8ef46d6026a8f44382fa0d19b0e5c4ae45344feea9f" [3mstart[0m[2m=[0m0 [3mcovered_through[0m[2m=[0m3477721
{"event": "fleet_command", "tool": "ssh", "seconds": 0.014203, "exit_code": 0}
{"event": "fleet_command", "tool": "ssh", "seconds": 1.177037, "exit_code": 0}
{"event": "fleet_command", "tool": "ssh", "seconds": 0.016663, "exit_code": 0}
transparent-pir-recent-01: warm with publication control
waiting for the authority to catch up before freezing verification
waiting for the authority to catch up before freezing verification
waiting for the authority to catch up before freezing verification
waiting for the authority to catch up before freezing verification
waiting for the authority to catch up before freezing verification
waiting for the authority to catch up before freezing verification
waiting for the authority to catch up before freezing verification
waiting for the authority to catch up before freezing verification
waiting for the authority to catch up before freezing verification
waiting for the authority to catch up before freezing verification
waiting for the authority to catch up before freezing verification
{"event": "fleet_command", "tool": "ssh", "seconds": 0.875851, "exit_code": 0}
waiting for workers to join the current publication
{"event": "fleet_command", "tool": "ssh", "seconds": 0.017419, "exit_code": 0}
waiting for workers to join the current publication
{"event": "fleet_command", "tool": "ssh", "seconds": 0.017355, "exit_code": 0}
waiting for workers to join the current publication
{"event": "fleet_command", "tool": "ssh", "seconds": 0.015161, "exit_code": 0}
{"event": "fleet_command", "tool": "ssh", "seconds": 0.014736, "exit_code": 0}
{"event": "fleet_command", "tool": "soak-query", "seconds": 5.108152, "exit_code": 0}
{"event": "fleet_command", "tool": "ssh", "seconds": 0.011095, "exit_code": 0}
{"event": "fleet_command", "tool": "ssh", "seconds": 0.012032, "exit_code": 0}
{"event": "fleet_command", "tool": "ssh", "seconds": 0.015518, "exit_code": 0}
{"event": "fleet_command", "tool": "ssh", "seconds": 0.016841, "exit_code": 0}
{"event": "fleet_command", "tool": "ssh", "seconds": 0.017866, "exit_code": 0}
{"event": "fleet_command", "tool": "ssh", "seconds": 0.029506, "exit_code": 0}
{"level":"warn","ts":1788984052.6663659,"msg":"unable to determine directory for user configuration; falling back to current directory","error":"neither $XDG_CONFIG_HOME nor $HOME are defined"}
{"level":"info","ts":1788984052.6669211,"msg":"using provided configuration","config_file":"/etc/caddy/Caddyfile.maintenance-next","config_adapter":"caddyfile"}
{"level":"info","ts":1788984052.6683462,"logger":"http","msg":"server is listening only on the HTTPS port but has no TLS connection policies; adding one to enable TLS","server_name":"srv0","https_port":443}
{"level":"info","ts":1788984052.6683662,"logger":"http","msg":"enabling automatic HTTP->HTTPS redirects","server_name":"srv0"}
{"level":"info","ts":1788984052.6683922,"logger":"tls.cache.maintenance","msg":"started background certificate maintenance","cache":"0xc000226ee0"}
{"level":"info","ts":1788984052.6687672,"logger":"tls.cache.maintenance","msg":"stopped background certificate maintenance","cache":"0xc000226ee0"}
Valid configuration
{"event": "fleet_command", "tool": "ssh", "seconds": 0.192667, "exit_code": 0}
{"level":"info","ts":1788984052.77086,"msg":"using provided configuration","config_file":"/etc/caddy/Caddyfile.live-next","config_adapter":"caddyfile"}
{"level":"info","ts":1788984052.783335,"logger":"http","msg":"server is listening only on the HTTPS port but has no TLS connection policies; adding one to enable TLS","server_name":"srv0","https_port":443}
{"level":"info","ts":1788984052.7833855,"logger":"http","msg":"enabling automatic HTTP->HTTPS redirects","server_name":"srv0"}
{"level":"info","ts":1788984052.7838576,"logger":"tls.cache.maintenance","msg":"started background certificate maintenance","cache":"0xc0001e85b0"}
{"level":"info","ts":1788984052.786977,"logger":"tls.cache.maintenance","msg":"stopped background certificate maintenance","cache":"0xc0001e85b0"}
Valid configuration
