{
  "protocol": "ironwood-enhance-pir-v6",
  "seconds": 35.005460508,
  "concurrency": 32,
  "offered_qps": 16.0,
  "completed": 247,
  "succeeded": 143,
  "incorrect_answers": 0,
  "errors": {
    "http_429": 104
  },
  "unstarted_arrivals": 233,
  "correct_queries_per_second": 4.085076954417422,
  "p50_ms": 2082.815,
  "p95_ms": 10838.015,
  "p99_ms": 12361.727,
  "scheduled_p99_ms": 21938.175,
  "exact_answer_oracle": true,
  "warmup_errors": {},
  "warmup_correct_answers": 0,
  "warmup_incorrect_answers": 0
}
