[2m2026-10-07T21:53:36.748532Z[0m [32m INFO[0m [2mtransparent_txid_server[0m[2m:[0m serving txid display [3mlisten[0m[2m=[0m127.0.0.1:18196 [3mrole[0m[2m=[0m"recent-replica"
[2m2026-10-07T21:53:37.472605Z[0m [32m INFO[0m [2mtransparent_shard_server::runtime[0m[2m:[0m retired runtime memory reclaimed [3mrss_before[0m[2m=[0m6762496 [3mrss_after[0m[2m=[0m6750208
[2m2026-10-07T21:53:40.866923Z[0m [32m INFO[0m [2mtransparent_shard_server::display::service[0m[2m:[0m display prewarm finished [3mwarm[0m[2m=[0m2 [3mtarget[0m[2m=[0m2 [3mseconds[0m[2m=[0m2.839175715 [3mmap[0m[2m=[0m143e7753292f91b406b690fdff555e10de726aaefb870a2612a6bea381c2963c
[2m2026-10-07T21:53:40.867013Z[0m [32m INFO[0m [2mtransparent_shard_server::display::live[0m[2m:[0m display publication prepared [3mmap[0m[2m=[0m143e7753292f91b406b690fdff555e10de726aaefb870a2612a6bea381c2963c [3mbuilt[0m[2m=[0m2 [3mseconds[0m[2m=[0m3.394698499
[2m2026-10-07T21:53:46.041537Z[0m [32m INFO[0m [2mtransparent_shard_server::runtime[0m[2m:[0m retired runtime memory reclaimed [3mrss_before[0m[2m=[0m344989696 [3mrss_after[0m[2m=[0m117497856
[2m2026-10-07T21:53:47.008569Z[0m [32m INFO[0m [2mtransparent_shard_server::runtime[0m[2m:[0m loaded shipped runtime [3mkey[0m[2m=[0m("28ab73dec1705da4b6b6d5d182dfc8d1812bac247a7350c1ecfa90c45cb385b6/directory-0", TxDirectory, 0) [3mload_seconds[0m[2m=[0m0.247852661 [3mcheck_seconds[0m[2m=[0m0.065652 [3mrow[0m[2m=[0m117
[2m2026-10-07T21:53:47.398888Z[0m [32m INFO[0m [2mtransparent_shard_server::runtime[0m[2m:[0m loaded shipped runtime [3mkey[0m[2m=[0m("28ab73dec1705da4b6b6d5d182dfc8d1812bac247a7350c1ecfa90c45cb385b6", TxPages, 0) [3mload_seconds[0m[2m=[0m0.237047823 [3mcheck_seconds[0m[2m=[0m0.090722 [3mrow[0m[2m=[0m290
[2m2026-10-07T21:53:47.399173Z[0m [32m INFO[0m [2mtransparent_shard_server::display::service[0m[2m:[0m display prewarm finished [3mwarm[0m[2m=[0m2 [3mtarget[0m[2m=[0m2 [3mseconds[0m[2m=[0m0.757255801 [3mmap[0m[2m=[0m63ea450774bf90cfcf53051a7544656c4fd313daf7aaa81f6a4cc3beeac71349
[2m2026-10-07T21:53:47.399223Z[0m [32m INFO[0m [2mtransparent_shard_server::display::live[0m[2m:[0m display publication prepared [3mmap[0m[2m=[0m63ea450774bf90cfcf53051a7544656c4fd313daf7aaa81f6a4cc3beeac71349 [3mbuilt[0m[2m=[0m2 [3mseconds[0m[2m=[0m1.378959397
[2m2026-10-07T21:53:52.495842Z[0m [32m INFO[0m [2mtransparent_shard_server::runtime[0m[2m:[0m retired runtime memory reclaimed [3mrss_before[0m[2m=[0m172969984 [3mrss_after[0m[2m=[0m126279680
[2m2026-10-07T21:53:53.389562Z[0m [32m INFO[0m [2mtransparent_shard_server::runtime[0m[2m:[0m loaded shipped runtime [3mkey[0m[2m=[0m("004cac9699e2509cc53287ea672e46355bbf9a3e2b86c74273646205b669ee35/directory-0", TxDirectory, 0) [3mload_seconds[0m[2m=[0m0.227779054 [3mcheck_seconds[0m[2m=[0m0.063068 [3mrow[0m[2m=[0m303
[2m2026-10-07T21:53:53.742199Z[0m [32m INFO[0m [2mtransparent_shard_server::runtime[0m[2m:[0m loaded shipped runtime [3mkey[0m[2m=[0m("004cac9699e2509cc53287ea672e46355bbf9a3e2b86c74273646205b669ee35", TxPages, 0) [3mload_seconds[0m[2m=[0m0.228289568 [3mcheck_seconds[0m[2m=[0m0.065705 [3mrow[0m[2m=[0m821
[2m2026-10-07T21:53:53.742293Z[0m [32m INFO[0m [2mtransparent_shard_server::display::service[0m[2m:[0m display prewarm finished [3mwarm[0m[2m=[0m2 [3mtarget[0m[2m=[0m2 [3mseconds[0m[2m=[0m0.708657758 [3mmap[0m[2m=[0m06713b11249ed9aee23c6155a9a480c7c603278d35f0abcc8fe4d7c7252b1434
[2m2026-10-07T21:53:53.742312Z[0m [32m INFO[0m [2mtransparent_shard_server::display::live[0m[2m:[0m display publication prepared [3mmap[0m[2m=[0m06713b11249ed9aee23c6155a9a480c7c603278d35f0abcc8fe4d7c7252b1434 [3mbuilt[0m[2m=[0m2 [3mseconds[0m[2m=[0m1.254334365
[2m2026-10-07T21:53:58.575299Z[0m [32m INFO[0m [2mtransparent_shard_server::runtime[0m[2m:[0m retired runtime memory reclaimed [3mrss_before[0m[2m=[0m148905984 [3mrss_after[0m[2m=[0m126496768
[2m2026-10-07T21:53:59.538045Z[0m [32m INFO[0m [2mtransparent_shard_server::runtime[0m[2m:[0m loaded shipped runtime [3mkey[0m[2m=[0m("0be2331a69714434fe658ef8087a5f32336264ceb8eadee64b76157834edbfc2/directory-0", TxDirectory, 0) [3mload_seconds[0m[2m=[0m0.279702821 [3mcheck_seconds[0m[2m=[0m0.070525 [3mrow[0m[2m=[0m1162
[2m2026-10-07T21:53:59.909798Z[0m [32m INFO[0m [2mtransparent_shard_server::runtime[0m[2m:[0m loaded shipped runtime [3mkey[0m[2m=[0m("0be2331a69714434fe658ef8087a5f32336264ceb8eadee64b76157834edbfc2", TxPages, 0) [3mload_seconds[0m[2m=[0m0.24380296 [3mcheck_seconds[0m[2m=[0m0.073775 [3mrow[0m[2m=[0m953
[2m2026-10-07T21:53:59.909891Z[0m [32m INFO[0m [2mtransparent_shard_server::display::service[0m[2m:[0m display prewarm finished [3mwarm[0m[2m=[0m2 [3mtarget[0m[2m=[0m2 [3mseconds[0m[2m=[0m0.771573279 [3mmap[0m[2m=[0m472c52ed5a9af5e25073bfbdacf3013140bd5e2b68ef807228534cdb7ea01732
[2m2026-10-07T21:53:59.909912Z[0m [32m INFO[0m [2mtransparent_shard_server::display::live[0m[2m:[0m display publication prepared [3mmap[0m[2m=[0m472c52ed5a9af5e25073bfbdacf3013140bd5e2b68ef807228534cdb7ea01732 [3mbuilt[0m[2m=[0m2 [3mseconds[0m[2m=[0m1.3392678359999999
[2m2026-10-07T21:54:05.752443Z[0m [32m INFO[0m [2mtransparent_shard_server::runtime[0m[2m:[0m retired runtime memory reclaimed [3mrss_before[0m[2m=[0m131489792 [3mrss_after[0m[2m=[0m126513152
[2m2026-10-07T21:54:06.752830Z[0m [32m INFO[0m [2mtransparent_shard_server::runtime[0m[2m:[0m loaded shipped runtime [3mkey[0m[2m=[0m("425a393af4e2bae521432c01aa7914410ca975c3cd2a2ff136e08052fd69045c/directory-0", TxDirectory, 0) [3mload_seconds[0m[2m=[0m0.240807511 [3mcheck_seconds[0m[2m=[0m0.069921 [3mrow[0m[2m=[0m225
[2m2026-10-07T21:54:07.115178Z[0m [32m INFO[0m [2mtransparent_shard_server::runtime[0m[2m:[0m loaded shipped runtime [3mkey[0m[2m=[0m("425a393af4e2bae521432c01aa7914410ca975c3cd2a2ff136e08052fd69045c", TxPages, 0) [3mload_seconds[0m[2m=[0m0.232602251 [3mcheck_seconds[0m[2m=[0m0.074839 [3mrow[0m[2m=[0m1072
[2m2026-10-07T21:54:07.115285Z[0m [32m INFO[0m [2mtransparent_shard_server::display::service[0m[2m:[0m display prewarm finished [3mwarm[0m[2m=[0m2 [3mtarget[0m[2m=[0m2 [3mseconds[0m[2m=[0m0.725626539 [3mmap[0m[2m=[0m130bfb9443adf568bb040b6941d3daaeb5c69b499e49c5a3db744934b35e3d54
[2m2026-10-07T21:54:07.115304Z[0m [32m INFO[0m [2mtransparent_shard_server::display::live[0m[2m:[0m display publication prepared [3mmap[0m[2m=[0m130bfb9443adf568bb040b6941d3daaeb5c69b499e49c5a3db744934b35e3d54 [3mbuilt[0m[2m=[0m2 [3mseconds[0m[2m=[0m1.367912776
[2m2026-10-07T21:54:12.217268Z[0m [32m INFO[0m [2mtransparent_shard_server::runtime[0m[2m:[0m retired runtime memory reclaimed [3mrss_before[0m[2m=[0m148430848 [3mrss_after[0m[2m=[0m126668800
[2m2026-10-07T21:54:13.246543Z[0m [32m INFO[0m [2mtransparent_shard_server::runtime[0m[2m:[0m loaded shipped runtime [3mkey[0m[2m=[0m("261106e24e22cc5cfe82b29346ebb030451de36f5d017b957ab3198f5dc00e24/directory-0", TxDirectory, 0) [3mload_seconds[0m[2m=[0m0.30248615 [3mcheck_seconds[0m[2m=[0m0.078081 [3mrow[0m[2m=[0m1732
[2m2026-10-07T21:54:13.615661Z[0m [32m INFO[0m [2mtransparent_shard_server::runtime[0m[2m:[0m loaded shipped runtime [3mkey[0m[2m=[0m("261106e24e22cc5cfe82b29346ebb030451de36f5d017b957ab3198f5dc00e24", TxPages, 0) [3mload_seconds[0m[2m=[0m0.240829298 [3mcheck_seconds[0m[2m=[0m0.072035 [3mrow[0m[2m=[0m646
[2m2026-10-07T21:54:13.615800Z[0m [32m INFO[0m [2mtransparent_shard_server::display::service[0m[2m:[0m display prewarm finished [3mwarm[0m[2m=[0m2 [3mtarget[0m[2m=[0m2 [3mseconds[0m[2m=[0m0.801689765 [3mmap[0m[2m=[0me70a3ffa1fb54afaa9b4cb406a25c80eef6376a7bb1bd7d6e97a43d563f5373b
[2m2026-10-07T21:54:13.615851Z[0m [32m INFO[0m [2mtransparent_shard_server::display::live[0m[2m:[0m display publication prepared [3mmap[0m[2m=[0me70a3ffa1fb54afaa9b4cb406a25c80eef6376a7bb1bd7d6e97a43d563f5373b [3mbuilt[0m[2m=[0m2 [3mseconds[0m[2m=[0m1.404313058
[2m2026-10-07T21:54:18.769679Z[0m [32m INFO[0m [2mtransparent_shard_server::runtime[0m[2m:[0m retired runtime memory reclaimed [3mrss_before[0m[2m=[0m131526656 [3mrss_after[0m[2m=[0m126779392
[2m2026-10-07T21:54:19.656079Z[0m [32m INFO[0m [2mtransparent_shard_server::runtime[0m[2m:[0m loaded shipped runtime [3mkey[0m[2m=[0m("460d44403063aaee38c10921e07f4d080452801b3bab55ffd09bf1087950a8d0/directory-0", TxDirectory, 0) [3mload_seconds[0m[2m=[0m0.228864503 [3mcheck_seconds[0m[2m=[0m0.074525 [3mrow[0m[2m=[0m1001
[2m2026-10-07T21:54:20.016612Z[0m [32m INFO[0m [2mtransparent_shard_server::runtime[0m[2m:[0m loaded shipped runtime [3mkey[0m[2m=[0m("460d44403063aaee38c10921e07f4d080452801b3bab55ffd09bf1087950a8d0", TxPages, 0) [3mload_seconds[0m[2m=[0m0.239996136 [3mcheck_seconds[0m[2m=[0m0.05998 [3mrow[0m[2m=[0m248
[2m2026-10-07T21:54:20.016806Z[0m [32m INFO[0m [2mtransparent_shard_server::display::service[0m[2m:[0m display prewarm finished [3mwarm[0m[2m=[0m2 [3mtarget[0m[2m=[0m2 [3mseconds[0m[2m=[0m0.714397875 [3mmap[0m[2m=[0m3f92ab913f1a47c56d388d86ad6e626d2df4d722014759760ac66a89c9289ed7
[2m2026-10-07T21:54:20.016853Z[0m [32m INFO[0m [2mtransparent_shard_server::display::live[0m[2m:[0m display publication prepared [3mmap[0m[2m=[0m3f92ab913f1a47c56d388d86ad6e626d2df4d722014759760ac66a89c9289ed7 [3mbuilt[0m[2m=[0m2 [3mseconds[0m[2m=[0m1.25376886
[2m2026-10-07T21:54:24.972122Z[0m [32m INFO[0m [2mtransparent_shard_server::runtime[0m[2m:[0m retired runtime memory reclaimed [3mrss_before[0m[2m=[0m149372928 [3mrss_after[0m[2m=[0m126873600
[2m2026-10-07T21:54:25.885497Z[0m [32m INFO[0m [2mtransparent_shard_server::runtime[0m[2m:[0m loaded shipped runtime [3mkey[0m[2m=[0m("9b08567f8137fddfa2ba438f8b955c2d0c3c71bdd0d493a8ddcc847726a256d8/directory-0", TxDirectory, 0) [3mload_seconds[0m[2m=[0m0.233384579 [3mcheck_seconds[0m[2m=[0m0.068503 [3mrow[0m[2m=[0m122
[2m2026-10-07T21:54:26.233003Z[0m [32m INFO[0m [2mtransparent_shard_server::runtime[0m[2m:[0m loaded shipped runtime [3mkey[0m[2m=[0m("9b08567f8137fddfa2ba438f8b955c2d0c3c71bdd0d493a8ddcc847726a256d8", TxPages, 0) [3mload_seconds[0m[2m=[0m0.228841852 [3mcheck_seconds[0m[2m=[0m0.065747 [3mrow[0m[2m=[0m729
[2m2026-10-07T21:54:26.233162Z[0m [32m INFO[0m [2mtransparent_shard_server::display::service[0m[2m:[0m display prewarm finished [3mwarm[0m[2m=[0m2 [3mtarget[0m[2m=[0m2 [3mseconds[0m[2m=[0m0.697737658 [3mmap[0m[2m=[0m01c100b555e393286e58b3f5eff9cc67272f66ef755b6c3728d941ad64a51918
[2m2026-10-07T21:54:26.233208Z[0m [32m INFO[0m [2mtransparent_shard_server::display::live[0m[2m:[0m display publication prepared [3mmap[0m[2m=[0m01c100b555e393286e58b3f5eff9cc67272f66ef755b6c3728d941ad64a51918 [3mbuilt[0m[2m=[0m2 [3mseconds[0m[2m=[0m1.26794686
[2m2026-10-07T21:54:31.056795Z[0m [32m INFO[0m [2mtransparent_shard_server::runtime[0m[2m:[0m retired runtime memory reclaimed [3mrss_before[0m[2m=[0m131596288 [3mrss_after[0m[2m=[0m126865408
[2m2026-10-07T21:54:31.973785Z[0m [32m INFO[0m [2mtransparent_shard_server::runtime[0m[2m:[0m loaded shipped runtime [3mkey[0m[2m=[0m("33a7243cb108a5e021e9338ad2c40e3cd58a96d31c1e2451017d953b8d1a7810/directory-0", TxDirectory, 0) [3mload_seconds[0m[2m=[0m0.226464158 [3mcheck_seconds[0m[2m=[0m0.068545 [3mrow[0m[2m=[0m484
[2m2026-10-07T21:54:32.334523Z[0m [32m INFO[0m [2mtransparent_shard_server::runtime[0m[2m:[0m loaded shipped runtime [3mkey[0m[2m=[0m("33a7243cb108a5e021e9338ad2c40e3cd58a96d31c1e2451017d953b8d1a7810", TxPages, 0) [3mload_seconds[0m[2m=[0m0.233689857 [3mcheck_seconds[0m[2m=[0m0.074441 [3mrow[0m[2m=[0m454
[2m2026-10-07T21:54:32.334687Z[0m [32m INFO[0m [2mtransparent_shard_server::display::service[0m[2m:[0m display prewarm finished [3mwarm[0m[2m=[0m2 [3mtarget[0m[2m=[0m2 [3mseconds[0m[2m=[0m0.703658292 [3mmap[0m[2m=[0mfa75c5edeb7027f1db5b90241cf3ee5a14fcdc7495d26e1a1b9eb1fd192bb873
[2m2026-10-07T21:54:32.334737Z[0m [32m INFO[0m [2mtransparent_shard_server::display::live[0m[2m:[0m display publication prepared [3mmap[0m[2m=[0mfa75c5edeb7027f1db5b90241cf3ee5a14fcdc7495d26e1a1b9eb1fd192bb873 [3mbuilt[0m[2m=[0m2 [3mseconds[0m[2m=[0m1.283069332
[2m2026-10-07T21:54:37.251822Z[0m [32m INFO[0m [2mtransparent_shard_server::runtime[0m[2m:[0m retired runtime memory reclaimed [3mrss_before[0m[2m=[0m149422080 [3mrss_after[0m[2m=[0m126976000
[2m2026-10-07T21:54:38.196819Z[0m [32m INFO[0m [2mtransparent_shard_server::runtime[0m[2m:[0m loaded shipped runtime [3mkey[0m[2m=[0m("3e04bcd578313f764684f35ff20877475d8560bf975efef2610b82ee9f84559d/directory-0", TxDirectory, 0) [3mload_seconds[0m[2m=[0m0.234104605 [3mcheck_seconds[0m[2m=[0m0.072261 [3mrow[0m[2m=[0m141
[2m2026-10-07T21:54:38.569865Z[0m [32m INFO[0m [2mtransparent_shard_server::runtime[0m[2m:[0m loaded shipped runtime [3mkey[0m[2m=[0m("3e04bcd578313f764684f35ff20877475d8560bf975efef2610b82ee9f84559d", TxPages, 0) [3mload_seconds[0m[2m=[0m0.243264173 [3mcheck_seconds[0m[2m=[0m0.07108 [3mrow[0m[2m=[0m870
[2m2026-10-07T21:54:38.570029Z[0m [32m INFO[0m [2mtransparent_shard_server::display::service[0m[2m:[0m display prewarm finished [3mwarm[0m[2m=[0m2 [3mtarget[0m[2m=[0m2 [3mseconds[0m[2m=[0m0.729776286 [3mmap[0m[2m=[0m418a423adc4686aba3f825add33378ed801fafa70b6cff0081ef8d646fcba825
[2m2026-10-07T21:54:38.570069Z[0m [32m INFO[0m [2mtransparent_shard_server::display::live[0m[2m:[0m display publication prepared [3mmap[0m[2m=[0m418a423adc4686aba3f825add33378ed801fafa70b6cff0081ef8d646fcba825 [3mbuilt[0m[2m=[0m2 [3mseconds[0m[2m=[0m1.326630242
[2m2026-10-07T21:54:43.598534Z[0m [32m INFO[0m [2mtransparent_shard_server::runtime[0m[2m:[0m retired runtime memory reclaimed [3mrss_before[0m[2m=[0m131641344 [3mrss_after[0m[2m=[0m127062016
[2m2026-10-07T21:54:44.549796Z[0m [32m INFO[0m [2mtransparent_shard_server::runtime[0m[2m:[0m loaded shipped runtime [3mkey[0m[2m=[0m("82b98c872dba1c553f7e1bace9a8fdf441cef1a00c2a265fa4275dc5d9229098/directory-0", TxDirectory, 0) [3mload_seconds[0m[2m=[0m0.233991318 [3mcheck_seconds[0m[2m=[0m0.070901 [3mrow[0m[2m=[0m1941
[2m2026-10-07T21:54:44.923400Z[0m [32m INFO[0m [2mtransparent_shard_server::runtime[0m[2m:[0m loaded shipped runtime [3mkey[0m[2m=[0m("82b98c872dba1c553f7e1bace9a8fdf441cef1a00c2a265fa4275dc5d9229098", TxPages, 0) [3mload_seconds[0m[2m=[0m0.241262901 [3mcheck_seconds[0m[2m=[0m0.066888 [3mrow[0m[2m=[0m553
[2m2026-10-07T21:54:44.923508Z[0m [32m INFO[0m [2mtransparent_shard_server::display::service[0m[2m:[0m display prewarm finished [3mwarm[0m[2m=[0m2 [3mtarget[0m[2m=[0m2 [3mseconds[0m[2m=[0m0.730438239 [3mmap[0m[2m=[0m78942d3ddca1d81bc36407be2e5cb7cd57b52b126cc3018033c3dee158990dd1
[2m2026-10-07T21:54:44.923527Z[0m [32m INFO[0m [2mtransparent_shard_server::display::live[0m[2m:[0m display publication prepared [3mmap[0m[2m=[0m78942d3ddca1d81bc36407be2e5cb7cd57b52b126cc3018033c3dee158990dd1 [3mbuilt[0m[2m=[0m2 [3mseconds[0m[2m=[0m1.3304668689999999
[2m2026-10-07T21:54:49.907797Z[0m [32m INFO[0m [2mtransparent_shard_server::runtime[0m[2m:[0m retired runtime memory reclaimed [3mrss_before[0m[2m=[0m149471232 [3mrss_after[0m[2m=[0m127111168
[2m2026-10-07T21:54:50.890485Z[0m [32m INFO[0m [2mtransparent_shard_server::runtime[0m[2m:[0m loaded shipped runtime [3mkey[0m[2m=[0m("86044bcc6184643d8992b58f752c59b67cf9076e692c4d1cd985a00304e41eb3/directory-0", TxDirectory, 0) [3mload_seconds[0m[2m=[0m0.25102715 [3mcheck_seconds[0m[2m=[0m0.120782 [3mrow[0m[2m=[0m1033
[2m2026-10-07T21:54:51.279613Z[0m [32m INFO[0m [2mtransparent_shard_server::runtime[0m[2m:[0m loaded shipped runtime [3mkey[0m[2m=[0m("86044bcc6184643d8992b58f752c59b67cf9076e692c4d1cd985a00304e41eb3", TxPages, 0) [3mload_seconds[0m[2m=[0m0.247481464 [3mcheck_seconds[0m[2m=[0m0.072706 [3mrow[0m[2m=[0m1142
[2m2026-10-07T21:54:51.279730Z[0m [32m INFO[0m [2mtransparent_shard_server::display::service[0m[2m:[0m display prewarm finished [3mwarm[0m[2m=[0m2 [3mtarget[0m[2m=[0m2 [3mseconds[0m[2m=[0m0.811034008 [3mmap[0m[2m=[0m7aa038a9497009c54da1a272980c47a5ffef14458971356bb72179efc0aa1a4f
[2m2026-10-07T21:54:51.279755Z[0m [32m INFO[0m [2mtransparent_shard_server::display::live[0m[2m:[0m display publication prepared [3mmap[0m[2m=[0m7aa038a9497009c54da1a272980c47a5ffef14458971356bb72179efc0aa1a4f [3mbuilt[0m[2m=[0m2 [3mseconds[0m[2m=[0m1.379649331
[2m2026-10-07T21:54:56.177707Z[0m [32m INFO[0m [2mtransparent_shard_server::runtime[0m[2m:[0m retired runtime memory reclaimed [3mrss_before[0m[2m=[0m131690496 [3mrss_after[0m[2m=[0m127172608
[2m2026-10-07T21:54:57.110215Z[0m [32m INFO[0m [2mtransparent_shard_server::runtime[0m[2m:[0m loaded shipped runtime [3mkey[0m[2m=[0m("d3b017b7836ef94d6efa3e7c0d5a8087c0eb4caf2afea3ced3a64cf378ae6ae5/directory-0", TxDirectory, 0) [3mload_seconds[0m[2m=[0m0.245418733 [3mcheck_seconds[0m[2m=[0m0.064025 [3mrow[0m[2m=[0m632
[2m2026-10-07T21:54:57.472747Z[0m [32m INFO[0m [2mtransparent_shard_server::runtime[0m[2m:[0m loaded shipped runtime [3mkey[0m[2m=[0m("d3b017b7836ef94d6efa3e7c0d5a8087c0eb4caf2afea3ced3a64cf378ae6ae5", TxPages, 0) [3mload_seconds[0m[2m=[0m0.230811405 [3mcheck_seconds[0m[2m=[0m0.073405 [3mrow[0m[2m=[0m1199
[2m2026-10-07T21:54:57.472848Z[0m [32m INFO[0m [2mtransparent_shard_server::display::service[0m[2m:[0m display prewarm finished [3mwarm[0m[2m=[0m2 [3mtarget[0m[2m=[0m2 [3mseconds[0m[2m=[0m0.72352696 [3mmap[0m[2m=[0mb91c8cc51d6c8ae4217506580e45129b88e04f091895b1e1cdce58b1ef2234a0
[2m2026-10-07T21:54:57.472869Z[0m [32m INFO[0m [2mtransparent_shard_server::display::live[0m[2m:[0m display publication prepared [3mmap[0m[2m=[0mb91c8cc51d6c8ae4217506580e45129b88e04f091895b1e1cdce58b1ef2234a0 [3mbuilt[0m[2m=[0m2 [3mseconds[0m[2m=[0m1.301323371
[2m2026-10-07T21:55:03.267676Z[0m [32m INFO[0m [2mtransparent_shard_server::runtime[0m[2m:[0m retired runtime memory reclaimed [3mrss_before[0m[2m=[0m149504000 [3mrss_after[0m[2m=[0m127217664
[2m2026-10-07T21:55:04.634251Z[0m [32m INFO[0m [2mtransparent_shard_server::runtime[0m[2m:[0m loaded shipped runtime [3mkey[0m[2m=[0m("210ad0d063bb856d96d7210eec4a712a76dd984363fc9100a875a7a37b89b259/directory-0", TxDirectory, 0) [3mload_seconds[0m[2m=[0m0.30580994 [3mcheck_seconds[0m[2m=[0m0.08666 [3mrow[0m[2m=[0m917
[2m2026-10-07T21:55:05.020623Z[0m [32m INFO[0m [2mtransparent_shard_server::runtime[0m[2m:[0m loaded shipped runtime [3mkey[0m[2m=[0m("210ad0d063bb856d96d7210eec4a712a76dd984363fc9100a875a7a37b89b259", TxPages, 0) [3mload_seconds[0m[2m=[0m0.250981683 [3mcheck_seconds[0m[2m=[0m0.084928 [3mrow[0m[2m=[0m876
[2m2026-10-07T21:55:05.020752Z[0m [32m INFO[0m [2mtransparent_shard_server::display::service[0m[2m:[0m display prewarm finished [3mwarm[0m[2m=[0m2 [3mtarget[0m[2m=[0m2 [3mseconds[0m[2m=[0m0.834380919 [3mmap[0m[2m=[0m69e1182b197055a8ecafbe57ab3e8c78e5b3d7fec5b73088df08b180ec298dd3
[2m2026-10-07T21:55:05.020777Z[0m [32m INFO[0m [2mtransparent_shard_server::display::live[0m[2m:[0m display publication prepared [3mmap[0m[2m=[0m69e1182b197055a8ecafbe57ab3e8c78e5b3d7fec5b73088df08b180ec298dd3 [3mbuilt[0m[2m=[0m2 [3mseconds[0m[2m=[0m1.762373347
[2m2026-10-07T21:55:10.348440Z[0m [32m INFO[0m [2mtransparent_shard_server::runtime[0m[2m:[0m retired runtime memory reclaimed [3mrss_before[0m[2m=[0m131756032 [3mrss_after[0m[2m=[0m127287296
[2m2026-10-07T21:55:11.301529Z[0m [32m INFO[0m [2mtransparent_shard_server::runtime[0m[2m:[0m loaded shipped runtime [3mkey[0m[2m=[0m("2f3cf7a7a01e10c933f8aa863a4ff7efca0fd0c40fe6fb85051155872ec232a2/directory-0", TxDirectory, 0) [3mload_seconds[0m[2m=[0m0.236219213 [3mcheck_seconds[0m[2m=[0m0.068729 [3mrow[0m[2m=[0m1530
[2m2026-10-07T21:55:11.661368Z[0m [32m INFO[0m [2mtransparent_shard_server::runtime[0m[2m:[0m loaded shipped runtime [3mkey[0m[2m=[0m("2f3cf7a7a01e10c933f8aa863a4ff7efca0fd0c40fe6fb85051155872ec232a2", TxPages, 0) [3mload_seconds[0m[2m=[0m0.240213526 [3mcheck_seconds[0m[2m=[0m0.066021 [3mrow[0m[2m=[0m501
[2m2026-10-07T21:55:11.661513Z[0m [32m INFO[0m [2mtransparent_shard_server::display::service[0m[2m:[0m display prewarm finished [3mwarm[0m[2m=[0m2 [3mtarget[0m[2m=[0m2 [3mseconds[0m[2m=[0m0.715288477 [3mmap[0m[2m=[0mb64ec2c0cb411f66d7827b8312cdd68b41df0289c5da0765b99a6350e821be66
[2m2026-10-07T21:55:11.661551Z[0m [32m INFO[0m [2mtransparent_shard_server::display::live[0m[2m:[0m display publication prepared [3mmap[0m[2m=[0mb64ec2c0cb411f66d7827b8312cdd68b41df0289c5da0765b99a6350e821be66 [3mbuilt[0m[2m=[0m2 [3mseconds[0m[2m=[0m1.3198125250000001
[2m2026-10-07T21:55:16.769833Z[0m [32m INFO[0m [2mtransparent_shard_server::runtime[0m[2m:[0m retired runtime memory reclaimed [3mrss_before[0m[2m=[0m149557248 [3mrss_after[0m[2m=[0m127295488
[2m2026-10-07T21:55:17.722504Z[0m [32m INFO[0m [2mtransparent_shard_server::runtime[0m[2m:[0m loaded shipped runtime [3mkey[0m[2m=[0m("8cad536c643307be4b610855776166a2b9adaf311fbba6f157c916fc690841ae/directory-0", TxDirectory, 0) [3mload_seconds[0m[2m=[0m0.234841551 [3mcheck_seconds[0m[2m=[0m0.074604 [3mrow[0m[2m=[0m253
[2m2026-10-07T21:55:18.106175Z[0m [32m INFO[0m [2mtransparent_shard_server::runtime[0m[2m:[0m loaded shipped runtime [3mkey[0m[2m=[0m("8cad536c643307be4b610855776166a2b9adaf311fbba6f157c916fc690841ae", TxPages, 0) [3mload_seconds[0m[2m=[0m0.252079107 [3mcheck_seconds[0m[2m=[0m0.082425 [3mrow[0m[2m=[0m996
[2m2026-10-07T21:55:18.106310Z[0m [32m INFO[0m [2mtransparent_shard_server::display::service[0m[2m:[0m display prewarm finished [3mwarm[0m[2m=[0m2 [3mtarget[0m[2m=[0m2 [3mseconds[0m[2m=[0m0.749583972 [3mmap[0m[2m=[0mde3a5926ecc00fe0ae3f57b13a1766329fd3192f7c5b8239218cd4d18aec9aca
[2m2026-10-07T21:55:18.106349Z[0m [32m INFO[0m [2mtransparent_shard_server::display::live[0m[2m:[0m display publication prepared [3mmap[0m[2m=[0mde3a5926ecc00fe0ae3f57b13a1766329fd3192f7c5b8239218cd4d18aec9aca [3mbuilt[0m[2m=[0m2 [3mseconds[0m[2m=[0m1.343043363
[2m2026-10-07T21:55:23.123415Z[0m [32m INFO[0m [2mtransparent_shard_server::runtime[0m[2m:[0m retired runtime memory reclaimed [3mrss_before[0m[2m=[0m131784704 [3mrss_after[0m[2m=[0m127381504
[2m2026-10-07T21:55:24.052009Z[0m [32m INFO[0m [2mtransparent_shard_server::runtime[0m[2m:[0m loaded shipped runtime [3mkey[0m[2m=[0m("20865787b3925d179adbf489b4db83ae97292887ab749db1c7edf76917631b18/directory-0", TxDirectory, 0) [3mload_seconds[0m[2m=[0m0.249213179 [3mcheck_seconds[0m[2m=[0m0.073062 [3mrow[0m[2m=[0m1428
[2m2026-10-07T21:55:24.418059Z[0m [32m INFO[0m [2mtransparent_shard_server::runtime[0m[2m:[0m loaded shipped runtime [3mkey[0m[2m=[0m("20865787b3925d179adbf489b4db83ae97292887ab749db1c7edf76917631b18", TxPages, 0) [3mload_seconds[0m[2m=[0m0.240671895 [3mcheck_seconds[0m[2m=[0m0.072645 [3mrow[0m[2m=[0m1116
[2m2026-10-07T21:55:24.418201Z[0m [32m INFO[0m [2mtransparent_shard_server::display::service[0m[2m:[0m display prewarm finished [3mwarm[0m[2m=[0m2 [3mtarget[0m[2m=[0m2 [3mseconds[0m[2m=[0m0.737546758 [3mmap[0m[2m=[0mdca2fa87168090fb6c86989b19ecfc003f50136c7762dc9ad228c42e2277eb64
[2m2026-10-07T21:55:24.418253Z[0m [32m INFO[0m [2mtransparent_shard_server::display::live[0m[2m:[0m display publication prepared [3mmap[0m[2m=[0mdca2fa87168090fb6c86989b19ecfc003f50136c7762dc9ad228c42e2277eb64 [3mbuilt[0m[2m=[0m2 [3mseconds[0m[2m=[0m1.299833363
[2m2026-10-07T21:55:29.705392Z[0m [32m INFO[0m [2mtransparent_shard_server::runtime[0m[2m:[0m retired runtime memory reclaimed [3mrss_before[0m[2m=[0m149610496 [3mrss_after[0m[2m=[0m127426560
[2m2026-10-07T21:55:30.657732Z[0m [32m INFO[0m [2mtransparent_shard_server::runtime[0m[2m:[0m loaded shipped runtime [3mkey[0m[2m=[0m("b06bae87cdd8a1dbf6aaf2a31b16afbdf3c5d8d8dcf869105fb555d420855b36/directory-0", TxDirectory, 0) [3mload_seconds[0m[2m=[0m0.251572543 [3mcheck_seconds[0m[2m=[0m0.077457 [3mrow[0m[2m=[0m2029
[2m2026-10-07T21:55:31.015994Z[0m [32m INFO[0m [2mtransparent_shard_server::runtime[0m[2m:[0m loaded shipped runtime [3mkey[0m[2m=[0m("b06bae87cdd8a1dbf6aaf2a31b16afbdf3c5d8d8dcf869105fb555d420855b36", TxPages, 0) [3mload_seconds[0m[2m=[0m0.242120376 [3mcheck_seconds[0m[2m=[0m0.067938 [3mrow[0m[2m=[0m910
[2m2026-10-07T21:55:31.016185Z[0m [32m INFO[0m [2mtransparent_shard_server::display::service[0m[2m:[0m display prewarm finished [3mwarm[0m[2m=[0m2 [3mtarget[0m[2m=[0m2 [3mseconds[0m[2m=[0m0.740437458 [3mmap[0m[2m=[0md950ddb9e73409b0710c252de6e47a1cfd0e8e8270253496f3f3fa4ec3e2b323
[2m2026-10-07T21:55:31.016235Z[0m [32m INFO[0m [2mtransparent_shard_server::display::live[0m[2m:[0m display publication prepared [3mmap[0m[2m=[0md950ddb9e73409b0710c252de6e47a1cfd0e8e8270253496f3f3fa4ec3e2b323 [3mbuilt[0m[2m=[0m2 [3mseconds[0m[2m=[0m1.316573984
[2m2026-10-07T21:55:35.994448Z[0m [32m INFO[0m [2mtransparent_shard_server::runtime[0m[2m:[0m retired runtime memory reclaimed [3mrss_before[0m[2m=[0m131883008 [3mrss_after[0m[2m=[0m127508480
[2m2026-10-07T21:55:37.188665Z[0m [32m INFO[0m [2mtransparent_shard_server::runtime[0m[2m:[0m loaded shipped runtime [3mkey[0m[2m=[0m("aea1e1c0d6e2b21563dae9bbe8775360fc239b0263c5d5b14ac06da2cfe454f2/directory-0", TxDirectory, 0) [3mload_seconds[0m[2m=[0m0.40671027 [3mcheck_seconds[0m[2m=[0m0.083664 [3mrow[0m[2m=[0m1687
[2m2026-10-07T21:55:37.577096Z[0m [32m INFO[0m [2mtransparent_shard_server::runtime[0m[2m:[0m loaded shipped runtime [3mkey[0m[2m=[0m("aea1e1c0d6e2b21563dae9bbe8775360fc239b0263c5d5b14ac06da2cfe454f2", TxPages, 0) [3mload_seconds[0m[2m=[0m0.231801616 [3mcheck_seconds[0m[2m=[0m0.10337 [3mrow[0m[2m=[0m686
[2m2026-10-07T21:55:37.577258Z[0m [32m INFO[0m [2mtransparent_shard_server::display::service[0m[2m:[0m display prewarm finished [3mwarm[0m[2m=[0m2 [3mtarget[0m[2m=[0m2 [3mseconds[0m[2m=[0m0.926623462 [3mmap[0m[2m=[0mc264e325adc98874368794a5e042b4f4a11e4594abff2416ebc16f48e4113f3a
[2m2026-10-07T21:55:37.577285Z[0m [32m INFO[0m [2mtransparent_shard_server::display::live[0m[2m:[0m display publication prepared [3mmap[0m[2m=[0mc264e325adc98874368794a5e042b4f4a11e4594abff2416ebc16f48e4113f3a [3mbuilt[0m[2m=[0m2 [3mseconds[0m[2m=[0m1.587992053
[2m2026-10-07T21:55:42.646584Z[0m [32m INFO[0m [2mtransparent_shard_server::runtime[0m[2m:[0m retired runtime memory reclaimed [3mrss_before[0m[2m=[0m149676032 [3mrss_after[0m[2m=[0m127533056
[2m2026-10-07T21:55:43.596736Z[0m [32m INFO[0m [2mtransparent_shard_server::runtime[0m[2m:[0m loaded shipped runtime [3mkey[0m[2m=[0m("e140a898d53fc7003ea8be0e27565f093c72084d205506686a42b0a1ff770c27/directory-0", TxDirectory, 0) [3mload_seconds[0m[2m=[0m0.248648143 [3mcheck_seconds[0m[2m=[0m0.077222 [3mrow[0m[2m=[0m704
[2m2026-10-07T21:55:43.971321Z[0m [32m INFO[0m [2mtransparent_shard_server::runtime[0m[2m:[0m loaded shipped runtime [3mkey[0m[2m=[0m("e140a898d53fc7003ea8be0e27565f093c72084d205506686a42b0a1ff770c27", TxPages, 0) [3mload_seconds[0m[2m=[0m0.246798699 [3mcheck_seconds[0m[2m=[0m0.078984 [3mrow[0m[2m=[0m313
[2m2026-10-07T21:55:43.971462Z[0m [32m INFO[0m [2mtransparent_shard_server::display::service[0m[2m:[0m display prewarm finished [3mwarm[0m[2m=[0m2 [3mtarget[0m[2m=[0m2 [3mseconds[0m[2m=[0m0.756248768 [3mmap[0m[2m=[0m489d1cf031bf8993416eee044dfe7d374c43bc159416ddb53ff8be4121005911
[2m2026-10-07T21:55:43.971502Z[0m [32m INFO[0m [2mtransparent_shard_server::display::live[0m[2m:[0m display publication prepared [3mmap[0m[2m=[0m489d1cf031bf8993416eee044dfe7d374c43bc159416ddb53ff8be4121005911 [3mbuilt[0m[2m=[0m2 [3mseconds[0m[2m=[0m1.332932084
[2m2026-10-07T21:55:48.936945Z[0m [32m INFO[0m [2mtransparent_shard_server::runtime[0m[2m:[0m retired runtime memory reclaimed [3mrss_before[0m[2m=[0m131932160 [3mrss_after[0m[2m=[0m127627264
[2m2026-10-07T21:55:50.084358Z[0m [32m INFO[0m [2mtransparent_shard_server::runtime[0m[2m:[0m loaded shipped runtime [3mkey[0m[2m=[0m("65b8d2aa765890e80424a5b1914358bfbdbfa7460c89e61621350994ffb67a57/directory-0", TxDirectory, 0) [3mload_seconds[0m[2m=[0m0.287248536 [3mcheck_seconds[0m[2m=[0m0.077162 [3mrow[0m[2m=[0m62
[2m2026-10-07T21:55:50.491381Z[0m [32m INFO[0m [2mtransparent_shard_server::runtime[0m[2m:[0m loaded shipped runtime [3mkey[0m[2m=[0m("65b8d2aa765890e80424a5b1914358bfbdbfa7460c89e61621350994ffb67a57", TxPages, 0) [3mload_seconds[0m[2m=[0m0.236955086 [3mcheck_seconds[0m[2m=[0m0.11154 [3mrow[0m[2m=[0m1018
[2m2026-10-07T21:55:50.491538Z[0m [32m INFO[0m [2mtransparent_shard_server::display::service[0m[2m:[0m display prewarm finished [3mwarm[0m[2m=[0m2 [3mtarget[0m[2m=[0m2 [3mseconds[0m[2m=[0m0.821363918 [3mmap[0m[2m=[0m3a363404897bf45d897c8cf05e1e9c65fa2d19b466734a21dcae471aa688ae44
[2m2026-10-07T21:55:50.491585Z[0m [32m INFO[0m [2mtransparent_shard_server::display::live[0m[2m:[0m display publication prepared [3mmap[0m[2m=[0m3a363404897bf45d897c8cf05e1e9c65fa2d19b466734a21dcae471aa688ae44 [3mbuilt[0m[2m=[0m2 [3mseconds[0m[2m=[0m1.563278656
[2m2026-10-07T21:55:55.303583Z[0m [32m INFO[0m [2mtransparent_shard_server::runtime[0m[2m:[0m retired runtime memory reclaimed [3mrss_before[0m[2m=[0m148676608 [3mrss_after[0m[2m=[0m127623168
[2m2026-10-07T21:55:56.228947Z[0m [32m INFO[0m [2mtransparent_shard_server::runtime[0m[2m:[0m loaded shipped runtime [3mkey[0m[2m=[0m("052e3df5f343a1f60144ac509ae86b6153074c03ab9c53c341e82f554b74fe29/directory-0", TxDirectory, 0) [3mload_seconds[0m[2m=[0m0.239188542 [3mcheck_seconds[0m[2m=[0m0.068509 [3mrow[0m[2m=[0m398
[2m2026-10-07T21:55:56.596849Z[0m [32m INFO[0m [2mtransparent_shard_server::runtime[0m[2m:[0m loaded shipped runtime [3mkey[0m[2m=[0m("052e3df5f343a1f60144ac509ae86b6153074c03ab9c53c341e82f554b74fe29", TxPages, 0) [3mload_seconds[0m[2m=[0m0.229410433 [3mcheck_seconds[0m[2m=[0m0.082726 [3mrow[0m[2m=[0m927
[2m2026-10-07T21:55:56.596997Z[0m [32m INFO[0m [2mtransparent_shard_server::display::service[0m[2m:[0m display prewarm finished [3mwarm[0m[2m=[0m2 [3mtarget[0m[2m=[0m2 [3mseconds[0m[2m=[0m0.730278731 [3mmap[0m[2m=[0m7bcdd9d1c10feba2eaba9ee97e481b40194a9b1a5806c12f02ec4db4c57fac0a
[2m2026-10-07T21:55:56.597033Z[0m [32m INFO[0m [2mtransparent_shard_server::display::live[0m[2m:[0m display publication prepared [3mmap[0m[2m=[0m7bcdd9d1c10feba2eaba9ee97e481b40194a9b1a5806c12f02ec4db4c57fac0a [3mbuilt[0m[2m=[0m2 [3mseconds[0m[2m=[0m1.299136424
[2m2026-10-07T21:56:01.569389Z[0m [32m INFO[0m [2mtransparent_shard_server::runtime[0m[2m:[0m retired runtime memory reclaimed [3mrss_before[0m[2m=[0m147673088 [3mrss_after[0m[2m=[0m127668224
[2m2026-10-07T21:56:03.143576Z[0m [32m INFO[0m [2mtransparent_shard_server::runtime[0m[2m:[0m loaded shipped runtime [3mkey[0m[2m=[0m("34a0612f02172e0a6e8b3c1acca8625d188834257e7e38a36602d9f13a39e509/directory-0", TxDirectory, 0) [3mload_seconds[0m[2m=[0m0.371667001 [3mcheck_seconds[0m[2m=[0m0.107165 [3mrow[0m[2m=[0m948
[2m2026-10-07T21:56:03.631040Z[0m [32m INFO[0m [2mtransparent_shard_server::runtime[0m[2m:[0m loaded shipped runtime [3mkey[0m[2m=[0m("34a0612f02172e0a6e8b3c1acca8625d188834257e7e38a36602d9f13a39e509", TxPages, 0) [3mload_seconds[0m[2m=[0m0.362322685 [3mcheck_seconds[0m[2m=[0m0.067707 [3mrow[0m[2m=[0m612
[2m2026-10-07T21:56:03.631189Z[0m [32m INFO[0m [2mtransparent_shard_server::display::service[0m[2m:[0m display prewarm finished [3mwarm[0m[2m=[0m2 [3mtarget[0m[2m=[0m2 [3mseconds[0m[2m=[0m1.059776174 [3mmap[0m[2m=[0m963baedfc1e2fa781362d06baa3a7d3629b715b8c0cf83caf730802ef8ba5311
[2m2026-10-07T21:56:03.631221Z[0m [32m INFO[0m [2mtransparent_shard_server::display::live[0m[2m:[0m display publication prepared [3mmap[0m[2m=[0m963baedfc1e2fa781362d06baa3a7d3629b715b8c0cf83caf730802ef8ba5311 [3mbuilt[0m[2m=[0m2 [3mseconds[0m[2m=[0m2.08547073
[2m2026-10-07T21:56:09.248822Z[0m [32m INFO[0m [2mtransparent_shard_server::runtime[0m[2m:[0m retired runtime memory reclaimed [3mrss_before[0m[2m=[0m131973120 [3mrss_after[0m[2m=[0m119308288
[2m2026-10-07T21:56:10.184678Z[0m [32m INFO[0m [2mtransparent_shard_server::runtime[0m[2m:[0m loaded shipped runtime [3mkey[0m[2m=[0m("137500c28f58e8006380d123603a37eac82254b220eceab177c8db17fd1e13f6/directory-0", TxDirectory, 0) [3mload_seconds[0m[2m=[0m0.233108956 [3mcheck_seconds[0m[2m=[0m0.067198 [3mrow[0m[2m=[0m834
[2m2026-10-07T21:56:10.535616Z[0m [32m INFO[0m [2mtransparent_shard_server::runtime[0m[2m:[0m loaded shipped runtime [3mkey[0m[2m=[0m("137500c28f58e8006380d123603a37eac82254b220eceab177c8db17fd1e13f6", TxPages, 0) [3mload_seconds[0m[2m=[0m0.232456444 [3mcheck_seconds[0m[2m=[0m0.066545 [3mrow[0m[2m=[0m886
[2m2026-10-07T21:56:10.535757Z[0m [32m INFO[0m [2mtransparent_shard_server::display::service[0m[2m:[0m display prewarm finished [3mwarm[0m[2m=[0m2 [3mtarget[0m[2m=[0m2 [3mseconds[0m[2m=[0m0.701958186 [3mmap[0m[2m=[0m49ed3dd6f2af3938ba3a0f9d9b4af21d117f233a4c215d7bb838d837963b0a6b
[2m2026-10-07T21:56:10.535784Z[0m [32m INFO[0m [2mtransparent_shard_server::display::live[0m[2m:[0m display publication prepared [3mmap[0m[2m=[0m49ed3dd6f2af3938ba3a0f9d9b4af21d117f233a4c215d7bb838d837963b0a6b [3mbuilt[0m[2m=[0m2 [3mseconds[0m[2m=[0m1.293973238
[2m2026-10-07T21:56:15.377283Z[0m [32m INFO[0m [2mtransparent_shard_server::runtime[0m[2m:[0m retired runtime memory reclaimed [3mrss_before[0m[2m=[0m149803008 [3mrss_after[0m[2m=[0m136142848
[2m2026-10-07T21:56:16.335574Z[0m [32m INFO[0m [2mtransparent_shard_server::runtime[0m[2m:[0m loaded shipped runtime [3mkey[0m[2m=[0m("f5dce49d7b32598a5fca49ff92061e0a113aefeb0f6e334448e7a7f30fb01f4a/directory-0", TxDirectory, 0) [3mload_seconds[0m[2m=[0m0.238051736 [3mcheck_seconds[0m[2m=[0m0.071855 [3mrow[0m[2m=[0m407
[2m2026-10-07T21:56:16.723343Z[0m [32m INFO[0m [2mtransparent_shard_server::runtime[0m[2m:[0m loaded shipped runtime [3mkey[0m[2m=[0m("f5dce49d7b32598a5fca49ff92061e0a113aefeb0f6e334448e7a7f30fb01f4a", TxPages, 0) [3mload_seconds[0m[2m=[0m0.265843408 [3mcheck_seconds[0m[2m=[0m0.074219 [3mrow[0m[2m=[0m801
[2m2026-10-07T21:56:16.723507Z[0m [32m INFO[0m [2mtransparent_shard_server::display::service[0m[2m:[0m display prewarm finished [3mwarm[0m[2m=[0m2 [3mtarget[0m[2m=[0m2 [3mseconds[0m[2m=[0m0.753515036 [3mmap[0m[2m=[0m96eeb776cd6bf1760d747d0cf20e8aa732b8ce7c70a12a422c0296a007679a4e
[2m2026-10-07T21:56:16.723549Z[0m [32m INFO[0m [2mtransparent_shard_server::display::live[0m[2m:[0m display publication prepared [3mmap[0m[2m=[0m96eeb776cd6bf1760d747d0cf20e8aa732b8ce7c70a12a422c0296a007679a4e [3mbuilt[0m[2m=[0m2 [3mseconds[0m[2m=[0m1.35298227
[2m2026-10-07T21:56:21.692340Z[0m [32m INFO[0m [2mtransparent_shard_server::runtime[0m[2m:[0m retired runtime memory reclaimed [3mrss_before[0m[2m=[0m132034560 [3mrss_after[0m[2m=[0m119390208
[2m2026-10-07T21:56:22.681611Z[0m [32m INFO[0m [2mtransparent_shard_server::runtime[0m[2m:[0m loaded shipped runtime [3mkey[0m[2m=[0m("22f4c086f6e46859abec4482a006a9554edcb72a58f649c54945ba950c6fb1b6/directory-0", TxDirectory, 0) [3mload_seconds[0m[2m=[0m0.231636087 [3mcheck_seconds[0m[2m=[0m0.078421 [3mrow[0m[2m=[0m956
[2m2026-10-07T21:56:23.052811Z[0m [32m INFO[0m [2mtransparent_shard_server::runtime[0m[2m:[0m loaded shipped runtime [3mkey[0m[2m=[0m("22f4c086f6e46859abec4482a006a9554edcb72a58f649c54945ba950c6fb1b6", TxPages, 0) [3mload_seconds[0m[2m=[0m0.247782909 [3mcheck_seconds[0m[2m=[0m0.067808 [3mrow[0m[2m=[0m207
[2m2026-10-07T21:56:23.052931Z[0m [32m INFO[0m [2mtransparent_shard_server::display::service[0m[2m:[0m display prewarm finished [3mwarm[0m[2m=[0m2 [3mtarget[0m[2m=[0m2 [3mseconds[0m[2m=[0m0.730012727 [3mmap[0m[2m=[0m581c20ff8b6f48229d16385b5804c00f573dfac105c9802f45ad9723dd55e32d
[2m2026-10-07T21:56:23.052951Z[0m [32m INFO[0m [2mtransparent_shard_server::display::live[0m[2m:[0m display publication prepared [3mmap[0m[2m=[0m581c20ff8b6f48229d16385b5804c00f573dfac105c9802f45ad9723dd55e32d [3mbuilt[0m[2m=[0m2 [3mseconds[0m[2m=[0m1.367343803
