   Compiling transparent-wallet v0.1.0 (/Users/roman/projects/spendability-pir/pir/transparent-wallet)
   Compiling transparent-wallet-store v0.1.0 (/Users/roman/projects/spendability-pir/pir/transparent-wallet-store)
   Compiling transparent-shard-server v0.1.0 (/Users/roman/projects/spendability-pir/server/transparent-shard-server)
    Finished `release-fast` profile [optimized] target(s) in 1m 07s
     Running unittests src/lib.rs (target/release-fast/deps/transparent_shard_server-878e3b0a8d20d490)

running 20 tests
test assignment::tests::overlapping_archive_owners_are_refused ... ok
test admission::tests::body_bytes_are_bounded_across_waiting_requests ... ok
test assignment::tests::a_shard_nobody_holds_must_be_listed_as_unassigned ... ok
test admission::tests::waiting_places_are_bounded_and_returned_on_drop ... ok
test assignment::tests::replicas_in_one_group_must_hold_the_same_shards ... ok
test assignment::tests::tiers_are_enforced_by_role ... ok
test assignment::tests::a_disjoint_covering_assignment_is_accepted_and_digests_stably ... ok
test assignment::tests::worker_identity_ignores_provenance_and_peers_but_binds_serving_state ... ok
test metrics::tests::timers_classify_success_error_and_dropped_handlers_once ... ok
test metrics::tests::labels_reach_every_series_and_the_histogram_is_cumulative ... ok
test runtime::tests::the_reservation_matches_what_residency_measured ... ok
test runtime::tests::only_the_database_term_follows_the_row_count ... ok
test admission::tests::a_dropped_wait_is_in_the_latency_histogram ... ok
test runtime::tests::every_registry_geometry_reserves_something_servable ... ok
test router::tests::the_caddyfile_routes_each_shard_to_its_owners_and_nothing_else ... ok
test router::tests::a_roster_that_cannot_hold_its_share_is_refused ... ok
test router::tests::the_archive_is_split_contiguously_and_balanced_by_reserved_bytes ... ok
test admission::tests::a_request_that_outwaits_its_deadline_is_refused_retryably ... ok
test runtime::disk::cache_integration_tests::restart_coalesces_restore_and_corruption_falls_back_without_losing_budget ... ok
test runtime::disk::tests::restored_runtimes_answer_identically_at_deployed_geometries ... ok

test result: ok. 20 passed; 0 failed; 0 ignored; 0 measured; 0 filtered out; finished in 13.90s

     Running unittests src/bin/shard-assign.rs (target/release-fast/deps/shard_assign-07c7f3d8b3617199)

running 0 tests

test result: ok. 0 passed; 0 failed; 0 ignored; 0 measured; 0 filtered out; finished in 0.00s

     Running unittests src/bin/shard-control.rs (target/release-fast/deps/shard_control-9831b58c4be99cdf)

running 0 tests

test result: ok. 0 passed; 0 failed; 0 ignored; 0 measured; 0 filtered out; finished in 0.00s

     Running unittests src/bin/shard-prune.rs (target/release-fast/deps/shard_prune-a53e6761e983d7a8)

running 0 tests

test result: ok. 0 passed; 0 failed; 0 ignored; 0 measured; 0 filtered out; finished in 0.00s

     Running unittests src/bin/shard-residency.rs (target/release-fast/deps/shard_residency-74fa847302769771)

running 0 tests

test result: ok. 0 passed; 0 failed; 0 ignored; 0 measured; 0 filtered out; finished in 0.00s

     Running unittests src/bin/shard-scaling.rs (target/release-fast/deps/shard_scaling-e10566c74a3d1c2a)

running 0 tests

test result: ok. 0 passed; 0 failed; 0 ignored; 0 measured; 0 filtered out; finished in 0.00s

     Running unittests src/bin/server.rs (target/release-fast/deps/transparent_shard_server-d2194763d121ee80)

running 0 tests

test result: ok. 0 passed; 0 failed; 0 ignored; 0 measured; 0 filtered out; finished in 0.00s

     Running tests/assignment.rs (target/release-fast/deps/assignment-7e9fe111ef9d9202)

running 8 tests
test a_hand_written_assignment_round_trips_and_checks_shape ... ok
test retention_by_bytes_keeps_newest_first_and_reports_the_rest_prunable ... ok
test an_assignment_for_another_map_is_refused ... ok
test the_plan_balances_owners_and_the_router_matches_the_golden_file ... ok
test a_subset_loads_only_assigned_tables_and_keeps_global_ids ... ok
test an_assignment_that_does_not_fit_the_cache_is_refused_in_warm_mode ... ok
test a_query_for_an_unassigned_shard_is_misdirected_and_public_bytes_are_served_for_all ... ok
test ready_waits_for_every_assigned_runtime_in_warm_mode_and_not_in_pilot_mode ... ok

test result: ok. 8 passed; 0 failed; 0 ignored; 0 measured; 0 filtered out; finished in 4.11s

     Running tests/geometry_costs.rs (target/release-fast/deps/geometry_costs-d6644a713242f599)

running 4 tests
test the_pinned_geometry_costs_what_it_did ... ok
test a_narrower_table_buys_a_smaller_query_and_nothing_else ... ok
test evaluation_keys_dominate_every_query_whatever_the_geometry ... ok
test the_archive_candidates_cost_what_the_plan_claims ... ok

test result: ok. 4 passed; 0 failed; 0 ignored; 0 measured; 0 filtered out; finished in 0.00s

     Running tests/operator_payloads.rs (target/release-fast/deps/operator_payloads-f32af37ae3d3308d)

running 2 tests
test the_operator_payloads_match_what_ops_parses ... ok
test verify_only_stdout_is_machine_readable_and_checks_cache_capacity ... ok

test result: ok. 2 passed; 0 failed; 0 ignored; 0 measured; 0 filtered out; finished in 1.09s

     Running tests/revisions_and_cache.rs (target/release-fast/deps/revisions_and_cache-0af32a9cd39a3dd8)

running 13 tests
test superseded_revisions_beyond_the_bound_are_refused ... ok
test a_revision_ahead_of_the_map_is_refused ... ok
test a_set_holding_a_superseded_revision_loads ... ok
test a_pruned_revision_is_refused_with_the_current_map_digest ... ok
test a_request_that_cannot_fit_the_budget_is_refused_retryably ... ok
test the_served_map_matches_its_advertised_digest ... ok
test a_segment_corrupted_after_loading_fails_its_build ... ok
test concurrent_cold_requests_build_once ... ok
test a_runtime_in_use_is_not_evicted_to_make_room ... ok
test each_revision_is_answered_under_its_own_identity ... ok
test a_second_runtime_evicts_the_first_rather_than_exceeding_the_budget ... ok
test live_prepare_activate_and_invalidate ... ok
test revision_churn_bounds_runtimes_and_collects_idle_snapshots ... ok

test result: ok. 13 passed; 0 failed; 0 ignored; 0 measured; 0 filtered out; finished in 12.75s

     Running tests/round_trip.rs (target/release-fast/deps/round_trip-21e5d9b9b3288f82)

running 17 tests
test a_shard_set_missing_a_shard_is_refused ... ok
test a_tampered_table_is_refused_at_load ... ok
test a_slow_upload_times_out_without_holding_a_place ... ok
test a_request_that_outwaits_its_deadline_is_refused_retryably ... ok
test a_truncated_query_is_refused_rather_than_padded ... ok
test an_oversized_query_is_refused_before_any_work ... ok
test the_map_is_identical_under_both_paths ... ok
test a_filter_for_a_shard_outside_the_set_is_refused ... ok
test the_manifest_route_serves_canonical_bytes_that_digest_to_the_path ... ok
test a_query_without_a_declared_length_is_refused ... ok
test each_shards_published_filter_is_served_verbatim ... ok
test a_full_queue_refuses_retryably_and_a_cancelled_waiter_frees_its_place ... ok
test unknown_shards_and_tables_are_refused ... ok
test a_query_built_for_one_table_is_refused_by_the_other ... ok
test a_query_built_for_one_shard_is_refused_by_another ... ok
test every_shard_reports_the_same_scheme_but_its_own_setup ... ok
test rows_retrieved_from_each_shard_equal_that_shards_published_table ... ok

test result: ok. 17 passed; 0 failed; 0 ignored; 0 measured; 0 filtered out; finished in 8.14s

     Running tests/wallet_anchor.rs (target/release-fast/deps/wallet_anchor-e4903b4b52fb2a15)

running 6 tests
test unknown_rejected_and_unpublished_targets_do_not_commit_progress ... ok
test future_only_pages_do_not_advance_discovery ... ok
test pagination_progress_counts_future_records_and_restarts_on_a_new_target ... ok
test a_replaced_tail_rewinds_pending_events_without_completed_coverage ... ok
test arbitrary_anchors_survive_restart_overlap_and_exact_rollback ... ok
test an_exact_common_ancestor_inside_a_shard_survives_a_real_fork ... ok

test result: ok. 6 passed; 0 failed; 0 ignored; 0 measured; 0 filtered out; finished in 9.89s

     Running tests/wallet_continuation.rs (target/release-fast/deps/wallet_continuation-9126d22ef8694fe7)

running 11 tests
test an_unused_wallet_persists_coverage_and_pays_only_cached_filters_next_time ... ok
test raising_required_from_after_the_fact_does_not_drop_retained_receives ... ok
test added_and_imported_scripts_are_discovered_over_their_earlier_ranges ... ok
test a_query_budget_stops_between_pages_and_resumes_exactly ... ok
test an_unrelenting_overload_persists_pending_and_never_reports_a_balance_as_synced ... ok
test a_stale_refresh_that_names_a_lower_anchor_or_another_set_is_refused ... ok
test a_restarted_wallet_resumes_from_its_commits_without_refetching ... ok
test a_spend_synced_later_resolves_against_a_receive_persisted_earlier ... ok
test a_superseded_provisional_tail_is_truncated_and_replayed_not_appended ... ok
test a_reorg_below_the_tier_boundary_rewinds_to_the_accepted_ancestor ... ok
test a_crash_around_the_pending_commit_resumes_without_duplicating_pages ... ok

test result: ok. 11 passed; 0 failed; 0 ignored; 0 measured; 0 filtered out; finished in 25.67s

     Running tests/wallet_sync.rs (target/release-fast/deps/wallet_sync-e505308911ab4e13)

running 19 tests
test an_unused_wallet_pays_only_the_public_floor ... ok
test a_wallet_refuses_a_manifest_that_does_not_digest_to_the_map ... ok
test a_service_serving_another_schema_is_refused ... ok
test init_declares_one_parameter_set_per_geometry ... ok
test a_503_that_names_no_delay_is_not_retried ... ok
test an_unrelenting_overload_stops_the_sync_without_advancing_coverage ... ok
test a_shard_naming_an_unknown_geometry_stops_the_sync ... ok
test a_birthday_that_omits_a_receive_cannot_report_complete ... ok
test a_shard_whose_pages_need_two_segments_syncs_exactly ... ok
test scripts_sharing_a_row_still_cost_a_fetch_each ... ok
test a_refresh_that_cannot_help_stops_the_sync_rather_than_looping ... ok
test coverage_does_not_advance_when_a_segment_is_missing ... ok
test a_corrupt_filter_with_an_unchanged_map_is_never_accepted ... ok
test an_overloaded_service_is_retried_and_the_sync_still_reconstructs_exactly ... ok
test a_wallet_syncs_across_a_geometry_boundary_exactly ... ok
test a_wallet_syncs_from_its_birthday_and_matches_an_independent_traversal ... ok
test a_genuine_manifest_is_verified_once_per_matched_shard ... ok
test a_wallet_holding_a_replaced_tail_revision_recovers_by_refreshing_the_map ... ok
test a_filter_replaced_after_the_map_was_read_refreshes_before_matching ... ok

test result: ok. 19 passed; 0 failed; 0 ignored; 0 measured; 0 filtered out; finished in 16.14s

     Running unittests src/lib.rs (target/release-fast/deps/transparent_wallet-b7459a14322ef822)

running 38 tests
test ledger::tests::a_receive_becomes_a_utxo_and_a_balance ... ok
test ledger::tests::a_repeated_unresolved_spend_is_recorded_once ... ok
test ledger::tests::a_conflicting_receive_for_one_outpoint_is_an_error ... ok
test ledger::tests::a_receive_and_its_spend_in_one_block_resolve_by_transaction_index ... ok
test ledger::tests::a_fully_spent_wallet_has_no_balance_but_keeps_its_history ... ok
test ledger::tests::a_spend_extended_later_resolves_against_a_kept_receive ... ok
test ledger::tests::a_spend_of_an_unknown_output_is_recorded_as_unresolved ... ok
test ledger::tests::a_spend_removes_its_output_and_is_recorded ... ok
test ledger::tests::an_unresolved_spend_is_resolved_by_a_receive_extended_later ... ok
test ledger::tests::coinbase_status_survives_replay_without_being_applied ... ok
test ledger::tests::duplicate_events_are_idempotent ... ok
test ledger::tests::events_are_replayed_in_chain_order_whatever_order_they_arrive_in ... ok
test ledger::tests::history_reports_net_value_per_transaction ... ok
test ledger::tests::several_outputs_of_one_transaction_are_distinct ... ok
test http::observation_tests::observes_success_refusal_payload_and_connection_failure_without_changing_results ... ok
test ledger::tests::the_identical_spend_twice_is_idempotent ... ok
test ledger::tests::the_same_outpoint_spent_by_two_transactions_is_an_error ... ok
test ledger::tests::truncating_above_a_height_restores_outputs_spent_above_it ... ok
test store::tests::ranges_are_kept_per_shard_in_order_without_repeats ... ok
test store::tests::uncovered_reports_the_gaps_and_nothing_else ... ok
test sync::tests::a_different_set_identity_is_not_a_continuation ... ok
test sync::tests::a_re_cut_covered_shard_is_not_a_continuation ... ok
test sync::tests::a_replaced_tail_over_an_agreeing_prefix_continues_the_set ... ok
test sync::tests::appended_shards_continue_the_set ... ok
test sync::tests::backoff_prefers_the_services_figure_and_caps_it ... ok
test sync::tests::coverage_ending_below_what_was_read_is_not_a_continuation ... ok
test sync::tests::a_manifest_is_accepted_only_when_it_agrees_with_the_map_in_every_field ... ok
test sync::tests::reseal_is_refused_but_a_new_geometry_is_not ... ok
test sync::tests::withdrawing_a_covered_shard_is_not_a_continuation ... ok
test transport::tests::a_refusal_is_found_through_a_wrapping_error ... ok
test transport::tests::a_stale_refusal_carries_the_map_digest_the_service_reported ... ok
test transport::tests::a_stale_refusal_survives_a_body_it_cannot_parse ... ok
test transport::tests::an_ordinary_failure_is_neither_refusal ... ok
test transport::tests::an_overload_is_recognised_by_its_delay_not_its_status ... ok
test transport::tests::an_unparsable_delay_is_still_an_overload ... ok
test transport::tests::only_a_conflict_is_a_stale_refusal ... ok
test transport::tests::refusal_dispatches_on_what_the_reply_says ... ok
test http::observation_tests::opt_in_retries_are_bounded_and_account_for_every_response ... ok

test result: ok. 38 passed; 0 failed; 0 ignored; 0 measured; 0 filtered out; finished in 1.02s

     Running tests/birthday_to_balance.rs (target/release-fast/deps/birthday_to_balance-53bc76b90ee89117)

running 4 tests
test a_later_birthday_recovers_exactly_the_history_from_that_shard_forward ... ok
test an_unused_wallet_matches_nothing_and_issues_no_queries ... ok
test the_ledger_replays_identically_from_shards_and_from_a_direct_traversal ... ok
test byte_accounting_separates_the_unconditional_floor_from_the_gated_work ... ok

test result: ok. 4 passed; 0 failed; 0 ignored; 0 measured; 0 filtered out; finished in 0.03s

     Running unittests src/lib.rs (target/release-fast/deps/transparent_wallet_store-0b96079d612b40b4)

running 0 tests

test result: ok. 0 passed; 0 failed; 0 ignored; 0 measured; 0 filtered out; finished in 0.00s

     Running tests/store_semantics.rs (target/release-fast/deps/store_semantics-6efd422cc450d0f7)

running 4 tests
test the_memory_store_meets_the_contract ... ok
test the_sqlite_store_meets_the_contract_in_memory ... ok
test migration_preserves_events_but_invalidates_unbound_legacy_progress ... ok
test the_sqlite_store_meets_the_contract_on_disk_and_survives_reopening ... ok

test result: ok. 4 passed; 0 failed; 0 ignored; 0 measured; 0 filtered out; finished in 0.20s

   Doc-tests transparent_shard_server

running 0 tests

test result: ok. 0 passed; 0 failed; 0 ignored; 0 measured; 0 filtered out; finished in 0.00s

   Doc-tests transparent_wallet

running 0 tests

test result: ok. 0 passed; 0 failed; 0 ignored; 0 measured; 0 filtered out; finished in 0.00s

   Doc-tests transparent_wallet_store

running 0 tests

test result: ok. 0 passed; 0 failed; 0 ignored; 0 measured; 0 filtered out; finished in 0.00s

