    Checking cfg-if v1.0.4
    Checking subtle v2.6.1
    Checking once_cell v1.21.4
    Checking arrayvec v0.7.6
    Checking memchr v2.8.0
    Checking pin-project-lite v0.2.17
    Checking libc v0.2.184
    Checking typenum v1.19.0
    Checking serde_core v1.0.228
    Checking itoa v1.0.18
    Checking log v0.4.29
    Checking crossbeam-utils v0.8.22
    Checking either v1.15.0
    Checking zeroize v1.8.2
    Checking smallvec v1.15.1
    Checking futures-core v0.3.32
    Checking zerocopy v0.8.48
    Checking zerofrom v0.1.7
    Checking stable_deref_trait v1.2.1
    Checking bitflags v2.11.0
    Checking rand_core v0.10.1
    Checking tracing-core v0.1.36
    Checking bytes v1.11.1
    Checking futures-sink v0.3.32
    Checking constant_time_eq v0.4.2
    Checking thiserror v2.0.18
    Checking memuse v0.2.2
    Checking yoke v0.8.2
    Checking scopeguard v1.2.0
    Checking futures-channel v0.3.32
    Checking arrayref v0.3.9
    Checking lock_api v0.4.14
    Checking tap v1.0.1
    Checking futures-io v0.3.34
    Checking slab v0.4.12
    Checking futures-task v0.3.32
    Checking blake2b_simd v1.0.4
    Checking wyz v0.5.1
    Checking zerovec v0.11.6
    Checking radium v0.7.0
    Checking crossbeam-epoch v0.9.20
    Checking zmij v1.0.21
    Checking funty v2.0.0
    Checking bitcoin-io v0.1.101
    Checking futures-util v0.3.32
    Checking hex-conservative v0.2.3
    Checking static_assertions v1.1.0
    Checking writeable v0.6.3
    Checking tower-service v0.3.3
    Checking litemap v0.8.2
    Checking bech32 v0.11.1
    Checking tracing v0.1.44
    Checking secp256k1-sys v0.10.1
    Checking aho-corasick v1.1.4
    Checking bitcoin_hashes v0.14.101
    Checking zerotrie v0.2.4
    Checking regex-syntax v0.8.10
    Checking crossbeam-deque v0.8.7
    Checking percent-encoding v2.3.2
    Checking utf8_iter v1.0.4
    Checking rayon-core v1.13.0
    Checking rustls-pki-types v1.14.0
    Checking getrandom v0.2.17
    Checking cpufeatures v0.2.17
    Checking errno v0.3.14
    Checking parking_lot_core v0.9.12
    Checking http v1.4.0
    Checking rand_core v0.6.4
    Checking signal-hook-registry v1.4.8
    Checking generic-array v0.14.7
    Checking mio v1.2.0
    Checking socket2 v0.6.3
    Checking parking_lot v0.12.5
    Checking bitvec v1.0.1
    Checking tinystr v0.8.3
    Checking getrandom v0.4.2
    Checking potential_utf v0.1.5
    Checking try-lock v0.2.5
    Checking utf8parse v0.2.2
    Checking icu_locale_core v2.2.0
    Checking untrusted v0.9.0
    Checking fastrand v2.4.1
    Checking icu_collections v2.2.0
    Checking rayon v1.12.0
    Checking tower-layer v0.3.3
    Checking ring v0.17.14
    Checking anstyle-parse v1.0.0
    Checking want v0.3.1
    Checking icu_normalizer_data v2.2.0
    Checking httparse v1.10.1
    Checking icu_properties_data v2.2.0
    Checking tokio v1.51.1
    Checking sync_wrapper v1.0.2
    Checking colorchoice v1.0.5
    Checking anstyle-query v1.1.5
    Checking anstyle v1.0.14
    Checking atomic-waker v1.1.2
    Checking httpdate v1.0.3
    Checking is_terminal_polyfill v1.70.2
    Checking thiserror v1.0.69
    Checking rand v0.10.2
    Checking anstream v1.0.0
    Checking crypto-common v0.1.7
    Checking block-buffer v0.10.4
    Checking form_urlencoded v1.2.2
    Checking digest v0.10.7
    Checking ipnet v2.12.0
    Checking base64 v0.22.1
    Checking sha2 v0.10.9
    Checking http-body v1.0.1
    Checking sha1 v0.10.6
    Checking http-body-util v0.1.3
    Checking inout v0.1.4
    Checking hybrid-array v0.2.3
    Checking clap_lex v1.1.0
    Checking strsim v0.11.1
    Checking ryu v1.0.23
    Checking cipher v0.4.4
    Checking webpki-roots v1.0.6
    Checking iri-string v0.7.12
    Checking jiff v0.2.23
    Checking clap_builder v4.6.0
    Checking corez v0.1.1
    Checking num-traits v0.2.19
    Checking hex_lit v0.1.1
    Checking base58ck v0.1.101
    Checking bitcoin-units v0.1.101
    Checking ppv-lite86 v0.2.21
    Checking universal-hash v0.5.1
    Checking nonempty v0.11.0
    Checking opaque-debug v0.3.1
    Checking regex-automata v0.4.14
    Checking poly1305 v0.8.0
    Checking rand_chacha v0.3.1
    Checking chacha20 v0.9.1
    Checking rand v0.8.5
    Checking bs58 v0.5.1
    Checking aead v0.5.2
    Checking zcash_spec v0.2.1
    Checking byteorder v1.5.0
    Checking zip32 v0.2.1
    Checking icu_provider v2.2.0
    Checking chacha20poly1305 v0.10.1
    Checking crypto-common v0.2.0-rc.1
    Checking block-buffer v0.11.0-rc.3
    Checking num-integer v0.1.46
    Checking libm v0.2.16
    Checking crunchy v0.2.4
    Checking cbc v0.1.2
    Checking icu_normalizer v2.2.0
    Checking serde v1.0.228
    Checking serde_json v1.0.149
    Checking icu_properties v2.2.0
    Checking num-bigint v0.4.6
    Checking rustls-webpki v0.103.10
    Checking zakura-halo2-legacy-pdqsort v1.0.1
    Checking zcash_note_encryption v0.4.2
    Checking hex v0.4.3
    Checking secp256k1 v0.29.1
    Checking serde_urlencoded v0.7.1
    Checking transparent-events v0.1.0 (/Users/roman/projects/spendability-pir/pir/transparent-events)
    Checking rustls v0.23.37
    Checking zcash_encoding v0.4.0
    Checking bitcoin v0.32.102
    Checking maybe-rayon v0.1.1
    Checking zcash_protocol v0.10.5
    Checking bounded-vec v0.9.0
    Checking rustix v1.1.4
    Checking valar-spiral-rs v0.5.2 (https://github.com/valargroup/spiral-rs.git?rev=6f5b66c6a5a639827c6486c59d31c7ec2d4399a8#6f5b66c6)
    Checking aes v0.8.4
    Checking ff v0.14.0
    Checking ripemd v0.1.3
    Checking group v0.14.0
    Checking digest v0.11.0-pre.9
    Checking f4jumble v0.1.1
    Checking blake2s_simd v1.0.5
    Checking incrementalmerkletree v0.8.2
    Checking zakura-pasta-curves v1.0.1
    Checking zakura-pairing v1.0.1
    Checking zakura-bls12-381 v1.0.1
    Checking ripemd v0.2.0-pre.4
    Checking hmac v0.13.0-pre.4
    Checking sha2 v0.11.0-pre.4
    Checking rustc-hex v2.1.0
    Checking lazy_static v1.5.0
    Checking idna_adapter v1.2.1
    Checking zakura-bellman v1.0.1
    Checking fixed-hash v0.8.0
    Checking zcash_address v0.13.0
    Checking idna v1.1.0
    Checking uint v0.9.5
    Checking curve25519-dalek v4.1.3
    Checking option-ext v0.2.0
    Checking inspiring v0.1.0 (https://github.com/valargroup/ipir-sp.git?rev=223626ffdd28bd1400dd0b62027a8f366665aa4f#223626ff)
    Checking url v2.5.8
    Checking clap v4.6.0
    Checking equivalent v1.0.2
    Checking signature v2.2.0
    Checking foldhash v0.2.0
    Checking allocator-api2 v0.2.21
    Checking fpe v0.6.1
    Checking core-foundation-sys v0.8.7
    Checking ed25519 v2.2.3
    Checking iana-time-zone v0.1.65
    Checking zakura-jubjub v1.0.1
    Checking dirs-sys v0.5.0
    Checking ref-cast v1.0.27
    Checking hashbrown v0.16.1
    Checking primitive-types v0.12.2
    Checking equihash v0.3.0
    Checking futures-executor v0.3.32
    Checking objc2-core-foundation v0.3.2
    Checking simplepir-kernel v0.1.0 (https://github.com/valargroup/ipir-sp.git?rev=223626ffdd28bd1400dd0b62027a8f366665aa4f#223626ff)
    Checking mime v0.3.17
    Checking dyn-clone v1.0.20
    Checking futures v0.3.32
    Checking schemars v1.2.2
    Checking strum v0.27.2
    Checking axum-core v0.4.5
    Checking serde_with v3.22.0
    Checking tempfile v3.27.0
    Checking dirs v6.0.0
    Checking chrono v0.4.45
    Checking sharded-slab v0.1.7
    Checking bip32 v0.6.0-pre.1
    Checking x25519-dalek v2.0.1
    Checking uint v0.10.1
    Checking ed25519-zebra v4.2.0
    Checking serde-big-array v0.5.1
    Checking zcash_script v0.4.5
    Checking bitflags-serde-legacy v0.1.1
    Checking serde_path_to_error v0.1.20
    Checking tracing-log v0.2.0
    Checking itertools v0.14.0
    Checking thread_local v1.1.9
    Checking objc2-io-kit v0.3.2
    Checking fnv v1.0.7
    Checking matchit v0.7.3
    Checking nu-ansi-term v0.50.3
    Checking humantime v2.4.0
    Checking prometheus v0.13.4
    Checking arc-swap v1.9.1
    Checking tower-http v0.5.2
    Checking sysinfo v0.36.1
    Checking ahash v0.8.12
    Checking libsqlite3-sys v0.30.1
    Checking hashbrown v0.14.5
    Checking zcash_history v0.5.0
    Checking fallible-streaming-iterator v0.1.9
    Checking fallible-iterator v0.3.0
    Checking zakura-reddsa v1.0.1
    Checking zakura-halo2-proofs v1.0.1
    Checking zakura-sinsemilla v1.0.1
    Checking zakura-halo2-poseidon v1.0.1
    Checking zcash_transparent v0.10.0
    Checking zakura-redjubjub v1.0.1
    Checking regex v1.12.3
    Checking matchers v0.2.0
    Checking zakura-sapling-crypto v1.0.1
    Checking tracing-subscriber v0.3.23
    Checking hashlink v0.9.1
    Checking env_filter v1.0.1
    Checking rusqlite v0.32.1
    Checking env_logger v0.11.10
    Checking hyper v1.9.0
    Checking tower v0.5.3
    Checking ipir-sp v0.1.0 (https://github.com/valargroup/ipir-sp.git?rev=223626ffdd28bd1400dd0b62027a8f366665aa4f#223626ff)
    Checking tower-http v0.6.8
    Checking hyper-util v0.1.20
    Checking transparent-filter v0.1.0 (/Users/roman/projects/spendability-pir/pir/transparent-filter)
    Checking tokio-rustls v0.26.4
    Checking transparent-shard v0.1.0 (/Users/roman/projects/spendability-pir/pir/transparent-shard)
    Checking hyper-rustls v0.27.7
    Checking axum v0.7.9
    Checking reqwest v0.12.28
    Checking zakura-halo2-gadgets v1.0.1
    Checking transparent-spend-pir v0.1.0 (/Users/roman/projects/spendability-pir/pir/transparent-spend)
    Checking enhance-pir v0.1.0 (/Users/roman/projects/spendability-pir/pir/enhance)
    Checking transparent-wallet v0.1.0 (/Users/roman/projects/spendability-pir/pir/transparent-wallet)
    Checking zakura-orchard v1.0.1
    Checking transparent-wallet-store v0.1.0 (/Users/roman/projects/spendability-pir/pir/transparent-wallet-store)
    Checking zakura-primitives v1.0.1
    Checking zakura-chain v6.0.0 (https://github.com/zakura-core/zakura.git?rev=1faf150fc3648aae22c55a6b30f8f5a9b9ce934e#1faf150f)
    Checking enhance-pir-server v0.1.0 (/Users/roman/projects/spendability-pir/server/enhance-pir-server)
    Checking transparent-shard-server v0.1.0 (/Users/roman/projects/spendability-pir/server/transparent-shard-server)
    Finished `release-fast` profile [optimized] target(s) in 22.62s
