{"event": "fleet_command", "tool": "ssh", "seconds": 0.02046, "exit_code": 0}
{"event": "fleet_command", "tool": "ssh", "seconds": 0.015585, "exit_code": 0}
{"event": "fleet_command", "tool": "rsync", "seconds": 0.108515, "exit_code": 0}
{"event": "fleet_command", "tool": "rsync", "seconds": 0.066032, "exit_code": 0}
{"event": "fleet_command", "tool": "ssh", "seconds": 9.843334, "exit_code": 0}
[2m2026-09-09T20:55:19.316039Z[0m [32m INFO[0m [2mtransparent_shard_server[0m[2m:[0m loaded shard set [3mshards[0m[2m=[0m174 [3massigned[0m[2m=[0m14 [3mrevisions[0m[2m=[0m17 [3mprunable[0m[2m=[0m0 [3mgeometries[0m[2m=[0m["archive-wide", "recent-8k"] [3mmap_sha256[0m[2m=[0m"18ef555c5441127e75a343af123291bbd01bfedd39e913fb705587f6629938e1" [3mworker_id[0m[2m=[0m"transparent-pir-recent-01" [3massignment_sha256[0m[2m=[0m"bbdbc1d0b92a1daedab3cd582b4c5d7e467d7b5244b23145d142981f0c3b5b6c" [3mstart[0m[2m=[0m0 [3mcovered_through[0m[2m=[0m3477770
{"event": "fleet_command", "tool": "ssh", "seconds": 0.024012, "exit_code": 0}
{"event": "fleet_command", "tool": "ssh", "seconds": 0.16174, "exit_code": 0}
{"level":"info","ts":1788987320.2021227,"msg":"using provided configuration","config_file":"/etc/caddy/Caddyfile.live-next","config_adapter":"caddyfile"}
{"level":"info","ts":1788987320.2049918,"logger":"http","msg":"server is listening only on the HTTPS port but has no TLS connection policies; adding one to enable TLS","server_name":"srv0","https_port":443}
{"level":"info","ts":1788987320.2050326,"logger":"http","msg":"enabling automatic HTTP->HTTPS redirects","server_name":"srv0"}
{"level":"info","ts":1788987320.2050729,"logger":"tls.cache.maintenance","msg":"started background certificate maintenance","cache":"0xc0001d8d20"}
{"level":"info","ts":1788987320.2055147,"logger":"tls.cache.maintenance","msg":"stopped background certificate maintenance","cache":"0xc0001d8d20"}
Valid configuration
{"level":"warn","ts":1788987320.3215122,"msg":"unable to determine directory for user configuration; falling back to current directory","error":"neither $XDG_CONFIG_HOME nor $HOME are defined"}
{"level":"info","ts":1788987320.3220415,"msg":"using provided configuration","config_file":"/etc/caddy/Caddyfile.maintenance-next","config_adapter":"caddyfile"}
{"level":"info","ts":1788987320.3242705,"logger":"http","msg":"server is listening only on the HTTPS port but has no TLS connection policies; adding one to enable TLS","server_name":"srv0","https_port":443}
{"level":"info","ts":1788987320.3242936,"logger":"http","msg":"enabling automatic HTTP->HTTPS redirects","server_name":"srv0"}
{"level":"info","ts":1788987320.3243463,"logger":"tls.cache.maintenance","msg":"started background certificate maintenance","cache":"0xc000242770"}
{"level":"info","ts":1788987320.3246899,"logger":"tls.cache.maintenance","msg":"stopped background certificate maintenance","cache":"0xc000242770"}
Valid configuration
{"event": "fleet_command", "tool": "ssh", "seconds": 0.316191, "exit_code": 0}
{"event": "fleet_command", "tool": "ssh", "seconds": 0.014012, "exit_code": 0}
{"event": "fleet_command", "tool": "rsync", "seconds": 0.061246, "exit_code": 0}
{"event": "fleet_command", "tool": "rsync", "seconds": 0.060779, "exit_code": 0}
{"event": "fleet_command", "tool": "ssh", "seconds": 8.445292, "exit_code": 0}
[2m2026-09-09T20:55:28.619442Z[0m [32m INFO[0m [2mtransparent_shard_server[0m[2m:[0m loaded shard set [3mshards[0m[2m=[0m174 [3massigned[0m[2m=[0m14 [3mrevisions[0m[2m=[0m17 [3mprunable[0m[2m=[0m0 [3mgeometries[0m[2m=[0m["archive-wide", "recent-8k"] [3mmap_sha256[0m[2m=[0m"2acc2f820587d0d2dc8eadb306f78276b3f73c11cdfe97edccbcd4dbf7e63dc0" [3mworker_id[0m[2m=[0m"transparent-pir-recent-01" [3massignment_sha256[0m[2m=[0m"d7aa42bcd67173e1e806295d70693f3e65ea7238d37d2522318f0652f3d7e7b4" [3mstart[0m[2m=[0m0 [3mcovered_through[0m[2m=[0m3477771
{"event": "fleet_command", "tool": "ssh", "seconds": 0.015903, "exit_code": 0}
{"event": "fleet_command", "tool": "ssh", "seconds": 1.097335, "exit_code": 0}
{"event": "fleet_command", "tool": "ssh", "seconds": 0.014483, "exit_code": 0}
transparent-pir-recent-01: warm with publication control
{"event": "fleet_command", "tool": "ssh", "seconds": 0.014474, "exit_code": 0}
{"event": "fleet_command", "tool": "ssh", "seconds": 0.013448, "exit_code": 0}
{"event": "fleet_command", "tool": "soak-query", "seconds": 5.09884, "exit_code": 0}
{"event": "fleet_command", "tool": "ssh", "seconds": 0.010928, "exit_code": 0}
{"event": "fleet_command", "tool": "ssh", "seconds": 0.01218, "exit_code": 0}
{"event": "fleet_command", "tool": "ssh", "seconds": 0.015639, "exit_code": 0}
{"event": "fleet_command", "tool": "ssh", "seconds": 0.019533, "exit_code": 0}
{"event": "fleet_command", "tool": "ssh", "seconds": 0.023001, "exit_code": 0}
{"event": "fleet_command", "tool": "ssh", "seconds": 0.031487, "exit_code": 0}
{"level":"warn","ts":1788987361.7710953,"msg":"unable to determine directory for user configuration; falling back to current directory","error":"neither $XDG_CONFIG_HOME nor $HOME are defined"}
{"level":"info","ts":1788987361.7716508,"msg":"using provided configuration","config_file":"/etc/caddy/Caddyfile.maintenance-next","config_adapter":"caddyfile"}
{"level":"info","ts":1788987361.7738698,"logger":"http","msg":"server is listening only on the HTTPS port but has no TLS connection policies; adding one to enable TLS","server_name":"srv0","https_port":443}
{"level":"info","ts":1788987361.7738936,"logger":"http","msg":"enabling automatic HTTP->HTTPS redirects","server_name":"srv0"}
{"level":"info","ts":1788987361.7739565,"logger":"tls.cache.maintenance","msg":"started background certificate maintenance","cache":"0xc000240620"}
{"level":"info","ts":1788987361.7743764,"logger":"tls.cache.maintenance","msg":"stopped background certificate maintenance","cache":"0xc000240620"}
Valid configuration
{"event": "fleet_command", "tool": "ssh", "seconds": 0.347993, "exit_code": 0}
{"level":"info","ts":1788987361.8757546,"msg":"using provided configuration","config_file":"/etc/caddy/Caddyfile.live-next","config_adapter":"caddyfile"}
{"level":"info","ts":1788987361.8834481,"logger":"http","msg":"server is listening only on the HTTPS port but has no TLS connection policies; adding one to enable TLS","server_name":"srv0","https_port":443}
{"level":"info","ts":1788987361.8834913,"logger":"http","msg":"enabling automatic HTTP->HTTPS redirects","server_name":"srv0"}
{"level":"info","ts":1788987361.8867826,"logger":"tls.cache.maintenance","msg":"started background certificate maintenance","cache":"0xc0001cb180"}
{"level":"info","ts":1788987361.9116838,"logger":"tls.cache.maintenance","msg":"stopped background certificate maintenance","cache":"0xc0001cb180"}
Valid configuration
