2026-09-09T08:00:31+00:00 transparent-pir-loadgen-01 systemd[1]: Started transparent-m1-full-qualification.service - /usr/bin/python3 ops/scripts/run-transparent-burst.py --systemd --fixture /opt/transparent-full-fixture-20260909/fixture.json --test-binary /opt/transparent-full-20260909/burst-test --source-sha 14f3919a86fab1c2be44877026a9d50270f70e88 --repetitions 2 --out /opt/transparent-full-20260909/full-results.
2026-09-09T08:00:31+00:00 transparent-pir-loadgen-01 python3[105356]: Reports: /opt/transparent-full-20260909/full-results
2026-09-09T08:00:31+00:00 transparent-pir-loadgen-01 python3[105356]: Running repeat-1-slots-1
2026-09-09T08:00:36+00:00 transparent-pir-loadgen-01 python3[105356]: {"name": "repeat-1-slots-1", "build_slots": 1, "exit_code": 101, "report": "repeat-1-slots-1.json"}
2026-09-09T08:00:36+00:00 transparent-pir-loadgen-01 python3[105356]: Running repeat-1-slots-2
2026-09-09T08:00:40+00:00 transparent-pir-loadgen-01 python3[105356]: {"name": "repeat-1-slots-2", "build_slots": 2, "exit_code": 101, "report": "repeat-1-slots-2.json"}
2026-09-09T08:00:40+00:00 transparent-pir-loadgen-01 python3[105356]: Running repeat-2-slots-2
2026-09-09T08:00:44+00:00 transparent-pir-loadgen-01 python3[105356]: {"name": "repeat-2-slots-2", "build_slots": 2, "exit_code": 101, "report": "repeat-2-slots-2.json"}
2026-09-09T08:00:44+00:00 transparent-pir-loadgen-01 python3[105356]: Running repeat-2-slots-1
2026-09-09T08:00:49+00:00 transparent-pir-loadgen-01 python3[105356]: {"name": "repeat-2-slots-1", "build_slots": 1, "exit_code": 101, "report": "repeat-2-slots-1.json"}
2026-09-09T08:00:49+00:00 transparent-pir-loadgen-01 systemd[1]: transparent-m1-full-qualification.service: Main process exited, code=exited, status=1/FAILURE
2026-09-09T08:00:49+00:00 transparent-pir-loadgen-01 systemd[1]: transparent-m1-full-qualification.service: Failed with result 'exit-code'.
2026-09-09T08:03:27+00:00 transparent-pir-loadgen-01 systemd[1]: Started transparent-m1-full-qualification-2.service - /usr/bin/python3 ops/scripts/run-transparent-burst.py --systemd --fixture /opt/transparent-full-fixture-20260909/fixture-canonical.json --test-binary /opt/transparent-full-20260909/burst-test --source-sha 14f3919a86fab1c2be44877026a9d50270f70e88 --repetitions 2 --out /opt/transparent-full-20260909/full-results-2.
2026-09-09T08:03:28+00:00 transparent-pir-loadgen-01 python3[105603]: Reports: /opt/transparent-full-20260909/full-results-2
2026-09-09T08:03:28+00:00 transparent-pir-loadgen-01 python3[105603]: Running repeat-1-slots-1
2026-09-09T08:06:11+00:00 transparent-pir-loadgen-01 python3[105603]: {"name": "repeat-1-slots-1", "build_slots": 1, "exit_code": 0, "report": "repeat-1-slots-1.json", "load_overlapped_burst": true, "assigned_shards": 14, "kernel_peak_bytes": 5906628608, "modeled_host_headroom_fraction": 0.2498779296875, "memory_qualification_passed": false, "kernel_memory_events": {"low": "0", "high": "9996", "max": "0", "oom": "0", "oom_kill": "0", "oom_group_kill": "0"}, "exact_query_count": 211, "query_p50_seconds": 0.024528628, "query_p95_seconds": 0.093712649, "completed": true, "exact_queries": true, "worker_30s_budget_passed": true, "max_worker_visibility_seconds": 21.00386551, "peak_process_rss_bytes": 5661671424}
2026-09-09T08:06:11+00:00 transparent-pir-loadgen-01 python3[105603]: Running repeat-1-slots-2
2026-09-09T08:07:59+00:00 transparent-pir-loadgen-01 systemd[1]: Stopping transparent-m1-full-qualification-2.service - /usr/bin/python3 ops/scripts/run-transparent-burst.py --systemd --fixture /opt/transparent-full-fixture-20260909/fixture-canonical.json --test-binary /opt/transparent-full-20260909/burst-test --source-sha 14f3919a86fab1c2be44877026a9d50270f70e88 --repetitions 2 --out /opt/transparent-full-20260909/full-results-2...
2026-09-09T08:07:59+00:00 transparent-pir-loadgen-01 systemd[1]: transparent-m1-full-qualification-2.service: Deactivated successfully.
2026-09-09T08:07:59+00:00 transparent-pir-loadgen-01 systemd[1]: Stopped transparent-m1-full-qualification-2.service - /usr/bin/python3 ops/scripts/run-transparent-burst.py --systemd --fixture /opt/transparent-full-fixture-20260909/fixture-canonical.json --test-binary /opt/transparent-full-20260909/burst-test --source-sha 14f3919a86fab1c2be44877026a9d50270f70e88 --repetitions 2 --out /opt/transparent-full-20260909/full-results-2.
2026-09-09T08:08:11+00:00 transparent-pir-loadgen-01 systemd[1]: Started transparent-m1-full-qualification-3.service - /usr/bin/python3 ops/scripts/run-transparent-burst.py --systemd --host-overhead-bytes 805306368 --fixture /opt/transparent-full-fixture-20260909/fixture-canonical.json --test-binary /opt/transparent-full-20260909/burst-test --source-sha 14f3919a86fab1c2be44877026a9d50270f70e88 --repetitions 2 --out /opt/transparent-full-20260909/full-results-3.
2026-09-09T08:08:11+00:00 transparent-pir-loadgen-01 python3[106743]: Reports: /opt/transparent-full-20260909/full-results-3
2026-09-09T08:08:11+00:00 transparent-pir-loadgen-01 python3[106743]: Running repeat-1-slots-1
2026-09-09T08:10:53+00:00 transparent-pir-loadgen-01 python3[106743]: {"name": "repeat-1-slots-1", "build_slots": 1, "exit_code": 0, "report": "repeat-1-slots-1.json", "load_overlapped_burst": true, "assigned_shards": 14, "kernel_peak_bytes": 5906612224, "modeled_host_headroom_fraction": 0.2186298370361328, "memory_qualification_passed": true, "kernel_memory_events": {"low": "0", "high": "9639", "max": "0", "oom": "0", "oom_kill": "0", "oom_group_kill": "0"}, "exact_query_count": 211, "query_p50_seconds": 0.024197547, "query_p95_seconds": 0.070701367, "completed": true, "exact_queries": true, "worker_30s_budget_passed": true, "max_worker_visibility_seconds": 20.721283265, "peak_process_rss_bytes": 5425905664}
2026-09-09T08:10:53+00:00 transparent-pir-loadgen-01 python3[106743]: Running repeat-1-slots-2
2026-09-09T08:12:57+00:00 transparent-pir-loadgen-01 python3[106743]: {"name": "repeat-1-slots-2", "build_slots": 2, "exit_code": 0, "report": "repeat-1-slots-2.json", "load_overlapped_burst": true, "assigned_shards": 14, "kernel_peak_bytes": 5906628608, "modeled_host_headroom_fraction": 0.2186279296875, "memory_qualification_passed": true, "kernel_memory_events": {"low": "0", "high": "10186", "max": "0", "oom": "0", "oom_kill": "0", "oom_group_kill": "0"}, "exact_query_count": 207, "query_p50_seconds": 0.024853215, "query_p95_seconds": 0.11026251, "completed": true, "exact_queries": true, "worker_30s_budget_passed": true, "max_worker_visibility_seconds": 29.973216189, "peak_process_rss_bytes": 5797441536}
2026-09-09T08:12:57+00:00 transparent-pir-loadgen-01 python3[106743]: Running repeat-2-slots-2
2026-09-09T08:15:02+00:00 transparent-pir-loadgen-01 python3[106743]: {"name": "repeat-2-slots-2", "build_slots": 2, "exit_code": 0, "report": "repeat-2-slots-2.json", "load_overlapped_burst": true, "assigned_shards": 14, "kernel_peak_bytes": 5906509824, "modeled_host_headroom_fraction": 0.2186417579650879, "memory_qualification_passed": true, "kernel_memory_events": {"low": "0", "high": "10797", "max": "0", "oom": "0", "oom_kill": "0", "oom_group_kill": "0"}, "exact_query_count": 191, "query_p50_seconds": 0.024507095, "query_p95_seconds": 0.088021026, "completed": true, "exact_queries": true, "worker_30s_budget_passed": false, "max_worker_visibility_seconds": 30.175376814, "peak_process_rss_bytes": 5638389760}
2026-09-09T08:15:02+00:00 transparent-pir-loadgen-01 python3[106743]: Running repeat-2-slots-1
2026-09-09T08:17:48+00:00 transparent-pir-loadgen-01 python3[106743]: {"name": "repeat-2-slots-1", "build_slots": 1, "exit_code": 0, "report": "repeat-2-slots-1.json", "load_overlapped_burst": true, "assigned_shards": 14, "kernel_peak_bytes": 5906599936, "modeled_host_headroom_fraction": 0.21863126754760742, "memory_qualification_passed": true, "kernel_memory_events": {"low": "0", "high": "9702", "max": "0", "oom": "0", "oom_kill": "0", "oom_group_kill": "0"}, "exact_query_count": 255, "query_p50_seconds": 0.024756499, "query_p95_seconds": 0.085583927, "completed": true, "exact_queries": true, "worker_30s_budget_passed": true, "max_worker_visibility_seconds": 26.450762586, "peak_process_rss_bytes": 5506150400}
2026-09-09T08:17:48+00:00 transparent-pir-loadgen-01 systemd[1]: transparent-m1-full-qualification-3.service: Main process exited, code=exited, status=1/FAILURE
2026-09-09T08:17:48+00:00 transparent-pir-loadgen-01 systemd[1]: transparent-m1-full-qualification-3.service: Failed with result 'exit-code'.
