{
  "protocol": "ironwood-enhance-pir-v4",
  "seconds": 15.016492541,
  "concurrency": 4,
  "offered_qps": null,
  "completed": 2138,
  "succeeded": 1814,
  "incorrect_answers": 0,
  "errors": {
    "http_429": 324
  },
  "unstarted_arrivals": 0,
  "correct_queries_per_second": 120.80051283927848,
  "p50_ms": 19.983,
  "p95_ms": 28.127,
  "p99_ms": 43.295,
  "scheduled_p99_ms": 43.295,
  "exact_answer_oracle": true,
  "warmup_errors": {
    "http_429": 45
  },
  "warmup_correct_answers": 242,
  "warmup_incorrect_answers": 0
}
