Sep 09 08:35:41 enhance-pir-coordinator-01 systemd[1]: Started transparent-m1-stage-build.service - /root/.cargo/bin/cargo test --release -p transparent-shard-server --test revisions_and_cache --no-run.
Sep 09 08:35:41 enhance-pir-coordinator-01 cargo[1412638]:    Compiling transparent-shard-server v0.1.0 (/opt/transparent-publisher-build/m1-burst-20260909/server/transparent-shard-server)
Sep 09 08:37:17 enhance-pir-coordinator-01 cargo[1412638]:     Finished `release` profile [optimized] target(s) in 1m 36s
Sep 09 08:37:17 enhance-pir-coordinator-01 cargo[1412638]:   Executable tests/revisions_and_cache.rs (/opt/transparent-publisher-build/6e0c65c/target/release/deps/revisions_and_cache-21161dbd23316f1f)
Sep 09 08:37:17 enhance-pir-coordinator-01 systemd[1]: transparent-m1-stage-build.service: Deactivated successfully.
Sep 09 08:37:17 enhance-pir-coordinator-01 systemd[1]: transparent-m1-stage-build.service: Consumed 2min 58.403s CPU time, 1.8G memory peak, 0B memory swap peak.
Sep 09 08:45:03 enhance-pir-coordinator-01 systemd[1]: Started transparent-m1-stage-fix-build.service - /root/.cargo/bin/cargo test --release -p transparent-shard-server --test revisions_and_cache --no-run.
Sep 09 08:45:04 enhance-pir-coordinator-01 cargo[1415993]:    Compiling transparent-shard-server v0.1.0 (/opt/transparent-publisher-build/m1-burst-20260909/server/transparent-shard-server)
Sep 09 08:45:37 enhance-pir-coordinator-01 cargo[1415993]: error[E0624]: method `is_warm` is private
Sep 09 08:45:37 enhance-pir-coordinator-01 cargo[1415993]:    --> server/transparent-shard-server/tests/support/burst.rs:122:27
Sep 09 08:45:37 enhance-pir-coordinator-01 cargo[1415993]:     |
Sep 09 08:45:37 enhance-pir-coordinator-01 cargo[1415993]: 122 |     let cold_warm = state.is_warm();
Sep 09 08:45:37 enhance-pir-coordinator-01 cargo[1415993]:     |                           ^^^^^^^ private method
Sep 09 08:45:37 enhance-pir-coordinator-01 cargo[1415993]:     |
Sep 09 08:45:37 enhance-pir-coordinator-01 cargo[1415993]:    ::: /opt/transparent-publisher-build/m1-burst-20260909/server/transparent-shard-server/src/service.rs:454:5
Sep 09 08:45:37 enhance-pir-coordinator-01 cargo[1415993]:     |
Sep 09 08:45:37 enhance-pir-coordinator-01 cargo[1415993]: 454 |     pub(crate) fn is_warm(&self) -> bool {
Sep 09 08:45:37 enhance-pir-coordinator-01 cargo[1415993]:     |     ------------------------------------ private method defined here
Sep 09 08:45:37 enhance-pir-coordinator-01 cargo[1415993]: For more information about this error, try `rustc --explain E0624`.
Sep 09 08:45:37 enhance-pir-coordinator-01 cargo[1415993]: error: could not compile `transparent-shard-server` (test "revisions_and_cache") due to 1 previous error
Sep 09 08:45:37 enhance-pir-coordinator-01 cargo[1415993]: warning: build failed, waiting for other jobs to finish...
Sep 09 08:46:09 enhance-pir-coordinator-01 systemd[1]: transparent-m1-stage-fix-build.service: Main process exited, code=exited, status=101/n/a
Sep 09 08:46:09 enhance-pir-coordinator-01 systemd[1]: transparent-m1-stage-fix-build.service: Failed with result 'exit-code'.
Sep 09 08:46:09 enhance-pir-coordinator-01 systemd[1]: transparent-m1-stage-fix-build.service: Consumed 1min 28.480s CPU time.
Sep 09 08:47:52 enhance-pir-coordinator-01 systemd[1]: Started transparent-m1-stage-fix2-build.service - /root/.cargo/bin/cargo test --release -p transparent-shard-server --test revisions_and_cache --no-run.
Sep 09 08:47:52 enhance-pir-coordinator-01 cargo[1416948]:    Compiling transparent-shard-server v0.1.0 (/opt/transparent-publisher-build/m1-burst-20260909/server/transparent-shard-server)
Sep 09 08:49:30 enhance-pir-coordinator-01 cargo[1416948]:     Finished `release` profile [optimized] target(s) in 1m 38s
Sep 09 08:49:30 enhance-pir-coordinator-01 cargo[1416948]:   Executable tests/revisions_and_cache.rs (/opt/transparent-publisher-build/6e0c65c/target/release/deps/revisions_and_cache-21161dbd23316f1f)
Sep 09 08:49:30 enhance-pir-coordinator-01 systemd[1]: transparent-m1-stage-fix2-build.service: Deactivated successfully.
Sep 09 08:49:30 enhance-pir-coordinator-01 systemd[1]: transparent-m1-stage-fix2-build.service: Consumed 2min 57.595s CPU time, 1.8G memory peak, 0B memory swap peak.
