python3 -m unittest discover -s enhance/ops/tests -p 'test_*.py'
..............................................................
----------------------------------------------------------------------
Ran 62 tests in 0.123s

OK
tools/check-doc-links.sh
check-doc-links: 108 files, no broken links
python3 -m unittest discover -s transparent/tools/filters -p 'test_*.py'
...
----------------------------------------------------------------------
Ran 3 tests in 0.000s

OK
python3 -m unittest discover -s transparent/tools/parent-filters -p 'test_*.py'
....
----------------------------------------------------------------------
Ran 4 tests in 0.005s

OK
python3 -m unittest discover -s tools/tests -p 'test_*.py'
.................
----------------------------------------------------------------------
Ran 17 tests in 0.280s

OK
