python3 -m unittest discover -s enhance/ops/tests -p 'test_*.py'
...s.......................................................................s..............s......
----------------------------------------------------------------------
Ran 97 tests in 1.090s

OK (skipped=3)
python3 -m unittest discover -s ops/tests -p 'test_*.py'
..
----------------------------------------------------------------------
Ran 2 tests in 0.002s

OK
ops/scripts/check-jq-contracts.sh
== shell syntax and lint
  ops/scripts/check-jq-contracts.sh  ok
  ops/scripts/wallet-pir-terraform.sh ok
  transparent/ops/scripts/deploy-transparent-filter.sh ok
  transparent/ops/scripts/deploy-transparent-shard.sh ok
  transparent/ops/scripts/transparent-fleet-state.sh ok
== transparent/ops/scripts/deploy-transparent-shard.sh: compile and evaluate
  JQ_MAP_SHARD_COUNT                 ok against shards.json
  JQ_MAP_DIGESTS                     ok against shards.json
  JQ_MAP_FIRST_DIGEST                ok against shards.json
  JQ_MAP_GEOMETRIES                  ok against shards.json
  JQ_HEALTH_SERVING                  ok against health.json
  JQ_HEALTH_SHARDS                   ok against health.json
  JQ_HEALTH_ASSIGNED                 ok against health.json
  JQ_READY_OK                        ok against ready.json
  JQ_READY_MAP                       ok against ready.json
  JQ_READY_ASSIGNMENT                ok against ready.json
  JQ_READY_WARM                      ok against ready.json
  JQ_READY_REASON                    ok against ready.json
  JQ_READY_BINARY                    ok against ready.json
  JQ_READY_WORKER_ASSIGNMENT         ok against ready.json
  JQ_INIT_COMPLETE                   ok against init.json
  JQ_INIT_GEOMETRY_NAMES             ok against init.json
  JQ_INIT_SHARDS                     ok against init.json
  JQ_INIT_HAS_GEOMETRIES             ok against init.json
  JQ_INIT_MAP                        ok against init.json
  JQ_INIT_ASSIGNED                   ok against init.json
  JQ_INIT_GEOMETRY_COMPLETE          ok against init.json
  JQ_INIT_SUMMARY                    ok against init.json
== transparent/ops/scripts/deploy-transparent-filter.sh: compile only (no fixtures yet)
  JQ_FILTER_CHECK_MAP                compiles
  JQ_FILTER_CHECK_SUMMARY            compiles
  JQ_FILTER_HEALTH_SERVING           compiles
== transparent/ops/scripts/deploy-transparent-shard.sh validate, against the real fixture
  validate                           accepts the published fixture

all ops contract checks passed
python3 transparent/ops/tests/test_transparent_parents.py
.
----------------------------------------------------------------------
Ran 1 test in 0.031s

OK
python3 transparent/ops/tests/test_transparent_fleet.py
........
----------------------------------------------------------------------
Ran 8 tests in 1.986s

OK
python3 transparent/ops/tests/test_transparent_publication.py
{"event": "worker_control_transport_failed", "worker": "a1", "operation": "activate", "attempt": 1, "error_type": "RuntimeError", "retry": false}
{"event": "worker_control_transport_failed", "worker": "a1", "operation": "invalidate", "attempt": 1, "error_type": "RuntimeError", "retry": false}
{"event": "worker_control_transport_failed", "worker": "a1", "operation": "prepare", "attempt": 1, "error_type": "RuntimeError", "retry": false}
.....{"event": "fleet_command", "tool": "sh", "seconds": 0.321387, "exit_code": 0}
...{"event": "worker_control_transport_failed", "worker": "a1", "operation": "status", "attempt": 1, "error_type": "RuntimeError", "retry": true}
{"event": "worker_control_transport_failed", "worker": "a1", "operation": "status", "attempt": 2, "error_type": "RuntimeError", "retry": false}
{"event": "worker_control_transport_failed", "worker": "a1", "operation": "activate", "attempt": 1, "error_type": "RuntimeError", "retry": false}
.{"event": "worker_stage", "worker": "a1", "host": "10.0.0.1", "map_sha256": "new", "phase": "activate", "state": "started", "monotonic": 518210.032963875}
{"event": "worker_stage", "worker": "a1", "host": "10.0.0.1", "map_sha256": "new", "phase": "activate", "state": "completed", "seconds": 2.1291023585945368e-05}
{"event": "worker_stage", "worker": "a1", "host": "10.0.0.1", "map_sha256": "new", "phase": "attest", "state": "started", "monotonic": 518210.033004083}
{"event": "worker_stage", "worker": "a1", "host": "10.0.0.1", "map_sha256": "new", "phase": "attest", "state": "completed", "seconds": 1.3375014532357454e-05}
{"event": "worker_stage", "worker": "a2", "host": "10.0.0.2", "map_sha256": "new", "phase": "activate", "state": "started", "monotonic": 518210.033118875}
{"event": "worker_stage", "worker": "a2", "host": "10.0.0.2", "map_sha256": "new", "phase": "activate", "state": "RuntimeError", "seconds": 1.4666002243757248e-05}
{"event": "worker_stage", "worker": "r1", "host": "10.0.1.1", "map_sha256": "new", "phase": "activate", "state": "started", "monotonic": 518210.033238208}
{"event": "worker_stage", "worker": "r1", "host": "10.0.1.1", "map_sha256": "new", "phase": "activate", "state": "completed", "seconds": 1.025001984089613e-05}
{"event": "worker_stage", "worker": "r1", "host": "10.0.1.1", "map_sha256": "new", "phase": "attest", "state": "started", "monotonic": 518210.033256583}
{"event": "worker_stage", "worker": "r1", "host": "10.0.1.1", "map_sha256": "new", "phase": "attest", "state": "completed", "seconds": 9.708048310130835e-06}
{"event": "worker_stage", "worker": "r2", "host": "10.0.1.2", "map_sha256": "new", "phase": "activate", "state": "started", "monotonic": 518210.033359875}
{"event": "worker_stage", "worker": "r2", "host": "10.0.1.2", "map_sha256": "new", "phase": "activate", "state": "completed", "seconds": 9.541050530970097e-06}
{"event": "worker_stage", "worker": "r2", "host": "10.0.1.2", "map_sha256": "new", "phase": "attest", "state": "started", "monotonic": 518210.033376791}
{"event": "worker_stage", "worker": "r2", "host": "10.0.1.2", "map_sha256": "new", "phase": "attest", "state": "completed", "seconds": 8.375034667551517e-06}
a2: owner lost during activation
...{"event": "worker_control_transport_failed", "worker": "a1", "operation": "status", "attempt": 1, "error_type": "RuntimeError", "retry": true}
{"event": "worker_control_transport_failed", "worker": "a1", "operation": "status", "attempt": 2, "error_type": "RuntimeError", "retry": false}
..{"event": "worker_control_transport_failed", "worker": "a1", "operation": "status", "attempt": 1, "error_type": "TimeoutError", "retry": true}
{"event": "worker_control_transport_failed", "worker": "a1", "operation": "status", "attempt": 2, "error_type": "TimeoutError", "retry": false}
..........{"event": "control_session_started", "worker": "a1", "pid": 123}
{"event": "control_session_exited", "worker": "a1", "exit_code": 255}
{"event": "control_session_started", "worker": "a1", "pid": 123}
.{"event": "fleet_command", "tool": "sh", "seconds": 0.770428, "exit_code": 0}
{"event": "fleet_command", "tool": "sh", "seconds": 0.012478, "exit_code": 0}
{"event": "fleet_command", "tool": "sh", "seconds": 0.022276, "exit_code": 0}
{"event": "fleet_command", "tool": "sh", "seconds": 0.020281, "exit_code": 0}
.a2: revocation failed
/opt/homebrew/Cellar/python@3.14/3.14.6/Frameworks/Python.framework/Versions/3.14/lib/python3.14/tempfile.py:484: ResourceWarning: Implicitly cleaning up <HTTPError 500: 'RPC error'>
  _warnings.warn(self.warn_message, ResourceWarning)
..
----------------------------------------------------------------------
Ran 28 tests in 5.354s

OK
python3 transparent/ops/tests/test_transparent_burst.py
........
----------------------------------------------------------------------
Ran 8 tests in 3.180s

OK
python3 transparent/ops/tests/test_regression_recut.py
................
----------------------------------------------------------------------
Ran 16 tests in 0.001s

OK
python3 transparent/ops/tests/test_regression_fixture_compare.py
...............
----------------------------------------------------------------------
Ran 15 tests in 0.010s

OK
python3 transparent/ops/tests/test_observation_audit.py
.........................
----------------------------------------------------------------------
Ran 25 tests in 0.506s

OK
python3 -m unittest discover -s transparent/ops/tests -p 'test_transparent_stage_timing.py'
....
----------------------------------------------------------------------
Ran 4 tests in 0.005s

OK
tools/check-doc-links.sh
check-doc-links: 180 files, no broken links
python3 -m unittest discover -s transparent/tools/transparent-loadtest/tests -p 'test_*.py'
........Measured wave did not start; opening its preparation results.
.
----------------------------------------------------------------------
Ran 9 tests in 11.187s

OK
node --test transparent/tools/transparent-loadtest/tests/apm.test.cjs
✔ rates use elapsed time and break at failures, reset and identity change (1.069ms)
✔ missing gauges remain unavailable and label escapes parse (0.088666ms)
✔ histogram p95 uses cumulative interval deltas; gaps, zero observations and resets have no quantile (0.709292ms)
✔ overflow bucket does not invent a finite latency (0.113ms)
✔ partial and non-cumulative histograms are unavailable (0.136667ms)
ℹ tests 5
ℹ suites 0
ℹ pass 5
ℹ fail 0
ℹ cancelled 0
ℹ skipped 0
ℹ todo 0
ℹ duration_ms 43.887792
python3 tools/ci/enhance_tests.py
Enhance integration target classification is complete
python3 -m unittest discover -s transparent/tools/filters -p 'test_*.py'
...
----------------------------------------------------------------------
Ran 3 tests in 0.000s

OK
python3 -m unittest discover -s transparent/tools/parent-filters -p 'test_*.py'
....
----------------------------------------------------------------------
Ran 4 tests in 0.004s

OK
python3 -m unittest discover -s tools/tests -p 'test_*.py'
.....................
----------------------------------------------------------------------
Ran 21 tests in 0.310s

OK
cargo fmt --all --check
cargo clippy --workspace --all-targets --all-features -- -D warnings
    Checking enhance-pir-server v0.0.1 (/Users/roman/projects/wallet-pir/enhance/services/enhance-pir-server)
    Checking transparent-shard-server v0.1.0 (/Users/roman/projects/wallet-pir/transparent/services/transparent-shard-server)
    Checking transparent-filter-server v0.1.0 (/Users/roman/projects/wallet-pir/transparent/services/transparent-filter-server)
    Checking transparent-regression v0.1.0 (/Users/roman/projects/wallet-pir/transparent/tools/transparent-regression)
    Checking transparent-loadtest v0.1.0 (/Users/roman/projects/wallet-pir/transparent/tools/transparent-loadtest)
    Checking transparent-measure v0.1.0 (/Users/roman/projects/wallet-pir/transparent/tools/transparent-measure)
    Finished `dev` profile [unoptimized + debuginfo] target(s) in 11.91s
cargo test --workspace --release
   Compiling ipir-sp v0.1.0-rc.5 (https://github.com/valargroup/ipir-sp.git?tag=v0.1.0-rc.5#c5075a40)
   Compiling reqwest v0.12.28
   Compiling transparent-loadtest v0.1.0 (/Users/roman/projects/wallet-pir/transparent/tools/transparent-loadtest)
   Compiling zakura-pir-status v0.0.1-rc0 (https://github.com/zakura-core/wallet-libraries.git?rev=e153ad393ac4bfb12ac1e06a57a31f631fb9ce3e#e153ad39)
   Compiling enhance-pir v0.0.1 (/Users/roman/projects/wallet-pir/enhance/crates/enhance-pir)
   Compiling transparent-wallet v0.1.0 (/Users/roman/projects/wallet-pir/transparent/crates/transparent-wallet)
   Compiling enhance-pir-server v0.0.1 (/Users/roman/projects/wallet-pir/enhance/services/enhance-pir-server)
   Compiling transparent-blocks v0.1.0 (/Users/roman/projects/wallet-pir/transparent/crates/transparent-blocks)
   Compiling transparent-wallet-store v0.1.0 (/Users/roman/projects/wallet-pir/transparent/crates/transparent-wallet-store)
   Compiling transparent-regression v0.1.0 (/Users/roman/projects/wallet-pir/transparent/tools/transparent-regression)
   Compiling enhance-pir-load-test v0.0.1 (/Users/roman/projects/wallet-pir/enhance/tools/loadtest)
   Compiling pir-apm v0.1.0 (/Users/roman/projects/wallet-pir/enhance/services/pir-apm)
   Compiling transparent-shard-server v0.1.0 (/Users/roman/projects/wallet-pir/transparent/services/transparent-shard-server)
   Compiling transparent-filter-server v0.1.0 (/Users/roman/projects/wallet-pir/transparent/services/transparent-filter-server)
   Compiling transparent-block-server v0.1.0 (/Users/roman/projects/wallet-pir/transparent/services/transparent-block-server)
   Compiling transparent-measure v0.1.0 (/Users/roman/projects/wallet-pir/transparent/tools/transparent-measure)
    Finished `release` profile [optimized] target(s) in 4m 26s
     Running unittests src/lib.rs (target/release/deps/enhance_pir-31fe4dddf415bd78)

running 11 tests
test record::tests::every_reserved_flag_encoding_is_rejected ... ok
test record::tests::schema_v11_suffix_offsets ... ok
test protocol::tests::full_boundary_and_composition_transition_preserve_every_record ... ok
test record::tests::schema11_frozen_vector_and_metadata_validation ... ok
test status::tests::complete_row_is_validated_even_after_a_match ... ok
test status::tests::independent_python_hash_vector ... ok
test status::tests::freshness_coverage_and_binding_are_separate ... ok
test status::tests::slot_codec_rejects_reserved_bytes_empty_garbage_and_invalid_states ... ok
test status::tests::v2_geometry_and_v1_rejection ... ok
test protocol::tests::adaptive_units_and_binding_reject_malformed_input ... ok
test protocol::tests::repeated_cycles_and_reorgs_keep_identity ... ok

test result: ok. 11 passed; 0 failed; 0 ignored; 0 measured; 0 filtered out; finished in 0.00s

     Running tests/routing_contract.rs (target/release/deps/routing_contract-91577c1ad3164ddf)

running 4 tests
test composed_view_round_trips_and_maps_b_without_moving_its_local_rows ... ok
test routing_change_preserves_sealed_session_but_fences_stale_query ... ok
test session_identity_changes_with_content_geometry_setup_or_parameters ... ok
test rejects_gaps_overlaps_bounds_unknown_domains_and_unknown_fields ... ok

test result: ok. 4 passed; 0 failed; 0 ignored; 0 measured; 0 filtered out; finished in 0.00s

     Running tests/v7_contract.rs (target/release/deps/v7_contract-39a4d27f4f6429fe)

running 4 tests
test identity_vector_matches_frozen_bytes ... ok
test strict_wire_rejects_aliases_epochs_and_unknown_fields ... ok
test session_identity_separates_content_routing_and_recovery ... ok
test multi_boundary_blocks_and_partial_threshold_use_canonical_coordinates ... ok

test result: ok. 4 passed; 0 failed; 0 ignored; 0 measured; 0 filtered out; finished in 0.06s

     Running unittests src/main.rs (target/release/deps/enhance_pir_load_test-823030eda9245cb0)

running 2 tests
test load::tests::warmup_does_not_hide_protocol_or_authorization_failures ... ok
test load::tests::warmup_preserves_transient_failures_and_exact_answer_failures ... ok

test result: ok. 2 passed; 0 failed; 0 ignored; 0 measured; 0 filtered out; finished in 0.00s

     Running unittests src/lib.rs (target/release/deps/enhance_pir_server-2776676c7ff30448)

running 140 tests
test capacity::tests::ceiling_never_requests_a_fifth_pair ... ok
test capacity::tests::requests_pair_at_inclusive_readiness_threshold_before_successor ... ok
test capacity::pool_tests::worker_demand_is_single_and_survives_observation_retries ... ok
test capacity::tests::missing_growth_is_nonzero_and_requests_survive_serialization ... ok
test capacity::tests::forecasts_placement_limit_and_uses_existing_spare_pair ... ok
test capacity::tests::memory_limit_requests_once_survives_restart_and_expires_for_larger_fleet ... ok
test control::tests::consolidation_converges_across_multiple_boundaries_without_active_sixth_slot ... ok
test capacity::tests::provisional_burst_forecast_preserves_active_limit ... ok
test artifact::tests::verification_rejects_corruption_truncation_and_trailing_data ... ok
test control::tests::provisional_ranges_and_new_successor_cannot_be_sixth_active_shard ... ok
test artifact::tests::failure_is_shared_but_partial_reads_and_interrupts_do_not_invalidate ... ok
test artifact::tests::slow_consumer_bounds_read_ahead_and_cancellation_stops_reader ... ok
test control::tests::reorg_move_into_existing_group_requires_both_destination_replicas ... ok
test artifact::tests::pinned_files_survive_replacement_and_have_independent_readers ... ok
test control::tests::reservations_materialize_once_and_pins_block_reclamation ... ok
test artifact::tests::cold_artifact_remains_durable_and_verified ... ok
test control::tests::seven_sealed_policy_preserves_active_limit_and_reorg_relocation ... ok
test artifact::tests::stream_keeps_pin_after_eviction_and_reports_final_corruption ... ok
test artifact::tests::failed_atomic_write_keeps_previous_file_and_cleans_temporary ... ok
test control::tests::q46_controller_state_is_rejected_without_rewriting_it ... ok
test control::tests::durable_epoch_fences_restarts_and_failed_transactions ... ok
test exercise::tests::exact_probes_include_borrowed_owned_and_unit_boundaries ... ok
test exercise::tests::full_profiles_preserve_assignment_limits_across_cycles ... ok
test capacity::tests::clock_resolution_and_restarts_preserve_growth_and_demand ... ok
test coordinator::admission_tests::preparation_outlives_default_http_deadline ... ok
test http_metrics::arrival_tests::complete_seconds_cold_start_wrap_and_idle ... ok
test http_metrics::tests::early_rejection_has_no_processing_sample_and_no_invented_upload ... ok
test http_metrics::tests::errored_upload_is_not_a_completed_body ... ok
test coordinator::admission_tests::compatibility_evaluation_preserves_attempt_metrics_without_ambiguous_replay ... ok
test http_metrics::tests::init_and_unmatched_paths_have_bounded_labels ... ok
test http_metrics::tests::response_guard_survives_end_of_stream_until_drop ... ok
test coordinator::admission_tests::cancelled_waiter_releases_capacity ... ok
test exercise::tests::host_identity_matches_raw_linux_sampler_digest ... ok
test ipir::tests::enhance_rows_use_six_ipir_instances ... ok
test ipir::tests::every_layout_has_the_expected_instance_count ... ok
test ipir::tests::shard_combiners_reject_malformed_contributions ... ok
test ipir::tests::shard_sum_wraps_without_u64_overflow ... ok
test ipir::tests::sixteen_bit_row_encoding_preserves_the_odd_tail_byte_and_zero_padding ... ok
test coordinator::admission_tests::queue_waits_for_a_slot_and_releases_it ... ok
test matvec::tests::cuda_without_feature_fails_before_creating_worker_state ... ok
test matvec::tests::explicit_configuration_validation ... ok
test packing_budget::tests::charges_follow_shared_ownership_and_release_preparation ... ok
test packing_budget::tests::cancellation_keeps_detached_construction_charged_until_it_finishes ... ok
test packing_budget::tests::concurrent_admission_cannot_exceed_limit ... ok
test coordinator::admission_tests::reorg_destination_memory_refusal_replans_to_complete_spare_pair ... ok
test packing_budget::tests::failed_preparation_releases_its_charge ... ok
test packing_budget::tests::mapped_replacement_fits_six_live_objects_without_reducing_request_reserve ... ok
test packing_budget::tests::physical_headroom_counts_retained_heap_and_allows_reclaimable_file_pages ... ok
test ipir::persistence_tests::streamed_database_rejects_short_corrupt_and_failed_reads_without_panicking ... ok
test control::legacy::tests::rollback_refuses_pending_decisions_and_split_pairs_without_rewriting_state ... ok
test pool::tests::individual_workers_support_frontier_replication_and_repair ... ok
test pool::tests::missing_replication_is_refused_instead_of_publishing_partial_placement ... ok
test pool::tests::optional_gpu_mirrors_cpu_without_entering_required_quorum ... ok
test packing_router::tests::preferred_worker_is_skipped_when_unhealthy_or_busy ... ok
test coordinator::admission_tests::poisoned_journal_cannot_publish_even_empty_coverage ... ok
test packing_router::tests::selection_counts_outstanding_and_rotates_ties ... ok
test ingest::tests::appends_only_the_active_enhancement_journal ... ok
test query_serving::tests::binding_mismatch_never_replays_even_with_matching_metadata ... ok
test query_serving::tests::cancelled_caller_keeps_admitted_capacity_until_work_completes ... ok
test query_serving::tests::connection_refusal_allows_one_retry ... ok
test prepared_packing::tests::corrupt_and_truncated_files_fail_verification ... ok
test query_serving::tests::disconnect_after_receiving_request_never_replays ... ok
test query_serving::tests::malformed_or_oversized_success_never_replays ... ok
test query_serving::tests::only_explicit_nonacceptance_allows_replay ... ok
test prepared_packing::tests::identities_bind_parameters_and_metadata_is_checked_before_loading ... ok
test query_timing::tests::matched_samples_exclude_upload_and_reject_missing_timing ... ok
test response_body::tests::admission_lasts_until_transport_drops_body ... ok
test response_body::tests::revocation_after_packing_prevents_response_release ... ok
test query_serving::tests::worker_timing_is_optional_and_comes_from_the_successful_attempt ... ok
test packing_router::tests::watchdog_stops_admission_without_authorizing_recovery ... ok
test query_ingress::tests::ambiguous_router_failure_is_never_replayed ... ok
test coordinator::admission_tests::restart_rejects_changed_placement_policy ... ok
test query_ingress::tests::fragmented_prefix_forwards_exact_bytes_without_crypto ... ok
test http_metrics::tests::slow_upload_is_excluded_and_bytes_are_streamed ... ok
test status::controller_tests::rapid_activation_bounds_retention_and_recovery_fences_old_sessions ... ok
test status::controller_tests::stale_candidate_cannot_be_activated ... ok
test packing_router::tests::restart_requires_fresh_incarnation_readiness_and_revocations_are_durable ... ok
test status::distributed::tests::private_peers_reject_external_or_credentialed_origins ... ok
test coordinator::admission_tests::compatibility_response_holds_admission_and_rechecks_durable_revocation ... ok
test status::authority::tests::wrong_network_and_corruption_fail_closed ... ok
test status::distributed::tests::restart_changes_incarnation_and_never_restores_readiness ... ok
test status::distributed::tests::fence_revokes_already_pinned_controller_and_rejects_old_activation ... ok
test status::distributed::tests::refresh_cannot_launder_changed_source_or_coverage ... ok
test status::authority::tests::restart_fences_prior_sessions_and_never_reuses_generation ... ok
test status::distributed::tests::stale_source_does_not_revoke_valid_control_authority ... ok
test status::index::tests::broken_chain_and_duplicate_canonical_txid_rejected ... ok
test control::tests::publication_commits_manifest_placement_and_outcome_together ... ok
test status::distributed::tests::watchdog_does_not_renew_source_freshness ... ok
test status::distributed::tests::wrong_digest_activation_is_rejected_and_repeat_is_idempotent ... ok
test coordinator::admission_tests::elective_consolidation_requires_both_admissions_and_does_not_reserve ... ok
test status::fixture::tests::small_fixture_oracle_uses_the_actual_mined_height ... ok
test status::source::tests::changing_tip_discards_candidate ... ok
test status::index::tests::precedence_and_missing_coverage ... ok
test status::source::tests::compact_wire_preserves_stsobs01_checkpoint_bytes ... ok
test status::source::tests::damaged_or_incompatible_checkpoint_fails_closed ... ok
test control::tests::abort_intent_survives_restart_without_overwriting_older_decisions ... ok
test status::source::tests::noncanonical_raw_block_is_rejected ... ok
test status::telemetry::tests::counts_one_ingress_and_exports_no_request_identity ... ok
test status::source::tests::canonical_observation_indexes_every_transaction_type ... ok
test control::tests::restart_at_every_phase_preserves_decision_and_fences_old_writer ... ok
test status::artifact::tests::sparse_roundtrip_is_bound_to_base_and_result ... ok
test store::tests::append_restart_and_padding_are_deterministic ... ok
test store::tests::empty_blocks_and_rewind_to_empty_survive_restart ... ok
test store::tests::incompatible_journals_are_rejected_without_mutation ... ok
test store::tests::journal_refuses_concurrent_writers ... ok
test store::tests::records_must_match_the_layout ... ok
test store::tests::ingest_cannot_acknowledge_a_duplicate_after_io_failure ... ok
test telemetry::tests::geometry_roles_and_escaped_labels_survive_composition_transition ... ok
test telemetry::tests::publication_targets_detect_reorg_and_preserve_retry_age ... ok
test wire::streaming_tests::streaming_codec_matches_legacy_mph1_bytes ... ok
test wire::streaming_tests::validation_reads_payload_in_bounded_chunks ... ok
test wire::tests::crs_hint_round_trips_and_is_shape_strict ... ok
test wire::tests::evaluate_request_rejects_bad_magic_truncation_and_shard_count ... ok
test status::index::tests::fork_selection_is_deterministic_and_hashes_stay_internal ... ok
test wire::tests::evaluate_response_round_trips_and_rejects_malformed_input ... ok
test wire::tests::evaluate_wire_round_trips_and_rejects_trailing_bytes ... ok
test status::source::tests::disconnected_block_becomes_fork_observation ... ok
test worker::tests::abort_before_reserve_fences_delayed_attempt ... ok
test worker::tests::device_errors_are_unavailable_without_exposing_details ... ok
test worker::tests::metrics_do_not_block_preparation_or_invent_zero_memory ... ok
test store::tests::rewind_truncates_records_and_allows_replacement_blocks ... ok
test worker::tests::placement_policy_is_persisted_and_fences_reservations ... ok
test worker::tests::q46_worker_state_is_rejected_without_rewriting_it ... ok
test store::tests::append_failures_reopen_to_a_complete_committed_prefix ... ok
test zakura::tests::canonical_ironwood_transaction_has_actual_fee_and_expiry ... ok
test worker::tests::aborted_attempts_conflicting_payloads_and_stale_epochs_are_fenced_over_http ... ok
test coordinator::admission_tests::full_queue_and_expired_wait_return_retryable_429 ... ok
test status::source::tests::checkpoint_recovers_only_as_a_cache_and_reobserves_canonical_source ... ok
test store::tests::rewind_failures_never_remove_committed_records ... ok
test worker::tests::offline_repair_includes_durable_candidate_and_rejects_missing_journal ... ok
test status::index::tests::overflow_evicts_whole_blocks_and_mandatory_overflow_fails ... ok
test ipir::persistence_tests::legacy_v7_artifacts_are_rejected_and_streamed_persistence_preserves_queries_and_bytes ... ok
test status::incremental_tests::sparse_hint_matches_full_reconstruction_for_signed_negacyclic_boundaries ... ok
test status::source::tests::live_rpc_candidate_revalidates_before_durable_publication ... ok
test worker::tests::backend_evaluation_failure_over_http_releases_permit_and_recovers ... ok
test worker::tests::restart_rebuilds_lost_cache_only_from_verified_durable_rows ... ok
test runtime::tests::encrypted_bootstrap_round_trip_and_cached_restart ... ok
test runtime::tests::unequal_units_match_monolithic_preprocessing_and_evaluation ... ok
test runtime::tests::tail_domain_reuses_b_units_and_decodes_b_at_unchanged_coordinates ... ok
test runtime::tests::partial_preparation_failure_preserves_published_and_retries ... ok

test result: ok. 140 passed; 0 failed; 0 ignored; 0 measured; 0 filtered out; finished in 24.88s

     Running unittests src/bin/server.rs (target/release/deps/enhance_pir_server-e5cb1e8c8388b073)

running 0 tests

test result: ok. 0 passed; 0 failed; 0 ignored; 0 measured; 0 filtered out; finished in 0.00s

     Running unittests src/bin/status.rs (target/release/deps/status_pir-2951c5405cdb82ff)

running 2 tests
test live_candidate_tests::changed_source_keeps_original_age_and_reorg_rejects_candidate ... ok
test live_candidate_tests::identical_source_can_refresh_timestamp_but_stale_candidate_cannot_publish ... ok

test result: ok. 2 passed; 0 failed; 0 ignored; 0 measured; 0 filtered out; finished in 0.00s

     Running tests/boundary_recovery_model.rs (target/release/deps/boundary_recovery_model-2db944d94c735695)

running 5 tests
test confirmation_can_promote_a_successor_while_its_tail_is_still_open ... ok
test crossing_opens_provisional_tail_then_plain_successor_before_confirmation ... ok
test provisional_rollback_and_multi_boundary_block_preserve_complete_coverage ... ok
test reorg_across_sealed_boundary_revokes_affected_sessions_even_for_identical_replay ... ok
test zakura_window_seals_at_1000_and_preserves_a_surviving_finalized_boundary ... ok

test result: ok. 5 passed; 0 failed; 0 ignored; 0 measured; 0 filtered out; finished in 0.00s

     Running tests/canonical_record.rs (target/release/deps/canonical_record-208afa973a7e6d11)

running 1 test
test canonical_transaction_records_match_frozen_oracle_across_publication ... ok

test result: ok. 1 passed; 0 failed; 0 ignored; 0 measured; 0 filtered out; finished in 7.61s

     Running tests/http.rs (target/release/deps/http-5cbfe60cbf78cfd7)

running 11 tests
test consolidation_reservation_failure_retries_canonical_update_then_moves_sealed_shard ... ignored, seven shard domains across four workers; requires at least 32 GiB RAM and 64 GiB free disk
test full_shard_composition_confirmation_and_recovery ... ignored, full 32K lifecycle fixture; run on an isolated host with at least 16 GiB RAM
test seven_sealed_consolidation_preserves_retained_queries ... ignored, eight shard domains across four workers; requires 32 GiB RAM and 64 GiB free disk
test worker_revocation_survives_restart_and_rejects_regression ... ok
test inventory_expansion_is_atomic_idempotent_and_survives_restart ... ok
test new_shard_uses_admitted_alternative_group_over_http ... ok
test lost_worker_rows_repair_restores_current_and_retained_http_queries ... ok
test memory_refusal_moves_published_shard_with_complete_destination_pair ... ok
test abort_recovery_fences_ambiguous_reservations_without_blocking_healthy_peer has been running for over 60 seconds
test committed_offline_participant_does_not_block_and_recovers_after_expiry has been running for over 60 seconds
test distributed_round_trip_retention_failover_and_restart has been running for over 60 seconds
test abort_recovery_fences_ambiguous_reservations_without_blocking_healthy_peer ... ok
test committed_offline_participant_does_not_block_and_recovers_after_expiry ... ok
test distributed_round_trip_retention_failover_and_restart ... ok

test result: ok. 8 passed; 0 failed; 3 ignored; 0 measured; 0 filtered out; finished in 133.37s

     Running tests/matvec_config.rs (target/release/deps/matvec_config-64f86c553a7cbaa3)

running 2 tests
test environment_cuda_selection_fails_explicitly_for_invalid_device_or_build ... ok
test cpu_default_and_cli_over_environment_are_validated_before_state_changes ... ok

test result: ok. 2 passed; 0 failed; 0 ignored; 0 measured; 0 filtered out; finished in 0.02s

     Running tests/note_recovery.rs (target/release/deps/note_recovery-f764a6e3eecd0a92)

running 1 test
test incoming_and_outgoing_recovery_authenticate_pir_returned_record ... ok

test result: ok. 1 passed; 0 failed; 0 ignored; 0 measured; 0 filtered out; finished in 7.04s

     Running tests/packing_http.rs (target/release/deps/packing_http-5edef033393ada00)

running 1 test
test extracted_path_preserves_wallet_answers_and_pool_replication ... ok

test result: ok. 1 passed; 0 failed; 0 ignored; 0 measured; 0 filtered out; finished in 35.18s

     Running tests/record_layout.rs (target/release/deps/record_layout-3e17df5648b7e43d)

running 2 tests
test field_offsets_are_pinned ... ok
test records_survive_the_journal_and_padded_shard_read ... ok

test result: ok. 2 passed; 0 failed; 0 ignored; 0 measured; 0 filtered out; finished in 0.10s

     Running tests/rpc.rs (target/release/deps/rpc-5967c552e2871544)

running 1 test
test canonical_cli_ingests_rpc_rewinds_reorg_and_restarts_without_duplication ... ok

test result: ok. 1 passed; 0 failed; 0 ignored; 0 measured; 0 filtered out; finished in 30.90s

     Running tests/schema11_cutover.rs (target/release/deps/schema11_cutover-f250a1b27012f984)

running 2 tests
test full_ciphertext_journal_is_rejected_without_truncation ... ok
test old_controller_and_worker_state_are_rejected_without_rewrite ... ok

test result: ok. 2 passed; 0 failed; 0 ignored; 0 measured; 0 filtered out; finished in 0.00s

     Running tests/status_wallet.rs (target/release/deps/status_wallet-952ec7f2f2a3fdcc)

running 1 test
test wallet_and_server_share_wire_identity_and_encrypted_observations ... ok

test result: ok. 1 passed; 0 failed; 0 ignored; 0 measured; 0 filtered out; finished in 1.12s

     Running unittests src/main.rs (target/release/deps/pir_apm-f934d9c19d9c7e23)

running 76 tests
test alerts::tests::missing_processing_metrics_do_not_fall_back_to_observed_latency ... ok
test alerts::tests::ready_requires_five_continuous_minutes ... ok
test alerts::tests::observed_total_is_informational_but_post_body_latency_pages ... ok
test alerts::tests::loss_of_shard_group_redundancy_pages_without_failing_readiness ... ok
test alerts::tests::budgets_come_from_the_schema ... ok
test alerts::tests::applies_minimum_volume_to_thresholds ... ok
test alerts::tests::discovered_and_informational_endpoints_follow_their_rules ... ok
test alerts::tests::fires_once_per_episode_and_recovers_once ... ok
test charts::tests::missing_samples_break_paths_and_query_has_toggle ... ok
test alerts::tests::capacity_counts_groups_not_replicas_and_recovers_after_append ... ok
test charts::tests::hover_readout_converts_seconds_and_distinguishes_percentiles ... ok
test config::tests::env_overrides_the_schema ... ok
test config::tests::defaults_describe_the_enhance_coordinator ... ok
test config::tests::production_env_block_parses ... ok
test config::tests::rejects_bad_values ... ok
test dashboard::entrypoint_table_tests::table_only_shows_init_query_and_suppresses_stale_numbers ... ok
test dashboard::tests::a_count_that_displays_as_zero_is_not_flagged_as_an_error ... ok
test dashboard::tests::first_paint_before_any_scrape_is_renderable ... ok
test dashboard::tests::current_coordinator_shows_live_metrics_without_legacy_endpoint_claims ... ok
test dashboard::tests::discovered_endpoints_appear_after_configured_ones ... ok
test dashboard::tests::every_allowlisted_endpoint_gets_a_row_even_without_data ... ok
test dashboard::tests::gauge_names_become_readable_labels ... ok
test dashboard::fleet_view::tests::detail_navigation_and_unknown_worker ... ok
test dashboard::tests::latency_budgets_follow_endpoint_kind ... ok
test dashboard::tests::latency_is_graded_against_the_alert_budget ... ok
test dashboard::tests::hostile_values_are_escaped ... ok
test dashboard::fleet_view::domain_tests::each_domain_contains_only_its_assigned_routers_and_workers ... ok
test dashboard::tests::meters_stay_within_the_track ... ok
test dashboard::tests::relative_time_reads_naturally ... ok
test dashboard::tests::long_health_bodies_and_paths_are_allowed_to_wrap ... ok
test dashboard::tests::explainer_lists_every_table_and_hides_without_them ... ok
test dashboard::tests::renders_a_complete_document ... ok
test dashboard::tests::processing_split_explains_nested_timing_scopes ... ok
test dashboard::tests::fleet_card_draws_each_worker_with_its_health ... ok
test dashboard::tests::the_raw_gauge_name_survives_as_a_tooltip ... ok
test dashboard::tests::status_tab_keeps_one_shared_topology ... ok
test dashboard::tests::table_capacity_meter_uses_pool_and_layout ... ok
test entrypoints::tests::missing_instrumentation_and_failed_sources_are_unavailable ... ok
test dashboard::tests::tables_render_in_fixed_order_with_planned_ones_dimmed ... ok
test dashboard::tests::worker_ram_line_renders_when_memory_gauges_exist ... ok
test dashboard::tests::workers_are_ordered_by_index_and_list_per_table_shares ... ok
test fleet::tests::groups_preserve_labels_and_published_counts ... ok
test dashboard::tests::worker_query_cards_are_stacked_in_inventory_order ... ok
test fleet::tests::inventory_rejects_duplicates_and_embedded_credentials ... ok
test fleet::tests::stale_values_remain_distinct_from_reachability ... ok
test fleet::tests::unavailable_memory_is_not_zero_or_previous_sample ... ok
test fleet::tests::worker_evaluation_histogram_keeps_individual_percentiles ... ok
test history::tests::retains_only_last_hour_and_bounds_dense_samples ... ok
test metrics::entrypoint_tests::aggregate_histograms_before_quantiles_and_reset_each_source ... ok
test metrics::tests::computes_histogram_deltas_and_interpolated_quantiles ... ok
test metrics::tests::a_different_prefix_and_endpoint_set_parses ... ok
test metrics::entrypoint_tests::rates_use_latest_interval_and_missing_is_not_zero ... ok
test metrics::tests::computes_independent_worker_query_windows ... ok
test metrics::tests::current_coordinator_aggregates_are_kept_without_flattening_groups ... ok
test metrics::tests::discovered_endpoints_get_windows_after_configured_ones ... ok
test metrics::tests::endpoint_discovery_is_capped_and_validated ... ok
test metrics::tests::handles_counter_reset_and_caps_history ... ok
test metrics::tests::histogram_reset_uses_only_the_new_process_distribution ... ok
test metrics::tests::keeps_observed_and_processing_latency_separate ... ok
test metrics::tests::missing_processing_family_leaves_processing_unavailable ... ok
test metrics::tests::parses_escaped_label_values ... ok
test metrics::tests::process_start_time_detects_restart_when_counts_increase ... ok
test metrics::tests::worker_query_windows_reset_with_the_coordinator_process ... ok
test metrics::tests::parses_required_prometheus_families_and_labels ... ok
test packing_fleet::tests::inventory_accepts_coordinator_format_and_rejects_unsafe_names_and_origins ... ok
test packing_fleet::tests::readiness_is_distinct_from_reachability_and_stale_values ... ok
test placement::tests::failed_health_keeps_assignments_without_refreshing_timestamp ... ok
test placement::tests::parses_numeric_domains_and_rejects_ambiguous_membership ... ok
test schema::tests::builds_family_names_from_the_prefix ... ok
test schema::tests::rejects_inconsistent_definitions ... ok
test status_apm::tests::first_operation_after_idle_has_latency_and_rate ... ok
test status_apm::tests::outage_preserves_sample_and_marks_it_stale ... ok
test metrics::entrypoint_tests::hour_retention_arrivals_and_stage_histograms ... ok
test entrypoints::tests::separate_ingress_replaces_coordinator_query_and_failed_source_hides_aggregate ... ok
test packing_fleet::tests::discovery_pages_and_failed_scrapes_preserve_last_valid_sample ... ok
test fleet::integration_tests::failed_and_slow_workers_do_not_block_pages_or_good_samples ... ok

test result: ok. 76 passed; 0 failed; 0 ignored; 0 measured; 0 filtered out; finished in 15.04s

     Running unittests src/main.rs (target/release/deps/transparent_block_server-ddc6687d346c16ea)

running 1 test
test tests::streamed_bytes_are_counted_and_cancellation_releases_activity ... ok

test result: ok. 1 passed; 0 failed; 0 ignored; 0 measured; 0 filtered out; finished in 0.04s

     Running unittests src/lib.rs (target/release/deps/transparent_blocks-a74b0fc5506fa2dc)

running 0 tests

test result: ok. 0 passed; 0 failed; 0 ignored; 0 measured; 0 filtered out; finished in 0.00s

     Running tests/recovery.rs (target/release/deps/recovery-fdd8a02d13f1effc)

running 1 test
test representations_scan_and_resume_without_duplicates ... ok

test result: ok. 1 passed; 0 failed; 0 ignored; 0 measured; 0 filtered out; finished in 0.04s

     Running unittests src/lib.rs (target/release/deps/transparent_events-3937e2aa4e01cf5c)

running 8 tests
test tests::a_wrong_length_record_is_refused ... ok
test tests::a_coinbase_receive_round_trips_its_flag ... ok
test tests::both_kinds_round_trip ... ok
test tests::fields_a_kind_does_not_use_must_be_zero ... ok
test tests::every_record_is_the_same_width_regardless_of_kind ... ok
test tests::the_sort_key_orders_by_chain_position_then_identity ... ok
test tests::txids_display_in_reversed_order ... ok
test tests::unknown_kinds_flags_and_dirty_reserved_bytes_are_refused ... ok

test result: ok. 8 passed; 0 failed; 0 ignored; 0 measured; 0 filtered out; finished in 0.00s

     Running unittests src/lib.rs (target/release/deps/transparent_filter-c35d74a9bc2d1563)

running 78 tests
test build_filter::tests::the_empty_filter_is_exactly_one_zero_byte ... ok
test build_filter::tests::scripts_excluded_from_the_element_set_produce_the_empty_filter ... ok
test build_filter::tests::the_empty_shard_filter_is_exactly_one_zero_byte ... ok
test build_filter::tests::duplicate_and_reordered_elements_encode_identically ... ok
test build_filter::tests::a_different_block_hash_produces_different_bytes_for_the_same_elements ... ok
test build_filter::tests::the_two_profiles_encode_the_same_elements_differently ... ok
test client::tests::a_batch_for_another_chain_or_profile_is_rejected ... ok
test build_filter::tests::scripts_repeated_across_a_shard_are_encoded_once ... ok
test client::tests::a_duplicated_height_is_rejected ... ok
test client::tests::a_cached_old_fork_filter_stops_counting_after_a_rollback ... ok
test client::tests::a_malformed_filter_fails_the_whole_batch_rather_than_reading_as_no_match ... ok
test client::tests::a_map_whose_shards_do_not_chain_is_refused ... ok
test client::tests::a_missing_middle_record_is_rejected ... ok
test client::tests::a_map_with_a_height_gap_is_refused_before_anything_is_fetched ... ok
test client::tests::a_matching_script_is_found_at_its_block ... ok
test build_filter::tests::a_shard_filter_does_not_match_under_block_keying ... ok
test client::tests::a_record_on_another_branch_is_rejected ... ok
test client::tests::a_shard_anchored_off_the_wallets_chain_is_refused ... ok
test client::tests::a_shard_whose_bounds_disagree_with_the_map_is_refused ... ok
test client::tests::a_terminal_block_the_wallet_has_not_accepted_is_rejected ... ok
test client::tests::a_wallet_matches_only_the_shards_its_script_appears_in ... ok
test client::tests::an_absent_script_yields_coverage_with_no_matches ... ok
test client::tests::an_unused_wallet_covers_every_shard_and_matches_nothing ... ok
test client::tests::excess_records_are_rejected ... ok
test client::tests::filter_bytes_that_do_not_match_the_published_digest_are_refused ... ok
test client::tests::syncing_from_a_birthday_shard_skips_the_earlier_shards ... ok
test client::tests::the_map_locates_a_birthday_height_and_reports_heights_it_does_not_cover ... ok
test digest::tests::different_filters_have_different_digests ... ok
test digest::tests::headers_chain_and_depend_on_the_predecessor ... ok
test digest::tests::the_digest_is_double_sha256_of_the_bytes ... ok
test envelope::tests::a_count_beyond_the_batch_limit_is_refused ... ok
test envelope::tests::an_oversized_range_record_count_is_refused_before_allocation ... ok
test envelope::tests::an_oversized_record_count_is_refused_before_allocation ... ok
test envelope::tests::bad_magic_and_version_are_rejected ... ok
test envelope::tests::batching_does_not_alter_filter_bytes ... ok
test envelope::tests::hashes_are_serialized_in_internal_order_not_display_order ... ok
test envelope::tests::neither_envelope_decodes_as_the_other ... ok
test envelope::tests::range_batches_round_trip_including_the_empty_batch_and_empty_filters ... ok
test envelope::tests::range_trailing_bytes_are_rejected ... ok
test envelope::tests::round_trips_including_the_empty_batch_and_empty_filters ... ok
test envelope::tests::range_truncation_at_every_offset_is_rejected ... ok
test envelope::tests::trailing_bytes_are_rejected ... ok
test envelope::tests::truncation_at_every_offset_is_rejected ... ok
test experimental_parent::tests::canonical_empty_and_identity_separation ... ok
test hash::tests::a_shard_keying_is_not_its_terminal_block_hash_keying ... ok
test hash::tests::display_hex_round_trips_through_internal_order ... ok
test hash::tests::each_part_of_the_shard_identity_changes_the_keying ... ok
test hash::tests::internal_order_is_the_reverse_of_display_order ... ok
test hash::tests::keys_come_from_the_first_sixteen_internal_bytes ... ok
test hash::tests::malformed_display_hashes_are_rejected ... ok
test hash::tests::the_profile_string_is_terminated_rather_than_run_into_the_genesis_hash ... ok
test hash::tests::the_shard_keying_is_deterministic ... ok
test matching::tests::all_matching_identities_are_returned_not_just_the_first ... ok
test matching::tests::an_empty_query_returns_no_matches ... ok
test matching::tests::empty_wallet_scripts_are_skipped_without_shifting_indices ... ok
test matching::tests::every_included_script_matches ... ok
test matching::tests::matching_is_indifferent_to_query_order ... ok
test matching::tests::the_empty_filter_matches_nothing ... ok
test script::tests::empty_and_op_return_scripts_are_not_elements ... ok
test script::tests::only_a_leading_op_return_byte_excludes_a_script ... ok
test transport::tests::a_missing_batch_is_a_response_error ... ok
test transport::tests::charges_accumulate_across_requests ... ok
test validate::tests::a_built_filter_validates_and_reports_its_count ... ok
test validate::tests::a_count_larger_than_the_body_can_encode_is_refused ... ok
test validate::tests::a_huge_count_is_refused_before_allocation ... ok
test validate::tests::a_long_unary_run_terminates_instead_of_spinning ... ok
test validate::tests::an_empty_filter_with_trailing_bytes_is_rejected ... ok
test validate::tests::an_exceeded_element_cap_is_reported_as_a_limit_not_a_match ... ok
test validate::tests::empty_input_is_truncated_not_empty ... ok
test validate::tests::noncanonical_compact_size_is_rejected ... ok
test validate::tests::nonzero_padding_is_rejected ... ok
test validate::tests::oversize_filters_are_refused_by_byte_limit ... ok
test validate::tests::the_empty_filter_validates_to_no_elements ... ok
test validate::tests::trailing_bytes_after_a_valid_stream_are_rejected ... ok
test validate::tests::truncated_bit_streams_are_rejected ... ok
test validate::tests::truncated_compact_size_is_rejected ... ok
test transport::tests::the_file_transport_reads_and_charges_a_batch ... ok
test experimental_parent::tests::precision_matches_upstream_and_strictly_rejects_corruption ... ok

test result: ok. 78 passed; 0 failed; 0 ignored; 0 measured; 0 filtered out; finished in 0.00s

     Running tests/bip158_vectors.rs (target/release/deps/bip158_vectors-6fe46d3d3f112f07)

running 6 tests
test vectors_are_present_and_parse ... ok
test the_key_byte_order_is_load_bearing ... ok
test filter_headers_chain_to_the_reference_headers ... ok
test reference_filters_pass_our_strict_validation ... ok
test every_element_matches_its_reference_filter ... ok
test encoded_filters_match_the_reference_bytes_exactly ... ok

test result: ok. 6 passed; 0 failed; 0 ignored; 0 measured; 0 filtered out; finished in 0.00s

     Running tests/golden_envelope.rs (target/release/deps/golden_envelope-31008dde48888a04)

running 3 tests
test the_genesis_hash_is_stored_reversed_from_its_display_form ... ok
test the_golden_bytes_decode_to_the_golden_batch ... ok
test the_encoding_matches_the_committed_golden_bytes ... ok

test result: ok. 3 passed; 0 failed; 0 ignored; 0 measured; 0 filtered out; finished in 0.00s

     Running tests/independent_crosscheck.rs (target/release/deps/independent_crosscheck-c290a0f188d95e7c)

running 1 test
test filters_agree_with_the_independent_generator ... ok

test result: ok. 1 passed; 0 failed; 0 ignored; 0 measured; 0 filtered out; finished in 0.00s

     Running unittests src/lib.rs (target/release/deps/transparent_filter_server-acc7f0de2ab210cc)

running 53 tests
test extract::tests::a_nonstandard_script_is_still_an_element ... ok
test extract::tests::a_missing_previous_output_blocks_publication ... ok
test extract::tests::a_receive_only_block_yields_its_output_scripts ... ok
test extract::tests::a_receive_carries_its_value_outpoint_and_coinbase_status ... ok
test extract::tests::a_repeated_script_appears_once ... ok
test extract::tests::a_same_block_spend_resolves_without_a_lookup ... ok
test extract::tests::a_spend_with_no_matching_new_output_still_yields_the_spent_script ... ok
test extract::tests::an_empty_block_has_no_elements ... ok
test extract::tests::an_unresolvable_previous_output_blocks_event_extraction_too ... ok
test extract::tests::empty_scripts_are_not_elements ... ok
test extract::tests::extracted_events_round_trip_through_their_encoding ... ok
test extract::tests::op_return_outputs_are_excluded_but_a_later_0x6a_byte_is_not ... ok
test extract::tests::the_element_set_is_exactly_the_scripts_the_events_are_keyed_by ... ok
test extract::tests::the_element_set_is_order_independent ... ok
test extract::tests::a_spend_is_indexed_under_the_consumed_outputs_script ... ok
test prevout::tests::eviction_bounds_the_cache_without_losing_recent_entries ... ok
test prevout::tests::eviction_is_by_output_count_not_transaction_count ... ok
test prevout::tests::an_empty_cache_answers_nothing ... ok
test prevout::tests::one_huge_transaction_counts_for_all_its_outputs ... ok
test events::tests::opening_a_directory_with_no_journal_is_an_error ... ok
test events::tests::appending_out_of_order_is_refused ... ok
test shard_matches::tests::a_script_in_both_tiers_is_priced_at_each_tiers_query_size_and_summed ... ok
test events::durability_tests::a_checkpoint_past_the_file_is_refused_not_zero_extended ... ok
test events::tests::opening_existing_never_moves_anything_aside ... ok
test events::tests::an_empty_block_still_advances_coverage ... ok
test events::durability_tests::a_second_writer_is_refused_without_touching_the_journal ... ok
test events::tests::events_round_trip_through_a_reopen ... ok
test shard_matches::tests::a_script_outside_directory_coverage_is_not_counted ... ok
test shard_matches::tests::an_empty_journal_has_no_distribution ... ok
test events::tests::opening_existing_ignores_an_uncommitted_tail ... ok
test shard_matches::tests::a_wholly_inline_script_costs_only_directory_queries ... ok
test events::tests::rolling_back_everything_empties_the_store ... ok
test events::tests::an_uncommitted_append_is_discarded_on_reopen ... ok
test shard_matches::tests::padding_does_not_merge_two_different_scripts ... ok
test events::tests::an_incompatible_store_is_set_aside_rather_than_refused ... ok
test shard_matches::tests::fragments_accumulate_without_splitting_the_script ... ok
test store::tests::a_fresh_store_has_no_coverage ... ok
test events::durability_tests::crash_after_shorter_checkpoint_before_truncation_recovers ... ok
test events::tests::rollback_drops_events_above_the_kept_height_and_allows_reappending ... ok
test shard_matches::tests::a_script_is_counted_once_per_shard_it_appears_in ... ok
test store::tests::heights_must_be_contiguous ... ok
test store::tests::a_different_chain_identity_sets_the_store_aside ... ok
test store::tests::the_same_block_hash_may_not_get_different_filter_bytes ... ok
test store::tests::appends_survive_reopening ... ok
test store::tests::an_incompatible_store_is_set_aside_rather_than_refusing_to_start ... ok
test store::tests::a_block_returning_to_the_best_chain_reuses_its_stored_filter ... ok
test store::tests::a_replacement_branch_can_reuse_the_heights ... ok
test store::tests::rolling_back_everything_empties_coverage ... ok
test store::tests::uncommitted_appends_are_discarded_on_reopen ... ok
test store::tests::rollback_drops_coverage_but_keeps_filter_bytes ... ok
test publication::tests::sealed_reorg_builds_a_separate_suffix_and_snapshot_survives_rollback ... ok
test publication::tests::incremental_extension_reuses_sealed_prefix_and_matches_full_tables ... ok
test controller::tests::rpc_follow_publishes_empty_blocks_and_recovers_a_sealed_reorg ... ok

test result: ok. 53 passed; 0 failed; 0 ignored; 0 measured; 0 filtered out; finished in 2.73s

     Running unittests src/bin/compact-export.rs (target/release/deps/compact_export-8bfae1b52508ce5f)

running 0 tests

test result: ok. 0 passed; 0 failed; 0 ignored; 0 measured; 0 filtered out; finished in 0.00s

     Running unittests src/bin/event-spotcheck.rs (target/release/deps/event_spotcheck-dd1d01f984e21ee6)

running 3 tests
test tests::the_rule_indexes_every_nonempty_script_except_op_return ... ok
test tests::multiset_difference_keeps_repetition ... ok
test tests::verbose_values_prefer_the_integer_field ... ok

test result: ok. 3 passed; 0 failed; 0 ignored; 0 measured; 0 filtered out; finished in 0.00s

     Running unittests src/bin/journal-inventory.rs (target/release/deps/journal_inventory-dba72cd4212cbd41)

running 0 tests

test result: ok. 0 passed; 0 failed; 0 ignored; 0 measured; 0 filtered out; finished in 0.00s

     Running unittests src/bin/sample-oracle.rs (target/release/deps/sample_oracle-6d0a7846ffa31f64)

running 0 tests

test result: ok. 0 passed; 0 failed; 0 ignored; 0 measured; 0 filtered out; finished in 0.00s

     Running unittests src/bin/script-sample.rs (target/release/deps/script_sample-8dc786ff4bf9e5ec)

running 0 tests

test result: ok. 0 passed; 0 failed; 0 ignored; 0 measured; 0 filtered out; finished in 0.00s

     Running unittests src/bin/shard-census.rs (target/release/deps/shard_census-59fc17560faf5c33)

running 3 tests
test tests::the_default_sweep_is_unchanged_at_the_compiled_geometry ... ok
test tests::the_first_policy_is_the_one_the_publisher_would_use ... ok
test tests::the_sweep_follows_a_wider_geometry ... ok

test result: ok. 3 passed; 0 failed; 0 ignored; 0 measured; 0 filtered out; finished in 0.00s

     Running unittests src/bin/shard-cutoff.rs (target/release/deps/shard_cutoff-ac57d114918a7b64)

running 5 tests
test tests::a_journal_that_begins_after_the_cutoff_time_is_refused ... ok
test tests::a_window_too_small_to_prove_the_boundary_is_refused ... ok
test tests::monotone_times_put_the_cutoff_at_the_first_crossing ... ok
test tests::the_calendar_rule_clamps_to_the_end_of_the_month ... ok
test tests::the_cutoff_is_past_the_last_early_stamped_block_not_the_first_crossing ... ok

test result: ok. 5 passed; 0 failed; 0 ignored; 0 measured; 0 filtered out; finished in 0.00s

     Running unittests src/bin/shard-publish.rs (target/release/deps/shard_publish-82fa699f15b95abb)

running 0 tests

test result: ok. 0 passed; 0 failed; 0 ignored; 0 measured; 0 filtered out; finished in 0.00s

     Running unittests src/bin/shard-verify.rs (target/release/deps/shard_verify-e8a7abbb8cdb6365)

running 0 tests

test result: ok. 0 passed; 0 failed; 0 ignored; 0 measured; 0 filtered out; finished in 0.00s

     Running unittests src/bin/event-ingest.rs (target/release/deps/transparent_event_ingest-e83ef33c82dc27e2)

running 0 tests

test result: ok. 0 passed; 0 failed; 0 ignored; 0 measured; 0 filtered out; finished in 0.00s

     Running unittests src/bin/server.rs (target/release/deps/transparent_filter_server-f82b276c61bae338)

running 0 tests

test result: ok. 0 passed; 0 failed; 0 ignored; 0 measured; 0 filtered out; finished in 0.00s

     Running unittests src/bin/transparent-publish-controller.rs (target/release/deps/transparent_publish_controller-9a5b24a88082ed6f)

running 0 tests

test result: ok. 0 passed; 0 failed; 0 ignored; 0 measured; 0 filtered out; finished in 0.00s

     Running tests/compact.rs (target/release/deps/compact-2732be821f59e75b)

running 1 test
test raw_shielded_and_transparent_fields_round_trip_through_protoc ... ok

test result: ok. 1 passed; 0 failed; 0 ignored; 0 measured; 0 filtered out; finished in 0.09s

     Running tests/service_round_trip.rs (target/release/deps/service_round_trip-166bd02466e7ea10)

running 12 tests
test a_service_with_no_coverage_is_not_ready ... ok
test a_service_that_is_still_syncing_is_not_ready ... ok
test an_uncovered_stop_hash_is_refused ... ok
test a_digest_request_past_coverage_returns_the_covered_prefix ... ok
test readiness_and_metrics_are_available_on_the_service_port ... ok
test a_start_below_the_service_start_height_is_refused ... ok
test the_chain_endpoint_returns_the_covered_prefix_only ... ok
test published_digests_match_the_served_filter_bytes ... ok
test info_reports_the_pinned_chain_identity_and_profile ... ok
test a_wallet_on_a_different_branch_rejects_the_batch ... ok
test a_range_validates_and_the_active_block_matches ... ok
test a_batch_is_capped_and_the_client_accepts_the_bounded_prefix ... ok

test result: ok. 12 passed; 0 failed; 0 ignored; 0 measured; 0 filtered out; finished in 16.03s

     Running tests/shard_filters.rs (target/release/deps/shard_filters-f58989c4abfb5baf)

running 5 tests
test a_published_set_loads_and_keeps_every_filter ... ok
test a_set_missing_a_filter_is_refused ... ok
test a_filter_that_does_not_match_its_published_digest_is_refused ... ok
test without_a_set_the_shard_routes_are_not_found ... ok
test the_routes_serve_the_map_and_each_filter ... ok

test result: ok. 5 passed; 0 failed; 0 ignored; 0 measured; 0 filtered out; finished in 0.05s

     Running unittests src/main.rs (target/release/deps/transparent_loadtest-f2d7479628bbc65d)

running 7 tests
test scenario::tests::selection_is_reproducible_and_excludes_active_wallets ... ok
test scenario::tests::invalid_config_is_rejected_before_load ... ok
test simulation_report::tests::wallet_payload_totals_include_repeated_and_unsuccessful_recoveries ... ok
test simulation_report::tests::failed_and_incomplete_work_is_in_denominator_not_success_latency ... ok
test preparation_cache::tests::checksums_identity_atomic_writes_and_eviction ... ok
test simulation_report::tests::stages_capture_error_payloads_and_report_is_offline_and_escaped ... ok
test scenario::tests::prefetch_is_bounded_ordered_and_stops_commits_at_failure ... ok

test result: ok. 7 passed; 0 failed; 0 ignored; 0 measured; 0 filtered out; finished in 0.03s

     Running tests/simulation.rs (target/release/deps/simulation-900a6b0755a316e8)

running 12 tests
test supervisor_interrupt_finalizes_and_worker_crash_is_counted ... ok
test twenty_users_sustained_replacement_and_drain ... ok
test block_backend_matches_oracle_with_network_and_offline_scanning ... ok
test historical_sample_keeps_its_target_on_a_newer_publication ... ok
test measured_upload_retry_is_exact_and_fully_accounted ... ok
test page_setup_retry_finishes_existing_pending_work ... ok
test measured_connection_close_retries_and_retains_diagnostics ... ok
test preparation_cap_does_not_reduce_measured_wave_concurrency ... ok
test hard_deadline_refusal_and_publication_failure_remain_unsuccessful ... ok
test preparation_cache_and_queue_preserve_exact_recoveries ... ok
test concurrent_real_pir_sqlite_recovery_and_mismatch ... ok
test catch_up_seeds_prior_history_and_keeps_measurement_separate ... ok

test result: ok. 12 passed; 0 failed; 0 ignored; 0 measured; 0 filtered out; finished in 9.89s

     Running unittests src/main.rs (target/release/deps/transparent_measure-48e6ce037b643435)

running 0 tests

test result: ok. 0 passed; 0 failed; 0 ignored; 0 measured; 0 filtered out; finished in 0.00s

     Running unittests src/lib.rs (target/release/deps/transparent_regression-24162e68b0543e8e)

running 2 tests
test tests::reference_keeps_zero_balance_history_and_bounds_spends_by_anchor ... ok
test journal::tests::respects_committed_lengths_without_truncating_the_journal ... ok

test result: ok. 2 passed; 0 failed; 0 ignored; 0 measured; 0 filtered out; finished in 0.00s

     Running unittests src/bin/hierarchical-filter-eval.rs (target/release/deps/hierarchical_filter_eval-1e7fc4a7b03165b2)

running 1 test
test seed_tests::journal_seeds_verify_window_and_preserve_only_prior_events ... ok

test result: ok. 1 passed; 0 failed; 0 ignored; 0 measured; 0 filtered out; finished in 0.00s

     Running unittests src/bin/regression-export.rs (target/release/deps/regression_export-417c8ac0c74e896b)

running 0 tests

test result: ok. 0 passed; 0 failed; 0 ignored; 0 measured; 0 filtered out; finished in 0.00s

     Running unittests src/main.rs (target/release/deps/transparent_regression-a4c6fabcd81ae70d)

running 0 tests

test result: ok. 0 passed; 0 failed; 0 ignored; 0 measured; 0 filtered out; finished in 0.00s

     Running tests/parent_filters.rs (target/release/deps/parent_filters-3cf1660368d81b21)

running 1 test
test parent_negatives_restart_import_and_corrupt_fallback_recover_exactly ... ok

test result: ok. 1 passed; 0 failed; 0 ignored; 0 measured; 0 filtered out; finished in 4.00s

     Running tests/runner.rs (target/release/deps/runner-3f98fc00994ba1cc)

running 2 tests
test frozen_mainnet_fixture_has_exact_prefixes_and_required_wallet_profiles ... ok
test executable_checks_frozen_checkpoints_and_reports_publication_drift ... ok

test result: ok. 2 passed; 0 failed; 0 ignored; 0 measured; 0 filtered out; finished in 11.29s

     Running unittests src/lib.rs (target/release/deps/transparent_shard-b5bd90ad6656a658)

running 107 tests
test build::tests::the_same_script_lands_in_unrelated_rows_in_different_shards ... ok
test build::tests::events_outside_the_declared_range_are_refused ... ok
test layout::tests::a_fragment_holds_the_events_its_width_allows ... ok
test layout::tests::a_full_fragment_fits_its_row ... ok
test layout::tests::a_geometry_the_scheme_would_not_serve_is_refused ... ok
test layout::tests::a_history_becomes_long_exactly_when_it_outgrows_a_fragment ... ok
test layout::tests::a_history_moves_between_classes_as_it_grows ... ok
test layout::tests::a_row_splits_into_its_segment_and_its_row_within_it ... ok
test build::tests::the_filter_matches_every_script_the_shard_holds ... ok
test layout::tests::a_servable_width_is_not_automatically_a_publishable_one ... ok
test layout::tests::a_shard_always_has_at_least_one_segment_of_each_table ... ok
test layout::tests::doubling_the_rows_doubles_the_capacity ... ok
test layout::tests::every_paged_script_is_counted_exactly_once ... ok
test layout::tests::entries_per_row_is_what_packing_buys ... ok
test layout::tests::every_registry_entry_is_publishable ... ok
test layout::tests::histories_within_the_inline_allowance_occupy_no_page ... ok
test layout::tests::many_short_histories_need_more_fragments_than_one_long_one ... ok
test layout::tests::packed_rows_sit_between_the_byte_floor_and_the_unpacked_cost ... ok
test layout::tests::pages_are_added_only_when_the_previous_one_is_full ... ok
test layout::tests::registry_names_are_distinct_and_resolvable ... ok
test layout::tests::row_demand_can_fall_as_events_arrive ... ok
test layout::tests::scoring_functions_follow_the_inline_allowance ... ok
test layout::tests::the_archive_candidates_hold_what_they_claim ... ok
test layout::tests::the_default_geometry_is_the_one_that_ships ... ok
test layout::tests::the_registry_varies_row_counts_only ... ok
test manifest::tests::a_grown_tail_takes_the_next_revision_and_names_its_predecessor ... ok
test layout::tests::the_inline_allowance_is_what_buys_directory_slots ... ok
test manifest::tests::a_manifest_round_trips_through_its_canonical_bytes ... ok
test manifest::tests::a_sealed_shard_whose_content_changed_is_refused ... ok
test manifest::tests::a_shard_published_for_the_first_time_is_revision_zero ... ok
test manifest::tests::changing_any_field_changes_the_identity ... ok
test manifest::tests::the_digest_is_stable_across_encodings ... ok
test manifest::tests::republishing_the_same_shard_keeps_its_revision ... ok
test page_row::tests::a_count_larger_than_the_row_holds_is_refused ... ok
test page_row::tests::a_full_fragment_uses_the_bytes_the_layout_promises ... ok
test build::tests::every_script_is_retrievable_from_one_of_its_candidate_rows ... ok
test page_row::tests::a_payload_behind_a_zero_count_is_refused ... ok
test page_row::tests::a_row_of_the_wrong_length_is_refused ... ok
test page_row::tests::a_row_round_trips_whatever_it_holds ... ok
test build::tests::inline_events_and_pages_together_hold_the_complete_history ... ok
test page_row::tests::a_script_may_not_appear_twice_in_a_row ... ok
test build::tests::two_scripts_can_name_the_same_row ... ok
test page_row::tests::an_entry_without_a_script_is_refused ... ok
test page_row::tests::an_impossible_entry_count_is_refused_before_it_is_used ... ok
test page_row::tests::an_impossible_event_count_is_refused ... ok
test page_row::tests::an_ordinal_outside_its_fragment_count_is_refused ... ok
test page_row::tests::an_over_long_script_is_refused ... ok
test page_row::tests::an_unused_row_decodes_as_empty ... ok
test page_row::tests::content_past_the_last_entry_is_refused ... ok
test page_row::tests::events_out_of_canonical_order_are_refused ... ok
test build::tests::tables_are_exactly_the_pinned_size_whatever_the_shard_holds ... ok
test build::tests::the_inline_events_are_the_newest_ones ... ok
test page_row::tests::heights_that_disagree_with_the_events_are_refused ... ok
test page_row::tests::nonzero_reserved_bytes_are_refused ... ok
test page_row::tests::nonzero_script_padding_is_refused ... ok
test page_row::tests::every_class_fills_a_row_to_its_capacity ... ok
test page_row::tests::arbitrary_bytes_never_panic ... ok
test build::tests::an_unindexable_script_is_filtered_but_counted_as_excluded ... ok
test page_row::tests::the_encoding_is_frozen ... ok
test records::tests::a_directory_entry_round_trips ... ok
test records::tests::a_directory_row_round_trips_and_rejects_overfill ... ok
test records::tests::a_row_with_content_past_its_count_is_refused ... ok
test records::tests::a_script_too_long_for_a_private_table_is_refused_not_truncated ... ok
test records::tests::an_empty_slot_carrying_content_is_refused ... ok
test records::tests::an_empty_slot_decodes_as_absent ... ok
test records::tests::an_entry_whose_counts_disagree_is_refused ... ok
test records::tests::every_directory_row_is_the_same_size_however_full ... ok
test records::tests::the_geometry_is_what_the_layout_promises ... ok
test seal::tests::a_block_larger_than_a_segment_becomes_a_shard_of_its_own ... ok
test seal::tests::a_block_adds_at_most_one_row_per_script_it_touches ... ok
test seal::tests::a_geometry_change_seals_the_shard_before_it ... ok
test seal::tests::a_geometry_change_on_an_existing_boundary_seals_nothing ... ok
test seal::tests::a_block_that_would_breach_capacity_seals_the_shard_before_it ... ok
test seal::tests::a_journal_below_every_limit_yields_one_unsealed_tail ... ok
test seal::tests::a_journal_ending_on_a_boundary_leaves_no_tail ... ok
test seal::tests::a_shard_can_seal_on_page_rows_with_few_scripts ... ok
test seal::tests::a_wider_geometry_seals_later_in_both_tables ... ok
test build::tests::a_long_history_keeps_its_run_to_itself ... ok
test seal::tests::an_empty_journal_seals_nothing ... ok
test seal::tests::an_unindexable_script_contributes_no_packed_rows ... ok
test seal::tests::an_oversized_block_after_a_seal_closes_two_shards ... ok
test seal::tests::blocks_must_arrive_in_order ... ok
test seal::tests::empty_blocks_extend_the_span_without_adding_occupancy ... ok
test seal::tests::every_geometry_implies_a_usable_policy ... ok
test seal::tests::ids_continue_across_a_geometry_change ... ok
test seal::tests::limits_must_be_positive_and_ordered ... ok
test seal::tests::maintained_counters_match_a_full_recount ... ok
test seal::tests::no_sealed_shard_ever_exceeds_capacity ... ok
test seal::tests::ordering_is_enforced_across_a_seal ... ok
test seal::tests::placement_is_not_measured_unless_it_is_asked_for ... ok
test seal::tests::reaching_the_script_target_seals_the_block_that_reached_it ... ok
test seal::tests::shards_tile_the_journal_without_gaps_or_overlaps ... ok
test seal::tests::the_default_geometry_implies_the_policy_the_publisher_used ... ok
test seal::tests::the_same_journal_seals_identically_every_time ... ok
test seal::tests::the_projection_equals_what_absorbing_produces ... ok
test seal::tests::the_inline_allowance_changes_what_a_shard_is_counted_to_hold ... ok
test build::tests::building_is_deterministic_regardless_of_input_order ... ok
test seal::tests::no_valid_block_is_ever_refused ... ok
test seal::tests::the_basis_decides_where_a_shard_ends ... ok
test build::tests::relocation_keeps_one_segment_past_the_greedy_ceiling ... ok
test build::tests::the_sealer_predicts_the_placement_the_builder_produces ... ok
test seal::tests::placement_costs_more_than_dividing_scripts_by_slots ... ok
test build::tests::a_relocated_script_is_still_in_one_of_its_candidates ... ok
test build::tests::placement_is_reproducible ... ok
test build::tests::short_histories_of_a_length_share_rows ... ok
test build::tests::content_too_large_for_one_segment_takes_another ... ok
test seal::tests::a_script_set_past_one_segment_places_into_two ... ok

test result: ok. 107 passed; 0 failed; 0 ignored; 0 measured; 0 filtered out; finished in 0.53s

     Running unittests src/lib.rs (target/release/deps/transparent_shard_server-8adb732170acc726)

running 39 tests
test assignment::tests::a_shard_nobody_holds_must_be_listed_as_unassigned ... ok
test assignment::tests::overlapping_archive_owners_are_refused ... ok
test assignment::tests::replicas_in_one_group_must_hold_the_same_shards ... ok
test assignment::tests::tiers_are_enforced_by_role ... ok
test assignment::tests::a_disjoint_covering_assignment_is_accepted_and_digests_stably ... ok
test admission::tests::body_bytes_are_bounded_across_waiting_requests ... ok
test admission::tests::waiting_places_are_bounded_and_returned_on_drop ... ok
test assignment::tests::worker_identity_ignores_provenance_and_peers_but_binds_serving_state ... ok
test memory::tests::cancelling_a_queued_builder_releases_its_turn ... ok
test memory::tests::expired_or_cancelled_query_wait_does_not_leave_a_reservation ... ok
test memory::tests::cancelled_waiter_cannot_release_blocking_work_reservation ... ok
test memory::tests::simultaneous_work_and_resident_memory_share_headroom ... ok
test memory::tests::phase_handoff_retains_remaining_work_and_other_owners ... ok
test metrics::tests::timers_classify_success_error_and_dropped_handlers_once ... ok
test filecache::tests::blocked_advice_does_not_block_consumers_or_grow_queue ... ok
test prewarm::tests::corruption_is_not_retried_and_permanent_pressure_is_bounded ... ok
test metrics::tests::labels_reach_every_series_and_the_histogram_is_cumulative ... ok
test admission::tests::a_dropped_wait_is_in_the_latency_histogram ... ok
test runtime::disk::tests::batched_reader_checks_boundaries_truncation_and_canonical_words ... ok
test runtime::disk::tests::batched_words_preserve_legacy_bytes_across_buffer_boundaries ... ok
test filecache::tests::queued_descriptor_survives_source_removal_and_replacement ... ok
test runtime::tests::failed_waiter_cannot_forget_a_replacement_slot ... ok
test runtime::tests::only_the_database_term_follows_the_row_count ... ok
test router::tests::a_roster_that_cannot_hold_its_share_is_refused ... ok
test runtime::tests::the_reservation_matches_what_residency_measured ... ok
test runtime::tests::every_registry_geometry_reserves_something_servable ... ok
test router::tests::the_caddyfile_routes_each_shard_to_its_owners_and_nothing_else ... ok
test router::tests::the_archive_is_split_contiguously_and_balanced_by_reserved_bytes ... ok
test filecache::tests::advice_preserves_contents_and_file_position ... ok
test runtime::disk::tests::busy_collection_defers_then_prunes_only_unretained_files ... ok
test memory::tests::admitted_query_waits_for_memory_without_exceeding_the_budget ... ok
test admission::tests::a_request_that_outwaits_its_deadline_is_refused_retryably ... ok
test runtime::disk::tests::incremental_snapshot_preserves_bytes_and_checksum_across_writeback ... ok
test prewarm::tests::cancellation_stops_retrying_an_obsolete_candidate ... ok
test memory::tests::cold_builders_keep_fifo_order_until_memory_is_released ... ok
test prewarm::tests::transient_admission_does_not_permanently_lose_a_warm_target ... ok
test runtime::disk::cache_integration_tests::blocked_snapshot_does_not_delay_serving_or_release_owned_memory ... ok
test runtime::disk::cache_integration_tests::restart_coalesces_restore_and_corruption_falls_back_without_losing_budget ... ok
test runtime::disk::tests::restored_runtimes_answer_identically_at_deployed_geometries ... ok

test result: ok. 39 passed; 0 failed; 0 ignored; 0 measured; 0 filtered out; finished in 11.90s

     Running unittests src/bin/parent-evaluation-server.rs (target/release/deps/parent_evaluation_server-1b44ecd7abf12af7)

running 0 tests

test result: ok. 0 passed; 0 failed; 0 ignored; 0 measured; 0 filtered out; finished in 0.00s

     Running unittests src/bin/shard-assign.rs (target/release/deps/shard_assign-55f3242462a954da)

running 0 tests

test result: ok. 0 passed; 0 failed; 0 ignored; 0 measured; 0 filtered out; finished in 0.00s

     Running unittests src/bin/shard-control.rs (target/release/deps/shard_control-6838b2c7f8ca36a6)

running 0 tests

test result: ok. 0 passed; 0 failed; 0 ignored; 0 measured; 0 filtered out; finished in 0.00s

     Running unittests src/bin/shard-prune.rs (target/release/deps/shard_prune-17177a3ea1fdd351)

running 0 tests

test result: ok. 0 passed; 0 failed; 0 ignored; 0 measured; 0 filtered out; finished in 0.00s

     Running unittests src/bin/shard-residency.rs (target/release/deps/shard_residency-2ffab25d5df93691)

running 0 tests

test result: ok. 0 passed; 0 failed; 0 ignored; 0 measured; 0 filtered out; finished in 0.00s

     Running unittests src/bin/shard-scaling.rs (target/release/deps/shard_scaling-885721d8bb2b7803)

running 0 tests

test result: ok. 0 passed; 0 failed; 0 ignored; 0 measured; 0 filtered out; finished in 0.00s

     Running unittests src/bin/server.rs (target/release/deps/transparent_shard_server-bd7cb74d674ef985)

running 0 tests

test result: ok. 0 passed; 0 failed; 0 ignored; 0 measured; 0 filtered out; finished in 0.00s

     Running tests/assignment.rs (target/release/deps/assignment-0696b590467e4f12)

running 8 tests
test a_hand_written_assignment_round_trips_and_checks_shape ... ok
test retention_by_bytes_keeps_newest_first_and_reports_the_rest_prunable ... ok
test an_assignment_for_another_map_is_refused ... ok
test the_plan_balances_owners_and_the_router_matches_the_golden_file ... ok
test a_subset_loads_only_assigned_tables_and_keeps_global_ids ... ok
test a_query_for_an_unassigned_shard_is_misdirected_and_public_bytes_are_served_for_all ... ok
test an_assignment_that_does_not_fit_the_cache_is_refused_in_warm_mode ... ok
test ready_waits_for_every_assigned_runtime_in_warm_mode_and_not_in_pilot_mode ... ok

test result: ok. 8 passed; 0 failed; 0 ignored; 0 measured; 0 filtered out; finished in 2.92s

     Running tests/geometry_costs.rs (target/release/deps/geometry_costs-1b8a06078f483e7c)

running 4 tests
test the_pinned_geometry_costs_what_it_did ... ok
test a_narrower_table_buys_a_smaller_query_and_nothing_else ... ok
test evaluation_keys_dominate_every_query_whatever_the_geometry ... ok
test the_archive_candidates_cost_what_the_plan_claims ... ok

test result: ok. 4 passed; 0 failed; 0 ignored; 0 measured; 0 filtered out; finished in 0.00s

     Running tests/operator_payloads.rs (target/release/deps/operator_payloads-472268cc6fbf86a4)

running 2 tests
test the_operator_payloads_match_what_ops_parses ... ok
test verify_only_stdout_is_machine_readable_and_checks_cache_capacity ... ok

test result: ok. 2 passed; 0 failed; 0 ignored; 0 measured; 0 filtered out; finished in 1.13s

     Running tests/revisions_and_cache.rs (target/release/deps/revisions_and_cache-5680c3aa0e50e12d)

running 20 tests
test burst::external_query_clients ... ignored, manual external burst clients; started by the burst runner
test burst::publication_burst_under_exact_load ... ignored, manual recent-8k burst benchmark; use make transparent-burst
test burst::drained_external_errors_and_truncated_records_still_fail ... ok
test burst::external_records_drain_inflight_completion_after_stop ... ok
test superseded_revisions_beyond_the_bound_are_refused ... ok
test a_revision_ahead_of_the_map_is_refused ... ok
test a_set_holding_a_superseded_revision_loads ... ok
test a_request_that_cannot_fit_the_budget_is_refused_retryably ... ok
test a_pruned_revision_is_refused_with_the_current_map_digest ... ok
test the_served_map_matches_its_advertised_digest ... ok
test blocked_collection_keeps_status_and_readiness_responsive ... ok
test a_segment_corrupted_after_loading_fails_its_build ... ok
test blocked_invalidation_refuses_without_blocking_executor ... ok
test concurrent_cold_requests_build_once ... ok
test each_revision_is_answered_under_its_own_identity ... ok
test a_runtime_in_use_is_not_evicted_to_make_room ... ok
test a_second_runtime_evicts_the_first_rather_than_exceeding_the_budget ... ok
test blocked_activation_keeps_executor_responsive ... ok
test live_prepare_activate_and_invalidate ... ok
test revision_churn_bounds_runtimes_and_collects_idle_snapshots ... ok

test result: ok. 18 passed; 0 failed; 2 ignored; 0 measured; 0 filtered out; finished in 7.87s

     Running tests/round_trip.rs (target/release/deps/round_trip-3fbc415206f846ab)

running 17 tests
test a_tampered_table_is_refused_at_load ... ok
test a_shard_set_missing_a_shard_is_refused ... ok
test a_request_that_outwaits_its_deadline_is_refused_retryably ... ok
test a_slow_upload_times_out_without_holding_a_place ... ok
test a_query_without_a_declared_length_is_refused ... ok
test an_oversized_query_is_refused_before_any_work ... ok
test a_truncated_query_is_refused_rather_than_padded ... ok
test a_filter_for_a_shard_outside_the_set_is_refused ... ok
test the_map_is_identical_under_both_paths ... ok
test the_manifest_route_serves_canonical_bytes_that_digest_to_the_path ... ok
test a_full_queue_refuses_retryably_and_a_cancelled_waiter_frees_its_place ... ok
test each_shards_published_filter_is_served_verbatim ... ok
test a_query_built_for_one_shard_is_refused_by_another ... ok
test a_query_built_for_one_table_is_refused_by_the_other ... ok
test unknown_shards_and_tables_are_refused ... ok
test every_shard_reports_the_same_scheme_but_its_own_setup ... ok
test rows_retrieved_from_each_shard_equal_that_shards_published_table ... ok

test result: ok. 17 passed; 0 failed; 0 ignored; 0 measured; 0 filtered out; finished in 5.12s

     Running tests/wallet_anchor.rs (target/release/deps/wallet_anchor-4f6ace26261d22e4)

running 6 tests
test unknown_rejected_and_unpublished_targets_do_not_commit_progress ... ok
test future_only_pages_do_not_advance_discovery ... ok
test pagination_progress_counts_future_records_and_restarts_on_a_new_target ... ok
test arbitrary_anchors_survive_restart_overlap_and_exact_rollback ... ok
test a_replaced_tail_rewinds_pending_events_without_completed_coverage ... ok
test an_exact_common_ancestor_inside_a_shard_survives_a_real_fork ... ok

test result: ok. 6 passed; 0 failed; 0 ignored; 0 measured; 0 filtered out; finished in 6.58s

     Running tests/wallet_continuation.rs (target/release/deps/wallet_continuation-2756fb846dc98eb8)

running 11 tests
test an_unused_wallet_persists_coverage_and_pays_only_cached_filters_next_time ... ok
test raising_required_from_after_the_fact_does_not_drop_retained_receives ... ok
test a_stale_refresh_that_names_a_lower_anchor_or_another_set_is_refused ... ok
test added_and_imported_scripts_are_discovered_over_their_earlier_ranges ... ok
test a_superseded_provisional_tail_is_truncated_and_replayed_not_appended ... ok
test a_query_budget_stops_between_pages_and_resumes_exactly ... ok
test a_restarted_wallet_resumes_from_its_commits_without_refetching ... ok
test an_unrelenting_overload_persists_pending_and_never_reports_a_balance_as_synced ... ok
test a_spend_synced_later_resolves_against_a_receive_persisted_earlier ... ok
test a_reorg_below_the_tier_boundary_rewinds_to_the_accepted_ancestor ... ok
test a_crash_around_the_pending_commit_resumes_without_duplicating_pages ... ok

test result: ok. 11 passed; 0 failed; 0 ignored; 0 measured; 0 filtered out; finished in 11.90s

     Running tests/wallet_sync.rs (target/release/deps/wallet_sync-86b7d48b097df95d)

running 19 tests
test an_unused_wallet_pays_only_the_public_floor ... ok
test a_service_serving_another_schema_is_refused ... ok
test a_wallet_refuses_a_manifest_that_does_not_digest_to_the_map ... ok
test an_unrelenting_overload_stops_the_sync_without_advancing_coverage ... ok
test a_503_that_names_no_delay_is_not_retried ... ok
test init_declares_one_parameter_set_per_geometry ... ok
test a_shard_naming_an_unknown_geometry_stops_the_sync ... ok
test a_birthday_that_omits_a_receive_cannot_report_complete ... ok
test a_shard_whose_pages_need_two_segments_syncs_exactly ... ok
test a_corrupt_filter_with_an_unchanged_map_is_never_accepted ... ok
test a_refresh_that_cannot_help_stops_the_sync_rather_than_looping ... ok
test an_overloaded_service_is_retried_and_the_sync_still_reconstructs_exactly ... ok
test coverage_does_not_advance_when_a_segment_is_missing ... ok
test scripts_sharing_a_row_still_cost_a_fetch_each ... ok
test a_genuine_manifest_is_verified_once_per_matched_shard ... ok
test a_filter_replaced_after_the_map_was_read_refreshes_before_matching ... ok
test a_wallet_holding_a_replaced_tail_revision_recovers_by_refreshing_the_map ... ok
test a_wallet_syncs_from_its_birthday_and_matches_an_independent_traversal ... ok
test a_wallet_syncs_across_a_geometry_boundary_exactly ... ok

test result: ok. 19 passed; 0 failed; 0 ignored; 0 measured; 0 filtered out; finished in 9.09s

     Running unittests src/lib.rs (target/release/deps/transparent_wallet-13e2fb9c143617ef)

running 41 tests
test ledger::tests::a_conflicting_receive_for_one_outpoint_is_an_error ... ok
test ledger::tests::a_receive_becomes_a_utxo_and_a_balance ... ok
test ledger::tests::a_fully_spent_wallet_has_no_balance_but_keeps_its_history ... ok
test ledger::tests::a_receive_and_its_spend_in_one_block_resolve_by_transaction_index ... ok
test ledger::tests::a_repeated_unresolved_spend_is_recorded_once ... ok
test ledger::tests::a_spend_extended_later_resolves_against_a_kept_receive ... ok
test ledger::tests::a_spend_of_an_unknown_output_is_recorded_as_unresolved ... ok
test ledger::tests::a_spend_removes_its_output_and_is_recorded ... ok
test ledger::tests::an_unresolved_spend_is_resolved_by_a_receive_extended_later ... ok
test ledger::tests::coinbase_status_survives_replay_without_being_applied ... ok
test ledger::tests::duplicate_events_are_idempotent ... ok
test ledger::tests::events_are_replayed_in_chain_order_whatever_order_they_arrive_in ... ok
test ledger::tests::history_reports_net_value_per_transaction ... ok
test ledger::tests::several_outputs_of_one_transaction_are_distinct ... ok
test ledger::tests::the_identical_spend_twice_is_idempotent ... ok
test ledger::tests::the_same_outpoint_spent_by_two_transactions_is_an_error ... ok
test ledger::tests::truncating_above_a_height_restores_outputs_spent_above_it ... ok
test store::tests::ranges_are_kept_per_shard_in_order_without_repeats ... ok
test store::tests::uncovered_reports_the_gaps_and_nothing_else ... ok
test sync::tests::a_different_set_identity_is_not_a_continuation ... ok
test sync::tests::a_re_cut_covered_shard_is_not_a_continuation ... ok
test sync::tests::a_replaced_tail_over_an_agreeing_prefix_continues_the_set ... ok
test sync::tests::appended_shards_continue_the_set ... ok
test sync::tests::backoff_prefers_the_services_figure_and_caps_it ... ok
test sync::tests::coverage_ending_below_what_was_read_is_not_a_continuation ... ok
test sync::tests::reseal_is_refused_but_a_new_geometry_is_not ... ok
test sync::tests::a_manifest_is_accepted_only_when_it_agrees_with_the_map_in_every_field ... ok
test sync::tests::withdrawing_a_covered_shard_is_not_a_continuation ... ok
test transport::tests::a_refusal_is_found_through_a_wrapping_error ... ok
test transport::tests::a_stale_refusal_carries_the_map_digest_the_service_reported ... ok
test transport::tests::a_stale_refusal_survives_a_body_it_cannot_parse ... ok
test transport::tests::an_ordinary_failure_is_neither_refusal ... ok
test transport::tests::an_overload_is_recognised_by_its_delay_not_its_status ... ok
test transport::tests::an_unparsable_delay_is_still_an_overload ... ok
test transport::tests::only_a_conflict_is_a_stale_refusal ... ok
test transport::tests::refusal_dispatches_on_what_the_reply_says ... ok
test http::observation_tests::observes_success_refusal_payload_and_connection_failure_without_changing_results ... ok
test http::observation_tests::retry_after_cannot_extend_the_deadline_on_public_or_bound_requests ... ok
test http::observation_tests::retries_share_one_deadline_including_backoff_and_response_reads ... ok
test http::observation_tests::opt_in_retries_are_bounded_and_account_for_every_response ... ok
test http::observation_tests::retries_established_connection_failures_with_bounded_attempts ... ok

test result: ok. 41 passed; 0 failed; 0 ignored; 0 measured; 0 filtered out; finished in 20.31s

     Running tests/birthday_to_balance.rs (target/release/deps/birthday_to_balance-d7ffda6d42ce729f)

running 4 tests
test an_unused_wallet_matches_nothing_and_issues_no_queries ... ok
test the_ledger_replays_identically_from_shards_and_from_a_direct_traversal ... ok
test a_later_birthday_recovers_exactly_the_history_from_that_shard_forward ... ok
test byte_accounting_separates_the_unconditional_floor_from_the_gated_work ... ok

test result: ok. 4 passed; 0 failed; 0 ignored; 0 measured; 0 filtered out; finished in 0.03s

     Running unittests src/lib.rs (target/release/deps/transparent_wallet_store-ed482074c9c6c751)

running 1 test
test coverage_append_tests::appending_checkpoints_does_not_rewrite_prior_coverage ... ok

test result: ok. 1 passed; 0 failed; 0 ignored; 0 measured; 0 filtered out; finished in 0.00s

     Running tests/store_semantics.rs (target/release/deps/store_semantics-d9da6553f09a2475)

running 4 tests
test the_memory_store_meets_the_contract ... ok
test the_sqlite_store_meets_the_contract_in_memory ... ok
test migration_preserves_events_but_invalidates_unbound_legacy_progress ... ok
test the_sqlite_store_meets_the_contract_on_disk_and_survives_reopening ... ok

test result: ok. 4 passed; 0 failed; 0 ignored; 0 measured; 0 filtered out; finished in 0.03s

   Doc-tests enhance_pir

running 0 tests

test result: ok. 0 passed; 0 failed; 0 ignored; 0 measured; 0 filtered out; finished in 0.00s

   Doc-tests enhance_pir_server

running 0 tests

test result: ok. 0 passed; 0 failed; 0 ignored; 0 measured; 0 filtered out; finished in 0.00s

   Doc-tests transparent_blocks

running 0 tests

test result: ok. 0 passed; 0 failed; 0 ignored; 0 measured; 0 filtered out; finished in 0.00s

   Doc-tests transparent_events

running 0 tests

test result: ok. 0 passed; 0 failed; 0 ignored; 0 measured; 0 filtered out; finished in 0.00s

   Doc-tests transparent_filter

running 0 tests

test result: ok. 0 passed; 0 failed; 0 ignored; 0 measured; 0 filtered out; finished in 0.00s

   Doc-tests transparent_filter_server

running 0 tests

test result: ok. 0 passed; 0 failed; 0 ignored; 0 measured; 0 filtered out; finished in 0.00s

   Doc-tests transparent_regression

running 0 tests

test result: ok. 0 passed; 0 failed; 0 ignored; 0 measured; 0 filtered out; finished in 0.00s

   Doc-tests transparent_shard

running 0 tests

test result: ok. 0 passed; 0 failed; 0 ignored; 0 measured; 0 filtered out; finished in 0.00s

   Doc-tests transparent_shard_server

running 0 tests

test result: ok. 0 passed; 0 failed; 0 ignored; 0 measured; 0 filtered out; finished in 0.00s

   Doc-tests transparent_wallet

running 0 tests

test result: ok. 0 passed; 0 failed; 0 ignored; 0 measured; 0 filtered out; finished in 0.00s

   Doc-tests transparent_wallet_store

running 0 tests

test result: ok. 0 passed; 0 failed; 0 ignored; 0 measured; 0 filtered out; finished in 0.00s
