Running as unit: transparent-full-burst-170e4415feda40afb08e50d6199bc2d8.service

running 1 test
2026-09-09T18:18:55.136774Z DEBUG transparent_shard_server::runtime: runtime stage key=("5b7ee9849d47f5ee67d04eb6ca4588beacf42dce75e5a1b481dfd02607b1fb20", Directory, 0) seconds=1.3057e-5 stage="restore_slot"
2026-09-09T18:18:55.136845Z DEBUG transparent_shard_server::runtime: runtime stage key=("1f5d7213a380745d83cc554ad16bdf9e039a0304d0de0b71376828e1838d0ea4", Directory, 0) seconds=2.31e-7 stage="restore_slot"
2026-09-09T18:18:55.136893Z DEBUG transparent_shard_server::runtime: runtime stage key=("1f5d7213a380745d83cc554ad16bdf9e039a0304d0de0b71376828e1838d0ea4", Pages, 0) seconds=5.19e-7 stage="restore_slot"
2026-09-09T18:18:55.136795Z DEBUG transparent_shard_server::runtime: runtime stage key=("5b7ee9849d47f5ee67d04eb6ca4588beacf42dce75e5a1b481dfd02607b1fb20", Pages, 0) seconds=1.07e-6 stage="restore_slot"
2026-09-09T18:18:55.137272Z DEBUG transparent_shard_server::runtime: runtime stage key=("1f5d7213a380745d83cc554ad16bdf9e039a0304d0de0b71376828e1838d0ea4", Pages, 0) seconds=2.8867e-5 hit=false stage="disk_restore"
2026-09-09T18:18:55.137273Z DEBUG transparent_shard_server::runtime: runtime stage key=("5b7ee9849d47f5ee67d04eb6ca4588beacf42dce75e5a1b481dfd02607b1fb20", Directory, 0) seconds=3.6688e-5 hit=false stage="disk_restore"
2026-09-09T18:18:55.137310Z DEBUG transparent_shard_server::runtime: runtime stage key=("5b7ee9849d47f5ee67d04eb6ca4588beacf42dce75e5a1b481dfd02607b1fb20", Pages, 0) seconds=2.5361e-5 hit=false stage="disk_restore"
2026-09-09T18:18:55.137318Z DEBUG transparent_shard_server::runtime: runtime stage key=("5b7ee9849d47f5ee67d04eb6ca4588beacf42dce75e5a1b481dfd02607b1fb20", Directory, 0) seconds=1.182e-6 stage="build_slot"
2026-09-09T18:18:55.137315Z DEBUG transparent_shard_server::runtime: runtime stage key=("1f5d7213a380745d83cc554ad16bdf9e039a0304d0de0b71376828e1838d0ea4", Directory, 0) seconds=1.482e-5 hit=false stage="disk_restore"
2026-09-09T18:18:55.137358Z DEBUG transparent_shard_server::memory: cold build admission wait seconds=3.0957e-5 admitted=true
2026-09-09T18:18:55.269246Z DEBUG transparent_shard_server::runtime: runtime stage key=("5b7ee9849d47f5ee67d04eb6ca4588beacf42dce75e5a1b481dfd02607b1fb20", Directory, 0) seconds=0.131868562 stage="source_load"
2026-09-09T18:18:55.570746Z DEBUG transparent_shard_server::runtime: construction stage geometry="recent-8k" table="directory" seconds=0.301453108 stage="encode_database"
2026-09-09T18:18:55.570856Z DEBUG transparent_shard_server::runtime: construction stage geometry="recent-8k" table="directory" seconds=5.9553e-5 stage="public_setup"
2026-09-09T18:18:56.090517Z DEBUG transparent_shard_server::runtime: construction stage geometry="recent-8k" table="directory" seconds=0.519654608 stage="hint_columns"
2026-09-09T18:18:58.128616Z DEBUG transparent_shard_server::runtime: construction stage geometry="recent-8k" table="directory" seconds=2.038054347 stage="pack_preprocessing"
2026-09-09T18:18:58.128978Z DEBUG transparent_shard_server::runtime: construction stage geometry="recent-8k" table="directory" seconds=0.000317896 stage="publish_parameters"
2026-09-09T18:18:58.130296Z DEBUG transparent_shard_server::runtime: runtime stage key=("5b7ee9849d47f5ee67d04eb6ca4588beacf42dce75e5a1b481dfd02607b1fb20", Directory, 0) seconds=2.861003514 stage="runtime_build"
2026-09-09T18:18:58.815522Z DEBUG transparent_shard_server::runtime: runtime stage key=("5b7ee9849d47f5ee67d04eb6ca4588beacf42dce75e5a1b481dfd02607b1fb20", Directory, 0) seconds=0.68382168 stage="disk_save"
2026-09-09T18:18:58.815608Z DEBUG transparent_shard_server::runtime: runtime stage key=("1f5d7213a380745d83cc554ad16bdf9e039a0304d0de0b71376828e1838d0ea4", Pages, 0) seconds=3.678237837 stage="build_slot"
2026-09-09T18:18:58.815720Z DEBUG transparent_shard_server::memory: cold build admission wait seconds=8.6443e-5 admitted=true
2026-09-09T18:18:58.815751Z DEBUG transparent_shard_server::runtime: runtime stage key=("ca7afe810c988a8b4b561668f3456a9f38d1fdbb0776614e07ddfeb1a2132000", Directory, 0) seconds=5.4e-7 stage="restore_slot"
2026-09-09T18:18:58.815875Z DEBUG transparent_shard_server::runtime: runtime stage key=("ca7afe810c988a8b4b561668f3456a9f38d1fdbb0776614e07ddfeb1a2132000", Directory, 0) seconds=4.1678e-5 hit=false stage="disk_restore"
2026-09-09T18:18:58.950357Z DEBUG transparent_shard_server::runtime: runtime stage key=("1f5d7213a380745d83cc554ad16bdf9e039a0304d0de0b71376828e1838d0ea4", Pages, 0) seconds=0.134577475 stage="source_load"
2026-09-09T18:18:59.248165Z DEBUG transparent_shard_server::runtime: construction stage geometry="recent-8k" table="pages" seconds=0.29775883 stage="encode_database"
2026-09-09T18:18:59.248270Z DEBUG transparent_shard_server::runtime: construction stage geometry="recent-8k" table="pages" seconds=6.4251e-5 stage="public_setup"
2026-09-09T18:18:59.804222Z DEBUG transparent_shard_server::runtime: construction stage geometry="recent-8k" table="pages" seconds=0.555944888 stage="hint_columns"
2026-09-09T18:19:01.814269Z DEBUG transparent_shard_server::runtime: construction stage geometry="recent-8k" table="pages" seconds=2.0100062 stage="pack_preprocessing"
2026-09-09T18:19:01.814601Z DEBUG transparent_shard_server::runtime: construction stage geometry="recent-8k" table="pages" seconds=0.000289991 stage="publish_parameters"
2026-09-09T18:19:01.815118Z DEBUG transparent_shard_server::runtime: runtime stage key=("1f5d7213a380745d83cc554ad16bdf9e039a0304d0de0b71376828e1838d0ea4", Pages, 0) seconds=2.864720436 stage="runtime_build"
2026-09-09T18:19:02.513072Z DEBUG transparent_shard_server::runtime: runtime stage key=("1f5d7213a380745d83cc554ad16bdf9e039a0304d0de0b71376828e1838d0ea4", Pages, 0) seconds=0.697938071 stage="disk_save"
2026-09-09T18:19:02.513200Z DEBUG transparent_shard_server::runtime: runtime stage key=("5b7ee9849d47f5ee67d04eb6ca4588beacf42dce75e5a1b481dfd02607b1fb20", Pages, 0) seconds=7.375818649 stage="build_slot"
2026-09-09T18:19:02.513210Z DEBUG transparent_shard_server::runtime: runtime stage key=("ca7afe810c988a8b4b561668f3456a9f38d1fdbb0776614e07ddfeb1a2132000", Pages, 0) seconds=9.08e-7 stage="restore_slot"
2026-09-09T18:19:02.513324Z DEBUG transparent_shard_server::memory: cold build admission wait seconds=8.9176e-5 admitted=true
2026-09-09T18:19:02.513383Z DEBUG transparent_shard_server::runtime: runtime stage key=("ca7afe810c988a8b4b561668f3456a9f38d1fdbb0776614e07ddfeb1a2132000", Pages, 0) seconds=4.5904e-5 hit=false stage="disk_restore"
2026-09-09T18:19:02.647036Z DEBUG transparent_shard_server::runtime: runtime stage key=("5b7ee9849d47f5ee67d04eb6ca4588beacf42dce75e5a1b481dfd02607b1fb20", Pages, 0) seconds=0.133679054 stage="source_load"
2026-09-09T18:19:02.963796Z DEBUG transparent_shard_server::runtime: construction stage geometry="recent-8k" table="pages" seconds=0.316712181 stage="encode_database"
2026-09-09T18:19:02.963911Z DEBUG transparent_shard_server::runtime: construction stage geometry="recent-8k" table="pages" seconds=7.2252e-5 stage="public_setup"
2026-09-09T18:19:03.496349Z DEBUG transparent_shard_server::runtime: construction stage geometry="recent-8k" table="pages" seconds=0.532430413 stage="hint_columns"
2026-09-09T18:19:05.513410Z DEBUG transparent_shard_server::runtime: construction stage geometry="recent-8k" table="pages" seconds=2.017014685 stage="pack_preprocessing"
2026-09-09T18:19:05.513720Z DEBUG transparent_shard_server::runtime: construction stage geometry="recent-8k" table="pages" seconds=0.00026659 stage="publish_parameters"
2026-09-09T18:19:05.514383Z DEBUG transparent_shard_server::runtime: runtime stage key=("5b7ee9849d47f5ee67d04eb6ca4588beacf42dce75e5a1b481dfd02607b1fb20", Pages, 0) seconds=2.867301991 stage="runtime_build"
2026-09-09T18:19:06.215741Z DEBUG transparent_shard_server::runtime: runtime stage key=("5b7ee9849d47f5ee67d04eb6ca4588beacf42dce75e5a1b481dfd02607b1fb20", Pages, 0) seconds=0.701337541 stage="disk_save"
2026-09-09T18:19:06.215834Z DEBUG transparent_shard_server::runtime: runtime stage key=("1f5d7213a380745d83cc554ad16bdf9e039a0304d0de0b71376828e1838d0ea4", Directory, 0) seconds=11.07846279 stage="build_slot"
2026-09-09T18:19:06.215892Z DEBUG transparent_shard_server::runtime: runtime stage key=("95df7205357fe2d9c962d2b41daded841e05afa7b6fc8d06dfec46ad04e15335", Directory, 0) seconds=1.041e-6 stage="restore_slot"
2026-09-09T18:19:06.215947Z DEBUG transparent_shard_server::memory: cold build admission wait seconds=7.2146e-5 admitted=true
2026-09-09T18:19:06.216145Z DEBUG transparent_shard_server::runtime: runtime stage key=("95df7205357fe2d9c962d2b41daded841e05afa7b6fc8d06dfec46ad04e15335", Directory, 0) seconds=2.8497e-5 hit=false stage="disk_restore"
2026-09-09T18:19:06.349223Z DEBUG transparent_shard_server::runtime: runtime stage key=("1f5d7213a380745d83cc554ad16bdf9e039a0304d0de0b71376828e1838d0ea4", Directory, 0) seconds=0.133136782 stage="source_load"
2026-09-09T18:19:06.652571Z DEBUG transparent_shard_server::runtime: construction stage geometry="recent-8k" table="directory" seconds=0.303297387 stage="encode_database"
2026-09-09T18:19:06.652685Z DEBUG transparent_shard_server::runtime: construction stage geometry="recent-8k" table="directory" seconds=6.7307e-5 stage="public_setup"
2026-09-09T18:19:07.186073Z DEBUG transparent_shard_server::runtime: construction stage geometry="recent-8k" table="directory" seconds=0.533380586 stage="hint_columns"
2026-09-09T18:19:09.183284Z DEBUG transparent_shard_server::runtime: construction stage geometry="recent-8k" table="directory" seconds=1.9971642809999999 stage="pack_preprocessing"
2026-09-09T18:19:09.183598Z DEBUG transparent_shard_server::runtime: construction stage geometry="recent-8k" table="directory" seconds=0.000266908 stage="publish_parameters"
2026-09-09T18:19:09.184263Z DEBUG transparent_shard_server::runtime: runtime stage key=("1f5d7213a380745d83cc554ad16bdf9e039a0304d0de0b71376828e1838d0ea4", Directory, 0) seconds=2.834991621 stage="runtime_build"
2026-09-09T18:19:09.872382Z DEBUG transparent_shard_server::runtime: runtime stage key=("1f5d7213a380745d83cc554ad16bdf9e039a0304d0de0b71376828e1838d0ea4", Directory, 0) seconds=0.688097219 stage="disk_save"
2026-09-09T18:19:09.872545Z DEBUG transparent_shard_server::runtime: runtime stage key=("ca7afe810c988a8b4b561668f3456a9f38d1fdbb0776614e07ddfeb1a2132000", Directory, 0) seconds=11.056630735 stage="build_slot"
2026-09-09T18:19:09.872608Z DEBUG transparent_shard_server::runtime: runtime stage key=("95df7205357fe2d9c962d2b41daded841e05afa7b6fc8d06dfec46ad04e15335", Pages, 0) seconds=1.3431e-5 stage="restore_slot"
2026-09-09T18:19:09.872661Z DEBUG transparent_shard_server::memory: cold build admission wait seconds=8.7051e-5 admitted=true
2026-09-09T18:19:09.872776Z DEBUG transparent_shard_server::runtime: runtime stage key=("95df7205357fe2d9c962d2b41daded841e05afa7b6fc8d06dfec46ad04e15335", Pages, 0) seconds=3.598e-5 hit=false stage="disk_restore"
2026-09-09T18:19:10.006002Z DEBUG transparent_shard_server::runtime: runtime stage key=("ca7afe810c988a8b4b561668f3456a9f38d1fdbb0776614e07ddfeb1a2132000", Directory, 0) seconds=0.133289043 stage="source_load"
2026-09-09T18:19:10.307907Z DEBUG transparent_shard_server::runtime: construction stage geometry="recent-8k" table="directory" seconds=0.301854973 stage="encode_database"
2026-09-09T18:19:10.308009Z DEBUG transparent_shard_server::runtime: construction stage geometry="recent-8k" table="directory" seconds=5.5064e-5 stage="public_setup"
2026-09-09T18:19:10.826905Z DEBUG transparent_shard_server::runtime: construction stage geometry="recent-8k" table="directory" seconds=0.518889291 stage="hint_columns"
2026-09-09T18:19:12.843232Z DEBUG transparent_shard_server::runtime: construction stage geometry="recent-8k" table="directory" seconds=2.016281951 stage="pack_preprocessing"
2026-09-09T18:19:12.843535Z DEBUG transparent_shard_server::runtime: construction stage geometry="recent-8k" table="directory" seconds=0.000262163 stage="publish_parameters"
2026-09-09T18:19:12.844149Z DEBUG transparent_shard_server::runtime: runtime stage key=("ca7afe810c988a8b4b561668f3456a9f38d1fdbb0776614e07ddfeb1a2132000", Directory, 0) seconds=2.838099954 stage="runtime_build"
2026-09-09T18:19:13.539429Z DEBUG transparent_shard_server::runtime: runtime stage key=("ca7afe810c988a8b4b561668f3456a9f38d1fdbb0776614e07ddfeb1a2132000", Directory, 0) seconds=0.695248418 stage="disk_save"
2026-09-09T18:19:13.539545Z DEBUG transparent_shard_server::runtime: runtime stage key=("ca7afe810c988a8b4b561668f3456a9f38d1fdbb0776614e07ddfeb1a2132000", Pages, 0) seconds=11.026125101 stage="build_slot"
2026-09-09T18:19:13.539608Z DEBUG transparent_shard_server::runtime: runtime stage key=("73d46a59d0d03d7616f9a47e53b50448d4c5a3504e6e296600d8884c8c4403b8", Directory, 0) seconds=8.63e-7 stage="restore_slot"
2026-09-09T18:19:13.539662Z DEBUG transparent_shard_server::memory: cold build admission wait seconds=9.2391e-5 admitted=true
2026-09-09T18:19:13.539769Z DEBUG transparent_shard_server::runtime: runtime stage key=("73d46a59d0d03d7616f9a47e53b50448d4c5a3504e6e296600d8884c8c4403b8", Directory, 0) seconds=3.6741e-5 hit=false stage="disk_restore"
2026-09-09T18:19:13.663699Z DEBUG transparent_shard_server::runtime: runtime stage key=("ca7afe810c988a8b4b561668f3456a9f38d1fdbb0776614e07ddfeb1a2132000", Pages, 0) seconds=0.124006187 stage="source_load"
2026-09-09T18:19:13.957307Z DEBUG transparent_shard_server::runtime: construction stage geometry="recent-8k" table="pages" seconds=0.293561415 stage="encode_database"
2026-09-09T18:19:13.957425Z DEBUG transparent_shard_server::runtime: construction stage geometry="recent-8k" table="pages" seconds=7.1999e-5 stage="public_setup"
2026-09-09T18:19:14.534080Z DEBUG transparent_shard_server::runtime: construction stage geometry="recent-8k" table="pages" seconds=0.57664912 stage="hint_columns"
2026-09-09T18:19:16.483570Z DEBUG transparent_shard_server::runtime: construction stage geometry="recent-8k" table="pages" seconds=1.949439542 stage="pack_preprocessing"
2026-09-09T18:19:16.483872Z DEBUG transparent_shard_server::runtime: construction stage geometry="recent-8k" table="pages" seconds=0.000262842 stage="publish_parameters"
2026-09-09T18:19:16.484519Z DEBUG transparent_shard_server::runtime: runtime stage key=("ca7afe810c988a8b4b561668f3456a9f38d1fdbb0776614e07ddfeb1a2132000", Pages, 0) seconds=2.820775252 stage="runtime_build"
2026-09-09T18:19:17.180752Z DEBUG transparent_shard_server::runtime: runtime stage key=("ca7afe810c988a8b4b561668f3456a9f38d1fdbb0776614e07ddfeb1a2132000", Pages, 0) seconds=0.696215027 stage="disk_save"
2026-09-09T18:19:17.180846Z DEBUG transparent_shard_server::runtime: runtime stage key=("95df7205357fe2d9c962d2b41daded841e05afa7b6fc8d06dfec46ad04e15335", Directory, 0) seconds=10.964671553 stage="build_slot"
2026-09-09T18:19:17.180917Z DEBUG transparent_shard_server::runtime: runtime stage key=("73d46a59d0d03d7616f9a47e53b50448d4c5a3504e6e296600d8884c8c4403b8", Pages, 0) seconds=9.59e-7 stage="restore_slot"
2026-09-09T18:19:17.180955Z DEBUG transparent_shard_server::memory: cold build admission wait seconds=8.2017e-5 admitted=true
2026-09-09T18:19:17.181034Z DEBUG transparent_shard_server::runtime: runtime stage key=("73d46a59d0d03d7616f9a47e53b50448d4c5a3504e6e296600d8884c8c4403b8", Pages, 0) seconds=2.4361e-5 hit=false stage="disk_restore"
2026-09-09T18:19:17.304626Z DEBUG transparent_shard_server::runtime: runtime stage key=("95df7205357fe2d9c962d2b41daded841e05afa7b6fc8d06dfec46ad04e15335", Directory, 0) seconds=0.123642873 stage="source_load"
2026-09-09T18:19:17.597046Z DEBUG transparent_shard_server::runtime: construction stage geometry="recent-8k" table="directory" seconds=0.2923566 stage="encode_database"
2026-09-09T18:19:17.597177Z DEBUG transparent_shard_server::runtime: construction stage geometry="recent-8k" table="directory" seconds=8.4272e-5 stage="public_setup"
2026-09-09T18:19:18.150231Z DEBUG transparent_shard_server::runtime: construction stage geometry="recent-8k" table="directory" seconds=0.553045565 stage="hint_columns"
2026-09-09T18:19:20.132461Z DEBUG transparent_shard_server::runtime: construction stage geometry="recent-8k" table="directory" seconds=1.982182436 stage="pack_preprocessing"
2026-09-09T18:19:20.132790Z DEBUG transparent_shard_server::runtime: construction stage geometry="recent-8k" table="directory" seconds=0.000285725 stage="publish_parameters"
2026-09-09T18:19:20.133461Z DEBUG transparent_shard_server::runtime: runtime stage key=("95df7205357fe2d9c962d2b41daded841e05afa7b6fc8d06dfec46ad04e15335", Directory, 0) seconds=2.828774015 stage="runtime_build"
2026-09-09T18:19:20.825411Z DEBUG transparent_shard_server::runtime: runtime stage key=("95df7205357fe2d9c962d2b41daded841e05afa7b6fc8d06dfec46ad04e15335", Directory, 0) seconds=0.691931121 stage="disk_save"
2026-09-09T18:19:20.825516Z DEBUG transparent_shard_server::runtime: runtime stage key=("95df7205357fe2d9c962d2b41daded841e05afa7b6fc8d06dfec46ad04e15335", Pages, 0) seconds=10.952696376 stage="build_slot"
2026-09-09T18:19:20.825570Z DEBUG transparent_shard_server::runtime: runtime stage key=("b16be2933ab920bc4745ea8917e5167a7a685c211e0b4febe88b4d3018f970bc", Directory, 0) seconds=1.088e-6 stage="restore_slot"
2026-09-09T18:19:20.825616Z DEBUG transparent_shard_server::memory: cold build admission wait seconds=7.6161e-5 admitted=true
2026-09-09T18:19:20.825722Z DEBUG transparent_shard_server::runtime: runtime stage key=("b16be2933ab920bc4745ea8917e5167a7a685c211e0b4febe88b4d3018f970bc", Directory, 0) seconds=2.7849e-5 hit=false stage="disk_restore"
2026-09-09T18:19:20.955544Z DEBUG transparent_shard_server::runtime: runtime stage key=("95df7205357fe2d9c962d2b41daded841e05afa7b6fc8d06dfec46ad04e15335", Pages, 0) seconds=0.129870491 stage="source_load"
2026-09-09T18:19:21.253694Z DEBUG transparent_shard_server::runtime: construction stage geometry="recent-8k" table="pages" seconds=0.298098815 stage="encode_database"
2026-09-09T18:19:21.253809Z DEBUG transparent_shard_server::runtime: construction stage geometry="recent-8k" table="pages" seconds=7.1295e-5 stage="public_setup"
2026-09-09T18:19:21.825643Z DEBUG transparent_shard_server::runtime: construction stage geometry="recent-8k" table="pages" seconds=0.571826771 stage="hint_columns"
2026-09-09T18:19:23.783461Z DEBUG transparent_shard_server::runtime: construction stage geometry="recent-8k" table="pages" seconds=1.957775146 stage="pack_preprocessing"
2026-09-09T18:19:23.783759Z DEBUG transparent_shard_server::runtime: construction stage geometry="recent-8k" table="pages" seconds=0.000253431 stage="publish_parameters"
2026-09-09T18:19:23.784499Z DEBUG transparent_shard_server::runtime: runtime stage key=("95df7205357fe2d9c962d2b41daded841e05afa7b6fc8d06dfec46ad04e15335", Pages, 0) seconds=2.8289057939999998 stage="runtime_build"
2026-09-09T18:19:24.478604Z DEBUG transparent_shard_server::runtime: runtime stage key=("95df7205357fe2d9c962d2b41daded841e05afa7b6fc8d06dfec46ad04e15335", Pages, 0) seconds=0.694085279 stage="disk_save"
2026-09-09T18:19:24.478782Z DEBUG transparent_shard_server::runtime: runtime stage key=("73d46a59d0d03d7616f9a47e53b50448d4c5a3504e6e296600d8884c8c4403b8", Directory, 0) seconds=10.938971194 stage="build_slot"
2026-09-09T18:19:24.478836Z DEBUG transparent_shard_server::runtime: runtime stage key=("b16be2933ab920bc4745ea8917e5167a7a685c211e0b4febe88b4d3018f970bc", Pages, 0) seconds=9.62e-7 stage="restore_slot"
2026-09-09T18:19:24.478879Z DEBUG transparent_shard_server::memory: cold build admission wait seconds=7.5812e-5 admitted=true
2026-09-09T18:19:24.482282Z DEBUG transparent_shard_server::runtime: runtime stage key=("b16be2933ab920bc4745ea8917e5167a7a685c211e0b4febe88b4d3018f970bc", Pages, 0) seconds=5.6296e-5 hit=false stage="disk_restore"
2026-09-09T18:19:24.605605Z DEBUG transparent_shard_server::runtime: runtime stage key=("73d46a59d0d03d7616f9a47e53b50448d4c5a3504e6e296600d8884c8c4403b8", Directory, 0) seconds=0.126682678 stage="source_load"
2026-09-09T18:19:24.899777Z DEBUG transparent_shard_server::runtime: construction stage geometry="recent-8k" table="directory" seconds=0.294126544 stage="encode_database"
2026-09-09T18:19:24.899892Z DEBUG transparent_shard_server::runtime: construction stage geometry="recent-8k" table="directory" seconds=7.1504e-5 stage="public_setup"
2026-09-09T18:19:25.421959Z DEBUG transparent_shard_server::runtime: construction stage geometry="recent-8k" table="directory" seconds=0.522060438 stage="hint_columns"
2026-09-09T18:19:27.392003Z DEBUG transparent_shard_server::runtime: construction stage geometry="recent-8k" table="directory" seconds=1.969992767 stage="pack_preprocessing"
2026-09-09T18:19:27.392320Z DEBUG transparent_shard_server::runtime: construction stage geometry="recent-8k" table="directory" seconds=0.000274052 stage="publish_parameters"
2026-09-09T18:19:27.393070Z DEBUG transparent_shard_server::runtime: runtime stage key=("73d46a59d0d03d7616f9a47e53b50448d4c5a3504e6e296600d8884c8c4403b8", Directory, 0) seconds=2.7874212480000002 stage="runtime_build"
2026-09-09T18:19:28.079422Z DEBUG transparent_shard_server::runtime: runtime stage key=("73d46a59d0d03d7616f9a47e53b50448d4c5a3504e6e296600d8884c8c4403b8", Directory, 0) seconds=0.686333605 stage="disk_save"
2026-09-09T18:19:28.079531Z DEBUG transparent_shard_server::runtime: runtime stage key=("73d46a59d0d03d7616f9a47e53b50448d4c5a3504e6e296600d8884c8c4403b8", Pages, 0) seconds=10.898464176 stage="build_slot"
2026-09-09T18:19:28.079557Z DEBUG transparent_shard_server::runtime: runtime stage key=("16b8227360ce35dd2e111156f5e31fd5eb500ff877879a212fef6cf8471de8a5", Directory, 0) seconds=8.96e-7 stage="restore_slot"
2026-09-09T18:19:28.079627Z DEBUG transparent_shard_server::memory: cold build admission wait seconds=7.3822e-5 admitted=true
2026-09-09T18:19:28.079658Z DEBUG transparent_shard_server::runtime: runtime stage key=("16b8227360ce35dd2e111156f5e31fd5eb500ff877879a212fef6cf8471de8a5", Directory, 0) seconds=2.4921e-5 hit=false stage="disk_restore"
2026-09-09T18:19:28.202367Z DEBUG transparent_shard_server::runtime: runtime stage key=("73d46a59d0d03d7616f9a47e53b50448d4c5a3504e6e296600d8884c8c4403b8", Pages, 0) seconds=0.122699643 stage="source_load"
2026-09-09T18:19:28.493862Z DEBUG transparent_shard_server::runtime: construction stage geometry="recent-8k" table="pages" seconds=0.291445224 stage="encode_database"
2026-09-09T18:19:28.493972Z DEBUG transparent_shard_server::runtime: construction stage geometry="recent-8k" table="pages" seconds=7.4203e-5 stage="public_setup"
2026-09-09T18:19:29.071740Z DEBUG transparent_shard_server::runtime: construction stage geometry="recent-8k" table="pages" seconds=0.577761434 stage="hint_columns"
2026-09-09T18:19:31.031291Z DEBUG transparent_shard_server::runtime: construction stage geometry="recent-8k" table="pages" seconds=1.959506564 stage="pack_preprocessing"
2026-09-09T18:19:31.031603Z DEBUG transparent_shard_server::runtime: construction stage geometry="recent-8k" table="pages" seconds=0.000266098 stage="publish_parameters"
2026-09-09T18:19:31.032340Z DEBUG transparent_shard_server::runtime: runtime stage key=("73d46a59d0d03d7616f9a47e53b50448d4c5a3504e6e296600d8884c8c4403b8", Pages, 0) seconds=2.829925464 stage="runtime_build"
2026-09-09T18:19:31.722450Z DEBUG transparent_shard_server::runtime: runtime stage key=("73d46a59d0d03d7616f9a47e53b50448d4c5a3504e6e296600d8884c8c4403b8", Pages, 0) seconds=0.690090812 stage="disk_save"
2026-09-09T18:19:31.722550Z DEBUG transparent_shard_server::runtime: runtime stage key=("b16be2933ab920bc4745ea8917e5167a7a685c211e0b4febe88b4d3018f970bc", Directory, 0) seconds=10.896807051 stage="build_slot"
2026-09-09T18:19:31.722658Z DEBUG transparent_shard_server::memory: cold build admission wait seconds=8.2359e-5 admitted=true
2026-09-09T18:19:31.722686Z DEBUG transparent_shard_server::runtime: runtime stage key=("16b8227360ce35dd2e111156f5e31fd5eb500ff877879a212fef6cf8471de8a5", Pages, 0) seconds=3.61e-7 stage="restore_slot"
2026-09-09T18:19:31.722756Z DEBUG transparent_shard_server::runtime: runtime stage key=("16b8227360ce35dd2e111156f5e31fd5eb500ff877879a212fef6cf8471de8a5", Pages, 0) seconds=2.8089e-5 hit=false stage="disk_restore"
2026-09-09T18:19:31.844711Z DEBUG transparent_shard_server::runtime: runtime stage key=("b16be2933ab920bc4745ea8917e5167a7a685c211e0b4febe88b4d3018f970bc", Directory, 0) seconds=0.122008532 stage="source_load"
2026-09-09T18:19:32.145952Z DEBUG transparent_shard_server::runtime: construction stage geometry="recent-8k" table="directory" seconds=0.301189372 stage="encode_database"
2026-09-09T18:19:32.146080Z DEBUG transparent_shard_server::runtime: construction stage geometry="recent-8k" table="directory" seconds=7.1406e-5 stage="public_setup"
2026-09-09T18:19:32.665104Z DEBUG transparent_shard_server::runtime: construction stage geometry="recent-8k" table="directory" seconds=0.519018233 stage="hint_columns"
2026-09-09T18:19:34.614326Z DEBUG transparent_shard_server::runtime: construction stage geometry="recent-8k" table="directory" seconds=1.949177347 stage="pack_preprocessing"
2026-09-09T18:19:34.614635Z DEBUG transparent_shard_server::runtime: construction stage geometry="recent-8k" table="directory" seconds=0.00026653 stage="publish_parameters"
2026-09-09T18:19:34.615421Z DEBUG transparent_shard_server::runtime: runtime stage key=("b16be2933ab920bc4745ea8917e5167a7a685c211e0b4febe88b4d3018f970bc", Directory, 0) seconds=2.770659725 stage="runtime_build"
2026-09-09T18:19:35.322896Z DEBUG transparent_shard_server::runtime: runtime stage key=("b16be2933ab920bc4745ea8917e5167a7a685c211e0b4febe88b4d3018f970bc", Directory, 0) seconds=0.70744662 stage="disk_save"
2026-09-09T18:19:35.323010Z DEBUG transparent_shard_server::runtime: runtime stage key=("1cd27964911287b2a127c1f8df5e6b0c19f5b4db309391c5adb2db3072bfec6e", Directory, 0) seconds=1.724e-6 stage="restore_slot"
2026-09-09T18:19:35.323127Z DEBUG transparent_shard_server::runtime: runtime stage key=("b16be2933ab920bc4745ea8917e5167a7a685c211e0b4febe88b4d3018f970bc", Pages, 0) seconds=10.840783009 stage="build_slot"
2026-09-09T18:19:35.323158Z DEBUG transparent_shard_server::memory: cold build admission wait seconds=2.3996e-5 admitted=true
2026-09-09T18:19:35.323229Z DEBUG transparent_shard_server::runtime: runtime stage key=("1cd27964911287b2a127c1f8df5e6b0c19f5b4db309391c5adb2db3072bfec6e", Directory, 0) seconds=7.954e-5 hit=false stage="disk_restore"
2026-09-09T18:19:35.444479Z DEBUG transparent_shard_server::runtime: runtime stage key=("b16be2933ab920bc4745ea8917e5167a7a685c211e0b4febe88b4d3018f970bc", Pages, 0) seconds=0.12125765 stage="source_load"
2026-09-09T18:19:35.732659Z DEBUG transparent_shard_server::runtime: construction stage geometry="recent-8k" table="pages" seconds=0.288138795 stage="encode_database"
2026-09-09T18:19:35.732820Z DEBUG transparent_shard_server::runtime: construction stage geometry="recent-8k" table="pages" seconds=0.000105585 stage="public_setup"
2026-09-09T18:19:36.290121Z DEBUG transparent_shard_server::runtime: construction stage geometry="recent-8k" table="pages" seconds=0.557294101 stage="hint_columns"
2026-09-09T18:19:38.265600Z DEBUG transparent_shard_server::runtime: construction stage geometry="recent-8k" table="pages" seconds=1.975425736 stage="pack_preprocessing"
2026-09-09T18:19:38.265917Z DEBUG transparent_shard_server::runtime: construction stage geometry="recent-8k" table="pages" seconds=0.000274549 stage="publish_parameters"
2026-09-09T18:19:38.266641Z DEBUG transparent_shard_server::runtime: runtime stage key=("b16be2933ab920bc4745ea8917e5167a7a685c211e0b4febe88b4d3018f970bc", Pages, 0) seconds=2.822122561 stage="runtime_build"
2026-09-09T18:19:38.954152Z DEBUG transparent_shard_server::runtime: runtime stage key=("b16be2933ab920bc4745ea8917e5167a7a685c211e0b4febe88b4d3018f970bc", Pages, 0) seconds=0.687492592 stage="disk_save"
2026-09-09T18:19:38.954277Z DEBUG transparent_shard_server::runtime: runtime stage key=("1cd27964911287b2a127c1f8df5e6b0c19f5b4db309391c5adb2db3072bfec6e", Pages, 0) seconds=1.035e-6 stage="restore_slot"
2026-09-09T18:19:38.954389Z DEBUG transparent_shard_server::runtime: runtime stage key=("16b8227360ce35dd2e111156f5e31fd5eb500ff877879a212fef6cf8471de8a5", Directory, 0) seconds=10.874182308 stage="build_slot"
2026-09-09T18:19:38.954419Z DEBUG transparent_shard_server::runtime: runtime stage key=("1cd27964911287b2a127c1f8df5e6b0c19f5b4db309391c5adb2db3072bfec6e", Pages, 0) seconds=2.9072e-5 hit=false stage="disk_restore"
2026-09-09T18:19:38.954422Z DEBUG transparent_shard_server::memory: cold build admission wait seconds=2.4916e-5 admitted=true
2026-09-09T18:19:39.076928Z DEBUG transparent_shard_server::runtime: runtime stage key=("16b8227360ce35dd2e111156f5e31fd5eb500ff877879a212fef6cf8471de8a5", Directory, 0) seconds=0.122450962 stage="source_load"
2026-09-09T18:19:39.376396Z DEBUG transparent_shard_server::runtime: construction stage geometry="recent-8k" table="directory" seconds=0.29942285 stage="encode_database"
2026-09-09T18:19:39.376517Z DEBUG transparent_shard_server::runtime: construction stage geometry="recent-8k" table="directory" seconds=7.4273e-5 stage="public_setup"
2026-09-09T18:19:39.903461Z DEBUG transparent_shard_server::runtime: construction stage geometry="recent-8k" table="directory" seconds=0.52693755 stage="hint_columns"
2026-09-09T18:19:41.852972Z DEBUG transparent_shard_server::runtime: construction stage geometry="recent-8k" table="directory" seconds=1.949465836 stage="pack_preprocessing"
2026-09-09T18:19:41.853292Z DEBUG transparent_shard_server::runtime: construction stage geometry="recent-8k" table="directory" seconds=0.000277664 stage="publish_parameters"
2026-09-09T18:19:41.854049Z DEBUG transparent_shard_server::runtime: runtime stage key=("16b8227360ce35dd2e111156f5e31fd5eb500ff877879a212fef6cf8471de8a5", Directory, 0) seconds=2.777076803 stage="runtime_build"
2026-09-09T18:19:42.531697Z DEBUG transparent_shard_server::runtime: runtime stage key=("16b8227360ce35dd2e111156f5e31fd5eb500ff877879a212fef6cf8471de8a5", Directory, 0) seconds=0.677632239 stage="disk_save"
2026-09-09T18:19:42.531842Z DEBUG transparent_shard_server::runtime: runtime stage key=("27f56c565263ecffb8c7736d4e811665d81bf4ed71c7978431fcc4f45b645ee1", Directory, 0) seconds=9.93e-7 stage="restore_slot"
2026-09-09T18:19:42.531989Z DEBUG transparent_shard_server::runtime: runtime stage key=("16b8227360ce35dd2e111156f5e31fd5eb500ff877879a212fef6cf8471de8a5", Pages, 0) seconds=10.809203244999999 stage="build_slot"
2026-09-09T18:19:42.532035Z DEBUG transparent_shard_server::memory: cold build admission wait seconds=3.8609e-5 admitted=true
2026-09-09T18:19:42.532061Z DEBUG transparent_shard_server::runtime: runtime stage key=("27f56c565263ecffb8c7736d4e811665d81bf4ed71c7978431fcc4f45b645ee1", Directory, 0) seconds=4.339e-5 hit=false stage="disk_restore"
2026-09-09T18:19:42.655029Z DEBUG transparent_shard_server::runtime: runtime stage key=("16b8227360ce35dd2e111156f5e31fd5eb500ff877879a212fef6cf8471de8a5", Pages, 0) seconds=0.122951605 stage="source_load"
2026-09-09T18:19:42.956479Z DEBUG transparent_shard_server::runtime: construction stage geometry="recent-8k" table="pages" seconds=0.301403979 stage="encode_database"
2026-09-09T18:19:42.956594Z DEBUG transparent_shard_server::runtime: construction stage geometry="recent-8k" table="pages" seconds=7.341e-5 stage="public_setup"
2026-09-09T18:19:43.520185Z DEBUG transparent_shard_server::runtime: construction stage geometry="recent-8k" table="pages" seconds=0.563585222 stage="hint_columns"
2026-09-09T18:19:45.507799Z DEBUG transparent_shard_server::runtime: construction stage geometry="recent-8k" table="pages" seconds=1.9875699770000002 stage="pack_preprocessing"
2026-09-09T18:19:45.508082Z DEBUG transparent_shard_server::runtime: construction stage geometry="recent-8k" table="pages" seconds=0.00023726 stage="publish_parameters"
2026-09-09T18:19:45.508836Z DEBUG transparent_shard_server::runtime: runtime stage key=("16b8227360ce35dd2e111156f5e31fd5eb500ff877879a212fef6cf8471de8a5", Pages, 0) seconds=2.853762858 stage="runtime_build"
2026-09-09T18:19:46.192383Z DEBUG transparent_shard_server::runtime: runtime stage key=("16b8227360ce35dd2e111156f5e31fd5eb500ff877879a212fef6cf8471de8a5", Pages, 0) seconds=0.683524374 stage="disk_save"
2026-09-09T18:19:46.192503Z DEBUG transparent_shard_server::runtime: runtime stage key=("27f56c565263ecffb8c7736d4e811665d81bf4ed71c7978431fcc4f45b645ee1", Pages, 0) seconds=1.122e-6 stage="restore_slot"
2026-09-09T18:19:46.192624Z DEBUG transparent_shard_server::runtime: runtime stage key=("1cd27964911287b2a127c1f8df5e6b0c19f5b4db309391c5adb2db3072bfec6e", Directory, 0) seconds=10.869355441 stage="build_slot"
2026-09-09T18:19:46.192649Z DEBUG transparent_shard_server::runtime: runtime stage key=("27f56c565263ecffb8c7736d4e811665d81bf4ed71c7978431fcc4f45b645ee1", Pages, 0) seconds=2.6562e-5 hit=false stage="disk_restore"
2026-09-09T18:19:46.192672Z DEBUG transparent_shard_server::memory: cold build admission wait seconds=2.8621e-5 admitted=true
2026-09-09T18:19:46.316647Z DEBUG transparent_shard_server::runtime: runtime stage key=("1cd27964911287b2a127c1f8df5e6b0c19f5b4db309391c5adb2db3072bfec6e", Directory, 0) seconds=0.123931064 stage="source_load"
2026-09-09T18:19:46.618390Z DEBUG transparent_shard_server::runtime: construction stage geometry="recent-8k" table="directory" seconds=0.301678117 stage="encode_database"
2026-09-09T18:19:46.618503Z DEBUG transparent_shard_server::runtime: construction stage geometry="recent-8k" table="directory" seconds=7.0551e-5 stage="public_setup"
2026-09-09T18:19:47.170383Z DEBUG transparent_shard_server::runtime: construction stage geometry="recent-8k" table="directory" seconds=0.551873501 stage="hint_columns"
2026-09-09T18:19:49.143565Z DEBUG transparent_shard_server::runtime: construction stage geometry="recent-8k" table="directory" seconds=1.973137959 stage="pack_preprocessing"
2026-09-09T18:19:49.143854Z DEBUG transparent_shard_server::runtime: construction stage geometry="recent-8k" table="directory" seconds=0.000250461 stage="publish_parameters"
2026-09-09T18:19:49.144638Z DEBUG transparent_shard_server::runtime: runtime stage key=("1cd27964911287b2a127c1f8df5e6b0c19f5b4db309391c5adb2db3072bfec6e", Directory, 0) seconds=2.827927966 stage="runtime_build"
2026-09-09T18:19:49.839792Z DEBUG transparent_shard_server::runtime: runtime stage key=("1cd27964911287b2a127c1f8df5e6b0c19f5b4db309391c5adb2db3072bfec6e", Directory, 0) seconds=0.69513125 stage="disk_save"
2026-09-09T18:19:49.839905Z DEBUG transparent_shard_server::runtime: runtime stage key=("ced665ae1f1140944bcd0c9aa2b83c1019df768df87fa513f9509106fc5b88c1", Directory, 0) seconds=1.233e-6 stage="restore_slot"
2026-09-09T18:19:49.840006Z DEBUG transparent_shard_server::runtime: runtime stage key=("1cd27964911287b2a127c1f8df5e6b0c19f5b4db309391c5adb2db3072bfec6e", Pages, 0) seconds=10.885543458 stage="build_slot"
2026-09-09T18:19:49.840037Z DEBUG transparent_shard_server::memory: cold build admission wait seconds=2.3657e-5 admitted=true
2026-09-09T18:19:49.840070Z DEBUG transparent_shard_server::runtime: runtime stage key=("ced665ae1f1140944bcd0c9aa2b83c1019df768df87fa513f9509106fc5b88c1", Directory, 0) seconds=3.8929e-5 hit=false stage="disk_restore"
2026-09-09T18:19:49.963221Z DEBUG transparent_shard_server::runtime: runtime stage key=("1cd27964911287b2a127c1f8df5e6b0c19f5b4db309391c5adb2db3072bfec6e", Pages, 0) seconds=0.123126596 stage="source_load"
2026-09-09T18:19:50.254077Z DEBUG transparent_shard_server::runtime: construction stage geometry="recent-8k" table="pages" seconds=0.290813794 stage="encode_database"
2026-09-09T18:19:50.254188Z DEBUG transparent_shard_server::runtime: construction stage geometry="recent-8k" table="pages" seconds=7.3087e-5 stage="public_setup"
test burst::publication_burst_under_exact_load has been running for over 60 seconds
2026-09-09T18:19:50.812307Z DEBUG transparent_shard_server::runtime: construction stage geometry="recent-8k" table="pages" seconds=0.558110656 stage="hint_columns"
2026-09-09T18:19:52.727692Z DEBUG transparent_shard_server::runtime: construction stage geometry="recent-8k" table="pages" seconds=1.9153372819999999 stage="pack_preprocessing"
2026-09-09T18:19:52.727999Z DEBUG transparent_shard_server::runtime: construction stage geometry="recent-8k" table="pages" seconds=0.000265074 stage="publish_parameters"
2026-09-09T18:19:52.728739Z DEBUG transparent_shard_server::runtime: runtime stage key=("1cd27964911287b2a127c1f8df5e6b0c19f5b4db309391c5adb2db3072bfec6e", Pages, 0) seconds=2.7654777790000002 stage="runtime_build"
2026-09-09T18:19:53.415953Z DEBUG transparent_shard_server::runtime: runtime stage key=("1cd27964911287b2a127c1f8df5e6b0c19f5b4db309391c5adb2db3072bfec6e", Pages, 0) seconds=0.687191943 stage="disk_save"
2026-09-09T18:19:53.416082Z DEBUG transparent_shard_server::runtime: runtime stage key=("ced665ae1f1140944bcd0c9aa2b83c1019df768df87fa513f9509106fc5b88c1", Pages, 0) seconds=1.214e-6 stage="restore_slot"
2026-09-09T18:19:53.416205Z DEBUG transparent_shard_server::runtime: runtime stage key=("27f56c565263ecffb8c7736d4e811665d81bf4ed71c7978431fcc4f45b645ee1", Directory, 0) seconds=10.884105104 stage="build_slot"
2026-09-09T18:19:53.416241Z DEBUG transparent_shard_server::memory: cold build admission wait seconds=2.406e-5 admitted=true
2026-09-09T18:19:53.416337Z DEBUG transparent_shard_server::runtime: runtime stage key=("ced665ae1f1140944bcd0c9aa2b83c1019df768df87fa513f9509106fc5b88c1", Pages, 0) seconds=3.5685e-5 hit=false stage="disk_restore"
2026-09-09T18:19:53.537788Z DEBUG transparent_shard_server::runtime: runtime stage key=("27f56c565263ecffb8c7736d4e811665d81bf4ed71c7978431fcc4f45b645ee1", Directory, 0) seconds=0.121459792 stage="source_load"
2026-09-09T18:19:53.834555Z DEBUG transparent_shard_server::runtime: construction stage geometry="recent-8k" table="directory" seconds=0.296722293 stage="encode_database"
2026-09-09T18:19:53.834663Z DEBUG transparent_shard_server::runtime: construction stage geometry="recent-8k" table="directory" seconds=6.7127e-5 stage="public_setup"
2026-09-09T18:19:54.374191Z DEBUG transparent_shard_server::runtime: construction stage geometry="recent-8k" table="directory" seconds=0.539522379 stage="hint_columns"
2026-09-09T18:19:56.302578Z DEBUG transparent_shard_server::runtime: construction stage geometry="recent-8k" table="directory" seconds=1.928345931 stage="pack_preprocessing"
2026-09-09T18:19:56.302879Z DEBUG transparent_shard_server::runtime: construction stage geometry="recent-8k" table="directory" seconds=0.000260904 stage="publish_parameters"
2026-09-09T18:19:56.303589Z DEBUG transparent_shard_server::runtime: runtime stage key=("27f56c565263ecffb8c7736d4e811665d81bf4ed71c7978431fcc4f45b645ee1", Directory, 0) seconds=2.7657581110000002 stage="runtime_build"
2026-09-09T18:19:56.991568Z DEBUG transparent_shard_server::runtime: runtime stage key=("27f56c565263ecffb8c7736d4e811665d81bf4ed71c7978431fcc4f45b645ee1", Directory, 0) seconds=0.687957028 stage="disk_save"
2026-09-09T18:19:56.991745Z DEBUG transparent_shard_server::runtime: runtime stage key=("2d4497bf9e8bafc6139ee4e57114238a7ecfa0782702939922bf2a79b1fe05bf", Directory, 0) seconds=1.002e-6 stage="restore_slot"
2026-09-09T18:19:56.991860Z DEBUG transparent_shard_server::runtime: runtime stage key=("27f56c565263ecffb8c7736d4e811665d81bf4ed71c7978431fcc4f45b645ee1", Pages, 0) seconds=10.799161655 stage="build_slot"
2026-09-09T18:19:56.991894Z DEBUG transparent_shard_server::memory: cold build admission wait seconds=2.5673e-5 admitted=true
2026-09-09T18:19:56.991935Z DEBUG transparent_shard_server::runtime: runtime stage key=("2d4497bf9e8bafc6139ee4e57114238a7ecfa0782702939922bf2a79b1fe05bf", Directory, 0) seconds=5.0206e-5 hit=false stage="disk_restore"
2026-09-09T18:19:57.114847Z DEBUG transparent_shard_server::runtime: runtime stage key=("27f56c565263ecffb8c7736d4e811665d81bf4ed71c7978431fcc4f45b645ee1", Pages, 0) seconds=0.122879212 stage="source_load"
2026-09-09T18:19:57.410831Z DEBUG transparent_shard_server::runtime: construction stage geometry="recent-8k" table="pages" seconds=0.295940563 stage="encode_database"
2026-09-09T18:19:57.410939Z DEBUG transparent_shard_server::runtime: construction stage geometry="recent-8k" table="pages" seconds=6.7835e-5 stage="public_setup"
2026-09-09T18:19:57.980638Z DEBUG transparent_shard_server::runtime: construction stage geometry="recent-8k" table="pages" seconds=0.569691945 stage="hint_columns"
2026-09-09T18:19:59.946191Z DEBUG transparent_shard_server::runtime: construction stage geometry="recent-8k" table="pages" seconds=1.965493873 stage="pack_preprocessing"
2026-09-09T18:19:59.946549Z DEBUG transparent_shard_server::runtime: construction stage geometry="recent-8k" table="pages" seconds=0.000300167 stage="publish_parameters"
2026-09-09T18:19:59.947344Z DEBUG transparent_shard_server::runtime: runtime stage key=("27f56c565263ecffb8c7736d4e811665d81bf4ed71c7978431fcc4f45b645ee1", Pages, 0) seconds=2.8324551380000003 stage="runtime_build"
2026-09-09T18:20:00.665741Z DEBUG transparent_shard_server::runtime: runtime stage key=("27f56c565263ecffb8c7736d4e811665d81bf4ed71c7978431fcc4f45b645ee1", Pages, 0) seconds=0.718372574 stage="disk_save"
2026-09-09T18:20:00.665868Z DEBUG transparent_shard_server::runtime: runtime stage key=("2d4497bf9e8bafc6139ee4e57114238a7ecfa0782702939922bf2a79b1fe05bf", Pages, 0) seconds=8.91e-7 stage="restore_slot"
2026-09-09T18:20:00.665981Z DEBUG transparent_shard_server::runtime: runtime stage key=("ced665ae1f1140944bcd0c9aa2b83c1019df768df87fa513f9509106fc5b88c1", Directory, 0) seconds=10.825875889 stage="build_slot"
2026-09-09T18:20:00.666013Z DEBUG transparent_shard_server::memory: cold build admission wait seconds=2.4579e-5 admitted=true
2026-09-09T18:20:00.666022Z DEBUG transparent_shard_server::runtime: runtime stage key=("2d4497bf9e8bafc6139ee4e57114238a7ecfa0782702939922bf2a79b1fe05bf", Pages, 0) seconds=3.0823e-5 hit=false stage="disk_restore"
2026-09-09T18:20:00.791007Z DEBUG transparent_shard_server::runtime: runtime stage key=("ced665ae1f1140944bcd0c9aa2b83c1019df768df87fa513f9509106fc5b88c1", Directory, 0) seconds=0.124971594 stage="source_load"
2026-09-09T18:20:01.102513Z DEBUG transparent_shard_server::runtime: construction stage geometry="recent-8k" table="directory" seconds=0.311454196 stage="encode_database"
2026-09-09T18:20:01.102638Z DEBUG transparent_shard_server::runtime: construction stage geometry="recent-8k" table="directory" seconds=7.5384e-5 stage="public_setup"
2026-09-09T18:20:01.630055Z DEBUG transparent_shard_server::runtime: construction stage geometry="recent-8k" table="directory" seconds=0.527409969 stage="hint_columns"
2026-09-09T18:20:03.645736Z DEBUG transparent_shard_server::runtime: construction stage geometry="recent-8k" table="directory" seconds=2.015637299 stage="pack_preprocessing"
2026-09-09T18:20:03.646041Z DEBUG transparent_shard_server::runtime: construction stage geometry="recent-8k" table="directory" seconds=0.000263888 stage="publish_parameters"
2026-09-09T18:20:03.646800Z DEBUG transparent_shard_server::runtime: runtime stage key=("ced665ae1f1140944bcd0c9aa2b83c1019df768df87fa513f9509106fc5b88c1", Directory, 0) seconds=2.85574294 stage="runtime_build"
2026-09-09T18:20:04.356024Z DEBUG transparent_shard_server::runtime: runtime stage key=("ced665ae1f1140944bcd0c9aa2b83c1019df768df87fa513f9509106fc5b88c1", Directory, 0) seconds=0.709203588 stage="disk_save"
2026-09-09T18:20:04.356127Z DEBUG transparent_shard_server::runtime: runtime stage key=("a4bd72b37c0aafb265c77bb09cbc402cf69b65a87a1fabc8a0f12614b35469be", Directory, 0) seconds=1.055e-6 stage="restore_slot"
2026-09-09T18:20:04.356238Z DEBUG transparent_shard_server::runtime: runtime stage key=("ced665ae1f1140944bcd0c9aa2b83c1019df768df87fa513f9509106fc5b88c1", Pages, 0) seconds=10.939870584 stage="build_slot"
2026-09-09T18:20:04.356274Z DEBUG transparent_shard_server::memory: cold build admission wait seconds=2.4621e-5 admitted=true
2026-09-09T18:20:04.356292Z DEBUG transparent_shard_server::runtime: runtime stage key=("a4bd72b37c0aafb265c77bb09cbc402cf69b65a87a1fabc8a0f12614b35469be", Directory, 0) seconds=3.5759e-5 hit=false stage="disk_restore"
2026-09-09T18:20:04.479152Z DEBUG transparent_shard_server::runtime: runtime stage key=("ced665ae1f1140944bcd0c9aa2b83c1019df768df87fa513f9509106fc5b88c1", Pages, 0) seconds=0.122828032 stage="source_load"
2026-09-09T18:20:04.782799Z DEBUG transparent_shard_server::runtime: construction stage geometry="recent-8k" table="pages" seconds=0.303594115 stage="encode_database"
2026-09-09T18:20:04.782925Z DEBUG transparent_shard_server::runtime: construction stage geometry="recent-8k" table="pages" seconds=8.7249e-5 stage="public_setup"
2026-09-09T18:20:05.344343Z DEBUG transparent_shard_server::runtime: construction stage geometry="recent-8k" table="pages" seconds=0.561412162 stage="hint_columns"
2026-09-09T18:20:07.299112Z DEBUG transparent_shard_server::runtime: construction stage geometry="recent-8k" table="pages" seconds=1.954712027 stage="pack_preprocessing"
2026-09-09T18:20:07.299445Z DEBUG transparent_shard_server::runtime: construction stage geometry="recent-8k" table="pages" seconds=0.000293581 stage="publish_parameters"
2026-09-09T18:20:07.300177Z DEBUG transparent_shard_server::runtime: runtime stage key=("ced665ae1f1140944bcd0c9aa2b83c1019df768df87fa513f9509106fc5b88c1", Pages, 0) seconds=2.820973469 stage="runtime_build"
2026-09-09T18:20:08.001943Z DEBUG transparent_shard_server::runtime: runtime stage key=("ced665ae1f1140944bcd0c9aa2b83c1019df768df87fa513f9509106fc5b88c1", Pages, 0) seconds=0.701744774 stage="disk_save"
2026-09-09T18:20:08.002018Z DEBUG transparent_shard_server::runtime: runtime stage key=("a4bd72b37c0aafb265c77bb09cbc402cf69b65a87a1fabc8a0f12614b35469be", Pages, 0) seconds=9.36e-7 stage="restore_slot"
2026-09-09T18:20:08.002094Z DEBUG transparent_shard_server::runtime: runtime stage key=("2d4497bf9e8bafc6139ee4e57114238a7ecfa0782702939922bf2a79b1fe05bf", Directory, 0) seconds=11.01011336 stage="build_slot"
2026-09-09T18:20:08.002123Z DEBUG transparent_shard_server::memory: cold build admission wait seconds=2.2754e-5 admitted=true
2026-09-09T18:20:08.002225Z DEBUG transparent_shard_server::runtime: runtime stage key=("a4bd72b37c0aafb265c77bb09cbc402cf69b65a87a1fabc8a0f12614b35469be", Pages, 0) seconds=3.9437e-5 hit=false stage="disk_restore"
2026-09-09T18:20:08.123621Z DEBUG transparent_shard_server::runtime: runtime stage key=("2d4497bf9e8bafc6139ee4e57114238a7ecfa0782702939922bf2a79b1fe05bf", Directory, 0) seconds=0.121417125 stage="source_load"
2026-09-09T18:20:08.425229Z DEBUG transparent_shard_server::runtime: construction stage geometry="recent-8k" table="directory" seconds=0.301564404 stage="encode_database"
2026-09-09T18:20:08.425339Z DEBUG transparent_shard_server::runtime: construction stage geometry="recent-8k" table="directory" seconds=7.2306e-5 stage="public_setup"
2026-09-09T18:20:08.965638Z DEBUG transparent_shard_server::runtime: construction stage geometry="recent-8k" table="directory" seconds=0.540293065 stage="hint_columns"
2026-09-09T18:20:10.914478Z DEBUG transparent_shard_server::runtime: construction stage geometry="recent-8k" table="directory" seconds=1.948797126 stage="pack_preprocessing"
2026-09-09T18:20:10.914781Z DEBUG transparent_shard_server::runtime: construction stage geometry="recent-8k" table="directory" seconds=0.000264003 stage="publish_parameters"
2026-09-09T18:20:10.915528Z DEBUG transparent_shard_server::runtime: runtime stage key=("2d4497bf9e8bafc6139ee4e57114238a7ecfa0782702939922bf2a79b1fe05bf", Directory, 0) seconds=2.791865774 stage="runtime_build"
2026-09-09T18:20:11.638713Z DEBUG transparent_shard_server::runtime: runtime stage key=("2d4497bf9e8bafc6139ee4e57114238a7ecfa0782702939922bf2a79b1fe05bf", Directory, 0) seconds=0.723160403 stage="disk_save"
2026-09-09T18:20:11.638814Z DEBUG transparent_shard_server::runtime: runtime stage key=("c907a0aa45b2551520863990845279fd25135889865e088c2dad6ea0d32b8fde", Directory, 0) seconds=1.273e-6 stage="restore_slot"
2026-09-09T18:20:11.638917Z DEBUG transparent_shard_server::runtime: runtime stage key=("2d4497bf9e8bafc6139ee4e57114238a7ecfa0782702939922bf2a79b1fe05bf", Pages, 0) seconds=10.97286118 stage="build_slot"
2026-09-09T18:20:11.638949Z DEBUG transparent_shard_server::memory: cold build admission wait seconds=2.4776e-5 admitted=true
2026-09-09T18:20:11.639156Z DEBUG transparent_shard_server::runtime: runtime stage key=("c907a0aa45b2551520863990845279fd25135889865e088c2dad6ea0d32b8fde", Directory, 0) seconds=0.000142401 hit=false stage="disk_restore"
2026-09-09T18:20:11.763245Z DEBUG transparent_shard_server::runtime: runtime stage key=("2d4497bf9e8bafc6139ee4e57114238a7ecfa0782702939922bf2a79b1fe05bf", Pages, 0) seconds=0.124212131 stage="source_load"
2026-09-09T18:20:12.070841Z DEBUG transparent_shard_server::runtime: construction stage geometry="recent-8k" table="pages" seconds=0.307536639 stage="encode_database"
2026-09-09T18:20:12.070955Z DEBUG transparent_shard_server::runtime: construction stage geometry="recent-8k" table="pages" seconds=7.4475e-5 stage="public_setup"
2026-09-09T18:20:12.639010Z DEBUG transparent_shard_server::runtime: construction stage geometry="recent-8k" table="pages" seconds=0.568048441 stage="hint_columns"
2026-09-09T18:20:14.678908Z DEBUG transparent_shard_server::runtime: construction stage geometry="recent-8k" table="pages" seconds=2.039854267 stage="pack_preprocessing"
2026-09-09T18:20:14.679204Z DEBUG transparent_shard_server::runtime: construction stage geometry="recent-8k" table="pages" seconds=0.000255517 stage="publish_parameters"
2026-09-09T18:20:14.680014Z DEBUG transparent_shard_server::runtime: runtime stage key=("2d4497bf9e8bafc6139ee4e57114238a7ecfa0782702939922bf2a79b1fe05bf", Pages, 0) seconds=2.916711171 stage="runtime_build"
2026-09-09T18:20:15.392632Z DEBUG transparent_shard_server::runtime: runtime stage key=("2d4497bf9e8bafc6139ee4e57114238a7ecfa0782702939922bf2a79b1fe05bf", Pages, 0) seconds=0.712597235 stage="disk_save"
2026-09-09T18:20:15.392803Z DEBUG transparent_shard_server::runtime: runtime stage key=("a4bd72b37c0aafb265c77bb09cbc402cf69b65a87a1fabc8a0f12614b35469be", Directory, 0) seconds=11.036474721 stage="build_slot"
2026-09-09T18:20:15.392831Z DEBUG transparent_shard_server::runtime: runtime stage key=("c907a0aa45b2551520863990845279fd25135889865e088c2dad6ea0d32b8fde", Pages, 0) seconds=1.033e-6 stage="restore_slot"
2026-09-09T18:20:15.392927Z DEBUG transparent_shard_server::memory: cold build admission wait seconds=0.000103521 admitted=true
2026-09-09T18:20:15.393006Z DEBUG transparent_shard_server::runtime: runtime stage key=("c907a0aa45b2551520863990845279fd25135889865e088c2dad6ea0d32b8fde", Pages, 0) seconds=4.09e-5 hit=false stage="disk_restore"
2026-09-09T18:20:15.515037Z DEBUG transparent_shard_server::runtime: runtime stage key=("a4bd72b37c0aafb265c77bb09cbc402cf69b65a87a1fabc8a0f12614b35469be", Directory, 0) seconds=0.122039395 stage="source_load"
2026-09-09T18:20:15.825310Z DEBUG transparent_shard_server::runtime: construction stage geometry="recent-8k" table="directory" seconds=0.310226463 stage="encode_database"
2026-09-09T18:20:15.825437Z DEBUG transparent_shard_server::runtime: construction stage geometry="recent-8k" table="directory" seconds=7.3528e-5 stage="public_setup"
2026-09-09T18:20:16.373101Z DEBUG transparent_shard_server::runtime: construction stage geometry="recent-8k" table="directory" seconds=0.547657941 stage="hint_columns"
2026-09-09T18:20:18.378496Z DEBUG transparent_shard_server::runtime: construction stage geometry="recent-8k" table="directory" seconds=2.005351029 stage="pack_preprocessing"
2026-09-09T18:20:18.378813Z DEBUG transparent_shard_server::runtime: construction stage geometry="recent-8k" table="directory" seconds=0.000278216 stage="publish_parameters"
2026-09-09T18:20:18.379718Z DEBUG transparent_shard_server::runtime: runtime stage key=("a4bd72b37c0aafb265c77bb09cbc402cf69b65a87a1fabc8a0f12614b35469be", Directory, 0) seconds=2.864636086 stage="runtime_build"
2026-09-09T18:20:19.079807Z DEBUG transparent_shard_server::runtime: runtime stage key=("a4bd72b37c0aafb265c77bb09cbc402cf69b65a87a1fabc8a0f12614b35469be", Directory, 0) seconds=0.700056178 stage="disk_save"
2026-09-09T18:20:19.079895Z DEBUG transparent_shard_server::runtime: runtime stage key=("a4bd72b37c0aafb265c77bb09cbc402cf69b65a87a1fabc8a0f12614b35469be", Pages, 0) seconds=11.077631745 stage="build_slot"
2026-09-09T18:20:19.079940Z DEBUG transparent_shard_server::runtime: runtime stage key=("67574e8d4c7f7c258f8c7488f73e80a9476f8074c3db3540325133ff25020c2b", Directory, 0) seconds=7.55e-7 stage="restore_slot"
2026-09-09T18:20:19.079989Z DEBUG transparent_shard_server::memory: cold build admission wait seconds=7.1012e-5 admitted=true
2026-09-09T18:20:19.080282Z DEBUG transparent_shard_server::runtime: runtime stage key=("67574e8d4c7f7c258f8c7488f73e80a9476f8074c3db3540325133ff25020c2b", Directory, 0) seconds=5.9194e-5 hit=false stage="disk_restore"
2026-09-09T18:20:19.210846Z DEBUG transparent_shard_server::runtime: runtime stage key=("a4bd72b37c0aafb265c77bb09cbc402cf69b65a87a1fabc8a0f12614b35469be", Pages, 0) seconds=0.130823703 stage="source_load"
2026-09-09T18:20:19.511769Z DEBUG transparent_shard_server::runtime: construction stage geometry="recent-8k" table="pages" seconds=0.300845779 stage="encode_database"
2026-09-09T18:20:19.511879Z DEBUG transparent_shard_server::runtime: construction stage geometry="recent-8k" table="pages" seconds=6.8703e-5 stage="public_setup"
2026-09-09T18:20:20.069772Z DEBUG transparent_shard_server::runtime: construction stage geometry="recent-8k" table="pages" seconds=0.557885966 stage="hint_columns"
2026-09-09T18:20:22.029763Z DEBUG transparent_shard_server::runtime: construction stage geometry="recent-8k" table="pages" seconds=1.959949269 stage="pack_preprocessing"
2026-09-09T18:20:22.030085Z DEBUG transparent_shard_server::runtime: construction stage geometry="recent-8k" table="pages" seconds=0.000285119 stage="publish_parameters"
2026-09-09T18:20:22.030820Z DEBUG transparent_shard_server::runtime: runtime stage key=("a4bd72b37c0aafb265c77bb09cbc402cf69b65a87a1fabc8a0f12614b35469be", Pages, 0) seconds=2.81989789 stage="runtime_build"
2026-09-09T18:20:22.742409Z DEBUG transparent_shard_server::runtime: runtime stage key=("a4bd72b37c0aafb265c77bb09cbc402cf69b65a87a1fabc8a0f12614b35469be", Pages, 0) seconds=0.711568508 stage="disk_save"
2026-09-09T18:20:22.742479Z DEBUG transparent_shard_server::runtime: runtime stage key=("c907a0aa45b2551520863990845279fd25135889865e088c2dad6ea0d32b8fde", Directory, 0) seconds=11.103274481 stage="build_slot"
2026-09-09T18:20:22.742537Z DEBUG transparent_shard_server::runtime: runtime stage key=("67574e8d4c7f7c258f8c7488f73e80a9476f8074c3db3540325133ff25020c2b", Pages, 0) seconds=9.29e-7 stage="restore_slot"
2026-09-09T18:20:22.742554Z DEBUG transparent_shard_server::memory: cold build admission wait seconds=6.7933e-5 admitted=true
2026-09-09T18:20:22.742673Z DEBUG transparent_shard_server::runtime: runtime stage key=("67574e8d4c7f7c258f8c7488f73e80a9476f8074c3db3540325133ff25020c2b", Pages, 0) seconds=4.0746e-5 hit=false stage="disk_restore"
2026-09-09T18:20:22.866245Z DEBUG transparent_shard_server::runtime: runtime stage key=("c907a0aa45b2551520863990845279fd25135889865e088c2dad6ea0d32b8fde", Directory, 0) seconds=0.12364145 stage="source_load"
2026-09-09T18:20:23.154328Z DEBUG transparent_shard_server::runtime: construction stage geometry="recent-8k" table="directory" seconds=0.288034801 stage="encode_database"
2026-09-09T18:20:23.154442Z DEBUG transparent_shard_server::runtime: construction stage geometry="recent-8k" table="directory" seconds=7.268e-5 stage="public_setup"
2026-09-09T18:20:23.669241Z DEBUG transparent_shard_server::runtime: construction stage geometry="recent-8k" table="directory" seconds=0.514793514 stage="hint_columns"
2026-09-09T18:20:25.614656Z DEBUG transparent_shard_server::runtime: construction stage geometry="recent-8k" table="directory" seconds=1.945373587 stage="pack_preprocessing"
2026-09-09T18:20:25.614957Z DEBUG transparent_shard_server::runtime: construction stage geometry="recent-8k" table="directory" seconds=0.000265558 stage="publish_parameters"
2026-09-09T18:20:25.615695Z DEBUG transparent_shard_server::runtime: runtime stage key=("c907a0aa45b2551520863990845279fd25135889865e088c2dad6ea0d32b8fde", Directory, 0) seconds=2.749402684 stage="runtime_build"
2026-09-09T18:20:26.315908Z DEBUG transparent_shard_server::runtime: runtime stage key=("c907a0aa45b2551520863990845279fd25135889865e088c2dad6ea0d32b8fde", Directory, 0) seconds=0.70019134 stage="disk_save"
2026-09-09T18:20:26.316007Z DEBUG transparent_shard_server::runtime: runtime stage key=("c907a0aa45b2551520863990845279fd25135889865e088c2dad6ea0d32b8fde", Pages, 0) seconds=10.922963039 stage="build_slot"
2026-09-09T18:20:26.316105Z DEBUG transparent_shard_server::memory: cold build admission wait seconds=7.4908e-5 admitted=true
2026-09-09T18:20:26.444604Z DEBUG transparent_shard_server::runtime: runtime stage key=("c907a0aa45b2551520863990845279fd25135889865e088c2dad6ea0d32b8fde", Pages, 0) seconds=0.128464847 stage="source_load"
2026-09-09T18:20:26.754486Z DEBUG transparent_shard_server::runtime: construction stage geometry="recent-8k" table="pages" seconds=0.309807022 stage="encode_database"
2026-09-09T18:20:26.754609Z DEBUG transparent_shard_server::runtime: construction stage geometry="recent-8k" table="pages" seconds=7.7018e-5 stage="public_setup"
2026-09-09T18:20:27.318472Z DEBUG transparent_shard_server::runtime: construction stage geometry="recent-8k" table="pages" seconds=0.563856445 stage="hint_columns"
2026-09-09T18:20:29.317269Z DEBUG transparent_shard_server::runtime: construction stage geometry="recent-8k" table="pages" seconds=1.998745888 stage="pack_preprocessing"
2026-09-09T18:20:29.317577Z DEBUG transparent_shard_server::runtime: construction stage geometry="recent-8k" table="pages" seconds=0.000266013 stage="publish_parameters"
2026-09-09T18:20:29.318358Z DEBUG transparent_shard_server::runtime: runtime stage key=("c907a0aa45b2551520863990845279fd25135889865e088c2dad6ea0d32b8fde", Pages, 0) seconds=2.873680524 stage="runtime_build"
2026-09-09T18:20:30.035399Z DEBUG transparent_shard_server::runtime: runtime stage key=("c907a0aa45b2551520863990845279fd25135889865e088c2dad6ea0d32b8fde", Pages, 0) seconds=0.717019715 stage="disk_save"
2026-09-09T18:20:30.035491Z DEBUG transparent_shard_server::runtime: runtime stage key=("67574e8d4c7f7c258f8c7488f73e80a9476f8074c3db3540325133ff25020c2b", Directory, 0) seconds=10.955157927 stage="build_slot"
2026-09-09T18:20:30.035599Z DEBUG transparent_shard_server::memory: cold build admission wait seconds=8.0347e-5 admitted=true
2026-09-09T18:20:30.160280Z DEBUG transparent_shard_server::runtime: runtime stage key=("67574e8d4c7f7c258f8c7488f73e80a9476f8074c3db3540325133ff25020c2b", Directory, 0) seconds=0.124644988 stage="source_load"
2026-09-09T18:20:30.465351Z DEBUG transparent_shard_server::runtime: construction stage geometry="recent-8k" table="directory" seconds=0.305015106 stage="encode_database"
2026-09-09T18:20:30.465475Z DEBUG transparent_shard_server::runtime: construction stage geometry="recent-8k" table="directory" seconds=7.906e-5 stage="public_setup"
2026-09-09T18:20:31.028017Z DEBUG transparent_shard_server::runtime: construction stage geometry="recent-8k" table="directory" seconds=0.562534946 stage="hint_columns"
2026-09-09T18:20:32.990135Z DEBUG transparent_shard_server::runtime: construction stage geometry="recent-8k" table="directory" seconds=1.962069696 stage="pack_preprocessing"
2026-09-09T18:20:32.990447Z DEBUG transparent_shard_server::runtime: construction stage geometry="recent-8k" table="directory" seconds=0.000270967 stage="publish_parameters"
2026-09-09T18:20:32.991183Z DEBUG transparent_shard_server::runtime: runtime stage key=("67574e8d4c7f7c258f8c7488f73e80a9476f8074c3db3540325133ff25020c2b", Directory, 0) seconds=2.83085007 stage="runtime_build"
2026-09-09T18:20:33.724521Z DEBUG transparent_shard_server::runtime: runtime stage key=("67574e8d4c7f7c258f8c7488f73e80a9476f8074c3db3540325133ff25020c2b", Directory, 0) seconds=0.733316558 stage="disk_save"
2026-09-09T18:20:33.724620Z DEBUG transparent_shard_server::runtime: runtime stage key=("67574e8d4c7f7c258f8c7488f73e80a9476f8074c3db3540325133ff25020c2b", Pages, 0) seconds=10.981907565 stage="build_slot"
2026-09-09T18:20:33.724749Z DEBUG transparent_shard_server::memory: cold build admission wait seconds=9.8458e-5 admitted=true
2026-09-09T18:20:33.846955Z DEBUG transparent_shard_server::runtime: runtime stage key=("67574e8d4c7f7c258f8c7488f73e80a9476f8074c3db3540325133ff25020c2b", Pages, 0) seconds=0.122148114 stage="source_load"
2026-09-09T18:20:34.137681Z DEBUG transparent_shard_server::runtime: construction stage geometry="recent-8k" table="pages" seconds=0.290674622 stage="encode_database"
2026-09-09T18:20:34.137805Z DEBUG transparent_shard_server::runtime: construction stage geometry="recent-8k" table="pages" seconds=7.5718e-5 stage="public_setup"
2026-09-09T18:20:34.703558Z DEBUG transparent_shard_server::runtime: construction stage geometry="recent-8k" table="pages" seconds=0.565722811 stage="hint_columns"
2026-09-09T18:20:36.688154Z DEBUG transparent_shard_server::runtime: construction stage geometry="recent-8k" table="pages" seconds=1.9845439919999999 stage="pack_preprocessing"
2026-09-09T18:20:36.688466Z DEBUG transparent_shard_server::runtime: construction stage geometry="recent-8k" table="pages" seconds=0.000264497 stage="publish_parameters"
2026-09-09T18:20:36.689216Z DEBUG transparent_shard_server::runtime: runtime stage key=("67574e8d4c7f7c258f8c7488f73e80a9476f8074c3db3540325133ff25020c2b", Pages, 0) seconds=2.842211943 stage="runtime_build"
2026-09-09T18:20:37.395205Z DEBUG transparent_shard_server::runtime: runtime stage key=("67574e8d4c7f7c258f8c7488f73e80a9476f8074c3db3540325133ff25020c2b", Pages, 0) seconds=0.705968398 stage="disk_save"
2026-09-09T18:20:37.395307Z  INFO transparent_shard_server::service: prewarm finished warm=28 target=28 failed=0 seconds=102.258589256
2026-09-09T18:20:37.813373Z  INFO transparent_shard_server::runtime: retired runtime memory reclaimed rss_before=4812103680 rss_after=4405190656
2026-09-09T18:20:38.397430Z DEBUG transparent_shard_server::runtime: runtime stage key=("be059aab39ac34125e0452548d6fbcfb1e7cdb7237a597bd59ee86011ed4882b", Directory, 0) seconds=8.88e-7 stage="restore_slot"
2026-09-09T18:20:38.397560Z DEBUG transparent_shard_server::runtime: runtime stage key=("be059aab39ac34125e0452548d6fbcfb1e7cdb7237a597bd59ee86011ed4882b", Pages, 0) seconds=3.12e-7 stage="restore_slot"
2026-09-09T18:20:38.397624Z DEBUG transparent_shard_server::runtime: runtime stage key=("be059aab39ac34125e0452548d6fbcfb1e7cdb7237a597bd59ee86011ed4882b", Directory, 0) seconds=4.6288e-5 hit=false stage="disk_restore"
2026-09-09T18:20:38.397653Z DEBUG transparent_shard_server::runtime: runtime stage key=("be059aab39ac34125e0452548d6fbcfb1e7cdb7237a597bd59ee86011ed4882b", Directory, 0) seconds=4.63e-7 stage="build_slot"
2026-09-09T18:20:38.397669Z DEBUG transparent_shard_server::runtime: runtime stage key=("be059aab39ac34125e0452548d6fbcfb1e7cdb7237a597bd59ee86011ed4882b", Pages, 0) seconds=4.0177e-5 hit=false stage="disk_restore"
2026-09-09T18:20:38.397683Z DEBUG transparent_shard_server::memory: cold build admission wait seconds=2.5081e-5 admitted=true
2026-09-09T18:20:38.541197Z DEBUG transparent_shard_server::runtime: runtime stage key=("be059aab39ac34125e0452548d6fbcfb1e7cdb7237a597bd59ee86011ed4882b", Directory, 0) seconds=0.143504508 stage="source_load"
2026-09-09T18:20:38.844271Z DEBUG transparent_shard_server::runtime: construction stage geometry="recent-8k" table="directory" seconds=0.303031642 stage="encode_database"
2026-09-09T18:20:38.844394Z DEBUG transparent_shard_server::runtime: construction stage geometry="recent-8k" table="directory" seconds=9.3411e-5 stage="public_setup"
2026-09-09T18:20:39.389371Z DEBUG transparent_shard_server::runtime: construction stage geometry="recent-8k" table="directory" seconds=0.544970024 stage="hint_columns"
2026-09-09T18:20:39.548657Z DEBUG transparent_shard_server::memory: work memory admission denied current=5748166656 limit=7516192768 held=805306368 requested=268435456
2026-09-09T18:20:40.239469Z DEBUG transparent_shard_server::memory: work memory admission denied current=5803962368 limit=7516192768 held=805306368 requested=268435456
2026-09-09T18:20:40.444714Z DEBUG transparent_shard_server::memory: work memory admission denied current=5846335488 limit=7516192768 held=805306368 requested=268435456
2026-09-09T18:20:41.436890Z DEBUG transparent_shard_server::runtime: construction stage geometry="recent-8k" table="directory" seconds=2.047478357 stage="pack_preprocessing"
2026-09-09T18:20:41.437221Z DEBUG transparent_shard_server::runtime: construction stage geometry="recent-8k" table="directory" seconds=0.000287428 stage="publish_parameters"
2026-09-09T18:20:41.437980Z DEBUG transparent_shard_server::runtime: runtime stage key=("be059aab39ac34125e0452548d6fbcfb1e7cdb7237a597bd59ee86011ed4882b", Directory, 0) seconds=2.896742179 stage="runtime_build"
2026-09-09T18:20:42.179418Z DEBUG transparent_shard_server::runtime: runtime stage key=("be059aab39ac34125e0452548d6fbcfb1e7cdb7237a597bd59ee86011ed4882b", Directory, 0) seconds=0.741408747 stage="disk_save"
2026-09-09T18:20:42.179498Z DEBUG transparent_shard_server::runtime: runtime stage key=("be059aab39ac34125e0452548d6fbcfb1e7cdb7237a597bd59ee86011ed4882b", Pages, 0) seconds=3.781801973 stage="build_slot"
2026-09-09T18:20:42.179597Z DEBUG transparent_shard_server::memory: cold build admission wait seconds=7.6119e-5 admitted=true
2026-09-09T18:20:42.342043Z DEBUG transparent_shard_server::runtime: runtime stage key=("be059aab39ac34125e0452548d6fbcfb1e7cdb7237a597bd59ee86011ed4882b", Pages, 0) seconds=0.162423895 stage="source_load"
2026-09-09T18:20:42.658383Z DEBUG transparent_shard_server::runtime: construction stage geometry="recent-8k" table="pages" seconds=0.31630832 stage="encode_database"
2026-09-09T18:20:42.658500Z DEBUG transparent_shard_server::runtime: construction stage geometry="recent-8k" table="pages" seconds=7.0637e-5 stage="public_setup"
2026-09-09T18:20:42.720581Z DEBUG transparent_shard_server::memory: work memory admission denied current=5905297408 limit=7516192768 held=805306368 requested=268435456
2026-09-09T18:20:42.930558Z DEBUG transparent_shard_server::memory: work memory admission denied current=5905317888 limit=7516192768 held=805306368 requested=268435456
2026-09-09T18:20:43.137522Z DEBUG transparent_shard_server::memory: work memory admission denied current=5905551360 limit=7516192768 held=805306368 requested=268435456
2026-09-09T18:20:43.230410Z DEBUG transparent_shard_server::runtime: construction stage geometry="recent-8k" table="pages" seconds=0.571903834 stage="hint_columns"
2026-09-09T18:20:44.093584Z DEBUG transparent_shard_server::memory: work memory admission denied current=5905338368 limit=7516192768 held=805306368 requested=268435456
2026-09-09T18:20:44.301110Z DEBUG transparent_shard_server::memory: work memory admission denied current=5905465344 limit=7516192768 held=805306368 requested=268435456
2026-09-09T18:20:44.857881Z DEBUG transparent_shard_server::memory: work memory admission denied current=5891764224 limit=7516192768 held=805306368 requested=268435456
2026-09-09T18:20:45.308470Z DEBUG transparent_shard_server::runtime: construction stage geometry="recent-8k" table="pages" seconds=2.078004696 stage="pack_preprocessing"
2026-09-09T18:20:45.308795Z DEBUG transparent_shard_server::runtime: construction stage geometry="recent-8k" table="pages" seconds=0.0002883 stage="publish_parameters"
2026-09-09T18:20:45.309594Z DEBUG transparent_shard_server::runtime: runtime stage key=("be059aab39ac34125e0452548d6fbcfb1e7cdb7237a597bd59ee86011ed4882b", Pages, 0) seconds=2.9675209110000003 stage="runtime_build"
2026-09-09T18:20:46.009113Z DEBUG transparent_shard_server::runtime: runtime stage key=("be059aab39ac34125e0452548d6fbcfb1e7cdb7237a597bd59ee86011ed4882b", Pages, 0) seconds=0.699500954 stage="disk_save"
2026-09-09T18:20:46.009236Z  INFO transparent_shard_server::service: prewarm finished warm=28 target=28 failed=0 seconds=7.611853262
2026-09-09T18:20:46.009292Z DEBUG transparent_shard_server::live: publication preparation stages map=32426d9e9300c44558210d8540b636402af2b3c322627f9e9f26e0082b489725 loading_seconds=0.620395083 warming_seconds=7.611947392
2026-09-09T18:20:46.023449Z DEBUG transparent_shard_server::runtime: runtime stage key=("5b7ee9849d47f5ee67d04eb6ca4588beacf42dce75e5a1b481dfd02607b1fb20", Pages, 0) seconds=6.51e-7 stage="restore_slot"
2026-09-09T18:20:46.036389Z DEBUG transparent_shard_server::runtime: runtime stage key=("5b7ee9849d47f5ee67d04eb6ca4588beacf42dce75e5a1b481dfd02607b1fb20", Directory, 0) seconds=1.233e-6 stage="restore_slot"
2026-09-09T18:20:46.057639Z  INFO transparent_shard_server::runtime: retired runtime memory reclaimed rss_before=4935954432 rss_after=4525838336
2026-09-09T18:20:46.605843Z DEBUG transparent_shard_server::runtime: runtime stage key=("268f5c527d35817d37919707b04a706c850d449156baa071b5438dbf8eb53aec", Directory, 0) seconds=1.292e-6 stage="restore_slot"
2026-09-09T18:20:46.605846Z DEBUG transparent_shard_server::runtime: runtime stage key=("268f5c527d35817d37919707b04a706c850d449156baa071b5438dbf8eb53aec", Pages, 0) seconds=9.18e-7 stage="restore_slot"
2026-09-09T18:20:46.605998Z DEBUG transparent_shard_server::memory: work memory admission denied current=5756473344 limit=7516192768 held=805306368 requested=268435456
2026-09-09T18:20:46.606005Z DEBUG transparent_shard_server::runtime: runtime admission denied key=("268f5c527d35817d37919707b04a706c850d449156baa071b5438dbf8eb53aec", Pages, 0) stage="restore_admission"
2026-09-09T18:20:46.606010Z DEBUG transparent_shard_server::prewarm: prewarm admission retry; sleeping 100ms
2026-09-09T18:20:46.606011Z DEBUG transparent_shard_server::runtime: runtime stage key=("268f5c527d35817d37919707b04a706c850d449156baa071b5438dbf8eb53aec", Directory, 0) seconds=3.2828e-5 hit=false stage="disk_restore"
2026-09-09T18:20:46.606035Z DEBUG transparent_shard_server::runtime: runtime stage key=("268f5c527d35817d37919707b04a706c850d449156baa071b5438dbf8eb53aec", Directory, 0) seconds=6.35e-7 stage="build_slot"
2026-09-09T18:20:46.606062Z DEBUG transparent_shard_server::memory: work memory admission denied current=5756473344 limit=7516192768 held=536870912 requested=536870912
2026-09-09T18:20:46.707007Z DEBUG transparent_shard_server::runtime: runtime stage key=("268f5c527d35817d37919707b04a706c850d449156baa071b5438dbf8eb53aec", Pages, 0) seconds=1.752e-6 stage="restore_slot"
2026-09-09T18:20:46.707055Z DEBUG transparent_shard_server::memory: work memory admission denied current=5819387904 limit=7516192768 held=536870912 requested=536870912
2026-09-09T18:20:46.707188Z DEBUG transparent_shard_server::runtime: runtime stage key=("268f5c527d35817d37919707b04a706c850d449156baa071b5438dbf8eb53aec", Pages, 0) seconds=5.4352e-5 hit=false stage="disk_restore"
2026-09-09T18:20:46.808131Z DEBUG transparent_shard_server::memory: work memory admission denied current=5873913856 limit=7516192768 held=536870912 requested=536870912
2026-09-09T18:20:46.909026Z DEBUG transparent_shard_server::memory: work memory admission denied current=5905313792 limit=7516192768 held=536870912 requested=536870912
2026-09-09T18:20:46.928093Z DEBUG transparent_shard_server::runtime: runtime stage key=("5b7ee9849d47f5ee67d04eb6ca4588beacf42dce75e5a1b481dfd02607b1fb20", Pages, 0) seconds=0.904532798 hit=true stage="disk_restore"
2026-09-09T18:20:46.955334Z DEBUG transparent_shard_server::runtime: runtime stage key=("5b7ee9849d47f5ee67d04eb6ca4588beacf42dce75e5a1b481dfd02607b1fb20", Directory, 0) seconds=0.918816824 hit=true stage="disk_restore"
2026-09-09T18:20:47.010117Z DEBUG transparent_shard_server::memory: work memory admission denied current=5905420288 limit=7516192768 held=536870912 requested=536870912
2026-09-09T18:20:47.048882Z DEBUG transparent_shard_server::runtime: runtime stage key=("5b7ee9849d47f5ee67d04eb6ca4588beacf42dce75e5a1b481dfd02607b1fb20", Pages, 0) seconds=0.120751164 stage="source_verify"
2026-09-09T18:20:47.048920Z  INFO transparent_shard_server::runtime: restored runtime cache seconds=1.025362102
2026-09-09T18:20:47.077166Z DEBUG transparent_shard_server::runtime: runtime stage key=("5b7ee9849d47f5ee67d04eb6ca4588beacf42dce75e5a1b481dfd02607b1fb20", Directory, 0) seconds=0.121785494 stage="source_verify"
2026-09-09T18:20:47.077201Z  INFO transparent_shard_server::runtime: restored runtime cache seconds=1.040687042
2026-09-09T18:20:47.113271Z DEBUG transparent_shard_server::memory: cold build admission wait seconds=0.50722876 admitted=true
2026-09-09T18:20:47.256130Z DEBUG transparent_shard_server::runtime: runtime stage key=("268f5c527d35817d37919707b04a706c850d449156baa071b5438dbf8eb53aec", Directory, 0) seconds=0.142802838 stage="source_load"
2026-09-09T18:20:47.565046Z DEBUG transparent_shard_server::runtime: construction stage geometry="recent-8k" table="directory" seconds=0.308871185 stage="encode_database"
2026-09-09T18:20:47.565170Z DEBUG transparent_shard_server::runtime: construction stage geometry="recent-8k" table="directory" seconds=7.8279e-5 stage="public_setup"
2026-09-09T18:20:47.621596Z DEBUG transparent_shard_server::memory: work memory admission denied current=5905293312 limit=7516192768 held=805306368 requested=268435456
2026-09-09T18:20:47.831907Z DEBUG transparent_shard_server::memory: work memory admission denied current=5905317888 limit=7516192768 held=805306368 requested=268435456
2026-09-09T18:20:48.035221Z DEBUG transparent_shard_server::memory: work memory admission denied current=5905133568 limit=7516192768 held=805306368 requested=268435456
2026-09-09T18:20:48.100049Z DEBUG transparent_shard_server::runtime: construction stage geometry="recent-8k" table="directory" seconds=0.534873122 stage="hint_columns"
2026-09-09T18:20:48.930724Z DEBUG transparent_shard_server::memory: work memory admission denied current=5905473536 limit=7516192768 held=805306368 requested=268435456
2026-09-09T18:20:49.161568Z DEBUG transparent_shard_server::memory: work memory admission denied current=5905158144 limit=7516192768 held=805306368 requested=268435456
2026-09-09T18:20:49.377313Z DEBUG transparent_shard_server::memory: work memory admission denied current=5862580224 limit=7516192768 held=805306368 requested=268435456
2026-09-09T18:20:50.177566Z DEBUG transparent_shard_server::runtime: construction stage geometry="recent-8k" table="directory" seconds=2.077479566 stage="pack_preprocessing"
2026-09-09T18:20:50.177927Z DEBUG transparent_shard_server::runtime: construction stage geometry="recent-8k" table="directory" seconds=0.000316852 stage="publish_parameters"
2026-09-09T18:20:50.178625Z DEBUG transparent_shard_server::runtime: runtime stage key=("268f5c527d35817d37919707b04a706c850d449156baa071b5438dbf8eb53aec", Directory, 0) seconds=2.9224529500000003 stage="runtime_build"
2026-09-09T18:20:50.869126Z DEBUG transparent_shard_server::runtime: runtime stage key=("268f5c527d35817d37919707b04a706c850d449156baa071b5438dbf8eb53aec", Directory, 0) seconds=0.690481019 stage="disk_save"
2026-09-09T18:20:50.869244Z DEBUG transparent_shard_server::runtime: runtime stage key=("268f5c527d35817d37919707b04a706c850d449156baa071b5438dbf8eb53aec", Pages, 0) seconds=4.162021188 stage="build_slot"
2026-09-09T18:20:50.869346Z DEBUG transparent_shard_server::memory: cold build admission wait seconds=7.4533e-5 admitted=true
2026-09-09T18:20:51.018249Z DEBUG transparent_shard_server::runtime: runtime stage key=("268f5c527d35817d37919707b04a706c850d449156baa071b5438dbf8eb53aec", Pages, 0) seconds=0.14887297 stage="source_load"
2026-09-09T18:20:51.327909Z DEBUG transparent_shard_server::runtime: construction stage geometry="recent-8k" table="pages" seconds=0.309614621 stage="encode_database"
2026-09-09T18:20:51.328052Z DEBUG transparent_shard_server::runtime: construction stage geometry="recent-8k" table="pages" seconds=0.000104334 stage="public_setup"
2026-09-09T18:20:51.416325Z DEBUG transparent_shard_server::memory: work memory admission denied current=5905297408 limit=7516192768 held=805306368 requested=268435456
2026-09-09T18:20:51.623776Z DEBUG transparent_shard_server::memory: work memory admission denied current=5905297408 limit=7516192768 held=805306368 requested=268435456
2026-09-09T18:20:51.830581Z DEBUG transparent_shard_server::memory: work memory admission denied current=5905264640 limit=7516192768 held=805306368 requested=268435456
2026-09-09T18:20:51.884421Z DEBUG transparent_shard_server::runtime: construction stage geometry="recent-8k" table="pages" seconds=0.556363241 stage="hint_columns"
2026-09-09T18:20:52.032615Z DEBUG transparent_shard_server::memory: work memory admission denied current=5905498112 limit=7516192768 held=805306368 requested=268435456
2026-09-09T18:20:52.730034Z DEBUG transparent_shard_server::memory: work memory admission denied current=5905498112 limit=7516192768 held=805306368 requested=268435456
2026-09-09T18:20:52.940586Z DEBUG transparent_shard_server::memory: work memory admission denied current=5905330176 limit=7516192768 held=805306368 requested=268435456
2026-09-09T18:20:53.328474Z DEBUG transparent_shard_server::memory: work memory admission denied current=5873000448 limit=7516192768 held=805306368 requested=268435456
2026-09-09T18:20:53.963977Z DEBUG transparent_shard_server::runtime: construction stage geometry="recent-8k" table="pages" seconds=2.079525771 stage="pack_preprocessing"
2026-09-09T18:20:53.964292Z DEBUG transparent_shard_server::runtime: construction stage geometry="recent-8k" table="pages" seconds=0.000281587 stage="publish_parameters"
2026-09-09T18:20:53.964942Z DEBUG transparent_shard_server::runtime: runtime stage key=("268f5c527d35817d37919707b04a706c850d449156baa071b5438dbf8eb53aec", Pages, 0) seconds=2.9466493959999998 stage="runtime_build"
2026-09-09T18:20:54.644590Z DEBUG transparent_shard_server::runtime: runtime stage key=("268f5c527d35817d37919707b04a706c850d449156baa071b5438dbf8eb53aec", Pages, 0) seconds=0.679632248 stage="disk_save"
2026-09-09T18:20:54.644682Z  INFO transparent_shard_server::service: prewarm finished warm=28 target=28 failed=0 seconds=8.038892449
2026-09-09T18:20:54.644760Z DEBUG transparent_shard_server::live: publication preparation stages map=12cbb58695cd66166197842d179b61598c15effb06ad32efcd899a13e36e7b10 loading_seconds=0.595239178 warming_seconds=8.039020139
test burst::publication_burst_under_exact_load ... ok

test result: ok. 1 passed; 0 failed; 0 ignored; 0 measured; 14 filtered out; finished in 125.06s

Finished with result: success
Main processes terminated with: code=exited/status=0
Service runtime: 2min 5.092s
CPU time consumed: 3min 50.972s
Memory peak: 2.0M
Memory swap peak: 0B
