Running as unit: transparent-full-burst-1be31c4e709a4b03888dd77488b66317.service; invocation ID: 1d03526039e04863bb675b596f0ad552

running 1 test
2026-09-09T18:16:50.577006Z DEBUG transparent_shard_server::runtime: runtime stage key=("5b7ee9849d47f5ee67d04eb6ca4588beacf42dce75e5a1b481dfd02607b1fb20", Directory, 0) seconds=6.778e-6 stage="restore_slot"
2026-09-09T18:16:50.577006Z DEBUG transparent_shard_server::runtime: runtime stage key=("5b7ee9849d47f5ee67d04eb6ca4588beacf42dce75e5a1b481dfd02607b1fb20", Pages, 0) seconds=9.09e-7 stage="restore_slot"
2026-09-09T18:16:50.577205Z DEBUG transparent_shard_server::runtime: runtime stage key=("1f5d7213a380745d83cc554ad16bdf9e039a0304d0de0b71376828e1838d0ea4", Directory, 0) seconds=5.35e-7 stage="restore_slot"
2026-09-09T18:16:50.577222Z DEBUG transparent_shard_server::runtime: runtime stage key=("1f5d7213a380745d83cc554ad16bdf9e039a0304d0de0b71376828e1838d0ea4", Pages, 0) seconds=5.4e-7 stage="restore_slot"
2026-09-09T18:16:50.577517Z DEBUG transparent_shard_server::runtime: runtime stage key=("5b7ee9849d47f5ee67d04eb6ca4588beacf42dce75e5a1b481dfd02607b1fb20", Directory, 0) seconds=3.4204e-5 hit=false stage="disk_restore"
2026-09-09T18:16:50.577519Z DEBUG transparent_shard_server::runtime: runtime stage key=("5b7ee9849d47f5ee67d04eb6ca4588beacf42dce75e5a1b481dfd02607b1fb20", Pages, 0) seconds=2.6472e-5 hit=false stage="disk_restore"
2026-09-09T18:16:50.577556Z DEBUG transparent_shard_server::runtime: runtime stage key=("5b7ee9849d47f5ee67d04eb6ca4588beacf42dce75e5a1b481dfd02607b1fb20", Pages, 0) seconds=6.41e-7 stage="build_slot"
2026-09-09T18:16:50.577553Z DEBUG transparent_shard_server::runtime: runtime stage key=("1f5d7213a380745d83cc554ad16bdf9e039a0304d0de0b71376828e1838d0ea4", Directory, 0) seconds=2.3399e-5 hit=false stage="disk_restore"
2026-09-09T18:16:50.577569Z DEBUG transparent_shard_server::runtime: runtime stage key=("1f5d7213a380745d83cc554ad16bdf9e039a0304d0de0b71376828e1838d0ea4", Pages, 0) seconds=1.313e-5 hit=false stage="disk_restore"
2026-09-09T18:16:50.577595Z DEBUG transparent_shard_server::memory: cold build admission wait seconds=3.0824e-5 admitted=true
2026-09-09T18:16:50.710500Z DEBUG transparent_shard_server::runtime: runtime stage key=("5b7ee9849d47f5ee67d04eb6ca4588beacf42dce75e5a1b481dfd02607b1fb20", Pages, 0) seconds=0.132890713 stage="source_load"
2026-09-09T18:16:51.010780Z DEBUG transparent_shard_server::runtime: construction stage geometry="recent-8k" table="pages" seconds=0.300235386 stage="encode_database"
2026-09-09T18:16:51.010885Z DEBUG transparent_shard_server::runtime: construction stage geometry="recent-8k" table="pages" seconds=5.9951e-5 stage="public_setup"
2026-09-09T18:16:51.543233Z DEBUG transparent_shard_server::runtime: construction stage geometry="recent-8k" table="pages" seconds=0.532342731 stage="hint_columns"
2026-09-09T18:16:53.547253Z DEBUG transparent_shard_server::runtime: construction stage geometry="recent-8k" table="pages" seconds=2.003978789 stage="pack_preprocessing"
2026-09-09T18:16:53.547556Z DEBUG transparent_shard_server::runtime: construction stage geometry="recent-8k" table="pages" seconds=0.000262441 stage="publish_parameters"
2026-09-09T18:16:53.548960Z DEBUG transparent_shard_server::runtime: runtime stage key=("5b7ee9849d47f5ee67d04eb6ca4588beacf42dce75e5a1b481dfd02607b1fb20", Pages, 0) seconds=2.838416417 stage="runtime_build"
2026-09-09T18:16:54.236582Z DEBUG transparent_shard_server::runtime: runtime stage key=("5b7ee9849d47f5ee67d04eb6ca4588beacf42dce75e5a1b481dfd02607b1fb20", Pages, 0) seconds=0.686365899 stage="disk_save"
2026-09-09T18:16:54.236636Z DEBUG transparent_shard_server::runtime: runtime stage key=("5b7ee9849d47f5ee67d04eb6ca4588beacf42dce75e5a1b481dfd02607b1fb20", Directory, 0) seconds=3.659076623 stage="build_slot"
2026-09-09T18:16:54.236728Z DEBUG transparent_shard_server::memory: cold build admission wait seconds=7.518e-5 admitted=true
2026-09-09T18:16:54.236768Z DEBUG transparent_shard_server::runtime: runtime stage key=("ca7afe810c988a8b4b561668f3456a9f38d1fdbb0776614e07ddfeb1a2132000", Directory, 0) seconds=3.79e-7 stage="restore_slot"
2026-09-09T18:16:54.236836Z DEBUG transparent_shard_server::runtime: runtime stage key=("ca7afe810c988a8b4b561668f3456a9f38d1fdbb0776614e07ddfeb1a2132000", Directory, 0) seconds=2.0359e-5 hit=false stage="disk_restore"
2026-09-09T18:16:54.370125Z DEBUG transparent_shard_server::runtime: runtime stage key=("5b7ee9849d47f5ee67d04eb6ca4588beacf42dce75e5a1b481dfd02607b1fb20", Directory, 0) seconds=0.133355173 stage="source_load"
2026-09-09T18:16:54.667353Z DEBUG transparent_shard_server::runtime: construction stage geometry="recent-8k" table="directory" seconds=0.297180799 stage="encode_database"
2026-09-09T18:16:54.667450Z DEBUG transparent_shard_server::runtime: construction stage geometry="recent-8k" table="directory" seconds=5.6636e-5 stage="public_setup"
2026-09-09T18:16:55.190950Z DEBUG transparent_shard_server::runtime: construction stage geometry="recent-8k" table="directory" seconds=0.52349415 stage="hint_columns"
2026-09-09T18:16:57.160559Z DEBUG transparent_shard_server::runtime: construction stage geometry="recent-8k" table="directory" seconds=1.969568822 stage="pack_preprocessing"
2026-09-09T18:16:57.160906Z DEBUG transparent_shard_server::runtime: construction stage geometry="recent-8k" table="directory" seconds=0.000294174 stage="publish_parameters"
2026-09-09T18:16:57.161532Z DEBUG transparent_shard_server::runtime: runtime stage key=("5b7ee9849d47f5ee67d04eb6ca4588beacf42dce75e5a1b481dfd02607b1fb20", Directory, 0) seconds=2.791361298 stage="runtime_build"
2026-09-09T18:16:57.857189Z DEBUG transparent_shard_server::runtime: runtime stage key=("5b7ee9849d47f5ee67d04eb6ca4588beacf42dce75e5a1b481dfd02607b1fb20", Directory, 0) seconds=0.695634952 stage="disk_save"
2026-09-09T18:16:57.857251Z DEBUG transparent_shard_server::runtime: runtime stage key=("1f5d7213a380745d83cc554ad16bdf9e039a0304d0de0b71376828e1838d0ea4", Directory, 0) seconds=7.279656474 stage="build_slot"
2026-09-09T18:16:57.857319Z DEBUG transparent_shard_server::memory: cold build admission wait seconds=6.3193e-5 admitted=true
2026-09-09T18:16:57.857321Z DEBUG transparent_shard_server::runtime: runtime stage key=("ca7afe810c988a8b4b561668f3456a9f38d1fdbb0776614e07ddfeb1a2132000", Pages, 0) seconds=8.65e-7 stage="restore_slot"
2026-09-09T18:16:57.857451Z DEBUG transparent_shard_server::runtime: runtime stage key=("ca7afe810c988a8b4b561668f3456a9f38d1fdbb0776614e07ddfeb1a2132000", Pages, 0) seconds=2.4818e-5 hit=false stage="disk_restore"
2026-09-09T18:16:57.989716Z DEBUG transparent_shard_server::runtime: runtime stage key=("1f5d7213a380745d83cc554ad16bdf9e039a0304d0de0b71376828e1838d0ea4", Directory, 0) seconds=0.132357772 stage="source_load"
2026-09-09T18:16:58.288577Z DEBUG transparent_shard_server::runtime: construction stage geometry="recent-8k" table="directory" seconds=0.29881872 stage="encode_database"
2026-09-09T18:16:58.288693Z DEBUG transparent_shard_server::runtime: construction stage geometry="recent-8k" table="directory" seconds=7.0884e-5 stage="public_setup"
2026-09-09T18:16:58.834320Z DEBUG transparent_shard_server::runtime: construction stage geometry="recent-8k" table="directory" seconds=0.545619361 stage="hint_columns"
2026-09-09T18:17:00.862292Z DEBUG transparent_shard_server::runtime: construction stage geometry="recent-8k" table="directory" seconds=2.027928861 stage="pack_preprocessing"
2026-09-09T18:17:00.862608Z DEBUG transparent_shard_server::runtime: construction stage geometry="recent-8k" table="directory" seconds=0.000274091 stage="publish_parameters"
2026-09-09T18:17:00.863255Z DEBUG transparent_shard_server::runtime: runtime stage key=("1f5d7213a380745d83cc554ad16bdf9e039a0304d0de0b71376828e1838d0ea4", Directory, 0) seconds=2.873498157 stage="runtime_build"
2026-09-09T18:17:01.563340Z DEBUG transparent_shard_server::runtime: runtime stage key=("1f5d7213a380745d83cc554ad16bdf9e039a0304d0de0b71376828e1838d0ea4", Directory, 0) seconds=0.700065984 stage="disk_save"
2026-09-09T18:17:01.563447Z DEBUG transparent_shard_server::runtime: runtime stage key=("1f5d7213a380745d83cc554ad16bdf9e039a0304d0de0b71376828e1838d0ea4", Pages, 0) seconds=10.985850632 stage="build_slot"
2026-09-09T18:17:01.563504Z DEBUG transparent_shard_server::runtime: runtime stage key=("95df7205357fe2d9c962d2b41daded841e05afa7b6fc8d06dfec46ad04e15335", Directory, 0) seconds=9.5e-7 stage="restore_slot"
2026-09-09T18:17:01.563593Z DEBUG transparent_shard_server::memory: cold build admission wait seconds=9.1759e-5 admitted=true
2026-09-09T18:17:01.563654Z DEBUG transparent_shard_server::runtime: runtime stage key=("95df7205357fe2d9c962d2b41daded841e05afa7b6fc8d06dfec46ad04e15335", Directory, 0) seconds=3.213e-5 hit=false stage="disk_restore"
2026-09-09T18:17:01.689825Z DEBUG transparent_shard_server::runtime: runtime stage key=("1f5d7213a380745d83cc554ad16bdf9e039a0304d0de0b71376828e1838d0ea4", Pages, 0) seconds=0.126131224 stage="source_load"
2026-09-09T18:17:01.997896Z DEBUG transparent_shard_server::runtime: construction stage geometry="recent-8k" table="pages" seconds=0.308005322 stage="encode_database"
2026-09-09T18:17:01.998010Z DEBUG transparent_shard_server::runtime: construction stage geometry="recent-8k" table="pages" seconds=7.1123e-5 stage="public_setup"
2026-09-09T18:17:02.570468Z DEBUG transparent_shard_server::runtime: construction stage geometry="recent-8k" table="pages" seconds=0.57244993 stage="hint_columns"
2026-09-09T18:17:04.566485Z DEBUG transparent_shard_server::runtime: construction stage geometry="recent-8k" table="pages" seconds=1.995966629 stage="pack_preprocessing"
2026-09-09T18:17:04.566774Z DEBUG transparent_shard_server::runtime: construction stage geometry="recent-8k" table="pages" seconds=0.000247876 stage="publish_parameters"
2026-09-09T18:17:04.567468Z DEBUG transparent_shard_server::runtime: runtime stage key=("1f5d7213a380745d83cc554ad16bdf9e039a0304d0de0b71376828e1838d0ea4", Pages, 0) seconds=2.877580349 stage="runtime_build"
2026-09-09T18:17:05.262244Z DEBUG transparent_shard_server::runtime: runtime stage key=("1f5d7213a380745d83cc554ad16bdf9e039a0304d0de0b71376828e1838d0ea4", Pages, 0) seconds=0.694754443 stage="disk_save"
2026-09-09T18:17:05.262349Z DEBUG transparent_shard_server::runtime: runtime stage key=("ca7afe810c988a8b4b561668f3456a9f38d1fdbb0776614e07ddfeb1a2132000", Directory, 0) seconds=11.025499339 stage="build_slot"
2026-09-09T18:17:05.262385Z DEBUG transparent_shard_server::runtime: runtime stage key=("95df7205357fe2d9c962d2b41daded841e05afa7b6fc8d06dfec46ad04e15335", Pages, 0) seconds=1.05e-6 stage="restore_slot"
2026-09-09T18:17:05.262490Z DEBUG transparent_shard_server::memory: cold build admission wait seconds=8.97e-5 admitted=true
2026-09-09T18:17:05.262540Z DEBUG transparent_shard_server::runtime: runtime stage key=("95df7205357fe2d9c962d2b41daded841e05afa7b6fc8d06dfec46ad04e15335", Pages, 0) seconds=3.6735e-5 hit=false stage="disk_restore"
2026-09-09T18:17:05.395204Z DEBUG transparent_shard_server::runtime: runtime stage key=("ca7afe810c988a8b4b561668f3456a9f38d1fdbb0776614e07ddfeb1a2132000", Directory, 0) seconds=0.132688999 stage="source_load"
2026-09-09T18:17:05.685537Z DEBUG transparent_shard_server::runtime: construction stage geometry="recent-8k" table="directory" seconds=0.290286957 stage="encode_database"
2026-09-09T18:17:05.685649Z DEBUG transparent_shard_server::runtime: construction stage geometry="recent-8k" table="directory" seconds=7.1381e-5 stage="public_setup"
2026-09-09T18:17:06.200627Z DEBUG transparent_shard_server::runtime: construction stage geometry="recent-8k" table="directory" seconds=0.514970963 stage="hint_columns"
2026-09-09T18:17:08.154436Z DEBUG transparent_shard_server::runtime: construction stage geometry="recent-8k" table="directory" seconds=1.953757955 stage="pack_preprocessing"
2026-09-09T18:17:08.154745Z DEBUG transparent_shard_server::runtime: construction stage geometry="recent-8k" table="directory" seconds=0.000263856 stage="publish_parameters"
2026-09-09T18:17:08.155378Z DEBUG transparent_shard_server::runtime: runtime stage key=("ca7afe810c988a8b4b561668f3456a9f38d1fdbb0776614e07ddfeb1a2132000", Directory, 0) seconds=2.760129928 stage="runtime_build"
2026-09-09T18:17:08.832974Z DEBUG transparent_shard_server::runtime: runtime stage key=("ca7afe810c988a8b4b561668f3456a9f38d1fdbb0776614e07ddfeb1a2132000", Directory, 0) seconds=0.677565601 stage="disk_save"
2026-09-09T18:17:08.833047Z DEBUG transparent_shard_server::runtime: runtime stage key=("ca7afe810c988a8b4b561668f3456a9f38d1fdbb0776614e07ddfeb1a2132000", Pages, 0) seconds=10.975575582 stage="build_slot"
2026-09-09T18:17:08.833116Z DEBUG transparent_shard_server::memory: cold build admission wait seconds=6.3261e-5 admitted=true
2026-09-09T18:17:08.833184Z DEBUG transparent_shard_server::runtime: runtime stage key=("73d46a59d0d03d7616f9a47e53b50448d4c5a3504e6e296600d8884c8c4403b8", Directory, 0) seconds=4.61e-7 stage="restore_slot"
2026-09-09T18:17:08.833269Z DEBUG transparent_shard_server::runtime: runtime stage key=("73d46a59d0d03d7616f9a47e53b50448d4c5a3504e6e296600d8884c8c4403b8", Directory, 0) seconds=3.899e-5 hit=false stage="disk_restore"
2026-09-09T18:17:08.953272Z DEBUG transparent_shard_server::runtime: runtime stage key=("ca7afe810c988a8b4b561668f3456a9f38d1fdbb0776614e07ddfeb1a2132000", Pages, 0) seconds=0.120091284 stage="source_load"
2026-09-09T18:17:09.242109Z DEBUG transparent_shard_server::runtime: construction stage geometry="recent-8k" table="pages" seconds=0.288796816 stage="encode_database"
2026-09-09T18:17:09.242235Z DEBUG transparent_shard_server::runtime: construction stage geometry="recent-8k" table="pages" seconds=8.6415e-5 stage="public_setup"
2026-09-09T18:17:09.813391Z DEBUG transparent_shard_server::runtime: construction stage geometry="recent-8k" table="pages" seconds=0.571148576 stage="hint_columns"
2026-09-09T18:17:11.773019Z DEBUG transparent_shard_server::runtime: construction stage geometry="recent-8k" table="pages" seconds=1.9595866 stage="pack_preprocessing"
2026-09-09T18:17:11.773329Z DEBUG transparent_shard_server::runtime: construction stage geometry="recent-8k" table="pages" seconds=0.000272199 stage="publish_parameters"
2026-09-09T18:17:11.773936Z DEBUG transparent_shard_server::runtime: runtime stage key=("ca7afe810c988a8b4b561668f3456a9f38d1fdbb0776614e07ddfeb1a2132000", Pages, 0) seconds=2.820625365 stage="runtime_build"
2026-09-09T18:17:12.454594Z DEBUG transparent_shard_server::runtime: runtime stage key=("ca7afe810c988a8b4b561668f3456a9f38d1fdbb0776614e07ddfeb1a2132000", Pages, 0) seconds=0.680644303 stage="disk_save"
2026-09-09T18:17:12.454807Z DEBUG transparent_shard_server::runtime: runtime stage key=("73d46a59d0d03d7616f9a47e53b50448d4c5a3504e6e296600d8884c8c4403b8", Pages, 0) seconds=1.145e-6 stage="restore_slot"
2026-09-09T18:17:12.454912Z DEBUG transparent_shard_server::runtime: runtime stage key=("95df7205357fe2d9c962d2b41daded841e05afa7b6fc8d06dfec46ad04e15335", Directory, 0) seconds=10.891236152 stage="build_slot"
2026-09-09T18:17:12.454944Z DEBUG transparent_shard_server::memory: cold build admission wait seconds=2.4602e-5 admitted=true
2026-09-09T18:17:12.454970Z DEBUG transparent_shard_server::runtime: runtime stage key=("73d46a59d0d03d7616f9a47e53b50448d4c5a3504e6e296600d8884c8c4403b8", Pages, 0) seconds=3.6397e-5 hit=false stage="disk_restore"
2026-09-09T18:17:12.576082Z DEBUG transparent_shard_server::runtime: runtime stage key=("95df7205357fe2d9c962d2b41daded841e05afa7b6fc8d06dfec46ad04e15335", Directory, 0) seconds=0.121088575 stage="source_load"
2026-09-09T18:17:12.868163Z DEBUG transparent_shard_server::runtime: construction stage geometry="recent-8k" table="directory" seconds=0.292035926 stage="encode_database"
2026-09-09T18:17:12.868275Z DEBUG transparent_shard_server::runtime: construction stage geometry="recent-8k" table="directory" seconds=6.9762e-5 stage="public_setup"
2026-09-09T18:17:13.414581Z DEBUG transparent_shard_server::runtime: construction stage geometry="recent-8k" table="directory" seconds=0.546298713 stage="hint_columns"
2026-09-09T18:17:15.373605Z DEBUG transparent_shard_server::runtime: construction stage geometry="recent-8k" table="directory" seconds=1.958984755 stage="pack_preprocessing"
2026-09-09T18:17:15.373911Z DEBUG transparent_shard_server::runtime: construction stage geometry="recent-8k" table="directory" seconds=0.000263503 stage="publish_parameters"
2026-09-09T18:17:15.374640Z DEBUG transparent_shard_server::runtime: runtime stage key=("95df7205357fe2d9c962d2b41daded841e05afa7b6fc8d06dfec46ad04e15335", Directory, 0) seconds=2.798514362 stage="runtime_build"
2026-09-09T18:17:16.062413Z DEBUG transparent_shard_server::runtime: runtime stage key=("95df7205357fe2d9c962d2b41daded841e05afa7b6fc8d06dfec46ad04e15335", Directory, 0) seconds=0.687754156 stage="disk_save"
2026-09-09T18:17:16.062531Z DEBUG transparent_shard_server::runtime: runtime stage key=("b16be2933ab920bc4745ea8917e5167a7a685c211e0b4febe88b4d3018f970bc", Directory, 0) seconds=1.289e-6 stage="restore_slot"
2026-09-09T18:17:16.062642Z DEBUG transparent_shard_server::runtime: runtime stage key=("95df7205357fe2d9c962d2b41daded841e05afa7b6fc8d06dfec46ad04e15335", Pages, 0) seconds=10.800066227 stage="build_slot"
2026-09-09T18:17:16.062688Z DEBUG transparent_shard_server::runtime: runtime stage key=("b16be2933ab920bc4745ea8917e5167a7a685c211e0b4febe88b4d3018f970bc", Directory, 0) seconds=4.5313e-5 hit=false stage="disk_restore"
2026-09-09T18:17:16.062696Z DEBUG transparent_shard_server::memory: cold build admission wait seconds=4.6789e-5 admitted=true
2026-09-09T18:17:16.189882Z DEBUG transparent_shard_server::runtime: runtime stage key=("95df7205357fe2d9c962d2b41daded841e05afa7b6fc8d06dfec46ad04e15335", Pages, 0) seconds=0.127132858 stage="source_load"
2026-09-09T18:17:16.481122Z DEBUG transparent_shard_server::runtime: construction stage geometry="recent-8k" table="pages" seconds=0.291184796 stage="encode_database"
2026-09-09T18:17:16.481244Z DEBUG transparent_shard_server::runtime: construction stage geometry="recent-8k" table="pages" seconds=7.3794e-5 stage="public_setup"
2026-09-09T18:17:17.049872Z DEBUG transparent_shard_server::runtime: construction stage geometry="recent-8k" table="pages" seconds=0.568620313 stage="hint_columns"
2026-09-09T18:17:19.018625Z DEBUG transparent_shard_server::runtime: construction stage geometry="recent-8k" table="pages" seconds=1.96870491 stage="pack_preprocessing"
2026-09-09T18:17:19.018945Z DEBUG transparent_shard_server::runtime: construction stage geometry="recent-8k" table="pages" seconds=0.000278144 stage="publish_parameters"
2026-09-09T18:17:19.019694Z DEBUG transparent_shard_server::runtime: runtime stage key=("95df7205357fe2d9c962d2b41daded841e05afa7b6fc8d06dfec46ad04e15335", Pages, 0) seconds=2.8297568 stage="runtime_build"
2026-09-09T18:17:19.704547Z DEBUG transparent_shard_server::runtime: runtime stage key=("95df7205357fe2d9c962d2b41daded841e05afa7b6fc8d06dfec46ad04e15335", Pages, 0) seconds=0.684828831 stage="disk_save"
2026-09-09T18:17:19.704664Z DEBUG transparent_shard_server::runtime: runtime stage key=("b16be2933ab920bc4745ea8917e5167a7a685c211e0b4febe88b4d3018f970bc", Pages, 0) seconds=1.234e-6 stage="restore_slot"
2026-09-09T18:17:19.704789Z DEBUG transparent_shard_server::runtime: runtime stage key=("73d46a59d0d03d7616f9a47e53b50448d4c5a3504e6e296600d8884c8c4403b8", Directory, 0) seconds=10.871481936 stage="build_slot"
2026-09-09T18:17:19.704828Z DEBUG transparent_shard_server::memory: cold build admission wait seconds=2.9694e-5 admitted=true
2026-09-09T18:17:19.704856Z DEBUG transparent_shard_server::runtime: runtime stage key=("b16be2933ab920bc4745ea8917e5167a7a685c211e0b4febe88b4d3018f970bc", Pages, 0) seconds=3.837e-5 hit=false stage="disk_restore"
2026-09-09T18:17:19.825564Z DEBUG transparent_shard_server::runtime: runtime stage key=("73d46a59d0d03d7616f9a47e53b50448d4c5a3504e6e296600d8884c8c4403b8", Directory, 0) seconds=0.120709212 stage="source_load"
2026-09-09T18:17:20.126299Z DEBUG transparent_shard_server::runtime: construction stage geometry="recent-8k" table="directory" seconds=0.30068765 stage="encode_database"
2026-09-09T18:17:20.126410Z DEBUG transparent_shard_server::runtime: construction stage geometry="recent-8k" table="directory" seconds=7.1238e-5 stage="public_setup"
2026-09-09T18:17:20.637773Z DEBUG transparent_shard_server::runtime: construction stage geometry="recent-8k" table="directory" seconds=0.511356218 stage="hint_columns"
2026-09-09T18:17:22.574014Z DEBUG transparent_shard_server::runtime: construction stage geometry="recent-8k" table="directory" seconds=1.936183647 stage="pack_preprocessing"
2026-09-09T18:17:22.574340Z DEBUG transparent_shard_server::runtime: construction stage geometry="recent-8k" table="directory" seconds=0.000279881 stage="publish_parameters"
2026-09-09T18:17:22.575084Z DEBUG transparent_shard_server::runtime: runtime stage key=("73d46a59d0d03d7616f9a47e53b50448d4c5a3504e6e296600d8884c8c4403b8", Directory, 0) seconds=2.7494748700000002 stage="runtime_build"
2026-09-09T18:17:23.308009Z DEBUG transparent_shard_server::runtime: runtime stage key=("73d46a59d0d03d7616f9a47e53b50448d4c5a3504e6e296600d8884c8c4403b8", Directory, 0) seconds=0.732905391 stage="disk_save"
2026-09-09T18:17:23.308149Z DEBUG transparent_shard_server::runtime: runtime stage key=("16b8227360ce35dd2e111156f5e31fd5eb500ff877879a212fef6cf8471de8a5", Directory, 0) seconds=1.643e-6 stage="restore_slot"
2026-09-09T18:17:23.308282Z DEBUG transparent_shard_server::runtime: runtime stage key=("73d46a59d0d03d7616f9a47e53b50448d4c5a3504e6e296600d8884c8c4403b8", Pages, 0) seconds=10.853256937 stage="build_slot"
2026-09-09T18:17:23.308315Z DEBUG transparent_shard_server::memory: cold build admission wait seconds=2.4591e-5 admitted=true
2026-09-09T18:17:23.308335Z DEBUG transparent_shard_server::runtime: runtime stage key=("16b8227360ce35dd2e111156f5e31fd5eb500ff877879a212fef6cf8471de8a5", Directory, 0) seconds=3.7805e-5 hit=false stage="disk_restore"
2026-09-09T18:17:23.429929Z DEBUG transparent_shard_server::runtime: runtime stage key=("73d46a59d0d03d7616f9a47e53b50448d4c5a3504e6e296600d8884c8c4403b8", Pages, 0) seconds=0.121573704 stage="source_load"
2026-09-09T18:17:23.720582Z DEBUG transparent_shard_server::runtime: construction stage geometry="recent-8k" table="pages" seconds=0.290597955 stage="encode_database"
2026-09-09T18:17:23.720715Z DEBUG transparent_shard_server::runtime: construction stage geometry="recent-8k" table="pages" seconds=8.7938e-5 stage="public_setup"
2026-09-09T18:17:24.298737Z DEBUG transparent_shard_server::runtime: construction stage geometry="recent-8k" table="pages" seconds=0.578013097 stage="hint_columns"
2026-09-09T18:17:26.242881Z DEBUG transparent_shard_server::runtime: construction stage geometry="recent-8k" table="pages" seconds=1.944088864 stage="pack_preprocessing"
2026-09-09T18:17:26.243191Z DEBUG transparent_shard_server::runtime: construction stage geometry="recent-8k" table="pages" seconds=0.00027104 stage="publish_parameters"
2026-09-09T18:17:26.243893Z DEBUG transparent_shard_server::runtime: runtime stage key=("73d46a59d0d03d7616f9a47e53b50448d4c5a3504e6e296600d8884c8c4403b8", Pages, 0) seconds=2.813911628 stage="runtime_build"
2026-09-09T18:17:26.939953Z DEBUG transparent_shard_server::runtime: runtime stage key=("73d46a59d0d03d7616f9a47e53b50448d4c5a3504e6e296600d8884c8c4403b8", Pages, 0) seconds=0.696044472 stage="disk_save"
2026-09-09T18:17:26.940081Z DEBUG transparent_shard_server::runtime: runtime stage key=("16b8227360ce35dd2e111156f5e31fd5eb500ff877879a212fef6cf8471de8a5", Pages, 0) seconds=1.211e-6 stage="restore_slot"
2026-09-09T18:17:26.940218Z DEBUG transparent_shard_server::runtime: runtime stage key=("b16be2933ab920bc4745ea8917e5167a7a685c211e0b4febe88b4d3018f970bc", Directory, 0) seconds=10.877493147 stage="build_slot"
2026-09-09T18:17:26.940253Z DEBUG transparent_shard_server::memory: cold build admission wait seconds=2.4175e-5 admitted=true
2026-09-09T18:17:26.940279Z DEBUG transparent_shard_server::runtime: runtime stage key=("16b8227360ce35dd2e111156f5e31fd5eb500ff877879a212fef6cf8471de8a5", Pages, 0) seconds=5.175e-5 hit=false stage="disk_restore"
2026-09-09T18:17:27.062955Z DEBUG transparent_shard_server::runtime: runtime stage key=("b16be2933ab920bc4745ea8917e5167a7a685c211e0b4febe88b4d3018f970bc", Directory, 0) seconds=0.122670082 stage="source_load"
2026-09-09T18:17:27.352344Z DEBUG transparent_shard_server::runtime: construction stage geometry="recent-8k" table="directory" seconds=0.289325887 stage="encode_database"
2026-09-09T18:17:27.352475Z DEBUG transparent_shard_server::runtime: construction stage geometry="recent-8k" table="directory" seconds=7.2073e-5 stage="public_setup"
2026-09-09T18:17:27.868221Z DEBUG transparent_shard_server::runtime: construction stage geometry="recent-8k" table="directory" seconds=0.515740066 stage="hint_columns"
2026-09-09T18:17:29.845868Z DEBUG transparent_shard_server::runtime: construction stage geometry="recent-8k" table="directory" seconds=1.97760625 stage="pack_preprocessing"
2026-09-09T18:17:29.846186Z DEBUG transparent_shard_server::runtime: construction stage geometry="recent-8k" table="directory" seconds=0.000271351 stage="publish_parameters"
2026-09-09T18:17:29.846889Z DEBUG transparent_shard_server::runtime: runtime stage key=("b16be2933ab920bc4745ea8917e5167a7a685c211e0b4febe88b4d3018f970bc", Directory, 0) seconds=2.7838723119999997 stage="runtime_build"
2026-09-09T18:17:30.540271Z DEBUG transparent_shard_server::runtime: runtime stage key=("b16be2933ab920bc4745ea8917e5167a7a685c211e0b4febe88b4d3018f970bc", Directory, 0) seconds=0.693366842 stage="disk_save"
2026-09-09T18:17:30.540418Z DEBUG transparent_shard_server::runtime: runtime stage key=("1cd27964911287b2a127c1f8df5e6b0c19f5b4db309391c5adb2db3072bfec6e", Directory, 0) seconds=1.108e-6 stage="restore_slot"
2026-09-09T18:17:30.540535Z DEBUG transparent_shard_server::runtime: runtime stage key=("b16be2933ab920bc4745ea8917e5167a7a685c211e0b4febe88b4d3018f970bc", Pages, 0) seconds=10.835642057 stage="build_slot"
2026-09-09T18:17:30.540570Z DEBUG transparent_shard_server::memory: cold build admission wait seconds=2.6493e-5 admitted=true
2026-09-09T18:17:30.540604Z DEBUG transparent_shard_server::runtime: runtime stage key=("1cd27964911287b2a127c1f8df5e6b0c19f5b4db309391c5adb2db3072bfec6e", Directory, 0) seconds=4.1811e-5 hit=false stage="disk_restore"
2026-09-09T18:17:30.662752Z DEBUG transparent_shard_server::runtime: runtime stage key=("b16be2933ab920bc4745ea8917e5167a7a685c211e0b4febe88b4d3018f970bc", Pages, 0) seconds=0.122157285 stage="source_load"
2026-09-09T18:17:30.965531Z DEBUG transparent_shard_server::runtime: construction stage geometry="recent-8k" table="pages" seconds=0.302726329 stage="encode_database"
2026-09-09T18:17:30.965649Z DEBUG transparent_shard_server::runtime: construction stage geometry="recent-8k" table="pages" seconds=7.5145e-5 stage="public_setup"
2026-09-09T18:17:31.524812Z DEBUG transparent_shard_server::runtime: construction stage geometry="recent-8k" table="pages" seconds=0.559156039 stage="hint_columns"
2026-09-09T18:17:33.481321Z DEBUG transparent_shard_server::runtime: construction stage geometry="recent-8k" table="pages" seconds=1.9564655869999998 stage="pack_preprocessing"
2026-09-09T18:17:33.481631Z DEBUG transparent_shard_server::runtime: construction stage geometry="recent-8k" table="pages" seconds=0.000266569 stage="publish_parameters"
2026-09-09T18:17:33.482445Z DEBUG transparent_shard_server::runtime: runtime stage key=("b16be2933ab920bc4745ea8917e5167a7a685c211e0b4febe88b4d3018f970bc", Pages, 0) seconds=2.8196414279999997 stage="runtime_build"
2026-09-09T18:17:34.163540Z DEBUG transparent_shard_server::runtime: runtime stage key=("b16be2933ab920bc4745ea8917e5167a7a685c211e0b4febe88b4d3018f970bc", Pages, 0) seconds=0.681069952 stage="disk_save"
2026-09-09T18:17:34.163728Z DEBUG transparent_shard_server::runtime: runtime stage key=("1cd27964911287b2a127c1f8df5e6b0c19f5b4db309391c5adb2db3072bfec6e", Pages, 0) seconds=1.065e-6 stage="restore_slot"
2026-09-09T18:17:34.163840Z DEBUG transparent_shard_server::runtime: runtime stage key=("16b8227360ce35dd2e111156f5e31fd5eb500ff877879a212fef6cf8471de8a5", Directory, 0) seconds=10.855465265 stage="build_slot"
2026-09-09T18:17:34.163876Z DEBUG transparent_shard_server::memory: cold build admission wait seconds=2.5661e-5 admitted=true
2026-09-09T18:17:34.163897Z DEBUG transparent_shard_server::runtime: runtime stage key=("1cd27964911287b2a127c1f8df5e6b0c19f5b4db309391c5adb2db3072bfec6e", Pages, 0) seconds=3.9968e-5 hit=false stage="disk_restore"
2026-09-09T18:17:34.286606Z DEBUG transparent_shard_server::runtime: runtime stage key=("16b8227360ce35dd2e111156f5e31fd5eb500ff877879a212fef6cf8471de8a5", Directory, 0) seconds=0.122679412 stage="source_load"
2026-09-09T18:17:34.578107Z DEBUG transparent_shard_server::runtime: construction stage geometry="recent-8k" table="directory" seconds=0.29144931 stage="encode_database"
2026-09-09T18:17:34.578260Z DEBUG transparent_shard_server::runtime: construction stage geometry="recent-8k" table="directory" seconds=0.000108639 stage="public_setup"
2026-09-09T18:17:35.102401Z DEBUG transparent_shard_server::runtime: construction stage geometry="recent-8k" table="directory" seconds=0.52412111 stage="hint_columns"
2026-09-09T18:17:37.082625Z DEBUG transparent_shard_server::runtime: construction stage geometry="recent-8k" table="directory" seconds=1.980173964 stage="pack_preprocessing"
2026-09-09T18:17:37.082936Z DEBUG transparent_shard_server::runtime: construction stage geometry="recent-8k" table="directory" seconds=0.000267407 stage="publish_parameters"
2026-09-09T18:17:37.083817Z DEBUG transparent_shard_server::runtime: runtime stage key=("16b8227360ce35dd2e111156f5e31fd5eb500ff877879a212fef6cf8471de8a5", Directory, 0) seconds=2.797161401 stage="runtime_build"
2026-09-09T18:17:37.776225Z DEBUG transparent_shard_server::runtime: runtime stage key=("16b8227360ce35dd2e111156f5e31fd5eb500ff877879a212fef6cf8471de8a5", Directory, 0) seconds=0.69238661 stage="disk_save"
2026-09-09T18:17:37.776426Z DEBUG transparent_shard_server::runtime: runtime stage key=("27f56c565263ecffb8c7736d4e811665d81bf4ed71c7978431fcc4f45b645ee1", Directory, 0) seconds=1.185e-6 stage="restore_slot"
2026-09-09T18:17:37.776548Z DEBUG transparent_shard_server::runtime: runtime stage key=("16b8227360ce35dd2e111156f5e31fd5eb500ff877879a212fef6cf8471de8a5", Pages, 0) seconds=10.836220882 stage="build_slot"
2026-09-09T18:17:37.776586Z DEBUG transparent_shard_server::memory: cold build admission wait seconds=2.877e-5 admitted=true
2026-09-09T18:17:37.776588Z DEBUG transparent_shard_server::runtime: runtime stage key=("27f56c565263ecffb8c7736d4e811665d81bf4ed71c7978431fcc4f45b645ee1", Directory, 0) seconds=4.0813e-5 hit=false stage="disk_restore"
2026-09-09T18:17:37.898734Z DEBUG transparent_shard_server::runtime: runtime stage key=("16b8227360ce35dd2e111156f5e31fd5eb500ff877879a212fef6cf8471de8a5", Pages, 0) seconds=0.12211037 stage="source_load"
2026-09-09T18:17:38.195449Z DEBUG transparent_shard_server::runtime: construction stage geometry="recent-8k" table="pages" seconds=0.296663904 stage="encode_database"
2026-09-09T18:17:38.195561Z DEBUG transparent_shard_server::runtime: construction stage geometry="recent-8k" table="pages" seconds=7.1064e-5 stage="public_setup"
2026-09-09T18:17:38.770807Z DEBUG transparent_shard_server::runtime: construction stage geometry="recent-8k" table="pages" seconds=0.575234843 stage="hint_columns"
2026-09-09T18:17:40.728544Z DEBUG transparent_shard_server::runtime: construction stage geometry="recent-8k" table="pages" seconds=1.9576893050000002 stage="pack_preprocessing"
2026-09-09T18:17:40.728886Z DEBUG transparent_shard_server::runtime: construction stage geometry="recent-8k" table="pages" seconds=0.000299539 stage="publish_parameters"
2026-09-09T18:17:40.730032Z DEBUG transparent_shard_server::runtime: runtime stage key=("16b8227360ce35dd2e111156f5e31fd5eb500ff877879a212fef6cf8471de8a5", Pages, 0) seconds=2.831248256 stage="runtime_build"
2026-09-09T18:17:41.499211Z DEBUG transparent_shard_server::runtime: runtime stage key=("16b8227360ce35dd2e111156f5e31fd5eb500ff877879a212fef6cf8471de8a5", Pages, 0) seconds=0.769147043 stage="disk_save"
2026-09-09T18:17:41.499404Z DEBUG transparent_shard_server::runtime: runtime stage key=("27f56c565263ecffb8c7736d4e811665d81bf4ed71c7978431fcc4f45b645ee1", Pages, 0) seconds=1.083e-6 stage="restore_slot"
2026-09-09T18:17:41.499525Z DEBUG transparent_shard_server::runtime: runtime stage key=("1cd27964911287b2a127c1f8df5e6b0c19f5b4db309391c5adb2db3072bfec6e", Directory, 0) seconds=10.958878365 stage="build_slot"
2026-09-09T18:17:41.499578Z DEBUG transparent_shard_server::memory: cold build admission wait seconds=3.0902e-5 admitted=true
2026-09-09T18:17:41.499597Z DEBUG transparent_shard_server::runtime: runtime stage key=("27f56c565263ecffb8c7736d4e811665d81bf4ed71c7978431fcc4f45b645ee1", Pages, 0) seconds=4.2365e-5 hit=false stage="disk_restore"
2026-09-09T18:17:41.622360Z DEBUG transparent_shard_server::runtime: runtime stage key=("1cd27964911287b2a127c1f8df5e6b0c19f5b4db309391c5adb2db3072bfec6e", Directory, 0) seconds=0.122747459 stage="source_load"
2026-09-09T18:17:41.923073Z DEBUG transparent_shard_server::runtime: construction stage geometry="recent-8k" table="directory" seconds=0.300662512 stage="encode_database"
2026-09-09T18:17:41.923201Z DEBUG transparent_shard_server::runtime: construction stage geometry="recent-8k" table="directory" seconds=8.5104e-5 stage="public_setup"
2026-09-09T18:17:42.438120Z DEBUG transparent_shard_server::runtime: construction stage geometry="recent-8k" table="directory" seconds=0.5149108 stage="hint_columns"
2026-09-09T18:17:44.451705Z DEBUG transparent_shard_server::runtime: construction stage geometry="recent-8k" table="directory" seconds=2.013532596 stage="pack_preprocessing"
2026-09-09T18:17:44.452013Z DEBUG transparent_shard_server::runtime: construction stage geometry="recent-8k" table="directory" seconds=0.000264344 stage="publish_parameters"
2026-09-09T18:17:44.452861Z DEBUG transparent_shard_server::runtime: runtime stage key=("1cd27964911287b2a127c1f8df5e6b0c19f5b4db309391c5adb2db3072bfec6e", Directory, 0) seconds=2.830452897 stage="runtime_build"
2026-09-09T18:17:45.140730Z DEBUG transparent_shard_server::runtime: runtime stage key=("1cd27964911287b2a127c1f8df5e6b0c19f5b4db309391c5adb2db3072bfec6e", Directory, 0) seconds=0.687843538 stage="disk_save"
2026-09-09T18:17:45.140867Z DEBUG transparent_shard_server::runtime: runtime stage key=("ced665ae1f1140944bcd0c9aa2b83c1019df768df87fa513f9509106fc5b88c1", Directory, 0) seconds=1.104e-6 stage="restore_slot"
2026-09-09T18:17:45.140980Z DEBUG transparent_shard_server::runtime: runtime stage key=("1cd27964911287b2a127c1f8df5e6b0c19f5b4db309391c5adb2db3072bfec6e", Pages, 0) seconds=10.976998427 stage="build_slot"
2026-09-09T18:17:45.141012Z DEBUG transparent_shard_server::memory: cold build admission wait seconds=2.5062e-5 admitted=true
2026-09-09T18:17:45.141023Z DEBUG transparent_shard_server::runtime: runtime stage key=("ced665ae1f1140944bcd0c9aa2b83c1019df768df87fa513f9509106fc5b88c1", Directory, 0) seconds=4.1537e-5 hit=false stage="disk_restore"
2026-09-09T18:17:45.265474Z DEBUG transparent_shard_server::runtime: runtime stage key=("1cd27964911287b2a127c1f8df5e6b0c19f5b4db309391c5adb2db3072bfec6e", Pages, 0) seconds=0.124427295 stage="source_load"
2026-09-09T18:17:45.568044Z DEBUG transparent_shard_server::runtime: construction stage geometry="recent-8k" table="pages" seconds=0.302520171 stage="encode_database"
2026-09-09T18:17:45.568172Z DEBUG transparent_shard_server::runtime: construction stage geometry="recent-8k" table="pages" seconds=8.3476e-5 stage="public_setup"
test burst::publication_burst_under_exact_load has been running for over 60 seconds
2026-09-09T18:17:46.127865Z DEBUG transparent_shard_server::runtime: construction stage geometry="recent-8k" table="pages" seconds=0.559684493 stage="hint_columns"
2026-09-09T18:17:48.107974Z DEBUG transparent_shard_server::runtime: construction stage geometry="recent-8k" table="pages" seconds=1.9800603350000001 stage="pack_preprocessing"
2026-09-09T18:17:48.108294Z DEBUG transparent_shard_server::runtime: construction stage geometry="recent-8k" table="pages" seconds=0.000279107 stage="publish_parameters"
2026-09-09T18:17:48.109075Z DEBUG transparent_shard_server::runtime: runtime stage key=("1cd27964911287b2a127c1f8df5e6b0c19f5b4db309391c5adb2db3072bfec6e", Pages, 0) seconds=2.8435537010000003 stage="runtime_build"
2026-09-09T18:17:48.799956Z DEBUG transparent_shard_server::runtime: runtime stage key=("1cd27964911287b2a127c1f8df5e6b0c19f5b4db309391c5adb2db3072bfec6e", Pages, 0) seconds=0.690847878 stage="disk_save"
2026-09-09T18:17:48.800075Z DEBUG transparent_shard_server::runtime: runtime stage key=("ced665ae1f1140944bcd0c9aa2b83c1019df768df87fa513f9509106fc5b88c1", Pages, 0) seconds=1.255e-6 stage="restore_slot"
2026-09-09T18:17:48.800195Z DEBUG transparent_shard_server::runtime: runtime stage key=("27f56c565263ecffb8c7736d4e811665d81bf4ed71c7978431fcc4f45b645ee1", Directory, 0) seconds=11.023558521 stage="build_slot"
2026-09-09T18:17:48.800249Z DEBUG transparent_shard_server::memory: cold build admission wait seconds=3.7506e-5 admitted=true
2026-09-09T18:17:48.800381Z DEBUG transparent_shard_server::runtime: runtime stage key=("ced665ae1f1140944bcd0c9aa2b83c1019df768df87fa513f9509106fc5b88c1", Pages, 0) seconds=5.2953e-5 hit=false stage="disk_restore"
2026-09-09T18:17:48.928943Z DEBUG transparent_shard_server::runtime: runtime stage key=("27f56c565263ecffb8c7736d4e811665d81bf4ed71c7978431fcc4f45b645ee1", Directory, 0) seconds=0.128654435 stage="source_load"
2026-09-09T18:17:49.238683Z DEBUG transparent_shard_server::runtime: construction stage geometry="recent-8k" table="directory" seconds=0.309689318 stage="encode_database"
2026-09-09T18:17:49.238812Z DEBUG transparent_shard_server::runtime: construction stage geometry="recent-8k" table="directory" seconds=7.0951e-5 stage="public_setup"
2026-09-09T18:17:49.779506Z DEBUG transparent_shard_server::runtime: construction stage geometry="recent-8k" table="directory" seconds=0.540686299 stage="hint_columns"
2026-09-09T18:17:51.721412Z DEBUG transparent_shard_server::runtime: construction stage geometry="recent-8k" table="directory" seconds=1.941863023 stage="pack_preprocessing"
2026-09-09T18:17:51.721714Z DEBUG transparent_shard_server::runtime: construction stage geometry="recent-8k" table="directory" seconds=0.000262349 stage="publish_parameters"
2026-09-09T18:17:51.722521Z DEBUG transparent_shard_server::runtime: runtime stage key=("27f56c565263ecffb8c7736d4e811665d81bf4ed71c7978431fcc4f45b645ee1", Directory, 0) seconds=2.7935301299999997 stage="runtime_build"
2026-09-09T18:17:52.389759Z DEBUG transparent_shard_server::runtime: runtime stage key=("27f56c565263ecffb8c7736d4e811665d81bf4ed71c7978431fcc4f45b645ee1", Directory, 0) seconds=0.667218639 stage="disk_save"
2026-09-09T18:17:52.389889Z DEBUG transparent_shard_server::runtime: runtime stage key=("2d4497bf9e8bafc6139ee4e57114238a7ecfa0782702939922bf2a79b1fe05bf", Directory, 0) seconds=1.241e-6 stage="restore_slot"
2026-09-09T18:17:52.389998Z DEBUG transparent_shard_server::runtime: runtime stage key=("27f56c565263ecffb8c7736d4e811665d81bf4ed71c7978431fcc4f45b645ee1", Pages, 0) seconds=10.890361483 stage="build_slot"
2026-09-09T18:17:52.390029Z DEBUG transparent_shard_server::memory: cold build admission wait seconds=2.2719e-5 admitted=true
2026-09-09T18:17:52.390121Z DEBUG transparent_shard_server::runtime: runtime stage key=("2d4497bf9e8bafc6139ee4e57114238a7ecfa0782702939922bf2a79b1fe05bf", Directory, 0) seconds=5.6444e-5 hit=false stage="disk_restore"
2026-09-09T18:17:52.509783Z DEBUG transparent_shard_server::runtime: runtime stage key=("27f56c565263ecffb8c7736d4e811665d81bf4ed71c7978431fcc4f45b645ee1", Pages, 0) seconds=0.119635307 stage="source_load"
2026-09-09T18:17:52.808829Z DEBUG transparent_shard_server::runtime: construction stage geometry="recent-8k" table="pages" seconds=0.299002727 stage="encode_database"
2026-09-09T18:17:52.808944Z DEBUG transparent_shard_server::runtime: construction stage geometry="recent-8k" table="pages" seconds=7.3328e-5 stage="public_setup"
2026-09-09T18:17:53.369039Z DEBUG transparent_shard_server::runtime: construction stage geometry="recent-8k" table="pages" seconds=0.560087919 stage="hint_columns"
2026-09-09T18:17:55.301438Z DEBUG transparent_shard_server::runtime: construction stage geometry="recent-8k" table="pages" seconds=1.932358684 stage="pack_preprocessing"
2026-09-09T18:17:55.301744Z DEBUG transparent_shard_server::runtime: construction stage geometry="recent-8k" table="pages" seconds=0.000262065 stage="publish_parameters"
2026-09-09T18:17:55.302583Z DEBUG transparent_shard_server::runtime: runtime stage key=("27f56c565263ecffb8c7736d4e811665d81bf4ed71c7978431fcc4f45b645ee1", Pages, 0) seconds=2.79275825 stage="runtime_build"
2026-09-09T18:17:55.978944Z DEBUG transparent_shard_server::runtime: runtime stage key=("27f56c565263ecffb8c7736d4e811665d81bf4ed71c7978431fcc4f45b645ee1", Pages, 0) seconds=0.676339084 stage="disk_save"
2026-09-09T18:17:55.979034Z DEBUG transparent_shard_server::runtime: runtime stage key=("ced665ae1f1140944bcd0c9aa2b83c1019df768df87fa513f9509106fc5b88c1", Directory, 0) seconds=10.837971683 stage="build_slot"
2026-09-09T18:17:55.979138Z DEBUG transparent_shard_server::memory: cold build admission wait seconds=8.3425e-5 admitted=true
2026-09-09T18:17:55.979173Z DEBUG transparent_shard_server::runtime: runtime stage key=("2d4497bf9e8bafc6139ee4e57114238a7ecfa0782702939922bf2a79b1fe05bf", Pages, 0) seconds=5.94e-7 stage="restore_slot"
2026-09-09T18:17:55.979318Z DEBUG transparent_shard_server::runtime: runtime stage key=("2d4497bf9e8bafc6139ee4e57114238a7ecfa0782702939922bf2a79b1fe05bf", Pages, 0) seconds=3.7508e-5 hit=false stage="disk_restore"
2026-09-09T18:17:56.100858Z DEBUG transparent_shard_server::runtime: runtime stage key=("ced665ae1f1140944bcd0c9aa2b83c1019df768df87fa513f9509106fc5b88c1", Directory, 0) seconds=0.121671153 stage="source_load"
2026-09-09T18:17:56.398987Z DEBUG transparent_shard_server::runtime: construction stage geometry="recent-8k" table="directory" seconds=0.298086315 stage="encode_database"
2026-09-09T18:17:56.399098Z DEBUG transparent_shard_server::runtime: construction stage geometry="recent-8k" table="directory" seconds=7.0516e-5 stage="public_setup"
2026-09-09T18:17:56.924836Z DEBUG transparent_shard_server::runtime: construction stage geometry="recent-8k" table="directory" seconds=0.525732627 stage="hint_columns"
2026-09-09T18:17:58.870642Z DEBUG transparent_shard_server::runtime: construction stage geometry="recent-8k" table="directory" seconds=1.94557313 stage="pack_preprocessing"
2026-09-09T18:17:58.870929Z DEBUG transparent_shard_server::runtime: construction stage geometry="recent-8k" table="directory" seconds=0.00024772 stage="publish_parameters"
2026-09-09T18:17:58.871686Z DEBUG transparent_shard_server::runtime: runtime stage key=("ced665ae1f1140944bcd0c9aa2b83c1019df768df87fa513f9509106fc5b88c1", Directory, 0) seconds=2.770787907 stage="runtime_build"
2026-09-09T18:17:59.566918Z DEBUG transparent_shard_server::runtime: runtime stage key=("ced665ae1f1140944bcd0c9aa2b83c1019df768df87fa513f9509106fc5b88c1", Directory, 0) seconds=0.695209234 stage="disk_save"
2026-09-09T18:17:59.567011Z DEBUG transparent_shard_server::runtime: runtime stage key=("ced665ae1f1140944bcd0c9aa2b83c1019df768df87fa513f9509106fc5b88c1", Pages, 0) seconds=10.766575112 stage="build_slot"
2026-09-09T18:17:59.567057Z DEBUG transparent_shard_server::runtime: runtime stage key=("a4bd72b37c0aafb265c77bb09cbc402cf69b65a87a1fabc8a0f12614b35469be", Directory, 0) seconds=7.69e-7 stage="restore_slot"
2026-09-09T18:17:59.567095Z DEBUG transparent_shard_server::memory: cold build admission wait seconds=6.3198e-5 admitted=true
2026-09-09T18:17:59.567211Z DEBUG transparent_shard_server::runtime: runtime stage key=("a4bd72b37c0aafb265c77bb09cbc402cf69b65a87a1fabc8a0f12614b35469be", Directory, 0) seconds=3.5764e-5 hit=false stage="disk_restore"
2026-09-09T18:17:59.687324Z DEBUG transparent_shard_server::runtime: runtime stage key=("ced665ae1f1140944bcd0c9aa2b83c1019df768df87fa513f9509106fc5b88c1", Pages, 0) seconds=0.120205851 stage="source_load"
2026-09-09T18:17:59.989568Z DEBUG transparent_shard_server::runtime: construction stage geometry="recent-8k" table="pages" seconds=0.302203104 stage="encode_database"
2026-09-09T18:17:59.989683Z DEBUG transparent_shard_server::runtime: construction stage geometry="recent-8k" table="pages" seconds=7.917e-5 stage="public_setup"
2026-09-09T18:18:00.567755Z DEBUG transparent_shard_server::runtime: construction stage geometry="recent-8k" table="pages" seconds=0.578051822 stage="hint_columns"
2026-09-09T18:18:02.548172Z DEBUG transparent_shard_server::runtime: construction stage geometry="recent-8k" table="pages" seconds=1.980374007 stage="pack_preprocessing"
2026-09-09T18:18:02.548465Z DEBUG transparent_shard_server::runtime: construction stage geometry="recent-8k" table="pages" seconds=0.000261495 stage="publish_parameters"
2026-09-09T18:18:02.549222Z DEBUG transparent_shard_server::runtime: runtime stage key=("ced665ae1f1140944bcd0c9aa2b83c1019df768df87fa513f9509106fc5b88c1", Pages, 0) seconds=2.861859033 stage="runtime_build"
2026-09-09T18:18:03.267124Z DEBUG transparent_shard_server::runtime: runtime stage key=("ced665ae1f1140944bcd0c9aa2b83c1019df768df87fa513f9509106fc5b88c1", Pages, 0) seconds=0.717882074 stage="disk_save"
2026-09-09T18:18:03.267278Z DEBUG transparent_shard_server::runtime: runtime stage key=("a4bd72b37c0aafb265c77bb09cbc402cf69b65a87a1fabc8a0f12614b35469be", Pages, 0) seconds=1.222e-6 stage="restore_slot"
2026-09-09T18:18:03.267398Z DEBUG transparent_shard_server::runtime: runtime stage key=("2d4497bf9e8bafc6139ee4e57114238a7ecfa0782702939922bf2a79b1fe05bf", Directory, 0) seconds=10.877229398 stage="build_slot"
2026-09-09T18:18:03.267430Z DEBUG transparent_shard_server::memory: cold build admission wait seconds=2.4646e-5 admitted=true
2026-09-09T18:18:03.267449Z DEBUG transparent_shard_server::runtime: runtime stage key=("a4bd72b37c0aafb265c77bb09cbc402cf69b65a87a1fabc8a0f12614b35469be", Pages, 0) seconds=4.0132e-5 hit=false stage="disk_restore"
2026-09-09T18:18:03.393873Z DEBUG transparent_shard_server::runtime: runtime stage key=("2d4497bf9e8bafc6139ee4e57114238a7ecfa0782702939922bf2a79b1fe05bf", Directory, 0) seconds=0.12639991 stage="source_load"
2026-09-09T18:18:03.704205Z DEBUG transparent_shard_server::runtime: construction stage geometry="recent-8k" table="directory" seconds=0.310284265 stage="encode_database"
2026-09-09T18:18:03.704322Z DEBUG transparent_shard_server::runtime: construction stage geometry="recent-8k" table="directory" seconds=7.5148e-5 stage="public_setup"
2026-09-09T18:18:04.256414Z DEBUG transparent_shard_server::runtime: construction stage geometry="recent-8k" table="directory" seconds=0.552085025 stage="hint_columns"
2026-09-09T18:18:06.247422Z DEBUG transparent_shard_server::runtime: construction stage geometry="recent-8k" table="directory" seconds=1.990959312 stage="pack_preprocessing"
2026-09-09T18:18:06.247774Z DEBUG transparent_shard_server::runtime: construction stage geometry="recent-8k" table="directory" seconds=0.000309135 stage="publish_parameters"
2026-09-09T18:18:06.248648Z DEBUG transparent_shard_server::runtime: runtime stage key=("2d4497bf9e8bafc6139ee4e57114238a7ecfa0782702939922bf2a79b1fe05bf", Directory, 0) seconds=2.854728302 stage="runtime_build"
2026-09-09T18:18:06.969082Z DEBUG transparent_shard_server::runtime: runtime stage key=("2d4497bf9e8bafc6139ee4e57114238a7ecfa0782702939922bf2a79b1fe05bf", Directory, 0) seconds=0.7204007 stage="disk_save"
2026-09-09T18:18:06.969226Z DEBUG transparent_shard_server::runtime: runtime stage key=("c907a0aa45b2551520863990845279fd25135889865e088c2dad6ea0d32b8fde", Directory, 0) seconds=1.282e-6 stage="restore_slot"
2026-09-09T18:18:06.969342Z DEBUG transparent_shard_server::runtime: runtime stage key=("2d4497bf9e8bafc6139ee4e57114238a7ecfa0782702939922bf2a79b1fe05bf", Pages, 0) seconds=10.989984985 stage="build_slot"
2026-09-09T18:18:06.969374Z DEBUG transparent_shard_server::memory: cold build admission wait seconds=2.5743e-5 admitted=true
2026-09-09T18:18:06.969386Z DEBUG transparent_shard_server::runtime: runtime stage key=("c907a0aa45b2551520863990845279fd25135889865e088c2dad6ea0d32b8fde", Directory, 0) seconds=4.22e-5 hit=false stage="disk_restore"
2026-09-09T18:18:07.092637Z DEBUG transparent_shard_server::runtime: runtime stage key=("2d4497bf9e8bafc6139ee4e57114238a7ecfa0782702939922bf2a79b1fe05bf", Pages, 0) seconds=0.123226488 stage="source_load"
2026-09-09T18:18:07.402429Z DEBUG transparent_shard_server::runtime: construction stage geometry="recent-8k" table="pages" seconds=0.309718763 stage="encode_database"
2026-09-09T18:18:07.402539Z DEBUG transparent_shard_server::runtime: construction stage geometry="recent-8k" table="pages" seconds=7.0018e-5 stage="public_setup"
2026-09-09T18:18:07.967268Z DEBUG transparent_shard_server::runtime: construction stage geometry="recent-8k" table="pages" seconds=0.564721512 stage="hint_columns"
2026-09-09T18:18:09.971257Z DEBUG transparent_shard_server::runtime: construction stage geometry="recent-8k" table="pages" seconds=2.003941569 stage="pack_preprocessing"
2026-09-09T18:18:09.971580Z DEBUG transparent_shard_server::runtime: construction stage geometry="recent-8k" table="pages" seconds=0.000279535 stage="publish_parameters"
2026-09-09T18:18:09.972431Z DEBUG transparent_shard_server::runtime: runtime stage key=("2d4497bf9e8bafc6139ee4e57114238a7ecfa0782702939922bf2a79b1fe05bf", Pages, 0) seconds=2.879723014 stage="runtime_build"
2026-09-09T18:18:10.692130Z DEBUG transparent_shard_server::runtime: runtime stage key=("2d4497bf9e8bafc6139ee4e57114238a7ecfa0782702939922bf2a79b1fe05bf", Pages, 0) seconds=0.719676947 stage="disk_save"
2026-09-09T18:18:10.692285Z DEBUG transparent_shard_server::runtime: runtime stage key=("c907a0aa45b2551520863990845279fd25135889865e088c2dad6ea0d32b8fde", Pages, 0) seconds=1.211e-6 stage="restore_slot"
2026-09-09T18:18:10.692410Z DEBUG transparent_shard_server::runtime: runtime stage key=("a4bd72b37c0aafb265c77bb09cbc402cf69b65a87a1fabc8a0f12614b35469be", Directory, 0) seconds=11.125154141 stage="build_slot"
2026-09-09T18:18:10.692443Z DEBUG transparent_shard_server::memory: cold build admission wait seconds=2.5873e-5 admitted=true
2026-09-09T18:18:10.692571Z DEBUG transparent_shard_server::runtime: runtime stage key=("c907a0aa45b2551520863990845279fd25135889865e088c2dad6ea0d32b8fde", Pages, 0) seconds=0.00014454 hit=false stage="disk_restore"
2026-09-09T18:18:10.815656Z DEBUG transparent_shard_server::runtime: runtime stage key=("a4bd72b37c0aafb265c77bb09cbc402cf69b65a87a1fabc8a0f12614b35469be", Directory, 0) seconds=0.123163974 stage="source_load"
2026-09-09T18:18:11.123362Z DEBUG transparent_shard_server::runtime: construction stage geometry="recent-8k" table="directory" seconds=0.307657866 stage="encode_database"
2026-09-09T18:18:11.123472Z DEBUG transparent_shard_server::runtime: construction stage geometry="recent-8k" table="directory" seconds=7.6335e-5 stage="public_setup"
2026-09-09T18:18:11.673289Z DEBUG transparent_shard_server::runtime: construction stage geometry="recent-8k" table="directory" seconds=0.549810082 stage="hint_columns"
2026-09-09T18:18:13.678928Z DEBUG transparent_shard_server::runtime: construction stage geometry="recent-8k" table="directory" seconds=2.005596349 stage="pack_preprocessing"
2026-09-09T18:18:13.679267Z DEBUG transparent_shard_server::runtime: construction stage geometry="recent-8k" table="directory" seconds=0.000302256 stage="publish_parameters"
2026-09-09T18:18:13.680024Z DEBUG transparent_shard_server::runtime: runtime stage key=("a4bd72b37c0aafb265c77bb09cbc402cf69b65a87a1fabc8a0f12614b35469be", Directory, 0) seconds=2.864321273 stage="runtime_build"
2026-09-09T18:18:14.385782Z DEBUG transparent_shard_server::runtime: runtime stage key=("a4bd72b37c0aafb265c77bb09cbc402cf69b65a87a1fabc8a0f12614b35469be", Directory, 0) seconds=0.705745528 stage="disk_save"
2026-09-09T18:18:14.385901Z DEBUG transparent_shard_server::runtime: runtime stage key=("67574e8d4c7f7c258f8c7488f73e80a9476f8074c3db3540325133ff25020c2b", Directory, 0) seconds=1.48e-6 stage="restore_slot"
2026-09-09T18:18:14.386129Z DEBUG transparent_shard_server::runtime: runtime stage key=("a4bd72b37c0aafb265c77bb09cbc402cf69b65a87a1fabc8a0f12614b35469be", Pages, 0) seconds=11.118642515 stage="build_slot"
2026-09-09T18:18:14.386186Z DEBUG transparent_shard_server::runtime: runtime stage key=("67574e8d4c7f7c258f8c7488f73e80a9476f8074c3db3540325133ff25020c2b", Directory, 0) seconds=5.1572e-5 hit=false stage="disk_restore"
2026-09-09T18:18:14.386199Z DEBUG transparent_shard_server::memory: cold build admission wait seconds=6.2967e-5 admitted=true
2026-09-09T18:18:14.509841Z DEBUG transparent_shard_server::runtime: runtime stage key=("a4bd72b37c0aafb265c77bb09cbc402cf69b65a87a1fabc8a0f12614b35469be", Pages, 0) seconds=0.123575801 stage="source_load"
2026-09-09T18:18:14.815153Z DEBUG transparent_shard_server::runtime: construction stage geometry="recent-8k" table="pages" seconds=0.305266535 stage="encode_database"
2026-09-09T18:18:14.815275Z DEBUG transparent_shard_server::runtime: construction stage geometry="recent-8k" table="pages" seconds=7.4646e-5 stage="public_setup"
2026-09-09T18:18:15.374937Z DEBUG transparent_shard_server::runtime: construction stage geometry="recent-8k" table="pages" seconds=0.559654403 stage="hint_columns"
2026-09-09T18:18:17.368461Z DEBUG transparent_shard_server::runtime: construction stage geometry="recent-8k" table="pages" seconds=1.99348511 stage="pack_preprocessing"
2026-09-09T18:18:17.368778Z DEBUG transparent_shard_server::runtime: construction stage geometry="recent-8k" table="pages" seconds=0.000281591 stage="publish_parameters"
2026-09-09T18:18:17.369547Z DEBUG transparent_shard_server::runtime: runtime stage key=("a4bd72b37c0aafb265c77bb09cbc402cf69b65a87a1fabc8a0f12614b35469be", Pages, 0) seconds=2.859662753 stage="runtime_build"
2026-09-09T18:18:18.079068Z DEBUG transparent_shard_server::runtime: runtime stage key=("a4bd72b37c0aafb265c77bb09cbc402cf69b65a87a1fabc8a0f12614b35469be", Pages, 0) seconds=0.709502546 stage="disk_save"
2026-09-09T18:18:18.079190Z DEBUG transparent_shard_server::runtime: runtime stage key=("c907a0aa45b2551520863990845279fd25135889865e088c2dad6ea0d32b8fde", Directory, 0) seconds=11.10976439 stage="build_slot"
2026-09-09T18:18:18.079212Z DEBUG transparent_shard_server::runtime: runtime stage key=("67574e8d4c7f7c258f8c7488f73e80a9476f8074c3db3540325133ff25020c2b", Pages, 0) seconds=1.114e-6 stage="restore_slot"
2026-09-09T18:18:18.079280Z DEBUG transparent_shard_server::memory: cold build admission wait seconds=6.4169e-5 admitted=true
2026-09-09T18:18:18.079372Z DEBUG transparent_shard_server::runtime: runtime stage key=("67574e8d4c7f7c258f8c7488f73e80a9476f8074c3db3540325133ff25020c2b", Pages, 0) seconds=3.9007e-5 hit=false stage="disk_restore"
2026-09-09T18:18:18.200928Z DEBUG transparent_shard_server::runtime: runtime stage key=("c907a0aa45b2551520863990845279fd25135889865e088c2dad6ea0d32b8fde", Directory, 0) seconds=0.121561615 stage="source_load"
2026-09-09T18:18:18.511013Z DEBUG transparent_shard_server::runtime: construction stage geometry="recent-8k" table="directory" seconds=0.31003582 stage="encode_database"
2026-09-09T18:18:18.511135Z DEBUG transparent_shard_server::runtime: construction stage geometry="recent-8k" table="directory" seconds=7.6738e-5 stage="public_setup"
2026-09-09T18:18:19.036137Z DEBUG transparent_shard_server::runtime: construction stage geometry="recent-8k" table="directory" seconds=0.524996103 stage="hint_columns"
2026-09-09T18:18:21.015896Z DEBUG transparent_shard_server::runtime: construction stage geometry="recent-8k" table="directory" seconds=1.979706047 stage="pack_preprocessing"
2026-09-09T18:18:21.016213Z DEBUG transparent_shard_server::runtime: construction stage geometry="recent-8k" table="directory" seconds=0.000273618 stage="publish_parameters"
2026-09-09T18:18:21.017033Z DEBUG transparent_shard_server::runtime: runtime stage key=("c907a0aa45b2551520863990845279fd25135889865e088c2dad6ea0d32b8fde", Directory, 0) seconds=2.816057701 stage="runtime_build"
2026-09-09T18:18:21.729977Z DEBUG transparent_shard_server::runtime: runtime stage key=("c907a0aa45b2551520863990845279fd25135889865e088c2dad6ea0d32b8fde", Directory, 0) seconds=0.712925575 stage="disk_save"
2026-09-09T18:18:21.730135Z DEBUG transparent_shard_server::runtime: runtime stage key=("c907a0aa45b2551520863990845279fd25135889865e088c2dad6ea0d32b8fde", Pages, 0) seconds=11.037522756 stage="build_slot"
2026-09-09T18:18:21.730249Z DEBUG transparent_shard_server::memory: cold build admission wait seconds=9.3623e-5 admitted=true
2026-09-09T18:18:21.852275Z DEBUG transparent_shard_server::runtime: runtime stage key=("c907a0aa45b2551520863990845279fd25135889865e088c2dad6ea0d32b8fde", Pages, 0) seconds=0.12198521 stage="source_load"
2026-09-09T18:18:22.158240Z DEBUG transparent_shard_server::runtime: construction stage geometry="recent-8k" table="pages" seconds=0.30591937 stage="encode_database"
2026-09-09T18:18:22.158364Z DEBUG transparent_shard_server::runtime: construction stage geometry="recent-8k" table="pages" seconds=6.9758e-5 stage="public_setup"
2026-09-09T18:18:22.719266Z DEBUG transparent_shard_server::runtime: construction stage geometry="recent-8k" table="pages" seconds=0.560895475 stage="hint_columns"
2026-09-09T18:18:24.719327Z DEBUG transparent_shard_server::runtime: construction stage geometry="recent-8k" table="pages" seconds=2.000008255 stage="pack_preprocessing"
2026-09-09T18:18:24.719622Z DEBUG transparent_shard_server::runtime: construction stage geometry="recent-8k" table="pages" seconds=0.000254248 stage="publish_parameters"
2026-09-09T18:18:24.720446Z DEBUG transparent_shard_server::runtime: runtime stage key=("c907a0aa45b2551520863990845279fd25135889865e088c2dad6ea0d32b8fde", Pages, 0) seconds=2.868127872 stage="runtime_build"
2026-09-09T18:18:25.437598Z DEBUG transparent_shard_server::runtime: runtime stage key=("c907a0aa45b2551520863990845279fd25135889865e088c2dad6ea0d32b8fde", Pages, 0) seconds=0.717128741 stage="disk_save"
2026-09-09T18:18:25.437664Z DEBUG transparent_shard_server::runtime: runtime stage key=("67574e8d4c7f7c258f8c7488f73e80a9476f8074c3db3540325133ff25020c2b", Directory, 0) seconds=11.05141736 stage="build_slot"
2026-09-09T18:18:25.437737Z DEBUG transparent_shard_server::memory: cold build admission wait seconds=6.6867e-5 admitted=true
2026-09-09T18:18:25.560486Z DEBUG transparent_shard_server::runtime: runtime stage key=("67574e8d4c7f7c258f8c7488f73e80a9476f8074c3db3540325133ff25020c2b", Directory, 0) seconds=0.122688243 stage="source_load"
2026-09-09T18:18:25.864187Z DEBUG transparent_shard_server::runtime: construction stage geometry="recent-8k" table="directory" seconds=0.30365445 stage="encode_database"
2026-09-09T18:18:25.864308Z DEBUG transparent_shard_server::runtime: construction stage geometry="recent-8k" table="directory" seconds=7.65e-5 stage="public_setup"
2026-09-09T18:18:26.375509Z DEBUG transparent_shard_server::runtime: construction stage geometry="recent-8k" table="directory" seconds=0.511194374 stage="hint_columns"
2026-09-09T18:18:28.363948Z DEBUG transparent_shard_server::runtime: construction stage geometry="recent-8k" table="directory" seconds=1.9883917850000001 stage="pack_preprocessing"
2026-09-09T18:18:28.364263Z DEBUG transparent_shard_server::runtime: construction stage geometry="recent-8k" table="directory" seconds=0.000275004 stage="publish_parameters"
2026-09-09T18:18:28.365151Z DEBUG transparent_shard_server::runtime: runtime stage key=("67574e8d4c7f7c258f8c7488f73e80a9476f8074c3db3540325133ff25020c2b", Directory, 0) seconds=2.8046188279999997 stage="runtime_build"
2026-09-09T18:18:29.062247Z DEBUG transparent_shard_server::runtime: runtime stage key=("67574e8d4c7f7c258f8c7488f73e80a9476f8074c3db3540325133ff25020c2b", Directory, 0) seconds=0.697059404 stage="disk_save"
2026-09-09T18:18:29.062335Z DEBUG transparent_shard_server::runtime: runtime stage key=("67574e8d4c7f7c258f8c7488f73e80a9476f8074c3db3540325133ff25020c2b", Pages, 0) seconds=10.982922848 stage="build_slot"
2026-09-09T18:18:29.062419Z DEBUG transparent_shard_server::memory: cold build admission wait seconds=6.031e-5 admitted=true
2026-09-09T18:18:29.183831Z DEBUG transparent_shard_server::runtime: runtime stage key=("67574e8d4c7f7c258f8c7488f73e80a9476f8074c3db3540325133ff25020c2b", Pages, 0) seconds=0.121384268 stage="source_load"
2026-09-09T18:18:29.486756Z DEBUG transparent_shard_server::runtime: construction stage geometry="recent-8k" table="pages" seconds=0.302882395 stage="encode_database"
2026-09-09T18:18:29.486864Z DEBUG transparent_shard_server::runtime: construction stage geometry="recent-8k" table="pages" seconds=7.1513e-5 stage="public_setup"
2026-09-09T18:18:30.044360Z DEBUG transparent_shard_server::runtime: construction stage geometry="recent-8k" table="pages" seconds=0.557481053 stage="hint_columns"
2026-09-09T18:18:32.025088Z DEBUG transparent_shard_server::runtime: construction stage geometry="recent-8k" table="pages" seconds=1.980686451 stage="pack_preprocessing"
2026-09-09T18:18:32.025441Z DEBUG transparent_shard_server::runtime: construction stage geometry="recent-8k" table="pages" seconds=0.00031666 stage="publish_parameters"
2026-09-09T18:18:32.026220Z DEBUG transparent_shard_server::runtime: runtime stage key=("67574e8d4c7f7c258f8c7488f73e80a9476f8074c3db3540325133ff25020c2b", Pages, 0) seconds=2.842347196 stage="runtime_build"
2026-09-09T18:18:32.785083Z DEBUG transparent_shard_server::runtime: runtime stage key=("67574e8d4c7f7c258f8c7488f73e80a9476f8074c3db3540325133ff25020c2b", Pages, 0) seconds=0.758845976 stage="disk_save"
2026-09-09T18:18:32.785225Z  INFO transparent_shard_server::service: prewarm finished warm=28 target=28 failed=0 seconds=102.2082961
2026-09-09T18:18:33.212163Z  INFO transparent_shard_server::runtime: retired runtime memory reclaimed rss_before=4725673984 rss_after=4399861760
2026-09-09T18:18:33.783698Z DEBUG transparent_shard_server::runtime: runtime stage key=("be059aab39ac34125e0452548d6fbcfb1e7cdb7237a597bd59ee86011ed4882b", Directory, 0) seconds=1.119e-6 stage="restore_slot"
2026-09-09T18:18:33.783820Z DEBUG transparent_shard_server::runtime: runtime stage key=("be059aab39ac34125e0452548d6fbcfb1e7cdb7237a597bd59ee86011ed4882b", Pages, 0) seconds=2.59e-7 stage="restore_slot"
2026-09-09T18:18:33.783873Z DEBUG transparent_shard_server::runtime: runtime stage key=("be059aab39ac34125e0452548d6fbcfb1e7cdb7237a597bd59ee86011ed4882b", Directory, 0) seconds=3.9438e-5 hit=false stage="disk_restore"
2026-09-09T18:18:33.783905Z DEBUG transparent_shard_server::runtime: runtime stage key=("be059aab39ac34125e0452548d6fbcfb1e7cdb7237a597bd59ee86011ed4882b", Directory, 0) seconds=4.31e-7 stage="build_slot"
2026-09-09T18:18:33.783901Z DEBUG transparent_shard_server::runtime: runtime stage key=("be059aab39ac34125e0452548d6fbcfb1e7cdb7237a597bd59ee86011ed4882b", Pages, 0) seconds=2.7874e-5 hit=false stage="disk_restore"
2026-09-09T18:18:33.783934Z DEBUG transparent_shard_server::memory: cold build admission wait seconds=2.2837e-5 admitted=true
2026-09-09T18:18:33.926049Z DEBUG transparent_shard_server::runtime: runtime stage key=("be059aab39ac34125e0452548d6fbcfb1e7cdb7237a597bd59ee86011ed4882b", Directory, 0) seconds=0.142093206 stage="source_load"
2026-09-09T18:18:34.157471Z DEBUG transparent_shard_server::memory: work memory admission denied current=5707251712 limit=7516192768 held=805306368 requested=268435456
2026-09-09T18:18:34.230694Z DEBUG transparent_shard_server::runtime: construction stage geometry="recent-8k" table="directory" seconds=0.304608917 stage="encode_database"
2026-09-09T18:18:34.230793Z DEBUG transparent_shard_server::runtime: construction stage geometry="recent-8k" table="directory" seconds=7.0823e-5 stage="public_setup"
2026-09-09T18:18:34.362442Z DEBUG transparent_shard_server::memory: work memory admission denied current=5717667840 limit=7516192768 held=805306368 requested=268435456
2026-09-09T18:18:34.569454Z DEBUG transparent_shard_server::memory: work memory admission denied current=5727502336 limit=7516192768 held=805306368 requested=268435456
2026-09-09T18:18:34.765517Z DEBUG transparent_shard_server::runtime: construction stage geometry="recent-8k" table="directory" seconds=0.534718563 stage="hint_columns"
2026-09-09T18:18:35.612881Z DEBUG transparent_shard_server::memory: work memory admission denied current=5838962688 limit=7516192768 held=805306368 requested=268435456
2026-09-09T18:18:35.817710Z DEBUG transparent_shard_server::memory: work memory admission denied current=5901783040 limit=7516192768 held=805306368 requested=268435456
2026-09-09T18:18:36.025384Z DEBUG transparent_shard_server::memory: work memory admission denied current=5851979776 limit=7516192768 held=805306368 requested=268435456
2026-09-09T18:18:36.793632Z DEBUG transparent_shard_server::runtime: construction stage geometry="recent-8k" table="directory" seconds=2.028083925 stage="pack_preprocessing"
2026-09-09T18:18:36.793985Z DEBUG transparent_shard_server::runtime: construction stage geometry="recent-8k" table="directory" seconds=0.000323205 stage="publish_parameters"
2026-09-09T18:18:36.794758Z DEBUG transparent_shard_server::runtime: runtime stage key=("be059aab39ac34125e0452548d6fbcfb1e7cdb7237a597bd59ee86011ed4882b", Directory, 0) seconds=2.868673783 stage="runtime_build"
2026-09-09T18:18:37.513864Z DEBUG transparent_shard_server::runtime: runtime stage key=("be059aab39ac34125e0452548d6fbcfb1e7cdb7237a597bd59ee86011ed4882b", Directory, 0) seconds=0.71908937 stage="disk_save"
2026-09-09T18:18:37.513929Z DEBUG transparent_shard_server::runtime: runtime stage key=("be059aab39ac34125e0452548d6fbcfb1e7cdb7237a597bd59ee86011ed4882b", Pages, 0) seconds=3.729984351 stage="build_slot"
2026-09-09T18:18:37.514013Z DEBUG transparent_shard_server::memory: cold build admission wait seconds=6.6314e-5 admitted=true
2026-09-09T18:18:37.656522Z DEBUG transparent_shard_server::runtime: runtime stage key=("be059aab39ac34125e0452548d6fbcfb1e7cdb7237a597bd59ee86011ed4882b", Pages, 0) seconds=0.142484832 stage="source_load"
2026-09-09T18:18:37.969727Z DEBUG transparent_shard_server::runtime: construction stage geometry="recent-8k" table="pages" seconds=0.313153623 stage="encode_database"
2026-09-09T18:18:37.969842Z DEBUG transparent_shard_server::runtime: construction stage geometry="recent-8k" table="pages" seconds=7.2303e-5 stage="public_setup"
2026-09-09T18:18:38.097693Z DEBUG transparent_shard_server::memory: work memory admission denied current=5905141760 limit=7516192768 held=805306368 requested=268435456
2026-09-09T18:18:38.303500Z DEBUG transparent_shard_server::memory: work memory admission denied current=5905268736 limit=7516192768 held=805306368 requested=268435456
2026-09-09T18:18:38.511500Z DEBUG transparent_shard_server::memory: work memory admission denied current=5905522688 limit=7516192768 held=805306368 requested=268435456
2026-09-09T18:18:38.543764Z DEBUG transparent_shard_server::runtime: construction stage geometry="recent-8k" table="pages" seconds=0.573915588 stage="hint_columns"
2026-09-09T18:18:39.049249Z DEBUG transparent_shard_server::memory: work memory admission denied current=5905326080 limit=7516192768 held=805306368 requested=268435456
2026-09-09T18:18:39.418646Z DEBUG transparent_shard_server::memory: work memory admission denied current=5905567744 limit=7516192768 held=805306368 requested=268435456
2026-09-09T18:18:39.623364Z DEBUG transparent_shard_server::memory: work memory admission denied current=5905358848 limit=7516192768 held=805306368 requested=268435456
2026-09-09T18:18:39.843416Z DEBUG transparent_shard_server::memory: work memory admission denied current=5854629888 limit=7516192768 held=805306368 requested=268435456
2026-09-09T18:18:40.639009Z DEBUG transparent_shard_server::runtime: construction stage geometry="recent-8k" table="pages" seconds=2.095199172 stage="pack_preprocessing"
2026-09-09T18:18:40.639306Z DEBUG transparent_shard_server::runtime: construction stage geometry="recent-8k" table="pages" seconds=0.00025949 stage="publish_parameters"
2026-09-09T18:18:40.640129Z DEBUG transparent_shard_server::runtime: runtime stage key=("be059aab39ac34125e0452548d6fbcfb1e7cdb7237a597bd59ee86011ed4882b", Pages, 0) seconds=2.983557498 stage="runtime_build"
2026-09-09T18:18:41.374636Z DEBUG transparent_shard_server::runtime: runtime stage key=("be059aab39ac34125e0452548d6fbcfb1e7cdb7237a597bd59ee86011ed4882b", Pages, 0) seconds=0.734490934 stage="disk_save"
2026-09-09T18:18:41.374713Z  INFO transparent_shard_server::service: prewarm finished warm=28 target=28 failed=0 seconds=7.591064139
2026-09-09T18:18:41.374756Z DEBUG transparent_shard_server::live: publication preparation stages map=32426d9e9300c44558210d8540b636402af2b3c322627f9e9f26e0082b489725 loading_seconds=0.611097409 warming_seconds=7.591224887
2026-09-09T18:18:41.401928Z DEBUG transparent_shard_server::runtime: runtime stage key=("5b7ee9849d47f5ee67d04eb6ca4588beacf42dce75e5a1b481dfd02607b1fb20", Directory, 0) seconds=5.95e-7 stage="restore_slot"
2026-09-09T18:18:41.410554Z  INFO transparent_shard_server::runtime: retired runtime memory reclaimed rss_before=4904820736 rss_after=4511567872
2026-09-09T18:18:41.955249Z DEBUG transparent_shard_server::runtime: runtime stage key=("268f5c527d35817d37919707b04a706c850d449156baa071b5438dbf8eb53aec", Directory, 0) seconds=9.71e-7 stage="restore_slot"
2026-09-09T18:18:41.955256Z DEBUG transparent_shard_server::runtime: runtime stage key=("268f5c527d35817d37919707b04a706c850d449156baa071b5438dbf8eb53aec", Pages, 0) seconds=8.47e-7 stage="restore_slot"
2026-09-09T18:18:41.955417Z DEBUG transparent_shard_server::runtime: runtime stage key=("268f5c527d35817d37919707b04a706c850d449156baa071b5438dbf8eb53aec", Pages, 0) seconds=4.558e-5 hit=false stage="disk_restore"
2026-09-09T18:18:41.955432Z DEBUG transparent_shard_server::runtime: runtime stage key=("268f5c527d35817d37919707b04a706c850d449156baa071b5438dbf8eb53aec", Directory, 0) seconds=2.9947e-5 hit=false stage="disk_restore"
2026-09-09T18:18:41.955439Z DEBUG transparent_shard_server::runtime: runtime stage key=("268f5c527d35817d37919707b04a706c850d449156baa071b5438dbf8eb53aec", Pages, 0) seconds=4.72e-7 stage="build_slot"
2026-09-09T18:18:41.955469Z DEBUG transparent_shard_server::memory: cold build admission wait seconds=2.4912e-5 admitted=true
2026-09-09T18:18:42.089290Z DEBUG transparent_shard_server::runtime: runtime stage key=("268f5c527d35817d37919707b04a706c850d449156baa071b5438dbf8eb53aec", Pages, 0) seconds=0.133804987 stage="source_load"
2026-09-09T18:18:42.291994Z DEBUG transparent_shard_server::runtime: runtime stage key=("5b7ee9849d47f5ee67d04eb6ca4588beacf42dce75e5a1b481dfd02607b1fb20", Directory, 0) seconds=0.889970311 hit=true stage="disk_restore"
2026-09-09T18:18:42.394477Z DEBUG transparent_shard_server::runtime: construction stage geometry="recent-8k" table="pages" seconds=0.305150664 stage="encode_database"
2026-09-09T18:18:42.394661Z DEBUG transparent_shard_server::runtime: construction stage geometry="recent-8k" table="pages" seconds=0.000141235 stage="public_setup"
2026-09-09T18:18:42.426989Z DEBUG transparent_shard_server::runtime: runtime stage key=("5b7ee9849d47f5ee67d04eb6ca4588beacf42dce75e5a1b481dfd02607b1fb20", Directory, 0) seconds=0.134960001 stage="source_verify"
2026-09-09T18:18:42.427025Z  INFO transparent_shard_server::runtime: restored runtime cache seconds=1.025004971
2026-09-09T18:18:42.459522Z DEBUG transparent_shard_server::memory: work memory admission denied current=5812527104 limit=7516192768 held=805306368 requested=268435456
2026-09-09T18:18:42.664690Z DEBUG transparent_shard_server::memory: work memory admission denied current=5823684608 limit=7516192768 held=805306368 requested=268435456
2026-09-09T18:18:42.874600Z DEBUG transparent_shard_server::memory: work memory admission denied current=5835407360 limit=7516192768 held=805306368 requested=268435456
2026-09-09T18:18:42.943372Z DEBUG transparent_shard_server::runtime: construction stage geometry="recent-8k" table="pages" seconds=0.54870396 stage="hint_columns"
2026-09-09T18:18:43.781601Z DEBUG transparent_shard_server::memory: work memory admission denied current=5905264640 limit=7516192768 held=805306368 requested=268435456
2026-09-09T18:18:44.983603Z DEBUG transparent_shard_server::runtime: construction stage geometry="recent-8k" table="pages" seconds=2.040198414 stage="pack_preprocessing"
2026-09-09T18:18:44.983903Z DEBUG transparent_shard_server::runtime: construction stage geometry="recent-8k" table="pages" seconds=0.000261624 stage="publish_parameters"
2026-09-09T18:18:44.984534Z DEBUG transparent_shard_server::runtime: runtime stage key=("268f5c527d35817d37919707b04a706c850d449156baa071b5438dbf8eb53aec", Pages, 0) seconds=2.8952089819999998 stage="runtime_build"
2026-09-09T18:18:45.694031Z DEBUG transparent_shard_server::runtime: runtime stage key=("268f5c527d35817d37919707b04a706c850d449156baa071b5438dbf8eb53aec", Pages, 0) seconds=0.709466099 stage="disk_save"
2026-09-09T18:18:45.694131Z DEBUG transparent_shard_server::runtime: runtime stage key=("268f5c527d35817d37919707b04a706c850d449156baa071b5438dbf8eb53aec", Directory, 0) seconds=3.738650058 stage="build_slot"
2026-09-09T18:18:45.694256Z DEBUG transparent_shard_server::memory: cold build admission wait seconds=0.000103087 admitted=true
2026-09-09T18:18:45.748445Z DEBUG transparent_shard_server::memory: work memory admission denied current=5905264640 limit=7516192768 held=805306368 requested=268435456
2026-09-09T18:18:45.844255Z DEBUG transparent_shard_server::runtime: runtime stage key=("268f5c527d35817d37919707b04a706c850d449156baa071b5438dbf8eb53aec", Directory, 0) seconds=0.149976314 stage="source_load"
2026-09-09T18:18:46.151928Z DEBUG transparent_shard_server::runtime: construction stage geometry="recent-8k" table="directory" seconds=0.307623365 stage="encode_database"
2026-09-09T18:18:46.152041Z DEBUG transparent_shard_server::runtime: construction stage geometry="recent-8k" table="directory" seconds=7.4567e-5 stage="public_setup"
2026-09-09T18:18:46.291597Z DEBUG transparent_shard_server::memory: work memory admission denied current=5905334272 limit=7516192768 held=805306368 requested=268435456
2026-09-09T18:18:46.501543Z DEBUG transparent_shard_server::memory: work memory admission denied current=5905096704 limit=7516192768 held=805306368 requested=268435456
2026-09-09T18:18:46.683008Z DEBUG transparent_shard_server::runtime: construction stage geometry="recent-8k" table="directory" seconds=0.530961601 stage="hint_columns"
2026-09-09T18:18:47.554168Z DEBUG transparent_shard_server::memory: work memory admission denied current=5905358848 limit=7516192768 held=805306368 requested=268435456
2026-09-09T18:18:47.768375Z DEBUG transparent_shard_server::memory: work memory admission denied current=5905424384 limit=7516192768 held=805306368 requested=268435456
2026-09-09T18:18:47.976859Z DEBUG transparent_shard_server::memory: work memory admission denied current=5861347328 limit=7516192768 held=805306368 requested=268435456
2026-09-09T18:18:48.790134Z DEBUG transparent_shard_server::runtime: construction stage geometry="recent-8k" table="directory" seconds=2.107087871 stage="pack_preprocessing"
2026-09-09T18:18:48.790482Z DEBUG transparent_shard_server::runtime: construction stage geometry="recent-8k" table="directory" seconds=0.000285158 stage="publish_parameters"
2026-09-09T18:18:48.791228Z DEBUG transparent_shard_server::runtime: runtime stage key=("268f5c527d35817d37919707b04a706c850d449156baa071b5438dbf8eb53aec", Directory, 0) seconds=2.946924533 stage="runtime_build"
2026-09-09T18:18:49.476581Z DEBUG transparent_shard_server::runtime: runtime stage key=("268f5c527d35817d37919707b04a706c850d449156baa071b5438dbf8eb53aec", Directory, 0) seconds=0.68533293 stage="disk_save"
2026-09-09T18:18:49.476694Z  INFO transparent_shard_server::service: prewarm finished warm=28 target=28 failed=0 seconds=7.521487559
2026-09-09T18:18:49.476743Z DEBUG transparent_shard_server::live: publication preparation stages map=12cbb58695cd66166197842d179b61598c15effb06ad32efcd899a13e36e7b10 loading_seconds=0.579179079 warming_seconds=7.5215928949999995
test burst::publication_burst_under_exact_load ... ok

test result: ok. 1 passed; 0 failed; 0 ignored; 0 measured; 14 filtered out; finished in 124.47s

Finished with result: success
Main processes terminated with: code=exited/status=0
Service runtime: 2min 4.503s
CPU time consumed: 3min 50.113s
Memory peak: 512.0K
Memory swap peak: 0B
