Running as unit: transparent-full-burst-8fb4fc5a7d6f4bb6a271d5c26525c0ac.service

running 1 test
2026-09-09T18:14:45.059333Z DEBUG transparent_shard_server::runtime: runtime stage key=("5b7ee9849d47f5ee67d04eb6ca4588beacf42dce75e5a1b481dfd02607b1fb20", Directory, 0) seconds=7.152e-6 stage="restore_slot"
2026-09-09T18:14:45.059566Z DEBUG transparent_shard_server::runtime: runtime stage key=("5b7ee9849d47f5ee67d04eb6ca4588beacf42dce75e5a1b481dfd02607b1fb20", Pages, 0) seconds=3.6e-7 stage="restore_slot"
2026-09-09T18:14:45.059636Z DEBUG transparent_shard_server::runtime: runtime stage key=("1f5d7213a380745d83cc554ad16bdf9e039a0304d0de0b71376828e1838d0ea4", Directory, 0) seconds=3.63e-7 stage="restore_slot"
2026-09-09T18:14:45.059715Z DEBUG transparent_shard_server::runtime: runtime stage key=("1f5d7213a380745d83cc554ad16bdf9e039a0304d0de0b71376828e1838d0ea4", Pages, 0) seconds=2.04e-7 stage="restore_slot"
2026-09-09T18:14:45.059806Z DEBUG transparent_shard_server::runtime: runtime stage key=("5b7ee9849d47f5ee67d04eb6ca4588beacf42dce75e5a1b481dfd02607b1fb20", Directory, 0) seconds=4.2014e-5 hit=false stage="disk_restore"
2026-09-09T18:14:45.059816Z DEBUG transparent_shard_server::runtime: runtime stage key=("5b7ee9849d47f5ee67d04eb6ca4588beacf42dce75e5a1b481dfd02607b1fb20", Pages, 0) seconds=3.6565e-5 hit=false stage="disk_restore"
2026-09-09T18:14:45.059851Z DEBUG transparent_shard_server::runtime: runtime stage key=("5b7ee9849d47f5ee67d04eb6ca4588beacf42dce75e5a1b481dfd02607b1fb20", Directory, 0) seconds=8.01e-7 stage="build_slot"
2026-09-09T18:14:45.059856Z DEBUG transparent_shard_server::runtime: runtime stage key=("1f5d7213a380745d83cc554ad16bdf9e039a0304d0de0b71376828e1838d0ea4", Pages, 0) seconds=1.0939e-5 hit=false stage="disk_restore"
2026-09-09T18:14:45.059856Z DEBUG transparent_shard_server::runtime: runtime stage key=("1f5d7213a380745d83cc554ad16bdf9e039a0304d0de0b71376828e1838d0ea4", Directory, 0) seconds=1.2454e-5 hit=false stage="disk_restore"
2026-09-09T18:14:45.059886Z DEBUG transparent_shard_server::memory: cold build admission wait seconds=2.9878e-5 admitted=true
2026-09-09T18:14:45.193224Z DEBUG transparent_shard_server::runtime: runtime stage key=("5b7ee9849d47f5ee67d04eb6ca4588beacf42dce75e5a1b481dfd02607b1fb20", Directory, 0) seconds=0.133316062 stage="source_load"
2026-09-09T18:14:45.493973Z DEBUG transparent_shard_server::runtime: construction stage geometry="recent-8k" table="directory" seconds=0.300697768 stage="encode_database"
2026-09-09T18:14:45.494088Z DEBUG transparent_shard_server::runtime: construction stage geometry="recent-8k" table="directory" seconds=7.053e-5 stage="public_setup"
2026-09-09T18:14:46.012189Z DEBUG transparent_shard_server::runtime: construction stage geometry="recent-8k" table="directory" seconds=0.518096233 stage="hint_columns"
2026-09-09T18:14:48.025716Z DEBUG transparent_shard_server::runtime: construction stage geometry="recent-8k" table="directory" seconds=2.013480363 stage="pack_preprocessing"
2026-09-09T18:14:48.026023Z DEBUG transparent_shard_server::runtime: construction stage geometry="recent-8k" table="directory" seconds=0.000262407 stage="publish_parameters"
2026-09-09T18:14:48.027379Z DEBUG transparent_shard_server::runtime: runtime stage key=("5b7ee9849d47f5ee67d04eb6ca4588beacf42dce75e5a1b481dfd02607b1fb20", Directory, 0) seconds=2.834104868 stage="runtime_build"
2026-09-09T18:14:48.725337Z DEBUG transparent_shard_server::runtime: runtime stage key=("5b7ee9849d47f5ee67d04eb6ca4588beacf42dce75e5a1b481dfd02607b1fb20", Directory, 0) seconds=0.696639909 stage="disk_save"
2026-09-09T18:14:48.725461Z DEBUG transparent_shard_server::runtime: runtime stage key=("5b7ee9849d47f5ee67d04eb6ca4588beacf42dce75e5a1b481dfd02607b1fb20", Pages, 0) seconds=3.665559344 stage="build_slot"
2026-09-09T18:14:48.725570Z DEBUG transparent_shard_server::memory: cold build admission wait seconds=7.7658e-5 admitted=true
2026-09-09T18:14:48.725600Z DEBUG transparent_shard_server::runtime: runtime stage key=("ca7afe810c988a8b4b561668f3456a9f38d1fdbb0776614e07ddfeb1a2132000", Directory, 0) seconds=4.33e-7 stage="restore_slot"
2026-09-09T18:14:48.725726Z DEBUG transparent_shard_server::runtime: runtime stage key=("ca7afe810c988a8b4b561668f3456a9f38d1fdbb0776614e07ddfeb1a2132000", Directory, 0) seconds=3.9762e-5 hit=false stage="disk_restore"
2026-09-09T18:14:48.861841Z DEBUG transparent_shard_server::runtime: runtime stage key=("5b7ee9849d47f5ee67d04eb6ca4588beacf42dce75e5a1b481dfd02607b1fb20", Pages, 0) seconds=0.136215683 stage="source_load"
2026-09-09T18:14:49.168807Z DEBUG transparent_shard_server::runtime: construction stage geometry="recent-8k" table="pages" seconds=0.306915721 stage="encode_database"
2026-09-09T18:14:49.168914Z DEBUG transparent_shard_server::runtime: construction stage geometry="recent-8k" table="pages" seconds=6.1916e-5 stage="public_setup"
2026-09-09T18:14:49.689831Z DEBUG transparent_shard_server::runtime: construction stage geometry="recent-8k" table="pages" seconds=0.520910554 stage="hint_columns"
2026-09-09T18:14:51.691417Z DEBUG transparent_shard_server::runtime: construction stage geometry="recent-8k" table="pages" seconds=2.001541391 stage="pack_preprocessing"
2026-09-09T18:14:51.691727Z DEBUG transparent_shard_server::runtime: construction stage geometry="recent-8k" table="pages" seconds=0.000264691 stage="publish_parameters"
2026-09-09T18:14:51.692282Z DEBUG transparent_shard_server::runtime: runtime stage key=("5b7ee9849d47f5ee67d04eb6ca4588beacf42dce75e5a1b481dfd02607b1fb20", Pages, 0) seconds=2.830391648 stage="runtime_build"
2026-09-09T18:14:52.388451Z DEBUG transparent_shard_server::runtime: runtime stage key=("5b7ee9849d47f5ee67d04eb6ca4588beacf42dce75e5a1b481dfd02607b1fb20", Pages, 0) seconds=0.69615092 stage="disk_save"
2026-09-09T18:14:52.388553Z DEBUG transparent_shard_server::runtime: runtime stage key=("ca7afe810c988a8b4b561668f3456a9f38d1fdbb0776614e07ddfeb1a2132000", Pages, 0) seconds=9.95e-7 stage="restore_slot"
2026-09-09T18:14:52.388681Z DEBUG transparent_shard_server::runtime: runtime stage key=("1f5d7213a380745d83cc554ad16bdf9e039a0304d0de0b71376828e1838d0ea4", Pages, 0) seconds=7.328783421 stage="build_slot"
2026-09-09T18:14:52.388713Z DEBUG transparent_shard_server::memory: cold build admission wait seconds=2.357e-5 admitted=true
2026-09-09T18:14:52.388761Z DEBUG transparent_shard_server::runtime: runtime stage key=("ca7afe810c988a8b4b561668f3456a9f38d1fdbb0776614e07ddfeb1a2132000", Pages, 0) seconds=5.2719e-5 hit=false stage="disk_restore"
2026-09-09T18:14:52.508640Z DEBUG transparent_shard_server::runtime: runtime stage key=("1f5d7213a380745d83cc554ad16bdf9e039a0304d0de0b71376828e1838d0ea4", Pages, 0) seconds=0.119891196 stage="source_load"
2026-09-09T18:14:52.805921Z DEBUG transparent_shard_server::runtime: construction stage geometry="recent-8k" table="pages" seconds=0.297235678 stage="encode_database"
2026-09-09T18:14:52.806028Z DEBUG transparent_shard_server::runtime: construction stage geometry="recent-8k" table="pages" seconds=6.7889e-5 stage="public_setup"
2026-09-09T18:14:53.362819Z DEBUG transparent_shard_server::runtime: construction stage geometry="recent-8k" table="pages" seconds=0.556784045 stage="hint_columns"
2026-09-09T18:14:55.323722Z DEBUG transparent_shard_server::runtime: construction stage geometry="recent-8k" table="pages" seconds=1.9608611649999999 stage="pack_preprocessing"
2026-09-09T18:14:55.324043Z DEBUG transparent_shard_server::runtime: construction stage geometry="recent-8k" table="pages" seconds=0.000275009 stage="publish_parameters"
2026-09-09T18:14:55.324922Z DEBUG transparent_shard_server::runtime: runtime stage key=("1f5d7213a380745d83cc554ad16bdf9e039a0304d0de0b71376828e1838d0ea4", Pages, 0) seconds=2.816238315 stage="runtime_build"
2026-09-09T18:14:56.022349Z DEBUG transparent_shard_server::runtime: runtime stage key=("1f5d7213a380745d83cc554ad16bdf9e039a0304d0de0b71376828e1838d0ea4", Pages, 0) seconds=0.697400496 stage="disk_save"
2026-09-09T18:14:56.022480Z DEBUG transparent_shard_server::runtime: runtime stage key=("95df7205357fe2d9c962d2b41daded841e05afa7b6fc8d06dfec46ad04e15335", Directory, 0) seconds=1.055e-6 stage="restore_slot"
2026-09-09T18:14:56.022610Z DEBUG transparent_shard_server::runtime: runtime stage key=("1f5d7213a380745d83cc554ad16bdf9e039a0304d0de0b71376828e1838d0ea4", Directory, 0) seconds=10.96271145 stage="build_slot"
2026-09-09T18:14:56.022650Z DEBUG transparent_shard_server::memory: cold build admission wait seconds=3.3925e-5 admitted=true
2026-09-09T18:14:56.022673Z DEBUG transparent_shard_server::runtime: runtime stage key=("95df7205357fe2d9c962d2b41daded841e05afa7b6fc8d06dfec46ad04e15335", Directory, 0) seconds=3.7901e-5 hit=false stage="disk_restore"
2026-09-09T18:14:56.146579Z DEBUG transparent_shard_server::runtime: runtime stage key=("1f5d7213a380745d83cc554ad16bdf9e039a0304d0de0b71376828e1838d0ea4", Directory, 0) seconds=0.12390408 stage="source_load"
2026-09-09T18:14:56.441182Z DEBUG transparent_shard_server::runtime: construction stage geometry="recent-8k" table="directory" seconds=0.294550967 stage="encode_database"
2026-09-09T18:14:56.441298Z DEBUG transparent_shard_server::runtime: construction stage geometry="recent-8k" table="directory" seconds=7.1706e-5 stage="public_setup"
2026-09-09T18:14:56.970998Z DEBUG transparent_shard_server::runtime: construction stage geometry="recent-8k" table="directory" seconds=0.529693919 stage="hint_columns"
2026-09-09T18:14:58.960398Z DEBUG transparent_shard_server::runtime: construction stage geometry="recent-8k" table="directory" seconds=1.989330574 stage="pack_preprocessing"
2026-09-09T18:14:58.960741Z DEBUG transparent_shard_server::runtime: construction stage geometry="recent-8k" table="directory" seconds=0.000298867 stage="publish_parameters"
2026-09-09T18:14:58.961496Z DEBUG transparent_shard_server::runtime: runtime stage key=("1f5d7213a380745d83cc554ad16bdf9e039a0304d0de0b71376828e1838d0ea4", Directory, 0) seconds=2.814866998 stage="runtime_build"
2026-09-09T18:14:59.673673Z DEBUG transparent_shard_server::runtime: runtime stage key=("1f5d7213a380745d83cc554ad16bdf9e039a0304d0de0b71376828e1838d0ea4", Directory, 0) seconds=0.712155754 stage="disk_save"
2026-09-09T18:14:59.673797Z DEBUG transparent_shard_server::runtime: runtime stage key=("95df7205357fe2d9c962d2b41daded841e05afa7b6fc8d06dfec46ad04e15335", Pages, 0) seconds=1.306e-6 stage="restore_slot"
2026-09-09T18:14:59.673919Z DEBUG transparent_shard_server::runtime: runtime stage key=("ca7afe810c988a8b4b561668f3456a9f38d1fdbb0776614e07ddfeb1a2132000", Directory, 0) seconds=10.94815312 stage="build_slot"
2026-09-09T18:14:59.673951Z DEBUG transparent_shard_server::memory: cold build admission wait seconds=2.4528e-5 admitted=true
2026-09-09T18:14:59.673984Z DEBUG transparent_shard_server::runtime: runtime stage key=("95df7205357fe2d9c962d2b41daded841e05afa7b6fc8d06dfec46ad04e15335", Pages, 0) seconds=3.7026e-5 hit=false stage="disk_restore"
2026-09-09T18:14:59.808007Z DEBUG transparent_shard_server::runtime: runtime stage key=("ca7afe810c988a8b4b561668f3456a9f38d1fdbb0776614e07ddfeb1a2132000", Directory, 0) seconds=0.133995625 stage="source_load"
2026-09-09T18:15:00.107551Z DEBUG transparent_shard_server::runtime: construction stage geometry="recent-8k" table="directory" seconds=0.299491591 stage="encode_database"
2026-09-09T18:15:00.107654Z DEBUG transparent_shard_server::runtime: construction stage geometry="recent-8k" table="directory" seconds=5.8309e-5 stage="public_setup"
2026-09-09T18:15:00.636185Z DEBUG transparent_shard_server::runtime: construction stage geometry="recent-8k" table="directory" seconds=0.528524402 stage="hint_columns"
2026-09-09T18:15:02.640366Z DEBUG transparent_shard_server::runtime: construction stage geometry="recent-8k" table="directory" seconds=2.004135565 stage="pack_preprocessing"
2026-09-09T18:15:02.640696Z DEBUG transparent_shard_server::runtime: construction stage geometry="recent-8k" table="directory" seconds=0.000282928 stage="publish_parameters"
2026-09-09T18:15:02.641469Z DEBUG transparent_shard_server::runtime: runtime stage key=("ca7afe810c988a8b4b561668f3456a9f38d1fdbb0776614e07ddfeb1a2132000", Directory, 0) seconds=2.833411867 stage="runtime_build"
2026-09-09T18:15:03.345037Z DEBUG transparent_shard_server::runtime: runtime stage key=("ca7afe810c988a8b4b561668f3456a9f38d1fdbb0776614e07ddfeb1a2132000", Directory, 0) seconds=0.703543223 stage="disk_save"
2026-09-09T18:15:03.345172Z DEBUG transparent_shard_server::runtime: runtime stage key=("73d46a59d0d03d7616f9a47e53b50448d4c5a3504e6e296600d8884c8c4403b8", Directory, 0) seconds=1.058e-6 stage="restore_slot"
2026-09-09T18:15:03.345284Z DEBUG transparent_shard_server::runtime: runtime stage key=("ca7afe810c988a8b4b561668f3456a9f38d1fdbb0776614e07ddfeb1a2132000", Pages, 0) seconds=10.956480039 stage="build_slot"
2026-09-09T18:15:03.345328Z DEBUG transparent_shard_server::memory: cold build admission wait seconds=3.7039e-5 admitted=true
2026-09-09T18:15:03.345341Z DEBUG transparent_shard_server::runtime: runtime stage key=("73d46a59d0d03d7616f9a47e53b50448d4c5a3504e6e296600d8884c8c4403b8", Directory, 0) seconds=5.7396e-5 hit=false stage="disk_restore"
2026-09-09T18:15:03.473497Z DEBUG transparent_shard_server::runtime: runtime stage key=("ca7afe810c988a8b4b561668f3456a9f38d1fdbb0776614e07ddfeb1a2132000", Pages, 0) seconds=0.128142435 stage="source_load"
2026-09-09T18:15:03.767552Z DEBUG transparent_shard_server::runtime: construction stage geometry="recent-8k" table="pages" seconds=0.29400516 stage="encode_database"
2026-09-09T18:15:03.767666Z DEBUG transparent_shard_server::runtime: construction stage geometry="recent-8k" table="pages" seconds=7.1943e-5 stage="public_setup"
2026-09-09T18:15:04.337696Z DEBUG transparent_shard_server::runtime: construction stage geometry="recent-8k" table="pages" seconds=0.570023612 stage="hint_columns"
2026-09-09T18:15:06.286283Z DEBUG transparent_shard_server::runtime: construction stage geometry="recent-8k" table="pages" seconds=1.9485455630000001 stage="pack_preprocessing"
2026-09-09T18:15:06.286580Z DEBUG transparent_shard_server::runtime: construction stage geometry="recent-8k" table="pages" seconds=0.000268589 stage="publish_parameters"
2026-09-09T18:15:06.287304Z DEBUG transparent_shard_server::runtime: runtime stage key=("ca7afe810c988a8b4b561668f3456a9f38d1fdbb0776614e07ddfeb1a2132000", Pages, 0) seconds=2.813758152 stage="runtime_build"
2026-09-09T18:15:06.973216Z DEBUG transparent_shard_server::runtime: runtime stage key=("ca7afe810c988a8b4b561668f3456a9f38d1fdbb0776614e07ddfeb1a2132000", Pages, 0) seconds=0.685891918 stage="disk_save"
2026-09-09T18:15:06.973332Z DEBUG transparent_shard_server::runtime: runtime stage key=("73d46a59d0d03d7616f9a47e53b50448d4c5a3504e6e296600d8884c8c4403b8", Pages, 0) seconds=1.306e-6 stage="restore_slot"
2026-09-09T18:15:06.973444Z DEBUG transparent_shard_server::runtime: runtime stage key=("95df7205357fe2d9c962d2b41daded841e05afa7b6fc8d06dfec46ad04e15335", Directory, 0) seconds=10.950732402 stage="build_slot"
2026-09-09T18:15:06.973476Z DEBUG transparent_shard_server::memory: cold build admission wait seconds=2.437e-5 admitted=true
2026-09-09T18:15:06.973504Z DEBUG transparent_shard_server::runtime: runtime stage key=("73d46a59d0d03d7616f9a47e53b50448d4c5a3504e6e296600d8884c8c4403b8", Pages, 0) seconds=3.4442e-5 hit=false stage="disk_restore"
2026-09-09T18:15:07.095991Z DEBUG transparent_shard_server::runtime: runtime stage key=("95df7205357fe2d9c962d2b41daded841e05afa7b6fc8d06dfec46ad04e15335", Directory, 0) seconds=0.122467652 stage="source_load"
2026-09-09T18:15:07.385722Z DEBUG transparent_shard_server::runtime: construction stage geometry="recent-8k" table="directory" seconds=0.289669706 stage="encode_database"
2026-09-09T18:15:07.385839Z DEBUG transparent_shard_server::runtime: construction stage geometry="recent-8k" table="directory" seconds=7.2167e-5 stage="public_setup"
2026-09-09T18:15:07.934042Z DEBUG transparent_shard_server::runtime: construction stage geometry="recent-8k" table="directory" seconds=0.548196467 stage="hint_columns"
2026-09-09T18:15:09.891550Z DEBUG transparent_shard_server::runtime: construction stage geometry="recent-8k" table="directory" seconds=1.957465002 stage="pack_preprocessing"
2026-09-09T18:15:09.891861Z DEBUG transparent_shard_server::runtime: construction stage geometry="recent-8k" table="directory" seconds=0.00026676 stage="publish_parameters"
2026-09-09T18:15:09.892653Z DEBUG transparent_shard_server::runtime: runtime stage key=("95df7205357fe2d9c962d2b41daded841e05afa7b6fc8d06dfec46ad04e15335", Directory, 0) seconds=2.796602256 stage="runtime_build"
2026-09-09T18:15:10.577450Z DEBUG transparent_shard_server::runtime: runtime stage key=("95df7205357fe2d9c962d2b41daded841e05afa7b6fc8d06dfec46ad04e15335", Directory, 0) seconds=0.684773927 stage="disk_save"
2026-09-09T18:15:10.577578Z DEBUG transparent_shard_server::runtime: runtime stage key=("b16be2933ab920bc4745ea8917e5167a7a685c211e0b4febe88b4d3018f970bc", Directory, 0) seconds=2.107e-6 stage="restore_slot"
2026-09-09T18:15:10.577693Z DEBUG transparent_shard_server::runtime: runtime stage key=("95df7205357fe2d9c962d2b41daded841e05afa7b6fc8d06dfec46ad04e15335", Pages, 0) seconds=10.90367074 stage="build_slot"
2026-09-09T18:15:10.577716Z DEBUG transparent_shard_server::runtime: runtime stage key=("b16be2933ab920bc4745ea8917e5167a7a685c211e0b4febe88b4d3018f970bc", Directory, 0) seconds=2.5159e-5 hit=false stage="disk_restore"
2026-09-09T18:15:10.577726Z DEBUG transparent_shard_server::memory: cold build admission wait seconds=2.6083e-5 admitted=true
2026-09-09T18:15:10.701199Z DEBUG transparent_shard_server::runtime: runtime stage key=("95df7205357fe2d9c962d2b41daded841e05afa7b6fc8d06dfec46ad04e15335", Pages, 0) seconds=0.123444746 stage="source_load"
2026-09-09T18:15:10.992861Z DEBUG transparent_shard_server::runtime: construction stage geometry="recent-8k" table="pages" seconds=0.291613605 stage="encode_database"
2026-09-09T18:15:10.992981Z DEBUG transparent_shard_server::runtime: construction stage geometry="recent-8k" table="pages" seconds=7.371e-5 stage="public_setup"
2026-09-09T18:15:11.560840Z DEBUG transparent_shard_server::runtime: construction stage geometry="recent-8k" table="pages" seconds=0.567851951 stage="hint_columns"
2026-09-09T18:15:13.550750Z DEBUG transparent_shard_server::runtime: construction stage geometry="recent-8k" table="pages" seconds=1.9898661149999999 stage="pack_preprocessing"
2026-09-09T18:15:13.551078Z DEBUG transparent_shard_server::runtime: construction stage geometry="recent-8k" table="pages" seconds=0.000284713 stage="publish_parameters"
2026-09-09T18:15:13.551831Z DEBUG transparent_shard_server::runtime: runtime stage key=("95df7205357fe2d9c962d2b41daded841e05afa7b6fc8d06dfec46ad04e15335", Pages, 0) seconds=2.8505847170000003 stage="runtime_build"
2026-09-09T18:15:14.235404Z DEBUG transparent_shard_server::runtime: runtime stage key=("95df7205357fe2d9c962d2b41daded841e05afa7b6fc8d06dfec46ad04e15335", Pages, 0) seconds=0.683552552 stage="disk_save"
2026-09-09T18:15:14.235509Z DEBUG transparent_shard_server::runtime: runtime stage key=("b16be2933ab920bc4745ea8917e5167a7a685c211e0b4febe88b4d3018f970bc", Pages, 0) seconds=1.403e-6 stage="restore_slot"
2026-09-09T18:15:14.235621Z DEBUG transparent_shard_server::runtime: runtime stage key=("73d46a59d0d03d7616f9a47e53b50448d4c5a3504e6e296600d8884c8c4403b8", Directory, 0) seconds=10.890245128 stage="build_slot"
2026-09-09T18:15:14.235653Z DEBUG transparent_shard_server::memory: cold build admission wait seconds=2.5096e-5 admitted=true
2026-09-09T18:15:14.235688Z DEBUG transparent_shard_server::runtime: runtime stage key=("b16be2933ab920bc4745ea8917e5167a7a685c211e0b4febe88b4d3018f970bc", Pages, 0) seconds=3.9524e-5 hit=false stage="disk_restore"
2026-09-09T18:15:14.359520Z DEBUG transparent_shard_server::runtime: runtime stage key=("73d46a59d0d03d7616f9a47e53b50448d4c5a3504e6e296600d8884c8c4403b8", Directory, 0) seconds=0.12382449 stage="source_load"
2026-09-09T18:15:14.653830Z DEBUG transparent_shard_server::runtime: construction stage geometry="recent-8k" table="directory" seconds=0.294258263 stage="encode_database"
2026-09-09T18:15:14.654008Z DEBUG transparent_shard_server::runtime: construction stage geometry="recent-8k" table="directory" seconds=0.000116353 stage="public_setup"
2026-09-09T18:15:15.168708Z DEBUG transparent_shard_server::runtime: construction stage geometry="recent-8k" table="directory" seconds=0.514693028 stage="hint_columns"
2026-09-09T18:15:17.118323Z DEBUG transparent_shard_server::runtime: construction stage geometry="recent-8k" table="directory" seconds=1.949536742 stage="pack_preprocessing"
2026-09-09T18:15:17.118634Z DEBUG transparent_shard_server::runtime: construction stage geometry="recent-8k" table="directory" seconds=0.000266352 stage="publish_parameters"
2026-09-09T18:15:17.119393Z DEBUG transparent_shard_server::runtime: runtime stage key=("73d46a59d0d03d7616f9a47e53b50448d4c5a3504e6e296600d8884c8c4403b8", Directory, 0) seconds=2.759823841 stage="runtime_build"
2026-09-09T18:15:17.815867Z DEBUG transparent_shard_server::runtime: runtime stage key=("73d46a59d0d03d7616f9a47e53b50448d4c5a3504e6e296600d8884c8c4403b8", Directory, 0) seconds=0.696451424 stage="disk_save"
2026-09-09T18:15:17.816003Z DEBUG transparent_shard_server::runtime: runtime stage key=("16b8227360ce35dd2e111156f5e31fd5eb500ff877879a212fef6cf8471de8a5", Directory, 0) seconds=1.14e-6 stage="restore_slot"
2026-09-09T18:15:17.816116Z DEBUG transparent_shard_server::runtime: runtime stage key=("73d46a59d0d03d7616f9a47e53b50448d4c5a3504e6e296600d8884c8c4403b8", Pages, 0) seconds=10.842575651 stage="build_slot"
2026-09-09T18:15:17.816141Z DEBUG transparent_shard_server::runtime: runtime stage key=("16b8227360ce35dd2e111156f5e31fd5eb500ff877879a212fef6cf8471de8a5", Directory, 0) seconds=2.6273e-5 hit=false stage="disk_restore"
2026-09-09T18:15:17.816149Z DEBUG transparent_shard_server::memory: cold build admission wait seconds=2.4438e-5 admitted=true
2026-09-09T18:15:17.939414Z DEBUG transparent_shard_server::runtime: runtime stage key=("73d46a59d0d03d7616f9a47e53b50448d4c5a3504e6e296600d8884c8c4403b8", Pages, 0) seconds=0.123224059 stage="source_load"
2026-09-09T18:15:18.243870Z DEBUG transparent_shard_server::runtime: construction stage geometry="recent-8k" table="pages" seconds=0.304407934 stage="encode_database"
2026-09-09T18:15:18.243985Z DEBUG transparent_shard_server::runtime: construction stage geometry="recent-8k" table="pages" seconds=7.5042e-5 stage="public_setup"
2026-09-09T18:15:18.810467Z DEBUG transparent_shard_server::runtime: construction stage geometry="recent-8k" table="pages" seconds=0.566457326 stage="hint_columns"
2026-09-09T18:15:20.803019Z DEBUG transparent_shard_server::runtime: construction stage geometry="recent-8k" table="pages" seconds=1.992504159 stage="pack_preprocessing"
2026-09-09T18:15:20.803352Z DEBUG transparent_shard_server::runtime: construction stage geometry="recent-8k" table="pages" seconds=0.000285548 stage="publish_parameters"
2026-09-09T18:15:20.804152Z DEBUG transparent_shard_server::runtime: runtime stage key=("73d46a59d0d03d7616f9a47e53b50448d4c5a3504e6e296600d8884c8c4403b8", Pages, 0) seconds=2.864690804 stage="runtime_build"
2026-09-09T18:15:21.504560Z DEBUG transparent_shard_server::runtime: runtime stage key=("73d46a59d0d03d7616f9a47e53b50448d4c5a3504e6e296600d8884c8c4403b8", Pages, 0) seconds=0.700372902 stage="disk_save"
2026-09-09T18:15:21.504687Z DEBUG transparent_shard_server::runtime: runtime stage key=("16b8227360ce35dd2e111156f5e31fd5eb500ff877879a212fef6cf8471de8a5", Pages, 0) seconds=1.098e-6 stage="restore_slot"
2026-09-09T18:15:21.504808Z DEBUG transparent_shard_server::runtime: runtime stage key=("b16be2933ab920bc4745ea8917e5167a7a685c211e0b4febe88b4d3018f970bc", Directory, 0) seconds=10.92706774 stage="build_slot"
2026-09-09T18:15:21.504881Z DEBUG transparent_shard_server::memory: cold build admission wait seconds=6.2247e-5 admitted=true
2026-09-09T18:15:21.504894Z DEBUG transparent_shard_server::runtime: runtime stage key=("16b8227360ce35dd2e111156f5e31fd5eb500ff877879a212fef6cf8471de8a5", Pages, 0) seconds=5.8437e-5 hit=false stage="disk_restore"
2026-09-09T18:15:21.630655Z DEBUG transparent_shard_server::runtime: runtime stage key=("b16be2933ab920bc4745ea8917e5167a7a685c211e0b4febe88b4d3018f970bc", Directory, 0) seconds=0.125734483 stage="source_load"
2026-09-09T18:15:21.928449Z DEBUG transparent_shard_server::runtime: construction stage geometry="recent-8k" table="directory" seconds=0.2977262 stage="encode_database"
2026-09-09T18:15:21.928580Z DEBUG transparent_shard_server::runtime: construction stage geometry="recent-8k" table="directory" seconds=9.0116e-5 stage="public_setup"
2026-09-09T18:15:22.534124Z DEBUG transparent_shard_server::runtime: construction stage geometry="recent-8k" table="directory" seconds=0.60553484 stage="hint_columns"
2026-09-09T18:15:24.532865Z DEBUG transparent_shard_server::runtime: construction stage geometry="recent-8k" table="directory" seconds=1.99868419 stage="pack_preprocessing"
2026-09-09T18:15:24.533183Z DEBUG transparent_shard_server::runtime: construction stage geometry="recent-8k" table="directory" seconds=0.000275164 stage="publish_parameters"
2026-09-09T18:15:24.533900Z DEBUG transparent_shard_server::runtime: runtime stage key=("b16be2933ab920bc4745ea8917e5167a7a685c211e0b4febe88b4d3018f970bc", Directory, 0) seconds=2.903179842 stage="runtime_build"
2026-09-09T18:15:25.231309Z DEBUG transparent_shard_server::runtime: runtime stage key=("b16be2933ab920bc4745ea8917e5167a7a685c211e0b4febe88b4d3018f970bc", Directory, 0) seconds=0.6973942 stage="disk_save"
2026-09-09T18:15:25.231503Z DEBUG transparent_shard_server::runtime: runtime stage key=("1cd27964911287b2a127c1f8df5e6b0c19f5b4db309391c5adb2db3072bfec6e", Directory, 0) seconds=1.595e-6 stage="restore_slot"
2026-09-09T18:15:25.231621Z DEBUG transparent_shard_server::runtime: runtime stage key=("b16be2933ab920bc4745ea8917e5167a7a685c211e0b4febe88b4d3018f970bc", Pages, 0) seconds=10.995896261 stage="build_slot"
2026-09-09T18:15:25.231655Z DEBUG transparent_shard_server::memory: cold build admission wait seconds=2.7664e-5 admitted=true
2026-09-09T18:15:25.231765Z DEBUG transparent_shard_server::runtime: runtime stage key=("1cd27964911287b2a127c1f8df5e6b0c19f5b4db309391c5adb2db3072bfec6e", Directory, 0) seconds=5.3838e-5 hit=false stage="disk_restore"
2026-09-09T18:15:25.355973Z DEBUG transparent_shard_server::runtime: runtime stage key=("b16be2933ab920bc4745ea8917e5167a7a685c211e0b4febe88b4d3018f970bc", Pages, 0) seconds=0.124230998 stage="source_load"
2026-09-09T18:15:25.658544Z DEBUG transparent_shard_server::runtime: construction stage geometry="recent-8k" table="pages" seconds=0.302522284 stage="encode_database"
2026-09-09T18:15:25.658659Z DEBUG transparent_shard_server::runtime: construction stage geometry="recent-8k" table="pages" seconds=6.9733e-5 stage="public_setup"
2026-09-09T18:15:26.219064Z DEBUG transparent_shard_server::runtime: construction stage geometry="recent-8k" table="pages" seconds=0.560398213 stage="hint_columns"
2026-09-09T18:15:28.204338Z DEBUG transparent_shard_server::runtime: construction stage geometry="recent-8k" table="pages" seconds=1.985220012 stage="pack_preprocessing"
2026-09-09T18:15:28.204692Z DEBUG transparent_shard_server::runtime: construction stage geometry="recent-8k" table="pages" seconds=0.000308782 stage="publish_parameters"
2026-09-09T18:15:28.205516Z DEBUG transparent_shard_server::runtime: runtime stage key=("b16be2933ab920bc4745ea8917e5167a7a685c211e0b4febe88b4d3018f970bc", Pages, 0) seconds=2.849495861 stage="runtime_build"
2026-09-09T18:15:28.902720Z DEBUG transparent_shard_server::runtime: runtime stage key=("b16be2933ab920bc4745ea8917e5167a7a685c211e0b4febe88b4d3018f970bc", Pages, 0) seconds=0.697178116 stage="disk_save"
2026-09-09T18:15:28.902846Z DEBUG transparent_shard_server::runtime: runtime stage key=("1cd27964911287b2a127c1f8df5e6b0c19f5b4db309391c5adb2db3072bfec6e", Pages, 0) seconds=1.131e-6 stage="restore_slot"
2026-09-09T18:15:28.902967Z DEBUG transparent_shard_server::runtime: runtime stage key=("16b8227360ce35dd2e111156f5e31fd5eb500ff877879a212fef6cf8471de8a5", Directory, 0) seconds=11.086789151 stage="build_slot"
2026-09-09T18:15:28.903000Z DEBUG transparent_shard_server::memory: cold build admission wait seconds=2.5162e-5 admitted=true
2026-09-09T18:15:28.903027Z DEBUG transparent_shard_server::runtime: runtime stage key=("1cd27964911287b2a127c1f8df5e6b0c19f5b4db309391c5adb2db3072bfec6e", Pages, 0) seconds=3.8158e-5 hit=false stage="disk_restore"
2026-09-09T18:15:29.027122Z DEBUG transparent_shard_server::runtime: runtime stage key=("16b8227360ce35dd2e111156f5e31fd5eb500ff877879a212fef6cf8471de8a5", Directory, 0) seconds=0.124080866 stage="source_load"
2026-09-09T18:15:29.334789Z DEBUG transparent_shard_server::runtime: construction stage geometry="recent-8k" table="directory" seconds=0.307608287 stage="encode_database"
2026-09-09T18:15:29.334918Z DEBUG transparent_shard_server::runtime: construction stage geometry="recent-8k" table="directory" seconds=8.6859e-5 stage="public_setup"
2026-09-09T18:15:29.857183Z DEBUG transparent_shard_server::runtime: construction stage geometry="recent-8k" table="directory" seconds=0.522259234 stage="hint_columns"
2026-09-09T18:15:31.833893Z DEBUG transparent_shard_server::runtime: construction stage geometry="recent-8k" table="directory" seconds=1.976665926 stage="pack_preprocessing"
2026-09-09T18:15:31.834223Z DEBUG transparent_shard_server::runtime: construction stage geometry="recent-8k" table="directory" seconds=0.000285969 stage="publish_parameters"
2026-09-09T18:15:31.835054Z DEBUG transparent_shard_server::runtime: runtime stage key=("16b8227360ce35dd2e111156f5e31fd5eb500ff877879a212fef6cf8471de8a5", Directory, 0) seconds=2.807875056 stage="runtime_build"
2026-09-09T18:15:32.556257Z DEBUG transparent_shard_server::runtime: runtime stage key=("16b8227360ce35dd2e111156f5e31fd5eb500ff877879a212fef6cf8471de8a5", Directory, 0) seconds=0.721180586 stage="disk_save"
2026-09-09T18:15:32.556399Z DEBUG transparent_shard_server::runtime: runtime stage key=("27f56c565263ecffb8c7736d4e811665d81bf4ed71c7978431fcc4f45b645ee1", Directory, 0) seconds=1.01e-6 stage="restore_slot"
2026-09-09T18:15:32.556518Z DEBUG transparent_shard_server::runtime: runtime stage key=("16b8227360ce35dd2e111156f5e31fd5eb500ff877879a212fef6cf8471de8a5", Pages, 0) seconds=11.05158401 stage="build_slot"
2026-09-09T18:15:32.556552Z DEBUG transparent_shard_server::memory: cold build admission wait seconds=2.5548e-5 admitted=true
2026-09-09T18:15:32.556578Z DEBUG transparent_shard_server::runtime: runtime stage key=("27f56c565263ecffb8c7736d4e811665d81bf4ed71c7978431fcc4f45b645ee1", Directory, 0) seconds=3.7672e-5 hit=false stage="disk_restore"
2026-09-09T18:15:32.681576Z DEBUG transparent_shard_server::runtime: runtime stage key=("16b8227360ce35dd2e111156f5e31fd5eb500ff877879a212fef6cf8471de8a5", Pages, 0) seconds=0.124996489 stage="source_load"
2026-09-09T18:15:32.982520Z DEBUG transparent_shard_server::runtime: construction stage geometry="recent-8k" table="pages" seconds=0.300887488 stage="encode_database"
2026-09-09T18:15:32.982657Z DEBUG transparent_shard_server::runtime: construction stage geometry="recent-8k" table="pages" seconds=9.4318e-5 stage="public_setup"
2026-09-09T18:15:33.545214Z DEBUG transparent_shard_server::runtime: construction stage geometry="recent-8k" table="pages" seconds=0.562547074 stage="hint_columns"
2026-09-09T18:15:35.543420Z DEBUG transparent_shard_server::runtime: construction stage geometry="recent-8k" table="pages" seconds=1.9981535240000001 stage="pack_preprocessing"
2026-09-09T18:15:35.543744Z DEBUG transparent_shard_server::runtime: construction stage geometry="recent-8k" table="pages" seconds=0.000282327 stage="publish_parameters"
2026-09-09T18:15:35.544539Z DEBUG transparent_shard_server::runtime: runtime stage key=("16b8227360ce35dd2e111156f5e31fd5eb500ff877879a212fef6cf8471de8a5", Pages, 0) seconds=2.8629093770000003 stage="runtime_build"
2026-09-09T18:15:36.232365Z DEBUG transparent_shard_server::runtime: runtime stage key=("16b8227360ce35dd2e111156f5e31fd5eb500ff877879a212fef6cf8471de8a5", Pages, 0) seconds=0.687805105 stage="disk_save"
2026-09-09T18:15:36.232587Z DEBUG transparent_shard_server::runtime: runtime stage key=("27f56c565263ecffb8c7736d4e811665d81bf4ed71c7978431fcc4f45b645ee1", Pages, 0) seconds=9.76e-7 stage="restore_slot"
2026-09-09T18:15:36.232726Z DEBUG transparent_shard_server::runtime: runtime stage key=("1cd27964911287b2a127c1f8df5e6b0c19f5b4db309391c5adb2db3072bfec6e", Directory, 0) seconds=11.000930104 stage="build_slot"
2026-09-09T18:15:36.232775Z DEBUG transparent_shard_server::memory: cold build admission wait seconds=2.6301e-5 admitted=true
2026-09-09T18:15:36.232790Z DEBUG transparent_shard_server::runtime: runtime stage key=("27f56c565263ecffb8c7736d4e811665d81bf4ed71c7978431fcc4f45b645ee1", Pages, 0) seconds=3.8328e-5 hit=false stage="disk_restore"
2026-09-09T18:15:36.357317Z DEBUG transparent_shard_server::runtime: runtime stage key=("1cd27964911287b2a127c1f8df5e6b0c19f5b4db309391c5adb2db3072bfec6e", Directory, 0) seconds=0.124499657 stage="source_load"
2026-09-09T18:15:36.646059Z DEBUG transparent_shard_server::runtime: construction stage geometry="recent-8k" table="directory" seconds=0.288693975 stage="encode_database"
2026-09-09T18:15:36.646190Z DEBUG transparent_shard_server::runtime: construction stage geometry="recent-8k" table="directory" seconds=8.5437e-5 stage="public_setup"
2026-09-09T18:15:37.154684Z DEBUG transparent_shard_server::runtime: construction stage geometry="recent-8k" table="directory" seconds=0.508486182 stage="hint_columns"
2026-09-09T18:15:39.129439Z DEBUG transparent_shard_server::runtime: construction stage geometry="recent-8k" table="directory" seconds=1.974706766 stage="pack_preprocessing"
2026-09-09T18:15:39.129748Z DEBUG transparent_shard_server::runtime: construction stage geometry="recent-8k" table="directory" seconds=0.000264331 stage="publish_parameters"
2026-09-09T18:15:39.130590Z DEBUG transparent_shard_server::runtime: runtime stage key=("1cd27964911287b2a127c1f8df5e6b0c19f5b4db309391c5adb2db3072bfec6e", Directory, 0) seconds=2.773225478 stage="runtime_build"
2026-09-09T18:15:39.811573Z DEBUG transparent_shard_server::runtime: runtime stage key=("1cd27964911287b2a127c1f8df5e6b0c19f5b4db309391c5adb2db3072bfec6e", Directory, 0) seconds=0.680952777 stage="disk_save"
2026-09-09T18:15:39.811708Z DEBUG transparent_shard_server::runtime: runtime stage key=("ced665ae1f1140944bcd0c9aa2b83c1019df768df87fa513f9509106fc5b88c1", Directory, 0) seconds=1.187e-6 stage="restore_slot"
2026-09-09T18:15:39.811823Z DEBUG transparent_shard_server::runtime: runtime stage key=("1cd27964911287b2a127c1f8df5e6b0c19f5b4db309391c5adb2db3072bfec6e", Pages, 0) seconds=10.908744167 stage="build_slot"
2026-09-09T18:15:39.811849Z DEBUG transparent_shard_server::runtime: runtime stage key=("ced665ae1f1140944bcd0c9aa2b83c1019df768df87fa513f9509106fc5b88c1", Directory, 0) seconds=2.6171e-5 hit=false stage="disk_restore"
2026-09-09T18:15:39.811857Z DEBUG transparent_shard_server::memory: cold build admission wait seconds=2.5293e-5 admitted=true
2026-09-09T18:15:39.933999Z DEBUG transparent_shard_server::runtime: runtime stage key=("1cd27964911287b2a127c1f8df5e6b0c19f5b4db309391c5adb2db3072bfec6e", Pages, 0) seconds=0.122110076 stage="source_load"
2026-09-09T18:15:40.236266Z DEBUG transparent_shard_server::runtime: construction stage geometry="recent-8k" table="pages" seconds=0.30221502 stage="encode_database"
2026-09-09T18:15:40.236385Z DEBUG transparent_shard_server::runtime: construction stage geometry="recent-8k" table="pages" seconds=7.6046e-5 stage="public_setup"
test burst::publication_burst_under_exact_load has been running for over 60 seconds
2026-09-09T18:15:40.803349Z DEBUG transparent_shard_server::runtime: construction stage geometry="recent-8k" table="pages" seconds=0.566955948 stage="hint_columns"
2026-09-09T18:15:42.750415Z DEBUG transparent_shard_server::runtime: construction stage geometry="recent-8k" table="pages" seconds=1.947020759 stage="pack_preprocessing"
2026-09-09T18:15:42.750708Z DEBUG transparent_shard_server::runtime: construction stage geometry="recent-8k" table="pages" seconds=0.000251686 stage="publish_parameters"
2026-09-09T18:15:42.751502Z DEBUG transparent_shard_server::runtime: runtime stage key=("1cd27964911287b2a127c1f8df5e6b0c19f5b4db309391c5adb2db3072bfec6e", Pages, 0) seconds=2.8174532389999998 stage="runtime_build"
2026-09-09T18:15:43.430121Z DEBUG transparent_shard_server::runtime: runtime stage key=("1cd27964911287b2a127c1f8df5e6b0c19f5b4db309391c5adb2db3072bfec6e", Pages, 0) seconds=0.678596044 stage="disk_save"
2026-09-09T18:15:43.430248Z DEBUG transparent_shard_server::runtime: runtime stage key=("ced665ae1f1140944bcd0c9aa2b83c1019df768df87fa513f9509106fc5b88c1", Pages, 0) seconds=1.056e-6 stage="restore_slot"
2026-09-09T18:15:43.430360Z DEBUG transparent_shard_server::runtime: runtime stage key=("27f56c565263ecffb8c7736d4e811665d81bf4ed71c7978431fcc4f45b645ee1", Directory, 0) seconds=10.873733216 stage="build_slot"
2026-09-09T18:15:43.430391Z DEBUG transparent_shard_server::memory: cold build admission wait seconds=2.5147e-5 admitted=true
2026-09-09T18:15:43.430417Z DEBUG transparent_shard_server::runtime: runtime stage key=("ced665ae1f1140944bcd0c9aa2b83c1019df768df87fa513f9509106fc5b88c1", Pages, 0) seconds=3.6263e-5 hit=false stage="disk_restore"
2026-09-09T18:15:43.554627Z DEBUG transparent_shard_server::runtime: runtime stage key=("27f56c565263ecffb8c7736d4e811665d81bf4ed71c7978431fcc4f45b645ee1", Directory, 0) seconds=0.124184981 stage="source_load"
2026-09-09T18:15:43.857682Z DEBUG transparent_shard_server::runtime: construction stage geometry="recent-8k" table="directory" seconds=0.303008191 stage="encode_database"
2026-09-09T18:15:43.857799Z DEBUG transparent_shard_server::runtime: construction stage geometry="recent-8k" table="directory" seconds=7.6009e-5 stage="public_setup"
2026-09-09T18:15:44.375410Z DEBUG transparent_shard_server::runtime: construction stage geometry="recent-8k" table="directory" seconds=0.517604064 stage="hint_columns"
2026-09-09T18:15:46.325937Z DEBUG transparent_shard_server::runtime: construction stage geometry="recent-8k" table="directory" seconds=1.9504832749999998 stage="pack_preprocessing"
2026-09-09T18:15:46.326260Z DEBUG transparent_shard_server::runtime: construction stage geometry="recent-8k" table="directory" seconds=0.000279495 stage="publish_parameters"
2026-09-09T18:15:46.327039Z DEBUG transparent_shard_server::runtime: runtime stage key=("27f56c565263ecffb8c7736d4e811665d81bf4ed71c7978431fcc4f45b645ee1", Directory, 0) seconds=2.7723671530000003 stage="runtime_build"
2026-09-09T18:15:47.027188Z DEBUG transparent_shard_server::runtime: runtime stage key=("27f56c565263ecffb8c7736d4e811665d81bf4ed71c7978431fcc4f45b645ee1", Directory, 0) seconds=0.700130754 stage="disk_save"
2026-09-09T18:15:47.027372Z DEBUG transparent_shard_server::runtime: runtime stage key=("2d4497bf9e8bafc6139ee4e57114238a7ecfa0782702939922bf2a79b1fe05bf", Directory, 0) seconds=1.113e-6 stage="restore_slot"
2026-09-09T18:15:47.027491Z DEBUG transparent_shard_server::runtime: runtime stage key=("27f56c565263ecffb8c7736d4e811665d81bf4ed71c7978431fcc4f45b645ee1", Pages, 0) seconds=10.794660539 stage="build_slot"
2026-09-09T18:15:47.027537Z DEBUG transparent_shard_server::memory: cold build admission wait seconds=3.7323e-5 admitted=true
2026-09-09T18:15:47.027518Z DEBUG transparent_shard_server::runtime: runtime stage key=("2d4497bf9e8bafc6139ee4e57114238a7ecfa0782702939922bf2a79b1fe05bf", Directory, 0) seconds=2.9122e-5 hit=false stage="disk_restore"
2026-09-09T18:15:47.162552Z DEBUG transparent_shard_server::runtime: runtime stage key=("27f56c565263ecffb8c7736d4e811665d81bf4ed71c7978431fcc4f45b645ee1", Pages, 0) seconds=0.134993653 stage="source_load"
2026-09-09T18:15:47.464912Z DEBUG transparent_shard_server::runtime: construction stage geometry="recent-8k" table="pages" seconds=0.30231226 stage="encode_database"
2026-09-09T18:15:47.465022Z DEBUG transparent_shard_server::runtime: construction stage geometry="recent-8k" table="pages" seconds=5.9973e-5 stage="public_setup"
2026-09-09T18:15:48.068318Z DEBUG transparent_shard_server::runtime: construction stage geometry="recent-8k" table="pages" seconds=0.603288276 stage="hint_columns"
2026-09-09T18:15:50.108400Z DEBUG transparent_shard_server::runtime: construction stage geometry="recent-8k" table="pages" seconds=2.040035908 stage="pack_preprocessing"
2026-09-09T18:15:50.108724Z DEBUG transparent_shard_server::runtime: construction stage geometry="recent-8k" table="pages" seconds=0.000282881 stage="publish_parameters"
2026-09-09T18:15:50.109591Z DEBUG transparent_shard_server::runtime: runtime stage key=("27f56c565263ecffb8c7736d4e811665d81bf4ed71c7978431fcc4f45b645ee1", Pages, 0) seconds=2.9469931320000002 stage="runtime_build"
2026-09-09T18:15:50.829247Z DEBUG transparent_shard_server::runtime: runtime stage key=("27f56c565263ecffb8c7736d4e811665d81bf4ed71c7978431fcc4f45b645ee1", Pages, 0) seconds=0.719632405 stage="disk_save"
2026-09-09T18:15:50.829550Z DEBUG transparent_shard_server::runtime: runtime stage key=("2d4497bf9e8bafc6139ee4e57114238a7ecfa0782702939922bf2a79b1fe05bf", Pages, 0) seconds=1.123e-6 stage="restore_slot"
2026-09-09T18:15:50.829653Z DEBUG transparent_shard_server::runtime: runtime stage key=("ced665ae1f1140944bcd0c9aa2b83c1019df768df87fa513f9509106fc5b88c1", Directory, 0) seconds=11.017780122 stage="build_slot"
2026-09-09T18:15:50.829685Z DEBUG transparent_shard_server::memory: cold build admission wait seconds=2.4439e-5 admitted=true
2026-09-09T18:15:50.829718Z DEBUG transparent_shard_server::runtime: runtime stage key=("2d4497bf9e8bafc6139ee4e57114238a7ecfa0782702939922bf2a79b1fe05bf", Pages, 0) seconds=3.8651e-5 hit=false stage="disk_restore"
2026-09-09T18:15:50.952748Z DEBUG transparent_shard_server::runtime: runtime stage key=("ced665ae1f1140944bcd0c9aa2b83c1019df768df87fa513f9509106fc5b88c1", Directory, 0) seconds=0.123035672 stage="source_load"
2026-09-09T18:15:51.261558Z DEBUG transparent_shard_server::runtime: construction stage geometry="recent-8k" table="directory" seconds=0.308755837 stage="encode_database"
2026-09-09T18:15:51.261679Z DEBUG transparent_shard_server::runtime: construction stage geometry="recent-8k" table="directory" seconds=7.6504e-5 stage="public_setup"
2026-09-09T18:15:51.811225Z DEBUG transparent_shard_server::runtime: construction stage geometry="recent-8k" table="directory" seconds=0.549538944 stage="hint_columns"
2026-09-09T18:15:53.816419Z DEBUG transparent_shard_server::runtime: construction stage geometry="recent-8k" table="directory" seconds=2.005148831 stage="pack_preprocessing"
2026-09-09T18:15:53.816740Z DEBUG transparent_shard_server::runtime: construction stage geometry="recent-8k" table="directory" seconds=0.000281644 stage="publish_parameters"
2026-09-09T18:15:53.817575Z DEBUG transparent_shard_server::runtime: runtime stage key=("ced665ae1f1140944bcd0c9aa2b83c1019df768df87fa513f9509106fc5b88c1", Directory, 0) seconds=2.86477378 stage="runtime_build"
2026-09-09T18:15:54.541440Z DEBUG transparent_shard_server::runtime: runtime stage key=("ced665ae1f1140944bcd0c9aa2b83c1019df768df87fa513f9509106fc5b88c1", Directory, 0) seconds=0.723836838 stage="disk_save"
2026-09-09T18:15:54.541568Z DEBUG transparent_shard_server::runtime: runtime stage key=("a4bd72b37c0aafb265c77bb09cbc402cf69b65a87a1fabc8a0f12614b35469be", Directory, 0) seconds=1.193e-6 stage="restore_slot"
2026-09-09T18:15:54.541680Z DEBUG transparent_shard_server::runtime: runtime stage key=("ced665ae1f1140944bcd0c9aa2b83c1019df768df87fa513f9509106fc5b88c1", Pages, 0) seconds=11.111227514 stage="build_slot"
2026-09-09T18:15:54.541711Z DEBUG transparent_shard_server::memory: cold build admission wait seconds=2.5313e-5 admitted=true
2026-09-09T18:15:54.541839Z DEBUG transparent_shard_server::runtime: runtime stage key=("a4bd72b37c0aafb265c77bb09cbc402cf69b65a87a1fabc8a0f12614b35469be", Directory, 0) seconds=0.000157254 hit=false stage="disk_restore"
2026-09-09T18:15:54.666666Z DEBUG transparent_shard_server::runtime: runtime stage key=("ced665ae1f1140944bcd0c9aa2b83c1019df768df87fa513f9509106fc5b88c1", Pages, 0) seconds=0.124933557 stage="source_load"
2026-09-09T18:15:54.959696Z DEBUG transparent_shard_server::runtime: construction stage geometry="recent-8k" table="pages" seconds=0.292977402 stage="encode_database"
2026-09-09T18:15:54.959809Z DEBUG transparent_shard_server::runtime: construction stage geometry="recent-8k" table="pages" seconds=6.6731e-5 stage="public_setup"
2026-09-09T18:15:55.529993Z DEBUG transparent_shard_server::runtime: construction stage geometry="recent-8k" table="pages" seconds=0.570177588 stage="hint_columns"
2026-09-09T18:15:57.519540Z DEBUG transparent_shard_server::runtime: construction stage geometry="recent-8k" table="pages" seconds=1.989483779 stage="pack_preprocessing"
2026-09-09T18:15:57.519861Z DEBUG transparent_shard_server::runtime: construction stage geometry="recent-8k" table="pages" seconds=0.000278914 stage="publish_parameters"
2026-09-09T18:15:57.520770Z DEBUG transparent_shard_server::runtime: runtime stage key=("ced665ae1f1140944bcd0c9aa2b83c1019df768df87fa513f9509106fc5b88c1", Pages, 0) seconds=2.854053218 stage="runtime_build"
2026-09-09T18:15:58.227395Z DEBUG transparent_shard_server::runtime: runtime stage key=("ced665ae1f1140944bcd0c9aa2b83c1019df768df87fa513f9509106fc5b88c1", Pages, 0) seconds=0.706594144 stage="disk_save"
2026-09-09T18:15:58.227518Z DEBUG transparent_shard_server::runtime: runtime stage key=("a4bd72b37c0aafb265c77bb09cbc402cf69b65a87a1fabc8a0f12614b35469be", Pages, 0) seconds=1.249e-6 stage="restore_slot"
2026-09-09T18:15:58.227594Z DEBUG transparent_shard_server::runtime: runtime stage key=("2d4497bf9e8bafc6139ee4e57114238a7ecfa0782702939922bf2a79b1fe05bf", Directory, 0) seconds=11.200023809 stage="build_slot"
2026-09-09T18:15:58.227747Z DEBUG transparent_shard_server::memory: cold build admission wait seconds=0.000146992 admitted=true
2026-09-09T18:15:58.227950Z DEBUG transparent_shard_server::runtime: runtime stage key=("a4bd72b37c0aafb265c77bb09cbc402cf69b65a87a1fabc8a0f12614b35469be", Pages, 0) seconds=4.614e-5 hit=false stage="disk_restore"
2026-09-09T18:15:58.350020Z DEBUG transparent_shard_server::runtime: runtime stage key=("2d4497bf9e8bafc6139ee4e57114238a7ecfa0782702939922bf2a79b1fe05bf", Directory, 0) seconds=0.122227846 stage="source_load"
2026-09-09T18:15:58.656661Z DEBUG transparent_shard_server::runtime: construction stage geometry="recent-8k" table="directory" seconds=0.306573917 stage="encode_database"
2026-09-09T18:15:58.656795Z DEBUG transparent_shard_server::runtime: construction stage geometry="recent-8k" table="directory" seconds=7.5156e-5 stage="public_setup"
2026-09-09T18:15:59.184528Z DEBUG transparent_shard_server::runtime: construction stage geometry="recent-8k" table="directory" seconds=0.527725864 stage="hint_columns"
2026-09-09T18:16:01.186552Z DEBUG transparent_shard_server::runtime: construction stage geometry="recent-8k" table="directory" seconds=2.001982075 stage="pack_preprocessing"
2026-09-09T18:16:01.186871Z DEBUG transparent_shard_server::runtime: construction stage geometry="recent-8k" table="directory" seconds=0.000275244 stage="publish_parameters"
2026-09-09T18:16:01.187780Z DEBUG transparent_shard_server::runtime: runtime stage key=("2d4497bf9e8bafc6139ee4e57114238a7ecfa0782702939922bf2a79b1fe05bf", Directory, 0) seconds=2.837693932 stage="runtime_build"
2026-09-09T18:16:01.912012Z DEBUG transparent_shard_server::runtime: runtime stage key=("2d4497bf9e8bafc6139ee4e57114238a7ecfa0782702939922bf2a79b1fe05bf", Directory, 0) seconds=0.72420477 stage="disk_save"
2026-09-09T18:16:01.912235Z DEBUG transparent_shard_server::runtime: runtime stage key=("c907a0aa45b2551520863990845279fd25135889865e088c2dad6ea0d32b8fde", Directory, 0) seconds=1.591e-6 stage="restore_slot"
2026-09-09T18:16:01.912359Z DEBUG transparent_shard_server::runtime: runtime stage key=("2d4497bf9e8bafc6139ee4e57114238a7ecfa0782702939922bf2a79b1fe05bf", Pages, 0) seconds=11.082601386 stage="build_slot"
2026-09-09T18:16:01.912403Z DEBUG transparent_shard_server::memory: cold build admission wait seconds=3.5122e-5 admitted=true
2026-09-09T18:16:01.912405Z DEBUG transparent_shard_server::runtime: runtime stage key=("c907a0aa45b2551520863990845279fd25135889865e088c2dad6ea0d32b8fde", Directory, 0) seconds=4.3254e-5 hit=false stage="disk_restore"
2026-09-09T18:16:02.035711Z DEBUG transparent_shard_server::runtime: runtime stage key=("2d4497bf9e8bafc6139ee4e57114238a7ecfa0782702939922bf2a79b1fe05bf", Pages, 0) seconds=0.123286454 stage="source_load"
2026-09-09T18:16:02.345049Z DEBUG transparent_shard_server::runtime: construction stage geometry="recent-8k" table="pages" seconds=0.309259056 stage="encode_database"
2026-09-09T18:16:02.345176Z DEBUG transparent_shard_server::runtime: construction stage geometry="recent-8k" table="pages" seconds=8.65e-5 stage="public_setup"
2026-09-09T18:16:02.911187Z DEBUG transparent_shard_server::runtime: construction stage geometry="recent-8k" table="pages" seconds=0.566003357 stage="hint_columns"
2026-09-09T18:16:04.916465Z DEBUG transparent_shard_server::runtime: construction stage geometry="recent-8k" table="pages" seconds=2.005229504 stage="pack_preprocessing"
2026-09-09T18:16:04.916780Z DEBUG transparent_shard_server::runtime: construction stage geometry="recent-8k" table="pages" seconds=0.000276229 stage="publish_parameters"
2026-09-09T18:16:04.917607Z DEBUG transparent_shard_server::runtime: runtime stage key=("2d4497bf9e8bafc6139ee4e57114238a7ecfa0782702939922bf2a79b1fe05bf", Pages, 0) seconds=2.881820556 stage="runtime_build"
2026-09-09T18:16:05.619128Z DEBUG transparent_shard_server::runtime: runtime stage key=("2d4497bf9e8bafc6139ee4e57114238a7ecfa0782702939922bf2a79b1fe05bf", Pages, 0) seconds=0.70149745 stage="disk_save"
2026-09-09T18:16:05.619251Z DEBUG transparent_shard_server::runtime: runtime stage key=("c907a0aa45b2551520863990845279fd25135889865e088c2dad6ea0d32b8fde", Pages, 0) seconds=1.646e-6 stage="restore_slot"
2026-09-09T18:16:05.619328Z DEBUG transparent_shard_server::runtime: runtime stage key=("a4bd72b37c0aafb265c77bb09cbc402cf69b65a87a1fabc8a0f12614b35469be", Directory, 0) seconds=11.077437661 stage="build_slot"
2026-09-09T18:16:05.619486Z DEBUG transparent_shard_server::memory: cold build admission wait seconds=0.000152077 admitted=true
2026-09-09T18:16:05.619679Z DEBUG transparent_shard_server::runtime: runtime stage key=("c907a0aa45b2551520863990845279fd25135889865e088c2dad6ea0d32b8fde", Pages, 0) seconds=3.8123e-5 hit=false stage="disk_restore"
2026-09-09T18:16:05.743099Z DEBUG transparent_shard_server::runtime: runtime stage key=("a4bd72b37c0aafb265c77bb09cbc402cf69b65a87a1fabc8a0f12614b35469be", Directory, 0) seconds=0.123562449 stage="source_load"
2026-09-09T18:16:06.056588Z DEBUG transparent_shard_server::runtime: construction stage geometry="recent-8k" table="directory" seconds=0.313442421 stage="encode_database"
2026-09-09T18:16:06.056728Z DEBUG transparent_shard_server::runtime: construction stage geometry="recent-8k" table="directory" seconds=8.6534e-5 stage="public_setup"
2026-09-09T18:16:06.567452Z DEBUG transparent_shard_server::runtime: construction stage geometry="recent-8k" table="directory" seconds=0.510717944 stage="hint_columns"
2026-09-09T18:16:08.567641Z DEBUG transparent_shard_server::runtime: construction stage geometry="recent-8k" table="directory" seconds=2.000142692 stage="pack_preprocessing"
2026-09-09T18:16:08.567946Z DEBUG transparent_shard_server::runtime: construction stage geometry="recent-8k" table="directory" seconds=0.000266691 stage="publish_parameters"
2026-09-09T18:16:08.568784Z DEBUG transparent_shard_server::runtime: runtime stage key=("a4bd72b37c0aafb265c77bb09cbc402cf69b65a87a1fabc8a0f12614b35469be", Directory, 0) seconds=2.825639646 stage="runtime_build"
2026-09-09T18:16:09.294577Z DEBUG transparent_shard_server::runtime: runtime stage key=("a4bd72b37c0aafb265c77bb09cbc402cf69b65a87a1fabc8a0f12614b35469be", Directory, 0) seconds=0.725768629 stage="disk_save"
2026-09-09T18:16:09.294702Z DEBUG transparent_shard_server::runtime: runtime stage key=("67574e8d4c7f7c258f8c7488f73e80a9476f8074c3db3540325133ff25020c2b", Directory, 0) seconds=1.225e-6 stage="restore_slot"
2026-09-09T18:16:09.294810Z DEBUG transparent_shard_server::runtime: runtime stage key=("a4bd72b37c0aafb265c77bb09cbc402cf69b65a87a1fabc8a0f12614b35469be", Pages, 0) seconds=11.066815977 stage="build_slot"
2026-09-09T18:16:09.294836Z DEBUG transparent_shard_server::runtime: runtime stage key=("67574e8d4c7f7c258f8c7488f73e80a9476f8074c3db3540325133ff25020c2b", Directory, 0) seconds=2.7272e-5 hit=false stage="disk_restore"
2026-09-09T18:16:09.294843Z DEBUG transparent_shard_server::memory: cold build admission wait seconds=2.6581e-5 admitted=true
2026-09-09T18:16:09.417564Z DEBUG transparent_shard_server::runtime: runtime stage key=("a4bd72b37c0aafb265c77bb09cbc402cf69b65a87a1fabc8a0f12614b35469be", Pages, 0) seconds=0.122683249 stage="source_load"
2026-09-09T18:16:09.723343Z DEBUG transparent_shard_server::runtime: construction stage geometry="recent-8k" table="pages" seconds=0.305733776 stage="encode_database"
2026-09-09T18:16:09.723456Z DEBUG transparent_shard_server::runtime: construction stage geometry="recent-8k" table="pages" seconds=7.1534e-5 stage="public_setup"
2026-09-09T18:16:10.288269Z DEBUG transparent_shard_server::runtime: construction stage geometry="recent-8k" table="pages" seconds=0.564806942 stage="hint_columns"
2026-09-09T18:16:12.327688Z DEBUG transparent_shard_server::runtime: construction stage geometry="recent-8k" table="pages" seconds=2.039376361 stage="pack_preprocessing"
2026-09-09T18:16:12.327984Z DEBUG transparent_shard_server::runtime: construction stage geometry="recent-8k" table="pages" seconds=0.00025326 stage="publish_parameters"
2026-09-09T18:16:12.328828Z DEBUG transparent_shard_server::runtime: runtime stage key=("a4bd72b37c0aafb265c77bb09cbc402cf69b65a87a1fabc8a0f12614b35469be", Pages, 0) seconds=2.911220979 stage="runtime_build"
2026-09-09T18:16:13.072182Z DEBUG transparent_shard_server::runtime: runtime stage key=("a4bd72b37c0aafb265c77bb09cbc402cf69b65a87a1fabc8a0f12614b35469be", Pages, 0) seconds=0.743328081 stage="disk_save"
2026-09-09T18:16:13.072288Z DEBUG transparent_shard_server::runtime: runtime stage key=("67574e8d4c7f7c258f8c7488f73e80a9476f8074c3db3540325133ff25020c2b", Pages, 0) seconds=1.177e-6 stage="restore_slot"
2026-09-09T18:16:13.072387Z DEBUG transparent_shard_server::runtime: runtime stage key=("c907a0aa45b2551520863990845279fd25135889865e088c2dad6ea0d32b8fde", Directory, 0) seconds=11.1599677 stage="build_slot"
2026-09-09T18:16:13.072419Z DEBUG transparent_shard_server::memory: cold build admission wait seconds=2.5704e-5 admitted=true
2026-09-09T18:16:13.072445Z DEBUG transparent_shard_server::runtime: runtime stage key=("67574e8d4c7f7c258f8c7488f73e80a9476f8074c3db3540325133ff25020c2b", Pages, 0) seconds=4.0779e-5 hit=false stage="disk_restore"
2026-09-09T18:16:13.196523Z DEBUG transparent_shard_server::runtime: runtime stage key=("c907a0aa45b2551520863990845279fd25135889865e088c2dad6ea0d32b8fde", Directory, 0) seconds=0.124056142 stage="source_load"
2026-09-09T18:16:13.508018Z DEBUG transparent_shard_server::runtime: construction stage geometry="recent-8k" table="directory" seconds=0.311440131 stage="encode_database"
2026-09-09T18:16:13.508152Z DEBUG transparent_shard_server::runtime: construction stage geometry="recent-8k" table="directory" seconds=7.7964e-5 stage="public_setup"
2026-09-09T18:16:14.036288Z DEBUG transparent_shard_server::runtime: construction stage geometry="recent-8k" table="directory" seconds=0.528129314 stage="hint_columns"
2026-09-09T18:16:16.049971Z DEBUG transparent_shard_server::runtime: construction stage geometry="recent-8k" table="directory" seconds=2.013633677 stage="pack_preprocessing"
2026-09-09T18:16:16.050302Z DEBUG transparent_shard_server::runtime: construction stage geometry="recent-8k" table="directory" seconds=0.000290617 stage="publish_parameters"
2026-09-09T18:16:16.051229Z DEBUG transparent_shard_server::runtime: runtime stage key=("c907a0aa45b2551520863990845279fd25135889865e088c2dad6ea0d32b8fde", Directory, 0) seconds=2.854653141 stage="runtime_build"
2026-09-09T18:16:16.780757Z DEBUG transparent_shard_server::runtime: runtime stage key=("c907a0aa45b2551520863990845279fd25135889865e088c2dad6ea0d32b8fde", Directory, 0) seconds=0.729507174 stage="disk_save"
2026-09-09T18:16:16.780887Z DEBUG transparent_shard_server::runtime: runtime stage key=("c907a0aa45b2551520863990845279fd25135889865e088c2dad6ea0d32b8fde", Pages, 0) seconds=11.161167195 stage="build_slot"
2026-09-09T18:16:16.780972Z DEBUG transparent_shard_server::memory: cold build admission wait seconds=6.4341e-5 admitted=true
2026-09-09T18:16:16.904461Z DEBUG transparent_shard_server::runtime: runtime stage key=("c907a0aa45b2551520863990845279fd25135889865e088c2dad6ea0d32b8fde", Pages, 0) seconds=0.123451082 stage="source_load"
2026-09-09T18:16:17.196388Z DEBUG transparent_shard_server::runtime: construction stage geometry="recent-8k" table="pages" seconds=0.291873062 stage="encode_database"
2026-09-09T18:16:17.196510Z DEBUG transparent_shard_server::runtime: construction stage geometry="recent-8k" table="pages" seconds=7.4377e-5 stage="public_setup"
2026-09-09T18:16:17.755517Z DEBUG transparent_shard_server::runtime: construction stage geometry="recent-8k" table="pages" seconds=0.559000084 stage="hint_columns"
2026-09-09T18:16:19.720896Z DEBUG transparent_shard_server::runtime: construction stage geometry="recent-8k" table="pages" seconds=1.965332276 stage="pack_preprocessing"
2026-09-09T18:16:19.721228Z DEBUG transparent_shard_server::runtime: construction stage geometry="recent-8k" table="pages" seconds=0.000289214 stage="publish_parameters"
2026-09-09T18:16:19.722039Z DEBUG transparent_shard_server::runtime: runtime stage key=("c907a0aa45b2551520863990845279fd25135889865e088c2dad6ea0d32b8fde", Pages, 0) seconds=2.817525361 stage="runtime_build"
2026-09-09T18:16:20.384674Z DEBUG transparent_shard_server::runtime: runtime stage key=("c907a0aa45b2551520863990845279fd25135889865e088c2dad6ea0d32b8fde", Pages, 0) seconds=0.662616995 stage="disk_save"
2026-09-09T18:16:20.384744Z DEBUG transparent_shard_server::runtime: runtime stage key=("67574e8d4c7f7c258f8c7488f73e80a9476f8074c3db3540325133ff25020c2b", Directory, 0) seconds=11.089876745 stage="build_slot"
2026-09-09T18:16:20.384832Z DEBUG transparent_shard_server::memory: cold build admission wait seconds=8.0659e-5 admitted=true
2026-09-09T18:16:20.508724Z DEBUG transparent_shard_server::runtime: runtime stage key=("67574e8d4c7f7c258f8c7488f73e80a9476f8074c3db3540325133ff25020c2b", Directory, 0) seconds=0.123864083 stage="source_load"
2026-09-09T18:16:20.819374Z DEBUG transparent_shard_server::runtime: construction stage geometry="recent-8k" table="directory" seconds=0.310598427 stage="encode_database"
2026-09-09T18:16:20.819511Z DEBUG transparent_shard_server::runtime: construction stage geometry="recent-8k" table="directory" seconds=9.2515e-5 stage="public_setup"
2026-09-09T18:16:21.345090Z DEBUG transparent_shard_server::runtime: construction stage geometry="recent-8k" table="directory" seconds=0.525571982 stage="hint_columns"
2026-09-09T18:16:23.339555Z DEBUG transparent_shard_server::runtime: construction stage geometry="recent-8k" table="directory" seconds=1.994419663 stage="pack_preprocessing"
2026-09-09T18:16:23.339886Z DEBUG transparent_shard_server::runtime: construction stage geometry="recent-8k" table="directory" seconds=0.000287519 stage="publish_parameters"
2026-09-09T18:16:23.340748Z DEBUG transparent_shard_server::runtime: runtime stage key=("67574e8d4c7f7c258f8c7488f73e80a9476f8074c3db3540325133ff25020c2b", Directory, 0) seconds=2.831973821 stage="runtime_build"
2026-09-09T18:16:24.047660Z DEBUG transparent_shard_server::runtime: runtime stage key=("67574e8d4c7f7c258f8c7488f73e80a9476f8074c3db3540325133ff25020c2b", Directory, 0) seconds=0.706884299 stage="disk_save"
2026-09-09T18:16:24.047759Z DEBUG transparent_shard_server::runtime: runtime stage key=("67574e8d4c7f7c258f8c7488f73e80a9476f8074c3db3540325133ff25020c2b", Pages, 0) seconds=10.975278283 stage="build_slot"
2026-09-09T18:16:24.047887Z DEBUG transparent_shard_server::memory: cold build admission wait seconds=8.1953e-5 admitted=true
2026-09-09T18:16:24.170290Z DEBUG transparent_shard_server::runtime: runtime stage key=("67574e8d4c7f7c258f8c7488f73e80a9476f8074c3db3540325133ff25020c2b", Pages, 0) seconds=0.12233042 stage="source_load"
2026-09-09T18:16:24.478682Z DEBUG transparent_shard_server::runtime: construction stage geometry="recent-8k" table="pages" seconds=0.308335063 stage="encode_database"
2026-09-09T18:16:24.478798Z DEBUG transparent_shard_server::runtime: construction stage geometry="recent-8k" table="pages" seconds=7.6322e-5 stage="public_setup"
2026-09-09T18:16:25.039771Z DEBUG transparent_shard_server::runtime: construction stage geometry="recent-8k" table="pages" seconds=0.560955005 stage="hint_columns"
2026-09-09T18:16:27.056991Z DEBUG transparent_shard_server::runtime: construction stage geometry="recent-8k" table="pages" seconds=2.017174021 stage="pack_preprocessing"
2026-09-09T18:16:27.057307Z DEBUG transparent_shard_server::runtime: construction stage geometry="recent-8k" table="pages" seconds=0.000277997 stage="publish_parameters"
2026-09-09T18:16:27.058116Z DEBUG transparent_shard_server::runtime: runtime stage key=("67574e8d4c7f7c258f8c7488f73e80a9476f8074c3db3540325133ff25020c2b", Pages, 0) seconds=2.8877713480000002 stage="runtime_build"
2026-09-09T18:16:27.749860Z DEBUG transparent_shard_server::runtime: runtime stage key=("67574e8d4c7f7c258f8c7488f73e80a9476f8074c3db3540325133ff25020c2b", Pages, 0) seconds=0.691726808 stage="disk_save"
2026-09-09T18:16:27.749935Z  INFO transparent_shard_server::service: prewarm finished warm=28 target=28 failed=0 seconds=102.690675319
2026-09-09T18:16:28.214626Z  INFO transparent_shard_server::runtime: retired runtime memory reclaimed rss_before=4984549376 rss_after=4483379200
2026-09-09T18:16:28.813416Z DEBUG transparent_shard_server::runtime: runtime stage key=("be059aab39ac34125e0452548d6fbcfb1e7cdb7237a597bd59ee86011ed4882b", Directory, 0) seconds=1.311e-6 stage="restore_slot"
2026-09-09T18:16:28.813553Z DEBUG transparent_shard_server::runtime: runtime stage key=("be059aab39ac34125e0452548d6fbcfb1e7cdb7237a597bd59ee86011ed4882b", Directory, 0) seconds=2.8604e-5 hit=false stage="disk_restore"
2026-09-09T18:16:28.813570Z DEBUG transparent_shard_server::runtime: runtime stage key=("be059aab39ac34125e0452548d6fbcfb1e7cdb7237a597bd59ee86011ed4882b", Directory, 0) seconds=4.22e-7 stage="build_slot"
2026-09-09T18:16:28.813599Z DEBUG transparent_shard_server::memory: cold build admission wait seconds=2.5272e-5 admitted=true
2026-09-09T18:16:28.813628Z DEBUG transparent_shard_server::runtime: runtime stage key=("be059aab39ac34125e0452548d6fbcfb1e7cdb7237a597bd59ee86011ed4882b", Pages, 0) seconds=2.43e-7 stage="restore_slot"
2026-09-09T18:16:28.813700Z DEBUG transparent_shard_server::runtime: runtime stage key=("be059aab39ac34125e0452548d6fbcfb1e7cdb7237a597bd59ee86011ed4882b", Pages, 0) seconds=2.88e-5 hit=false stage="disk_restore"
2026-09-09T18:16:28.948863Z DEBUG transparent_shard_server::runtime: runtime stage key=("be059aab39ac34125e0452548d6fbcfb1e7cdb7237a597bd59ee86011ed4882b", Directory, 0) seconds=0.13523707 stage="source_load"
2026-09-09T18:16:29.253497Z DEBUG transparent_shard_server::runtime: construction stage geometry="recent-8k" table="directory" seconds=0.304593746 stage="encode_database"
2026-09-09T18:16:29.253610Z DEBUG transparent_shard_server::runtime: construction stage geometry="recent-8k" table="directory" seconds=7.7289e-5 stage="public_setup"
2026-09-09T18:16:29.818212Z DEBUG transparent_shard_server::runtime: construction stage geometry="recent-8k" table="directory" seconds=0.564595483 stage="hint_columns"
2026-09-09T18:16:30.854529Z DEBUG transparent_shard_server::memory: work memory admission denied current=5725921280 limit=7516192768 held=805306368 requested=268435456
2026-09-09T18:16:31.234456Z DEBUG transparent_shard_server::memory: work memory admission denied current=5697208320 limit=7516192768 held=805306368 requested=268435456
2026-09-09T18:16:31.838473Z DEBUG transparent_shard_server::runtime: construction stage geometry="recent-8k" table="directory" seconds=2.020225456 stage="pack_preprocessing"
2026-09-09T18:16:31.838777Z DEBUG transparent_shard_server::runtime: construction stage geometry="recent-8k" table="directory" seconds=0.000270015 stage="publish_parameters"
2026-09-09T18:16:31.839548Z DEBUG transparent_shard_server::runtime: runtime stage key=("be059aab39ac34125e0452548d6fbcfb1e7cdb7237a597bd59ee86011ed4882b", Directory, 0) seconds=2.890645565 stage="runtime_build"
2026-09-09T18:16:32.525890Z DEBUG transparent_shard_server::runtime: runtime stage key=("be059aab39ac34125e0452548d6fbcfb1e7cdb7237a597bd59ee86011ed4882b", Directory, 0) seconds=0.68631094 stage="disk_save"
2026-09-09T18:16:32.526075Z DEBUG transparent_shard_server::runtime: runtime stage key=("be059aab39ac34125e0452548d6fbcfb1e7cdb7237a597bd59ee86011ed4882b", Pages, 0) seconds=3.712352886 stage="build_slot"
2026-09-09T18:16:32.526202Z DEBUG transparent_shard_server::memory: cold build admission wait seconds=0.000101074 admitted=true
2026-09-09T18:16:32.674163Z DEBUG transparent_shard_server::runtime: runtime stage key=("be059aab39ac34125e0452548d6fbcfb1e7cdb7237a597bd59ee86011ed4882b", Pages, 0) seconds=0.147925343 stage="source_load"
2026-09-09T18:16:32.985705Z DEBUG transparent_shard_server::runtime: construction stage geometry="recent-8k" table="pages" seconds=0.311491497 stage="encode_database"
2026-09-09T18:16:32.985866Z DEBUG transparent_shard_server::runtime: construction stage geometry="recent-8k" table="pages" seconds=0.000113953 stage="public_setup"
2026-09-09T18:16:33.137190Z DEBUG transparent_shard_server::memory: work memory admission denied current=5905309696 limit=7516192768 held=805306368 requested=268435456
2026-09-09T18:16:33.352401Z DEBUG transparent_shard_server::memory: work memory admission denied current=5905076224 limit=7516192768 held=805306368 requested=268435456
2026-09-09T18:16:33.545844Z DEBUG transparent_shard_server::runtime: construction stage geometry="recent-8k" table="pages" seconds=0.559972337 stage="hint_columns"
2026-09-09T18:16:34.415042Z DEBUG transparent_shard_server::memory: work memory admission denied current=5904883712 limit=7516192768 held=805306368 requested=268435456
2026-09-09T18:16:34.627614Z DEBUG transparent_shard_server::memory: work memory admission denied current=5902331904 limit=7516192768 held=805306368 requested=268435456
2026-09-09T18:16:34.831138Z DEBUG transparent_shard_server::memory: work memory admission denied current=5871390720 limit=7516192768 held=805306368 requested=268435456
2026-09-09T18:16:35.036436Z DEBUG transparent_shard_server::memory: work memory admission denied current=5905248256 limit=7516192768 held=805306368 requested=268435456
2026-09-09T18:16:35.241637Z DEBUG transparent_shard_server::memory: work memory admission denied current=5905338368 limit=7516192768 held=805306368 requested=268435456
2026-09-09T18:16:35.444991Z DEBUG transparent_shard_server::memory: work memory admission denied current=5893963776 limit=7516192768 held=805306368 requested=268435456
2026-09-09T18:16:35.618226Z DEBUG transparent_shard_server::runtime: construction stage geometry="recent-8k" table="pages" seconds=2.072349009 stage="pack_preprocessing"
2026-09-09T18:16:35.618531Z DEBUG transparent_shard_server::runtime: construction stage geometry="recent-8k" table="pages" seconds=0.000266985 stage="publish_parameters"
2026-09-09T18:16:35.619418Z DEBUG transparent_shard_server::runtime: runtime stage key=("be059aab39ac34125e0452548d6fbcfb1e7cdb7237a597bd59ee86011ed4882b", Pages, 0) seconds=2.94520532 stage="runtime_build"
2026-09-09T18:16:36.280083Z DEBUG transparent_shard_server::runtime: runtime stage key=("be059aab39ac34125e0452548d6fbcfb1e7cdb7237a597bd59ee86011ed4882b", Pages, 0) seconds=0.660642641 stage="disk_save"
2026-09-09T18:16:36.280170Z  INFO transparent_shard_server::service: prewarm finished warm=28 target=28 failed=0 seconds=7.466812027
2026-09-09T18:16:36.280220Z DEBUG transparent_shard_server::live: publication preparation stages map=32426d9e9300c44558210d8540b636402af2b3c322627f9e9f26e0082b489725 loading_seconds=0.694674029 warming_seconds=7.466886766
2026-09-09T18:16:36.286211Z DEBUG transparent_shard_server::runtime: runtime stage key=("5b7ee9849d47f5ee67d04eb6ca4588beacf42dce75e5a1b481dfd02607b1fb20", Directory, 0) seconds=7.38e-7 stage="restore_slot"
2026-09-09T18:16:36.305722Z DEBUG transparent_shard_server::runtime: runtime stage key=("5b7ee9849d47f5ee67d04eb6ca4588beacf42dce75e5a1b481dfd02607b1fb20", Pages, 0) seconds=1.124e-6 stage="restore_slot"
2026-09-09T18:16:36.341988Z  INFO transparent_shard_server::runtime: retired runtime memory reclaimed rss_before=5030481920 rss_after=4605276160
2026-09-09T18:16:36.882318Z DEBUG transparent_shard_server::runtime: runtime stage key=("268f5c527d35817d37919707b04a706c850d449156baa071b5438dbf8eb53aec", Directory, 0) seconds=1.331e-6 stage="restore_slot"
2026-09-09T18:16:36.882441Z DEBUG transparent_shard_server::runtime: runtime stage key=("268f5c527d35817d37919707b04a706c850d449156baa071b5438dbf8eb53aec", Pages, 0) seconds=4.83e-7 stage="restore_slot"
2026-09-09T18:16:36.882468Z DEBUG transparent_shard_server::memory: work memory admission denied current=5740040192 limit=7516192768 held=805306368 requested=268435456
2026-09-09T18:16:36.882472Z DEBUG transparent_shard_server::runtime: runtime admission denied key=("268f5c527d35817d37919707b04a706c850d449156baa071b5438dbf8eb53aec", Pages, 0) stage="restore_admission"
2026-09-09T18:16:36.882477Z DEBUG transparent_shard_server::prewarm: prewarm admission retry; sleeping 100ms
2026-09-09T18:16:36.882488Z DEBUG transparent_shard_server::runtime: runtime stage key=("268f5c527d35817d37919707b04a706c850d449156baa071b5438dbf8eb53aec", Directory, 0) seconds=4.0002e-5 hit=false stage="disk_restore"
2026-09-09T18:16:36.882521Z DEBUG transparent_shard_server::runtime: runtime stage key=("268f5c527d35817d37919707b04a706c850d449156baa071b5438dbf8eb53aec", Directory, 0) seconds=6.73e-7 stage="build_slot"
2026-09-09T18:16:36.882544Z DEBUG transparent_shard_server::memory: work memory admission denied current=5740040192 limit=7516192768 held=536870912 requested=536870912
2026-09-09T18:16:36.983379Z DEBUG transparent_shard_server::runtime: runtime stage key=("268f5c527d35817d37919707b04a706c850d449156baa071b5438dbf8eb53aec", Pages, 0) seconds=1.472e-6 stage="restore_slot"
2026-09-09T18:16:36.983434Z DEBUG transparent_shard_server::memory: work memory admission denied current=5795876864 limit=7516192768 held=536870912 requested=536870912
2026-09-09T18:16:36.983555Z DEBUG transparent_shard_server::runtime: runtime stage key=("268f5c527d35817d37919707b04a706c850d449156baa071b5438dbf8eb53aec", Pages, 0) seconds=5.3394e-5 hit=false stage="disk_restore"
2026-09-09T18:16:37.084346Z DEBUG transparent_shard_server::memory: work memory admission denied current=5866651648 limit=7516192768 held=536870912 requested=536870912
2026-09-09T18:16:37.185349Z DEBUG transparent_shard_server::memory: work memory admission denied current=5905510400 limit=7516192768 held=536870912 requested=536870912
2026-09-09T18:16:37.187413Z DEBUG transparent_shard_server::runtime: runtime stage key=("5b7ee9849d47f5ee67d04eb6ca4588beacf42dce75e5a1b481dfd02607b1fb20", Pages, 0) seconds=0.881502309 hit=true stage="disk_restore"
2026-09-09T18:16:37.210602Z DEBUG transparent_shard_server::runtime: runtime stage key=("5b7ee9849d47f5ee67d04eb6ca4588beacf42dce75e5a1b481dfd02607b1fb20", Directory, 0) seconds=0.924306447 hit=true stage="disk_restore"
2026-09-09T18:16:37.286359Z DEBUG transparent_shard_server::memory: work memory admission denied current=5905264640 limit=7516192768 held=536870912 requested=536870912
2026-09-09T18:16:37.307631Z DEBUG transparent_shard_server::runtime: runtime stage key=("5b7ee9849d47f5ee67d04eb6ca4588beacf42dce75e5a1b481dfd02607b1fb20", Pages, 0) seconds=0.120189938 stage="source_verify"
2026-09-09T18:16:37.307669Z  INFO transparent_shard_server::runtime: restored runtime cache seconds=1.001760299
2026-09-09T18:16:37.334018Z DEBUG transparent_shard_server::runtime: runtime stage key=("5b7ee9849d47f5ee67d04eb6ca4588beacf42dce75e5a1b481dfd02607b1fb20", Directory, 0) seconds=0.123382683 stage="source_verify"
2026-09-09T18:16:37.334056Z  INFO transparent_shard_server::runtime: restored runtime cache seconds=1.047765751
2026-09-09T18:16:37.387362Z DEBUG transparent_shard_server::memory: cold build admission wait seconds=0.504834753 admitted=true
2026-09-09T18:16:37.511717Z DEBUG transparent_shard_server::memory: work memory admission denied current=5905272832 limit=7516192768 held=805306368 requested=268435456
2026-09-09T18:16:37.528711Z DEBUG transparent_shard_server::runtime: runtime stage key=("268f5c527d35817d37919707b04a706c850d449156baa071b5438dbf8eb53aec", Directory, 0) seconds=0.141289242 stage="source_load"
2026-09-09T18:16:37.839774Z DEBUG transparent_shard_server::runtime: construction stage geometry="recent-8k" table="directory" seconds=0.311024075 stage="encode_database"
2026-09-09T18:16:37.839900Z DEBUG transparent_shard_server::runtime: construction stage geometry="recent-8k" table="directory" seconds=8.0701e-5 stage="public_setup"
2026-09-09T18:16:37.886150Z DEBUG transparent_shard_server::memory: work memory admission denied current=5905473536 limit=7516192768 held=805306368 requested=268435456
2026-09-09T18:16:38.096729Z DEBUG transparent_shard_server::memory: work memory admission denied current=5905178624 limit=7516192768 held=805306368 requested=268435456
2026-09-09T18:16:38.305073Z DEBUG transparent_shard_server::memory: work memory admission denied current=5905571840 limit=7516192768 held=805306368 requested=268435456
2026-09-09T18:16:38.390547Z DEBUG transparent_shard_server::runtime: construction stage geometry="recent-8k" table="directory" seconds=0.550636477 stage="hint_columns"
2026-09-09T18:16:40.471346Z DEBUG transparent_shard_server::runtime: construction stage geometry="recent-8k" table="directory" seconds=2.080761905 stage="pack_preprocessing"
2026-09-09T18:16:40.471652Z DEBUG transparent_shard_server::runtime: construction stage geometry="recent-8k" table="directory" seconds=0.000269012 stage="publish_parameters"
2026-09-09T18:16:40.472369Z DEBUG transparent_shard_server::runtime: runtime stage key=("268f5c527d35817d37919707b04a706c850d449156baa071b5438dbf8eb53aec", Directory, 0) seconds=2.943619436 stage="runtime_build"
2026-09-09T18:16:41.163087Z DEBUG transparent_shard_server::runtime: runtime stage key=("268f5c527d35817d37919707b04a706c850d449156baa071b5438dbf8eb53aec", Directory, 0) seconds=0.690697627 stage="disk_save"
2026-09-09T18:16:41.163187Z DEBUG transparent_shard_server::runtime: runtime stage key=("268f5c527d35817d37919707b04a706c850d449156baa071b5438dbf8eb53aec", Pages, 0) seconds=4.179592914 stage="build_slot"
2026-09-09T18:16:41.163252Z DEBUG transparent_shard_server::memory: cold build admission wait seconds=4.1752e-5 admitted=true
2026-09-09T18:16:41.298976Z DEBUG transparent_shard_server::runtime: runtime stage key=("268f5c527d35817d37919707b04a706c850d449156baa071b5438dbf8eb53aec", Pages, 0) seconds=0.135689163 stage="source_load"
2026-09-09T18:16:41.608352Z DEBUG transparent_shard_server::runtime: construction stage geometry="recent-8k" table="pages" seconds=0.309327862 stage="encode_database"
2026-09-09T18:16:41.608509Z DEBUG transparent_shard_server::runtime: construction stage geometry="recent-8k" table="pages" seconds=0.000118082 stage="public_setup"
2026-09-09T18:16:41.683851Z DEBUG transparent_shard_server::memory: work memory admission denied current=5905461248 limit=7516192768 held=805306368 requested=268435456
2026-09-09T18:16:41.888801Z DEBUG transparent_shard_server::memory: work memory admission denied current=5905448960 limit=7516192768 held=805306368 requested=268435456
2026-09-09T18:16:42.099482Z DEBUG transparent_shard_server::memory: work memory admission denied current=5905272832 limit=7516192768 held=805306368 requested=268435456
2026-09-09T18:16:42.167597Z DEBUG transparent_shard_server::runtime: construction stage geometry="recent-8k" table="pages" seconds=0.55908096 stage="hint_columns"
2026-09-09T18:16:43.013577Z DEBUG transparent_shard_server::memory: work memory admission denied current=5905432576 limit=7516192768 held=805306368 requested=268435456
2026-09-09T18:16:44.270462Z DEBUG transparent_shard_server::runtime: construction stage geometry="recent-8k" table="pages" seconds=2.102822972 stage="pack_preprocessing"
2026-09-09T18:16:44.270775Z DEBUG transparent_shard_server::runtime: construction stage geometry="recent-8k" table="pages" seconds=0.000272243 stage="publish_parameters"
2026-09-09T18:16:44.271545Z DEBUG transparent_shard_server::runtime: runtime stage key=("268f5c527d35817d37919707b04a706c850d449156baa071b5438dbf8eb53aec", Pages, 0) seconds=2.972522624 stage="runtime_build"
2026-09-09T18:16:44.947545Z DEBUG transparent_shard_server::runtime: runtime stage key=("268f5c527d35817d37919707b04a706c850d449156baa071b5438dbf8eb53aec", Pages, 0) seconds=0.675965173 stage="disk_save"
2026-09-09T18:16:44.947751Z  INFO transparent_shard_server::service: prewarm finished warm=28 target=28 failed=0 seconds=8.06548248
2026-09-09T18:16:44.947802Z DEBUG transparent_shard_server::live: publication preparation stages map=12cbb58695cd66166197842d179b61598c15effb06ad32efcd899a13e36e7b10 loading_seconds=0.600608384 warming_seconds=8.06557249
test burst::publication_burst_under_exact_load ... ok

test result: ok. 1 passed; 0 failed; 0 ignored; 0 measured; 14 filtered out; finished in 125.34s

Finished with result: success
Main processes terminated with: code=exited/status=0
Service runtime: 2min 5.452s
CPU time consumed: 3min 52.110s
Memory peak: 2.0M
Memory swap peak: 0B
