00:37:03 339472384 508309504  77%
00:37:08 339509248 508309504  77%
00:37:13 339501056 508309504  77%
00:37:18 339509248 508309504  77%
00:37:23 339509248 508309504  77%
00:37:28 339509248 508309504  77%
00:37:33 339509248 508309504  77%
00:37:38 339509248 508309504  77%
00:37:43 339509248 508309504  77%
00:37:48 339509248 508309504  77%
00:37:53 339509248 508309504  77%
00:37:58 339509248 508309504  77%
00:38:03 339509248 508309504  77%
00:38:08 339513344 508309504  77%
00:38:13 339513344 508309504  77%
00:38:18 339513344 508309504  77%
00:38:23 339775488 508309504  77%
00:38:28 339513344 508309504  77%
00:38:33 339513344 508309504  77%
00:38:38 339517440 508309504  77%
00:38:43 339513344 508309504  77%
00:38:48 339513344 508309504  77%
00:38:53 339517440 508309504  77%
00:38:58 339513344 508309504  77%
00:39:03 339517440 508309504  77%
00:39:08 339517440 508309504  77%
00:39:13 339517440 508309504  77%
00:39:18 339517440 508309504  77%
00:39:23 339517440 508309504  77%
00:39:28 339517440 508309504  77%
00:39:33 339517440 508309504  77%
00:39:38 339525632 508309504  77%
00:39:43 339517440 508309504  77%
00:39:48 339517440 508309504  77%
00:39:53 339529728 508309504  77%
00:39:58 339521536 508309504  77%
00:40:03 339517440 508309504  77%
00:40:08 339517440 508309504  77%
00:40:13 339521536 508309504  77%
00:40:18 339521536 508309504  77%
00:40:23 339521536 508309504  77%
00:40:28 339521536 508309504  77%
00:40:33 339525632 508309504  77%
00:40:38 339521536 508309504  77%
00:40:43 339521536 508309504  77%
00:40:48 339521536 508309504  77%
00:40:53 339521536 508309504  77%
00:40:58 339521536 508309504  77%
00:41:03 339521536 508309504  77%
00:41:08 339521536 508309504  77%
00:41:13 339521536 508309504  77%
00:41:19 339525632 508309504  77%
00:41:24 339525632 508309504  77%
00:41:29 339525632 508309504  77%
00:41:34 339525632 508309504  77%
00:41:39 339525632 508309504  77%
00:41:44 339542016 508309504  77%
00:41:49 339542016 508309504  77%
00:41:54 339546112 508309504  77%
00:41:59 339554304 508309504  77%
00:42:04 339554304 508309504  77%
00:42:09 339558400 508309504  77%
00:42:14 339558400 508309504  77%
00:42:19 339566592 508309504  77%
00:42:24 339562496 508309504  77%
00:42:29 339566592 508309504  77%
00:42:34 339570688 508309504  77%
00:42:39 339574784 508309504  77%
00:42:44 339574784 508309504  77%
00:42:49 339578880 508309504  77%
00:42:54 339574784 508309504  77%
00:42:59 339578880 508309504  77%
00:43:04 339578880 508309504  77%
00:43:09 339578880 508309504  77%
00:43:14 339582976 508309504  77%
00:43:19 339587072 508309504  77%
00:43:24 339587072 508309504  77%
00:43:29 339587072 508309504  77%
00:43:34 339587072 508309504  77%
00:43:39 339591168 508309504  77%
00:43:44 339595264 508309504  77%
00:43:49 339591168 508309504  77%
00:43:54 339591168 508309504  77%
00:43:59 339599360 508309504  77%
00:44:04 339595264 508309504  77%
00:44:09 339599360 508309504  77%
00:44:14 339615744 508309504  77%
00:44:19 339599360 508309504  77%
00:44:24 339599360 508309504  77%
00:44:29 339607552 508309504  77%
00:44:34 339603456 508309504  77%
00:44:39 339603456 508309504  77%
00:44:44 339611648 508309504  77%
00:44:49 339607552 508309504  77%
00:44:54 339611648 508309504  77%
00:44:59 339611648 508309504  77%
00:45:04 339611648 508309504  77%
00:45:09 339611648 508309504  77%
00:45:14 339611648 508309504  77%
00:45:19 339615744 508309504  77%
00:45:24 339615744 508309504  77%
00:45:29 339615744 508309504  77%
00:45:34 339615744 508309504  77%
00:45:39 339881984 508309504  77%
00:45:44 359256064 508309504  77%
00:45:49 672231424 672247808  77%
00:45:54 950976512 950992896  77%
00:46:00 1219878912 1219887104  77%
00:46:05 1474928640 1474945024  77%
00:46:10 1706455040 1706471424  77%
00:46:15 1976655872 1976655872  77%
00:46:20 2225475584 2225491968  77%
00:46:25 2472857600 2473099264  77%
00:46:30 2735443968 2735456256  77%
00:46:35 3135262720 3135262720  77%
00:46:40 3701653504 3701653504  77%
00:46:45 4184461312 4184494080  77%
00:46:50 4444061696 4444061696  77%
00:46:55 4719071232 4719075328  77%
00:47:00 4967669760 4967686144  77%
00:47:05 5237428224 5237428224  77%
00:47:10 5467262976 5467406336  77%
00:47:15 5717700608 5717749760  77%
00:47:20 5983698944 5983731712  77%
00:47:25 6258585600 6258585600  77%
00:47:30 6537117696 6537158656  77%
00:47:35 6799085568 6799101952  77%
00:47:40 7034245120 7034261504  76%
00:47:45 7316922368 7316922368  76%
00:47:50 7618162688 7618170880  76%
00:47:55 7896870912 7896936448  76%
00:48:00 8165445632 8165478400  76%
00:48:05 8436195328 8436195328  76%
00:48:10 8749916160 8749916160  76%
00:48:15 8996102144 8996102144  76%
00:48:20 9283575808 9283641344  76%
00:48:25 9570029568 9570078720  76%
00:48:30 9867849728 9867866112  76%
00:48:35 10155671552 10155687936  76%
00:48:40 10495541248 10495541248  76%
00:48:45 10797776896 10797776896  76%
00:48:50 11090903040 11090903040  76%
00:48:55 11385909248 11385978880  76%
00:49:00 11660083200 11660140544  76%
00:49:05 11938635776 11938652160  76%
00:49:10 12194721792 12194754560  76%
00:49:15 12461195264 12461195264  76%
00:49:20 12716417024 12716441600  76%
00:49:25 12884381696 12884901888  76%
00:49:30 12883402752 12884901888  76%
00:49:35 12883472384 12884901888  76%
00:49:40 12882976768 12884901888  76%
00:49:45 12884557824 12884901888  76%
00:49:50 12883513344 12884901888  76%
00:49:55 12884111360 12884901888  76%
00:50:00 12883181568 12884901888  76%
00:50:05 12884185088 12884901888  76%
00:50:10 12884103168 12884901888  76%
00:50:15 12884434944 12884901888  76%
00:50:20 12884283392 12884901888  76%
00:50:25 12884611072 12884901888  76%
00:50:30 12883902464 12884901888  77%
00:50:35 12882046976 12884901888  77%
00:50:40 12881911808 12884901888  77%
00:50:45 12884836352 12884901888  77%
00:50:50 12884877312 12884901888  77%
00:50:55 12884824064 12884901888  77%
00:51:00 12884066304 12884901888  77%
00:51:05 12882530304 12884901888  77%
00:51:11 12883202048 12884901888  76%
00:51:16 12883202048 12884901888  76%
00:51:21 12883038208 12884901888  76%
00:51:26 12883554304 12884901888  76%
00:51:31 12881936384 12884901888  76%
00:51:36 12884496384 12884901888  76%
00:51:41 12883410944 12884901888  76%
00:51:46 12884824064 12884901888  76%
00:51:51 12884516864 12884901888  76%
00:51:56 12882505728 12884901888  76%
00:52:01 12884779008 12884901888  76%
00:52:06 12883902464 12884901888  76%
00:52:11 12884807680 12884901888  76%
00:52:16 12884721664 12884901888  76%
00:52:21 12883968000 12884901888  76%
00:52:26 12883312640 12884901888  76%
00:52:31 12882591744 12884901888  76%
00:52:36 12883529728 12884901888  76%
00:52:41 12882882560 12884901888  76%
00:52:46 12883841024 12884901888  76%
00:52:51 12883537920 12884901888  76%
00:52:56 12881932288 12884901888  76%
00:53:01 12884328448 12884901888  76%
00:53:06 12882857984 12884901888  76%
00:53:11 12884164608 12884901888  76%
00:53:16 12881997824 12884901888  76%
00:53:21 12884901888 12884901888  76%
00:53:26 12884320256 12884901888  76%
00:53:31 12854128640 12884901888  76%
00:53:36 12883214336 12884901888  76%
00:53:41 12882104320 12884901888  76%
00:53:46 12868157440 12884901888  76%
00:53:51 12882141184 12884901888  76%
00:53:56 12884815872 12884901888  76%
00:54:01 12882771968 12884901888  76%
00:54:06 12882739200 12884901888  76%
00:54:11 12883922944 12884901888  76%
00:54:16 12884828160 12884901888  76%
00:54:21 12884606976 12884901888  76%
00:54:26 12883267584 12884901888  76%
00:54:31 12883750912 12884901888  77%
00:54:36 12882440192 12884901888  77%
00:54:41 12882497536 12884901888  77%
00:54:46 12882567168 12884901888  77%
00:54:51 12884361216 12884901888  77%
00:54:56 12882423808 12884901888  77%
00:55:01 12882612224 12884901888  77%
00:55:06 12882108416 12884901888  77%
00:55:11 12884422656 12884901888  77%
00:55:16 12884889600 12884901888  77%
00:55:21 12883836928 12884901888  77%
00:55:26 12882747392 12884901888  77%
00:55:31 12882018304 12884901888  77%
00:55:36 12882608128 12884901888  77%
00:55:41 12884803584 12884901888  77%
00:55:46 12884074496 12884901888  77%
00:55:51 12884205568 12884901888  77%
00:55:56 12883746816 12884901888  77%
00:56:01 12883034112 12884901888  77%
00:56:06 12845907968 12884901888  77%
00:56:12 12884525056 12884901888  77%
00:56:17 12884656128 12884901888  77%
00:56:22 12884692992 12884901888  77%
00:56:27 12882042880 12884901888  77%
00:56:32 12882440192 12884901888  77%
00:56:37 12881985536 12884901888  77%
00:56:42 12882255872 12884901888  77%
00:56:47 12884459520 12884901888  77%
00:56:52 12884852736 12884901888  77%
00:56:57 12787085312 12884901888  77%
00:57:02 12846202880 12884901888  77%
00:57:07 12883087360 12884901888  77%
00:57:12 12884721664 12884901888  77%
00:57:17 12882083840 12884901888  77%
00:57:22 12883165184 12884901888  77%
00:57:27 12884037632 12884901888  77%
00:57:32 12882882560 12884901888  77%
00:57:37 12883869696 12884901888  77%
00:57:42 12882792448 12884901888  77%
00:57:47 12882231296 12884901888  77%
00:57:52 12884422656 12884901888  77%
00:57:57 12882874368 12884901888  77%
00:58:02 12883894272 12884901888  77%
00:58:07 12859256832 12884901888  77%
00:58:12 12882173952 12884901888  77%
00:58:17 12882354176 12884901888  77%
00:58:22 12882833408 12884901888  77%
00:58:27 12884746240 12884901888  77%
00:58:32 12864872448 12884901888  77%
00:58:37 12882022400 12884901888  77%
00:58:42 12883300352 12884901888  77%
00:58:47 12883144704 12884901888  77%
00:58:52 12882157568 12884901888  77%
00:58:57 12883251200 12884901888  77%
00:59:02 12884803584 12884901888  77%
00:59:07 12883181568 12884901888  77%
00:59:12 12882546688 12884901888  77%
00:59:17 12884750336 12884901888  77%
00:59:22 12884652032 12884901888  77%
00:59:27 12883099648 12884901888  77%
00:59:32 12884299776 12884901888  77%
00:59:37 12884615168 12884901888  77%
00:59:42 12883124224 12884901888  77%
00:59:47 12881838080 12884901888  77%
00:59:52 12883795968 12884901888  77%
00:59:57 12883464192 12884901888  77%
01:00:02 12884561920 12884901888  77%
01:00:07 12884410368 12884901888  77%
01:00:12 12883578880 12884901888  77%
01:00:17 12882624512 12884901888  77%
01:00:22 12882448384 12884901888  77%
01:00:27 12884475904 12884901888  77%
01:00:32 12884275200 12884901888  77%
01:00:37 12861886464 12884901888  77%
01:00:42 12884856832 12884901888  77%
01:00:47 12882837504 12884901888  77%
01:00:52 12884369408 12884901888  77%
01:00:57 12782571520 12884901888  77%
01:01:02 12883034112 12884901888  77%
