00:16:23 339509248 508289024  77%
00:16:28 339521536 508289024  77%
00:16:33 339558400 508289024  77%
00:16:38 339566592 508289024  77%
00:16:43 339570688 508289024  77%
00:16:48 339574784 508289024  77%
00:16:53 339574784 508289024  77%
00:16:58 339836928 508289024  77%
00:17:03 339587072 508289024  77%
00:17:08 339587072 508289024  77%
00:17:13 339591168 508289024  77%
00:17:18 339587072 508289024  77%
00:17:23 339587072 508289024  77%
00:17:28 339591168 508289024  77%
00:17:33 339595264 508289024  77%
00:17:38 339595264 508289024  77%
00:17:43 339599360 508289024  77%
00:17:48 339599360 508289024  77%
00:17:53 339599360 508289024  77%
00:17:58 339607552 508289024  77%
00:18:03 339603456 508289024  77%
00:18:08 339603456 508289024  77%
00:18:13 339865600 508289024  77%
00:18:18 339611648 508289024  77%
00:18:23 339607552 508289024  77%
00:18:28 339607552 508289024  77%
00:18:33 339615744 508289024  77%
00:18:38 339611648 508289024  77%
00:18:43 339611648 508289024  77%
00:18:48 339615744 508289024  77%
00:18:53 339615744 508289024  77%
00:18:58 339615744 508289024  77%
00:19:03 339619840 508289024  77%
00:19:08 339619840 508289024  77%
00:19:13 339619840 508289024  77%
00:19:18 339636224 508289024  77%
00:19:23 339628032 508289024  77%
00:19:28 339623936 508289024  77%
00:19:33 339623936 508289024  77%
00:19:38 339628032 508289024  77%
00:19:43 339632128 508289024  77%
00:19:48 339628032 508289024  77%
00:19:53 339628032 508289024  77%
00:19:58 339632128 508289024  77%
00:20:03 339636224 508289024  77%
00:20:08 339890176 508289024  77%
00:20:13 339636224 508289024  77%
00:20:18 339636224 508289024  77%
00:20:24 339648512 508289024  77%
00:20:29 339636224 508289024  77%
00:20:34 339640320 508289024  77%
00:20:39 339640320 508289024  77%
00:20:44 339640320 508289024  77%
00:20:49 339640320 508289024  77%
00:20:54 339644416 508289024  77%
00:20:59 339648512 508289024  77%
00:21:04 339644416 508289024  77%
00:21:09 339644416 508289024  77%
00:21:14 339648512 508289024  77%
00:21:19 339652608 508289024  77%
00:21:24 339652608 508289024  77%
00:21:29 339648512 508289024  77%
00:21:34 496316416 508289024  77%
00:21:39 844607488 844607488  77%
00:21:44 1201209344 1201209344  77%
00:21:49 1544978432 1544978432  77%
00:21:54 1883631616 1883631616  77%
00:21:59 2266198016 2266198016  77%
00:22:04 2637869056 2637869056  77%
00:22:09 2994384896 2994384896  77%
00:22:14 3362164736 3362164736  77%
00:22:19 3867041792 3867041792  77%
00:22:24 4422852608 4422852608  77%
00:22:29 4899725312 4899725312  77%
00:22:34 5268287488 5268320256  77%
00:22:39 5653934080 5653934080  77%
00:22:44 5974208512 5974208512  77%
00:22:49 6293057536 6293057536  77%
00:22:54 6602387456 6602387456  77%
00:22:59 6913871872 6913871872  77%
00:23:04 7234818048 7234949120  77%
00:23:09 7572275200 7572275200  77%
00:23:14 7884664832 7884664832  77%
00:23:19 8194265088 8194265088  77%
00:23:24 8509927424 8509927424  77%
00:23:29 8860729344 8860729344  77%
00:23:34 9111523328 9111527424  77%
00:23:39 9422344192 9422344192  77%
00:23:44 9748738048 9748738048  77%
00:23:49 10064470016 10064470016  77%
00:23:54 10368757760 10368757760  77%
00:23:59 10664349696 10664349696  77%
00:24:04 10989428736 10989428736  77%
00:24:09 11301416960 11301416960  77%
00:24:14 11616849920 11616849920  77%
00:24:19 11966844928 11966844928  77%
00:24:24 12261605376 12261605376  77%
00:24:29 12611919872 12611919872  77%
00:24:34 12882669568 12884901888  77%
00:24:39 12882849792 12884901888  77%
00:24:44 12882280448 12884901888  77%
00:24:49 12884627456 12884901888  77%
00:24:54 12883689472 12884901888  77%
00:24:59 12884377600 12884901888  77%
00:25:04 12883128320 12884901888  77%
00:25:09 12884897792 12884901888  77%
00:25:14 12883841024 12884901888  77%
00:25:20 12882526208 12884901888  77%
00:25:25 12882558976 12884901888  77%
00:25:30 12883062784 12884901888  77%
00:25:35 12882296832 12884901888  77%
00:25:40 12882550784 12884901888  77%
00:25:45 12882505728 12884901888  77%
00:25:50 12883582976 12884901888  77%
00:25:55 12882796544 12884901888  77%
00:26:00 12883853312 12884901888  77%
00:26:05 12882350080 12884901888  77%
00:26:10 12883046400 12884901888  77%
00:26:15 12884074496 12884901888  77%
00:26:20 12883304448 12884901888  77%
00:26:25 12884676608 12884901888  77%
00:26:30 12883046400 12884901888  77%
00:26:35 12884623360 12884901888  77%
00:26:40 12882829312 12884901888  77%
00:26:45 12884099072 12884901888  77%
00:26:50 12884766720 12884901888  77%
00:26:55 12884353024 12884901888  77%
00:27:00 12882968576 12884901888  77%
00:27:05 12883197952 12884901888  77%
00:27:10 12883435520 12884901888  77%
00:27:15 12883460096 12884901888  77%
00:27:20 12884103168 12884901888  77%
00:27:25 12884393984 12884901888  77%
00:27:30 12884471808 12884901888  77%
00:27:35 12883841024 12884901888  77%
00:27:40 12883320832 12884901888  77%
00:27:45 12882509824 12884901888  77%
00:27:50 12884701184 12884901888  77%
00:27:55 12883652608 12884901888  77%
00:28:00 12883046400 12884901888  77%
00:28:05 12883505152 12884901888  77%
00:28:10 12863819776 12884901888  77%
00:28:15 12884606976 12884901888  77%
00:28:20 12883832832 12884901888  77%
00:28:25 12882255872 12884901888  77%
00:28:30 12882788352 12884901888  77%
00:28:35 12883189760 12884901888  77%
00:28:40 12884307968 12884901888  77%
00:28:45 12883210240 12884901888  77%
00:28:50 12884869120 12884901888  77%
00:28:55 12883046400 12884901888  77%
00:29:00 12884434944 12884901888  77%
00:29:05 12883324928 12884901888  77%
00:29:10 12883320832 12884901888  77%
00:29:15 12882239488 12884901888  77%
00:29:20 12883824640 12884901888  77%
00:29:25 12883828736 12884901888  77%
00:29:30 12882026496 12884901888  77%
00:29:35 12883574784 12884901888  77%
00:29:40 12884611072 12884901888  77%
00:29:45 12884316160 12884901888  77%
00:29:50 12882776064 12884901888  77%
00:29:55 12884201472 12884901888  77%
00:30:00 12884348928 12884901888  77%
00:30:05 12884443136 12884901888  77%
00:30:10 12882022400 12884901888  77%
00:30:15 12882505728 12884901888  77%
00:30:20 12884369408 12884901888  77%
00:30:25 12884635648 12884901888  77%
00:30:31 12883972096 12884901888  77%
00:30:36 12883030016 12884901888  77%
00:30:41 12883054592 12884901888  77%
00:30:46 12883636224 12884901888  77%
00:30:51 12884635648 12884901888  77%
00:30:56 12883546112 12884901888  77%
00:31:01 12884619264 12884901888  77%
00:31:06 12884086784 12884901888  77%
00:31:11 12884336640 12884901888  77%
00:31:16 12883537920 12884901888  77%
00:31:21 12883480576 12884901888  77%
00:31:26 12883701760 12884901888  77%
00:31:31 12884353024 12884901888  77%
00:31:36 12884107264 12884901888  77%
00:31:41 12884860928 12884901888  77%
00:31:46 12883050496 12884901888  77%
00:31:51 12882747392 12884901888  77%
00:31:56 12884742144 12884901888  77%
00:32:01 12884090880 12884901888  77%
00:32:06 12883021824 12884901888  77%
00:32:11 12884475904 12884901888  77%
00:32:16 12883853312 12884901888  77%
00:32:21 12884529152 12884901888  77%
00:32:26 12884627456 12884901888  77%
00:32:31 12883058688 12884901888  77%
00:32:36 12884209664 12884901888  77%
00:32:41 12883820544 12884901888  77%
00:32:46 12884443136 12884901888  77%
00:32:51 12884398080 12884901888  77%
00:32:56 12883353600 12884901888  77%
00:33:01 12884733952 12884901888  77%
00:33:06 12884590592 12884901888  77%
00:33:11 12883410944 12884901888  77%
00:33:16 12883300352 12884901888  77%
00:33:21 12883378176 12884901888  77%
00:33:26 12884602880 12884901888  77%
00:33:31 12883550208 12884901888  77%
00:33:36 12884639744 12884901888  77%
00:33:41 12883742720 12884901888  77%
00:33:46 12883808256 12884901888  77%
00:33:51 12884402176 12884901888  77%
00:33:56 12884643840 12884901888  77%
00:34:01 12884897792 12884901888  77%
00:34:06 12883845120 12884901888  77%
00:34:11 12884611072 12884901888  77%
00:34:16 12884877312 12884901888  77%
00:34:21 12882604032 12884901888  77%
00:34:26 12883832832 12884901888  77%
00:34:31 12883578880 12884901888  77%
00:34:36 12883841024 12884901888  77%
00:34:41 12882374656 12884901888  77%
00:34:46 12884426752 12884901888  77%
00:34:51 12883382272 12884901888  77%
00:34:56 12884103168 12884901888  77%
00:35:01 12884664320 12884901888  77%
00:35:06 12884369408 12884901888  77%
00:35:11 12884615168 12884901888  77%
00:35:16 12884606976 12884901888  77%
00:35:21 12884840448 12884901888  77%
00:35:26 12884094976 12884901888  77%
00:35:31 12882558976 12884901888  77%
00:35:36 12883927040 12884901888  77%
00:35:41 12883066880 12884901888  77%
00:35:47 12884635648 12884901888  77%
00:35:52 12884889600 12884901888  77%
00:35:57 12882513920 12884901888  77%
00:36:02 12884094976 12884901888  77%
00:36:07 12884004864 12884901888  77%
