journal through 3018317 in 0.0s
journal 3000000-3018318, archive-wide below 3000001 at SealPolicy { scripts: Limit { target: 1629038, capacity: 1900544 }, page_rows: Limit { target: 63488, capacity: 65536 } }, recent-8k from 3000001 at SealPolicy { scripts: Limit { target: 407260, capacity: 475136 }, page_rows: Limit { target: 7936, capacity: 8192 } }
PROF loop 5.806 seal 5.585
PROFB group+filter 0.401
PROFB histories+pages 0.571
PROFB pagetable+directory+choice 1.011
PROF build_shard 2.142
PROF manifests 0.730
PROF write 0.156
shard   2 3009417-3018318 (8902 blocks) scripts 78117 pages 7715 events 556963 segments 1/1 TAIL r1
PROF before-map 8.952
published 3 shards covering 3000000-3018318; filters ~0.40 MB
{"capture_seconds":0.054458141,"cycle":0,"filters_open_seconds":0.002541397,"height":3018318,"map_sha256":"b27aef9c2011f86646efc682b21bac266bf30f3248bf7812127b417a26c2c48a","publish_seconds":9.010546388,"shards":3,"tail":{"end_height":3018318,"manifest_digest":"f62a958b91715c841f9bf4e92b76386315f768ae76ba16008fc5207a5e85ff2b","page_rows":7715,"revision":1,"scripts":78117,"shard_id":2,"start_height":3009417},"total_seconds":9.06755228}
journal 3000000-3018319, archive-wide below 3000001 at SealPolicy { scripts: Limit { target: 1629038, capacity: 1900544 }, page_rows: Limit { target: 63488, capacity: 65536 } }, recent-8k from 3000001 at SealPolicy { scripts: Limit { target: 407260, capacity: 475136 }, page_rows: Limit { target: 7936, capacity: 8192 } }
PROF loop 5.894 seal 5.671
PROFB group+filter 0.376
PROFB histories+pages 0.614
PROFB pagetable+directory+choice 1.004
PROF build_shard 2.112
PROF manifests 0.663
PROF write 0.158
shard   2 3009417-3018319 (8903 blocks) scripts 78117 pages 7715 events 556965 segments 1/1 TAIL r2
PROF before-map 8.929
published 3 shards covering 3000000-3018319; filters ~0.40 MB
{"capture_seconds":0.064098297,"cycle":1,"filters_open_seconds":0.002189881,"height":3018319,"map_sha256":"4e8a760a3e97528d6193f2afe5ecae311ef36bde02997d64abc69528d2ca5754","publish_seconds":8.980012802,"shards":3,"tail":{"end_height":3018319,"manifest_digest":"64423cb2ea5e09824f1bddc0dc9b1828c4fd5ff996a4f05ece660bd9400063e0","page_rows":7715,"revision":2,"scripts":78117,"shard_id":2,"start_height":3009417},"total_seconds":9.04630689}
journal 3000000-3018320, archive-wide below 3000001 at SealPolicy { scripts: Limit { target: 1629038, capacity: 1900544 }, page_rows: Limit { target: 63488, capacity: 65536 } }, recent-8k from 3000001 at SealPolicy { scripts: Limit { target: 407260, capacity: 475136 }, page_rows: Limit { target: 7936, capacity: 8192 } }
PROF loop 6.337 seal 6.078
PROFB group+filter 0.385
PROFB histories+pages 0.521
PROFB pagetable+directory+choice 1.158
PROF build_shard 2.195
PROF manifests 0.705
PROF write 0.168
shard   2 3009417-3018320 (8904 blocks) scripts 78119 pages 7715 events 556973 segments 1/1 TAIL r3
PROF before-map 9.513
published 3 shards covering 3000000-3018320; filters ~0.40 MB
{"capture_seconds":0.050615747,"cycle":2,"filters_open_seconds":0.002317055,"height":3018320,"map_sha256":"1c75ecd55d2cf0336b1208297261fca5eda8bafd79ac68a611182a5a0b1f790a","publish_seconds":9.56808082,"shards":3,"tail":{"end_height":3018320,"manifest_digest":"e06cadf0b5300d70655d555d48d7bfabe410a5ab38ad0d308de649da545e3085","page_rows":7715,"revision":3,"scripts":78119,"shard_id":2,"start_height":3009417},"total_seconds":9.621020365}
