Attaching 8 probes...
{"event":"start","monotonic_ns":250649471249322,"pid":695393}
{"event":"fsync","monotonic_ns":250791429803697,"tid":716197,"fd":17,"nanoseconds":89547297,"return":0,"path":"/srv/transparent-pir/runtime-cache/e2a3693907dace1dd9d83c1aec56.."}
{"event":"fsync","monotonic_ns":250793642153809,"tid":715943,"fd":14,"nanoseconds":838625118,"return":0,"path":"/srv/transparent-pir/runtime-cache/e2a3693907dace1dd9d83c1aec56.."}
{"event":"fsync","monotonic_ns":250803543827504,"tid":716197,"fd":13,"nanoseconds":51779915,"return":0,"path":"/opt/transparent-publisher/active.tmp"}
{"event":"fsync","monotonic_ns":250804036163537,"tid":715943,"fd":17,"nanoseconds":197369709,"return":0,"path":"/srv/transparent-pir/runtime-cache/7a41ed48b9c1b1f1fd6513fbfa85.."}
{"event":"fsync","monotonic_ns":250805597496097,"tid":716198,"fd":14,"nanoseconds":402771012,"return":0,"path":"/srv/transparent-pir/runtime-cache/7a41ed48b9c1b1f1fd6513fbfa85.."}
{"event":"fsync","monotonic_ns":251068774137394,"tid":715943,"fd":21,"nanoseconds":578965039,"return":0,"path":"/opt/transparent-publisher/active.tmp"}
{"event":"fsync","monotonic_ns":251069002257298,"tid":715947,"fd":17,"nanoseconds":105376535,"return":0,"path":"/srv/transparent-pir/runtime-cache/80ceecf6d1cefbde4ec209f57f07.."}
{"event":"fsync","monotonic_ns":251070065751577,"tid":716197,"fd":15,"nanoseconds":143282279,"return":0,"path":"/srv/transparent-pir/runtime-cache/80ceecf6d1cefbde4ec209f57f07.."}
{"event":"fsync","monotonic_ns":251145193465872,"tid":715943,"fd":17,"nanoseconds":152194351,"return":0,"path":"/srv/transparent-pir/runtime-cache/c7b3d0f1e50a2f0d3b7c77b0ef88.."}
{"event":"fsync","monotonic_ns":251146333752027,"tid":715947,"fd":15,"nanoseconds":135019761,"return":0,"path":"/srv/transparent-pir/runtime-cache/c7b3d0f1e50a2f0d3b7c77b0ef88.."}
{"event":"fsync","monotonic_ns":251216735021572,"tid":716990,"fd":17,"nanoseconds":6171891991,"return":0,"path":"/opt/transparent-publisher/active.tmp"}
{"event":"fsync","monotonic_ns":251217289399388,"tid":716197,"fd":13,"nanoseconds":3277512767,"return":0,"path":"/srv/transparent-pir/runtime-cache/7015a98a13d4214793b61547109c.."}
{"event":"fsync","monotonic_ns":251218280080689,"tid":716990,"fd":22,"nanoseconds":1544898681,"return":0,"path":"/opt/transparent-publisher"}
{"event":"fsync","monotonic_ns":251218519295635,"tid":716197,"fd":23,"nanoseconds":1193072361,"return":0,"path":"/srv/transparent-pir/runtime-cache"}
{"event":"fsync","monotonic_ns":251222073578417,"tid":715947,"fd":11,"nanoseconds":646586927,"return":0,"path":"/srv/transparent-pir/runtime-cache/7015a98a13d4214793b61547109c.."}
{"event":"fsync","monotonic_ns":251222120119514,"tid":715947,"fd":17,"nanoseconds":11051078,"return":0,"path":"/srv/transparent-pir/runtime-cache"}
{"event":"fsync","monotonic_ns":251356834957080,"tid":717973,"fd":15,"nanoseconds":35972612,"return":0,"path":"/opt/transparent-publisher/active.tmp"}
{"event":"fsync","monotonic_ns":251357568485774,"tid":717735,"fd":13,"nanoseconds":486235042,"return":0,"path":"/srv/transparent-pir/runtime-cache/26950cbaf3d24760a9bee84def2a.."}
{"event":"fsync","monotonic_ns":251360063460569,"tid":717974,"fd":11,"nanoseconds":1332291748,"return":0,"path":"/srv/transparent-pir/runtime-cache/26950cbaf3d24760a9bee84def2a.."}
{"event":"fsync","monotonic_ns":251385636518444,"tid":718208,"fd":15,"nanoseconds":56121440,"return":0,"path":"/opt/transparent-publisher/active.tmp"}
{"event":"fsync","monotonic_ns":251386066864906,"tid":718209,"fd":13,"nanoseconds":202619821,"return":0,"path":"/srv/transparent-pir/runtime-cache/7ae198eeeb37fdc99e63550daf16.."}
{"event":"fsync","monotonic_ns":251387318315646,"tid":717979,"fd":11,"nanoseconds":151896079,"return":0,"path":"/srv/transparent-pir/runtime-cache/7ae198eeeb37fdc99e63550daf16.."}
{"event":"fsync","monotonic_ns":251466426136153,"tid":718217,"fd":15,"nanoseconds":59753059,"return":0,"path":"/opt/transparent-publisher/active.tmp"}
{"event":"fsync","monotonic_ns":251466911300802,"tid":718457,"fd":13,"nanoseconds":164735409,"return":0,"path":"/srv/transparent-pir/runtime-cache/4ff879f3330c73f8101947385d77.."}
{"event":"fsync","monotonic_ns":251468245232073,"tid":718456,"fd":11,"nanoseconds":170059849,"return":0,"path":"/srv/transparent-pir/runtime-cache/4ff879f3330c73f8101947385d77.."}
{"event":"fsync","monotonic_ns":251479946532487,"tid":718456,"fd":13,"nanoseconds":208317361,"return":0,"path":"/srv/transparent-pir/runtime-cache/d8b65ac5b84a45d1eead7471dee8.."}
{"event":"fsync","monotonic_ns":251481771375998,"tid":718457,"fd":13,"nanoseconds":150436036,"return":0,"path":"/srv/transparent-pir/runtime-cache/d8b65ac5b84a45d1eead7471dee8.."}
{"event":"end","monotonic_ns":251549701925517}






