Running as unit: transparent-full-burst-0a1db7227c3c4597acbf35da4071be44.service

running 1 test
2026-09-09T19:36:45.471757Z DEBUG transparent_shard_server::runtime: runtime stage key=("5b7ee9849d47f5ee67d04eb6ca4588beacf42dce75e5a1b481dfd02607b1fb20", Directory, 0) seconds=1.0011e-5 stage="restore_slot"
2026-09-09T19:36:45.471841Z DEBUG transparent_shard_server::runtime: runtime stage key=("1f5d7213a380745d83cc554ad16bdf9e039a0304d0de0b71376828e1838d0ea4", Directory, 0) seconds=7.08e-7 stage="restore_slot"
2026-09-09T19:36:45.471802Z DEBUG transparent_shard_server::runtime: runtime stage key=("5b7ee9849d47f5ee67d04eb6ca4588beacf42dce75e5a1b481dfd02607b1fb20", Pages, 0) seconds=1.241e-6 stage="restore_slot"
2026-09-09T19:36:45.471976Z DEBUG transparent_shard_server::runtime: runtime stage key=("1f5d7213a380745d83cc554ad16bdf9e039a0304d0de0b71376828e1838d0ea4", Pages, 0) seconds=4.76e-7 stage="restore_slot"
2026-09-09T19:36:45.472317Z DEBUG transparent_shard_server::runtime: runtime stage key=("5b7ee9849d47f5ee67d04eb6ca4588beacf42dce75e5a1b481dfd02607b1fb20", Pages, 0) seconds=3.3624e-5 hit=false stage="disk_restore"
2026-09-09T19:36:45.472363Z DEBUG transparent_shard_server::runtime: runtime stage key=("1f5d7213a380745d83cc554ad16bdf9e039a0304d0de0b71376828e1838d0ea4", Pages, 0) seconds=1.0486e-5 hit=false stage="disk_restore"
2026-09-09T19:36:45.472372Z DEBUG transparent_shard_server::runtime: runtime stage key=("5b7ee9849d47f5ee67d04eb6ca4588beacf42dce75e5a1b481dfd02607b1fb20", Pages, 0) seconds=1.699e-6 stage="build_slot"
2026-09-09T19:36:45.472382Z DEBUG transparent_shard_server::runtime: runtime stage key=("5b7ee9849d47f5ee67d04eb6ca4588beacf42dce75e5a1b481dfd02607b1fb20", Directory, 0) seconds=1.4137e-5 hit=false stage="disk_restore"
2026-09-09T19:36:45.472373Z DEBUG transparent_shard_server::runtime: runtime stage key=("1f5d7213a380745d83cc554ad16bdf9e039a0304d0de0b71376828e1838d0ea4", Directory, 0) seconds=3.356e-5 hit=false stage="disk_restore"
2026-09-09T19:36:45.472447Z DEBUG transparent_shard_server::memory: cold build admission wait seconds=5.9844e-5 admitted=true
2026-09-09T19:36:45.472460Z DEBUG transparent_shard_server::runtime: runtime stage key=("1f5d7213a380745d83cc554ad16bdf9e039a0304d0de0b71376828e1838d0ea4", Pages, 0) seconds=3.98e-7 stage="build_slot"
2026-09-09T19:36:45.472497Z DEBUG transparent_shard_server::memory: cold build admission wait seconds=3.3349e-5 admitted=true
2026-09-09T19:36:45.621624Z DEBUG transparent_shard_server::runtime: runtime stage key=("5b7ee9849d47f5ee67d04eb6ca4588beacf42dce75e5a1b481dfd02607b1fb20", Pages, 0) seconds=0.149150913 stage="source_load"
2026-09-09T19:36:45.623412Z DEBUG transparent_shard_server::runtime: runtime stage key=("1f5d7213a380745d83cc554ad16bdf9e039a0304d0de0b71376828e1838d0ea4", Pages, 0) seconds=0.150891469 stage="source_load"
2026-09-09T19:36:45.925980Z DEBUG transparent_shard_server::runtime: construction stage geometry="recent-8k" table="pages" seconds=0.304319826 stage="encode_database"
2026-09-09T19:36:45.926092Z DEBUG transparent_shard_server::runtime: construction stage geometry="recent-8k" table="pages" seconds=7.0216e-5 stage="public_setup"
2026-09-09T19:36:45.930704Z DEBUG transparent_shard_server::runtime: construction stage geometry="recent-8k" table="pages" seconds=0.30726569 stage="encode_database"
2026-09-09T19:36:45.930790Z DEBUG transparent_shard_server::runtime: construction stage geometry="recent-8k" table="pages" seconds=5.1345e-5 stage="public_setup"
2026-09-09T19:36:47.120283Z DEBUG transparent_shard_server::runtime: construction stage geometry="recent-8k" table="pages" seconds=1.189486906 stage="hint_columns"
2026-09-09T19:36:47.123255Z DEBUG transparent_shard_server::runtime: construction stage geometry="recent-8k" table="pages" seconds=1.197156034 stage="hint_columns"
2026-09-09T19:36:49.503145Z DEBUG transparent_shard_server::runtime: construction stage geometry="recent-8k" table="pages" seconds=2.37985624 stage="pack_preprocessing"
2026-09-09T19:36:49.503436Z DEBUG transparent_shard_server::runtime: construction stage geometry="recent-8k" table="pages" seconds=0.000240389 stage="publish_parameters"
2026-09-09T19:36:49.503936Z DEBUG transparent_shard_server::runtime: runtime stage key=("5b7ee9849d47f5ee67d04eb6ca4588beacf42dce75e5a1b481dfd02607b1fb20", Pages, 0) seconds=3.882277598 stage="runtime_build"
2026-09-09T19:36:49.505812Z DEBUG transparent_shard_server::runtime: runtime stage key=("5b7ee9849d47f5ee67d04eb6ca4588beacf42dce75e5a1b481dfd02607b1fb20", Pages, 0) reserved_bytes=136314880 stage="serialization_handoff"
2026-09-09T19:36:49.505858Z DEBUG transparent_shard_server::runtime: runtime stage key=("5b7ee9849d47f5ee67d04eb6ca4588beacf42dce75e5a1b481dfd02607b1fb20", Directory, 0) seconds=4.03334738 stage="build_slot"
2026-09-09T19:36:49.505956Z DEBUG transparent_shard_server::memory: cold build admission wait seconds=7.4967e-5 admitted=true
2026-09-09T19:36:49.540937Z DEBUG transparent_shard_server::runtime: construction stage geometry="recent-8k" table="pages" seconds=2.420611459 stage="pack_preprocessing"
2026-09-09T19:36:49.544239Z DEBUG transparent_shard_server::runtime: construction stage geometry="recent-8k" table="pages" seconds=0.003269779 stage="publish_parameters"
2026-09-09T19:36:49.544719Z DEBUG transparent_shard_server::runtime: runtime stage key=("1f5d7213a380745d83cc554ad16bdf9e039a0304d0de0b71376828e1838d0ea4", Pages, 0) seconds=3.921281956 stage="runtime_build"
2026-09-09T19:36:49.546444Z DEBUG transparent_shard_server::runtime: runtime stage key=("1f5d7213a380745d83cc554ad16bdf9e039a0304d0de0b71376828e1838d0ea4", Pages, 0) reserved_bytes=136314880 stage="serialization_handoff"
2026-09-09T19:36:49.546564Z DEBUG transparent_shard_server::runtime: runtime stage key=("1f5d7213a380745d83cc554ad16bdf9e039a0304d0de0b71376828e1838d0ea4", Directory, 0) seconds=4.074054107 stage="build_slot"
2026-09-09T19:36:49.546652Z DEBUG transparent_shard_server::memory: cold build admission wait seconds=7.0562e-5 admitted=true
2026-09-09T19:36:49.661945Z DEBUG transparent_shard_server::runtime: runtime stage key=("5b7ee9849d47f5ee67d04eb6ca4588beacf42dce75e5a1b481dfd02607b1fb20", Directory, 0) seconds=0.155947475 stage="source_load"
2026-09-09T19:36:49.693287Z DEBUG transparent_shard_server::runtime: runtime stage key=("1f5d7213a380745d83cc554ad16bdf9e039a0304d0de0b71376828e1838d0ea4", Directory, 0) seconds=0.146098954 stage="source_load"
2026-09-09T19:36:49.963307Z DEBUG transparent_shard_server::runtime: construction stage geometry="recent-8k" table="directory" seconds=0.301313101 stage="encode_database"
2026-09-09T19:36:49.963423Z DEBUG transparent_shard_server::runtime: construction stage geometry="recent-8k" table="directory" seconds=8.2584e-5 stage="public_setup"
2026-09-09T19:36:49.992937Z DEBUG transparent_shard_server::runtime: construction stage geometry="recent-8k" table="directory" seconds=0.299619209 stage="encode_database"
2026-09-09T19:36:49.993027Z DEBUG transparent_shard_server::runtime: construction stage geometry="recent-8k" table="directory" seconds=5.6015e-5 stage="public_setup"
2026-09-09T19:36:50.239216Z DEBUG transparent_shard_server::runtime: runtime stage key=("5b7ee9849d47f5ee67d04eb6ca4588beacf42dce75e5a1b481dfd02607b1fb20", Pages, 0) seconds=0.733383146 stage="disk_save"
2026-09-09T19:36:50.240200Z DEBUG transparent_shard_server::runtime: runtime stage key=("ca7afe810c988a8b4b561668f3456a9f38d1fdbb0776614e07ddfeb1a2132000", Directory, 0) seconds=2.196e-6 stage="restore_slot"
2026-09-09T19:36:50.240325Z DEBUG transparent_shard_server::runtime: runtime stage key=("ca7afe810c988a8b4b561668f3456a9f38d1fdbb0776614e07ddfeb1a2132000", Directory, 0) seconds=2.4579e-5 hit=false stage="disk_restore"
2026-09-09T19:36:51.226263Z DEBUG transparent_shard_server::runtime: construction stage geometry="recent-8k" table="directory" seconds=1.262833175 stage="hint_columns"
2026-09-09T19:36:51.226314Z DEBUG transparent_shard_server::runtime: construction stage geometry="recent-8k" table="directory" seconds=1.233282072 stage="hint_columns"
2026-09-09T19:36:51.450903Z DEBUG transparent_shard_server::runtime: runtime stage key=("1f5d7213a380745d83cc554ad16bdf9e039a0304d0de0b71376828e1838d0ea4", Pages, 0) seconds=1.904435244 stage="disk_save"
2026-09-09T19:36:51.451054Z DEBUG transparent_shard_server::runtime: runtime stage key=("ca7afe810c988a8b4b561668f3456a9f38d1fdbb0776614e07ddfeb1a2132000", Pages, 0) seconds=2.353e-6 stage="restore_slot"
2026-09-09T19:36:51.451209Z DEBUG transparent_shard_server::runtime: runtime stage key=("ca7afe810c988a8b4b561668f3456a9f38d1fdbb0776614e07ddfeb1a2132000", Pages, 0) seconds=4.8173e-5 hit=false stage="disk_restore"
2026-09-09T19:36:53.449242Z DEBUG transparent_shard_server::runtime: construction stage geometry="recent-8k" table="directory" seconds=2.222937606 stage="pack_preprocessing"
2026-09-09T19:36:53.449549Z DEBUG transparent_shard_server::runtime: construction stage geometry="recent-8k" table="directory" seconds=0.000265145 stage="publish_parameters"
2026-09-09T19:36:53.450399Z DEBUG transparent_shard_server::runtime: runtime stage key=("5b7ee9849d47f5ee67d04eb6ca4588beacf42dce75e5a1b481dfd02607b1fb20", Directory, 0) seconds=3.788408393 stage="runtime_build"
2026-09-09T19:36:53.450431Z DEBUG transparent_shard_server::runtime: runtime stage key=("5b7ee9849d47f5ee67d04eb6ca4588beacf42dce75e5a1b481dfd02607b1fb20", Directory, 0) reserved_bytes=136314880 stage="serialization_handoff"
2026-09-09T19:36:53.452185Z DEBUG transparent_shard_server::runtime: runtime stage key=("ca7afe810c988a8b4b561668f3456a9f38d1fdbb0776614e07ddfeb1a2132000", Directory, 0) seconds=3.211838875 stage="build_slot"
2026-09-09T19:36:53.452281Z DEBUG transparent_shard_server::memory: cold build admission wait seconds=7.396e-5 admitted=true
2026-09-09T19:36:53.593100Z DEBUG transparent_shard_server::runtime: runtime stage key=("ca7afe810c988a8b4b561668f3456a9f38d1fdbb0776614e07ddfeb1a2132000", Directory, 0) seconds=0.139925043 stage="source_load"
2026-09-09T19:36:53.658878Z DEBUG transparent_shard_server::runtime: construction stage geometry="recent-8k" table="directory" seconds=2.432541045 stage="pack_preprocessing"
2026-09-09T19:36:53.659142Z DEBUG transparent_shard_server::runtime: construction stage geometry="recent-8k" table="directory" seconds=0.00023268 stage="publish_parameters"
2026-09-09T19:36:53.659746Z DEBUG transparent_shard_server::runtime: runtime stage key=("1f5d7213a380745d83cc554ad16bdf9e039a0304d0de0b71376828e1838d0ea4", Directory, 0) seconds=3.966429636 stage="runtime_build"
2026-09-09T19:36:53.659770Z DEBUG transparent_shard_server::runtime: runtime stage key=("1f5d7213a380745d83cc554ad16bdf9e039a0304d0de0b71376828e1838d0ea4", Directory, 0) reserved_bytes=136314880 stage="serialization_handoff"
2026-09-09T19:36:53.659831Z DEBUG transparent_shard_server::runtime: runtime stage key=("ca7afe810c988a8b4b561668f3456a9f38d1fdbb0776614e07ddfeb1a2132000", Pages, 0) seconds=2.208579676 stage="build_slot"
2026-09-09T19:36:53.659901Z DEBUG transparent_shard_server::memory: cold build admission wait seconds=6.3999e-5 admitted=true
2026-09-09T19:36:53.804240Z DEBUG transparent_shard_server::runtime: runtime stage key=("ca7afe810c988a8b4b561668f3456a9f38d1fdbb0776614e07ddfeb1a2132000", Pages, 0) seconds=0.144312752 stage="source_load"
2026-09-09T19:36:53.893968Z DEBUG transparent_shard_server::runtime: construction stage geometry="recent-8k" table="directory" seconds=0.300832124 stage="encode_database"
2026-09-09T19:36:53.894091Z DEBUG transparent_shard_server::runtime: construction stage geometry="recent-8k" table="directory" seconds=7.5683e-5 stage="public_setup"
2026-09-09T19:36:54.139945Z DEBUG transparent_shard_server::runtime: construction stage geometry="recent-8k" table="pages" seconds=0.335670504 stage="encode_database"
2026-09-09T19:36:54.140054Z DEBUG transparent_shard_server::runtime: construction stage geometry="recent-8k" table="pages" seconds=7.3445e-5 stage="public_setup"
2026-09-09T19:36:54.186006Z DEBUG transparent_shard_server::runtime: runtime stage key=("5b7ee9849d47f5ee67d04eb6ca4588beacf42dce75e5a1b481dfd02607b1fb20", Directory, 0) seconds=0.735568853 stage="disk_save"
2026-09-09T19:36:54.186089Z DEBUG transparent_shard_server::runtime: runtime stage key=("95df7205357fe2d9c962d2b41daded841e05afa7b6fc8d06dfec46ad04e15335", Directory, 0) seconds=2.424e-6 stage="restore_slot"
2026-09-09T19:36:54.186243Z DEBUG transparent_shard_server::runtime: runtime stage key=("95df7205357fe2d9c962d2b41daded841e05afa7b6fc8d06dfec46ad04e15335", Directory, 0) seconds=2.6082e-5 hit=false stage="disk_restore"
2026-09-09T19:36:55.298293Z DEBUG transparent_shard_server::runtime: construction stage geometry="recent-8k" table="pages" seconds=1.158232534 stage="hint_columns"
2026-09-09T19:36:55.310205Z DEBUG transparent_shard_server::runtime: construction stage geometry="recent-8k" table="directory" seconds=1.416108874 stage="hint_columns"
2026-09-09T19:36:55.461645Z DEBUG transparent_shard_server::runtime: runtime stage key=("1f5d7213a380745d83cc554ad16bdf9e039a0304d0de0b71376828e1838d0ea4", Directory, 0) seconds=1.801869211 stage="disk_save"
2026-09-09T19:36:55.461732Z DEBUG transparent_shard_server::runtime: runtime stage key=("95df7205357fe2d9c962d2b41daded841e05afa7b6fc8d06dfec46ad04e15335", Pages, 0) seconds=1.778e-6 stage="restore_slot"
2026-09-09T19:36:55.462273Z DEBUG transparent_shard_server::runtime: runtime stage key=("95df7205357fe2d9c962d2b41daded841e05afa7b6fc8d06dfec46ad04e15335", Pages, 0) seconds=4.4485e-5 hit=false stage="disk_restore"
2026-09-09T19:36:57.592064Z DEBUG transparent_shard_server::runtime: construction stage geometry="recent-8k" table="directory" seconds=2.281827489 stage="pack_preprocessing"
2026-09-09T19:36:57.592364Z DEBUG transparent_shard_server::runtime: construction stage geometry="recent-8k" table="directory" seconds=0.000256282 stage="publish_parameters"
2026-09-09T19:36:57.593261Z DEBUG transparent_shard_server::runtime: runtime stage key=("ca7afe810c988a8b4b561668f3456a9f38d1fdbb0776614e07ddfeb1a2132000", Directory, 0) seconds=4.000127183 stage="runtime_build"
2026-09-09T19:36:57.593292Z DEBUG transparent_shard_server::runtime: runtime stage key=("ca7afe810c988a8b4b561668f3456a9f38d1fdbb0776614e07ddfeb1a2132000", Directory, 0) reserved_bytes=136314880 stage="serialization_handoff"
2026-09-09T19:36:57.595189Z DEBUG transparent_shard_server::runtime: runtime stage key=("95df7205357fe2d9c962d2b41daded841e05afa7b6fc8d06dfec46ad04e15335", Directory, 0) seconds=3.408923866 stage="build_slot"
2026-09-09T19:36:57.595294Z DEBUG transparent_shard_server::memory: cold build admission wait seconds=7.9144e-5 admitted=true
2026-09-09T19:36:57.618046Z DEBUG transparent_shard_server::runtime: construction stage geometry="recent-8k" table="pages" seconds=2.319716773 stage="pack_preprocessing"
2026-09-09T19:36:57.620793Z DEBUG transparent_shard_server::runtime: construction stage geometry="recent-8k" table="pages" seconds=0.002709367 stage="publish_parameters"
2026-09-09T19:36:57.621458Z DEBUG transparent_shard_server::runtime: runtime stage key=("ca7afe810c988a8b4b561668f3456a9f38d1fdbb0776614e07ddfeb1a2132000", Pages, 0) seconds=3.817185017 stage="runtime_build"
2026-09-09T19:36:57.621486Z DEBUG transparent_shard_server::runtime: runtime stage key=("ca7afe810c988a8b4b561668f3456a9f38d1fdbb0776614e07ddfeb1a2132000", Pages, 0) reserved_bytes=136314880 stage="serialization_handoff"
2026-09-09T19:36:57.621525Z DEBUG transparent_shard_server::runtime: runtime stage key=("95df7205357fe2d9c962d2b41daded841e05afa7b6fc8d06dfec46ad04e15335", Pages, 0) seconds=2.159204119 stage="build_slot"
2026-09-09T19:36:57.621624Z DEBUG transparent_shard_server::memory: cold build admission wait seconds=8.0418e-5 admitted=true
2026-09-09T19:36:57.743593Z DEBUG transparent_shard_server::runtime: runtime stage key=("95df7205357fe2d9c962d2b41daded841e05afa7b6fc8d06dfec46ad04e15335", Directory, 0) seconds=0.148268518 stage="source_load"
2026-09-09T19:36:57.763448Z DEBUG transparent_shard_server::runtime: runtime stage key=("95df7205357fe2d9c962d2b41daded841e05afa7b6fc8d06dfec46ad04e15335", Pages, 0) seconds=0.141777892 stage="source_load"
2026-09-09T19:36:58.044105Z DEBUG transparent_shard_server::runtime: construction stage geometry="recent-8k" table="directory" seconds=0.300479773 stage="encode_database"
2026-09-09T19:36:58.044226Z DEBUG transparent_shard_server::runtime: construction stage geometry="recent-8k" table="directory" seconds=7.5842e-5 stage="public_setup"
2026-09-09T19:36:58.077601Z DEBUG transparent_shard_server::runtime: construction stage geometry="recent-8k" table="pages" seconds=0.314120208 stage="encode_database"
2026-09-09T19:36:58.077704Z DEBUG transparent_shard_server::runtime: construction stage geometry="recent-8k" table="pages" seconds=7.0137e-5 stage="public_setup"
2026-09-09T19:36:58.346196Z DEBUG transparent_shard_server::runtime: runtime stage key=("ca7afe810c988a8b4b561668f3456a9f38d1fdbb0776614e07ddfeb1a2132000", Directory, 0) seconds=0.752896991 stage="disk_save"
2026-09-09T19:36:58.348210Z DEBUG transparent_shard_server::runtime: runtime stage key=("73d46a59d0d03d7616f9a47e53b50448d4c5a3504e6e296600d8884c8c4403b8", Directory, 0) seconds=2.826e-6 stage="restore_slot"
2026-09-09T19:36:58.348362Z DEBUG transparent_shard_server::runtime: runtime stage key=("73d46a59d0d03d7616f9a47e53b50448d4c5a3504e6e296600d8884c8c4403b8", Directory, 0) seconds=3.1425e-5 hit=false stage="disk_restore"
2026-09-09T19:36:59.428222Z DEBUG transparent_shard_server::runtime: construction stage geometry="recent-8k" table="pages" seconds=1.350511312 stage="hint_columns"
2026-09-09T19:36:59.440195Z DEBUG transparent_shard_server::runtime: construction stage geometry="recent-8k" table="directory" seconds=1.395960116 stage="hint_columns"
2026-09-09T19:36:59.617859Z DEBUG transparent_shard_server::runtime: runtime stage key=("ca7afe810c988a8b4b561668f3456a9f38d1fdbb0776614e07ddfeb1a2132000", Pages, 0) seconds=1.996365946 stage="disk_save"
2026-09-09T19:36:59.617991Z DEBUG transparent_shard_server::runtime: runtime stage key=("73d46a59d0d03d7616f9a47e53b50448d4c5a3504e6e296600d8884c8c4403b8", Pages, 0) seconds=2.018e-6 stage="restore_slot"
2026-09-09T19:36:59.618144Z DEBUG transparent_shard_server::runtime: runtime stage key=("73d46a59d0d03d7616f9a47e53b50448d4c5a3504e6e296600d8884c8c4403b8", Pages, 0) seconds=3.9882e-5 hit=false stage="disk_restore"
2026-09-09T19:37:01.729337Z DEBUG transparent_shard_server::runtime: construction stage geometry="recent-8k" table="directory" seconds=2.289102173 stage="pack_preprocessing"
2026-09-09T19:37:01.729626Z DEBUG transparent_shard_server::runtime: construction stage geometry="recent-8k" table="directory" seconds=0.000248163 stage="publish_parameters"
2026-09-09T19:37:01.730444Z DEBUG transparent_shard_server::runtime: runtime stage key=("95df7205357fe2d9c962d2b41daded841e05afa7b6fc8d06dfec46ad04e15335", Directory, 0) seconds=3.986821525 stage="runtime_build"
2026-09-09T19:37:01.730507Z DEBUG transparent_shard_server::runtime: runtime stage key=("95df7205357fe2d9c962d2b41daded841e05afa7b6fc8d06dfec46ad04e15335", Directory, 0) reserved_bytes=136314880 stage="serialization_handoff"
2026-09-09T19:37:01.730542Z DEBUG transparent_shard_server::runtime: runtime stage key=("73d46a59d0d03d7616f9a47e53b50448d4c5a3504e6e296600d8884c8c4403b8", Directory, 0) seconds=3.382153208 stage="build_slot"
2026-09-09T19:37:01.730644Z DEBUG transparent_shard_server::memory: cold build admission wait seconds=8.1782e-5 admitted=true
2026-09-09T19:37:01.741551Z DEBUG transparent_shard_server::runtime: construction stage geometry="recent-8k" table="pages" seconds=2.313295485 stage="pack_preprocessing"
2026-09-09T19:37:01.741848Z DEBUG transparent_shard_server::runtime: construction stage geometry="recent-8k" table="pages" seconds=0.000264466 stage="publish_parameters"
2026-09-09T19:37:01.742507Z DEBUG transparent_shard_server::runtime: runtime stage key=("95df7205357fe2d9c962d2b41daded841e05afa7b6fc8d06dfec46ad04e15335", Pages, 0) seconds=3.979027586 stage="runtime_build"
2026-09-09T19:37:01.742538Z DEBUG transparent_shard_server::runtime: runtime stage key=("95df7205357fe2d9c962d2b41daded841e05afa7b6fc8d06dfec46ad04e15335", Pages, 0) reserved_bytes=136314880 stage="serialization_handoff"
2026-09-09T19:37:01.742653Z DEBUG transparent_shard_server::runtime: runtime stage key=("73d46a59d0d03d7616f9a47e53b50448d4c5a3504e6e296600d8884c8c4403b8", Pages, 0) seconds=2.124454469 stage="build_slot"
2026-09-09T19:37:01.742766Z DEBUG transparent_shard_server::memory: cold build admission wait seconds=7.796e-5 admitted=true
2026-09-09T19:37:01.873307Z DEBUG transparent_shard_server::runtime: runtime stage key=("73d46a59d0d03d7616f9a47e53b50448d4c5a3504e6e296600d8884c8c4403b8", Directory, 0) seconds=0.140130855 stage="source_load"
2026-09-09T19:37:01.914680Z DEBUG transparent_shard_server::runtime: runtime stage key=("73d46a59d0d03d7616f9a47e53b50448d4c5a3504e6e296600d8884c8c4403b8", Pages, 0) seconds=0.17187793 stage="source_load"
2026-09-09T19:37:02.169368Z DEBUG transparent_shard_server::runtime: construction stage geometry="recent-8k" table="directory" seconds=0.29602747 stage="encode_database"
2026-09-09T19:37:02.169475Z DEBUG transparent_shard_server::runtime: construction stage geometry="recent-8k" table="directory" seconds=7.187e-5 stage="public_setup"
2026-09-09T19:37:02.223935Z DEBUG transparent_shard_server::runtime: construction stage geometry="recent-8k" table="pages" seconds=0.309220985 stage="encode_database"
2026-09-09T19:37:02.224065Z DEBUG transparent_shard_server::runtime: construction stage geometry="recent-8k" table="pages" seconds=7.2151e-5 stage="public_setup"
2026-09-09T19:37:02.561778Z DEBUG transparent_shard_server::runtime: runtime stage key=("95df7205357fe2d9c962d2b41daded841e05afa7b6fc8d06dfec46ad04e15335", Directory, 0) seconds=0.831263832 stage="disk_save"
2026-09-09T19:37:02.564198Z DEBUG transparent_shard_server::runtime: runtime stage key=("b16be2933ab920bc4745ea8917e5167a7a685c211e0b4febe88b4d3018f970bc", Directory, 0) seconds=2.017e-6 stage="restore_slot"
2026-09-09T19:37:02.564329Z DEBUG transparent_shard_server::runtime: runtime stage key=("b16be2933ab920bc4745ea8917e5167a7a685c211e0b4febe88b4d3018f970bc", Directory, 0) seconds=2.6499e-5 hit=false stage="disk_restore"
2026-09-09T19:37:03.514264Z DEBUG transparent_shard_server::runtime: construction stage geometry="recent-8k" table="pages" seconds=1.290192064 stage="hint_columns"
2026-09-09T19:37:03.523211Z DEBUG transparent_shard_server::runtime: construction stage geometry="recent-8k" table="directory" seconds=1.35372814 stage="hint_columns"
2026-09-09T19:37:03.778700Z DEBUG transparent_shard_server::runtime: runtime stage key=("95df7205357fe2d9c962d2b41daded841e05afa7b6fc8d06dfec46ad04e15335", Pages, 0) seconds=2.036154253 stage="disk_save"
2026-09-09T19:37:03.778826Z DEBUG transparent_shard_server::runtime: runtime stage key=("b16be2933ab920bc4745ea8917e5167a7a685c211e0b4febe88b4d3018f970bc", Pages, 0) seconds=2.701e-6 stage="restore_slot"
2026-09-09T19:37:03.778985Z DEBUG transparent_shard_server::runtime: runtime stage key=("b16be2933ab920bc4745ea8917e5167a7a685c211e0b4febe88b4d3018f970bc", Pages, 0) seconds=4.1607e-5 hit=false stage="disk_restore"
2026-09-09T19:37:05.699267Z DEBUG transparent_shard_server::runtime: construction stage geometry="recent-8k" table="directory" seconds=2.176017218 stage="pack_preprocessing"
2026-09-09T19:37:05.699545Z DEBUG transparent_shard_server::runtime: construction stage geometry="recent-8k" table="directory" seconds=0.000236471 stage="publish_parameters"
2026-09-09T19:37:05.700347Z DEBUG transparent_shard_server::runtime: runtime stage key=("73d46a59d0d03d7616f9a47e53b50448d4c5a3504e6e296600d8884c8c4403b8", Directory, 0) seconds=3.827008844 stage="runtime_build"
2026-09-09T19:37:05.700384Z DEBUG transparent_shard_server::runtime: runtime stage key=("73d46a59d0d03d7616f9a47e53b50448d4c5a3504e6e296600d8884c8c4403b8", Directory, 0) reserved_bytes=136314880 stage="serialization_handoff"
2026-09-09T19:37:05.703193Z DEBUG transparent_shard_server::runtime: runtime stage key=("b16be2933ab920bc4745ea8917e5167a7a685c211e0b4febe88b4d3018f970bc", Directory, 0) seconds=3.138840741 stage="build_slot"
2026-09-09T19:37:05.703310Z DEBUG transparent_shard_server::memory: cold build admission wait seconds=8.4242e-5 admitted=true
2026-09-09T19:37:05.919075Z DEBUG transparent_shard_server::runtime: runtime stage key=("b16be2933ab920bc4745ea8917e5167a7a685c211e0b4febe88b4d3018f970bc", Directory, 0) seconds=0.209875303 stage="source_load"
2026-09-09T19:37:06.212553Z DEBUG transparent_shard_server::runtime: construction stage geometry="recent-8k" table="directory" seconds=0.293435703 stage="encode_database"
2026-09-09T19:37:06.212656Z DEBUG transparent_shard_server::runtime: construction stage geometry="recent-8k" table="directory" seconds=7.1322e-5 stage="public_setup"
2026-09-09T19:37:06.454662Z DEBUG transparent_shard_server::runtime: runtime stage key=("73d46a59d0d03d7616f9a47e53b50448d4c5a3504e6e296600d8884c8c4403b8", Directory, 0) seconds=0.754272244 stage="disk_save"
2026-09-09T19:37:06.454745Z DEBUG transparent_shard_server::runtime: runtime stage key=("16b8227360ce35dd2e111156f5e31fd5eb500ff877879a212fef6cf8471de8a5", Directory, 0) seconds=2.078e-6 stage="restore_slot"
2026-09-09T19:37:06.454893Z DEBUG transparent_shard_server::runtime: runtime stage key=("16b8227360ce35dd2e111156f5e31fd5eb500ff877879a212fef6cf8471de8a5", Directory, 0) seconds=3.8621e-5 hit=false stage="disk_restore"
2026-09-09T19:37:06.808826Z DEBUG transparent_shard_server::runtime: construction stage geometry="recent-8k" table="pages" seconds=3.294507881 stage="pack_preprocessing"
2026-09-09T19:37:06.809135Z DEBUG transparent_shard_server::runtime: construction stage geometry="recent-8k" table="pages" seconds=0.000264243 stage="publish_parameters"
2026-09-09T19:37:06.812828Z DEBUG transparent_shard_server::runtime: runtime stage key=("73d46a59d0d03d7616f9a47e53b50448d4c5a3504e6e296600d8884c8c4403b8", Pages, 0) seconds=4.8981169 stage="runtime_build"
2026-09-09T19:37:06.812864Z DEBUG transparent_shard_server::runtime: runtime stage key=("73d46a59d0d03d7616f9a47e53b50448d4c5a3504e6e296600d8884c8c4403b8", Pages, 0) reserved_bytes=136314880 stage="serialization_handoff"
2026-09-09T19:37:06.812887Z DEBUG transparent_shard_server::runtime: runtime stage key=("b16be2933ab920bc4745ea8917e5167a7a685c211e0b4febe88b4d3018f970bc", Pages, 0) seconds=3.033858755 stage="build_slot"
2026-09-09T19:37:06.812985Z DEBUG transparent_shard_server::memory: cold build admission wait seconds=7.697e-5 admitted=true
2026-09-09T19:37:07.081651Z DEBUG transparent_shard_server::runtime: runtime stage key=("b16be2933ab920bc4745ea8917e5167a7a685c211e0b4febe88b4d3018f970bc", Pages, 0) seconds=0.268639408 stage="source_load"
2026-09-09T19:37:07.203202Z DEBUG transparent_shard_server::runtime: construction stage geometry="recent-8k" table="directory" seconds=0.99053959 stage="hint_columns"
2026-09-09T19:37:07.441271Z DEBUG transparent_shard_server::runtime: construction stage geometry="recent-8k" table="pages" seconds=0.359591204 stage="encode_database"
2026-09-09T19:37:07.441371Z DEBUG transparent_shard_server::runtime: construction stage geometry="recent-8k" table="pages" seconds=7.3375e-5 stage="public_setup"
2026-09-09T19:37:07.724396Z DEBUG transparent_shard_server::runtime: runtime stage key=("73d46a59d0d03d7616f9a47e53b50448d4c5a3504e6e296600d8884c8c4403b8", Pages, 0) seconds=0.911526473 stage="disk_save"
2026-09-09T19:37:07.727199Z DEBUG transparent_shard_server::runtime: runtime stage key=("16b8227360ce35dd2e111156f5e31fd5eb500ff877879a212fef6cf8471de8a5", Pages, 0) seconds=2.332e-6 stage="restore_slot"
2026-09-09T19:37:07.727343Z DEBUG transparent_shard_server::runtime: runtime stage key=("16b8227360ce35dd2e111156f5e31fd5eb500ff877879a212fef6cf8471de8a5", Pages, 0) seconds=3.4996e-5 hit=false stage="disk_restore"
2026-09-09T19:37:08.318224Z DEBUG transparent_shard_server::runtime: construction stage geometry="recent-8k" table="pages" seconds=0.876846205 stage="hint_columns"
2026-09-09T19:37:09.542121Z DEBUG transparent_shard_server::runtime: construction stage geometry="recent-8k" table="directory" seconds=2.33888917 stage="pack_preprocessing"
2026-09-09T19:37:09.545413Z DEBUG transparent_shard_server::runtime: construction stage geometry="recent-8k" table="directory" seconds=0.003246237 stage="publish_parameters"
2026-09-09T19:37:09.546152Z DEBUG transparent_shard_server::runtime: runtime stage key=("b16be2933ab920bc4745ea8917e5167a7a685c211e0b4febe88b4d3018f970bc", Directory, 0) seconds=3.627036652 stage="runtime_build"
2026-09-09T19:37:09.546236Z DEBUG transparent_shard_server::runtime: runtime stage key=("b16be2933ab920bc4745ea8917e5167a7a685c211e0b4febe88b4d3018f970bc", Directory, 0) reserved_bytes=136314880 stage="serialization_handoff"
2026-09-09T19:37:09.546280Z DEBUG transparent_shard_server::runtime: runtime stage key=("16b8227360ce35dd2e111156f5e31fd5eb500ff877879a212fef6cf8471de8a5", Directory, 0) seconds=3.09135519 stage="build_slot"
2026-09-09T19:37:09.546397Z DEBUG transparent_shard_server::memory: cold build admission wait seconds=9.2892e-5 admitted=true
2026-09-09T19:37:09.782642Z DEBUG transparent_shard_server::runtime: runtime stage key=("16b8227360ce35dd2e111156f5e31fd5eb500ff877879a212fef6cf8471de8a5", Directory, 0) seconds=0.236116139 stage="source_load"
2026-09-09T19:37:10.090412Z DEBUG transparent_shard_server::runtime: construction stage geometry="recent-8k" table="directory" seconds=0.307735317 stage="encode_database"
2026-09-09T19:37:10.090540Z DEBUG transparent_shard_server::runtime: construction stage geometry="recent-8k" table="directory" seconds=8.1862e-5 stage="public_setup"
2026-09-09T19:37:10.340614Z DEBUG transparent_shard_server::runtime: runtime stage key=("b16be2933ab920bc4745ea8917e5167a7a685c211e0b4febe88b4d3018f970bc", Directory, 0) seconds=0.794367359 stage="disk_save"
2026-09-09T19:37:10.343216Z DEBUG transparent_shard_server::runtime: runtime stage key=("1cd27964911287b2a127c1f8df5e6b0c19f5b4db309391c5adb2db3072bfec6e", Directory, 0) seconds=2.811e-6 stage="restore_slot"
2026-09-09T19:37:10.343382Z DEBUG transparent_shard_server::runtime: runtime stage key=("1cd27964911287b2a127c1f8df5e6b0c19f5b4db309391c5adb2db3072bfec6e", Directory, 0) seconds=4.2855e-5 hit=false stage="disk_restore"
2026-09-09T19:37:10.721544Z DEBUG transparent_shard_server::runtime: construction stage geometry="recent-8k" table="pages" seconds=2.403277258 stage="pack_preprocessing"
2026-09-09T19:37:10.721838Z DEBUG transparent_shard_server::runtime: construction stage geometry="recent-8k" table="pages" seconds=0.000250397 stage="publish_parameters"
2026-09-09T19:37:10.722526Z DEBUG transparent_shard_server::runtime: runtime stage key=("b16be2933ab920bc4745ea8917e5167a7a685c211e0b4febe88b4d3018f970bc", Pages, 0) seconds=3.640848967 stage="runtime_build"
2026-09-09T19:37:10.722553Z DEBUG transparent_shard_server::runtime: runtime stage key=("b16be2933ab920bc4745ea8917e5167a7a685c211e0b4febe88b4d3018f970bc", Pages, 0) reserved_bytes=136314880 stage="serialization_handoff"
2026-09-09T19:37:10.722581Z DEBUG transparent_shard_server::runtime: runtime stage key=("16b8227360ce35dd2e111156f5e31fd5eb500ff877879a212fef6cf8471de8a5", Pages, 0) seconds=2.995209302 stage="build_slot"
2026-09-09T19:37:10.722683Z DEBUG transparent_shard_server::memory: cold build admission wait seconds=7.8715e-5 admitted=true
2026-09-09T19:37:11.041235Z DEBUG transparent_shard_server::runtime: construction stage geometry="recent-8k" table="directory" seconds=0.950687876 stage="hint_columns"
2026-09-09T19:37:11.077853Z DEBUG transparent_shard_server::runtime: runtime stage key=("16b8227360ce35dd2e111156f5e31fd5eb500ff877879a212fef6cf8471de8a5", Pages, 0) seconds=0.353674448 stage="source_load"
2026-09-09T19:37:11.372845Z DEBUG transparent_shard_server::runtime: construction stage geometry="recent-8k" table="pages" seconds=0.294954647 stage="encode_database"
2026-09-09T19:37:11.372952Z DEBUG transparent_shard_server::runtime: construction stage geometry="recent-8k" table="pages" seconds=7.3996e-5 stage="public_setup"
2026-09-09T19:37:11.666095Z DEBUG transparent_shard_server::runtime: runtime stage key=("b16be2933ab920bc4745ea8917e5167a7a685c211e0b4febe88b4d3018f970bc", Pages, 0) seconds=0.943535491 stage="disk_save"
2026-09-09T19:37:11.666194Z DEBUG transparent_shard_server::runtime: runtime stage key=("1cd27964911287b2a127c1f8df5e6b0c19f5b4db309391c5adb2db3072bfec6e", Pages, 0) seconds=2.487e-6 stage="restore_slot"
2026-09-09T19:37:11.666357Z DEBUG transparent_shard_server::runtime: runtime stage key=("1cd27964911287b2a127c1f8df5e6b0c19f5b4db309391c5adb2db3072bfec6e", Pages, 0) seconds=3.0172e-5 hit=false stage="disk_restore"
2026-09-09T19:37:12.241232Z DEBUG transparent_shard_server::runtime: construction stage geometry="recent-8k" table="pages" seconds=0.868273486 stage="hint_columns"
2026-09-09T19:37:13.445068Z DEBUG transparent_shard_server::runtime: construction stage geometry="recent-8k" table="directory" seconds=2.403797203 stage="pack_preprocessing"
2026-09-09T19:37:13.445365Z DEBUG transparent_shard_server::runtime: construction stage geometry="recent-8k" table="directory" seconds=0.000255514 stage="publish_parameters"
2026-09-09T19:37:13.446075Z DEBUG transparent_shard_server::runtime: runtime stage key=("16b8227360ce35dd2e111156f5e31fd5eb500ff877879a212fef6cf8471de8a5", Directory, 0) seconds=3.663401481 stage="runtime_build"
2026-09-09T19:37:13.446114Z DEBUG transparent_shard_server::runtime: runtime stage key=("1cd27964911287b2a127c1f8df5e6b0c19f5b4db309391c5adb2db3072bfec6e", Directory, 0) seconds=3.102695692 stage="build_slot"
2026-09-09T19:37:13.446212Z DEBUG transparent_shard_server::memory: cold build admission wait seconds=9.2802e-5 admitted=true
2026-09-09T19:37:13.446240Z DEBUG transparent_shard_server::runtime: runtime stage key=("16b8227360ce35dd2e111156f5e31fd5eb500ff877879a212fef6cf8471de8a5", Directory, 0) reserved_bytes=136314880 stage="serialization_handoff"
2026-09-09T19:37:13.640108Z DEBUG transparent_shard_server::runtime: runtime stage key=("1cd27964911287b2a127c1f8df5e6b0c19f5b4db309391c5adb2db3072bfec6e", Directory, 0) seconds=0.193864006 stage="source_load"
2026-09-09T19:37:13.945349Z DEBUG transparent_shard_server::runtime: construction stage geometry="recent-8k" table="directory" seconds=0.305209112 stage="encode_database"
2026-09-09T19:37:13.945453Z DEBUG transparent_shard_server::runtime: construction stage geometry="recent-8k" table="directory" seconds=7.337e-5 stage="public_setup"
2026-09-09T19:37:14.238301Z DEBUG transparent_shard_server::runtime: runtime stage key=("16b8227360ce35dd2e111156f5e31fd5eb500ff877879a212fef6cf8471de8a5", Directory, 0) seconds=0.792054358 stage="disk_save"
2026-09-09T19:37:14.238368Z DEBUG transparent_shard_server::runtime: runtime stage key=("27f56c565263ecffb8c7736d4e811665d81bf4ed71c7978431fcc4f45b645ee1", Directory, 0) seconds=2.297e-6 stage="restore_slot"
2026-09-09T19:37:14.238497Z DEBUG transparent_shard_server::runtime: runtime stage key=("27f56c565263ecffb8c7736d4e811665d81bf4ed71c7978431fcc4f45b645ee1", Directory, 0) seconds=4.3794e-5 hit=false stage="disk_restore"
2026-09-09T19:37:14.802187Z DEBUG transparent_shard_server::runtime: construction stage geometry="recent-8k" table="pages" seconds=2.55689136 stage="pack_preprocessing"
2026-09-09T19:37:14.802480Z DEBUG transparent_shard_server::runtime: construction stage geometry="recent-8k" table="pages" seconds=0.000244464 stage="publish_parameters"
2026-09-09T19:37:14.803222Z DEBUG transparent_shard_server::runtime: runtime stage key=("16b8227360ce35dd2e111156f5e31fd5eb500ff877879a212fef6cf8471de8a5", Pages, 0) seconds=3.725331807 stage="runtime_build"
2026-09-09T19:37:14.803251Z DEBUG transparent_shard_server::runtime: runtime stage key=("16b8227360ce35dd2e111156f5e31fd5eb500ff877879a212fef6cf8471de8a5", Pages, 0) reserved_bytes=136314880 stage="serialization_handoff"
2026-09-09T19:37:14.803273Z DEBUG transparent_shard_server::runtime: runtime stage key=("1cd27964911287b2a127c1f8df5e6b0c19f5b4db309391c5adb2db3072bfec6e", Pages, 0) seconds=3.136894164 stage="build_slot"
2026-09-09T19:37:14.803381Z DEBUG transparent_shard_server::memory: cold build admission wait seconds=7.962e-5 admitted=true
2026-09-09T19:37:14.858525Z DEBUG transparent_shard_server::runtime: construction stage geometry="recent-8k" table="directory" seconds=0.913065302 stage="hint_columns"
2026-09-09T19:37:14.969631Z DEBUG transparent_shard_server::runtime: runtime stage key=("1cd27964911287b2a127c1f8df5e6b0c19f5b4db309391c5adb2db3072bfec6e", Pages, 0) seconds=0.166224234 stage="source_load"
2026-09-09T19:37:15.273238Z DEBUG transparent_shard_server::runtime: construction stage geometry="recent-8k" table="pages" seconds=0.303557076 stage="encode_database"
2026-09-09T19:37:15.273346Z DEBUG transparent_shard_server::runtime: construction stage geometry="recent-8k" table="pages" seconds=7.4188e-5 stage="public_setup"
2026-09-09T19:37:15.552171Z DEBUG transparent_shard_server::runtime: runtime stage key=("16b8227360ce35dd2e111156f5e31fd5eb500ff877879a212fef6cf8471de8a5", Pages, 0) seconds=0.748912878 stage="disk_save"
2026-09-09T19:37:15.552260Z DEBUG transparent_shard_server::runtime: runtime stage key=("27f56c565263ecffb8c7736d4e811665d81bf4ed71c7978431fcc4f45b645ee1", Pages, 0) seconds=2.208e-6 stage="restore_slot"
2026-09-09T19:37:15.552420Z DEBUG transparent_shard_server::runtime: runtime stage key=("27f56c565263ecffb8c7736d4e811665d81bf4ed71c7978431fcc4f45b645ee1", Pages, 0) seconds=4.4981e-5 hit=false stage="disk_restore"
2026-09-09T19:37:16.122136Z DEBUG transparent_shard_server::runtime: construction stage geometry="recent-8k" table="pages" seconds=0.848782749 stage="hint_columns"
2026-09-09T19:37:17.317133Z DEBUG transparent_shard_server::runtime: construction stage geometry="recent-8k" table="directory" seconds=2.458566121 stage="pack_preprocessing"
2026-09-09T19:37:17.317438Z DEBUG transparent_shard_server::runtime: construction stage geometry="recent-8k" table="directory" seconds=0.000250539 stage="publish_parameters"
2026-09-09T19:37:17.319919Z DEBUG transparent_shard_server::runtime: runtime stage key=("1cd27964911287b2a127c1f8df5e6b0c19f5b4db309391c5adb2db3072bfec6e", Directory, 0) seconds=3.679780509 stage="runtime_build"
2026-09-09T19:37:17.319958Z DEBUG transparent_shard_server::runtime: runtime stage key=("1cd27964911287b2a127c1f8df5e6b0c19f5b4db309391c5adb2db3072bfec6e", Directory, 0) reserved_bytes=136314880 stage="serialization_handoff"
2026-09-09T19:37:17.319991Z DEBUG transparent_shard_server::runtime: runtime stage key=("27f56c565263ecffb8c7736d4e811665d81bf4ed71c7978431fcc4f45b645ee1", Directory, 0) seconds=3.081460183 stage="build_slot"
2026-09-09T19:37:17.320091Z DEBUG transparent_shard_server::memory: cold build admission wait seconds=7.8889e-5 admitted=true
2026-09-09T19:37:17.520302Z DEBUG transparent_shard_server::runtime: runtime stage key=("27f56c565263ecffb8c7736d4e811665d81bf4ed71c7978431fcc4f45b645ee1", Directory, 0) seconds=0.200180108 stage="source_load"
2026-09-09T19:37:17.825835Z DEBUG transparent_shard_server::runtime: construction stage geometry="recent-8k" table="directory" seconds=0.305496574 stage="encode_database"
2026-09-09T19:37:17.825972Z DEBUG transparent_shard_server::runtime: construction stage geometry="recent-8k" table="directory" seconds=0.000106883 stage="public_setup"
2026-09-09T19:37:18.102083Z DEBUG transparent_shard_server::runtime: runtime stage key=("1cd27964911287b2a127c1f8df5e6b0c19f5b4db309391c5adb2db3072bfec6e", Directory, 0) seconds=0.782119766 stage="disk_save"
2026-09-09T19:37:18.104204Z DEBUG transparent_shard_server::runtime: runtime stage key=("ced665ae1f1140944bcd0c9aa2b83c1019df768df87fa513f9509106fc5b88c1", Directory, 0) seconds=2.095e-6 stage="restore_slot"
2026-09-09T19:37:18.104366Z DEBUG transparent_shard_server::runtime: runtime stage key=("ced665ae1f1140944bcd0c9aa2b83c1019df768df87fa513f9509106fc5b88c1", Directory, 0) seconds=3.1486e-5 hit=false stage="disk_restore"
2026-09-09T19:37:18.712805Z DEBUG transparent_shard_server::runtime: construction stage geometry="recent-8k" table="directory" seconds=0.886825984 stage="hint_columns"
2026-09-09T19:37:18.715397Z DEBUG transparent_shard_server::runtime: construction stage geometry="recent-8k" table="pages" seconds=2.593203936 stage="pack_preprocessing"
2026-09-09T19:37:18.715665Z DEBUG transparent_shard_server::runtime: construction stage geometry="recent-8k" table="pages" seconds=0.000241114 stage="publish_parameters"
2026-09-09T19:37:18.716390Z DEBUG transparent_shard_server::runtime: runtime stage key=("1cd27964911287b2a127c1f8df5e6b0c19f5b4db309391c5adb2db3072bfec6e", Pages, 0) seconds=3.746712915 stage="runtime_build"
2026-09-09T19:37:18.716425Z DEBUG transparent_shard_server::runtime: runtime stage key=("1cd27964911287b2a127c1f8df5e6b0c19f5b4db309391c5adb2db3072bfec6e", Pages, 0) reserved_bytes=136314880 stage="serialization_handoff"
2026-09-09T19:37:18.719187Z DEBUG transparent_shard_server::runtime: runtime stage key=("27f56c565263ecffb8c7736d4e811665d81bf4ed71c7978431fcc4f45b645ee1", Pages, 0) seconds=3.166739031 stage="build_slot"
2026-09-09T19:37:18.719273Z DEBUG transparent_shard_server::memory: cold build admission wait seconds=7.0145e-5 admitted=true
2026-09-09T19:37:18.855731Z DEBUG transparent_shard_server::runtime: runtime stage key=("27f56c565263ecffb8c7736d4e811665d81bf4ed71c7978431fcc4f45b645ee1", Pages, 0) seconds=0.136355074 stage="source_load"
2026-09-09T19:37:19.158067Z DEBUG transparent_shard_server::runtime: construction stage geometry="recent-8k" table="pages" seconds=0.302305587 stage="encode_database"
2026-09-09T19:37:19.158175Z DEBUG transparent_shard_server::runtime: construction stage geometry="recent-8k" table="pages" seconds=8.1051e-5 stage="public_setup"
2026-09-09T19:37:19.451552Z DEBUG transparent_shard_server::runtime: runtime stage key=("1cd27964911287b2a127c1f8df5e6b0c19f5b4db309391c5adb2db3072bfec6e", Pages, 0) seconds=0.735120734 stage="disk_save"
2026-09-09T19:37:19.451619Z DEBUG transparent_shard_server::runtime: runtime stage key=("ced665ae1f1140944bcd0c9aa2b83c1019df768df87fa513f9509106fc5b88c1", Pages, 0) seconds=1.609e-6 stage="restore_slot"
2026-09-09T19:37:19.451744Z DEBUG transparent_shard_server::runtime: runtime stage key=("ced665ae1f1140944bcd0c9aa2b83c1019df768df87fa513f9509106fc5b88c1", Pages, 0) seconds=4.0917e-5 hit=false stage="disk_restore"
2026-09-09T19:37:19.956512Z DEBUG transparent_shard_server::runtime: construction stage geometry="recent-8k" table="pages" seconds=0.798329132 stage="hint_columns"
2026-09-09T19:37:21.137663Z DEBUG transparent_shard_server::runtime: construction stage geometry="recent-8k" table="directory" seconds=2.424818148 stage="pack_preprocessing"
2026-09-09T19:37:21.137959Z DEBUG transparent_shard_server::runtime: construction stage geometry="recent-8k" table="directory" seconds=0.000257293 stage="publish_parameters"
2026-09-09T19:37:21.140879Z DEBUG transparent_shard_server::runtime: runtime stage key=("27f56c565263ecffb8c7736d4e811665d81bf4ed71c7978431fcc4f45b645ee1", Directory, 0) seconds=3.620542925 stage="runtime_build"
2026-09-09T19:37:21.140918Z DEBUG transparent_shard_server::runtime: runtime stage key=("27f56c565263ecffb8c7736d4e811665d81bf4ed71c7978431fcc4f45b645ee1", Directory, 0) reserved_bytes=136314880 stage="serialization_handoff"
2026-09-09T19:37:21.140957Z DEBUG transparent_shard_server::runtime: runtime stage key=("ced665ae1f1140944bcd0c9aa2b83c1019df768df87fa513f9509106fc5b88c1", Directory, 0) seconds=3.036566208 stage="build_slot"
2026-09-09T19:37:21.141056Z DEBUG transparent_shard_server::memory: cold build admission wait seconds=7.7348e-5 admitted=true
2026-09-09T19:37:21.336923Z DEBUG transparent_shard_server::runtime: runtime stage key=("ced665ae1f1140944bcd0c9aa2b83c1019df768df87fa513f9509106fc5b88c1", Directory, 0) seconds=0.195834026 stage="source_load"
2026-09-09T19:37:21.632039Z DEBUG transparent_shard_server::runtime: construction stage geometry="recent-8k" table="directory" seconds=0.295084542 stage="encode_database"
2026-09-09T19:37:21.632138Z DEBUG transparent_shard_server::runtime: construction stage geometry="recent-8k" table="directory" seconds=7.2701e-5 stage="public_setup"
2026-09-09T19:37:21.874232Z DEBUG transparent_shard_server::runtime: runtime stage key=("27f56c565263ecffb8c7736d4e811665d81bf4ed71c7978431fcc4f45b645ee1", Directory, 0) seconds=0.733308473 stage="disk_save"
2026-09-09T19:37:21.876200Z DEBUG transparent_shard_server::runtime: runtime stage key=("2d4497bf9e8bafc6139ee4e57114238a7ecfa0782702939922bf2a79b1fe05bf", Directory, 0) seconds=2.104e-6 stage="restore_slot"
2026-09-09T19:37:21.876343Z DEBUG transparent_shard_server::runtime: runtime stage key=("2d4497bf9e8bafc6139ee4e57114238a7ecfa0782702939922bf2a79b1fe05bf", Directory, 0) seconds=2.4109e-5 hit=false stage="disk_restore"
2026-09-09T19:37:22.513996Z DEBUG transparent_shard_server::runtime: construction stage geometry="recent-8k" table="directory" seconds=0.881850217 stage="hint_columns"
2026-09-09T19:37:22.516671Z DEBUG transparent_shard_server::runtime: construction stage geometry="recent-8k" table="pages" seconds=2.560119824 stage="pack_preprocessing"
2026-09-09T19:37:22.516967Z DEBUG transparent_shard_server::runtime: construction stage geometry="recent-8k" table="pages" seconds=0.000248923 stage="publish_parameters"
2026-09-09T19:37:22.517653Z DEBUG transparent_shard_server::runtime: runtime stage key=("27f56c565263ecffb8c7736d4e811665d81bf4ed71c7978431fcc4f45b645ee1", Pages, 0) seconds=3.661894184 stage="runtime_build"
2026-09-09T19:37:22.517681Z DEBUG transparent_shard_server::runtime: runtime stage key=("27f56c565263ecffb8c7736d4e811665d81bf4ed71c7978431fcc4f45b645ee1", Pages, 0) reserved_bytes=136314880 stage="serialization_handoff"
2026-09-09T19:37:22.517717Z DEBUG transparent_shard_server::runtime: runtime stage key=("ced665ae1f1140944bcd0c9aa2b83c1019df768df87fa513f9509106fc5b88c1", Pages, 0) seconds=3.065940633 stage="build_slot"
2026-09-09T19:37:22.517809Z DEBUG transparent_shard_server::memory: cold build admission wait seconds=7.7202e-5 admitted=true
2026-09-09T19:37:22.673169Z DEBUG transparent_shard_server::runtime: runtime stage key=("ced665ae1f1140944bcd0c9aa2b83c1019df768df87fa513f9509106fc5b88c1", Pages, 0) seconds=0.155327117 stage="source_load"
2026-09-09T19:37:22.974704Z DEBUG transparent_shard_server::runtime: construction stage geometry="recent-8k" table="pages" seconds=0.301500245 stage="encode_database"
2026-09-09T19:37:22.974807Z DEBUG transparent_shard_server::runtime: construction stage geometry="recent-8k" table="pages" seconds=7.5083e-5 stage="public_setup"
2026-09-09T19:37:23.240189Z DEBUG transparent_shard_server::runtime: runtime stage key=("27f56c565263ecffb8c7736d4e811665d81bf4ed71c7978431fcc4f45b645ee1", Pages, 0) seconds=0.722501706 stage="disk_save"
2026-09-09T19:37:23.243197Z DEBUG transparent_shard_server::runtime: runtime stage key=("2d4497bf9e8bafc6139ee4e57114238a7ecfa0782702939922bf2a79b1fe05bf", Pages, 0) seconds=1.819e-6 stage="restore_slot"
2026-09-09T19:37:23.246201Z DEBUG transparent_shard_server::runtime: runtime stage key=("2d4497bf9e8bafc6139ee4e57114238a7ecfa0782702939922bf2a79b1fe05bf", Pages, 0) seconds=3.2344e-5 hit=false stage="disk_restore"
2026-09-09T19:37:23.767195Z DEBUG transparent_shard_server::runtime: construction stage geometry="recent-8k" table="pages" seconds=0.792380634 stage="hint_columns"
2026-09-09T19:37:24.955669Z DEBUG transparent_shard_server::runtime: construction stage geometry="recent-8k" table="directory" seconds=2.441632975 stage="pack_preprocessing"
2026-09-09T19:37:24.955961Z DEBUG transparent_shard_server::runtime: construction stage geometry="recent-8k" table="directory" seconds=0.000240319 stage="publish_parameters"
2026-09-09T19:37:24.956641Z DEBUG transparent_shard_server::runtime: runtime stage key=("ced665ae1f1140944bcd0c9aa2b83c1019df768df87fa513f9509106fc5b88c1", Directory, 0) seconds=3.619688558 stage="runtime_build"
2026-09-09T19:37:24.956668Z DEBUG transparent_shard_server::runtime: runtime stage key=("ced665ae1f1140944bcd0c9aa2b83c1019df768df87fa513f9509106fc5b88c1", Directory, 0) reserved_bytes=136314880 stage="serialization_handoff"
2026-09-09T19:37:24.956701Z DEBUG transparent_shard_server::runtime: runtime stage key=("2d4497bf9e8bafc6139ee4e57114238a7ecfa0782702939922bf2a79b1fe05bf", Directory, 0) seconds=3.080341939 stage="build_slot"
2026-09-09T19:37:24.956829Z DEBUG transparent_shard_server::memory: cold build admission wait seconds=9.3455e-5 admitted=true
2026-09-09T19:37:25.147423Z DEBUG transparent_shard_server::runtime: runtime stage key=("2d4497bf9e8bafc6139ee4e57114238a7ecfa0782702939922bf2a79b1fe05bf", Directory, 0) seconds=0.190562875 stage="source_load"
2026-09-09T19:37:25.450386Z DEBUG transparent_shard_server::runtime: construction stage geometry="recent-8k" table="directory" seconds=0.30292327 stage="encode_database"
2026-09-09T19:37:25.450494Z DEBUG transparent_shard_server::runtime: construction stage geometry="recent-8k" table="directory" seconds=7.7147e-5 stage="public_setup"
2026-09-09T19:37:25.738193Z DEBUG transparent_shard_server::runtime: runtime stage key=("ced665ae1f1140944bcd0c9aa2b83c1019df768df87fa513f9509106fc5b88c1", Directory, 0) seconds=0.781519274 stage="disk_save"
2026-09-09T19:37:25.740205Z DEBUG transparent_shard_server::runtime: runtime stage key=("a4bd72b37c0aafb265c77bb09cbc402cf69b65a87a1fabc8a0f12614b35469be", Directory, 0) seconds=2.223e-6 stage="restore_slot"
2026-09-09T19:37:25.740359Z DEBUG transparent_shard_server::runtime: runtime stage key=("a4bd72b37c0aafb265c77bb09cbc402cf69b65a87a1fabc8a0f12614b35469be", Directory, 0) seconds=2.9587e-5 hit=false stage="disk_restore"
2026-09-09T19:37:26.321681Z DEBUG transparent_shard_server::runtime: construction stage geometry="recent-8k" table="directory" seconds=0.871180416 stage="hint_columns"
2026-09-09T19:37:26.324182Z DEBUG transparent_shard_server::runtime: construction stage geometry="recent-8k" table="pages" seconds=2.556945383 stage="pack_preprocessing"
2026-09-09T19:37:26.324458Z DEBUG transparent_shard_server::runtime: construction stage geometry="recent-8k" table="pages" seconds=0.000245867 stage="publish_parameters"
2026-09-09T19:37:26.325174Z DEBUG transparent_shard_server::runtime: runtime stage key=("ced665ae1f1140944bcd0c9aa2b83c1019df768df87fa513f9509106fc5b88c1", Pages, 0) seconds=3.6519730519999998 stage="runtime_build"
2026-09-09T19:37:26.325202Z DEBUG transparent_shard_server::runtime: runtime stage key=("ced665ae1f1140944bcd0c9aa2b83c1019df768df87fa513f9509106fc5b88c1", Pages, 0) reserved_bytes=136314880 stage="serialization_handoff"
2026-09-09T19:37:26.325237Z DEBUG transparent_shard_server::runtime: runtime stage key=("2d4497bf9e8bafc6139ee4e57114238a7ecfa0782702939922bf2a79b1fe05bf", Pages, 0) seconds=3.079005463 stage="build_slot"
2026-09-09T19:37:26.325332Z DEBUG transparent_shard_server::memory: cold build admission wait seconds=7.6658e-5 admitted=true
2026-09-09T19:37:26.463190Z DEBUG transparent_shard_server::runtime: runtime stage key=("2d4497bf9e8bafc6139ee4e57114238a7ecfa0782702939922bf2a79b1fe05bf", Pages, 0) seconds=0.137826337 stage="source_load"
2026-09-09T19:37:26.757983Z DEBUG transparent_shard_server::runtime: construction stage geometry="recent-8k" table="pages" seconds=0.294728388 stage="encode_database"
2026-09-09T19:37:26.758088Z DEBUG transparent_shard_server::runtime: construction stage geometry="recent-8k" table="pages" seconds=7.0905e-5 stage="public_setup"
2026-09-09T19:37:27.045200Z DEBUG transparent_shard_server::runtime: runtime stage key=("ced665ae1f1140944bcd0c9aa2b83c1019df768df87fa513f9509106fc5b88c1", Pages, 0) seconds=0.719991403 stage="disk_save"
2026-09-09T19:37:27.047208Z DEBUG transparent_shard_server::runtime: runtime stage key=("a4bd72b37c0aafb265c77bb09cbc402cf69b65a87a1fabc8a0f12614b35469be", Pages, 0) seconds=2.139e-6 stage="restore_slot"
2026-09-09T19:37:27.047363Z DEBUG transparent_shard_server::runtime: runtime stage key=("a4bd72b37c0aafb265c77bb09cbc402cf69b65a87a1fabc8a0f12614b35469be", Pages, 0) seconds=2.9911e-5 hit=false stage="disk_restore"
2026-09-09T19:37:27.574427Z DEBUG transparent_shard_server::runtime: construction stage geometry="recent-8k" table="pages" seconds=0.816333063 stage="hint_columns"
2026-09-09T19:37:28.766949Z DEBUG transparent_shard_server::runtime: construction stage geometry="recent-8k" table="directory" seconds=2.445224404 stage="pack_preprocessing"
2026-09-09T19:37:28.767258Z DEBUG transparent_shard_server::runtime: construction stage geometry="recent-8k" table="directory" seconds=0.00026484 stage="publish_parameters"
2026-09-09T19:37:28.768033Z DEBUG transparent_shard_server::runtime: runtime stage key=("2d4497bf9e8bafc6139ee4e57114238a7ecfa0782702939922bf2a79b1fe05bf", Directory, 0) seconds=3.620571434 stage="runtime_build"
2026-09-09T19:37:28.768078Z DEBUG transparent_shard_server::runtime: runtime stage key=("2d4497bf9e8bafc6139ee4e57114238a7ecfa0782702939922bf2a79b1fe05bf", Directory, 0) reserved_bytes=136314880 stage="serialization_handoff"
2026-09-09T19:37:28.768116Z DEBUG transparent_shard_server::runtime: runtime stage key=("a4bd72b37c0aafb265c77bb09cbc402cf69b65a87a1fabc8a0f12614b35469be", Directory, 0) seconds=3.027738465 stage="build_slot"
2026-09-09T19:37:28.768232Z DEBUG transparent_shard_server::memory: cold build admission wait seconds=9.3529e-5 admitted=true
2026-09-09T19:37:28.955558Z DEBUG transparent_shard_server::runtime: runtime stage key=("a4bd72b37c0aafb265c77bb09cbc402cf69b65a87a1fabc8a0f12614b35469be", Directory, 0) seconds=0.187290471 stage="source_load"
2026-09-09T19:37:29.259857Z DEBUG transparent_shard_server::runtime: construction stage geometry="recent-8k" table="directory" seconds=0.304262918 stage="encode_database"
2026-09-09T19:37:29.259963Z DEBUG transparent_shard_server::runtime: construction stage geometry="recent-8k" table="directory" seconds=7.436e-5 stage="public_setup"
2026-09-09T19:37:29.740641Z DEBUG transparent_shard_server::runtime: runtime stage key=("2d4497bf9e8bafc6139ee4e57114238a7ecfa0782702939922bf2a79b1fe05bf", Directory, 0) seconds=0.972556217 stage="disk_save"
2026-09-09T19:37:29.740750Z DEBUG transparent_shard_server::runtime: runtime stage key=("c907a0aa45b2551520863990845279fd25135889865e088c2dad6ea0d32b8fde", Directory, 0) seconds=2.057e-6 stage="restore_slot"
2026-09-09T19:37:29.740890Z DEBUG transparent_shard_server::runtime: runtime stage key=("c907a0aa45b2551520863990845279fd25135889865e088c2dad6ea0d32b8fde", Directory, 0) seconds=2.8816e-5 hit=false stage="disk_restore"
2026-09-09T19:37:29.865587Z DEBUG transparent_shard_server::runtime: construction stage geometry="recent-8k" table="pages" seconds=2.291113774 stage="pack_preprocessing"
2026-09-09T19:37:29.865877Z DEBUG transparent_shard_server::runtime: construction stage geometry="recent-8k" table="pages" seconds=0.000246365 stage="publish_parameters"
2026-09-09T19:37:29.870738Z DEBUG transparent_shard_server::runtime: runtime stage key=("2d4497bf9e8bafc6139ee4e57114238a7ecfa0782702939922bf2a79b1fe05bf", Pages, 0) seconds=3.407484661 stage="runtime_build"
2026-09-09T19:37:29.870781Z DEBUG transparent_shard_server::runtime: runtime stage key=("2d4497bf9e8bafc6139ee4e57114238a7ecfa0782702939922bf2a79b1fe05bf", Pages, 0) reserved_bytes=136314880 stage="serialization_handoff"
2026-09-09T19:37:29.870814Z DEBUG transparent_shard_server::runtime: runtime stage key=("a4bd72b37c0aafb265c77bb09cbc402cf69b65a87a1fabc8a0f12614b35469be", Pages, 0) seconds=2.823429413 stage="build_slot"
2026-09-09T19:37:29.870918Z DEBUG transparent_shard_server::memory: cold build admission wait seconds=8.2334e-5 admitted=true
2026-09-09T19:37:30.155205Z DEBUG transparent_shard_server::runtime: runtime stage key=("a4bd72b37c0aafb265c77bb09cbc402cf69b65a87a1fabc8a0f12614b35469be", Pages, 0) seconds=0.284260638 stage="source_load"
2026-09-09T19:37:30.273207Z DEBUG transparent_shard_server::runtime: construction stage geometry="recent-8k" table="directory" seconds=1.013237672 stage="hint_columns"
2026-09-09T19:37:30.507778Z DEBUG transparent_shard_server::runtime: construction stage geometry="recent-8k" table="pages" seconds=0.352538763 stage="encode_database"
2026-09-09T19:37:30.507885Z DEBUG transparent_shard_server::runtime: construction stage geometry="recent-8k" table="pages" seconds=7.3456e-5 stage="public_setup"
2026-09-09T19:37:30.835054Z DEBUG transparent_shard_server::runtime: runtime stage key=("2d4497bf9e8bafc6139ee4e57114238a7ecfa0782702939922bf2a79b1fe05bf", Pages, 0) seconds=0.964266853 stage="disk_save"
2026-09-09T19:37:30.835155Z DEBUG transparent_shard_server::runtime: runtime stage key=("c907a0aa45b2551520863990845279fd25135889865e088c2dad6ea0d32b8fde", Pages, 0) seconds=1.969e-6 stage="restore_slot"
2026-09-09T19:37:30.835293Z DEBUG transparent_shard_server::runtime: runtime stage key=("c907a0aa45b2551520863990845279fd25135889865e088c2dad6ea0d32b8fde", Pages, 0) seconds=2.6501e-5 hit=false stage="disk_restore"
2026-09-09T19:37:31.387251Z DEBUG transparent_shard_server::runtime: construction stage geometry="recent-8k" table="pages" seconds=0.879358482 stage="hint_columns"
2026-09-09T19:37:32.552518Z DEBUG transparent_shard_server::runtime: construction stage geometry="recent-8k" table="directory" seconds=2.279271068 stage="pack_preprocessing"
2026-09-09T19:37:32.552824Z DEBUG transparent_shard_server::runtime: construction stage geometry="recent-8k" table="directory" seconds=0.000261523 stage="publish_parameters"
2026-09-09T19:37:32.556632Z DEBUG transparent_shard_server::runtime: runtime stage key=("a4bd72b37c0aafb265c77bb09cbc402cf69b65a87a1fabc8a0f12614b35469be", Directory, 0) seconds=3.6010397259999998 stage="runtime_build"
2026-09-09T19:37:32.556680Z DEBUG transparent_shard_server::runtime: runtime stage key=("a4bd72b37c0aafb265c77bb09cbc402cf69b65a87a1fabc8a0f12614b35469be", Directory, 0) reserved_bytes=136314880 stage="serialization_handoff"
2026-09-09T19:37:32.556723Z DEBUG transparent_shard_server::runtime: runtime stage key=("c907a0aa45b2551520863990845279fd25135889865e088c2dad6ea0d32b8fde", Directory, 0) seconds=2.81581172 stage="build_slot"
2026-09-09T19:37:32.556823Z DEBUG transparent_shard_server::memory: cold build admission wait seconds=7.685e-5 admitted=true
2026-09-09T19:37:32.755899Z DEBUG transparent_shard_server::runtime: runtime stage key=("c907a0aa45b2551520863990845279fd25135889865e088c2dad6ea0d32b8fde", Directory, 0) seconds=0.199047017 stage="source_load"
2026-09-09T19:37:33.062490Z DEBUG transparent_shard_server::runtime: construction stage geometry="recent-8k" table="directory" seconds=0.306552034 stage="encode_database"
2026-09-09T19:37:33.062599Z DEBUG transparent_shard_server::runtime: construction stage geometry="recent-8k" table="directory" seconds=7.5941e-5 stage="public_setup"
2026-09-09T19:37:33.346203Z DEBUG transparent_shard_server::runtime: runtime stage key=("a4bd72b37c0aafb265c77bb09cbc402cf69b65a87a1fabc8a0f12614b35469be", Directory, 0) seconds=0.789515759 stage="disk_save"
2026-09-09T19:37:33.346302Z DEBUG transparent_shard_server::runtime: runtime stage key=("67574e8d4c7f7c258f8c7488f73e80a9476f8074c3db3540325133ff25020c2b", Directory, 0) seconds=2.488e-6 stage="restore_slot"
2026-09-09T19:37:33.346441Z DEBUG transparent_shard_server::runtime: runtime stage key=("67574e8d4c7f7c258f8c7488f73e80a9476f8074c3db3540325133ff25020c2b", Directory, 0) seconds=3.0712e-5 hit=false stage="disk_restore"
2026-09-09T19:37:33.953201Z DEBUG transparent_shard_server::runtime: construction stage geometry="recent-8k" table="directory" seconds=0.890593372 stage="hint_columns"
2026-09-09T19:37:33.955757Z DEBUG transparent_shard_server::runtime: construction stage geometry="recent-8k" table="pages" seconds=2.568461872 stage="pack_preprocessing"
2026-09-09T19:37:33.956046Z DEBUG transparent_shard_server::runtime: construction stage geometry="recent-8k" table="pages" seconds=0.000250271 stage="publish_parameters"
2026-09-09T19:37:33.956745Z DEBUG transparent_shard_server::runtime: runtime stage key=("a4bd72b37c0aafb265c77bb09cbc402cf69b65a87a1fabc8a0f12614b35469be", Pages, 0) seconds=3.801507696 stage="runtime_build"
2026-09-09T19:37:33.956781Z DEBUG transparent_shard_server::runtime: runtime stage key=("a4bd72b37c0aafb265c77bb09cbc402cf69b65a87a1fabc8a0f12614b35469be", Pages, 0) reserved_bytes=136314880 stage="serialization_handoff"
2026-09-09T19:37:33.956822Z DEBUG transparent_shard_server::runtime: runtime stage key=("c907a0aa45b2551520863990845279fd25135889865e088c2dad6ea0d32b8fde", Pages, 0) seconds=3.121479855 stage="build_slot"
2026-09-09T19:37:33.956923Z DEBUG transparent_shard_server::memory: cold build admission wait seconds=8.1229e-5 admitted=true
2026-09-09T19:37:34.096595Z DEBUG transparent_shard_server::runtime: runtime stage key=("c907a0aa45b2551520863990845279fd25135889865e088c2dad6ea0d32b8fde", Pages, 0) seconds=0.139633939 stage="source_load"
2026-09-09T19:37:34.401634Z DEBUG transparent_shard_server::runtime: construction stage geometry="recent-8k" table="pages" seconds=0.305001549 stage="encode_database"
2026-09-09T19:37:34.401750Z DEBUG transparent_shard_server::runtime: construction stage geometry="recent-8k" table="pages" seconds=7.4508e-5 stage="public_setup"
2026-09-09T19:37:34.696343Z DEBUG transparent_shard_server::runtime: runtime stage key=("a4bd72b37c0aafb265c77bb09cbc402cf69b65a87a1fabc8a0f12614b35469be", Pages, 0) seconds=0.739554995 stage="disk_save"
2026-09-09T19:37:34.697208Z DEBUG transparent_shard_server::runtime: runtime stage key=("67574e8d4c7f7c258f8c7488f73e80a9476f8074c3db3540325133ff25020c2b", Pages, 0) seconds=2.136e-6 stage="restore_slot"
2026-09-09T19:37:34.697353Z DEBUG transparent_shard_server::runtime: runtime stage key=("67574e8d4c7f7c258f8c7488f73e80a9476f8074c3db3540325133ff25020c2b", Pages, 0) seconds=2.8028e-5 hit=false stage="disk_restore"
2026-09-09T19:37:35.225256Z DEBUG transparent_shard_server::runtime: construction stage geometry="recent-8k" table="pages" seconds=0.823498424 stage="hint_columns"
2026-09-09T19:37:36.425870Z DEBUG transparent_shard_server::runtime: construction stage geometry="recent-8k" table="directory" seconds=2.472614661 stage="pack_preprocessing"
2026-09-09T19:37:36.426184Z DEBUG transparent_shard_server::runtime: construction stage geometry="recent-8k" table="directory" seconds=0.000271538 stage="publish_parameters"
2026-09-09T19:37:36.426893Z DEBUG transparent_shard_server::runtime: runtime stage key=("c907a0aa45b2551520863990845279fd25135889865e088c2dad6ea0d32b8fde", Directory, 0) seconds=3.670957563 stage="runtime_build"
2026-09-09T19:37:36.426921Z DEBUG transparent_shard_server::runtime: runtime stage key=("c907a0aa45b2551520863990845279fd25135889865e088c2dad6ea0d32b8fde", Directory, 0) reserved_bytes=136314880 stage="serialization_handoff"
2026-09-09T19:37:36.426964Z DEBUG transparent_shard_server::runtime: runtime stage key=("67574e8d4c7f7c258f8c7488f73e80a9476f8074c3db3540325133ff25020c2b", Directory, 0) seconds=3.0805083030000002 stage="build_slot"
2026-09-09T19:37:36.427071Z DEBUG transparent_shard_server::memory: cold build admission wait seconds=8.2994e-5 admitted=true
2026-09-09T19:37:36.620058Z DEBUG transparent_shard_server::runtime: runtime stage key=("67574e8d4c7f7c258f8c7488f73e80a9476f8074c3db3540325133ff25020c2b", Directory, 0) seconds=0.192952779 stage="source_load"
2026-09-09T19:37:36.925310Z DEBUG transparent_shard_server::runtime: construction stage geometry="recent-8k" table="directory" seconds=0.305215049 stage="encode_database"
2026-09-09T19:37:36.925417Z DEBUG transparent_shard_server::runtime: construction stage geometry="recent-8k" table="directory" seconds=7.4855e-5 stage="public_setup"
2026-09-09T19:37:37.232227Z DEBUG transparent_shard_server::runtime: runtime stage key=("c907a0aa45b2551520863990845279fd25135889865e088c2dad6ea0d32b8fde", Directory, 0) seconds=0.805299488 stage="disk_save"
2026-09-09T19:37:37.818512Z DEBUG transparent_shard_server::runtime: construction stage geometry="recent-8k" table="directory" seconds=0.893088062 stage="hint_columns"
2026-09-09T19:37:37.820960Z DEBUG transparent_shard_server::runtime: construction stage geometry="recent-8k" table="pages" seconds=2.595668807 stage="pack_preprocessing"
2026-09-09T19:37:37.821243Z DEBUG transparent_shard_server::runtime: construction stage geometry="recent-8k" table="pages" seconds=0.000256663 stage="publish_parameters"
2026-09-09T19:37:37.821911Z DEBUG transparent_shard_server::runtime: runtime stage key=("c907a0aa45b2551520863990845279fd25135889865e088c2dad6ea0d32b8fde", Pages, 0) seconds=3.725281526 stage="runtime_build"
2026-09-09T19:37:37.821936Z DEBUG transparent_shard_server::runtime: runtime stage key=("c907a0aa45b2551520863990845279fd25135889865e088c2dad6ea0d32b8fde", Pages, 0) reserved_bytes=136314880 stage="serialization_handoff"
2026-09-09T19:37:37.821978Z DEBUG transparent_shard_server::runtime: runtime stage key=("67574e8d4c7f7c258f8c7488f73e80a9476f8074c3db3540325133ff25020c2b", Pages, 0) seconds=3.124611763 stage="build_slot"
2026-09-09T19:37:37.822079Z DEBUG transparent_shard_server::memory: cold build admission wait seconds=7.2145e-5 admitted=true
2026-09-09T19:37:37.959072Z DEBUG transparent_shard_server::runtime: runtime stage key=("67574e8d4c7f7c258f8c7488f73e80a9476f8074c3db3540325133ff25020c2b", Pages, 0) seconds=0.136970714 stage="source_load"
2026-09-09T19:37:38.262574Z DEBUG transparent_shard_server::runtime: construction stage geometry="recent-8k" table="pages" seconds=0.303473234 stage="encode_database"
2026-09-09T19:37:38.262674Z DEBUG transparent_shard_server::runtime: construction stage geometry="recent-8k" table="pages" seconds=7.2714e-5 stage="public_setup"
2026-09-09T19:37:38.547196Z DEBUG transparent_shard_server::runtime: runtime stage key=("c907a0aa45b2551520863990845279fd25135889865e088c2dad6ea0d32b8fde", Pages, 0) seconds=0.725253106 stage="disk_save"
2026-09-09T19:37:39.167374Z DEBUG transparent_shard_server::runtime: construction stage geometry="recent-8k" table="pages" seconds=0.904693855 stage="hint_columns"
test burst::publication_burst_under_exact_load has been running for over 60 seconds
2026-09-09T19:37:40.264386Z DEBUG transparent_shard_server::runtime: construction stage geometry="recent-8k" table="directory" seconds=2.445832178 stage="pack_preprocessing"
2026-09-09T19:37:40.264688Z DEBUG transparent_shard_server::runtime: construction stage geometry="recent-8k" table="directory" seconds=0.000260313 stage="publish_parameters"
2026-09-09T19:37:40.271374Z DEBUG transparent_shard_server::runtime: runtime stage key=("67574e8d4c7f7c258f8c7488f73e80a9476f8074c3db3540325133ff25020c2b", Directory, 0) seconds=3.651279878 stage="runtime_build"
2026-09-09T19:37:40.271409Z DEBUG transparent_shard_server::runtime: runtime stage key=("67574e8d4c7f7c258f8c7488f73e80a9476f8074c3db3540325133ff25020c2b", Directory, 0) reserved_bytes=136314880 stage="serialization_handoff"
2026-09-09T19:37:40.967831Z DEBUG transparent_shard_server::runtime: runtime stage key=("67574e8d4c7f7c258f8c7488f73e80a9476f8074c3db3540325133ff25020c2b", Directory, 0) seconds=0.696415 stage="disk_save"
2026-09-09T19:37:41.351386Z DEBUG transparent_shard_server::runtime: construction stage geometry="recent-8k" table="pages" seconds=2.183957662 stage="pack_preprocessing"
2026-09-09T19:37:41.351657Z DEBUG transparent_shard_server::runtime: construction stage geometry="recent-8k" table="pages" seconds=0.000229596 stage="publish_parameters"
2026-09-09T19:37:41.352345Z DEBUG transparent_shard_server::runtime: runtime stage key=("67574e8d4c7f7c258f8c7488f73e80a9476f8074c3db3540325133ff25020c2b", Pages, 0) seconds=3.393246127 stage="runtime_build"
2026-09-09T19:37:41.352364Z DEBUG transparent_shard_server::runtime: runtime stage key=("67574e8d4c7f7c258f8c7488f73e80a9476f8074c3db3540325133ff25020c2b", Pages, 0) reserved_bytes=136314880 stage="serialization_handoff"
2026-09-09T19:37:42.045172Z DEBUG transparent_shard_server::runtime: runtime stage key=("67574e8d4c7f7c258f8c7488f73e80a9476f8074c3db3540325133ff25020c2b", Pages, 0) seconds=0.692802339 stage="disk_save"
2026-09-09T19:37:42.045274Z  INFO transparent_shard_server::service: prewarm finished warm=28 target=28 failed=0 seconds=56.57358697
2026-09-09T19:37:42.552951Z  INFO transparent_shard_server::runtime: retired runtime memory reclaimed rss_before=5020758016 rss_after=4414885888
2026-09-09T19:37:43.105299Z DEBUG transparent_shard_server::runtime: runtime stage key=("be059aab39ac34125e0452548d6fbcfb1e7cdb7237a597bd59ee86011ed4882b", Directory, 0) seconds=1.292e-6 stage="restore_slot"
2026-09-09T19:37:43.105319Z DEBUG transparent_shard_server::runtime: runtime stage key=("be059aab39ac34125e0452548d6fbcfb1e7cdb7237a597bd59ee86011ed4882b", Pages, 0) seconds=1.105e-6 stage="restore_slot"
2026-09-09T19:37:43.105453Z DEBUG transparent_shard_server::runtime: runtime stage key=("be059aab39ac34125e0452548d6fbcfb1e7cdb7237a597bd59ee86011ed4882b", Directory, 0) seconds=3.1094e-5 hit=false stage="disk_restore"
2026-09-09T19:37:43.105481Z DEBUG transparent_shard_server::runtime: runtime stage key=("be059aab39ac34125e0452548d6fbcfb1e7cdb7237a597bd59ee86011ed4882b", Directory, 0) seconds=4.48e-7 stage="build_slot"
2026-09-09T19:37:43.105524Z DEBUG transparent_shard_server::memory: cold build admission wait seconds=2.7245e-5 admitted=true
2026-09-09T19:37:43.105558Z DEBUG transparent_shard_server::runtime: runtime stage key=("be059aab39ac34125e0452548d6fbcfb1e7cdb7237a597bd59ee86011ed4882b", Pages, 0) seconds=1.7099e-5 hit=false stage="disk_restore"
2026-09-09T19:37:43.105572Z DEBUG transparent_shard_server::runtime: runtime stage key=("be059aab39ac34125e0452548d6fbcfb1e7cdb7237a597bd59ee86011ed4882b", Pages, 0) seconds=2.54e-7 stage="build_slot"
2026-09-09T19:37:43.105606Z DEBUG transparent_shard_server::memory: cold build admission wait seconds=3.0658e-5 admitted=true
2026-09-09T19:37:43.254567Z DEBUG transparent_shard_server::runtime: runtime stage key=("be059aab39ac34125e0452548d6fbcfb1e7cdb7237a597bd59ee86011ed4882b", Directory, 0) seconds=0.149018831 stage="source_load"
2026-09-09T19:37:43.262839Z DEBUG transparent_shard_server::runtime: runtime stage key=("be059aab39ac34125e0452548d6fbcfb1e7cdb7237a597bd59ee86011ed4882b", Pages, 0) seconds=0.157221239 stage="source_load"
2026-09-09T19:37:43.557482Z DEBUG transparent_shard_server::runtime: construction stage geometry="recent-8k" table="directory" seconds=0.302875997 stage="encode_database"
2026-09-09T19:37:43.557588Z DEBUG transparent_shard_server::runtime: construction stage geometry="recent-8k" table="directory" seconds=7.5704e-5 stage="public_setup"
2026-09-09T19:37:43.566576Z DEBUG transparent_shard_server::runtime: construction stage geometry="recent-8k" table="pages" seconds=0.303707871 stage="encode_database"
2026-09-09T19:37:43.566671Z DEBUG transparent_shard_server::runtime: construction stage geometry="recent-8k" table="pages" seconds=7.4602e-5 stage="public_setup"
2026-09-09T19:37:44.666567Z DEBUG transparent_shard_server::runtime: construction stage geometry="recent-8k" table="pages" seconds=1.099890207 stage="hint_columns"
2026-09-09T19:37:44.677269Z DEBUG transparent_shard_server::runtime: construction stage geometry="recent-8k" table="directory" seconds=1.119675569 stage="hint_columns"
2026-09-09T19:37:47.013759Z DEBUG transparent_shard_server::runtime: construction stage geometry="recent-8k" table="pages" seconds=2.3471568449999998 stage="pack_preprocessing"
2026-09-09T19:37:47.014098Z DEBUG transparent_shard_server::runtime: construction stage geometry="recent-8k" table="pages" seconds=0.000300956 stage="publish_parameters"
2026-09-09T19:37:47.018337Z DEBUG transparent_shard_server::runtime: runtime stage key=("be059aab39ac34125e0452548d6fbcfb1e7cdb7237a597bd59ee86011ed4882b", Pages, 0) seconds=3.75546809 stage="runtime_build"
2026-09-09T19:37:47.018368Z DEBUG transparent_shard_server::runtime: runtime stage key=("be059aab39ac34125e0452548d6fbcfb1e7cdb7237a597bd59ee86011ed4882b", Pages, 0) reserved_bytes=136314880 stage="serialization_handoff"
2026-09-09T19:37:47.032634Z DEBUG transparent_shard_server::runtime: construction stage geometry="recent-8k" table="directory" seconds=2.355343751 stage="pack_preprocessing"
2026-09-09T19:37:47.032922Z DEBUG transparent_shard_server::runtime: construction stage geometry="recent-8k" table="directory" seconds=0.000265631 stage="publish_parameters"
2026-09-09T19:37:47.033633Z DEBUG transparent_shard_server::runtime: runtime stage key=("be059aab39ac34125e0452548d6fbcfb1e7cdb7237a597bd59ee86011ed4882b", Directory, 0) seconds=3.779028954 stage="runtime_build"
2026-09-09T19:37:47.033651Z DEBUG transparent_shard_server::runtime: runtime stage key=("be059aab39ac34125e0452548d6fbcfb1e7cdb7237a597bd59ee86011ed4882b", Directory, 0) reserved_bytes=136314880 stage="serialization_handoff"
2026-09-09T19:37:47.714403Z DEBUG transparent_shard_server::runtime: runtime stage key=("be059aab39ac34125e0452548d6fbcfb1e7cdb7237a597bd59ee86011ed4882b", Pages, 0) seconds=0.696030342 stage="disk_save"
2026-09-09T19:37:48.409398Z DEBUG transparent_shard_server::runtime: runtime stage key=("be059aab39ac34125e0452548d6fbcfb1e7cdb7237a597bd59ee86011ed4882b", Directory, 0) seconds=1.375742739 stage="disk_save"
2026-09-09T19:37:48.409470Z  INFO transparent_shard_server::service: prewarm finished warm=28 target=28 failed=0 seconds=5.304204072
2026-09-09T19:37:48.409505Z DEBUG transparent_shard_server::live: publication preparation stages map=32426d9e9300c44558210d8540b636402af2b3c322627f9e9f26e0082b489725 loading_seconds=0.622009876 warming_seconds=5.304274271
2026-09-09T19:37:48.457820Z  INFO transparent_shard_server::runtime: retired runtime memory reclaimed rss_before=4975841280 rss_after=4491083776
2026-09-09T19:37:48.519958Z DEBUG transparent_shard_server::runtime: runtime stage key=("5b7ee9849d47f5ee67d04eb6ca4588beacf42dce75e5a1b481dfd02607b1fb20", Pages, 0) seconds=2.087e-6 stage="restore_slot"
2026-09-09T19:37:49.003327Z DEBUG transparent_shard_server::runtime: runtime stage key=("268f5c527d35817d37919707b04a706c850d449156baa071b5438dbf8eb53aec", Directory, 0) seconds=1.594e-6 stage="restore_slot"
2026-09-09T19:37:49.003327Z DEBUG transparent_shard_server::runtime: runtime stage key=("268f5c527d35817d37919707b04a706c850d449156baa071b5438dbf8eb53aec", Pages, 0) seconds=1.138e-6 stage="restore_slot"
2026-09-09T19:37:49.003456Z DEBUG transparent_shard_server::runtime: runtime stage key=("268f5c527d35817d37919707b04a706c850d449156baa071b5438dbf8eb53aec", Directory, 0) seconds=3.2094e-5 hit=false stage="disk_restore"
2026-09-09T19:37:49.003478Z DEBUG transparent_shard_server::runtime: runtime stage key=("268f5c527d35817d37919707b04a706c850d449156baa071b5438dbf8eb53aec", Directory, 0) seconds=3.99e-7 stage="build_slot"
2026-09-09T19:37:49.003507Z DEBUG transparent_shard_server::memory: cold build admission wait seconds=2.4856e-5 admitted=true
2026-09-09T19:37:49.003530Z DEBUG transparent_shard_server::runtime: runtime stage key=("268f5c527d35817d37919707b04a706c850d449156baa071b5438dbf8eb53aec", Pages, 0) seconds=4.0287e-5 hit=false stage="disk_restore"
2026-09-09T19:37:49.003564Z DEBUG transparent_shard_server::runtime: runtime stage key=("268f5c527d35817d37919707b04a706c850d449156baa071b5438dbf8eb53aec", Pages, 0) seconds=3.17e-7 stage="build_slot"
2026-09-09T19:37:49.003592Z DEBUG transparent_shard_server::memory: cold build admission wait seconds=2.3449e-5 admitted=true
2026-09-09T19:37:49.150170Z DEBUG transparent_shard_server::runtime: runtime stage key=("268f5c527d35817d37919707b04a706c850d449156baa071b5438dbf8eb53aec", Directory, 0) seconds=0.146649019 stage="source_load"
2026-09-09T19:37:49.150269Z DEBUG transparent_shard_server::runtime: runtime stage key=("268f5c527d35817d37919707b04a706c850d449156baa071b5438dbf8eb53aec", Pages, 0) seconds=0.146668388 stage="source_load"
2026-09-09T19:37:49.420681Z DEBUG transparent_shard_server::runtime: runtime stage key=("5b7ee9849d47f5ee67d04eb6ca4588beacf42dce75e5a1b481dfd02607b1fb20", Pages, 0) seconds=0.900607888 hit=true stage="disk_restore"
2026-09-09T19:37:49.450417Z DEBUG transparent_shard_server::runtime: construction stage geometry="recent-8k" table="directory" seconds=0.300208182 stage="encode_database"
2026-09-09T19:37:49.450516Z DEBUG transparent_shard_server::runtime: construction stage geometry="recent-8k" table="directory" seconds=6.8908e-5 stage="public_setup"
2026-09-09T19:37:49.455372Z DEBUG transparent_shard_server::runtime: construction stage geometry="recent-8k" table="pages" seconds=0.305083547 stage="encode_database"
2026-09-09T19:37:49.455535Z DEBUG transparent_shard_server::runtime: construction stage geometry="recent-8k" table="pages" seconds=0.000144524 stage="public_setup"
2026-09-09T19:37:49.635358Z DEBUG transparent_shard_server::runtime: runtime stage key=("5b7ee9849d47f5ee67d04eb6ca4588beacf42dce75e5a1b481dfd02607b1fb20", Pages, 0) seconds=0.214634054 stage="source_verify"
2026-09-09T19:37:49.635390Z  INFO transparent_shard_server::runtime: restored runtime cache seconds=1.115319927
2026-09-09T19:37:50.566623Z DEBUG transparent_shard_server::runtime: construction stage geometry="recent-8k" table="pages" seconds=1.111081361 stage="hint_columns"
2026-09-09T19:37:50.573649Z DEBUG transparent_shard_server::runtime: construction stage geometry="recent-8k" table="directory" seconds=1.123127492 stage="hint_columns"
2026-09-09T19:37:51.817011Z DEBUG transparent_shard_server::memory: work memory admission denied current=5220974592 limit=7516192768 held=1342177280 requested=268435456
2026-09-09T19:37:52.023533Z DEBUG transparent_shard_server::memory: work memory admission denied current=5223436288 limit=7516192768 held=1342177280 requested=268435456
2026-09-09T19:37:52.234549Z DEBUG transparent_shard_server::memory: work memory admission denied current=5200932864 limit=7516192768 held=1342177280 requested=268435456
2026-09-09T19:37:52.441508Z DEBUG transparent_shard_server::memory: work memory admission denied current=5255503872 limit=7516192768 held=1342177280 requested=268435456
2026-09-09T19:37:52.648519Z DEBUG transparent_shard_server::memory: work memory admission denied current=5307351040 limit=7516192768 held=1342177280 requested=268435456
2026-09-09T19:37:52.856177Z DEBUG transparent_shard_server::runtime: construction stage geometry="recent-8k" table="pages" seconds=2.2895157409999998 stage="pack_preprocessing"
2026-09-09T19:37:52.856455Z DEBUG transparent_shard_server::runtime: construction stage geometry="recent-8k" table="pages" seconds=0.000250095 stage="publish_parameters"
2026-09-09T19:37:52.857081Z DEBUG transparent_shard_server::runtime: runtime stage key=("268f5c527d35817d37919707b04a706c850d449156baa071b5438dbf8eb53aec", Pages, 0) seconds=3.7067932580000003 stage="runtime_build"
2026-09-09T19:37:52.857095Z DEBUG transparent_shard_server::runtime: runtime stage key=("268f5c527d35817d37919707b04a706c850d449156baa071b5438dbf8eb53aec", Pages, 0) reserved_bytes=136314880 stage="serialization_handoff"
2026-09-09T19:37:53.057181Z DEBUG transparent_shard_server::runtime: construction stage geometry="recent-8k" table="directory" seconds=2.483489958 stage="pack_preprocessing"
2026-09-09T19:37:53.057464Z DEBUG transparent_shard_server::runtime: construction stage geometry="recent-8k" table="directory" seconds=0.000253326 stage="publish_parameters"
2026-09-09T19:37:53.058109Z DEBUG transparent_shard_server::runtime: runtime stage key=("268f5c527d35817d37919707b04a706c850d449156baa071b5438dbf8eb53aec", Directory, 0) seconds=3.907902632 stage="runtime_build"
2026-09-09T19:37:53.058120Z DEBUG transparent_shard_server::runtime: runtime stage key=("268f5c527d35817d37919707b04a706c850d449156baa071b5438dbf8eb53aec", Directory, 0) reserved_bytes=136314880 stage="serialization_handoff"
2026-09-09T19:37:53.562009Z DEBUG transparent_shard_server::runtime: runtime stage key=("268f5c527d35817d37919707b04a706c850d449156baa071b5438dbf8eb53aec", Pages, 0) seconds=0.7049078 stage="disk_save"
2026-09-09T19:37:54.245445Z DEBUG transparent_shard_server::runtime: runtime stage key=("268f5c527d35817d37919707b04a706c850d449156baa071b5438dbf8eb53aec", Directory, 0) seconds=1.18731878 stage="disk_save"
2026-09-09T19:37:54.245511Z  INFO transparent_shard_server::service: prewarm finished warm=28 target=28 failed=0 seconds=5.242233752
2026-09-09T19:37:54.245543Z DEBUG transparent_shard_server::live: publication preparation stages map=12cbb58695cd66166197842d179b61598c15effb06ad32efcd899a13e36e7b10 loading_seconds=0.592545928 warming_seconds=5.242297745
test burst::publication_burst_under_exact_load ... ok

test result: ok. 1 passed; 0 failed; 0 ignored; 0 measured; 16 filtered out; finished in 75.11s

Finished with result: success
Main processes terminated with: code=exited/status=0
Service runtime: 1min 15.155s
CPU time consumed: 3min 55.805s
Memory peak: 2.3M
Memory swap peak: 0B
