Running as unit: transparent-full-burst-7cf188806ca34402b2b8afd4cfef80eb.service; invocation ID: de1d8658b85c4fde81d81c2ed9eac1f7

running 1 test
2026-09-09T19:30:36.808437Z DEBUG transparent_shard_server::runtime: runtime stage key=("5b7ee9849d47f5ee67d04eb6ca4588beacf42dce75e5a1b481dfd02607b1fb20", Directory, 0) seconds=1.2973e-5 stage="restore_slot"
2026-09-09T19:30:36.808542Z DEBUG transparent_shard_server::runtime: runtime stage key=("5b7ee9849d47f5ee67d04eb6ca4588beacf42dce75e5a1b481dfd02607b1fb20", Pages, 0) seconds=1.497e-6 stage="restore_slot"
2026-09-09T19:30:36.808572Z DEBUG transparent_shard_server::runtime: runtime stage key=("1f5d7213a380745d83cc554ad16bdf9e039a0304d0de0b71376828e1838d0ea4", Directory, 0) seconds=4.56e-7 stage="restore_slot"
2026-09-09T19:30:36.808648Z DEBUG transparent_shard_server::runtime: runtime stage key=("1f5d7213a380745d83cc554ad16bdf9e039a0304d0de0b71376828e1838d0ea4", Pages, 0) seconds=3.87e-7 stage="restore_slot"
2026-09-09T19:30:36.808983Z DEBUG transparent_shard_server::runtime: runtime stage key=("5b7ee9849d47f5ee67d04eb6ca4588beacf42dce75e5a1b481dfd02607b1fb20", Pages, 0) seconds=3.1873e-5 hit=false stage="disk_restore"
2026-09-09T19:30:36.808991Z DEBUG transparent_shard_server::runtime: runtime stage key=("5b7ee9849d47f5ee67d04eb6ca4588beacf42dce75e5a1b481dfd02607b1fb20", Directory, 0) seconds=3.8428e-5 hit=false stage="disk_restore"
2026-09-09T19:30:36.809029Z DEBUG transparent_shard_server::runtime: runtime stage key=("1f5d7213a380745d83cc554ad16bdf9e039a0304d0de0b71376828e1838d0ea4", Pages, 0) seconds=1.7938e-5 hit=false stage="disk_restore"
2026-09-09T19:30:36.809035Z DEBUG transparent_shard_server::runtime: runtime stage key=("1f5d7213a380745d83cc554ad16bdf9e039a0304d0de0b71376828e1838d0ea4", Directory, 0) seconds=2.7772e-5 hit=false stage="disk_restore"
2026-09-09T19:30:36.809029Z DEBUG transparent_shard_server::runtime: runtime stage key=("5b7ee9849d47f5ee67d04eb6ca4588beacf42dce75e5a1b481dfd02607b1fb20", Pages, 0) seconds=1.427e-6 stage="build_slot"
2026-09-09T19:30:36.809069Z DEBUG transparent_shard_server::runtime: runtime stage key=("5b7ee9849d47f5ee67d04eb6ca4588beacf42dce75e5a1b481dfd02607b1fb20", Directory, 0) seconds=8.14e-7 stage="build_slot"
2026-09-09T19:30:36.809100Z DEBUG transparent_shard_server::memory: cold build admission wait seconds=4.3341e-5 admitted=true
2026-09-09T19:30:36.809133Z DEBUG transparent_shard_server::memory: cold build admission wait seconds=5.6754e-5 admitted=true
2026-09-09T19:30:36.955814Z DEBUG transparent_shard_server::runtime: runtime stage key=("5b7ee9849d47f5ee67d04eb6ca4588beacf42dce75e5a1b481dfd02607b1fb20", Directory, 0) seconds=0.146664537 stage="source_load"
2026-09-09T19:30:36.957754Z DEBUG transparent_shard_server::runtime: runtime stage key=("5b7ee9849d47f5ee67d04eb6ca4588beacf42dce75e5a1b481dfd02607b1fb20", Pages, 0) seconds=0.1486332 stage="source_load"
2026-09-09T19:30:37.257313Z DEBUG transparent_shard_server::runtime: construction stage geometry="recent-8k" table="directory" seconds=0.301462312 stage="encode_database"
2026-09-09T19:30:37.257416Z DEBUG transparent_shard_server::runtime: construction stage geometry="recent-8k" table="directory" seconds=6.2474e-5 stage="public_setup"
2026-09-09T19:30:37.260122Z DEBUG transparent_shard_server::runtime: construction stage geometry="recent-8k" table="pages" seconds=0.302341031 stage="encode_database"
2026-09-09T19:30:37.260212Z DEBUG transparent_shard_server::runtime: construction stage geometry="recent-8k" table="pages" seconds=6.2375e-5 stage="public_setup"
2026-09-09T19:30:38.331737Z DEBUG transparent_shard_server::runtime: construction stage geometry="recent-8k" table="pages" seconds=1.0715181089999999 stage="hint_columns"
2026-09-09T19:30:38.338316Z DEBUG transparent_shard_server::runtime: construction stage geometry="recent-8k" table="directory" seconds=1.080893435 stage="hint_columns"
2026-09-09T19:30:40.646033Z DEBUG transparent_shard_server::runtime: construction stage geometry="recent-8k" table="pages" seconds=2.31425665 stage="pack_preprocessing"
2026-09-09T19:30:40.646370Z DEBUG transparent_shard_server::runtime: construction stage geometry="recent-8k" table="pages" seconds=0.000293882 stage="publish_parameters"
2026-09-09T19:30:40.646905Z DEBUG transparent_shard_server::runtime: runtime stage key=("5b7ee9849d47f5ee67d04eb6ca4588beacf42dce75e5a1b481dfd02607b1fb20", Pages, 0) seconds=3.689125502 stage="runtime_build"
2026-09-09T19:30:40.648464Z DEBUG transparent_shard_server::runtime: runtime stage key=("5b7ee9849d47f5ee67d04eb6ca4588beacf42dce75e5a1b481dfd02607b1fb20", Pages, 0) reserved_bytes=136314880 stage="serialization_handoff"
2026-09-09T19:30:40.648533Z DEBUG transparent_shard_server::runtime: runtime stage key=("1f5d7213a380745d83cc554ad16bdf9e039a0304d0de0b71376828e1838d0ea4", Pages, 0) seconds=3.839449872 stage="build_slot"
2026-09-09T19:30:40.648632Z DEBUG transparent_shard_server::memory: cold build admission wait seconds=7.1706e-5 admitted=true
2026-09-09T19:30:40.715594Z DEBUG transparent_shard_server::runtime: construction stage geometry="recent-8k" table="directory" seconds=2.377247176 stage="pack_preprocessing"
2026-09-09T19:30:40.715857Z DEBUG transparent_shard_server::runtime: construction stage geometry="recent-8k" table="directory" seconds=0.000232637 stage="publish_parameters"
2026-09-09T19:30:40.716335Z DEBUG transparent_shard_server::runtime: runtime stage key=("5b7ee9849d47f5ee67d04eb6ca4588beacf42dce75e5a1b481dfd02607b1fb20", Directory, 0) seconds=3.760484554 stage="runtime_build"
2026-09-09T19:30:40.717839Z DEBUG transparent_shard_server::runtime: runtime stage key=("5b7ee9849d47f5ee67d04eb6ca4588beacf42dce75e5a1b481dfd02607b1fb20", Directory, 0) reserved_bytes=136314880 stage="serialization_handoff"
2026-09-09T19:30:40.717891Z DEBUG transparent_shard_server::runtime: runtime stage key=("1f5d7213a380745d83cc554ad16bdf9e039a0304d0de0b71376828e1838d0ea4", Directory, 0) seconds=3.908804194 stage="build_slot"
2026-09-09T19:30:40.717983Z DEBUG transparent_shard_server::memory: cold build admission wait seconds=7.3828e-5 admitted=true
2026-09-09T19:30:40.809943Z DEBUG transparent_shard_server::runtime: runtime stage key=("1f5d7213a380745d83cc554ad16bdf9e039a0304d0de0b71376828e1838d0ea4", Pages, 0) seconds=0.160748936 stage="source_load"
2026-09-09T19:30:40.863239Z DEBUG transparent_shard_server::runtime: runtime stage key=("1f5d7213a380745d83cc554ad16bdf9e039a0304d0de0b71376828e1838d0ea4", Directory, 0) seconds=0.145221153 stage="source_load"
2026-09-09T19:30:41.113456Z DEBUG transparent_shard_server::runtime: construction stage geometry="recent-8k" table="pages" seconds=0.303478796 stage="encode_database"
2026-09-09T19:30:41.113554Z DEBUG transparent_shard_server::runtime: construction stage geometry="recent-8k" table="pages" seconds=6.0377e-5 stage="public_setup"
2026-09-09T19:30:41.276513Z DEBUG transparent_shard_server::runtime: construction stage geometry="recent-8k" table="directory" seconds=0.413237404 stage="encode_database"
2026-09-09T19:30:41.276606Z DEBUG transparent_shard_server::runtime: construction stage geometry="recent-8k" table="directory" seconds=5.7772e-5 stage="public_setup"
2026-09-09T19:30:41.399942Z DEBUG transparent_shard_server::runtime: runtime stage key=("5b7ee9849d47f5ee67d04eb6ca4588beacf42dce75e5a1b481dfd02607b1fb20", Pages, 0) seconds=0.751459587 stage="disk_save"
2026-09-09T19:30:41.402214Z DEBUG transparent_shard_server::runtime: runtime stage key=("ca7afe810c988a8b4b561668f3456a9f38d1fdbb0776614e07ddfeb1a2132000", Directory, 0) seconds=1.926e-6 stage="restore_slot"
2026-09-09T19:30:41.402336Z DEBUG transparent_shard_server::runtime: runtime stage key=("ca7afe810c988a8b4b561668f3456a9f38d1fdbb0776614e07ddfeb1a2132000", Directory, 0) seconds=2.5125e-5 hit=false stage="disk_restore"
2026-09-09T19:30:42.439273Z DEBUG transparent_shard_server::runtime: construction stage geometry="recent-8k" table="pages" seconds=1.3257118270000001 stage="hint_columns"
2026-09-09T19:30:42.441192Z DEBUG transparent_shard_server::runtime: construction stage geometry="recent-8k" table="directory" seconds=1.164580822 stage="hint_columns"
2026-09-09T19:30:42.645844Z DEBUG transparent_shard_server::runtime: runtime stage key=("5b7ee9849d47f5ee67d04eb6ca4588beacf42dce75e5a1b481dfd02607b1fb20", Directory, 0) seconds=1.92798653 stage="disk_save"
2026-09-09T19:30:42.645932Z DEBUG transparent_shard_server::runtime: runtime stage key=("ca7afe810c988a8b4b561668f3456a9f38d1fdbb0776614e07ddfeb1a2132000", Pages, 0) seconds=2.249e-6 stage="restore_slot"
2026-09-09T19:30:42.646059Z DEBUG transparent_shard_server::runtime: runtime stage key=("ca7afe810c988a8b4b561668f3456a9f38d1fdbb0776614e07ddfeb1a2132000", Pages, 0) seconds=4.0817e-5 hit=false stage="disk_restore"
2026-09-09T19:30:44.747922Z DEBUG transparent_shard_server::runtime: construction stage geometry="recent-8k" table="directory" seconds=2.306700336 stage="pack_preprocessing"
2026-09-09T19:30:44.748240Z DEBUG transparent_shard_server::runtime: construction stage geometry="recent-8k" table="directory" seconds=0.00027296 stage="publish_parameters"
2026-09-09T19:30:44.748796Z DEBUG transparent_shard_server::runtime: runtime stage key=("1f5d7213a380745d83cc554ad16bdf9e039a0304d0de0b71376828e1838d0ea4", Directory, 0) seconds=3.885521484 stage="runtime_build"
2026-09-09T19:30:44.748840Z DEBUG transparent_shard_server::runtime: runtime stage key=("1f5d7213a380745d83cc554ad16bdf9e039a0304d0de0b71376828e1838d0ea4", Directory, 0) reserved_bytes=136314880 stage="serialization_handoff"
2026-09-09T19:30:44.748883Z DEBUG transparent_shard_server::runtime: runtime stage key=("ca7afe810c988a8b4b561668f3456a9f38d1fdbb0776614e07ddfeb1a2132000", Directory, 0) seconds=3.342684191 stage="build_slot"
2026-09-09T19:30:44.748988Z DEBUG transparent_shard_server::memory: cold build admission wait seconds=8.1678e-5 admitted=true
2026-09-09T19:30:44.754364Z DEBUG transparent_shard_server::runtime: construction stage geometry="recent-8k" table="pages" seconds=2.315040924 stage="pack_preprocessing"
2026-09-09T19:30:44.754641Z DEBUG transparent_shard_server::runtime: construction stage geometry="recent-8k" table="pages" seconds=0.00024721 stage="publish_parameters"
2026-09-09T19:30:44.755398Z DEBUG transparent_shard_server::runtime: runtime stage key=("1f5d7213a380745d83cc554ad16bdf9e039a0304d0de0b71376828e1838d0ea4", Pages, 0) seconds=3.9454215120000002 stage="runtime_build"
2026-09-09T19:30:44.755433Z DEBUG transparent_shard_server::runtime: runtime stage key=("1f5d7213a380745d83cc554ad16bdf9e039a0304d0de0b71376828e1838d0ea4", Pages, 0) reserved_bytes=136314880 stage="serialization_handoff"
2026-09-09T19:30:44.755477Z DEBUG transparent_shard_server::runtime: runtime stage key=("ca7afe810c988a8b4b561668f3456a9f38d1fdbb0776614e07ddfeb1a2132000", Pages, 0) seconds=2.109374596 stage="build_slot"
2026-09-09T19:30:44.755569Z DEBUG transparent_shard_server::memory: cold build admission wait seconds=7.5038e-5 admitted=true
2026-09-09T19:30:44.887256Z DEBUG transparent_shard_server::runtime: runtime stage key=("ca7afe810c988a8b4b561668f3456a9f38d1fdbb0776614e07ddfeb1a2132000", Directory, 0) seconds=0.13824193 stage="source_load"
2026-09-09T19:30:44.897725Z DEBUG transparent_shard_server::runtime: runtime stage key=("ca7afe810c988a8b4b561668f3456a9f38d1fdbb0776614e07ddfeb1a2132000", Pages, 0) seconds=0.14212871 stage="source_load"
2026-09-09T19:30:45.191785Z DEBUG transparent_shard_server::runtime: construction stage geometry="recent-8k" table="directory" seconds=0.304496357 stage="encode_database"
2026-09-09T19:30:45.191891Z DEBUG transparent_shard_server::runtime: construction stage geometry="recent-8k" table="directory" seconds=7.3401e-5 stage="public_setup"
2026-09-09T19:30:45.202402Z DEBUG transparent_shard_server::runtime: construction stage geometry="recent-8k" table="pages" seconds=0.304643351 stage="encode_database"
2026-09-09T19:30:45.202503Z DEBUG transparent_shard_server::runtime: construction stage geometry="recent-8k" table="pages" seconds=6.5827e-5 stage="public_setup"
2026-09-09T19:30:45.516278Z DEBUG transparent_shard_server::runtime: runtime stage key=("1f5d7213a380745d83cc554ad16bdf9e039a0304d0de0b71376828e1838d0ea4", Directory, 0) seconds=0.767431242 stage="disk_save"
2026-09-09T19:30:45.516390Z DEBUG transparent_shard_server::runtime: runtime stage key=("95df7205357fe2d9c962d2b41daded841e05afa7b6fc8d06dfec46ad04e15335", Directory, 0) seconds=1.922e-6 stage="restore_slot"
2026-09-09T19:30:45.516526Z DEBUG transparent_shard_server::runtime: runtime stage key=("95df7205357fe2d9c962d2b41daded841e05afa7b6fc8d06dfec46ad04e15335", Directory, 0) seconds=2.8474e-5 hit=false stage="disk_restore"
2026-09-09T19:30:46.519806Z DEBUG transparent_shard_server::runtime: construction stage geometry="recent-8k" table="pages" seconds=1.317295949 stage="hint_columns"
2026-09-09T19:30:46.526334Z DEBUG transparent_shard_server::runtime: construction stage geometry="recent-8k" table="directory" seconds=1.334436631 stage="hint_columns"
2026-09-09T19:30:46.769262Z DEBUG transparent_shard_server::runtime: runtime stage key=("1f5d7213a380745d83cc554ad16bdf9e039a0304d0de0b71376828e1838d0ea4", Pages, 0) seconds=2.01382218 stage="disk_save"
2026-09-09T19:30:46.769399Z DEBUG transparent_shard_server::runtime: runtime stage key=("95df7205357fe2d9c962d2b41daded841e05afa7b6fc8d06dfec46ad04e15335", Pages, 0) seconds=2.224e-6 stage="restore_slot"
2026-09-09T19:30:46.769643Z DEBUG transparent_shard_server::runtime: runtime stage key=("95df7205357fe2d9c962d2b41daded841e05afa7b6fc8d06dfec46ad04e15335", Pages, 0) seconds=3.8757e-5 hit=false stage="disk_restore"
2026-09-09T19:30:48.840762Z DEBUG transparent_shard_server::runtime: construction stage geometry="recent-8k" table="pages" seconds=2.320910987 stage="pack_preprocessing"
2026-09-09T19:30:48.841129Z DEBUG transparent_shard_server::runtime: construction stage geometry="recent-8k" table="pages" seconds=0.000311381 stage="publish_parameters"
2026-09-09T19:30:48.841704Z DEBUG transparent_shard_server::runtime: runtime stage key=("ca7afe810c988a8b4b561668f3456a9f38d1fdbb0776614e07ddfeb1a2132000", Pages, 0) seconds=3.943946197 stage="runtime_build"
2026-09-09T19:30:48.841740Z DEBUG transparent_shard_server::runtime: runtime stage key=("ca7afe810c988a8b4b561668f3456a9f38d1fdbb0776614e07ddfeb1a2132000", Pages, 0) reserved_bytes=136314880 stage="serialization_handoff"
2026-09-09T19:30:48.841797Z DEBUG transparent_shard_server::runtime: runtime stage key=("95df7205357fe2d9c962d2b41daded841e05afa7b6fc8d06dfec46ad04e15335", Directory, 0) seconds=3.324586991 stage="build_slot"
2026-09-09T19:30:48.841900Z DEBUG transparent_shard_server::memory: cold build admission wait seconds=7.6294e-5 admitted=true
2026-09-09T19:30:48.860595Z DEBUG transparent_shard_server::runtime: construction stage geometry="recent-8k" table="directory" seconds=2.334222417 stage="pack_preprocessing"
2026-09-09T19:30:48.860894Z DEBUG transparent_shard_server::runtime: construction stage geometry="recent-8k" table="directory" seconds=0.000266183 stage="publish_parameters"
2026-09-09T19:30:48.863617Z DEBUG transparent_shard_server::runtime: runtime stage key=("ca7afe810c988a8b4b561668f3456a9f38d1fdbb0776614e07ddfeb1a2132000", Directory, 0) seconds=3.976329057 stage="runtime_build"
2026-09-09T19:30:48.863652Z DEBUG transparent_shard_server::runtime: runtime stage key=("ca7afe810c988a8b4b561668f3456a9f38d1fdbb0776614e07ddfeb1a2132000", Directory, 0) reserved_bytes=136314880 stage="serialization_handoff"
2026-09-09T19:30:48.867223Z DEBUG transparent_shard_server::runtime: runtime stage key=("95df7205357fe2d9c962d2b41daded841e05afa7b6fc8d06dfec46ad04e15335", Pages, 0) seconds=2.097539347 stage="build_slot"
2026-09-09T19:30:48.867315Z DEBUG transparent_shard_server::memory: cold build admission wait seconds=7.3006e-5 admitted=true
2026-09-09T19:30:48.984017Z DEBUG transparent_shard_server::runtime: runtime stage key=("95df7205357fe2d9c962d2b41daded841e05afa7b6fc8d06dfec46ad04e15335", Directory, 0) seconds=0.142073634 stage="source_load"
2026-09-09T19:30:49.005783Z DEBUG transparent_shard_server::runtime: runtime stage key=("95df7205357fe2d9c962d2b41daded841e05afa7b6fc8d06dfec46ad04e15335", Pages, 0) seconds=0.138424904 stage="source_load"
2026-09-09T19:30:49.279641Z DEBUG transparent_shard_server::runtime: construction stage geometry="recent-8k" table="directory" seconds=0.295593607 stage="encode_database"
2026-09-09T19:30:49.279759Z DEBUG transparent_shard_server::runtime: construction stage geometry="recent-8k" table="directory" seconds=7.5142e-5 stage="public_setup"
2026-09-09T19:30:49.300651Z DEBUG transparent_shard_server::runtime: construction stage geometry="recent-8k" table="pages" seconds=0.294835524 stage="encode_database"
2026-09-09T19:30:49.300762Z DEBUG transparent_shard_server::runtime: construction stage geometry="recent-8k" table="pages" seconds=7.8814e-5 stage="public_setup"
2026-09-09T19:30:49.581843Z DEBUG transparent_shard_server::runtime: runtime stage key=("ca7afe810c988a8b4b561668f3456a9f38d1fdbb0776614e07ddfeb1a2132000", Pages, 0) seconds=0.740096548 stage="disk_save"
2026-09-09T19:30:49.584205Z DEBUG transparent_shard_server::runtime: runtime stage key=("73d46a59d0d03d7616f9a47e53b50448d4c5a3504e6e296600d8884c8c4403b8", Directory, 0) seconds=2.04e-6 stage="restore_slot"
2026-09-09T19:30:49.584335Z DEBUG transparent_shard_server::runtime: runtime stage key=("73d46a59d0d03d7616f9a47e53b50448d4c5a3504e6e296600d8884c8c4403b8", Directory, 0) seconds=2.758e-5 hit=false stage="disk_restore"
2026-09-09T19:30:50.606231Z DEBUG transparent_shard_server::runtime: construction stage geometry="recent-8k" table="pages" seconds=1.3054612030000001 stage="hint_columns"
2026-09-09T19:30:50.615205Z DEBUG transparent_shard_server::runtime: construction stage geometry="recent-8k" table="directory" seconds=1.335437979 stage="hint_columns"
2026-09-09T19:30:50.819119Z DEBUG transparent_shard_server::runtime: runtime stage key=("ca7afe810c988a8b4b561668f3456a9f38d1fdbb0776614e07ddfeb1a2132000", Directory, 0) seconds=1.9554603959999999 stage="disk_save"
2026-09-09T19:30:50.819201Z DEBUG transparent_shard_server::runtime: runtime stage key=("73d46a59d0d03d7616f9a47e53b50448d4c5a3504e6e296600d8884c8c4403b8", Pages, 0) seconds=1.829e-6 stage="restore_slot"
2026-09-09T19:30:50.819340Z DEBUG transparent_shard_server::runtime: runtime stage key=("73d46a59d0d03d7616f9a47e53b50448d4c5a3504e6e296600d8884c8c4403b8", Pages, 0) seconds=4.7265e-5 hit=false stage="disk_restore"
2026-09-09T19:30:52.838025Z DEBUG transparent_shard_server::runtime: construction stage geometry="recent-8k" table="pages" seconds=2.231760233 stage="pack_preprocessing"
2026-09-09T19:30:52.838369Z DEBUG transparent_shard_server::runtime: construction stage geometry="recent-8k" table="pages" seconds=0.000301714 stage="publish_parameters"
2026-09-09T19:30:52.838965Z DEBUG transparent_shard_server::runtime: runtime stage key=("95df7205357fe2d9c962d2b41daded841e05afa7b6fc8d06dfec46ad04e15335", Pages, 0) seconds=3.833150427 stage="runtime_build"
2026-09-09T19:30:52.838989Z DEBUG transparent_shard_server::runtime: runtime stage key=("95df7205357fe2d9c962d2b41daded841e05afa7b6fc8d06dfec46ad04e15335", Pages, 0) reserved_bytes=136314880 stage="serialization_handoff"
2026-09-09T19:30:52.839029Z DEBUG transparent_shard_server::runtime: runtime stage key=("73d46a59d0d03d7616f9a47e53b50448d4c5a3504e6e296600d8884c8c4403b8", Directory, 0) seconds=3.254665991 stage="build_slot"
2026-09-09T19:30:52.839128Z DEBUG transparent_shard_server::memory: cold build admission wait seconds=7.5423e-5 admitted=true
2026-09-09T19:30:52.853314Z DEBUG transparent_shard_server::runtime: construction stage geometry="recent-8k" table="directory" seconds=2.238084349 stage="pack_preprocessing"
2026-09-09T19:30:52.853629Z DEBUG transparent_shard_server::runtime: construction stage geometry="recent-8k" table="directory" seconds=0.000285781 stage="publish_parameters"
2026-09-09T19:30:52.854459Z DEBUG transparent_shard_server::runtime: runtime stage key=("95df7205357fe2d9c962d2b41daded841e05afa7b6fc8d06dfec46ad04e15335", Directory, 0) seconds=3.870412786 stage="runtime_build"
2026-09-09T19:30:52.854490Z DEBUG transparent_shard_server::runtime: runtime stage key=("95df7205357fe2d9c962d2b41daded841e05afa7b6fc8d06dfec46ad04e15335", Directory, 0) reserved_bytes=136314880 stage="serialization_handoff"
2026-09-09T19:30:52.855226Z DEBUG transparent_shard_server::runtime: runtime stage key=("73d46a59d0d03d7616f9a47e53b50448d4c5a3504e6e296600d8884c8c4403b8", Pages, 0) seconds=2.035841717 stage="build_slot"
2026-09-09T19:30:52.855324Z DEBUG transparent_shard_server::memory: cold build admission wait seconds=7.8844e-5 admitted=true
2026-09-09T19:30:52.974249Z DEBUG transparent_shard_server::runtime: runtime stage key=("73d46a59d0d03d7616f9a47e53b50448d4c5a3504e6e296600d8884c8c4403b8", Directory, 0) seconds=0.135091831 stage="source_load"
2026-09-09T19:30:52.997923Z DEBUG transparent_shard_server::runtime: runtime stage key=("73d46a59d0d03d7616f9a47e53b50448d4c5a3504e6e296600d8884c8c4403b8", Pages, 0) seconds=0.14257087 stage="source_load"
2026-09-09T19:30:53.262060Z DEBUG transparent_shard_server::runtime: construction stage geometry="recent-8k" table="directory" seconds=0.287780799 stage="encode_database"
2026-09-09T19:30:53.262168Z DEBUG transparent_shard_server::runtime: construction stage geometry="recent-8k" table="directory" seconds=8.0143e-5 stage="public_setup"
2026-09-09T19:30:53.290758Z DEBUG transparent_shard_server::runtime: construction stage geometry="recent-8k" table="pages" seconds=0.292792256 stage="encode_database"
2026-09-09T19:30:53.290850Z DEBUG transparent_shard_server::runtime: construction stage geometry="recent-8k" table="pages" seconds=6.576e-5 stage="public_setup"
2026-09-09T19:30:53.560205Z DEBUG transparent_shard_server::runtime: runtime stage key=("95df7205357fe2d9c962d2b41daded841e05afa7b6fc8d06dfec46ad04e15335", Pages, 0) seconds=0.721209733 stage="disk_save"
2026-09-09T19:30:53.560287Z DEBUG transparent_shard_server::runtime: runtime stage key=("b16be2933ab920bc4745ea8917e5167a7a685c211e0b4febe88b4d3018f970bc", Directory, 0) seconds=2.316e-6 stage="restore_slot"
2026-09-09T19:30:53.560402Z DEBUG transparent_shard_server::runtime: runtime stage key=("b16be2933ab920bc4745ea8917e5167a7a685c211e0b4febe88b4d3018f970bc", Directory, 0) seconds=2.9924e-5 hit=false stage="disk_restore"
2026-09-09T19:30:54.581324Z DEBUG transparent_shard_server::runtime: construction stage geometry="recent-8k" table="pages" seconds=1.290467607 stage="hint_columns"
2026-09-09T19:30:54.596201Z DEBUG transparent_shard_server::runtime: construction stage geometry="recent-8k" table="directory" seconds=1.334025508 stage="hint_columns"
2026-09-09T19:30:54.784017Z DEBUG transparent_shard_server::runtime: runtime stage key=("95df7205357fe2d9c962d2b41daded841e05afa7b6fc8d06dfec46ad04e15335", Directory, 0) seconds=1.929511111 stage="disk_save"
2026-09-09T19:30:54.784109Z DEBUG transparent_shard_server::runtime: runtime stage key=("b16be2933ab920bc4745ea8917e5167a7a685c211e0b4febe88b4d3018f970bc", Pages, 0) seconds=1.887e-6 stage="restore_slot"
2026-09-09T19:30:54.784297Z DEBUG transparent_shard_server::runtime: runtime stage key=("b16be2933ab920bc4745ea8917e5167a7a685c211e0b4febe88b4d3018f970bc", Pages, 0) seconds=3.784e-5 hit=false stage="disk_restore"
2026-09-09T19:30:56.819674Z DEBUG transparent_shard_server::runtime: construction stage geometry="recent-8k" table="pages" seconds=2.238315341 stage="pack_preprocessing"
2026-09-09T19:30:56.819959Z DEBUG transparent_shard_server::runtime: construction stage geometry="recent-8k" table="pages" seconds=0.000246035 stage="publish_parameters"
2026-09-09T19:30:56.820514Z DEBUG transparent_shard_server::runtime: runtime stage key=("73d46a59d0d03d7616f9a47e53b50448d4c5a3504e6e296600d8884c8c4403b8", Pages, 0) seconds=3.822549241 stage="runtime_build"
2026-09-09T19:30:56.820541Z DEBUG transparent_shard_server::runtime: runtime stage key=("73d46a59d0d03d7616f9a47e53b50448d4c5a3504e6e296600d8884c8c4403b8", Pages, 0) reserved_bytes=136314880 stage="serialization_handoff"
2026-09-09T19:30:56.820577Z DEBUG transparent_shard_server::runtime: runtime stage key=("b16be2933ab920bc4745ea8917e5167a7a685c211e0b4febe88b4d3018f970bc", Directory, 0) seconds=3.2573709920000002 stage="build_slot"
2026-09-09T19:30:56.820678Z DEBUG transparent_shard_server::memory: cold build admission wait seconds=7.406e-5 admitted=true
2026-09-09T19:30:56.992437Z DEBUG transparent_shard_server::runtime: runtime stage key=("b16be2933ab920bc4745ea8917e5167a7a685c211e0b4febe88b4d3018f970bc", Directory, 0) seconds=0.171720181 stage="source_load"
2026-09-09T19:30:57.284197Z DEBUG transparent_shard_server::runtime: construction stage geometry="recent-8k" table="directory" seconds=0.291730687 stage="encode_database"
2026-09-09T19:30:57.284317Z DEBUG transparent_shard_server::runtime: construction stage geometry="recent-8k" table="directory" seconds=8.9814e-5 stage="public_setup"
2026-09-09T19:30:57.764115Z DEBUG transparent_shard_server::runtime: runtime stage key=("73d46a59d0d03d7616f9a47e53b50448d4c5a3504e6e296600d8884c8c4403b8", Pages, 0) seconds=0.943566492 stage="disk_save"
2026-09-09T19:30:57.767203Z DEBUG transparent_shard_server::runtime: runtime stage key=("16b8227360ce35dd2e111156f5e31fd5eb500ff877879a212fef6cf8471de8a5", Directory, 0) seconds=1.614e-6 stage="restore_slot"
2026-09-09T19:30:57.769243Z DEBUG transparent_shard_server::runtime: runtime stage key=("16b8227360ce35dd2e111156f5e31fd5eb500ff877879a212fef6cf8471de8a5", Directory, 0) seconds=4.7177e-5 hit=false stage="disk_restore"
2026-09-09T19:30:58.117258Z DEBUG transparent_shard_server::runtime: construction stage geometry="recent-8k" table="directory" seconds=3.521029323 stage="pack_preprocessing"
2026-09-09T19:30:58.117542Z DEBUG transparent_shard_server::runtime: construction stage geometry="recent-8k" table="directory" seconds=0.000244899 stage="publish_parameters"
2026-09-09T19:30:58.118348Z DEBUG transparent_shard_server::runtime: runtime stage key=("73d46a59d0d03d7616f9a47e53b50448d4c5a3504e6e296600d8884c8c4403b8", Directory, 0) seconds=5.144070478 stage="runtime_build"
2026-09-09T19:30:58.118376Z DEBUG transparent_shard_server::runtime: runtime stage key=("73d46a59d0d03d7616f9a47e53b50448d4c5a3504e6e296600d8884c8c4403b8", Directory, 0) reserved_bytes=136314880 stage="serialization_handoff"
2026-09-09T19:30:58.118385Z DEBUG transparent_shard_server::runtime: construction stage geometry="recent-8k" table="directory" seconds=0.834060145 stage="hint_columns"
2026-09-09T19:30:58.121216Z DEBUG transparent_shard_server::runtime: runtime stage key=("b16be2933ab920bc4745ea8917e5167a7a685c211e0b4febe88b4d3018f970bc", Pages, 0) seconds=3.336883156 stage="build_slot"
2026-09-09T19:30:58.121310Z DEBUG transparent_shard_server::memory: cold build admission wait seconds=7.3453e-5 admitted=true
2026-09-09T19:30:58.266094Z DEBUG transparent_shard_server::runtime: runtime stage key=("b16be2933ab920bc4745ea8917e5167a7a685c211e0b4febe88b4d3018f970bc", Pages, 0) seconds=0.144760154 stage="source_load"
2026-09-09T19:30:58.568354Z DEBUG transparent_shard_server::runtime: construction stage geometry="recent-8k" table="pages" seconds=0.302230191 stage="encode_database"
2026-09-09T19:30:58.568456Z DEBUG transparent_shard_server::runtime: construction stage geometry="recent-8k" table="pages" seconds=7.0136e-5 stage="public_setup"
2026-09-09T19:30:59.035231Z DEBUG transparent_shard_server::runtime: runtime stage key=("73d46a59d0d03d7616f9a47e53b50448d4c5a3504e6e296600d8884c8c4403b8", Directory, 0) seconds=0.916848875 stage="disk_save"
2026-09-09T19:30:59.035325Z DEBUG transparent_shard_server::runtime: runtime stage key=("16b8227360ce35dd2e111156f5e31fd5eb500ff877879a212fef6cf8471de8a5", Pages, 0) seconds=1.903e-6 stage="restore_slot"
2026-09-09T19:30:59.035465Z DEBUG transparent_shard_server::runtime: runtime stage key=("16b8227360ce35dd2e111156f5e31fd5eb500ff877879a212fef6cf8471de8a5", Pages, 0) seconds=3.27e-5 hit=false stage="disk_restore"
2026-09-09T19:30:59.452207Z DEBUG transparent_shard_server::runtime: construction stage geometry="recent-8k" table="pages" seconds=0.88374473 stage="hint_columns"
2026-09-09T19:31:00.590715Z DEBUG transparent_shard_server::runtime: construction stage geometry="recent-8k" table="directory" seconds=2.472304515 stage="pack_preprocessing"
2026-09-09T19:31:00.591025Z DEBUG transparent_shard_server::runtime: construction stage geometry="recent-8k" table="directory" seconds=0.000261823 stage="publish_parameters"
2026-09-09T19:31:00.591627Z DEBUG transparent_shard_server::runtime: runtime stage key=("b16be2933ab920bc4745ea8917e5167a7a685c211e0b4febe88b4d3018f970bc", Directory, 0) seconds=3.599161838 stage="runtime_build"
2026-09-09T19:31:00.591679Z DEBUG transparent_shard_server::runtime: runtime stage key=("16b8227360ce35dd2e111156f5e31fd5eb500ff877879a212fef6cf8471de8a5", Directory, 0) seconds=2.822393661 stage="build_slot"
2026-09-09T19:31:00.591768Z DEBUG transparent_shard_server::memory: cold build admission wait seconds=8.3924e-5 admitted=true
2026-09-09T19:31:00.591792Z DEBUG transparent_shard_server::runtime: runtime stage key=("b16be2933ab920bc4745ea8917e5167a7a685c211e0b4febe88b4d3018f970bc", Directory, 0) reserved_bytes=136314880 stage="serialization_handoff"
2026-09-09T19:31:00.776761Z DEBUG transparent_shard_server::runtime: runtime stage key=("16b8227360ce35dd2e111156f5e31fd5eb500ff877879a212fef6cf8471de8a5", Directory, 0) seconds=0.184964901 stage="source_load"
2026-09-09T19:31:01.083946Z DEBUG transparent_shard_server::runtime: construction stage geometry="recent-8k" table="directory" seconds=0.307152453 stage="encode_database"
2026-09-09T19:31:01.084080Z DEBUG transparent_shard_server::runtime: construction stage geometry="recent-8k" table="directory" seconds=0.000100296 stage="public_setup"
2026-09-09T19:31:01.578203Z DEBUG transparent_shard_server::runtime: runtime stage key=("b16be2933ab920bc4745ea8917e5167a7a685c211e0b4febe88b4d3018f970bc", Directory, 0) seconds=0.986403588 stage="disk_save"
2026-09-09T19:31:01.578291Z DEBUG transparent_shard_server::runtime: runtime stage key=("1cd27964911287b2a127c1f8df5e6b0c19f5b4db309391c5adb2db3072bfec6e", Directory, 0) seconds=1.932e-6 stage="restore_slot"
2026-09-09T19:31:01.578427Z DEBUG transparent_shard_server::runtime: runtime stage key=("1cd27964911287b2a127c1f8df5e6b0c19f5b4db309391c5adb2db3072bfec6e", Directory, 0) seconds=4.7324e-5 hit=false stage="disk_restore"
2026-09-09T19:31:01.691886Z DEBUG transparent_shard_server::runtime: construction stage geometry="recent-8k" table="pages" seconds=2.239643608 stage="pack_preprocessing"
2026-09-09T19:31:01.695199Z DEBUG transparent_shard_server::runtime: construction stage geometry="recent-8k" table="pages" seconds=0.003269835 stage="publish_parameters"
2026-09-09T19:31:01.699197Z DEBUG transparent_shard_server::runtime: runtime stage key=("b16be2933ab920bc4745ea8917e5167a7a685c211e0b4febe88b4d3018f970bc", Pages, 0) seconds=3.433074076 stage="runtime_build"
2026-09-09T19:31:01.699238Z DEBUG transparent_shard_server::runtime: runtime stage key=("b16be2933ab920bc4745ea8917e5167a7a685c211e0b4febe88b4d3018f970bc", Pages, 0) reserved_bytes=136314880 stage="serialization_handoff"
2026-09-09T19:31:01.702223Z DEBUG transparent_shard_server::runtime: runtime stage key=("16b8227360ce35dd2e111156f5e31fd5eb500ff877879a212fef6cf8471de8a5", Pages, 0) seconds=2.666735304 stage="build_slot"
2026-09-09T19:31:01.702318Z DEBUG transparent_shard_server::memory: cold build admission wait seconds=7.7296e-5 admitted=true
2026-09-09T19:31:01.978793Z DEBUG transparent_shard_server::runtime: runtime stage key=("16b8227360ce35dd2e111156f5e31fd5eb500ff877879a212fef6cf8471de8a5", Pages, 0) seconds=0.276455029 stage="source_load"
2026-09-09T19:31:02.108218Z DEBUG transparent_shard_server::runtime: construction stage geometry="recent-8k" table="directory" seconds=1.024130644 stage="hint_columns"
2026-09-09T19:31:02.332565Z DEBUG transparent_shard_server::runtime: construction stage geometry="recent-8k" table="pages" seconds=0.353734977 stage="encode_database"
2026-09-09T19:31:02.332670Z DEBUG transparent_shard_server::runtime: construction stage geometry="recent-8k" table="pages" seconds=7.4262e-5 stage="public_setup"
2026-09-09T19:31:02.652249Z DEBUG transparent_shard_server::runtime: runtime stage key=("b16be2933ab920bc4745ea8917e5167a7a685c211e0b4febe88b4d3018f970bc", Pages, 0) seconds=0.953004319 stage="disk_save"
2026-09-09T19:31:02.652323Z DEBUG transparent_shard_server::runtime: runtime stage key=("1cd27964911287b2a127c1f8df5e6b0c19f5b4db309391c5adb2db3072bfec6e", Pages, 0) seconds=2.261e-6 stage="restore_slot"
2026-09-09T19:31:02.652472Z DEBUG transparent_shard_server::runtime: runtime stage key=("1cd27964911287b2a127c1f8df5e6b0c19f5b4db309391c5adb2db3072bfec6e", Pages, 0) seconds=5.2662e-5 hit=false stage="disk_restore"
2026-09-09T19:31:03.230724Z DEBUG transparent_shard_server::runtime: construction stage geometry="recent-8k" table="pages" seconds=0.898045492 stage="hint_columns"
2026-09-09T19:31:04.434825Z DEBUG transparent_shard_server::runtime: construction stage geometry="recent-8k" table="directory" seconds=2.326570867 stage="pack_preprocessing"
2026-09-09T19:31:04.435140Z DEBUG transparent_shard_server::runtime: construction stage geometry="recent-8k" table="directory" seconds=0.000277848 stage="publish_parameters"
2026-09-09T19:31:04.435819Z DEBUG transparent_shard_server::runtime: runtime stage key=("16b8227360ce35dd2e111156f5e31fd5eb500ff877879a212fef6cf8471de8a5", Directory, 0) seconds=3.659027106 stage="runtime_build"
2026-09-09T19:31:04.435849Z DEBUG transparent_shard_server::runtime: runtime stage key=("16b8227360ce35dd2e111156f5e31fd5eb500ff877879a212fef6cf8471de8a5", Directory, 0) reserved_bytes=136314880 stage="serialization_handoff"
2026-09-09T19:31:04.435885Z DEBUG transparent_shard_server::runtime: runtime stage key=("1cd27964911287b2a127c1f8df5e6b0c19f5b4db309391c5adb2db3072bfec6e", Directory, 0) seconds=2.857420167 stage="build_slot"
2026-09-09T19:31:04.435996Z DEBUG transparent_shard_server::memory: cold build admission wait seconds=9.0956e-5 admitted=true
2026-09-09T19:31:04.629127Z DEBUG transparent_shard_server::runtime: runtime stage key=("1cd27964911287b2a127c1f8df5e6b0c19f5b4db309391c5adb2db3072bfec6e", Directory, 0) seconds=0.193102172 stage="source_load"
2026-09-09T19:31:04.923224Z DEBUG transparent_shard_server::runtime: construction stage geometry="recent-8k" table="directory" seconds=0.294057219 stage="encode_database"
2026-09-09T19:31:04.923335Z DEBUG transparent_shard_server::runtime: construction stage geometry="recent-8k" table="directory" seconds=7.3941e-5 stage="public_setup"
2026-09-09T19:31:05.219297Z DEBUG transparent_shard_server::runtime: runtime stage key=("16b8227360ce35dd2e111156f5e31fd5eb500ff877879a212fef6cf8471de8a5", Directory, 0) seconds=0.783441452 stage="disk_save"
2026-09-09T19:31:05.220214Z DEBUG transparent_shard_server::runtime: runtime stage key=("27f56c565263ecffb8c7736d4e811665d81bf4ed71c7978431fcc4f45b645ee1", Directory, 0) seconds=1.958e-6 stage="restore_slot"
2026-09-09T19:31:05.220389Z DEBUG transparent_shard_server::runtime: runtime stage key=("27f56c565263ecffb8c7736d4e811665d81bf4ed71c7978431fcc4f45b645ee1", Directory, 0) seconds=3.8089e-5 hit=false stage="disk_restore"
2026-09-09T19:31:05.648774Z DEBUG transparent_shard_server::runtime: construction stage geometry="recent-8k" table="pages" seconds=2.418006998 stage="pack_preprocessing"
2026-09-09T19:31:05.649069Z DEBUG transparent_shard_server::runtime: construction stage geometry="recent-8k" table="pages" seconds=0.000253762 stage="publish_parameters"
2026-09-09T19:31:05.652761Z DEBUG transparent_shard_server::runtime: runtime stage key=("16b8227360ce35dd2e111156f5e31fd5eb500ff877879a212fef6cf8471de8a5", Pages, 0) seconds=3.673932593 stage="runtime_build"
2026-09-09T19:31:05.652815Z DEBUG transparent_shard_server::runtime: runtime stage key=("1cd27964911287b2a127c1f8df5e6b0c19f5b4db309391c5adb2db3072bfec6e", Pages, 0) seconds=2.997628993 stage="build_slot"
2026-09-09T19:31:05.652901Z DEBUG transparent_shard_server::memory: cold build admission wait seconds=8.1224e-5 admitted=true
2026-09-09T19:31:05.652920Z DEBUG transparent_shard_server::runtime: runtime stage key=("16b8227360ce35dd2e111156f5e31fd5eb500ff877879a212fef6cf8471de8a5", Pages, 0) reserved_bytes=136314880 stage="serialization_handoff"
2026-09-09T19:31:05.888902Z DEBUG transparent_shard_server::runtime: runtime stage key=("1cd27964911287b2a127c1f8df5e6b0c19f5b4db309391c5adb2db3072bfec6e", Pages, 0) seconds=0.235978589 stage="source_load"
2026-09-09T19:31:05.914026Z DEBUG transparent_shard_server::runtime: construction stage geometry="recent-8k" table="directory" seconds=0.99068289 stage="hint_columns"
2026-09-09T19:31:06.189722Z DEBUG transparent_shard_server::runtime: construction stage geometry="recent-8k" table="pages" seconds=0.300772988 stage="encode_database"
2026-09-09T19:31:06.189832Z DEBUG transparent_shard_server::runtime: construction stage geometry="recent-8k" table="pages" seconds=7.5232e-5 stage="public_setup"
2026-09-09T19:31:06.484121Z DEBUG transparent_shard_server::runtime: runtime stage key=("16b8227360ce35dd2e111156f5e31fd5eb500ff877879a212fef6cf8471de8a5", Pages, 0) seconds=0.831194721 stage="disk_save"
2026-09-09T19:31:06.487206Z DEBUG transparent_shard_server::runtime: runtime stage key=("27f56c565263ecffb8c7736d4e811665d81bf4ed71c7978431fcc4f45b645ee1", Pages, 0) seconds=2.151e-6 stage="restore_slot"
2026-09-09T19:31:06.487362Z DEBUG transparent_shard_server::runtime: runtime stage key=("27f56c565263ecffb8c7736d4e811665d81bf4ed71c7978431fcc4f45b645ee1", Pages, 0) seconds=4.1425e-5 hit=false stage="disk_restore"
2026-09-09T19:31:07.150202Z DEBUG transparent_shard_server::runtime: construction stage geometry="recent-8k" table="pages" seconds=0.960361383 stage="hint_columns"
2026-09-09T19:31:08.281138Z DEBUG transparent_shard_server::runtime: construction stage geometry="recent-8k" table="directory" seconds=2.367077924 stage="pack_preprocessing"
2026-09-09T19:31:08.282932Z DEBUG transparent_shard_server::runtime: construction stage geometry="recent-8k" table="directory" seconds=0.000263318 stage="publish_parameters"
2026-09-09T19:31:08.283672Z DEBUG transparent_shard_server::runtime: runtime stage key=("1cd27964911287b2a127c1f8df5e6b0c19f5b4db309391c5adb2db3072bfec6e", Directory, 0) seconds=3.654506694 stage="runtime_build"
2026-09-09T19:31:08.283703Z DEBUG transparent_shard_server::runtime: runtime stage key=("1cd27964911287b2a127c1f8df5e6b0c19f5b4db309391c5adb2db3072bfec6e", Directory, 0) reserved_bytes=136314880 stage="serialization_handoff"
2026-09-09T19:31:08.284233Z DEBUG transparent_shard_server::runtime: runtime stage key=("27f56c565263ecffb8c7736d4e811665d81bf4ed71c7978431fcc4f45b645ee1", Directory, 0) seconds=3.063817158 stage="build_slot"
2026-09-09T19:31:08.284335Z DEBUG transparent_shard_server::memory: cold build admission wait seconds=7.3688e-5 admitted=true
2026-09-09T19:31:08.492586Z DEBUG transparent_shard_server::runtime: runtime stage key=("27f56c565263ecffb8c7736d4e811665d81bf4ed71c7978431fcc4f45b645ee1", Directory, 0) seconds=0.208221467 stage="source_load"
2026-09-09T19:31:08.798589Z DEBUG transparent_shard_server::runtime: construction stage geometry="recent-8k" table="directory" seconds=0.305968498 stage="encode_database"
2026-09-09T19:31:08.798709Z DEBUG transparent_shard_server::runtime: construction stage geometry="recent-8k" table="directory" seconds=8.5268e-5 stage="public_setup"
2026-09-09T19:31:09.026194Z DEBUG transparent_shard_server::runtime: runtime stage key=("1cd27964911287b2a127c1f8df5e6b0c19f5b4db309391c5adb2db3072bfec6e", Directory, 0) seconds=0.74248287 stage="disk_save"
2026-09-09T19:31:09.028203Z DEBUG transparent_shard_server::runtime: runtime stage key=("ced665ae1f1140944bcd0c9aa2b83c1019df768df87fa513f9509106fc5b88c1", Directory, 0) seconds=2.001e-6 stage="restore_slot"
2026-09-09T19:31:09.028342Z DEBUG transparent_shard_server::runtime: runtime stage key=("ced665ae1f1140944bcd0c9aa2b83c1019df768df87fa513f9509106fc5b88c1", Directory, 0) seconds=3.3147e-5 hit=false stage="disk_restore"
2026-09-09T19:31:09.685815Z DEBUG transparent_shard_server::runtime: construction stage geometry="recent-8k" table="directory" seconds=0.887096764 stage="hint_columns"
2026-09-09T19:31:09.688511Z DEBUG transparent_shard_server::runtime: construction stage geometry="recent-8k" table="pages" seconds=2.5382624160000002 stage="pack_preprocessing"
2026-09-09T19:31:09.688802Z DEBUG transparent_shard_server::runtime: construction stage geometry="recent-8k" table="pages" seconds=0.000263872 stage="publish_parameters"
2026-09-09T19:31:09.689496Z DEBUG transparent_shard_server::runtime: runtime stage key=("1cd27964911287b2a127c1f8df5e6b0c19f5b4db309391c5adb2db3072bfec6e", Pages, 0) seconds=3.800550491 stage="runtime_build"
2026-09-09T19:31:09.689527Z DEBUG transparent_shard_server::runtime: runtime stage key=("1cd27964911287b2a127c1f8df5e6b0c19f5b4db309391c5adb2db3072bfec6e", Pages, 0) reserved_bytes=136314880 stage="serialization_handoff"
2026-09-09T19:31:09.689570Z DEBUG transparent_shard_server::runtime: runtime stage key=("27f56c565263ecffb8c7736d4e811665d81bf4ed71c7978431fcc4f45b645ee1", Pages, 0) seconds=3.202170398 stage="build_slot"
2026-09-09T19:31:09.689667Z DEBUG transparent_shard_server::memory: cold build admission wait seconds=8.1159e-5 admitted=true
2026-09-09T19:31:09.826764Z DEBUG transparent_shard_server::runtime: runtime stage key=("27f56c565263ecffb8c7736d4e811665d81bf4ed71c7978431fcc4f45b645ee1", Pages, 0) seconds=0.13706734 stage="source_load"
2026-09-09T19:31:10.119782Z DEBUG transparent_shard_server::runtime: construction stage geometry="recent-8k" table="pages" seconds=0.292986745 stage="encode_database"
2026-09-09T19:31:10.119881Z DEBUG transparent_shard_server::runtime: construction stage geometry="recent-8k" table="pages" seconds=7.0919e-5 stage="public_setup"
2026-09-09T19:31:10.400882Z DEBUG transparent_shard_server::runtime: runtime stage key=("1cd27964911287b2a127c1f8df5e6b0c19f5b4db309391c5adb2db3072bfec6e", Pages, 0) seconds=0.71134915 stage="disk_save"
2026-09-09T19:31:10.406216Z DEBUG transparent_shard_server::runtime: runtime stage key=("ced665ae1f1140944bcd0c9aa2b83c1019df768df87fa513f9509106fc5b88c1", Pages, 0) seconds=2.065e-6 stage="restore_slot"
2026-09-09T19:31:10.406408Z DEBUG transparent_shard_server::runtime: runtime stage key=("ced665ae1f1140944bcd0c9aa2b83c1019df768df87fa513f9509106fc5b88c1", Pages, 0) seconds=6.484e-5 hit=false stage="disk_restore"
2026-09-09T19:31:10.948212Z DEBUG transparent_shard_server::runtime: construction stage geometry="recent-8k" table="pages" seconds=0.828323768 stage="hint_columns"
2026-09-09T19:31:12.152495Z DEBUG transparent_shard_server::runtime: construction stage geometry="recent-8k" table="directory" seconds=2.46663345 stage="pack_preprocessing"
2026-09-09T19:31:12.152807Z DEBUG transparent_shard_server::runtime: construction stage geometry="recent-8k" table="directory" seconds=0.000261728 stage="publish_parameters"
2026-09-09T19:31:12.153489Z DEBUG transparent_shard_server::runtime: runtime stage key=("27f56c565263ecffb8c7736d4e811665d81bf4ed71c7978431fcc4f45b645ee1", Directory, 0) seconds=3.660869345 stage="runtime_build"
2026-09-09T19:31:12.153517Z DEBUG transparent_shard_server::runtime: runtime stage key=("27f56c565263ecffb8c7736d4e811665d81bf4ed71c7978431fcc4f45b645ee1", Directory, 0) reserved_bytes=136314880 stage="serialization_handoff"
2026-09-09T19:31:12.153557Z DEBUG transparent_shard_server::runtime: runtime stage key=("ced665ae1f1140944bcd0c9aa2b83c1019df768df87fa513f9509106fc5b88c1", Directory, 0) seconds=3.125185883 stage="build_slot"
2026-09-09T19:31:12.153660Z DEBUG transparent_shard_server::memory: cold build admission wait seconds=7.7821e-5 admitted=true
2026-09-09T19:31:12.344121Z DEBUG transparent_shard_server::runtime: runtime stage key=("ced665ae1f1140944bcd0c9aa2b83c1019df768df87fa513f9509106fc5b88c1", Directory, 0) seconds=0.190441478 stage="source_load"
2026-09-09T19:31:12.647500Z DEBUG transparent_shard_server::runtime: construction stage geometry="recent-8k" table="directory" seconds=0.303345099 stage="encode_database"
2026-09-09T19:31:12.647612Z DEBUG transparent_shard_server::runtime: construction stage geometry="recent-8k" table="directory" seconds=8.2039e-5 stage="public_setup"
2026-09-09T19:31:12.927408Z DEBUG transparent_shard_server::runtime: runtime stage key=("27f56c565263ecffb8c7736d4e811665d81bf4ed71c7978431fcc4f45b645ee1", Directory, 0) seconds=0.773882571 stage="disk_save"
2026-09-09T19:31:12.928220Z DEBUG transparent_shard_server::runtime: runtime stage key=("2d4497bf9e8bafc6139ee4e57114238a7ecfa0782702939922bf2a79b1fe05bf", Directory, 0) seconds=1.812e-6 stage="restore_slot"
2026-09-09T19:31:12.928409Z DEBUG transparent_shard_server::runtime: runtime stage key=("2d4497bf9e8bafc6139ee4e57114238a7ecfa0782702939922bf2a79b1fe05bf", Directory, 0) seconds=4.0475e-5 hit=false stage="disk_restore"
2026-09-09T19:31:13.337686Z DEBUG transparent_shard_server::runtime: construction stage geometry="recent-8k" table="pages" seconds=2.389427828 stage="pack_preprocessing"
2026-09-09T19:31:13.337974Z DEBUG transparent_shard_server::runtime: construction stage geometry="recent-8k" table="pages" seconds=0.000246897 stage="publish_parameters"
2026-09-09T19:31:13.341740Z DEBUG transparent_shard_server::runtime: runtime stage key=("27f56c565263ecffb8c7736d4e811665d81bf4ed71c7978431fcc4f45b645ee1", Pages, 0) seconds=3.514945535 stage="runtime_build"
2026-09-09T19:31:13.341775Z DEBUG transparent_shard_server::runtime: runtime stage key=("27f56c565263ecffb8c7736d4e811665d81bf4ed71c7978431fcc4f45b645ee1", Pages, 0) reserved_bytes=136314880 stage="serialization_handoff"
2026-09-09T19:31:13.341808Z DEBUG transparent_shard_server::runtime: runtime stage key=("ced665ae1f1140944bcd0c9aa2b83c1019df768df87fa513f9509106fc5b88c1", Pages, 0) seconds=2.935366004 stage="build_slot"
2026-09-09T19:31:13.341912Z DEBUG transparent_shard_server::memory: cold build admission wait seconds=8.2549e-5 admitted=true
2026-09-09T19:31:13.617219Z DEBUG transparent_shard_server::runtime: runtime stage key=("ced665ae1f1140944bcd0c9aa2b83c1019df768df87fa513f9509106fc5b88c1", Pages, 0) seconds=0.275284596 stage="source_load"
2026-09-09T19:31:13.630301Z DEBUG transparent_shard_server::runtime: construction stage geometry="recent-8k" table="directory" seconds=0.982680615 stage="hint_columns"
2026-09-09T19:31:13.922687Z DEBUG transparent_shard_server::runtime: construction stage geometry="recent-8k" table="pages" seconds=0.305434206 stage="encode_database"
2026-09-09T19:31:13.922794Z DEBUG transparent_shard_server::runtime: construction stage geometry="recent-8k" table="pages" seconds=7.177e-5 stage="public_setup"
2026-09-09T19:31:14.219197Z DEBUG transparent_shard_server::runtime: runtime stage key=("27f56c565263ecffb8c7736d4e811665d81bf4ed71c7978431fcc4f45b645ee1", Pages, 0) seconds=0.877415587 stage="disk_save"
2026-09-09T19:31:14.219293Z DEBUG transparent_shard_server::runtime: runtime stage key=("2d4497bf9e8bafc6139ee4e57114238a7ecfa0782702939922bf2a79b1fe05bf", Pages, 0) seconds=2.322e-6 stage="restore_slot"
2026-09-09T19:31:14.219431Z DEBUG transparent_shard_server::runtime: runtime stage key=("2d4497bf9e8bafc6139ee4e57114238a7ecfa0782702939922bf2a79b1fe05bf", Pages, 0) seconds=3.2599e-5 hit=false stage="disk_restore"
2026-09-09T19:31:14.778214Z DEBUG transparent_shard_server::runtime: construction stage geometry="recent-8k" table="pages" seconds=0.8554134 stage="hint_columns"
2026-09-09T19:31:16.008498Z DEBUG transparent_shard_server::runtime: construction stage geometry="recent-8k" table="directory" seconds=2.378160248 stage="pack_preprocessing"
2026-09-09T19:31:16.008807Z DEBUG transparent_shard_server::runtime: construction stage geometry="recent-8k" table="directory" seconds=0.000265596 stage="publish_parameters"
2026-09-09T19:31:16.009557Z DEBUG transparent_shard_server::runtime: runtime stage key=("ced665ae1f1140944bcd0c9aa2b83c1019df768df87fa513f9509106fc5b88c1", Directory, 0) seconds=3.66540373 stage="runtime_build"
2026-09-09T19:31:16.009591Z DEBUG transparent_shard_server::runtime: runtime stage key=("ced665ae1f1140944bcd0c9aa2b83c1019df768df87fa513f9509106fc5b88c1", Directory, 0) reserved_bytes=136314880 stage="serialization_handoff"
2026-09-09T19:31:16.010205Z DEBUG transparent_shard_server::runtime: runtime stage key=("2d4497bf9e8bafc6139ee4e57114238a7ecfa0782702939922bf2a79b1fe05bf", Directory, 0) seconds=3.081014399 stage="build_slot"
2026-09-09T19:31:16.010309Z DEBUG transparent_shard_server::memory: cold build admission wait seconds=7.4041e-5 admitted=true
2026-09-09T19:31:16.207227Z DEBUG transparent_shard_server::runtime: runtime stage key=("2d4497bf9e8bafc6139ee4e57114238a7ecfa0782702939922bf2a79b1fe05bf", Directory, 0) seconds=0.196858042 stage="source_load"
2026-09-09T19:31:16.513495Z DEBUG transparent_shard_server::runtime: construction stage geometry="recent-8k" table="directory" seconds=0.306221375 stage="encode_database"
2026-09-09T19:31:16.513617Z DEBUG transparent_shard_server::runtime: construction stage geometry="recent-8k" table="directory" seconds=8.5986e-5 stage="public_setup"
2026-09-09T19:31:16.976433Z DEBUG transparent_shard_server::runtime: runtime stage key=("ced665ae1f1140944bcd0c9aa2b83c1019df768df87fa513f9509106fc5b88c1", Directory, 0) seconds=0.966835577 stage="disk_save"
2026-09-09T19:31:16.976524Z DEBUG transparent_shard_server::runtime: runtime stage key=("a4bd72b37c0aafb265c77bb09cbc402cf69b65a87a1fabc8a0f12614b35469be", Directory, 0) seconds=2.788e-6 stage="restore_slot"
2026-09-09T19:31:16.976677Z DEBUG transparent_shard_server::runtime: runtime stage key=("a4bd72b37c0aafb265c77bb09cbc402cf69b65a87a1fabc8a0f12614b35469be", Directory, 0) seconds=4.0327e-5 hit=false stage="disk_restore"
2026-09-09T19:31:17.397478Z DEBUG transparent_shard_server::runtime: construction stage geometry="recent-8k" table="directory" seconds=0.883853757 stage="hint_columns"
2026-09-09T19:31:17.400030Z DEBUG transparent_shard_server::runtime: construction stage geometry="recent-8k" table="pages" seconds=2.621770112 stage="pack_preprocessing"
2026-09-09T19:31:17.400325Z DEBUG transparent_shard_server::runtime: construction stage geometry="recent-8k" table="pages" seconds=0.00026292 stage="publish_parameters"
2026-09-09T19:31:17.401040Z DEBUG transparent_shard_server::runtime: runtime stage key=("ced665ae1f1140944bcd0c9aa2b83c1019df768df87fa513f9509106fc5b88c1", Pages, 0) seconds=3.783789095 stage="runtime_build"
2026-09-09T19:31:17.401067Z DEBUG transparent_shard_server::runtime: runtime stage key=("ced665ae1f1140944bcd0c9aa2b83c1019df768df87fa513f9509106fc5b88c1", Pages, 0) reserved_bytes=136314880 stage="serialization_handoff"
2026-09-09T19:31:17.401102Z DEBUG transparent_shard_server::runtime: runtime stage key=("2d4497bf9e8bafc6139ee4e57114238a7ecfa0782702939922bf2a79b1fe05bf", Pages, 0) seconds=3.175922155 stage="build_slot"
2026-09-09T19:31:17.401208Z DEBUG transparent_shard_server::memory: cold build admission wait seconds=8.4804e-5 admitted=true
2026-09-09T19:31:17.537718Z DEBUG transparent_shard_server::runtime: runtime stage key=("2d4497bf9e8bafc6139ee4e57114238a7ecfa0782702939922bf2a79b1fe05bf", Pages, 0) seconds=0.136457699 stage="source_load"
2026-09-09T19:31:17.841270Z DEBUG transparent_shard_server::runtime: construction stage geometry="recent-8k" table="pages" seconds=0.303516685 stage="encode_database"
2026-09-09T19:31:17.841384Z DEBUG transparent_shard_server::runtime: construction stage geometry="recent-8k" table="pages" seconds=7.5355e-5 stage="public_setup"
2026-09-09T19:31:18.126984Z DEBUG transparent_shard_server::runtime: runtime stage key=("ced665ae1f1140944bcd0c9aa2b83c1019df768df87fa513f9509106fc5b88c1", Pages, 0) seconds=0.725909209 stage="disk_save"
2026-09-09T19:31:18.130208Z DEBUG transparent_shard_server::runtime: runtime stage key=("a4bd72b37c0aafb265c77bb09cbc402cf69b65a87a1fabc8a0f12614b35469be", Pages, 0) seconds=2.535e-6 stage="restore_slot"
2026-09-09T19:31:18.130372Z DEBUG transparent_shard_server::runtime: runtime stage key=("a4bd72b37c0aafb265c77bb09cbc402cf69b65a87a1fabc8a0f12614b35469be", Pages, 0) seconds=4.1592e-5 hit=false stage="disk_restore"
2026-09-09T19:31:18.640967Z DEBUG transparent_shard_server::runtime: construction stage geometry="recent-8k" table="pages" seconds=0.799575077 stage="hint_columns"
2026-09-09T19:31:19.854658Z DEBUG transparent_shard_server::runtime: construction stage geometry="recent-8k" table="directory" seconds=2.457122005 stage="pack_preprocessing"
2026-09-09T19:31:19.854940Z DEBUG transparent_shard_server::runtime: construction stage geometry="recent-8k" table="directory" seconds=0.000241284 stage="publish_parameters"
2026-09-09T19:31:19.857723Z DEBUG transparent_shard_server::runtime: runtime stage key=("2d4497bf9e8bafc6139ee4e57114238a7ecfa0782702939922bf2a79b1fe05bf", Directory, 0) seconds=3.650450147 stage="runtime_build"
2026-09-09T19:31:19.857794Z DEBUG transparent_shard_server::runtime: runtime stage key=("a4bd72b37c0aafb265c77bb09cbc402cf69b65a87a1fabc8a0f12614b35469be", Directory, 0) seconds=2.8806075829999997 stage="build_slot"
2026-09-09T19:31:19.857883Z DEBUG transparent_shard_server::memory: cold build admission wait seconds=8.4687e-5 admitted=true
2026-09-09T19:31:19.857901Z DEBUG transparent_shard_server::runtime: runtime stage key=("2d4497bf9e8bafc6139ee4e57114238a7ecfa0782702939922bf2a79b1fe05bf", Directory, 0) reserved_bytes=136314880 stage="serialization_handoff"
2026-09-09T19:31:20.046968Z DEBUG transparent_shard_server::runtime: runtime stage key=("a4bd72b37c0aafb265c77bb09cbc402cf69b65a87a1fabc8a0f12614b35469be", Directory, 0) seconds=0.18906626 stage="source_load"
2026-09-09T19:31:20.349347Z DEBUG transparent_shard_server::runtime: construction stage geometry="recent-8k" table="directory" seconds=0.302346494 stage="encode_database"
2026-09-09T19:31:20.349452Z DEBUG transparent_shard_server::runtime: construction stage geometry="recent-8k" table="directory" seconds=7.4296e-5 stage="public_setup"
2026-09-09T19:31:20.819256Z DEBUG transparent_shard_server::runtime: runtime stage key=("2d4497bf9e8bafc6139ee4e57114238a7ecfa0782702939922bf2a79b1fe05bf", Directory, 0) seconds=0.961347862 stage="disk_save"
2026-09-09T19:31:20.819330Z DEBUG transparent_shard_server::runtime: runtime stage key=("c907a0aa45b2551520863990845279fd25135889865e088c2dad6ea0d32b8fde", Directory, 0) seconds=1.662e-6 stage="restore_slot"
2026-09-09T19:31:20.819433Z DEBUG transparent_shard_server::runtime: runtime stage key=("c907a0aa45b2551520863990845279fd25135889865e088c2dad6ea0d32b8fde", Directory, 0) seconds=2.4576e-5 hit=false stage="disk_restore"
2026-09-09T19:31:20.920163Z DEBUG transparent_shard_server::runtime: construction stage geometry="recent-8k" table="pages" seconds=2.279150159 stage="pack_preprocessing"
2026-09-09T19:31:20.920459Z DEBUG transparent_shard_server::runtime: construction stage geometry="recent-8k" table="pages" seconds=0.000253683 stage="publish_parameters"
2026-09-09T19:31:20.925500Z DEBUG transparent_shard_server::runtime: runtime stage key=("2d4497bf9e8bafc6139ee4e57114238a7ecfa0782702939922bf2a79b1fe05bf", Pages, 0) seconds=3.387748346 stage="runtime_build"
2026-09-09T19:31:20.925539Z DEBUG transparent_shard_server::runtime: runtime stage key=("2d4497bf9e8bafc6139ee4e57114238a7ecfa0782702939922bf2a79b1fe05bf", Pages, 0) reserved_bytes=136314880 stage="serialization_handoff"
2026-09-09T19:31:20.925569Z DEBUG transparent_shard_server::runtime: runtime stage key=("a4bd72b37c0aafb265c77bb09cbc402cf69b65a87a1fabc8a0f12614b35469be", Pages, 0) seconds=2.795155996 stage="build_slot"
2026-09-09T19:31:20.925671Z DEBUG transparent_shard_server::memory: cold build admission wait seconds=7.9977e-5 admitted=true
2026-09-09T19:31:21.204188Z DEBUG transparent_shard_server::runtime: runtime stage key=("a4bd72b37c0aafb265c77bb09cbc402cf69b65a87a1fabc8a0f12614b35469be", Pages, 0) seconds=0.278496519 stage="source_load"
2026-09-09T19:31:21.322648Z DEBUG transparent_shard_server::runtime: construction stage geometry="recent-8k" table="directory" seconds=0.973188409 stage="hint_columns"
2026-09-09T19:31:21.567428Z DEBUG transparent_shard_server::runtime: construction stage geometry="recent-8k" table="pages" seconds=0.363205745 stage="encode_database"
2026-09-09T19:31:21.567535Z DEBUG transparent_shard_server::runtime: construction stage geometry="recent-8k" table="pages" seconds=7.5443e-5 stage="public_setup"
2026-09-09T19:31:21.844051Z DEBUG transparent_shard_server::runtime: runtime stage key=("2d4497bf9e8bafc6139ee4e57114238a7ecfa0782702939922bf2a79b1fe05bf", Pages, 0) seconds=0.918505189 stage="disk_save"
2026-09-09T19:31:21.844145Z DEBUG transparent_shard_server::runtime: runtime stage key=("c907a0aa45b2551520863990845279fd25135889865e088c2dad6ea0d32b8fde", Pages, 0) seconds=2.507e-6 stage="restore_slot"
2026-09-09T19:31:21.844317Z DEBUG transparent_shard_server::runtime: runtime stage key=("c907a0aa45b2551520863990845279fd25135889865e088c2dad6ea0d32b8fde", Pages, 0) seconds=3.8346e-5 hit=false stage="disk_restore"
2026-09-09T19:31:22.443263Z DEBUG transparent_shard_server::runtime: construction stage geometry="recent-8k" table="pages" seconds=0.875721448 stage="hint_columns"
2026-09-09T19:31:23.645444Z DEBUG transparent_shard_server::runtime: construction stage geometry="recent-8k" table="directory" seconds=2.32276161 stage="pack_preprocessing"
2026-09-09T19:31:23.645738Z DEBUG transparent_shard_server::runtime: construction stage geometry="recent-8k" table="directory" seconds=0.000247097 stage="publish_parameters"
2026-09-09T19:31:23.648581Z DEBUG transparent_shard_server::runtime: runtime stage key=("a4bd72b37c0aafb265c77bb09cbc402cf69b65a87a1fabc8a0f12614b35469be", Directory, 0) seconds=3.601581668 stage="runtime_build"
2026-09-09T19:31:23.648622Z DEBUG transparent_shard_server::runtime: runtime stage key=("a4bd72b37c0aafb265c77bb09cbc402cf69b65a87a1fabc8a0f12614b35469be", Directory, 0) reserved_bytes=136314880 stage="serialization_handoff"
2026-09-09T19:31:23.648656Z DEBUG transparent_shard_server::runtime: runtime stage key=("c907a0aa45b2551520863990845279fd25135889865e088c2dad6ea0d32b8fde", Directory, 0) seconds=2.829205649 stage="build_slot"
2026-09-09T19:31:23.648784Z DEBUG transparent_shard_server::memory: cold build admission wait seconds=9.9684e-5 admitted=true
2026-09-09T19:31:23.831694Z DEBUG transparent_shard_server::runtime: runtime stage key=("c907a0aa45b2551520863990845279fd25135889865e088c2dad6ea0d32b8fde", Directory, 0) seconds=0.182873845 stage="source_load"
2026-09-09T19:31:24.135189Z DEBUG transparent_shard_server::runtime: construction stage geometry="recent-8k" table="directory" seconds=0.303461143 stage="encode_database"
2026-09-09T19:31:24.135295Z DEBUG transparent_shard_server::runtime: construction stage geometry="recent-8k" table="directory" seconds=7.5285e-5 stage="public_setup"
2026-09-09T19:31:24.417437Z DEBUG transparent_shard_server::runtime: runtime stage key=("a4bd72b37c0aafb265c77bb09cbc402cf69b65a87a1fabc8a0f12614b35469be", Directory, 0) seconds=0.768807559 stage="disk_save"
2026-09-09T19:31:24.417530Z DEBUG transparent_shard_server::runtime: runtime stage key=("67574e8d4c7f7c258f8c7488f73e80a9476f8074c3db3540325133ff25020c2b", Directory, 0) seconds=2.434e-6 stage="restore_slot"
2026-09-09T19:31:24.417675Z DEBUG transparent_shard_server::runtime: runtime stage key=("67574e8d4c7f7c258f8c7488f73e80a9476f8074c3db3540325133ff25020c2b", Directory, 0) seconds=2.8635e-5 hit=false stage="disk_restore"
2026-09-09T19:31:25.008757Z DEBUG transparent_shard_server::runtime: construction stage geometry="recent-8k" table="pages" seconds=2.565451599 stage="pack_preprocessing"
2026-09-09T19:31:25.009099Z DEBUG transparent_shard_server::runtime: construction stage geometry="recent-8k" table="pages" seconds=0.000278248 stage="publish_parameters"
2026-09-09T19:31:25.009860Z DEBUG transparent_shard_server::runtime: runtime stage key=("a4bd72b37c0aafb265c77bb09cbc402cf69b65a87a1fabc8a0f12614b35469be", Pages, 0) seconds=3.8056387430000003 stage="runtime_build"
2026-09-09T19:31:25.009897Z DEBUG transparent_shard_server::runtime: runtime stage key=("a4bd72b37c0aafb265c77bb09cbc402cf69b65a87a1fabc8a0f12614b35469be", Pages, 0) reserved_bytes=136314880 stage="serialization_handoff"
2026-09-09T19:31:25.009933Z DEBUG transparent_shard_server::runtime: runtime stage key=("c907a0aa45b2551520863990845279fd25135889865e088c2dad6ea0d32b8fde", Pages, 0) seconds=3.165580957 stage="build_slot"
2026-09-09T19:31:25.010041Z DEBUG transparent_shard_server::memory: cold build admission wait seconds=7.9946e-5 admitted=true
2026-09-09T19:31:25.028225Z DEBUG transparent_shard_server::runtime: construction stage geometry="recent-8k" table="directory" seconds=0.892921632 stage="hint_columns"
2026-09-09T19:31:25.147047Z DEBUG transparent_shard_server::runtime: runtime stage key=("c907a0aa45b2551520863990845279fd25135889865e088c2dad6ea0d32b8fde", Pages, 0) seconds=0.136986717 stage="source_load"
2026-09-09T19:31:25.449464Z DEBUG transparent_shard_server::runtime: construction stage geometry="recent-8k" table="pages" seconds=0.302364801 stage="encode_database"
2026-09-09T19:31:25.449576Z DEBUG transparent_shard_server::runtime: construction stage geometry="recent-8k" table="pages" seconds=7.5237e-5 stage="public_setup"
2026-09-09T19:31:25.741835Z DEBUG transparent_shard_server::runtime: runtime stage key=("a4bd72b37c0aafb265c77bb09cbc402cf69b65a87a1fabc8a0f12614b35469be", Pages, 0) seconds=0.731930755 stage="disk_save"
2026-09-09T19:31:25.744207Z DEBUG transparent_shard_server::runtime: runtime stage key=("67574e8d4c7f7c258f8c7488f73e80a9476f8074c3db3540325133ff25020c2b", Pages, 0) seconds=2.031e-6 stage="restore_slot"
2026-09-09T19:31:25.744346Z DEBUG transparent_shard_server::runtime: runtime stage key=("67574e8d4c7f7c258f8c7488f73e80a9476f8074c3db3540325133ff25020c2b", Pages, 0) seconds=3.11e-5 hit=false stage="disk_restore"
2026-09-09T19:31:26.262847Z DEBUG transparent_shard_server::runtime: construction stage geometry="recent-8k" table="pages" seconds=0.813263036 stage="hint_columns"
2026-09-09T19:31:27.454088Z DEBUG transparent_shard_server::runtime: construction stage geometry="recent-8k" table="directory" seconds=2.42582519 stage="pack_preprocessing"
2026-09-09T19:31:27.454404Z DEBUG transparent_shard_server::runtime: construction stage geometry="recent-8k" table="directory" seconds=0.000275163 stage="publish_parameters"
2026-09-09T19:31:27.455108Z DEBUG transparent_shard_server::runtime: runtime stage key=("c907a0aa45b2551520863990845279fd25135889865e088c2dad6ea0d32b8fde", Directory, 0) seconds=3.623382091 stage="runtime_build"
2026-09-09T19:31:27.455164Z DEBUG transparent_shard_server::runtime: runtime stage key=("67574e8d4c7f7c258f8c7488f73e80a9476f8074c3db3540325133ff25020c2b", Directory, 0) seconds=3.037463847 stage="build_slot"
2026-09-09T19:31:27.455254Z DEBUG transparent_shard_server::memory: cold build admission wait seconds=8.093e-5 admitted=true
2026-09-09T19:31:27.455330Z DEBUG transparent_shard_server::runtime: runtime stage key=("c907a0aa45b2551520863990845279fd25135889865e088c2dad6ea0d32b8fde", Directory, 0) reserved_bytes=136314880 stage="serialization_handoff"
2026-09-09T19:31:27.653311Z DEBUG transparent_shard_server::runtime: runtime stage key=("67574e8d4c7f7c258f8c7488f73e80a9476f8074c3db3540325133ff25020c2b", Directory, 0) seconds=0.198035749 stage="source_load"
2026-09-09T19:31:27.956101Z DEBUG transparent_shard_server::runtime: construction stage geometry="recent-8k" table="directory" seconds=0.302752188 stage="encode_database"
2026-09-09T19:31:27.956219Z DEBUG transparent_shard_server::runtime: construction stage geometry="recent-8k" table="directory" seconds=8.4324e-5 stage="public_setup"
2026-09-09T19:31:28.441510Z DEBUG transparent_shard_server::runtime: runtime stage key=("c907a0aa45b2551520863990845279fd25135889865e088c2dad6ea0d32b8fde", Directory, 0) seconds=0.986171989 stage="disk_save"
2026-09-09T19:31:28.835840Z DEBUG transparent_shard_server::runtime: construction stage geometry="recent-8k" table="directory" seconds=0.879612409 stage="hint_columns"
2026-09-09T19:31:28.838152Z DEBUG transparent_shard_server::runtime: construction stage geometry="recent-8k" table="pages" seconds=2.575258898 stage="pack_preprocessing"
2026-09-09T19:31:28.838418Z DEBUG transparent_shard_server::runtime: construction stage geometry="recent-8k" table="pages" seconds=0.000231957 stage="publish_parameters"
2026-09-09T19:31:28.839105Z DEBUG transparent_shard_server::runtime: runtime stage key=("c907a0aa45b2551520863990845279fd25135889865e088c2dad6ea0d32b8fde", Pages, 0) seconds=3.692007963 stage="runtime_build"
2026-09-09T19:31:28.839130Z DEBUG transparent_shard_server::runtime: runtime stage key=("c907a0aa45b2551520863990845279fd25135889865e088c2dad6ea0d32b8fde", Pages, 0) reserved_bytes=136314880 stage="serialization_handoff"
2026-09-09T19:31:28.839173Z DEBUG transparent_shard_server::runtime: runtime stage key=("67574e8d4c7f7c258f8c7488f73e80a9476f8074c3db3540325133ff25020c2b", Pages, 0) seconds=3.094803066 stage="build_slot"
2026-09-09T19:31:28.839293Z DEBUG transparent_shard_server::memory: cold build admission wait seconds=8.3296e-5 admitted=true
2026-09-09T19:31:28.977026Z DEBUG transparent_shard_server::runtime: runtime stage key=("67574e8d4c7f7c258f8c7488f73e80a9476f8074c3db3540325133ff25020c2b", Pages, 0) seconds=0.137643083 stage="source_load"
2026-09-09T19:31:29.282294Z DEBUG transparent_shard_server::runtime: construction stage geometry="recent-8k" table="pages" seconds=0.305230053 stage="encode_database"
2026-09-09T19:31:29.282412Z DEBUG transparent_shard_server::runtime: construction stage geometry="recent-8k" table="pages" seconds=7.8549e-5 stage="public_setup"
2026-09-09T19:31:29.552135Z DEBUG transparent_shard_server::runtime: runtime stage key=("c907a0aa45b2551520863990845279fd25135889865e088c2dad6ea0d32b8fde", Pages, 0) seconds=0.712997473 stage="disk_save"
2026-09-09T19:31:30.096999Z DEBUG transparent_shard_server::runtime: construction stage geometry="recent-8k" table="pages" seconds=0.81457826 stage="hint_columns"
2026-09-09T19:31:31.315368Z DEBUG transparent_shard_server::runtime: construction stage geometry="recent-8k" table="directory" seconds=2.479486697 stage="pack_preprocessing"
2026-09-09T19:31:31.315672Z DEBUG transparent_shard_server::runtime: construction stage geometry="recent-8k" table="directory" seconds=0.000257642 stage="publish_parameters"
2026-09-09T19:31:31.320481Z DEBUG transparent_shard_server::runtime: runtime stage key=("67574e8d4c7f7c258f8c7488f73e80a9476f8074c3db3540325133ff25020c2b", Directory, 0) seconds=3.667132689 stage="runtime_build"
2026-09-09T19:31:31.320513Z DEBUG transparent_shard_server::runtime: runtime stage key=("67574e8d4c7f7c258f8c7488f73e80a9476f8074c3db3540325133ff25020c2b", Directory, 0) reserved_bytes=136314880 stage="serialization_handoff"
test burst::publication_burst_under_exact_load has been running for over 60 seconds
2026-09-09T19:31:32.055696Z DEBUG transparent_shard_server::runtime: runtime stage key=("67574e8d4c7f7c258f8c7488f73e80a9476f8074c3db3540325133ff25020c2b", Directory, 0) seconds=0.735176673 stage="disk_save"
2026-09-09T19:31:32.322726Z DEBUG transparent_shard_server::runtime: construction stage geometry="recent-8k" table="pages" seconds=2.225681161 stage="pack_preprocessing"
2026-09-09T19:31:32.323014Z DEBUG transparent_shard_server::runtime: construction stage geometry="recent-8k" table="pages" seconds=0.000247302 stage="publish_parameters"
2026-09-09T19:31:32.323738Z DEBUG transparent_shard_server::runtime: runtime stage key=("67574e8d4c7f7c258f8c7488f73e80a9476f8074c3db3540325133ff25020c2b", Pages, 0) seconds=3.346676594 stage="runtime_build"
2026-09-09T19:31:32.323760Z DEBUG transparent_shard_server::runtime: runtime stage key=("67574e8d4c7f7c258f8c7488f73e80a9476f8074c3db3540325133ff25020c2b", Pages, 0) reserved_bytes=136314880 stage="serialization_handoff"
2026-09-09T19:31:33.060598Z DEBUG transparent_shard_server::runtime: runtime stage key=("67574e8d4c7f7c258f8c7488f73e80a9476f8074c3db3540325133ff25020c2b", Pages, 0) seconds=0.736830005 stage="disk_save"
2026-09-09T19:31:33.060822Z  INFO transparent_shard_server::service: prewarm finished warm=28 target=28 failed=0 seconds=56.252466745
2026-09-09T19:31:33.532661Z  INFO transparent_shard_server::runtime: retired runtime memory reclaimed rss_before=4889382912 rss_after=4411015168
2026-09-09T19:31:34.103655Z DEBUG transparent_shard_server::runtime: runtime stage key=("be059aab39ac34125e0452548d6fbcfb1e7cdb7237a597bd59ee86011ed4882b", Directory, 0) seconds=1.553e-6 stage="restore_slot"
2026-09-09T19:31:34.103662Z DEBUG transparent_shard_server::runtime: runtime stage key=("be059aab39ac34125e0452548d6fbcfb1e7cdb7237a597bd59ee86011ed4882b", Pages, 0) seconds=1.389e-6 stage="restore_slot"
2026-09-09T19:31:34.103785Z DEBUG transparent_shard_server::runtime: runtime stage key=("be059aab39ac34125e0452548d6fbcfb1e7cdb7237a597bd59ee86011ed4882b", Directory, 0) seconds=2.7549e-5 hit=false stage="disk_restore"
2026-09-09T19:31:34.103819Z DEBUG transparent_shard_server::runtime: runtime stage key=("be059aab39ac34125e0452548d6fbcfb1e7cdb7237a597bd59ee86011ed4882b", Directory, 0) seconds=5.99e-7 stage="build_slot"
2026-09-09T19:31:34.103822Z DEBUG transparent_shard_server::runtime: runtime stage key=("be059aab39ac34125e0452548d6fbcfb1e7cdb7237a597bd59ee86011ed4882b", Pages, 0) seconds=2.5073e-5 hit=false stage="disk_restore"
2026-09-09T19:31:34.103838Z DEBUG transparent_shard_server::runtime: runtime stage key=("be059aab39ac34125e0452548d6fbcfb1e7cdb7237a597bd59ee86011ed4882b", Pages, 0) seconds=2.74e-7 stage="build_slot"
2026-09-09T19:31:34.103848Z DEBUG transparent_shard_server::memory: cold build admission wait seconds=2.6197e-5 admitted=true
2026-09-09T19:31:34.103891Z DEBUG transparent_shard_server::memory: cold build admission wait seconds=5.0201e-5 admitted=true
2026-09-09T19:31:34.262803Z DEBUG transparent_shard_server::runtime: runtime stage key=("be059aab39ac34125e0452548d6fbcfb1e7cdb7237a597bd59ee86011ed4882b", Directory, 0) seconds=0.158920976 stage="source_load"
2026-09-09T19:31:34.275084Z DEBUG transparent_shard_server::runtime: runtime stage key=("be059aab39ac34125e0452548d6fbcfb1e7cdb7237a597bd59ee86011ed4882b", Pages, 0) seconds=0.171180631 stage="source_load"
2026-09-09T19:31:34.566436Z DEBUG transparent_shard_server::runtime: construction stage geometry="recent-8k" table="directory" seconds=0.303590701 stage="encode_database"
2026-09-09T19:31:34.566545Z DEBUG transparent_shard_server::runtime: construction stage geometry="recent-8k" table="directory" seconds=7.2221e-5 stage="public_setup"
2026-09-09T19:31:34.582762Z DEBUG transparent_shard_server::runtime: construction stage geometry="recent-8k" table="pages" seconds=0.307636718 stage="encode_database"
2026-09-09T19:31:34.582919Z DEBUG transparent_shard_server::runtime: construction stage geometry="recent-8k" table="pages" seconds=9.9172e-5 stage="public_setup"
2026-09-09T19:31:35.691474Z DEBUG transparent_shard_server::runtime: construction stage geometry="recent-8k" table="pages" seconds=1.108547777 stage="hint_columns"
2026-09-09T19:31:35.701232Z DEBUG transparent_shard_server::runtime: construction stage geometry="recent-8k" table="directory" seconds=1.13468005 stage="hint_columns"
2026-09-09T19:31:37.940220Z DEBUG transparent_shard_server::runtime: construction stage geometry="recent-8k" table="directory" seconds=2.238951389 stage="pack_preprocessing"
2026-09-09T19:31:37.940499Z DEBUG transparent_shard_server::runtime: construction stage geometry="recent-8k" table="directory" seconds=0.000252592 stage="publish_parameters"
2026-09-09T19:31:37.941291Z DEBUG transparent_shard_server::runtime: runtime stage key=("be059aab39ac34125e0452548d6fbcfb1e7cdb7237a597bd59ee86011ed4882b", Directory, 0) seconds=3.678447055 stage="runtime_build"
2026-09-09T19:31:37.941335Z DEBUG transparent_shard_server::runtime: runtime stage key=("be059aab39ac34125e0452548d6fbcfb1e7cdb7237a597bd59ee86011ed4882b", Directory, 0) reserved_bytes=136314880 stage="serialization_handoff"
2026-09-09T19:31:38.667896Z DEBUG transparent_shard_server::runtime: runtime stage key=("be059aab39ac34125e0452548d6fbcfb1e7cdb7237a597bd59ee86011ed4882b", Directory, 0) seconds=0.726555457 stage="disk_save"
2026-09-09T19:31:39.143979Z DEBUG transparent_shard_server::runtime: construction stage geometry="recent-8k" table="pages" seconds=3.452461648 stage="pack_preprocessing"
2026-09-09T19:31:39.144275Z DEBUG transparent_shard_server::runtime: construction stage geometry="recent-8k" table="pages" seconds=0.000255723 stage="publish_parameters"
2026-09-09T19:31:39.145022Z DEBUG transparent_shard_server::runtime: runtime stage key=("be059aab39ac34125e0452548d6fbcfb1e7cdb7237a597bd59ee86011ed4882b", Pages, 0) seconds=4.869898529 stage="runtime_build"
2026-09-09T19:31:39.145040Z DEBUG transparent_shard_server::runtime: runtime stage key=("be059aab39ac34125e0452548d6fbcfb1e7cdb7237a597bd59ee86011ed4882b", Pages, 0) reserved_bytes=136314880 stage="serialization_handoff"
2026-09-09T19:31:39.850878Z DEBUG transparent_shard_server::runtime: runtime stage key=("be059aab39ac34125e0452548d6fbcfb1e7cdb7237a597bd59ee86011ed4882b", Pages, 0) seconds=0.705831436 stage="disk_save"
2026-09-09T19:31:39.850997Z  INFO transparent_shard_server::service: prewarm finished warm=28 target=28 failed=0 seconds=5.747382154
2026-09-09T19:31:39.851042Z DEBUG transparent_shard_server::live: publication preparation stages map=32426d9e9300c44558210d8540b636402af2b3c322627f9e9f26e0082b489725 loading_seconds=0.623949128 warming_seconds=5.747464832
2026-09-09T19:31:39.867493Z DEBUG transparent_shard_server::runtime: runtime stage key=("5b7ee9849d47f5ee67d04eb6ca4588beacf42dce75e5a1b481dfd02607b1fb20", Directory, 0) seconds=6.96e-7 stage="restore_slot"
2026-09-09T19:31:39.867687Z DEBUG transparent_shard_server::runtime: runtime stage key=("5b7ee9849d47f5ee67d04eb6ca4588beacf42dce75e5a1b481dfd02607b1fb20", Pages, 0) seconds=7.21e-7 stage="restore_slot"
2026-09-09T19:31:39.911663Z  INFO transparent_shard_server::runtime: retired runtime memory reclaimed rss_before=4954365952 rss_after=4490731520
2026-09-09T19:31:40.469289Z DEBUG transparent_shard_server::runtime: runtime stage key=("268f5c527d35817d37919707b04a706c850d449156baa071b5438dbf8eb53aec", Directory, 0) seconds=1.73e-6 stage="restore_slot"
2026-09-09T19:31:40.469410Z DEBUG transparent_shard_server::runtime: runtime stage key=("268f5c527d35817d37919707b04a706c850d449156baa071b5438dbf8eb53aec", Pages, 0) seconds=4.44e-7 stage="restore_slot"
2026-09-09T19:31:40.470234Z DEBUG transparent_shard_server::runtime: runtime stage key=("268f5c527d35817d37919707b04a706c850d449156baa071b5438dbf8eb53aec", Directory, 0) seconds=5.0465e-5 hit=false stage="disk_restore"
2026-09-09T19:31:40.470252Z DEBUG transparent_shard_server::runtime: runtime stage key=("268f5c527d35817d37919707b04a706c850d449156baa071b5438dbf8eb53aec", Pages, 0) seconds=4.2465e-5 hit=false stage="disk_restore"
2026-09-09T19:31:40.470264Z DEBUG transparent_shard_server::runtime: runtime stage key=("268f5c527d35817d37919707b04a706c850d449156baa071b5438dbf8eb53aec", Directory, 0) seconds=3.4e-7 stage="build_slot"
2026-09-09T19:31:40.470297Z DEBUG transparent_shard_server::memory: cold build admission wait seconds=2.7149e-5 admitted=true
2026-09-09T19:31:40.470307Z DEBUG transparent_shard_server::runtime: runtime stage key=("268f5c527d35817d37919707b04a706c850d449156baa071b5438dbf8eb53aec", Pages, 0) seconds=9.5e-8 stage="build_slot"
2026-09-09T19:31:40.470332Z DEBUG transparent_shard_server::memory: cold build admission wait seconds=2.1388e-5 admitted=true
2026-09-09T19:31:40.622969Z DEBUG transparent_shard_server::runtime: runtime stage key=("268f5c527d35817d37919707b04a706c850d449156baa071b5438dbf8eb53aec", Pages, 0) seconds=0.152620515 stage="source_load"
2026-09-09T19:31:40.635078Z DEBUG transparent_shard_server::runtime: runtime stage key=("268f5c527d35817d37919707b04a706c850d449156baa071b5438dbf8eb53aec", Directory, 0) seconds=0.164766107 stage="source_load"
2026-09-09T19:31:40.772050Z DEBUG transparent_shard_server::runtime: runtime stage key=("5b7ee9849d47f5ee67d04eb6ca4588beacf42dce75e5a1b481dfd02607b1fb20", Directory, 0) seconds=0.904436149 hit=true stage="disk_restore"
2026-09-09T19:31:40.795096Z DEBUG transparent_shard_server::runtime: runtime stage key=("5b7ee9849d47f5ee67d04eb6ca4588beacf42dce75e5a1b481dfd02607b1fb20", Pages, 0) seconds=0.927325964 hit=true stage="disk_restore"
2026-09-09T19:31:40.892803Z DEBUG transparent_shard_server::runtime: runtime stage key=("5b7ee9849d47f5ee67d04eb6ca4588beacf42dce75e5a1b481dfd02607b1fb20", Directory, 0) seconds=0.120714621 stage="source_verify"
2026-09-09T19:31:40.892842Z  INFO transparent_shard_server::runtime: restored runtime cache seconds=1.025230384
2026-09-09T19:31:40.916389Z DEBUG transparent_shard_server::runtime: runtime stage key=("5b7ee9849d47f5ee67d04eb6ca4588beacf42dce75e5a1b481dfd02607b1fb20", Pages, 0) seconds=0.121256128 stage="source_verify"
2026-09-09T19:31:40.916421Z  INFO transparent_shard_server::runtime: restored runtime cache seconds=1.048653475
2026-09-09T19:31:40.932610Z DEBUG transparent_shard_server::runtime: construction stage geometry="recent-8k" table="pages" seconds=0.30959853 stage="encode_database"
2026-09-09T19:31:40.932734Z DEBUG transparent_shard_server::runtime: construction stage geometry="recent-8k" table="pages" seconds=8.5144e-5 stage="public_setup"
2026-09-09T19:31:40.957772Z DEBUG transparent_shard_server::runtime: construction stage geometry="recent-8k" table="directory" seconds=0.322658324 stage="encode_database"
2026-09-09T19:31:40.957942Z DEBUG transparent_shard_server::runtime: construction stage geometry="recent-8k" table="directory" seconds=0.000135346 stage="public_setup"
2026-09-09T19:31:42.052333Z DEBUG transparent_shard_server::runtime: construction stage geometry="recent-8k" table="pages" seconds=1.119592377 stage="hint_columns"
2026-09-09T19:31:42.076812Z DEBUG transparent_shard_server::runtime: construction stage geometry="recent-8k" table="directory" seconds=1.118862717 stage="hint_columns"
2026-09-09T19:31:42.945521Z DEBUG transparent_shard_server::memory: work memory admission denied current=5247610880 limit=7516192768 held=1342177280 requested=268435456
2026-09-09T19:31:43.189058Z DEBUG transparent_shard_server::memory: work memory admission denied current=5278629888 limit=7516192768 held=1342177280 requested=268435456
2026-09-09T19:31:43.402945Z DEBUG transparent_shard_server::memory: work memory admission denied current=5360873472 limit=7516192768 held=1342177280 requested=268435456
2026-09-09T19:31:43.613034Z DEBUG transparent_shard_server::memory: work memory admission denied current=5313556480 limit=7516192768 held=1342177280 requested=268435456
2026-09-09T19:31:43.817357Z DEBUG transparent_shard_server::memory: work memory admission denied current=5335052288 limit=7516192768 held=1342177280 requested=268435456
2026-09-09T19:31:44.023628Z DEBUG transparent_shard_server::memory: work memory admission denied current=5357072384 limit=7516192768 held=1342177280 requested=268435456
2026-09-09T19:31:44.228955Z DEBUG transparent_shard_server::memory: work memory admission denied current=5378830336 limit=7516192768 held=1342177280 requested=268435456
2026-09-09T19:31:44.386980Z DEBUG transparent_shard_server::runtime: construction stage geometry="recent-8k" table="pages" seconds=2.334609239 stage="pack_preprocessing"
2026-09-09T19:31:44.387280Z DEBUG transparent_shard_server::runtime: construction stage geometry="recent-8k" table="pages" seconds=0.000264268 stage="publish_parameters"
2026-09-09T19:31:44.388117Z DEBUG transparent_shard_server::runtime: runtime stage key=("268f5c527d35817d37919707b04a706c850d449156baa071b5438dbf8eb53aec", Pages, 0) seconds=3.765105856 stage="runtime_build"
2026-09-09T19:31:44.388136Z DEBUG transparent_shard_server::runtime: runtime stage key=("268f5c527d35817d37919707b04a706c850d449156baa071b5438dbf8eb53aec", Pages, 0) reserved_bytes=136314880 stage="serialization_handoff"
2026-09-09T19:31:45.121996Z DEBUG transparent_shard_server::runtime: runtime stage key=("268f5c527d35817d37919707b04a706c850d449156baa071b5438dbf8eb53aec", Pages, 0) seconds=0.733854951 stage="disk_save"
2026-09-09T19:31:45.346958Z DEBUG transparent_shard_server::runtime: construction stage geometry="recent-8k" table="directory" seconds=3.270104864 stage="pack_preprocessing"
2026-09-09T19:31:45.347569Z DEBUG transparent_shard_server::runtime: construction stage geometry="recent-8k" table="directory" seconds=0.000579639 stage="publish_parameters"
2026-09-09T19:31:45.348266Z DEBUG transparent_shard_server::runtime: runtime stage key=("268f5c527d35817d37919707b04a706c850d449156baa071b5438dbf8eb53aec", Directory, 0) seconds=4.713153447 stage="runtime_build"
2026-09-09T19:31:45.348287Z DEBUG transparent_shard_server::runtime: runtime stage key=("268f5c527d35817d37919707b04a706c850d449156baa071b5438dbf8eb53aec", Directory, 0) reserved_bytes=136314880 stage="serialization_handoff"
2026-09-09T19:31:46.043197Z DEBUG transparent_shard_server::runtime: runtime stage key=("268f5c527d35817d37919707b04a706c850d449156baa071b5438dbf8eb53aec", Directory, 0) seconds=0.694902883 stage="disk_save"
2026-09-09T19:31:46.043320Z  INFO transparent_shard_server::service: prewarm finished warm=28 target=28 failed=0 seconds=5.574081164
2026-09-09T19:31:46.043361Z DEBUG transparent_shard_server::live: publication preparation stages map=12cbb58695cd66166197842d179b61598c15effb06ad32efcd899a13e36e7b10 loading_seconds=0.616868383 warming_seconds=5.574181237
test burst::publication_burst_under_exact_load ... ok

test result: ok. 1 passed; 0 failed; 0 ignored; 0 measured; 16 filtered out; finished in 75.42s

Finished with result: success
Main processes terminated with: code=exited/status=0
Service runtime: 1min 15.521s
CPU time consumed: 3min 57.382s
Memory peak: 512.0K
Memory swap peak: 0B
