Running as unit: transparent-full-burst-1605c93568aa4d548b8373faee4dd842.service; invocation ID: c5bf70e383f14e1a8c36626d8dc77ef0

running 1 test
2026-09-09T19:31:52.325219Z DEBUG transparent_shard_server::runtime: runtime stage key=("5b7ee9849d47f5ee67d04eb6ca4588beacf42dce75e5a1b481dfd02607b1fb20", Pages, 0) seconds=1.3213e-5 stage="restore_slot"
2026-09-09T19:31:52.325225Z DEBUG transparent_shard_server::runtime: runtime stage key=("1f5d7213a380745d83cc554ad16bdf9e039a0304d0de0b71376828e1838d0ea4", Directory, 0) seconds=3.88e-7 stage="restore_slot"
2026-09-09T19:31:52.325252Z DEBUG transparent_shard_server::runtime: runtime stage key=("1f5d7213a380745d83cc554ad16bdf9e039a0304d0de0b71376828e1838d0ea4", Pages, 0) seconds=1.31e-6 stage="restore_slot"
2026-09-09T19:31:52.325262Z DEBUG transparent_shard_server::runtime: runtime stage key=("5b7ee9849d47f5ee67d04eb6ca4588beacf42dce75e5a1b481dfd02607b1fb20", Directory, 0) seconds=3.08e-7 stage="restore_slot"
2026-09-09T19:31:52.325900Z DEBUG transparent_shard_server::runtime: runtime stage key=("5b7ee9849d47f5ee67d04eb6ca4588beacf42dce75e5a1b481dfd02607b1fb20", Pages, 0) seconds=3.0246e-5 hit=false stage="disk_restore"
2026-09-09T19:31:52.325899Z DEBUG transparent_shard_server::runtime: runtime stage key=("1f5d7213a380745d83cc554ad16bdf9e039a0304d0de0b71376828e1838d0ea4", Directory, 0) seconds=4.1984e-5 hit=false stage="disk_restore"
2026-09-09T19:31:52.325909Z DEBUG transparent_shard_server::runtime: runtime stage key=("1f5d7213a380745d83cc554ad16bdf9e039a0304d0de0b71376828e1838d0ea4", Pages, 0) seconds=2.6514e-5 hit=false stage="disk_restore"
2026-09-09T19:31:52.325952Z DEBUG transparent_shard_server::runtime: runtime stage key=("5b7ee9849d47f5ee67d04eb6ca4588beacf42dce75e5a1b481dfd02607b1fb20", Directory, 0) seconds=1.6808e-5 hit=false stage="disk_restore"
2026-09-09T19:31:52.325969Z DEBUG transparent_shard_server::runtime: runtime stage key=("1f5d7213a380745d83cc554ad16bdf9e039a0304d0de0b71376828e1838d0ea4", Directory, 0) seconds=1.067e-6 stage="build_slot"
2026-09-09T19:31:52.325974Z DEBUG transparent_shard_server::runtime: runtime stage key=("5b7ee9849d47f5ee67d04eb6ca4588beacf42dce75e5a1b481dfd02607b1fb20", Pages, 0) seconds=4.4e-7 stage="build_slot"
2026-09-09T19:31:52.326028Z DEBUG transparent_shard_server::memory: cold build admission wait seconds=5.4406e-5 admitted=true
2026-09-09T19:31:52.326073Z DEBUG transparent_shard_server::memory: cold build admission wait seconds=9.5255e-5 admitted=true
2026-09-09T19:31:52.471851Z DEBUG transparent_shard_server::runtime: runtime stage key=("1f5d7213a380745d83cc554ad16bdf9e039a0304d0de0b71376828e1838d0ea4", Directory, 0) seconds=0.145795546 stage="source_load"
2026-09-09T19:31:52.476694Z DEBUG transparent_shard_server::runtime: runtime stage key=("5b7ee9849d47f5ee67d04eb6ca4588beacf42dce75e5a1b481dfd02607b1fb20", Pages, 0) seconds=0.150601053 stage="source_load"
2026-09-09T19:31:52.776391Z DEBUG transparent_shard_server::runtime: construction stage geometry="recent-8k" table="directory" seconds=0.304489356 stage="encode_database"
2026-09-09T19:31:52.776499Z DEBUG transparent_shard_server::runtime: construction stage geometry="recent-8k" table="directory" seconds=6.278e-5 stage="public_setup"
2026-09-09T19:31:52.783199Z DEBUG transparent_shard_server::runtime: construction stage geometry="recent-8k" table="pages" seconds=0.306390341 stage="encode_database"
2026-09-09T19:31:52.783301Z DEBUG transparent_shard_server::runtime: construction stage geometry="recent-8k" table="pages" seconds=6.1847e-5 stage="public_setup"
2026-09-09T19:31:53.898643Z DEBUG transparent_shard_server::runtime: construction stage geometry="recent-8k" table="pages" seconds=1.115336478 stage="hint_columns"
2026-09-09T19:31:53.908242Z DEBUG transparent_shard_server::runtime: construction stage geometry="recent-8k" table="directory" seconds=1.131736526 stage="hint_columns"
2026-09-09T19:31:56.094338Z DEBUG transparent_shard_server::runtime: construction stage geometry="recent-8k" table="directory" seconds=2.186053626 stage="pack_preprocessing"
2026-09-09T19:31:56.094597Z DEBUG transparent_shard_server::runtime: construction stage geometry="recent-8k" table="directory" seconds=0.000218636 stage="publish_parameters"
2026-09-09T19:31:56.095144Z DEBUG transparent_shard_server::runtime: runtime stage key=("1f5d7213a380745d83cc554ad16bdf9e039a0304d0de0b71376828e1838d0ea4", Directory, 0) seconds=3.623244317 stage="runtime_build"
2026-09-09T19:31:56.096439Z DEBUG transparent_shard_server::runtime: runtime stage key=("1f5d7213a380745d83cc554ad16bdf9e039a0304d0de0b71376828e1838d0ea4", Directory, 0) reserved_bytes=136314880 stage="serialization_handoff"
2026-09-09T19:31:56.096480Z DEBUG transparent_shard_server::runtime: runtime stage key=("5b7ee9849d47f5ee67d04eb6ca4588beacf42dce75e5a1b481dfd02607b1fb20", Directory, 0) seconds=3.770498919 stage="build_slot"
2026-09-09T19:31:56.096583Z DEBUG transparent_shard_server::memory: cold build admission wait seconds=8.1494e-5 admitted=true
2026-09-09T19:31:56.265194Z DEBUG transparent_shard_server::runtime: runtime stage key=("5b7ee9849d47f5ee67d04eb6ca4588beacf42dce75e5a1b481dfd02607b1fb20", Directory, 0) seconds=0.167989781 stage="source_load"
2026-09-09T19:31:56.329352Z DEBUG transparent_shard_server::runtime: construction stage geometry="recent-8k" table="pages" seconds=2.430664142 stage="pack_preprocessing"
2026-09-09T19:31:56.329629Z DEBUG transparent_shard_server::runtime: construction stage geometry="recent-8k" table="pages" seconds=0.000242592 stage="publish_parameters"
2026-09-09T19:31:56.330197Z DEBUG transparent_shard_server::runtime: runtime stage key=("5b7ee9849d47f5ee67d04eb6ca4588beacf42dce75e5a1b481dfd02607b1fb20", Pages, 0) seconds=3.8533900770000002 stage="runtime_build"
2026-09-09T19:31:56.332122Z DEBUG transparent_shard_server::runtime: runtime stage key=("5b7ee9849d47f5ee67d04eb6ca4588beacf42dce75e5a1b481dfd02607b1fb20", Pages, 0) reserved_bytes=136314880 stage="serialization_handoff"
2026-09-09T19:31:56.332158Z DEBUG transparent_shard_server::runtime: runtime stage key=("1f5d7213a380745d83cc554ad16bdf9e039a0304d0de0b71376828e1838d0ea4", Pages, 0) seconds=4.006169499 stage="build_slot"
2026-09-09T19:31:56.332267Z DEBUG transparent_shard_server::memory: cold build admission wait seconds=7.7956e-5 admitted=true
2026-09-09T19:31:56.495227Z DEBUG transparent_shard_server::runtime: runtime stage key=("1f5d7213a380745d83cc554ad16bdf9e039a0304d0de0b71376828e1838d0ea4", Pages, 0) seconds=0.162925195 stage="source_load"
2026-09-09T19:31:56.582122Z DEBUG transparent_shard_server::runtime: construction stage geometry="recent-8k" table="directory" seconds=0.316888103 stage="encode_database"
2026-09-09T19:31:56.582233Z DEBUG transparent_shard_server::runtime: construction stage geometry="recent-8k" table="directory" seconds=6.2013e-5 stage="public_setup"
2026-09-09T19:31:56.840443Z DEBUG transparent_shard_server::runtime: runtime stage key=("1f5d7213a380745d83cc554ad16bdf9e039a0304d0de0b71376828e1838d0ea4", Directory, 0) seconds=0.743988771 stage="disk_save"
2026-09-09T19:31:56.840547Z DEBUG transparent_shard_server::runtime: runtime stage key=("ca7afe810c988a8b4b561668f3456a9f38d1fdbb0776614e07ddfeb1a2132000", Directory, 0) seconds=1.793e-6 stage="restore_slot"
2026-09-09T19:31:56.840682Z DEBUG transparent_shard_server::runtime: runtime stage key=("ca7afe810c988a8b4b561668f3456a9f38d1fdbb0776614e07ddfeb1a2132000", Directory, 0) seconds=3.1098e-5 hit=false stage="disk_restore"
2026-09-09T19:31:56.920759Z DEBUG transparent_shard_server::runtime: construction stage geometry="recent-8k" table="pages" seconds=0.425497572 stage="encode_database"
2026-09-09T19:31:56.920870Z DEBUG transparent_shard_server::runtime: construction stage geometry="recent-8k" table="pages" seconds=5.8849e-5 stage="public_setup"
2026-09-09T19:31:57.641154Z DEBUG transparent_shard_server::runtime: runtime stage key=("5b7ee9849d47f5ee67d04eb6ca4588beacf42dce75e5a1b481dfd02607b1fb20", Pages, 0) seconds=1.3090138740000001 stage="disk_save"
2026-09-09T19:31:57.641279Z DEBUG transparent_shard_server::runtime: runtime stage key=("ca7afe810c988a8b4b561668f3456a9f38d1fdbb0776614e07ddfeb1a2132000", Pages, 0) seconds=2.111e-6 stage="restore_slot"
2026-09-09T19:31:57.641420Z DEBUG transparent_shard_server::runtime: runtime stage key=("ca7afe810c988a8b4b561668f3456a9f38d1fdbb0776614e07ddfeb1a2132000", Pages, 0) seconds=2.9008e-5 hit=false stage="disk_restore"
2026-09-09T19:31:57.987731Z DEBUG transparent_shard_server::runtime: construction stage geometry="recent-8k" table="pages" seconds=1.066853135 stage="hint_columns"
2026-09-09T19:31:57.988264Z DEBUG transparent_shard_server::runtime: construction stage geometry="recent-8k" table="directory" seconds=1.4060245 stage="hint_columns"
2026-09-09T19:32:00.326871Z DEBUG transparent_shard_server::runtime: construction stage geometry="recent-8k" table="pages" seconds=2.339093927 stage="pack_preprocessing"
2026-09-09T19:32:00.327169Z DEBUG transparent_shard_server::runtime: construction stage geometry="recent-8k" table="pages" seconds=0.000257382 stage="publish_parameters"
2026-09-09T19:32:00.327692Z DEBUG transparent_shard_server::runtime: runtime stage key=("1f5d7213a380745d83cc554ad16bdf9e039a0304d0de0b71376828e1838d0ea4", Pages, 0) seconds=3.832431797 stage="runtime_build"
2026-09-09T19:32:00.327713Z DEBUG transparent_shard_server::runtime: runtime stage key=("1f5d7213a380745d83cc554ad16bdf9e039a0304d0de0b71376828e1838d0ea4", Pages, 0) reserved_bytes=136314880 stage="serialization_handoff"
2026-09-09T19:32:00.327767Z DEBUG transparent_shard_server::runtime: runtime stage key=("ca7afe810c988a8b4b561668f3456a9f38d1fdbb0776614e07ddfeb1a2132000", Directory, 0) seconds=3.48705911 stage="build_slot"
2026-09-09T19:32:00.327861Z DEBUG transparent_shard_server::memory: cold build admission wait seconds=7.3781e-5 admitted=true
2026-09-09T19:32:00.498332Z DEBUG transparent_shard_server::runtime: runtime stage key=("ca7afe810c988a8b4b561668f3456a9f38d1fdbb0776614e07ddfeb1a2132000", Directory, 0) seconds=0.170444641 stage="source_load"
2026-09-09T19:32:00.804578Z DEBUG transparent_shard_server::runtime: construction stage geometry="recent-8k" table="directory" seconds=0.30620968 stage="encode_database"
2026-09-09T19:32:00.804670Z DEBUG transparent_shard_server::runtime: construction stage geometry="recent-8k" table="directory" seconds=6.0492e-5 stage="public_setup"
2026-09-09T19:32:01.127214Z DEBUG transparent_shard_server::runtime: runtime stage key=("1f5d7213a380745d83cc554ad16bdf9e039a0304d0de0b71376828e1838d0ea4", Pages, 0) seconds=0.799494361 stage="disk_save"
2026-09-09T19:32:01.127312Z DEBUG transparent_shard_server::runtime: runtime stage key=("95df7205357fe2d9c962d2b41daded841e05afa7b6fc8d06dfec46ad04e15335", Directory, 0) seconds=2.174e-6 stage="restore_slot"
2026-09-09T19:32:01.127463Z DEBUG transparent_shard_server::runtime: runtime stage key=("95df7205357fe2d9c962d2b41daded841e05afa7b6fc8d06dfec46ad04e15335", Directory, 0) seconds=4.3947e-5 hit=false stage="disk_restore"
2026-09-09T19:32:01.442942Z DEBUG transparent_shard_server::runtime: construction stage geometry="recent-8k" table="directory" seconds=3.454643946 stage="pack_preprocessing"
2026-09-09T19:32:01.446244Z DEBUG transparent_shard_server::runtime: construction stage geometry="recent-8k" table="directory" seconds=0.003259538 stage="publish_parameters"
2026-09-09T19:32:01.446941Z DEBUG transparent_shard_server::runtime: runtime stage key=("5b7ee9849d47f5ee67d04eb6ca4588beacf42dce75e5a1b481dfd02607b1fb20", Directory, 0) seconds=5.181709421 stage="runtime_build"
2026-09-09T19:32:01.446966Z DEBUG transparent_shard_server::runtime: runtime stage key=("5b7ee9849d47f5ee67d04eb6ca4588beacf42dce75e5a1b481dfd02607b1fb20", Directory, 0) reserved_bytes=136314880 stage="serialization_handoff"
2026-09-09T19:32:01.449190Z DEBUG transparent_shard_server::runtime: runtime stage key=("ca7afe810c988a8b4b561668f3456a9f38d1fdbb0776614e07ddfeb1a2132000", Pages, 0) seconds=3.80774459 stage="build_slot"
2026-09-09T19:32:01.449280Z DEBUG transparent_shard_server::memory: cold build admission wait seconds=7.1591e-5 admitted=true
2026-09-09T19:32:01.727276Z DEBUG transparent_shard_server::runtime: construction stage geometry="recent-8k" table="directory" seconds=0.922599496 stage="hint_columns"
2026-09-09T19:32:01.779868Z DEBUG transparent_shard_server::runtime: runtime stage key=("ca7afe810c988a8b4b561668f3456a9f38d1fdbb0776614e07ddfeb1a2132000", Pages, 0) seconds=0.330562042 stage="source_load"
2026-09-09T19:32:02.080281Z DEBUG transparent_shard_server::runtime: construction stage geometry="recent-8k" table="pages" seconds=0.300380627 stage="encode_database"
2026-09-09T19:32:02.080386Z DEBUG transparent_shard_server::runtime: construction stage geometry="recent-8k" table="pages" seconds=7.1646e-5 stage="public_setup"
2026-09-09T19:32:02.395223Z DEBUG transparent_shard_server::runtime: runtime stage key=("5b7ee9849d47f5ee67d04eb6ca4588beacf42dce75e5a1b481dfd02607b1fb20", Directory, 0) seconds=0.94824838 stage="disk_save"
2026-09-09T19:32:02.395325Z DEBUG transparent_shard_server::runtime: runtime stage key=("95df7205357fe2d9c962d2b41daded841e05afa7b6fc8d06dfec46ad04e15335", Pages, 0) seconds=2.049e-6 stage="restore_slot"
2026-09-09T19:32:02.395467Z DEBUG transparent_shard_server::runtime: runtime stage key=("95df7205357fe2d9c962d2b41daded841e05afa7b6fc8d06dfec46ad04e15335", Pages, 0) seconds=5.0508e-5 hit=false stage="disk_restore"
2026-09-09T19:32:02.944926Z DEBUG transparent_shard_server::runtime: construction stage geometry="recent-8k" table="pages" seconds=0.864533694 stage="hint_columns"
2026-09-09T19:32:04.261035Z DEBUG transparent_shard_server::runtime: construction stage geometry="recent-8k" table="directory" seconds=2.533696573 stage="pack_preprocessing"
2026-09-09T19:32:04.261335Z DEBUG transparent_shard_server::runtime: construction stage geometry="recent-8k" table="directory" seconds=0.000255851 stage="publish_parameters"
2026-09-09T19:32:04.261991Z DEBUG transparent_shard_server::runtime: runtime stage key=("ca7afe810c988a8b4b561668f3456a9f38d1fdbb0776614e07ddfeb1a2132000", Directory, 0) seconds=3.763626453 stage="runtime_build"
2026-09-09T19:32:04.262016Z DEBUG transparent_shard_server::runtime: runtime stage key=("ca7afe810c988a8b4b561668f3456a9f38d1fdbb0776614e07ddfeb1a2132000", Directory, 0) reserved_bytes=136314880 stage="serialization_handoff"
2026-09-09T19:32:04.262272Z DEBUG transparent_shard_server::runtime: runtime stage key=("95df7205357fe2d9c962d2b41daded841e05afa7b6fc8d06dfec46ad04e15335", Directory, 0) seconds=3.134772154 stage="build_slot"
2026-09-09T19:32:04.262381Z DEBUG transparent_shard_server::memory: cold build admission wait seconds=7.8986e-5 admitted=true
2026-09-09T19:32:04.438938Z DEBUG transparent_shard_server::runtime: runtime stage key=("95df7205357fe2d9c962d2b41daded841e05afa7b6fc8d06dfec46ad04e15335", Directory, 0) seconds=0.176529974 stage="source_load"
2026-09-09T19:32:04.735890Z DEBUG transparent_shard_server::runtime: construction stage geometry="recent-8k" table="directory" seconds=0.296912787 stage="encode_database"
2026-09-09T19:32:04.735992Z DEBUG transparent_shard_server::runtime: construction stage geometry="recent-8k" table="directory" seconds=6.9776e-5 stage="public_setup"
2026-09-09T19:32:04.995198Z DEBUG transparent_shard_server::runtime: runtime stage key=("ca7afe810c988a8b4b561668f3456a9f38d1fdbb0776614e07ddfeb1a2132000", Directory, 0) seconds=0.73317482 stage="disk_save"
2026-09-09T19:32:04.995296Z DEBUG transparent_shard_server::runtime: runtime stage key=("73d46a59d0d03d7616f9a47e53b50448d4c5a3504e6e296600d8884c8c4403b8", Directory, 0) seconds=2.018e-6 stage="restore_slot"
2026-09-09T19:32:04.995435Z DEBUG transparent_shard_server::runtime: runtime stage key=("73d46a59d0d03d7616f9a47e53b50448d4c5a3504e6e296600d8884c8c4403b8", Directory, 0) seconds=3.2128e-5 hit=false stage="disk_restore"
2026-09-09T19:32:05.573193Z DEBUG transparent_shard_server::runtime: construction stage geometry="recent-8k" table="directory" seconds=0.837193471 stage="hint_columns"
2026-09-09T19:32:05.575777Z DEBUG transparent_shard_server::runtime: construction stage geometry="recent-8k" table="pages" seconds=2.630809984 stage="pack_preprocessing"
2026-09-09T19:32:05.576043Z DEBUG transparent_shard_server::runtime: construction stage geometry="recent-8k" table="pages" seconds=0.000235281 stage="publish_parameters"
2026-09-09T19:32:05.576840Z DEBUG transparent_shard_server::runtime: runtime stage key=("ca7afe810c988a8b4b561668f3456a9f38d1fdbb0776614e07ddfeb1a2132000", Pages, 0) seconds=3.796940979 stage="runtime_build"
2026-09-09T19:32:05.576870Z DEBUG transparent_shard_server::runtime: runtime stage key=("ca7afe810c988a8b4b561668f3456a9f38d1fdbb0776614e07ddfeb1a2132000", Pages, 0) reserved_bytes=136314880 stage="serialization_handoff"
2026-09-09T19:32:05.579222Z DEBUG transparent_shard_server::runtime: runtime stage key=("95df7205357fe2d9c962d2b41daded841e05afa7b6fc8d06dfec46ad04e15335", Pages, 0) seconds=3.183720585 stage="build_slot"
2026-09-09T19:32:05.579310Z DEBUG transparent_shard_server::memory: cold build admission wait seconds=7.3572e-5 admitted=true
2026-09-09T19:32:05.721512Z DEBUG transparent_shard_server::runtime: runtime stage key=("95df7205357fe2d9c962d2b41daded841e05afa7b6fc8d06dfec46ad04e15335", Pages, 0) seconds=0.142046223 stage="source_load"
2026-09-09T19:32:06.019407Z DEBUG transparent_shard_server::runtime: construction stage geometry="recent-8k" table="pages" seconds=0.297863302 stage="encode_database"
2026-09-09T19:32:06.019514Z DEBUG transparent_shard_server::runtime: construction stage geometry="recent-8k" table="pages" seconds=7.3783e-5 stage="public_setup"
2026-09-09T19:32:06.485116Z DEBUG transparent_shard_server::runtime: runtime stage key=("ca7afe810c988a8b4b561668f3456a9f38d1fdbb0776614e07ddfeb1a2132000", Pages, 0) seconds=0.908239357 stage="disk_save"
2026-09-09T19:32:06.485210Z DEBUG transparent_shard_server::runtime: runtime stage key=("73d46a59d0d03d7616f9a47e53b50448d4c5a3504e6e296600d8884c8c4403b8", Pages, 0) seconds=1.807e-6 stage="restore_slot"
2026-09-09T19:32:06.485346Z DEBUG transparent_shard_server::runtime: runtime stage key=("73d46a59d0d03d7616f9a47e53b50448d4c5a3504e6e296600d8884c8c4403b8", Pages, 0) seconds=4.4333e-5 hit=false stage="disk_restore"
2026-09-09T19:32:06.838365Z DEBUG transparent_shard_server::runtime: construction stage geometry="recent-8k" table="pages" seconds=0.818844042 stage="hint_columns"
2026-09-09T19:32:08.056701Z DEBUG transparent_shard_server::runtime: construction stage geometry="recent-8k" table="directory" seconds=2.483461172 stage="pack_preprocessing"
2026-09-09T19:32:08.057004Z DEBUG transparent_shard_server::runtime: construction stage geometry="recent-8k" table="directory" seconds=0.000248035 stage="publish_parameters"
2026-09-09T19:32:08.057663Z DEBUG transparent_shard_server::runtime: runtime stage key=("95df7205357fe2d9c962d2b41daded841e05afa7b6fc8d06dfec46ad04e15335", Directory, 0) seconds=3.618687773 stage="runtime_build"
2026-09-09T19:32:08.057691Z DEBUG transparent_shard_server::runtime: runtime stage key=("95df7205357fe2d9c962d2b41daded841e05afa7b6fc8d06dfec46ad04e15335", Directory, 0) reserved_bytes=136314880 stage="serialization_handoff"
2026-09-09T19:32:08.057756Z DEBUG transparent_shard_server::runtime: runtime stage key=("73d46a59d0d03d7616f9a47e53b50448d4c5a3504e6e296600d8884c8c4403b8", Directory, 0) seconds=3.062297548 stage="build_slot"
2026-09-09T19:32:08.057856Z DEBUG transparent_shard_server::memory: cold build admission wait seconds=7.8482e-5 admitted=true
2026-09-09T19:32:08.272507Z DEBUG transparent_shard_server::runtime: runtime stage key=("73d46a59d0d03d7616f9a47e53b50448d4c5a3504e6e296600d8884c8c4403b8", Directory, 0) seconds=0.214633966 stage="source_load"
2026-09-09T19:32:08.574355Z DEBUG transparent_shard_server::runtime: construction stage geometry="recent-8k" table="directory" seconds=0.301814715 stage="encode_database"
2026-09-09T19:32:08.574459Z DEBUG transparent_shard_server::runtime: construction stage geometry="recent-8k" table="directory" seconds=7.4263e-5 stage="public_setup"
2026-09-09T19:32:08.792407Z DEBUG transparent_shard_server::runtime: runtime stage key=("95df7205357fe2d9c962d2b41daded841e05afa7b6fc8d06dfec46ad04e15335", Directory, 0) seconds=0.734708831 stage="disk_save"
2026-09-09T19:32:08.794221Z DEBUG transparent_shard_server::runtime: runtime stage key=("b16be2933ab920bc4745ea8917e5167a7a685c211e0b4febe88b4d3018f970bc", Directory, 0) seconds=2.384e-6 stage="restore_slot"
2026-09-09T19:32:08.794410Z DEBUG transparent_shard_server::runtime: runtime stage key=("b16be2933ab920bc4745ea8917e5167a7a685c211e0b4febe88b4d3018f970bc", Directory, 0) seconds=4.6754e-5 hit=false stage="disk_restore"
2026-09-09T19:32:09.439453Z DEBUG transparent_shard_server::runtime: construction stage geometry="recent-8k" table="directory" seconds=0.864985771 stage="hint_columns"
2026-09-09T19:32:09.442142Z DEBUG transparent_shard_server::runtime: construction stage geometry="recent-8k" table="pages" seconds=2.603735252 stage="pack_preprocessing"
2026-09-09T19:32:09.442432Z DEBUG transparent_shard_server::runtime: construction stage geometry="recent-8k" table="pages" seconds=0.000236438 stage="publish_parameters"
2026-09-09T19:32:09.443189Z DEBUG transparent_shard_server::runtime: runtime stage key=("95df7205357fe2d9c962d2b41daded841e05afa7b6fc8d06dfec46ad04e15335", Pages, 0) seconds=3.721646798 stage="runtime_build"
2026-09-09T19:32:09.443220Z DEBUG transparent_shard_server::runtime: runtime stage key=("95df7205357fe2d9c962d2b41daded841e05afa7b6fc8d06dfec46ad04e15335", Pages, 0) reserved_bytes=136314880 stage="serialization_handoff"
2026-09-09T19:32:09.446214Z DEBUG transparent_shard_server::runtime: runtime stage key=("73d46a59d0d03d7616f9a47e53b50448d4c5a3504e6e296600d8884c8c4403b8", Pages, 0) seconds=2.9608326910000002 stage="build_slot"
2026-09-09T19:32:09.446326Z DEBUG transparent_shard_server::memory: cold build admission wait seconds=8.2158e-5 admitted=true
2026-09-09T19:32:09.584345Z DEBUG transparent_shard_server::runtime: runtime stage key=("73d46a59d0d03d7616f9a47e53b50448d4c5a3504e6e296600d8884c8c4403b8", Pages, 0) seconds=0.137884483 stage="source_load"
2026-09-09T19:32:09.878942Z DEBUG transparent_shard_server::runtime: construction stage geometry="recent-8k" table="pages" seconds=0.294560632 stage="encode_database"
2026-09-09T19:32:09.879046Z DEBUG transparent_shard_server::runtime: construction stage geometry="recent-8k" table="pages" seconds=6.9118e-5 stage="public_setup"
2026-09-09T19:32:10.350213Z DEBUG transparent_shard_server::runtime: runtime stage key=("95df7205357fe2d9c962d2b41daded841e05afa7b6fc8d06dfec46ad04e15335", Pages, 0) seconds=0.906986628 stage="disk_save"
2026-09-09T19:32:10.350309Z DEBUG transparent_shard_server::runtime: runtime stage key=("b16be2933ab920bc4745ea8917e5167a7a685c211e0b4febe88b4d3018f970bc", Pages, 0) seconds=2.357e-6 stage="restore_slot"
2026-09-09T19:32:10.350452Z DEBUG transparent_shard_server::runtime: runtime stage key=("b16be2933ab920bc4745ea8917e5167a7a685c211e0b4febe88b4d3018f970bc", Pages, 0) seconds=3.3969e-5 hit=false stage="disk_restore"
2026-09-09T19:32:10.703199Z DEBUG transparent_shard_server::runtime: construction stage geometry="recent-8k" table="pages" seconds=0.824146585 stage="hint_columns"
2026-09-09T19:32:11.919762Z DEBUG transparent_shard_server::runtime: construction stage geometry="recent-8k" table="directory" seconds=2.48026107 stage="pack_preprocessing"
2026-09-09T19:32:11.920051Z DEBUG transparent_shard_server::runtime: construction stage geometry="recent-8k" table="directory" seconds=0.000247101 stage="publish_parameters"
2026-09-09T19:32:11.923764Z DEBUG transparent_shard_server::runtime: runtime stage key=("73d46a59d0d03d7616f9a47e53b50448d4c5a3504e6e296600d8884c8c4403b8", Directory, 0) seconds=3.6512237 stage="runtime_build"
2026-09-09T19:32:11.923834Z DEBUG transparent_shard_server::runtime: runtime stage key=("b16be2933ab920bc4745ea8917e5167a7a685c211e0b4febe88b4d3018f970bc", Directory, 0) seconds=3.129391474 stage="build_slot"
2026-09-09T19:32:11.923923Z DEBUG transparent_shard_server::memory: cold build admission wait seconds=8.4549e-5 admitted=true
2026-09-09T19:32:11.923952Z DEBUG transparent_shard_server::runtime: runtime stage key=("73d46a59d0d03d7616f9a47e53b50448d4c5a3504e6e296600d8884c8c4403b8", Directory, 0) reserved_bytes=136314880 stage="serialization_handoff"
2026-09-09T19:32:12.110498Z DEBUG transparent_shard_server::runtime: runtime stage key=("b16be2933ab920bc4745ea8917e5167a7a685c211e0b4febe88b4d3018f970bc", Directory, 0) seconds=0.18654272 stage="source_load"
2026-09-09T19:32:12.416454Z DEBUG transparent_shard_server::runtime: construction stage geometry="recent-8k" table="directory" seconds=0.305921569 stage="encode_database"
2026-09-09T19:32:12.416566Z DEBUG transparent_shard_server::runtime: construction stage geometry="recent-8k" table="directory" seconds=7.5418e-5 stage="public_setup"
2026-09-09T19:32:12.901196Z DEBUG transparent_shard_server::runtime: runtime stage key=("73d46a59d0d03d7616f9a47e53b50448d4c5a3504e6e296600d8884c8c4403b8", Directory, 0) seconds=0.977225814 stage="disk_save"
2026-09-09T19:32:12.901270Z DEBUG transparent_shard_server::runtime: runtime stage key=("16b8227360ce35dd2e111156f5e31fd5eb500ff877879a212fef6cf8471de8a5", Directory, 0) seconds=1.762e-6 stage="restore_slot"
2026-09-09T19:32:12.901403Z DEBUG transparent_shard_server::runtime: runtime stage key=("16b8227360ce35dd2e111156f5e31fd5eb500ff877879a212fef6cf8471de8a5", Directory, 0) seconds=4.2987e-5 hit=false stage="disk_restore"
2026-09-09T19:32:13.294568Z DEBUG transparent_shard_server::runtime: construction stage geometry="recent-8k" table="directory" seconds=0.877994553 stage="hint_columns"
2026-09-09T19:32:13.297189Z DEBUG transparent_shard_server::runtime: construction stage geometry="recent-8k" table="pages" seconds=2.593944215 stage="pack_preprocessing"
2026-09-09T19:32:13.297463Z DEBUG transparent_shard_server::runtime: construction stage geometry="recent-8k" table="pages" seconds=0.000247086 stage="publish_parameters"
2026-09-09T19:32:13.298195Z DEBUG transparent_shard_server::runtime: runtime stage key=("73d46a59d0d03d7616f9a47e53b50448d4c5a3504e6e296600d8884c8c4403b8", Pages, 0) seconds=3.713814911 stage="runtime_build"
2026-09-09T19:32:13.298220Z DEBUG transparent_shard_server::runtime: runtime stage key=("73d46a59d0d03d7616f9a47e53b50448d4c5a3504e6e296600d8884c8c4403b8", Pages, 0) reserved_bytes=136314880 stage="serialization_handoff"
2026-09-09T19:32:13.298267Z DEBUG transparent_shard_server::runtime: runtime stage key=("b16be2933ab920bc4745ea8917e5167a7a685c211e0b4febe88b4d3018f970bc", Pages, 0) seconds=2.947774865 stage="build_slot"
2026-09-09T19:32:13.298376Z DEBUG transparent_shard_server::memory: cold build admission wait seconds=9.3587e-5 admitted=true
2026-09-09T19:32:13.436367Z DEBUG transparent_shard_server::runtime: runtime stage key=("b16be2933ab920bc4745ea8917e5167a7a685c211e0b4febe88b4d3018f970bc", Pages, 0) seconds=0.137972542 stage="source_load"
2026-09-09T19:32:13.731302Z DEBUG transparent_shard_server::runtime: construction stage geometry="recent-8k" table="pages" seconds=0.294900887 stage="encode_database"
2026-09-09T19:32:13.731411Z DEBUG transparent_shard_server::runtime: construction stage geometry="recent-8k" table="pages" seconds=7.5625e-5 stage="public_setup"
2026-09-09T19:32:14.030207Z DEBUG transparent_shard_server::runtime: runtime stage key=("73d46a59d0d03d7616f9a47e53b50448d4c5a3504e6e296600d8884c8c4403b8", Pages, 0) seconds=0.731980988 stage="disk_save"
2026-09-09T19:32:14.032212Z DEBUG transparent_shard_server::runtime: runtime stage key=("16b8227360ce35dd2e111156f5e31fd5eb500ff877879a212fef6cf8471de8a5", Pages, 0) seconds=2.118e-6 stage="restore_slot"
2026-09-09T19:32:14.032388Z DEBUG transparent_shard_server::runtime: runtime stage key=("16b8227360ce35dd2e111156f5e31fd5eb500ff877879a212fef6cf8471de8a5", Pages, 0) seconds=4.6489e-5 hit=false stage="disk_restore"
2026-09-09T19:32:14.563437Z DEBUG transparent_shard_server::runtime: construction stage geometry="recent-8k" table="pages" seconds=0.832019017 stage="hint_columns"
2026-09-09T19:32:15.767448Z DEBUG transparent_shard_server::runtime: construction stage geometry="recent-8k" table="directory" seconds=2.472834781 stage="pack_preprocessing"
2026-09-09T19:32:15.767756Z DEBUG transparent_shard_server::runtime: construction stage geometry="recent-8k" table="directory" seconds=0.000257632 stage="publish_parameters"
2026-09-09T19:32:15.768467Z DEBUG transparent_shard_server::runtime: runtime stage key=("b16be2933ab920bc4745ea8917e5167a7a685c211e0b4febe88b4d3018f970bc", Directory, 0) seconds=3.657936814 stage="runtime_build"
2026-09-09T19:32:15.768497Z DEBUG transparent_shard_server::runtime: runtime stage key=("b16be2933ab920bc4745ea8917e5167a7a685c211e0b4febe88b4d3018f970bc", Directory, 0) reserved_bytes=136314880 stage="serialization_handoff"
2026-09-09T19:32:15.768529Z DEBUG transparent_shard_server::runtime: runtime stage key=("16b8227360ce35dd2e111156f5e31fd5eb500ff877879a212fef6cf8471de8a5", Directory, 0) seconds=2.867086715 stage="build_slot"
2026-09-09T19:32:15.768627Z DEBUG transparent_shard_server::memory: cold build admission wait seconds=7.8352e-5 admitted=true
2026-09-09T19:32:15.960618Z DEBUG transparent_shard_server::runtime: runtime stage key=("16b8227360ce35dd2e111156f5e31fd5eb500ff877879a212fef6cf8471de8a5", Directory, 0) seconds=0.191955445 stage="source_load"
2026-09-09T19:32:16.255675Z DEBUG transparent_shard_server::runtime: construction stage geometry="recent-8k" table="directory" seconds=0.295023657 stage="encode_database"
2026-09-09T19:32:16.255776Z DEBUG transparent_shard_server::runtime: construction stage geometry="recent-8k" table="directory" seconds=7.1366e-5 stage="public_setup"
2026-09-09T19:32:16.510209Z DEBUG transparent_shard_server::runtime: runtime stage key=("b16be2933ab920bc4745ea8917e5167a7a685c211e0b4febe88b4d3018f970bc", Directory, 0) seconds=0.741704305 stage="disk_save"
2026-09-09T19:32:16.510301Z DEBUG transparent_shard_server::runtime: runtime stage key=("1cd27964911287b2a127c1f8df5e6b0c19f5b4db309391c5adb2db3072bfec6e", Directory, 0) seconds=1.692e-6 stage="restore_slot"
2026-09-09T19:32:16.510447Z DEBUG transparent_shard_server::runtime: runtime stage key=("1cd27964911287b2a127c1f8df5e6b0c19f5b4db309391c5adb2db3072bfec6e", Directory, 0) seconds=3.3835e-5 hit=false stage="disk_restore"
2026-09-09T19:32:16.981243Z DEBUG transparent_shard_server::runtime: construction stage geometry="recent-8k" table="pages" seconds=2.417762031 stage="pack_preprocessing"
2026-09-09T19:32:16.981528Z DEBUG transparent_shard_server::runtime: construction stage geometry="recent-8k" table="pages" seconds=0.00024601 stage="publish_parameters"
2026-09-09T19:32:16.985368Z DEBUG transparent_shard_server::runtime: runtime stage key=("b16be2933ab920bc4745ea8917e5167a7a685c211e0b4febe88b4d3018f970bc", Pages, 0) seconds=3.548967808 stage="runtime_build"
2026-09-09T19:32:16.985405Z DEBUG transparent_shard_server::runtime: runtime stage key=("b16be2933ab920bc4745ea8917e5167a7a685c211e0b4febe88b4d3018f970bc", Pages, 0) reserved_bytes=136314880 stage="serialization_handoff"
2026-09-09T19:32:16.988203Z DEBUG transparent_shard_server::runtime: runtime stage key=("16b8227360ce35dd2e111156f5e31fd5eb500ff877879a212fef6cf8471de8a5", Pages, 0) seconds=2.95577345 stage="build_slot"
2026-09-09T19:32:16.988307Z DEBUG transparent_shard_server::memory: cold build admission wait seconds=8.7555e-5 admitted=true
2026-09-09T19:32:17.235212Z DEBUG transparent_shard_server::runtime: construction stage geometry="recent-8k" table="directory" seconds=0.979428981 stage="hint_columns"
2026-09-09T19:32:17.242069Z DEBUG transparent_shard_server::runtime: runtime stage key=("16b8227360ce35dd2e111156f5e31fd5eb500ff877879a212fef6cf8471de8a5", Pages, 0) seconds=0.253728535 stage="source_load"
2026-09-09T19:32:17.546654Z DEBUG transparent_shard_server::runtime: construction stage geometry="recent-8k" table="pages" seconds=0.30454923 stage="encode_database"
2026-09-09T19:32:17.546756Z DEBUG transparent_shard_server::runtime: construction stage geometry="recent-8k" table="pages" seconds=7.3415e-5 stage="public_setup"
2026-09-09T19:32:17.848508Z DEBUG transparent_shard_server::runtime: runtime stage key=("b16be2933ab920bc4745ea8917e5167a7a685c211e0b4febe88b4d3018f970bc", Pages, 0) seconds=0.863095434 stage="disk_save"
2026-09-09T19:32:17.848585Z DEBUG transparent_shard_server::runtime: runtime stage key=("1cd27964911287b2a127c1f8df5e6b0c19f5b4db309391c5adb2db3072bfec6e", Pages, 0) seconds=2.01e-6 stage="restore_slot"
2026-09-09T19:32:17.848751Z DEBUG transparent_shard_server::runtime: runtime stage key=("1cd27964911287b2a127c1f8df5e6b0c19f5b4db309391c5adb2db3072bfec6e", Pages, 0) seconds=4.1659e-5 hit=false stage="disk_restore"
2026-09-09T19:32:18.416192Z DEBUG transparent_shard_server::runtime: construction stage geometry="recent-8k" table="pages" seconds=0.869429004 stage="hint_columns"
2026-09-09T19:32:19.594894Z DEBUG transparent_shard_server::runtime: construction stage geometry="recent-8k" table="directory" seconds=2.359640844 stage="pack_preprocessing"
2026-09-09T19:32:19.598019Z DEBUG transparent_shard_server::runtime: construction stage geometry="recent-8k" table="directory" seconds=0.003080689 stage="publish_parameters"
2026-09-09T19:32:19.598797Z DEBUG transparent_shard_server::runtime: runtime stage key=("16b8227360ce35dd2e111156f5e31fd5eb500ff877879a212fef6cf8471de8a5", Directory, 0) seconds=3.638146736 stage="runtime_build"
2026-09-09T19:32:19.598825Z DEBUG transparent_shard_server::runtime: runtime stage key=("16b8227360ce35dd2e111156f5e31fd5eb500ff877879a212fef6cf8471de8a5", Directory, 0) reserved_bytes=136314880 stage="serialization_handoff"
2026-09-09T19:32:19.598871Z DEBUG transparent_shard_server::runtime: runtime stage key=("1cd27964911287b2a127c1f8df5e6b0c19f5b4db309391c5adb2db3072bfec6e", Directory, 0) seconds=3.088404209 stage="build_slot"
2026-09-09T19:32:19.598976Z DEBUG transparent_shard_server::memory: cold build admission wait seconds=8.3823e-5 admitted=true
2026-09-09T19:32:19.793869Z DEBUG transparent_shard_server::runtime: runtime stage key=("1cd27964911287b2a127c1f8df5e6b0c19f5b4db309391c5adb2db3072bfec6e", Directory, 0) seconds=0.194874814 stage="source_load"
2026-09-09T19:32:20.098765Z DEBUG transparent_shard_server::runtime: construction stage geometry="recent-8k" table="directory" seconds=0.304862237 stage="encode_database"
2026-09-09T19:32:20.098883Z DEBUG transparent_shard_server::runtime: construction stage geometry="recent-8k" table="directory" seconds=8.3803e-5 stage="public_setup"
2026-09-09T19:32:20.547077Z DEBUG transparent_shard_server::runtime: runtime stage key=("16b8227360ce35dd2e111156f5e31fd5eb500ff877879a212fef6cf8471de8a5", Directory, 0) seconds=0.948245251 stage="disk_save"
2026-09-09T19:32:20.547192Z DEBUG transparent_shard_server::runtime: runtime stage key=("27f56c565263ecffb8c7736d4e811665d81bf4ed71c7978431fcc4f45b645ee1", Directory, 0) seconds=2.382e-6 stage="restore_slot"
2026-09-09T19:32:20.547311Z DEBUG transparent_shard_server::runtime: runtime stage key=("27f56c565263ecffb8c7736d4e811665d81bf4ed71c7978431fcc4f45b645ee1", Directory, 0) seconds=3.0052e-5 hit=false stage="disk_restore"
2026-09-09T19:32:20.682784Z DEBUG transparent_shard_server::runtime: construction stage geometry="recent-8k" table="pages" seconds=2.266550823 stage="pack_preprocessing"
2026-09-09T19:32:20.683080Z DEBUG transparent_shard_server::runtime: construction stage geometry="recent-8k" table="pages" seconds=0.000256806 stage="publish_parameters"
2026-09-09T19:32:20.689050Z DEBUG transparent_shard_server::runtime: runtime stage key=("16b8227360ce35dd2e111156f5e31fd5eb500ff877879a212fef6cf8471de8a5", Pages, 0) seconds=3.446946368 stage="runtime_build"
2026-09-09T19:32:20.689093Z DEBUG transparent_shard_server::runtime: runtime stage key=("16b8227360ce35dd2e111156f5e31fd5eb500ff877879a212fef6cf8471de8a5", Pages, 0) reserved_bytes=136314880 stage="serialization_handoff"
2026-09-09T19:32:20.689116Z DEBUG transparent_shard_server::runtime: runtime stage key=("1cd27964911287b2a127c1f8df5e6b0c19f5b4db309391c5adb2db3072bfec6e", Pages, 0) seconds=2.840342451 stage="build_slot"
2026-09-09T19:32:20.689218Z DEBUG transparent_shard_server::memory: cold build admission wait seconds=8.4066e-5 admitted=true
2026-09-09T19:32:20.961122Z DEBUG transparent_shard_server::runtime: runtime stage key=("1cd27964911287b2a127c1f8df5e6b0c19f5b4db309391c5adb2db3072bfec6e", Pages, 0) seconds=0.271863442 stage="source_load"
2026-09-09T19:32:21.097192Z DEBUG transparent_shard_server::runtime: construction stage geometry="recent-8k" table="directory" seconds=0.998300783 stage="hint_columns"
2026-09-09T19:32:21.337379Z DEBUG transparent_shard_server::runtime: construction stage geometry="recent-8k" table="pages" seconds=0.37620321 stage="encode_database"
2026-09-09T19:32:21.337490Z DEBUG transparent_shard_server::runtime: construction stage geometry="recent-8k" table="pages" seconds=7.7428e-5 stage="public_setup"
2026-09-09T19:32:21.625210Z DEBUG transparent_shard_server::runtime: runtime stage key=("16b8227360ce35dd2e111156f5e31fd5eb500ff877879a212fef6cf8471de8a5", Pages, 0) seconds=0.936110605 stage="disk_save"
2026-09-09T19:32:21.625305Z DEBUG transparent_shard_server::runtime: runtime stage key=("27f56c565263ecffb8c7736d4e811665d81bf4ed71c7978431fcc4f45b645ee1", Pages, 0) seconds=1.88e-6 stage="restore_slot"
2026-09-09T19:32:21.625451Z DEBUG transparent_shard_server::runtime: runtime stage key=("27f56c565263ecffb8c7736d4e811665d81bf4ed71c7978431fcc4f45b645ee1", Pages, 0) seconds=2.8691e-5 hit=false stage="disk_restore"
2026-09-09T19:32:22.226250Z DEBUG transparent_shard_server::runtime: construction stage geometry="recent-8k" table="pages" seconds=0.888733871 stage="hint_columns"
2026-09-09T19:32:23.486290Z DEBUG transparent_shard_server::runtime: construction stage geometry="recent-8k" table="directory" seconds=2.389059866 stage="pack_preprocessing"
2026-09-09T19:32:23.486579Z DEBUG transparent_shard_server::runtime: construction stage geometry="recent-8k" table="directory" seconds=0.00024691 stage="publish_parameters"
2026-09-09T19:32:23.491305Z DEBUG transparent_shard_server::runtime: runtime stage key=("1cd27964911287b2a127c1f8df5e6b0c19f5b4db309391c5adb2db3072bfec6e", Directory, 0) seconds=3.6974019670000002 stage="runtime_build"
2026-09-09T19:32:23.491367Z DEBUG transparent_shard_server::runtime: runtime stage key=("27f56c565263ecffb8c7736d4e811665d81bf4ed71c7978431fcc4f45b645ee1", Directory, 0) seconds=2.941198649 stage="build_slot"
2026-09-09T19:32:23.491455Z DEBUG transparent_shard_server::memory: cold build admission wait seconds=8.3301e-5 admitted=true
2026-09-09T19:32:23.491483Z DEBUG transparent_shard_server::runtime: runtime stage key=("1cd27964911287b2a127c1f8df5e6b0c19f5b4db309391c5adb2db3072bfec6e", Directory, 0) reserved_bytes=136314880 stage="serialization_handoff"
2026-09-09T19:32:23.639475Z DEBUG transparent_shard_server::runtime: runtime stage key=("27f56c565263ecffb8c7736d4e811665d81bf4ed71c7978431fcc4f45b645ee1", Directory, 0) seconds=0.147989566 stage="source_load"
2026-09-09T19:32:23.944048Z DEBUG transparent_shard_server::runtime: construction stage geometry="recent-8k" table="directory" seconds=0.304538003 stage="encode_database"
2026-09-09T19:32:23.944164Z DEBUG transparent_shard_server::runtime: construction stage geometry="recent-8k" table="directory" seconds=7.6659e-5 stage="public_setup"
2026-09-09T19:32:24.423544Z DEBUG transparent_shard_server::runtime: runtime stage key=("1cd27964911287b2a127c1f8df5e6b0c19f5b4db309391c5adb2db3072bfec6e", Directory, 0) seconds=0.932054347 stage="disk_save"
2026-09-09T19:32:24.423649Z DEBUG transparent_shard_server::runtime: runtime stage key=("ced665ae1f1140944bcd0c9aa2b83c1019df768df87fa513f9509106fc5b88c1", Directory, 0) seconds=1.872e-6 stage="restore_slot"
2026-09-09T19:32:24.423787Z DEBUG transparent_shard_server::runtime: runtime stage key=("ced665ae1f1140944bcd0c9aa2b83c1019df768df87fa513f9509106fc5b88c1", Directory, 0) seconds=2.9584e-5 hit=false stage="disk_restore"
2026-09-09T19:32:24.470855Z DEBUG transparent_shard_server::runtime: construction stage geometry="recent-8k" table="pages" seconds=2.244557509 stage="pack_preprocessing"
2026-09-09T19:32:24.471183Z DEBUG transparent_shard_server::runtime: construction stage geometry="recent-8k" table="pages" seconds=0.000267337 stage="publish_parameters"
2026-09-09T19:32:24.474957Z DEBUG transparent_shard_server::runtime: runtime stage key=("1cd27964911287b2a127c1f8df5e6b0c19f5b4db309391c5adb2db3072bfec6e", Pages, 0) seconds=3.513781178 stage="runtime_build"
2026-09-09T19:32:24.475014Z DEBUG transparent_shard_server::runtime: runtime stage key=("1cd27964911287b2a127c1f8df5e6b0c19f5b4db309391c5adb2db3072bfec6e", Pages, 0) reserved_bytes=136314880 stage="serialization_handoff"
2026-09-09T19:32:24.475057Z DEBUG transparent_shard_server::runtime: runtime stage key=("27f56c565263ecffb8c7736d4e811665d81bf4ed71c7978431fcc4f45b645ee1", Pages, 0) seconds=2.849586261 stage="build_slot"
2026-09-09T19:32:24.475188Z DEBUG transparent_shard_server::memory: cold build admission wait seconds=0.000111346 admitted=true
2026-09-09T19:32:24.749676Z DEBUG transparent_shard_server::runtime: runtime stage key=("27f56c565263ecffb8c7736d4e811665d81bf4ed71c7978431fcc4f45b645ee1", Pages, 0) seconds=0.27445271 stage="source_load"
2026-09-09T19:32:24.907256Z DEBUG transparent_shard_server::runtime: construction stage geometry="recent-8k" table="directory" seconds=0.963085051 stage="hint_columns"
2026-09-09T19:32:25.122797Z DEBUG transparent_shard_server::runtime: construction stage geometry="recent-8k" table="pages" seconds=0.373079657 stage="encode_database"
2026-09-09T19:32:25.122921Z DEBUG transparent_shard_server::runtime: construction stage geometry="recent-8k" table="pages" seconds=9.0541e-5 stage="public_setup"
2026-09-09T19:32:25.418484Z DEBUG transparent_shard_server::runtime: runtime stage key=("1cd27964911287b2a127c1f8df5e6b0c19f5b4db309391c5adb2db3072bfec6e", Pages, 0) seconds=0.943462729 stage="disk_save"
2026-09-09T19:32:25.418576Z DEBUG transparent_shard_server::runtime: runtime stage key=("ced665ae1f1140944bcd0c9aa2b83c1019df768df87fa513f9509106fc5b88c1", Pages, 0) seconds=2.066e-6 stage="restore_slot"
2026-09-09T19:32:25.418741Z DEBUG transparent_shard_server::runtime: runtime stage key=("ced665ae1f1140944bcd0c9aa2b83c1019df768df87fa513f9509106fc5b88c1", Pages, 0) seconds=4.1849e-5 hit=false stage="disk_restore"
2026-09-09T19:32:26.011689Z DEBUG transparent_shard_server::runtime: construction stage geometry="recent-8k" table="pages" seconds=0.888760754 stage="hint_columns"
2026-09-09T19:32:27.208984Z DEBUG transparent_shard_server::runtime: construction stage geometry="recent-8k" table="directory" seconds=2.301682603 stage="pack_preprocessing"
2026-09-09T19:32:27.209281Z DEBUG transparent_shard_server::runtime: construction stage geometry="recent-8k" table="directory" seconds=0.000254417 stage="publish_parameters"
2026-09-09T19:32:27.210034Z DEBUG transparent_shard_server::runtime: runtime stage key=("27f56c565263ecffb8c7736d4e811665d81bf4ed71c7978431fcc4f45b645ee1", Directory, 0) seconds=3.570524761 stage="runtime_build"
2026-09-09T19:32:27.210064Z DEBUG transparent_shard_server::runtime: runtime stage key=("27f56c565263ecffb8c7736d4e811665d81bf4ed71c7978431fcc4f45b645ee1", Directory, 0) reserved_bytes=136314880 stage="serialization_handoff"
2026-09-09T19:32:27.210141Z DEBUG transparent_shard_server::runtime: runtime stage key=("ced665ae1f1140944bcd0c9aa2b83c1019df768df87fa513f9509106fc5b88c1", Directory, 0) seconds=2.786328364 stage="build_slot"
2026-09-09T19:32:27.210294Z DEBUG transparent_shard_server::memory: cold build admission wait seconds=0.000123222 admitted=true
2026-09-09T19:32:27.359376Z DEBUG transparent_shard_server::runtime: runtime stage key=("ced665ae1f1140944bcd0c9aa2b83c1019df768df87fa513f9509106fc5b88c1", Directory, 0) seconds=0.149045243 stage="source_load"
2026-09-09T19:32:27.666673Z DEBUG transparent_shard_server::runtime: construction stage geometry="recent-8k" table="directory" seconds=0.307253088 stage="encode_database"
2026-09-09T19:32:27.666780Z DEBUG transparent_shard_server::runtime: construction stage geometry="recent-8k" table="directory" seconds=7.4796e-5 stage="public_setup"
2026-09-09T19:32:28.017348Z DEBUG transparent_shard_server::runtime: runtime stage key=("27f56c565263ecffb8c7736d4e811665d81bf4ed71c7978431fcc4f45b645ee1", Directory, 0) seconds=0.807277726 stage="disk_save"
2026-09-09T19:32:28.020207Z DEBUG transparent_shard_server::runtime: runtime stage key=("2d4497bf9e8bafc6139ee4e57114238a7ecfa0782702939922bf2a79b1fe05bf", Directory, 0) seconds=2.307e-6 stage="restore_slot"
2026-09-09T19:32:28.020379Z DEBUG transparent_shard_server::runtime: runtime stage key=("2d4497bf9e8bafc6139ee4e57114238a7ecfa0782702939922bf2a79b1fe05bf", Directory, 0) seconds=2.5083e-5 hit=false stage="disk_restore"
2026-09-09T19:32:28.611320Z DEBUG transparent_shard_server::runtime: construction stage geometry="recent-8k" table="directory" seconds=0.944533018 stage="hint_columns"
2026-09-09T19:32:28.613844Z DEBUG transparent_shard_server::runtime: construction stage geometry="recent-8k" table="pages" seconds=2.602111068 stage="pack_preprocessing"
2026-09-09T19:32:28.614169Z DEBUG transparent_shard_server::runtime: construction stage geometry="recent-8k" table="pages" seconds=0.000296939 stage="publish_parameters"
2026-09-09T19:32:28.614839Z DEBUG transparent_shard_server::runtime: runtime stage key=("27f56c565263ecffb8c7736d4e811665d81bf4ed71c7978431fcc4f45b645ee1", Pages, 0) seconds=3.865123473 stage="runtime_build"
2026-09-09T19:32:28.614868Z DEBUG transparent_shard_server::runtime: runtime stage key=("27f56c565263ecffb8c7736d4e811665d81bf4ed71c7978431fcc4f45b645ee1", Pages, 0) reserved_bytes=136314880 stage="serialization_handoff"
2026-09-09T19:32:28.614911Z DEBUG transparent_shard_server::runtime: runtime stage key=("ced665ae1f1140944bcd0c9aa2b83c1019df768df87fa513f9509106fc5b88c1", Pages, 0) seconds=3.196149864 stage="build_slot"
2026-09-09T19:32:28.615002Z DEBUG transparent_shard_server::memory: cold build admission wait seconds=7.6756e-5 admitted=true
2026-09-09T19:32:28.752459Z DEBUG transparent_shard_server::runtime: runtime stage key=("ced665ae1f1140944bcd0c9aa2b83c1019df768df87fa513f9509106fc5b88c1", Pages, 0) seconds=0.137427824 stage="source_load"
2026-09-09T19:32:29.056190Z DEBUG transparent_shard_server::runtime: construction stage geometry="recent-8k" table="pages" seconds=0.303698393 stage="encode_database"
2026-09-09T19:32:29.056326Z DEBUG transparent_shard_server::runtime: construction stage geometry="recent-8k" table="pages" seconds=0.000103159 stage="public_setup"
2026-09-09T19:32:29.340304Z DEBUG transparent_shard_server::runtime: runtime stage key=("27f56c565263ecffb8c7736d4e811665d81bf4ed71c7978431fcc4f45b645ee1", Pages, 0) seconds=0.725429391 stage="disk_save"
2026-09-09T19:32:29.342221Z DEBUG transparent_shard_server::runtime: runtime stage key=("2d4497bf9e8bafc6139ee4e57114238a7ecfa0782702939922bf2a79b1fe05bf", Pages, 0) seconds=2.147e-6 stage="restore_slot"
2026-09-09T19:32:29.342363Z DEBUG transparent_shard_server::runtime: runtime stage key=("2d4497bf9e8bafc6139ee4e57114238a7ecfa0782702939922bf2a79b1fe05bf", Pages, 0) seconds=2.6299e-5 hit=false stage="disk_restore"
2026-09-09T19:32:29.878743Z DEBUG transparent_shard_server::runtime: construction stage geometry="recent-8k" table="pages" seconds=0.822403283 stage="hint_columns"
2026-09-09T19:32:31.064130Z DEBUG transparent_shard_server::runtime: construction stage geometry="recent-8k" table="directory" seconds=2.452764183 stage="pack_preprocessing"
2026-09-09T19:32:31.064429Z DEBUG transparent_shard_server::runtime: construction stage geometry="recent-8k" table="directory" seconds=0.000247463 stage="publish_parameters"
2026-09-09T19:32:31.065186Z DEBUG transparent_shard_server::runtime: runtime stage key=("ced665ae1f1140944bcd0c9aa2b83c1019df768df87fa513f9509106fc5b88c1", Directory, 0) seconds=3.705768163 stage="runtime_build"
2026-09-09T19:32:31.065215Z DEBUG transparent_shard_server::runtime: runtime stage key=("ced665ae1f1140944bcd0c9aa2b83c1019df768df87fa513f9509106fc5b88c1", Directory, 0) reserved_bytes=136314880 stage="serialization_handoff"
2026-09-09T19:32:31.065277Z DEBUG transparent_shard_server::runtime: runtime stage key=("2d4497bf9e8bafc6139ee4e57114238a7ecfa0782702939922bf2a79b1fe05bf", Directory, 0) seconds=3.044878455 stage="build_slot"
2026-09-09T19:32:31.065385Z DEBUG transparent_shard_server::memory: cold build admission wait seconds=8.6394e-5 admitted=true
2026-09-09T19:32:31.277150Z DEBUG transparent_shard_server::runtime: runtime stage key=("2d4497bf9e8bafc6139ee4e57114238a7ecfa0782702939922bf2a79b1fe05bf", Directory, 0) seconds=0.211731151 stage="source_load"
2026-09-09T19:32:31.583195Z DEBUG transparent_shard_server::runtime: construction stage geometry="recent-8k" table="directory" seconds=0.305991761 stage="encode_database"
2026-09-09T19:32:31.583311Z DEBUG transparent_shard_server::runtime: construction stage geometry="recent-8k" table="directory" seconds=7.534e-5 stage="public_setup"
2026-09-09T19:32:31.811948Z DEBUG transparent_shard_server::runtime: runtime stage key=("ced665ae1f1140944bcd0c9aa2b83c1019df768df87fa513f9509106fc5b88c1", Directory, 0) seconds=0.746725761 stage="disk_save"
2026-09-09T19:32:31.813215Z DEBUG transparent_shard_server::runtime: runtime stage key=("a4bd72b37c0aafb265c77bb09cbc402cf69b65a87a1fabc8a0f12614b35469be", Directory, 0) seconds=1.916e-6 stage="restore_slot"
2026-09-09T19:32:31.813352Z DEBUG transparent_shard_server::runtime: runtime stage key=("a4bd72b37c0aafb265c77bb09cbc402cf69b65a87a1fabc8a0f12614b35469be", Directory, 0) seconds=2.6563e-5 hit=false stage="disk_restore"
2026-09-09T19:32:32.462046Z DEBUG transparent_shard_server::runtime: construction stage geometry="recent-8k" table="directory" seconds=0.878728084 stage="hint_columns"
2026-09-09T19:32:32.464613Z DEBUG transparent_shard_server::runtime: construction stage geometry="recent-8k" table="pages" seconds=2.585824478 stage="pack_preprocessing"
2026-09-09T19:32:32.464905Z DEBUG transparent_shard_server::runtime: construction stage geometry="recent-8k" table="pages" seconds=0.000262163 stage="publish_parameters"
2026-09-09T19:32:32.465585Z DEBUG transparent_shard_server::runtime: runtime stage key=("ced665ae1f1140944bcd0c9aa2b83c1019df768df87fa513f9509106fc5b88c1", Pages, 0) seconds=3.7130957479999998 stage="runtime_build"
2026-09-09T19:32:32.465613Z DEBUG transparent_shard_server::runtime: runtime stage key=("ced665ae1f1140944bcd0c9aa2b83c1019df768df87fa513f9509106fc5b88c1", Pages, 0) reserved_bytes=136314880 stage="serialization_handoff"
2026-09-09T19:32:32.465658Z DEBUG transparent_shard_server::runtime: runtime stage key=("2d4497bf9e8bafc6139ee4e57114238a7ecfa0782702939922bf2a79b1fe05bf", Pages, 0) seconds=3.123271339 stage="build_slot"
2026-09-09T19:32:32.465751Z DEBUG transparent_shard_server::memory: cold build admission wait seconds=7.6339e-5 admitted=true
2026-09-09T19:32:32.603609Z DEBUG transparent_shard_server::runtime: runtime stage key=("2d4497bf9e8bafc6139ee4e57114238a7ecfa0782702939922bf2a79b1fe05bf", Pages, 0) seconds=0.137825321 stage="source_load"
2026-09-09T19:32:32.907379Z DEBUG transparent_shard_server::runtime: construction stage geometry="recent-8k" table="pages" seconds=0.303735014 stage="encode_database"
2026-09-09T19:32:32.907489Z DEBUG transparent_shard_server::runtime: construction stage geometry="recent-8k" table="pages" seconds=7.0039e-5 stage="public_setup"
2026-09-09T19:32:33.227091Z DEBUG transparent_shard_server::runtime: runtime stage key=("ced665ae1f1140944bcd0c9aa2b83c1019df768df87fa513f9509106fc5b88c1", Pages, 0) seconds=0.761471216 stage="disk_save"
2026-09-09T19:32:33.232212Z DEBUG transparent_shard_server::runtime: runtime stage key=("a4bd72b37c0aafb265c77bb09cbc402cf69b65a87a1fabc8a0f12614b35469be", Pages, 0) seconds=2.506e-6 stage="restore_slot"
2026-09-09T19:32:33.232403Z DEBUG transparent_shard_server::runtime: runtime stage key=("a4bd72b37c0aafb265c77bb09cbc402cf69b65a87a1fabc8a0f12614b35469be", Pages, 0) seconds=4.3928e-5 hit=false stage="disk_restore"
2026-09-09T19:32:33.734201Z DEBUG transparent_shard_server::runtime: construction stage geometry="recent-8k" table="pages" seconds=0.826704654 stage="hint_columns"
2026-09-09T19:32:34.969061Z DEBUG transparent_shard_server::runtime: construction stage geometry="recent-8k" table="directory" seconds=2.506968269 stage="pack_preprocessing"
2026-09-09T19:32:34.969387Z DEBUG transparent_shard_server::runtime: construction stage geometry="recent-8k" table="directory" seconds=0.000280492 stage="publish_parameters"
2026-09-09T19:32:34.970117Z DEBUG transparent_shard_server::runtime: runtime stage key=("2d4497bf9e8bafc6139ee4e57114238a7ecfa0782702939922bf2a79b1fe05bf", Directory, 0) seconds=3.69291676 stage="runtime_build"
2026-09-09T19:32:34.970200Z DEBUG transparent_shard_server::runtime: runtime stage key=("a4bd72b37c0aafb265c77bb09cbc402cf69b65a87a1fabc8a0f12614b35469be", Directory, 0) seconds=3.156824391 stage="build_slot"
2026-09-09T19:32:34.970317Z DEBUG transparent_shard_server::memory: cold build admission wait seconds=8.7905e-5 admitted=true
2026-09-09T19:32:34.970158Z DEBUG transparent_shard_server::runtime: runtime stage key=("2d4497bf9e8bafc6139ee4e57114238a7ecfa0782702939922bf2a79b1fe05bf", Directory, 0) reserved_bytes=136314880 stage="serialization_handoff"
2026-09-09T19:32:35.148032Z DEBUG transparent_shard_server::runtime: runtime stage key=("a4bd72b37c0aafb265c77bb09cbc402cf69b65a87a1fabc8a0f12614b35469be", Directory, 0) seconds=0.177685868 stage="source_load"
2026-09-09T19:32:35.451739Z DEBUG transparent_shard_server::runtime: construction stage geometry="recent-8k" table="directory" seconds=0.303669538 stage="encode_database"
2026-09-09T19:32:35.451843Z DEBUG transparent_shard_server::runtime: construction stage geometry="recent-8k" table="directory" seconds=7.3549e-5 stage="public_setup"
2026-09-09T19:32:35.739925Z DEBUG transparent_shard_server::runtime: runtime stage key=("2d4497bf9e8bafc6139ee4e57114238a7ecfa0782702939922bf2a79b1fe05bf", Directory, 0) seconds=0.767721322 stage="disk_save"
2026-09-09T19:32:35.740017Z DEBUG transparent_shard_server::runtime: runtime stage key=("c907a0aa45b2551520863990845279fd25135889865e088c2dad6ea0d32b8fde", Directory, 0) seconds=2.109e-6 stage="restore_slot"
2026-09-09T19:32:35.740153Z DEBUG transparent_shard_server::runtime: runtime stage key=("c907a0aa45b2551520863990845279fd25135889865e088c2dad6ea0d32b8fde", Directory, 0) seconds=2.6739e-5 hit=false stage="disk_restore"
2026-09-09T19:32:36.328918Z DEBUG transparent_shard_server::runtime: construction stage geometry="recent-8k" table="directory" seconds=0.87706702 stage="hint_columns"
2026-09-09T19:32:36.332010Z DEBUG transparent_shard_server::runtime: construction stage geometry="recent-8k" table="pages" seconds=2.597764245 stage="pack_preprocessing"
2026-09-09T19:32:36.332308Z DEBUG transparent_shard_server::runtime: construction stage geometry="recent-8k" table="pages" seconds=0.000269094 stage="publish_parameters"
2026-09-09T19:32:36.333035Z DEBUG transparent_shard_server::runtime: runtime stage key=("2d4497bf9e8bafc6139ee4e57114238a7ecfa0782702939922bf2a79b1fe05bf", Pages, 0) seconds=3.729391847 stage="runtime_build"
2026-09-09T19:32:36.333061Z DEBUG transparent_shard_server::runtime: runtime stage key=("2d4497bf9e8bafc6139ee4e57114238a7ecfa0782702939922bf2a79b1fe05bf", Pages, 0) reserved_bytes=136314880 stage="serialization_handoff"
2026-09-09T19:32:36.333087Z DEBUG transparent_shard_server::runtime: runtime stage key=("a4bd72b37c0aafb265c77bb09cbc402cf69b65a87a1fabc8a0f12614b35469be", Pages, 0) seconds=3.100663693 stage="build_slot"
2026-09-09T19:32:36.333182Z DEBUG transparent_shard_server::memory: cold build admission wait seconds=8.2047e-5 admitted=true
2026-09-09T19:32:36.472596Z DEBUG transparent_shard_server::runtime: runtime stage key=("a4bd72b37c0aafb265c77bb09cbc402cf69b65a87a1fabc8a0f12614b35469be", Pages, 0) seconds=0.13937526 stage="source_load"
2026-09-09T19:32:36.778722Z DEBUG transparent_shard_server::runtime: construction stage geometry="recent-8k" table="pages" seconds=0.306090617 stage="encode_database"
2026-09-09T19:32:36.778832Z DEBUG transparent_shard_server::runtime: construction stage geometry="recent-8k" table="pages" seconds=7.6955e-5 stage="public_setup"
2026-09-09T19:32:37.062349Z DEBUG transparent_shard_server::runtime: runtime stage key=("2d4497bf9e8bafc6139ee4e57114238a7ecfa0782702939922bf2a79b1fe05bf", Pages, 0) seconds=0.729281004 stage="disk_save"
2026-09-09T19:32:37.062437Z DEBUG transparent_shard_server::runtime: runtime stage key=("c907a0aa45b2551520863990845279fd25135889865e088c2dad6ea0d32b8fde", Pages, 0) seconds=2.435e-6 stage="restore_slot"
2026-09-09T19:32:37.062593Z DEBUG transparent_shard_server::runtime: runtime stage key=("c907a0aa45b2551520863990845279fd25135889865e088c2dad6ea0d32b8fde", Pages, 0) seconds=2.5833e-5 hit=false stage="disk_restore"
2026-09-09T19:32:37.582200Z DEBUG transparent_shard_server::runtime: construction stage geometry="recent-8k" table="pages" seconds=0.803360141 stage="hint_columns"
2026-09-09T19:32:38.779800Z DEBUG transparent_shard_server::runtime: construction stage geometry="recent-8k" table="directory" seconds=2.450836275 stage="pack_preprocessing"
2026-09-09T19:32:38.780095Z DEBUG transparent_shard_server::runtime: construction stage geometry="recent-8k" table="directory" seconds=0.000252439 stage="publish_parameters"
2026-09-09T19:32:38.780850Z DEBUG transparent_shard_server::runtime: runtime stage key=("a4bd72b37c0aafb265c77bb09cbc402cf69b65a87a1fabc8a0f12614b35469be", Directory, 0) seconds=3.63278199 stage="runtime_build"
2026-09-09T19:32:38.780906Z DEBUG transparent_shard_server::runtime: runtime stage key=("c907a0aa45b2551520863990845279fd25135889865e088c2dad6ea0d32b8fde", Directory, 0) seconds=3.040725646 stage="build_slot"
2026-09-09T19:32:38.780988Z DEBUG transparent_shard_server::memory: cold build admission wait seconds=7.7866e-5 admitted=true
2026-09-09T19:32:38.781011Z DEBUG transparent_shard_server::runtime: runtime stage key=("a4bd72b37c0aafb265c77bb09cbc402cf69b65a87a1fabc8a0f12614b35469be", Directory, 0) reserved_bytes=136314880 stage="serialization_handoff"
2026-09-09T19:32:38.984394Z DEBUG transparent_shard_server::runtime: runtime stage key=("c907a0aa45b2551520863990845279fd25135889865e088c2dad6ea0d32b8fde", Directory, 0) seconds=0.203372348 stage="source_load"
2026-09-09T19:32:39.295730Z DEBUG transparent_shard_server::runtime: construction stage geometry="recent-8k" table="directory" seconds=0.311301454 stage="encode_database"
2026-09-09T19:32:39.295837Z DEBUG transparent_shard_server::runtime: construction stage geometry="recent-8k" table="directory" seconds=7.6044e-5 stage="public_setup"
2026-09-09T19:32:39.566917Z DEBUG transparent_shard_server::runtime: runtime stage key=("a4bd72b37c0aafb265c77bb09cbc402cf69b65a87a1fabc8a0f12614b35469be", Directory, 0) seconds=0.785900373 stage="disk_save"
2026-09-09T19:32:39.567001Z DEBUG transparent_shard_server::runtime: runtime stage key=("67574e8d4c7f7c258f8c7488f73e80a9476f8074c3db3540325133ff25020c2b", Directory, 0) seconds=2.241e-6 stage="restore_slot"
2026-09-09T19:32:39.567095Z DEBUG transparent_shard_server::runtime: runtime stage key=("67574e8d4c7f7c258f8c7488f73e80a9476f8074c3db3540325133ff25020c2b", Directory, 0) seconds=2.3261e-5 hit=false stage="disk_restore"
2026-09-09T19:32:40.169102Z DEBUG transparent_shard_server::runtime: construction stage geometry="recent-8k" table="directory" seconds=0.87325649 stage="hint_columns"
2026-09-09T19:32:40.171671Z DEBUG transparent_shard_server::runtime: construction stage geometry="recent-8k" table="pages" seconds=2.589427156 stage="pack_preprocessing"
2026-09-09T19:32:40.171935Z DEBUG transparent_shard_server::runtime: construction stage geometry="recent-8k" table="pages" seconds=0.00023462 stage="publish_parameters"
2026-09-09T19:32:40.172635Z DEBUG transparent_shard_server::runtime: runtime stage key=("a4bd72b37c0aafb265c77bb09cbc402cf69b65a87a1fabc8a0f12614b35469be", Pages, 0) seconds=3.700006347 stage="runtime_build"
2026-09-09T19:32:40.172660Z DEBUG transparent_shard_server::runtime: runtime stage key=("a4bd72b37c0aafb265c77bb09cbc402cf69b65a87a1fabc8a0f12614b35469be", Pages, 0) reserved_bytes=136314880 stage="serialization_handoff"
2026-09-09T19:32:40.172701Z DEBUG transparent_shard_server::runtime: runtime stage key=("c907a0aa45b2551520863990845279fd25135889865e088c2dad6ea0d32b8fde", Pages, 0) seconds=3.110089771 stage="build_slot"
2026-09-09T19:32:40.172820Z DEBUG transparent_shard_server::memory: cold build admission wait seconds=9.4123e-5 admitted=true
2026-09-09T19:32:40.307472Z DEBUG transparent_shard_server::runtime: runtime stage key=("c907a0aa45b2551520863990845279fd25135889865e088c2dad6ea0d32b8fde", Pages, 0) seconds=0.1346363 stage="source_load"
2026-09-09T19:32:40.615254Z DEBUG transparent_shard_server::runtime: construction stage geometry="recent-8k" table="pages" seconds=0.307739278 stage="encode_database"
2026-09-09T19:32:40.615369Z DEBUG transparent_shard_server::runtime: construction stage geometry="recent-8k" table="pages" seconds=8.227e-5 stage="public_setup"
2026-09-09T19:32:40.919577Z DEBUG transparent_shard_server::runtime: runtime stage key=("a4bd72b37c0aafb265c77bb09cbc402cf69b65a87a1fabc8a0f12614b35469be", Pages, 0) seconds=0.746910676 stage="disk_save"
2026-09-09T19:32:40.922235Z DEBUG transparent_shard_server::runtime: runtime stage key=("67574e8d4c7f7c258f8c7488f73e80a9476f8074c3db3540325133ff25020c2b", Pages, 0) seconds=2.051e-6 stage="restore_slot"
2026-09-09T19:32:40.922379Z DEBUG transparent_shard_server::runtime: runtime stage key=("67574e8d4c7f7c258f8c7488f73e80a9476f8074c3db3540325133ff25020c2b", Pages, 0) seconds=2.5618e-5 hit=false stage="disk_restore"
2026-09-09T19:32:41.439687Z DEBUG transparent_shard_server::runtime: construction stage geometry="recent-8k" table="pages" seconds=0.82430915 stage="hint_columns"
2026-09-09T19:32:42.652036Z DEBUG transparent_shard_server::runtime: construction stage geometry="recent-8k" table="directory" seconds=2.482888505 stage="pack_preprocessing"
2026-09-09T19:32:42.652332Z DEBUG transparent_shard_server::runtime: construction stage geometry="recent-8k" table="directory" seconds=0.000255485 stage="publish_parameters"
2026-09-09T19:32:42.653131Z DEBUG transparent_shard_server::runtime: runtime stage key=("c907a0aa45b2551520863990845279fd25135889865e088c2dad6ea0d32b8fde", Directory, 0) seconds=3.66870467 stage="runtime_build"
2026-09-09T19:32:42.653157Z DEBUG transparent_shard_server::runtime: runtime stage key=("c907a0aa45b2551520863990845279fd25135889865e088c2dad6ea0d32b8fde", Directory, 0) reserved_bytes=136314880 stage="serialization_handoff"
2026-09-09T19:32:42.653205Z DEBUG transparent_shard_server::runtime: runtime stage key=("67574e8d4c7f7c258f8c7488f73e80a9476f8074c3db3540325133ff25020c2b", Directory, 0) seconds=3.086097283 stage="build_slot"
2026-09-09T19:32:42.653305Z DEBUG transparent_shard_server::memory: cold build admission wait seconds=8.0122e-5 admitted=true
2026-09-09T19:32:42.845236Z DEBUG transparent_shard_server::runtime: runtime stage key=("67574e8d4c7f7c258f8c7488f73e80a9476f8074c3db3540325133ff25020c2b", Directory, 0) seconds=0.191894383 stage="source_load"
2026-09-09T19:32:43.148752Z DEBUG transparent_shard_server::runtime: construction stage geometry="recent-8k" table="directory" seconds=0.303480887 stage="encode_database"
2026-09-09T19:32:43.148869Z DEBUG transparent_shard_server::runtime: construction stage geometry="recent-8k" table="directory" seconds=7.8066e-5 stage="public_setup"
2026-09-09T19:32:43.500085Z DEBUG transparent_shard_server::runtime: runtime stage key=("c907a0aa45b2551520863990845279fd25135889865e088c2dad6ea0d32b8fde", Directory, 0) seconds=0.846888825 stage="disk_save"
2026-09-09T19:32:43.755675Z DEBUG transparent_shard_server::runtime: construction stage geometry="recent-8k" table="pages" seconds=2.315943734 stage="pack_preprocessing"
2026-09-09T19:32:43.755965Z DEBUG transparent_shard_server::runtime: construction stage geometry="recent-8k" table="pages" seconds=0.000245521 stage="publish_parameters"
2026-09-09T19:32:43.763182Z DEBUG transparent_shard_server::runtime: runtime stage key=("c907a0aa45b2551520863990845279fd25135889865e088c2dad6ea0d32b8fde", Pages, 0) seconds=3.455668227 stage="runtime_build"
2026-09-09T19:32:43.763225Z DEBUG transparent_shard_server::runtime: runtime stage key=("c907a0aa45b2551520863990845279fd25135889865e088c2dad6ea0d32b8fde", Pages, 0) reserved_bytes=136314880 stage="serialization_handoff"
2026-09-09T19:32:43.766193Z DEBUG transparent_shard_server::runtime: runtime stage key=("67574e8d4c7f7c258f8c7488f73e80a9476f8074c3db3540325133ff25020c2b", Pages, 0) seconds=2.843794667 stage="build_slot"
2026-09-09T19:32:43.766292Z DEBUG transparent_shard_server::memory: cold build admission wait seconds=7.8479e-5 admitted=true
2026-09-09T19:32:44.129211Z DEBUG transparent_shard_server::runtime: construction stage geometry="recent-8k" table="directory" seconds=0.980335315 stage="hint_columns"
2026-09-09T19:32:44.139714Z DEBUG transparent_shard_server::runtime: runtime stage key=("67574e8d4c7f7c258f8c7488f73e80a9476f8074c3db3540325133ff25020c2b", Pages, 0) seconds=0.373378913 stage="source_load"
2026-09-09T19:32:44.440090Z DEBUG transparent_shard_server::runtime: construction stage geometry="recent-8k" table="pages" seconds=0.300345076 stage="encode_database"
2026-09-09T19:32:44.440203Z DEBUG transparent_shard_server::runtime: construction stage geometry="recent-8k" table="pages" seconds=8.1026e-5 stage="public_setup"
2026-09-09T19:32:44.791236Z DEBUG transparent_shard_server::runtime: runtime stage key=("c907a0aa45b2551520863990845279fd25135889865e088c2dad6ea0d32b8fde", Pages, 0) seconds=1.028004463 stage="disk_save"
2026-09-09T19:32:45.324208Z DEBUG transparent_shard_server::runtime: construction stage geometry="recent-8k" table="pages" seconds=0.883995397 stage="hint_columns"
2026-09-09T19:32:46.529173Z DEBUG transparent_shard_server::runtime: construction stage geometry="recent-8k" table="directory" seconds=2.399931101 stage="pack_preprocessing"
2026-09-09T19:32:46.529466Z DEBUG transparent_shard_server::runtime: construction stage geometry="recent-8k" table="directory" seconds=0.000247698 stage="publish_parameters"
2026-09-09T19:32:46.530272Z DEBUG transparent_shard_server::runtime: runtime stage key=("67574e8d4c7f7c258f8c7488f73e80a9476f8074c3db3540325133ff25020c2b", Directory, 0) seconds=3.685003782 stage="runtime_build"
2026-09-09T19:32:46.530293Z DEBUG transparent_shard_server::runtime: runtime stage key=("67574e8d4c7f7c258f8c7488f73e80a9476f8074c3db3540325133ff25020c2b", Directory, 0) reserved_bytes=136314880 stage="serialization_handoff"
test burst::publication_burst_under_exact_load has been running for over 60 seconds
2026-09-09T19:32:47.305271Z DEBUG transparent_shard_server::runtime: runtime stage key=("67574e8d4c7f7c258f8c7488f73e80a9476f8074c3db3540325133ff25020c2b", Directory, 0) seconds=0.774971294 stage="disk_save"
2026-09-09T19:32:47.590394Z DEBUG transparent_shard_server::runtime: construction stage geometry="recent-8k" table="pages" seconds=2.266133226 stage="pack_preprocessing"
2026-09-09T19:32:47.590673Z DEBUG transparent_shard_server::runtime: construction stage geometry="recent-8k" table="pages" seconds=0.000234019 stage="publish_parameters"
2026-09-09T19:32:47.591359Z DEBUG transparent_shard_server::runtime: runtime stage key=("67574e8d4c7f7c258f8c7488f73e80a9476f8074c3db3540325133ff25020c2b", Pages, 0) seconds=3.451615738 stage="runtime_build"
2026-09-09T19:32:47.591378Z DEBUG transparent_shard_server::runtime: runtime stage key=("67574e8d4c7f7c258f8c7488f73e80a9476f8074c3db3540325133ff25020c2b", Pages, 0) reserved_bytes=136314880 stage="serialization_handoff"
2026-09-09T19:32:48.291605Z DEBUG transparent_shard_server::runtime: runtime stage key=("67574e8d4c7f7c258f8c7488f73e80a9476f8074c3db3540325133ff25020c2b", Pages, 0) seconds=0.700220839 stage="disk_save"
2026-09-09T19:32:48.291685Z  INFO transparent_shard_server::service: prewarm finished warm=28 target=28 failed=0 seconds=55.966584202
2026-09-09T19:32:48.786065Z  INFO transparent_shard_server::runtime: retired runtime memory reclaimed rss_before=4899143680 rss_after=4421574656
2026-09-09T19:32:49.369492Z DEBUG transparent_shard_server::runtime: runtime stage key=("be059aab39ac34125e0452548d6fbcfb1e7cdb7237a597bd59ee86011ed4882b", Directory, 0) seconds=1.665e-6 stage="restore_slot"
2026-09-09T19:32:49.369495Z DEBUG transparent_shard_server::runtime: runtime stage key=("be059aab39ac34125e0452548d6fbcfb1e7cdb7237a597bd59ee86011ed4882b", Pages, 0) seconds=1.357e-6 stage="restore_slot"
2026-09-09T19:32:49.369655Z DEBUG transparent_shard_server::runtime: runtime stage key=("be059aab39ac34125e0452548d6fbcfb1e7cdb7237a597bd59ee86011ed4882b", Directory, 0) seconds=3.8427e-5 hit=false stage="disk_restore"
2026-09-09T19:32:49.369684Z DEBUG transparent_shard_server::runtime: runtime stage key=("be059aab39ac34125e0452548d6fbcfb1e7cdb7237a597bd59ee86011ed4882b", Pages, 0) seconds=1.8901e-5 hit=false stage="disk_restore"
2026-09-09T19:32:49.369716Z DEBUG transparent_shard_server::runtime: runtime stage key=("be059aab39ac34125e0452548d6fbcfb1e7cdb7237a597bd59ee86011ed4882b", Pages, 0) seconds=9.21e-7 stage="build_slot"
2026-09-09T19:32:49.369749Z DEBUG transparent_shard_server::memory: cold build admission wait seconds=2.8417e-5 admitted=true
2026-09-09T19:32:49.369771Z DEBUG transparent_shard_server::runtime: runtime stage key=("be059aab39ac34125e0452548d6fbcfb1e7cdb7237a597bd59ee86011ed4882b", Directory, 0) seconds=2.1e-7 stage="build_slot"
2026-09-09T19:32:49.369806Z DEBUG transparent_shard_server::memory: cold build admission wait seconds=3.126e-5 admitted=true
2026-09-09T19:32:49.530897Z DEBUG transparent_shard_server::runtime: runtime stage key=("be059aab39ac34125e0452548d6fbcfb1e7cdb7237a597bd59ee86011ed4882b", Pages, 0) seconds=0.16111383 stage="source_load"
2026-09-09T19:32:49.560663Z DEBUG transparent_shard_server::runtime: runtime stage key=("be059aab39ac34125e0452548d6fbcfb1e7cdb7237a597bd59ee86011ed4882b", Directory, 0) seconds=0.190844397 stage="source_load"
2026-09-09T19:32:49.850490Z DEBUG transparent_shard_server::runtime: construction stage geometry="recent-8k" table="pages" seconds=0.319552279 stage="encode_database"
2026-09-09T19:32:49.850621Z DEBUG transparent_shard_server::runtime: construction stage geometry="recent-8k" table="pages" seconds=9.336e-5 stage="public_setup"
2026-09-09T19:32:49.872874Z DEBUG transparent_shard_server::runtime: construction stage geometry="recent-8k" table="directory" seconds=0.312173243 stage="encode_database"
2026-09-09T19:32:49.873024Z DEBUG transparent_shard_server::runtime: construction stage geometry="recent-8k" table="directory" seconds=0.000114903 stage="public_setup"
2026-09-09T19:32:50.984949Z DEBUG transparent_shard_server::runtime: construction stage geometry="recent-8k" table="directory" seconds=1.111918725 stage="hint_columns"
2026-09-09T19:32:50.984949Z DEBUG transparent_shard_server::runtime: construction stage geometry="recent-8k" table="pages" seconds=1.134322214 stage="hint_columns"
2026-09-09T19:32:53.336051Z DEBUG transparent_shard_server::runtime: construction stage geometry="recent-8k" table="directory" seconds=2.351055518 stage="pack_preprocessing"
2026-09-09T19:32:53.339369Z DEBUG transparent_shard_server::runtime: construction stage geometry="recent-8k" table="directory" seconds=0.003274147 stage="publish_parameters"
2026-09-09T19:32:53.340095Z DEBUG transparent_shard_server::runtime: runtime stage key=("be059aab39ac34125e0452548d6fbcfb1e7cdb7237a597bd59ee86011ed4882b", Directory, 0) seconds=3.77939573 stage="runtime_build"
2026-09-09T19:32:53.340110Z DEBUG transparent_shard_server::runtime: runtime stage key=("be059aab39ac34125e0452548d6fbcfb1e7cdb7237a597bd59ee86011ed4882b", Directory, 0) reserved_bytes=136314880 stage="serialization_handoff"
2026-09-09T19:32:53.352260Z DEBUG transparent_shard_server::runtime: construction stage geometry="recent-8k" table="pages" seconds=2.367249262 stage="pack_preprocessing"
2026-09-09T19:32:53.352547Z DEBUG transparent_shard_server::runtime: construction stage geometry="recent-8k" table="pages" seconds=0.000254069 stage="publish_parameters"
2026-09-09T19:32:53.353380Z DEBUG transparent_shard_server::runtime: runtime stage key=("be059aab39ac34125e0452548d6fbcfb1e7cdb7237a597bd59ee86011ed4882b", Pages, 0) seconds=3.8224430590000003 stage="runtime_build"
2026-09-09T19:32:53.353402Z DEBUG transparent_shard_server::runtime: runtime stage key=("be059aab39ac34125e0452548d6fbcfb1e7cdb7237a597bd59ee86011ed4882b", Pages, 0) reserved_bytes=136314880 stage="serialization_handoff"
2026-09-09T19:32:54.027815Z DEBUG transparent_shard_server::runtime: runtime stage key=("be059aab39ac34125e0452548d6fbcfb1e7cdb7237a597bd59ee86011ed4882b", Directory, 0) seconds=0.687698617 stage="disk_save"
2026-09-09T19:32:54.701817Z DEBUG transparent_shard_server::runtime: runtime stage key=("be059aab39ac34125e0452548d6fbcfb1e7cdb7237a597bd59ee86011ed4882b", Pages, 0) seconds=1.348407749 stage="disk_save"
2026-09-09T19:32:54.701920Z  INFO transparent_shard_server::service: prewarm finished warm=28 target=28 failed=0 seconds=5.332483373
2026-09-09T19:32:54.701980Z DEBUG transparent_shard_server::live: publication preparation stages map=32426d9e9300c44558210d8540b636402af2b3c322627f9e9f26e0082b489725 loading_seconds=0.636586246 warming_seconds=5.332593541
2026-09-09T19:32:54.709346Z DEBUG transparent_shard_server::runtime: runtime stage key=("5b7ee9849d47f5ee67d04eb6ca4588beacf42dce75e5a1b481dfd02607b1fb20", Directory, 0) seconds=9.91e-7 stage="restore_slot"
2026-09-09T19:32:54.774256Z  INFO transparent_shard_server::runtime: retired runtime memory reclaimed rss_before=5009272832 rss_after=4500557824
2026-09-09T19:32:55.322564Z DEBUG transparent_shard_server::runtime: runtime stage key=("268f5c527d35817d37919707b04a706c850d449156baa071b5438dbf8eb53aec", Directory, 0) seconds=1.744e-6 stage="restore_slot"
2026-09-09T19:32:55.322574Z DEBUG transparent_shard_server::runtime: runtime stage key=("268f5c527d35817d37919707b04a706c850d449156baa071b5438dbf8eb53aec", Pages, 0) seconds=1.277e-6 stage="restore_slot"
2026-09-09T19:32:55.322744Z DEBUG transparent_shard_server::runtime: runtime stage key=("268f5c527d35817d37919707b04a706c850d449156baa071b5438dbf8eb53aec", Directory, 0) seconds=3.8771e-5 hit=false stage="disk_restore"
2026-09-09T19:32:55.322769Z DEBUG transparent_shard_server::runtime: runtime stage key=("268f5c527d35817d37919707b04a706c850d449156baa071b5438dbf8eb53aec", Pages, 0) seconds=1.3448e-5 hit=false stage="disk_restore"
2026-09-09T19:32:55.322784Z DEBUG transparent_shard_server::runtime: runtime stage key=("268f5c527d35817d37919707b04a706c850d449156baa071b5438dbf8eb53aec", Directory, 0) seconds=5.16e-7 stage="build_slot"
2026-09-09T19:32:55.322801Z DEBUG transparent_shard_server::runtime: runtime stage key=("268f5c527d35817d37919707b04a706c850d449156baa071b5438dbf8eb53aec", Pages, 0) seconds=3.82e-7 stage="build_slot"
2026-09-09T19:32:55.322815Z DEBUG transparent_shard_server::memory: cold build admission wait seconds=2.8539e-5 admitted=true
2026-09-09T19:32:55.322846Z DEBUG transparent_shard_server::memory: cold build admission wait seconds=3.7278e-5 admitted=true
2026-09-09T19:32:55.477970Z DEBUG transparent_shard_server::runtime: runtime stage key=("268f5c527d35817d37919707b04a706c850d449156baa071b5438dbf8eb53aec", Directory, 0) seconds=0.155112594 stage="source_load"
2026-09-09T19:32:55.482661Z DEBUG transparent_shard_server::runtime: runtime stage key=("268f5c527d35817d37919707b04a706c850d449156baa071b5438dbf8eb53aec", Pages, 0) seconds=0.159747463 stage="source_load"
2026-09-09T19:32:55.651186Z DEBUG transparent_shard_server::runtime: runtime stage key=("5b7ee9849d47f5ee67d04eb6ca4588beacf42dce75e5a1b481dfd02607b1fb20", Directory, 0) seconds=0.941712578 hit=true stage="disk_restore"
2026-09-09T19:32:55.773672Z DEBUG transparent_shard_server::runtime: runtime stage key=("5b7ee9849d47f5ee67d04eb6ca4588beacf42dce75e5a1b481dfd02607b1fb20", Directory, 0) seconds=0.122443199 stage="source_verify"
2026-09-09T19:32:55.773710Z  INFO transparent_shard_server::runtime: restored runtime cache seconds=1.064257613
2026-09-09T19:32:55.785514Z DEBUG transparent_shard_server::runtime: construction stage geometry="recent-8k" table="directory" seconds=0.307501537 stage="encode_database"
2026-09-09T19:32:55.785690Z DEBUG transparent_shard_server::runtime: construction stage geometry="recent-8k" table="directory" seconds=0.000132767 stage="public_setup"
2026-09-09T19:32:55.791776Z DEBUG transparent_shard_server::runtime: construction stage geometry="recent-8k" table="pages" seconds=0.309078676 stage="encode_database"
2026-09-09T19:32:55.791899Z DEBUG transparent_shard_server::runtime: construction stage geometry="recent-8k" table="pages" seconds=8.6608e-5 stage="public_setup"
2026-09-09T19:32:56.901288Z DEBUG transparent_shard_server::runtime: construction stage geometry="recent-8k" table="pages" seconds=1.109381853 stage="hint_columns"
2026-09-09T19:32:56.907348Z DEBUG transparent_shard_server::runtime: construction stage geometry="recent-8k" table="directory" seconds=1.1216506609999999 stage="hint_columns"
2026-09-09T19:32:57.839653Z DEBUG transparent_shard_server::memory: work memory admission denied current=5186957312 limit=7516192768 held=1342177280 requested=268435456
2026-09-09T19:32:58.051948Z DEBUG transparent_shard_server::memory: work memory admission denied current=5201666048 limit=7516192768 held=1342177280 requested=268435456
2026-09-09T19:32:58.257318Z DEBUG transparent_shard_server::memory: work memory admission denied current=5302452224 limit=7516192768 held=1342177280 requested=268435456
2026-09-09T19:32:58.576661Z DEBUG transparent_shard_server::memory: work memory admission denied current=5215457280 limit=7516192768 held=1342177280 requested=268435456
2026-09-09T19:32:58.787695Z DEBUG transparent_shard_server::memory: work memory admission denied current=5260275712 limit=7516192768 held=1342177280 requested=268435456
2026-09-09T19:32:58.997603Z DEBUG transparent_shard_server::memory: work memory admission denied current=5305069568 limit=7516192768 held=1342177280 requested=268435456
2026-09-09T19:32:59.208699Z DEBUG transparent_shard_server::memory: work memory admission denied current=5349543936 limit=7516192768 held=1342177280 requested=268435456
2026-09-09T19:32:59.310206Z DEBUG transparent_shard_server::runtime: construction stage geometry="recent-8k" table="directory" seconds=2.402816528 stage="pack_preprocessing"
2026-09-09T19:32:59.310504Z DEBUG transparent_shard_server::runtime: construction stage geometry="recent-8k" table="directory" seconds=0.000259603 stage="publish_parameters"
2026-09-09T19:32:59.311286Z DEBUG transparent_shard_server::runtime: runtime stage key=("268f5c527d35817d37919707b04a706c850d449156baa071b5438dbf8eb53aec", Directory, 0) seconds=3.83327682 stage="runtime_build"
2026-09-09T19:32:59.311306Z DEBUG transparent_shard_server::runtime: runtime stage key=("268f5c527d35817d37919707b04a706c850d449156baa071b5438dbf8eb53aec", Directory, 0) reserved_bytes=136314880 stage="serialization_handoff"
2026-09-09T19:32:59.375324Z DEBUG transparent_shard_server::runtime: construction stage geometry="recent-8k" table="pages" seconds=2.473980774 stage="pack_preprocessing"
2026-09-09T19:32:59.375627Z DEBUG transparent_shard_server::runtime: construction stage geometry="recent-8k" table="pages" seconds=0.000272105 stage="publish_parameters"
2026-09-09T19:32:59.376440Z DEBUG transparent_shard_server::runtime: runtime stage key=("268f5c527d35817d37919707b04a706c850d449156baa071b5438dbf8eb53aec", Pages, 0) seconds=3.893745103 stage="runtime_build"
2026-09-09T19:32:59.376458Z DEBUG transparent_shard_server::runtime: runtime stage key=("268f5c527d35817d37919707b04a706c850d449156baa071b5438dbf8eb53aec", Pages, 0) reserved_bytes=136314880 stage="serialization_handoff"
2026-09-09T19:32:59.992615Z DEBUG transparent_shard_server::runtime: runtime stage key=("268f5c527d35817d37919707b04a706c850d449156baa071b5438dbf8eb53aec", Directory, 0) seconds=0.681303311 stage="disk_save"
2026-09-09T19:33:00.696133Z DEBUG transparent_shard_server::runtime: runtime stage key=("268f5c527d35817d37919707b04a706c850d449156baa071b5438dbf8eb53aec", Pages, 0) seconds=1.319667861 stage="disk_save"
2026-09-09T19:33:00.696275Z  INFO transparent_shard_server::service: prewarm finished warm=28 target=28 failed=0 seconds=5.373769308
2026-09-09T19:33:00.696320Z DEBUG transparent_shard_server::live: publication preparation stages map=12cbb58695cd66166197842d179b61598c15effb06ad32efcd899a13e36e7b10 loading_seconds=0.6190785 warming_seconds=5.373862344
test burst::publication_burst_under_exact_load ... ok

test result: ok. 1 passed; 0 failed; 0 ignored; 0 measured; 16 filtered out; finished in 74.69s

Finished with result: success
Main processes terminated with: code=exited/status=0
Service runtime: 1min 14.780s
CPU time consumed: 3min 57.079s
Memory peak: 512.0K
Memory swap peak: 0B
