Running as unit: transparent-full-burst-1503bf71c47b4f8d9732764ccfc1287a.service; invocation ID: aebf58be8a344c449e063b8d7176efa4

running 1 test
2026-09-09T19:33:07.138450Z DEBUG transparent_shard_server::runtime: runtime stage key=("5b7ee9849d47f5ee67d04eb6ca4588beacf42dce75e5a1b481dfd02607b1fb20", Pages, 0) seconds=4.244e-6 stage="restore_slot"
2026-09-09T19:33:07.138467Z DEBUG transparent_shard_server::runtime: runtime stage key=("1f5d7213a380745d83cc554ad16bdf9e039a0304d0de0b71376828e1838d0ea4", Directory, 0) seconds=2.69e-7 stage="restore_slot"
2026-09-09T19:33:07.138485Z DEBUG transparent_shard_server::runtime: runtime stage key=("1f5d7213a380745d83cc554ad16bdf9e039a0304d0de0b71376828e1838d0ea4", Pages, 0) seconds=8.88e-7 stage="restore_slot"
2026-09-09T19:33:07.138498Z DEBUG transparent_shard_server::runtime: runtime stage key=("5b7ee9849d47f5ee67d04eb6ca4588beacf42dce75e5a1b481dfd02607b1fb20", Directory, 0) seconds=1.0091e-5 stage="restore_slot"
2026-09-09T19:33:07.139086Z DEBUG transparent_shard_server::runtime: runtime stage key=("5b7ee9849d47f5ee67d04eb6ca4588beacf42dce75e5a1b481dfd02607b1fb20", Pages, 0) seconds=3.582e-5 hit=false stage="disk_restore"
2026-09-09T19:33:07.139129Z DEBUG transparent_shard_server::runtime: runtime stage key=("1f5d7213a380745d83cc554ad16bdf9e039a0304d0de0b71376828e1838d0ea4", Pages, 0) seconds=3.6474e-5 hit=false stage="disk_restore"
2026-09-09T19:33:07.139138Z DEBUG transparent_shard_server::runtime: runtime stage key=("1f5d7213a380745d83cc554ad16bdf9e039a0304d0de0b71376828e1838d0ea4", Directory, 0) seconds=2.9213e-5 hit=false stage="disk_restore"
2026-09-09T19:33:07.139133Z DEBUG transparent_shard_server::runtime: runtime stage key=("5b7ee9849d47f5ee67d04eb6ca4588beacf42dce75e5a1b481dfd02607b1fb20", Directory, 0) seconds=1.6403e-5 hit=false stage="disk_restore"
2026-09-09T19:33:07.139425Z DEBUG transparent_shard_server::runtime: runtime stage key=("5b7ee9849d47f5ee67d04eb6ca4588beacf42dce75e5a1b481dfd02607b1fb20", Pages, 0) seconds=1.738e-6 stage="build_slot"
2026-09-09T19:33:07.139485Z DEBUG transparent_shard_server::memory: cold build admission wait seconds=4.7103e-5 admitted=true
2026-09-09T19:33:07.285827Z DEBUG transparent_shard_server::runtime: runtime stage key=("5b7ee9849d47f5ee67d04eb6ca4588beacf42dce75e5a1b481dfd02607b1fb20", Pages, 0) seconds=0.146319855 stage="source_load"
2026-09-09T19:33:07.591279Z DEBUG transparent_shard_server::runtime: construction stage geometry="recent-8k" table="pages" seconds=0.305409427 stage="encode_database"
2026-09-09T19:33:07.591389Z DEBUG transparent_shard_server::runtime: construction stage geometry="recent-8k" table="pages" seconds=6.3986e-5 stage="public_setup"
2026-09-09T19:33:08.148694Z DEBUG transparent_shard_server::runtime: construction stage geometry="recent-8k" table="pages" seconds=0.557298636 stage="hint_columns"
2026-09-09T19:33:10.202255Z DEBUG transparent_shard_server::runtime: construction stage geometry="recent-8k" table="pages" seconds=2.053505184 stage="pack_preprocessing"
2026-09-09T19:33:10.202545Z DEBUG transparent_shard_server::runtime: construction stage geometry="recent-8k" table="pages" seconds=0.000246278 stage="publish_parameters"
2026-09-09T19:33:10.204054Z DEBUG transparent_shard_server::runtime: runtime stage key=("5b7ee9849d47f5ee67d04eb6ca4588beacf42dce75e5a1b481dfd02607b1fb20", Pages, 0) seconds=2.918185931 stage="runtime_build"
2026-09-09T19:33:10.205499Z DEBUG transparent_shard_server::runtime: runtime stage key=("5b7ee9849d47f5ee67d04eb6ca4588beacf42dce75e5a1b481dfd02607b1fb20", Pages, 0) reserved_bytes=136314880 stage="serialization_handoff"
2026-09-09T19:33:10.205583Z DEBUG transparent_shard_server::runtime: runtime stage key=("1f5d7213a380745d83cc554ad16bdf9e039a0304d0de0b71376828e1838d0ea4", Pages, 0) seconds=3.06608342 stage="build_slot"
2026-09-09T19:33:10.205719Z DEBUG transparent_shard_server::memory: cold build admission wait seconds=9.5008e-5 admitted=true
2026-09-09T19:33:10.357553Z DEBUG transparent_shard_server::runtime: runtime stage key=("1f5d7213a380745d83cc554ad16bdf9e039a0304d0de0b71376828e1838d0ea4", Pages, 0) seconds=0.151351531 stage="source_load"
2026-09-09T19:33:10.660342Z DEBUG transparent_shard_server::runtime: construction stage geometry="recent-8k" table="pages" seconds=0.302729952 stage="encode_database"
2026-09-09T19:33:10.660440Z DEBUG transparent_shard_server::runtime: construction stage geometry="recent-8k" table="pages" seconds=5.7771e-5 stage="public_setup"
2026-09-09T19:33:10.949198Z DEBUG transparent_shard_server::runtime: runtime stage key=("5b7ee9849d47f5ee67d04eb6ca4588beacf42dce75e5a1b481dfd02607b1fb20", Pages, 0) seconds=0.743682141 stage="disk_save"
2026-09-09T19:33:10.952210Z DEBUG transparent_shard_server::runtime: runtime stage key=("ca7afe810c988a8b4b561668f3456a9f38d1fdbb0776614e07ddfeb1a2132000", Directory, 0) seconds=2.329e-6 stage="restore_slot"
2026-09-09T19:33:10.952377Z DEBUG transparent_shard_server::runtime: runtime stage key=("ca7afe810c988a8b4b561668f3456a9f38d1fdbb0776614e07ddfeb1a2132000", Directory, 0) seconds=2.916e-5 hit=false stage="disk_restore"
2026-09-09T19:33:11.305126Z DEBUG transparent_shard_server::runtime: construction stage geometry="recent-8k" table="pages" seconds=0.644679881 stage="hint_columns"
2026-09-09T19:33:13.356579Z DEBUG transparent_shard_server::runtime: construction stage geometry="recent-8k" table="pages" seconds=2.051396638 stage="pack_preprocessing"
2026-09-09T19:33:13.356911Z DEBUG transparent_shard_server::runtime: construction stage geometry="recent-8k" table="pages" seconds=0.000284902 stage="publish_parameters"
2026-09-09T19:33:13.357489Z DEBUG transparent_shard_server::runtime: runtime stage key=("1f5d7213a380745d83cc554ad16bdf9e039a0304d0de0b71376828e1838d0ea4", Pages, 0) seconds=2.999878487 stage="runtime_build"
2026-09-09T19:33:13.357524Z DEBUG transparent_shard_server::runtime: runtime stage key=("1f5d7213a380745d83cc554ad16bdf9e039a0304d0de0b71376828e1838d0ea4", Pages, 0) reserved_bytes=136314880 stage="serialization_handoff"
2026-09-09T19:33:13.357565Z DEBUG transparent_shard_server::runtime: runtime stage key=("1f5d7213a380745d83cc554ad16bdf9e039a0304d0de0b71376828e1838d0ea4", Directory, 0) seconds=6.218064964 stage="build_slot"
2026-09-09T19:33:13.357676Z DEBUG transparent_shard_server::memory: cold build admission wait seconds=8.0673e-5 admitted=true
2026-09-09T19:33:13.504566Z DEBUG transparent_shard_server::runtime: runtime stage key=("1f5d7213a380745d83cc554ad16bdf9e039a0304d0de0b71376828e1838d0ea4", Directory, 0) seconds=0.146850752 stage="source_load"
2026-09-09T19:33:13.810238Z DEBUG transparent_shard_server::runtime: construction stage geometry="recent-8k" table="directory" seconds=0.305635899 stage="encode_database"
2026-09-09T19:33:13.810337Z DEBUG transparent_shard_server::runtime: construction stage geometry="recent-8k" table="directory" seconds=6.0118e-5 stage="public_setup"
2026-09-09T19:33:14.083197Z DEBUG transparent_shard_server::runtime: runtime stage key=("1f5d7213a380745d83cc554ad16bdf9e039a0304d0de0b71376828e1838d0ea4", Pages, 0) seconds=0.725666431 stage="disk_save"
2026-09-09T19:33:14.084216Z DEBUG transparent_shard_server::runtime: runtime stage key=("ca7afe810c988a8b4b561668f3456a9f38d1fdbb0776614e07ddfeb1a2132000", Pages, 0) seconds=1.947e-6 stage="restore_slot"
2026-09-09T19:33:14.084393Z DEBUG transparent_shard_server::runtime: runtime stage key=("ca7afe810c988a8b4b561668f3456a9f38d1fdbb0776614e07ddfeb1a2132000", Pages, 0) seconds=4.6357e-5 hit=false stage="disk_restore"
2026-09-09T19:33:14.414296Z DEBUG transparent_shard_server::runtime: construction stage geometry="recent-8k" table="directory" seconds=0.60395203 stage="hint_columns"
2026-09-09T19:33:16.454845Z DEBUG transparent_shard_server::runtime: construction stage geometry="recent-8k" table="directory" seconds=2.040502111 stage="pack_preprocessing"
2026-09-09T19:33:16.455130Z DEBUG transparent_shard_server::runtime: construction stage geometry="recent-8k" table="directory" seconds=0.000227106 stage="publish_parameters"
2026-09-09T19:33:16.455733Z DEBUG transparent_shard_server::runtime: runtime stage key=("1f5d7213a380745d83cc554ad16bdf9e039a0304d0de0b71376828e1838d0ea4", Directory, 0) seconds=2.951132905 stage="runtime_build"
2026-09-09T19:33:16.455772Z DEBUG transparent_shard_server::runtime: runtime stage key=("1f5d7213a380745d83cc554ad16bdf9e039a0304d0de0b71376828e1838d0ea4", Directory, 0) reserved_bytes=136314880 stage="serialization_handoff"
2026-09-09T19:33:16.455811Z DEBUG transparent_shard_server::runtime: runtime stage key=("5b7ee9849d47f5ee67d04eb6ca4588beacf42dce75e5a1b481dfd02607b1fb20", Directory, 0) seconds=9.316310824 stage="build_slot"
2026-09-09T19:33:16.455916Z DEBUG transparent_shard_server::memory: cold build admission wait seconds=8.3265e-5 admitted=true
2026-09-09T19:33:16.603756Z DEBUG transparent_shard_server::runtime: runtime stage key=("5b7ee9849d47f5ee67d04eb6ca4588beacf42dce75e5a1b481dfd02607b1fb20", Directory, 0) seconds=0.147821829 stage="source_load"
2026-09-09T19:33:16.908546Z DEBUG transparent_shard_server::runtime: construction stage geometry="recent-8k" table="directory" seconds=0.304754742 stage="encode_database"
2026-09-09T19:33:16.908664Z DEBUG transparent_shard_server::runtime: construction stage geometry="recent-8k" table="directory" seconds=6.4653e-5 stage="public_setup"
2026-09-09T19:33:17.203211Z DEBUG transparent_shard_server::runtime: runtime stage key=("1f5d7213a380745d83cc554ad16bdf9e039a0304d0de0b71376828e1838d0ea4", Directory, 0) seconds=0.74743273 stage="disk_save"
2026-09-09T19:33:17.204214Z DEBUG transparent_shard_server::runtime: runtime stage key=("95df7205357fe2d9c962d2b41daded841e05afa7b6fc8d06dfec46ad04e15335", Directory, 0) seconds=2.501e-6 stage="restore_slot"
2026-09-09T19:33:17.204383Z DEBUG transparent_shard_server::runtime: runtime stage key=("95df7205357fe2d9c962d2b41daded841e05afa7b6fc8d06dfec46ad04e15335", Directory, 0) seconds=4.2475e-5 hit=false stage="disk_restore"
2026-09-09T19:33:17.523885Z DEBUG transparent_shard_server::runtime: construction stage geometry="recent-8k" table="directory" seconds=0.615214005 stage="hint_columns"
2026-09-09T19:33:19.566012Z DEBUG transparent_shard_server::runtime: construction stage geometry="recent-8k" table="directory" seconds=2.042084155 stage="pack_preprocessing"
2026-09-09T19:33:19.566311Z DEBUG transparent_shard_server::runtime: construction stage geometry="recent-8k" table="directory" seconds=0.000255389 stage="publish_parameters"
2026-09-09T19:33:19.566849Z DEBUG transparent_shard_server::runtime: runtime stage key=("5b7ee9849d47f5ee67d04eb6ca4588beacf42dce75e5a1b481dfd02607b1fb20", Directory, 0) seconds=2.963059871 stage="runtime_build"
2026-09-09T19:33:19.566895Z DEBUG transparent_shard_server::runtime: runtime stage key=("ca7afe810c988a8b4b561668f3456a9f38d1fdbb0776614e07ddfeb1a2132000", Directory, 0) seconds=8.614495934 stage="build_slot"
2026-09-09T19:33:19.566980Z DEBUG transparent_shard_server::memory: cold build admission wait seconds=7.988e-5 admitted=true
2026-09-09T19:33:19.567000Z DEBUG transparent_shard_server::runtime: runtime stage key=("5b7ee9849d47f5ee67d04eb6ca4588beacf42dce75e5a1b481dfd02607b1fb20", Directory, 0) reserved_bytes=136314880 stage="serialization_handoff"
2026-09-09T19:33:19.710534Z DEBUG transparent_shard_server::runtime: runtime stage key=("ca7afe810c988a8b4b561668f3456a9f38d1fdbb0776614e07ddfeb1a2132000", Directory, 0) seconds=0.143512572 stage="source_load"
2026-09-09T19:33:20.016003Z DEBUG transparent_shard_server::runtime: construction stage geometry="recent-8k" table="directory" seconds=0.305434667 stage="encode_database"
2026-09-09T19:33:20.016111Z DEBUG transparent_shard_server::runtime: construction stage geometry="recent-8k" table="directory" seconds=7.0737e-5 stage="public_setup"
2026-09-09T19:33:20.492167Z DEBUG transparent_shard_server::runtime: runtime stage key=("5b7ee9849d47f5ee67d04eb6ca4588beacf42dce75e5a1b481dfd02607b1fb20", Directory, 0) seconds=0.925160504 stage="disk_save"
2026-09-09T19:33:20.492260Z DEBUG transparent_shard_server::runtime: runtime stage key=("95df7205357fe2d9c962d2b41daded841e05afa7b6fc8d06dfec46ad04e15335", Pages, 0) seconds=1.951e-6 stage="restore_slot"
2026-09-09T19:33:20.492386Z DEBUG transparent_shard_server::runtime: runtime stage key=("95df7205357fe2d9c962d2b41daded841e05afa7b6fc8d06dfec46ad04e15335", Pages, 0) seconds=3.9673e-5 hit=false stage="disk_restore"
2026-09-09T19:33:20.618372Z DEBUG transparent_shard_server::runtime: construction stage geometry="recent-8k" table="directory" seconds=0.60225413 stage="hint_columns"
2026-09-09T19:33:22.628858Z DEBUG transparent_shard_server::runtime: construction stage geometry="recent-8k" table="directory" seconds=2.01044211 stage="pack_preprocessing"
2026-09-09T19:33:22.629147Z DEBUG transparent_shard_server::runtime: construction stage geometry="recent-8k" table="directory" seconds=0.000247501 stage="publish_parameters"
2026-09-09T19:33:22.629717Z DEBUG transparent_shard_server::runtime: runtime stage key=("ca7afe810c988a8b4b561668f3456a9f38d1fdbb0776614e07ddfeb1a2132000", Directory, 0) seconds=2.9191498940000002 stage="runtime_build"
2026-09-09T19:33:22.629748Z DEBUG transparent_shard_server::runtime: runtime stage key=("ca7afe810c988a8b4b561668f3456a9f38d1fdbb0776614e07ddfeb1a2132000", Directory, 0) reserved_bytes=136314880 stage="serialization_handoff"
2026-09-09T19:33:22.629797Z DEBUG transparent_shard_server::runtime: runtime stage key=("ca7afe810c988a8b4b561668f3456a9f38d1fdbb0776614e07ddfeb1a2132000", Pages, 0) seconds=8.545363727 stage="build_slot"
2026-09-09T19:33:22.629901Z DEBUG transparent_shard_server::memory: cold build admission wait seconds=7.9294e-5 admitted=true
2026-09-09T19:33:22.764897Z DEBUG transparent_shard_server::runtime: runtime stage key=("ca7afe810c988a8b4b561668f3456a9f38d1fdbb0776614e07ddfeb1a2132000", Pages, 0) seconds=0.134863112 stage="source_load"
2026-09-09T19:33:23.055764Z DEBUG transparent_shard_server::runtime: construction stage geometry="recent-8k" table="pages" seconds=0.29083087 stage="encode_database"
2026-09-09T19:33:23.055883Z DEBUG transparent_shard_server::runtime: construction stage geometry="recent-8k" table="pages" seconds=8.608e-5 stage="public_setup"
2026-09-09T19:33:23.358212Z DEBUG transparent_shard_server::runtime: runtime stage key=("ca7afe810c988a8b4b561668f3456a9f38d1fdbb0776614e07ddfeb1a2132000", Directory, 0) seconds=0.728456783 stage="disk_save"
2026-09-09T19:33:23.360205Z DEBUG transparent_shard_server::runtime: runtime stage key=("73d46a59d0d03d7616f9a47e53b50448d4c5a3504e6e296600d8884c8c4403b8", Directory, 0) seconds=2.562e-6 stage="restore_slot"
2026-09-09T19:33:23.360353Z DEBUG transparent_shard_server::runtime: runtime stage key=("73d46a59d0d03d7616f9a47e53b50448d4c5a3504e6e296600d8884c8c4403b8", Directory, 0) seconds=2.7792e-5 hit=false stage="disk_restore"
2026-09-09T19:33:23.699304Z DEBUG transparent_shard_server::runtime: construction stage geometry="recent-8k" table="pages" seconds=0.643414862 stage="hint_columns"
2026-09-09T19:33:25.702974Z DEBUG transparent_shard_server::runtime: construction stage geometry="recent-8k" table="pages" seconds=2.003626023 stage="pack_preprocessing"
2026-09-09T19:33:25.703259Z DEBUG transparent_shard_server::runtime: construction stage geometry="recent-8k" table="pages" seconds=0.000241806 stage="publish_parameters"
2026-09-09T19:33:25.703885Z DEBUG transparent_shard_server::runtime: runtime stage key=("ca7afe810c988a8b4b561668f3456a9f38d1fdbb0776614e07ddfeb1a2132000", Pages, 0) seconds=2.938954661 stage="runtime_build"
2026-09-09T19:33:25.703914Z DEBUG transparent_shard_server::runtime: runtime stage key=("ca7afe810c988a8b4b561668f3456a9f38d1fdbb0776614e07ddfeb1a2132000", Pages, 0) reserved_bytes=136314880 stage="serialization_handoff"
2026-09-09T19:33:25.703958Z DEBUG transparent_shard_server::runtime: runtime stage key=("95df7205357fe2d9c962d2b41daded841e05afa7b6fc8d06dfec46ad04e15335", Directory, 0) seconds=8.499542373 stage="build_slot"
2026-09-09T19:33:25.704080Z DEBUG transparent_shard_server::memory: cold build admission wait seconds=8.9976e-5 admitted=true
2026-09-09T19:33:25.841505Z DEBUG transparent_shard_server::runtime: runtime stage key=("95df7205357fe2d9c962d2b41daded841e05afa7b6fc8d06dfec46ad04e15335", Directory, 0) seconds=0.137389078 stage="source_load"
2026-09-09T19:33:26.137289Z DEBUG transparent_shard_server::runtime: construction stage geometry="recent-8k" table="directory" seconds=0.295737273 stage="encode_database"
2026-09-09T19:33:26.137399Z DEBUG transparent_shard_server::runtime: construction stage geometry="recent-8k" table="directory" seconds=7.319e-5 stage="public_setup"
2026-09-09T19:33:26.438043Z DEBUG transparent_shard_server::runtime: runtime stage key=("ca7afe810c988a8b4b561668f3456a9f38d1fdbb0776614e07ddfeb1a2132000", Pages, 0) seconds=0.734122037 stage="disk_save"
2026-09-09T19:33:26.441188Z DEBUG transparent_shard_server::runtime: runtime stage key=("73d46a59d0d03d7616f9a47e53b50448d4c5a3504e6e296600d8884c8c4403b8", Pages, 0) seconds=2.294e-6 stage="restore_slot"
2026-09-09T19:33:26.441352Z DEBUG transparent_shard_server::runtime: runtime stage key=("73d46a59d0d03d7616f9a47e53b50448d4c5a3504e6e296600d8884c8c4403b8", Pages, 0) seconds=3.9988e-5 hit=false stage="disk_restore"
2026-09-09T19:33:26.753447Z DEBUG transparent_shard_server::runtime: construction stage geometry="recent-8k" table="directory" seconds=0.616040594 stage="hint_columns"
2026-09-09T19:33:28.750899Z DEBUG transparent_shard_server::runtime: construction stage geometry="recent-8k" table="directory" seconds=1.997409456 stage="pack_preprocessing"
2026-09-09T19:33:28.751196Z DEBUG transparent_shard_server::runtime: construction stage geometry="recent-8k" table="directory" seconds=0.000254151 stage="publish_parameters"
2026-09-09T19:33:28.751912Z DEBUG transparent_shard_server::runtime: runtime stage key=("95df7205357fe2d9c962d2b41daded841e05afa7b6fc8d06dfec46ad04e15335", Directory, 0) seconds=2.910361938 stage="runtime_build"
2026-09-09T19:33:28.751936Z DEBUG transparent_shard_server::runtime: runtime stage key=("95df7205357fe2d9c962d2b41daded841e05afa7b6fc8d06dfec46ad04e15335", Directory, 0) reserved_bytes=136314880 stage="serialization_handoff"
2026-09-09T19:33:28.751994Z DEBUG transparent_shard_server::runtime: runtime stage key=("95df7205357fe2d9c962d2b41daded841e05afa7b6fc8d06dfec46ad04e15335", Pages, 0) seconds=8.259555196 stage="build_slot"
2026-09-09T19:33:28.752105Z DEBUG transparent_shard_server::memory: cold build admission wait seconds=8.7888e-5 admitted=true
2026-09-09T19:33:28.889988Z DEBUG transparent_shard_server::runtime: runtime stage key=("95df7205357fe2d9c962d2b41daded841e05afa7b6fc8d06dfec46ad04e15335", Pages, 0) seconds=0.13786572 stage="source_load"
2026-09-09T19:33:29.184050Z DEBUG transparent_shard_server::runtime: construction stage geometry="recent-8k" table="pages" seconds=0.294029332 stage="encode_database"
2026-09-09T19:33:29.184156Z DEBUG transparent_shard_server::runtime: construction stage geometry="recent-8k" table="pages" seconds=7.0338e-5 stage="public_setup"
2026-09-09T19:33:29.495817Z DEBUG transparent_shard_server::runtime: runtime stage key=("95df7205357fe2d9c962d2b41daded841e05afa7b6fc8d06dfec46ad04e15335", Directory, 0) seconds=0.743875074 stage="disk_save"
2026-09-09T19:33:29.498216Z DEBUG transparent_shard_server::runtime: runtime stage key=("b16be2933ab920bc4745ea8917e5167a7a685c211e0b4febe88b4d3018f970bc", Directory, 0) seconds=2.407e-6 stage="restore_slot"
2026-09-09T19:33:29.498383Z DEBUG transparent_shard_server::runtime: runtime stage key=("b16be2933ab920bc4745ea8917e5167a7a685c211e0b4febe88b4d3018f970bc", Directory, 0) seconds=5.0923e-5 hit=false stage="disk_restore"
2026-09-09T19:33:29.820174Z DEBUG transparent_shard_server::runtime: construction stage geometry="recent-8k" table="pages" seconds=0.636003852 stage="hint_columns"
2026-09-09T19:33:31.825953Z DEBUG transparent_shard_server::runtime: construction stage geometry="recent-8k" table="pages" seconds=2.005734168 stage="pack_preprocessing"
2026-09-09T19:33:31.826313Z DEBUG transparent_shard_server::runtime: construction stage geometry="recent-8k" table="pages" seconds=0.000314075 stage="publish_parameters"
2026-09-09T19:33:31.827055Z DEBUG transparent_shard_server::runtime: runtime stage key=("95df7205357fe2d9c962d2b41daded841e05afa7b6fc8d06dfec46ad04e15335", Pages, 0) seconds=2.937035195 stage="runtime_build"
2026-09-09T19:33:31.827135Z DEBUG transparent_shard_server::runtime: runtime stage key=("73d46a59d0d03d7616f9a47e53b50448d4c5a3504e6e296600d8884c8c4403b8", Directory, 0) seconds=8.466764829 stage="build_slot"
2026-09-09T19:33:31.827231Z DEBUG transparent_shard_server::memory: cold build admission wait seconds=9.118e-5 admitted=true
2026-09-09T19:33:31.827256Z DEBUG transparent_shard_server::runtime: runtime stage key=("95df7205357fe2d9c962d2b41daded841e05afa7b6fc8d06dfec46ad04e15335", Pages, 0) reserved_bytes=136314880 stage="serialization_handoff"
2026-09-09T19:33:31.962944Z DEBUG transparent_shard_server::runtime: runtime stage key=("73d46a59d0d03d7616f9a47e53b50448d4c5a3504e6e296600d8884c8c4403b8", Directory, 0) seconds=0.135679402 stage="source_load"
2026-09-09T19:33:32.272088Z DEBUG transparent_shard_server::runtime: construction stage geometry="recent-8k" table="directory" seconds=0.309108223 stage="encode_database"
2026-09-09T19:33:32.272212Z DEBUG transparent_shard_server::runtime: construction stage geometry="recent-8k" table="directory" seconds=8.6639e-5 stage="public_setup"
2026-09-09T19:33:32.758201Z DEBUG transparent_shard_server::runtime: runtime stage key=("95df7205357fe2d9c962d2b41daded841e05afa7b6fc8d06dfec46ad04e15335", Pages, 0) seconds=0.930937642 stage="disk_save"
2026-09-09T19:33:32.758276Z DEBUG transparent_shard_server::runtime: runtime stage key=("b16be2933ab920bc4745ea8917e5167a7a685c211e0b4febe88b4d3018f970bc", Pages, 0) seconds=1.908e-6 stage="restore_slot"
2026-09-09T19:33:32.758435Z DEBUG transparent_shard_server::runtime: runtime stage key=("b16be2933ab920bc4745ea8917e5167a7a685c211e0b4febe88b4d3018f970bc", Pages, 0) seconds=6.2422e-5 hit=false stage="disk_restore"
2026-09-09T19:33:32.864399Z DEBUG transparent_shard_server::runtime: construction stage geometry="recent-8k" table="directory" seconds=0.592176685 stage="hint_columns"
2026-09-09T19:33:34.877005Z DEBUG transparent_shard_server::runtime: construction stage geometry="recent-8k" table="directory" seconds=2.012561722 stage="pack_preprocessing"
2026-09-09T19:33:34.877296Z DEBUG transparent_shard_server::runtime: construction stage geometry="recent-8k" table="directory" seconds=0.000253168 stage="publish_parameters"
2026-09-09T19:33:34.877968Z DEBUG transparent_shard_server::runtime: runtime stage key=("73d46a59d0d03d7616f9a47e53b50448d4c5a3504e6e296600d8884c8c4403b8", Directory, 0) seconds=2.91499082 stage="runtime_build"
2026-09-09T19:33:34.877994Z DEBUG transparent_shard_server::runtime: runtime stage key=("73d46a59d0d03d7616f9a47e53b50448d4c5a3504e6e296600d8884c8c4403b8", Directory, 0) reserved_bytes=136314880 stage="serialization_handoff"
2026-09-09T19:33:34.878034Z DEBUG transparent_shard_server::runtime: runtime stage key=("73d46a59d0d03d7616f9a47e53b50448d4c5a3504e6e296600d8884c8c4403b8", Pages, 0) seconds=8.436650009 stage="build_slot"
2026-09-09T19:33:34.878130Z DEBUG transparent_shard_server::memory: cold build admission wait seconds=7.4164e-5 admitted=true
2026-09-09T19:33:35.013897Z DEBUG transparent_shard_server::runtime: runtime stage key=("73d46a59d0d03d7616f9a47e53b50448d4c5a3504e6e296600d8884c8c4403b8", Pages, 0) seconds=0.13561348 stage="source_load"
2026-09-09T19:33:35.303311Z DEBUG transparent_shard_server::runtime: construction stage geometry="recent-8k" table="pages" seconds=0.289380008 stage="encode_database"
2026-09-09T19:33:35.303407Z DEBUG transparent_shard_server::runtime: construction stage geometry="recent-8k" table="pages" seconds=6.8669e-5 stage="public_setup"
2026-09-09T19:33:35.604203Z DEBUG transparent_shard_server::runtime: runtime stage key=("73d46a59d0d03d7616f9a47e53b50448d4c5a3504e6e296600d8884c8c4403b8", Directory, 0) seconds=0.72620359 stage="disk_save"
2026-09-09T19:33:35.607209Z DEBUG transparent_shard_server::runtime: runtime stage key=("16b8227360ce35dd2e111156f5e31fd5eb500ff877879a212fef6cf8471de8a5", Directory, 0) seconds=2.452e-6 stage="restore_slot"
2026-09-09T19:33:35.607364Z DEBUG transparent_shard_server::runtime: runtime stage key=("16b8227360ce35dd2e111156f5e31fd5eb500ff877879a212fef6cf8471de8a5", Directory, 0) seconds=2.906e-5 hit=false stage="disk_restore"
2026-09-09T19:33:35.949803Z DEBUG transparent_shard_server::runtime: construction stage geometry="recent-8k" table="pages" seconds=0.646389132 stage="hint_columns"
2026-09-09T19:33:37.963654Z DEBUG transparent_shard_server::runtime: construction stage geometry="recent-8k" table="pages" seconds=2.013807541 stage="pack_preprocessing"
2026-09-09T19:33:37.963945Z DEBUG transparent_shard_server::runtime: construction stage geometry="recent-8k" table="pages" seconds=0.000247204 stage="publish_parameters"
2026-09-09T19:33:37.964623Z DEBUG transparent_shard_server::runtime: runtime stage key=("73d46a59d0d03d7616f9a47e53b50448d4c5a3504e6e296600d8884c8c4403b8", Pages, 0) seconds=2.950693952 stage="runtime_build"
2026-09-09T19:33:37.964650Z DEBUG transparent_shard_server::runtime: runtime stage key=("73d46a59d0d03d7616f9a47e53b50448d4c5a3504e6e296600d8884c8c4403b8", Pages, 0) reserved_bytes=136314880 stage="serialization_handoff"
2026-09-09T19:33:37.964690Z DEBUG transparent_shard_server::runtime: runtime stage key=("b16be2933ab920bc4745ea8917e5167a7a685c211e0b4febe88b4d3018f970bc", Directory, 0) seconds=8.466275757 stage="build_slot"
2026-09-09T19:33:37.964814Z DEBUG transparent_shard_server::memory: cold build admission wait seconds=7.9765e-5 admitted=true
2026-09-09T19:33:38.101000Z DEBUG transparent_shard_server::runtime: runtime stage key=("b16be2933ab920bc4745ea8917e5167a7a685c211e0b4febe88b4d3018f970bc", Directory, 0) seconds=0.136143956 stage="source_load"
2026-09-09T19:33:38.393614Z DEBUG transparent_shard_server::runtime: construction stage geometry="recent-8k" table="directory" seconds=0.292578673 stage="encode_database"
2026-09-09T19:33:38.393719Z DEBUG transparent_shard_server::runtime: construction stage geometry="recent-8k" table="directory" seconds=7.1937e-5 stage="public_setup"
2026-09-09T19:33:38.691193Z DEBUG transparent_shard_server::runtime: runtime stage key=("73d46a59d0d03d7616f9a47e53b50448d4c5a3504e6e296600d8884c8c4403b8", Pages, 0) seconds=0.72653601 stage="disk_save"
2026-09-09T19:33:38.692233Z DEBUG transparent_shard_server::runtime: runtime stage key=("16b8227360ce35dd2e111156f5e31fd5eb500ff877879a212fef6cf8471de8a5", Pages, 0) seconds=2.182e-6 stage="restore_slot"
2026-09-09T19:33:38.692433Z DEBUG transparent_shard_server::runtime: runtime stage key=("16b8227360ce35dd2e111156f5e31fd5eb500ff877879a212fef6cf8471de8a5", Pages, 0) seconds=4.029e-5 hit=false stage="disk_restore"
2026-09-09T19:33:38.995573Z DEBUG transparent_shard_server::runtime: construction stage geometry="recent-8k" table="directory" seconds=0.601846508 stage="hint_columns"
2026-09-09T19:33:40.969364Z DEBUG transparent_shard_server::runtime: construction stage geometry="recent-8k" table="directory" seconds=1.973743311 stage="pack_preprocessing"
2026-09-09T19:33:40.969685Z DEBUG transparent_shard_server::runtime: construction stage geometry="recent-8k" table="directory" seconds=0.000276325 stage="publish_parameters"
2026-09-09T19:33:40.970433Z DEBUG transparent_shard_server::runtime: runtime stage key=("b16be2933ab920bc4745ea8917e5167a7a685c211e0b4febe88b4d3018f970bc", Directory, 0) seconds=2.869399679 stage="runtime_build"
2026-09-09T19:33:40.970472Z DEBUG transparent_shard_server::runtime: runtime stage key=("b16be2933ab920bc4745ea8917e5167a7a685c211e0b4febe88b4d3018f970bc", Directory, 0) reserved_bytes=136314880 stage="serialization_handoff"
2026-09-09T19:33:40.970518Z DEBUG transparent_shard_server::runtime: runtime stage key=("b16be2933ab920bc4745ea8917e5167a7a685c211e0b4febe88b4d3018f970bc", Pages, 0) seconds=8.212043461 stage="build_slot"
2026-09-09T19:33:40.970629Z DEBUG transparent_shard_server::memory: cold build admission wait seconds=7.989e-5 admitted=true
2026-09-09T19:33:41.108928Z DEBUG transparent_shard_server::runtime: runtime stage key=("b16be2933ab920bc4745ea8917e5167a7a685c211e0b4febe88b4d3018f970bc", Pages, 0) seconds=0.138278803 stage="source_load"
2026-09-09T19:33:41.404473Z DEBUG transparent_shard_server::runtime: construction stage geometry="recent-8k" table="pages" seconds=0.295508679 stage="encode_database"
2026-09-09T19:33:41.404588Z DEBUG transparent_shard_server::runtime: construction stage geometry="recent-8k" table="pages" seconds=6.9814e-5 stage="public_setup"
2026-09-09T19:33:41.705193Z DEBUG transparent_shard_server::runtime: runtime stage key=("b16be2933ab920bc4745ea8917e5167a7a685c211e0b4febe88b4d3018f970bc", Directory, 0) seconds=0.734712947 stage="disk_save"
2026-09-09T19:33:41.706211Z DEBUG transparent_shard_server::runtime: runtime stage key=("1cd27964911287b2a127c1f8df5e6b0c19f5b4db309391c5adb2db3072bfec6e", Directory, 0) seconds=2.041e-6 stage="restore_slot"
2026-09-09T19:33:41.706385Z DEBUG transparent_shard_server::runtime: runtime stage key=("1cd27964911287b2a127c1f8df5e6b0c19f5b4db309391c5adb2db3072bfec6e", Directory, 0) seconds=5.4984e-5 hit=false stage="disk_restore"
2026-09-09T19:33:42.053811Z DEBUG transparent_shard_server::runtime: construction stage geometry="recent-8k" table="pages" seconds=0.64921504 stage="hint_columns"
2026-09-09T19:33:44.050990Z DEBUG transparent_shard_server::runtime: construction stage geometry="recent-8k" table="pages" seconds=1.997133834 stage="pack_preprocessing"
2026-09-09T19:33:44.051308Z DEBUG transparent_shard_server::runtime: construction stage geometry="recent-8k" table="pages" seconds=0.000270321 stage="publish_parameters"
2026-09-09T19:33:44.052038Z DEBUG transparent_shard_server::runtime: runtime stage key=("b16be2933ab920bc4745ea8917e5167a7a685c211e0b4febe88b4d3018f970bc", Pages, 0) seconds=2.943076304 stage="runtime_build"
2026-09-09T19:33:44.052091Z DEBUG transparent_shard_server::runtime: runtime stage key=("16b8227360ce35dd2e111156f5e31fd5eb500ff877879a212fef6cf8471de8a5", Directory, 0) seconds=8.444695003 stage="build_slot"
2026-09-09T19:33:44.052193Z DEBUG transparent_shard_server::memory: cold build admission wait seconds=9.5185e-5 admitted=true
2026-09-09T19:33:44.052218Z DEBUG transparent_shard_server::runtime: runtime stage key=("b16be2933ab920bc4745ea8917e5167a7a685c211e0b4febe88b4d3018f970bc", Pages, 0) reserved_bytes=136314880 stage="serialization_handoff"
2026-09-09T19:33:44.188585Z DEBUG transparent_shard_server::runtime: runtime stage key=("16b8227360ce35dd2e111156f5e31fd5eb500ff877879a212fef6cf8471de8a5", Directory, 0) seconds=0.136340454 stage="source_load"
2026-09-09T19:33:44.491589Z DEBUG transparent_shard_server::runtime: construction stage geometry="recent-8k" table="directory" seconds=0.302971839 stage="encode_database"
2026-09-09T19:33:44.491710Z DEBUG transparent_shard_server::runtime: construction stage geometry="recent-8k" table="directory" seconds=8.669e-5 stage="public_setup"
2026-09-09T19:33:44.778375Z DEBUG transparent_shard_server::runtime: runtime stage key=("b16be2933ab920bc4745ea8917e5167a7a685c211e0b4febe88b4d3018f970bc", Pages, 0) seconds=0.726149525 stage="disk_save"
2026-09-09T19:33:44.778449Z DEBUG transparent_shard_server::runtime: runtime stage key=("1cd27964911287b2a127c1f8df5e6b0c19f5b4db309391c5adb2db3072bfec6e", Pages, 0) seconds=1.941e-6 stage="restore_slot"
2026-09-09T19:33:44.778579Z DEBUG transparent_shard_server::runtime: runtime stage key=("1cd27964911287b2a127c1f8df5e6b0c19f5b4db309391c5adb2db3072bfec6e", Pages, 0) seconds=4.4331e-5 hit=false stage="disk_restore"
2026-09-09T19:33:45.097228Z DEBUG transparent_shard_server::runtime: construction stage geometry="recent-8k" table="directory" seconds=0.605508365 stage="hint_columns"
2026-09-09T19:33:47.080156Z DEBUG transparent_shard_server::runtime: construction stage geometry="recent-8k" table="directory" seconds=1.982878342 stage="pack_preprocessing"
2026-09-09T19:33:47.080453Z DEBUG transparent_shard_server::runtime: construction stage geometry="recent-8k" table="directory" seconds=0.000245306 stage="publish_parameters"
2026-09-09T19:33:47.081140Z DEBUG transparent_shard_server::runtime: runtime stage key=("16b8227360ce35dd2e111156f5e31fd5eb500ff877879a212fef6cf8471de8a5", Directory, 0) seconds=2.8925239769999997 stage="runtime_build"
2026-09-09T19:33:47.081195Z DEBUG transparent_shard_server::runtime: runtime stage key=("16b8227360ce35dd2e111156f5e31fd5eb500ff877879a212fef6cf8471de8a5", Directory, 0) reserved_bytes=136314880 stage="serialization_handoff"
2026-09-09T19:33:47.081237Z DEBUG transparent_shard_server::runtime: runtime stage key=("16b8227360ce35dd2e111156f5e31fd5eb500ff877879a212fef6cf8471de8a5", Pages, 0) seconds=8.388771103 stage="build_slot"
2026-09-09T19:33:47.081342Z DEBUG transparent_shard_server::memory: cold build admission wait seconds=8.1114e-5 admitted=true
2026-09-09T19:33:47.216667Z DEBUG transparent_shard_server::runtime: runtime stage key=("16b8227360ce35dd2e111156f5e31fd5eb500ff877879a212fef6cf8471de8a5", Pages, 0) seconds=0.135283529 stage="source_load"
2026-09-09T19:33:47.507869Z DEBUG transparent_shard_server::runtime: construction stage geometry="recent-8k" table="pages" seconds=0.291168508 stage="encode_database"
2026-09-09T19:33:47.508002Z DEBUG transparent_shard_server::runtime: construction stage geometry="recent-8k" table="pages" seconds=0.000101236 stage="public_setup"
2026-09-09T19:33:47.806226Z DEBUG transparent_shard_server::runtime: runtime stage key=("16b8227360ce35dd2e111156f5e31fd5eb500ff877879a212fef6cf8471de8a5", Directory, 0) seconds=0.725022931 stage="disk_save"
2026-09-09T19:33:47.809212Z DEBUG transparent_shard_server::runtime: runtime stage key=("27f56c565263ecffb8c7736d4e811665d81bf4ed71c7978431fcc4f45b645ee1", Directory, 0) seconds=2.047e-6 stage="restore_slot"
2026-09-09T19:33:47.809378Z DEBUG transparent_shard_server::runtime: runtime stage key=("27f56c565263ecffb8c7736d4e811665d81bf4ed71c7978431fcc4f45b645ee1", Directory, 0) seconds=3.1507e-5 hit=false stage="disk_restore"
2026-09-09T19:33:48.160667Z DEBUG transparent_shard_server::runtime: construction stage geometry="recent-8k" table="pages" seconds=0.652655764 stage="hint_columns"
2026-09-09T19:33:50.204479Z DEBUG transparent_shard_server::runtime: construction stage geometry="recent-8k" table="pages" seconds=2.043748332 stage="pack_preprocessing"
2026-09-09T19:33:50.204790Z DEBUG transparent_shard_server::runtime: construction stage geometry="recent-8k" table="pages" seconds=0.000263177 stage="publish_parameters"
2026-09-09T19:33:50.205521Z DEBUG transparent_shard_server::runtime: runtime stage key=("16b8227360ce35dd2e111156f5e31fd5eb500ff877879a212fef6cf8471de8a5", Pages, 0) seconds=2.9888222989999997 stage="runtime_build"
2026-09-09T19:33:50.205551Z DEBUG transparent_shard_server::runtime: runtime stage key=("16b8227360ce35dd2e111156f5e31fd5eb500ff877879a212fef6cf8471de8a5", Pages, 0) reserved_bytes=136314880 stage="serialization_handoff"
2026-09-09T19:33:50.205619Z DEBUG transparent_shard_server::runtime: runtime stage key=("1cd27964911287b2a127c1f8df5e6b0c19f5b4db309391c5adb2db3072bfec6e", Directory, 0) seconds=8.499203989 stage="build_slot"
2026-09-09T19:33:50.205731Z DEBUG transparent_shard_server::memory: cold build admission wait seconds=8.0266e-5 admitted=true
2026-09-09T19:33:50.343241Z DEBUG transparent_shard_server::runtime: runtime stage key=("1cd27964911287b2a127c1f8df5e6b0c19f5b4db309391c5adb2db3072bfec6e", Directory, 0) seconds=0.137469686 stage="source_load"
2026-09-09T19:33:50.637360Z DEBUG transparent_shard_server::runtime: construction stage geometry="recent-8k" table="directory" seconds=0.294083975 stage="encode_database"
2026-09-09T19:33:50.637471Z DEBUG transparent_shard_server::runtime: construction stage geometry="recent-8k" table="directory" seconds=7.6053e-5 stage="public_setup"
2026-09-09T19:33:50.926932Z DEBUG transparent_shard_server::runtime: runtime stage key=("16b8227360ce35dd2e111156f5e31fd5eb500ff877879a212fef6cf8471de8a5", Pages, 0) seconds=0.721374289 stage="disk_save"
2026-09-09T19:33:50.929222Z DEBUG transparent_shard_server::runtime: runtime stage key=("27f56c565263ecffb8c7736d4e811665d81bf4ed71c7978431fcc4f45b645ee1", Pages, 0) seconds=2.056e-6 stage="restore_slot"
2026-09-09T19:33:50.929403Z DEBUG transparent_shard_server::runtime: runtime stage key=("27f56c565263ecffb8c7736d4e811665d81bf4ed71c7978431fcc4f45b645ee1", Pages, 0) seconds=4.9615e-5 hit=false stage="disk_restore"
2026-09-09T19:33:51.236565Z DEBUG transparent_shard_server::runtime: construction stage geometry="recent-8k" table="directory" seconds=0.599086341 stage="hint_columns"
2026-09-09T19:33:53.253775Z DEBUG transparent_shard_server::runtime: construction stage geometry="recent-8k" table="directory" seconds=2.017167474 stage="pack_preprocessing"
2026-09-09T19:33:53.254070Z DEBUG transparent_shard_server::runtime: construction stage geometry="recent-8k" table="directory" seconds=0.000254479 stage="publish_parameters"
2026-09-09T19:33:53.254806Z DEBUG transparent_shard_server::runtime: runtime stage key=("1cd27964911287b2a127c1f8df5e6b0c19f5b4db309391c5adb2db3072bfec6e", Directory, 0) seconds=2.911531723 stage="runtime_build"
2026-09-09T19:33:53.254833Z DEBUG transparent_shard_server::runtime: runtime stage key=("1cd27964911287b2a127c1f8df5e6b0c19f5b4db309391c5adb2db3072bfec6e", Directory, 0) reserved_bytes=136314880 stage="serialization_handoff"
2026-09-09T19:33:53.254883Z DEBUG transparent_shard_server::runtime: runtime stage key=("1cd27964911287b2a127c1f8df5e6b0c19f5b4db309391c5adb2db3072bfec6e", Pages, 0) seconds=8.476258565 stage="build_slot"
2026-09-09T19:33:53.255045Z DEBUG transparent_shard_server::memory: cold build admission wait seconds=0.000116967 admitted=true
2026-09-09T19:33:53.391215Z DEBUG transparent_shard_server::runtime: runtime stage key=("1cd27964911287b2a127c1f8df5e6b0c19f5b4db309391c5adb2db3072bfec6e", Pages, 0) seconds=0.136150277 stage="source_load"
2026-09-09T19:33:53.684103Z DEBUG transparent_shard_server::runtime: construction stage geometry="recent-8k" table="pages" seconds=0.292854209 stage="encode_database"
2026-09-09T19:33:53.684263Z DEBUG transparent_shard_server::runtime: construction stage geometry="recent-8k" table="pages" seconds=0.000125757 stage="public_setup"
2026-09-09T19:33:53.976857Z DEBUG transparent_shard_server::runtime: runtime stage key=("1cd27964911287b2a127c1f8df5e6b0c19f5b4db309391c5adb2db3072bfec6e", Directory, 0) seconds=0.722017269 stage="disk_save"
2026-09-09T19:33:53.979199Z DEBUG transparent_shard_server::runtime: runtime stage key=("ced665ae1f1140944bcd0c9aa2b83c1019df768df87fa513f9509106fc5b88c1", Directory, 0) seconds=1.796e-6 stage="restore_slot"
2026-09-09T19:33:53.979353Z DEBUG transparent_shard_server::runtime: runtime stage key=("ced665ae1f1140944bcd0c9aa2b83c1019df768df87fa513f9509106fc5b88c1", Directory, 0) seconds=3.9062e-5 hit=false stage="disk_restore"
2026-09-09T19:33:54.325752Z DEBUG transparent_shard_server::runtime: construction stage geometry="recent-8k" table="pages" seconds=0.641479146 stage="hint_columns"
2026-09-09T19:33:56.337913Z DEBUG transparent_shard_server::runtime: construction stage geometry="recent-8k" table="pages" seconds=2.012114006 stage="pack_preprocessing"
2026-09-09T19:33:56.338216Z DEBUG transparent_shard_server::runtime: construction stage geometry="recent-8k" table="pages" seconds=0.000254838 stage="publish_parameters"
2026-09-09T19:33:56.338903Z DEBUG transparent_shard_server::runtime: runtime stage key=("1cd27964911287b2a127c1f8df5e6b0c19f5b4db309391c5adb2db3072bfec6e", Pages, 0) seconds=2.947656717 stage="runtime_build"
2026-09-09T19:33:56.338943Z DEBUG transparent_shard_server::runtime: runtime stage key=("27f56c565263ecffb8c7736d4e811665d81bf4ed71c7978431fcc4f45b645ee1", Directory, 0) seconds=8.529547167 stage="build_slot"
2026-09-09T19:33:56.339049Z DEBUG transparent_shard_server::memory: cold build admission wait seconds=9.8995e-5 admitted=true
2026-09-09T19:33:56.339079Z DEBUG transparent_shard_server::runtime: runtime stage key=("1cd27964911287b2a127c1f8df5e6b0c19f5b4db309391c5adb2db3072bfec6e", Pages, 0) reserved_bytes=136314880 stage="serialization_handoff"
2026-09-09T19:33:56.475057Z DEBUG transparent_shard_server::runtime: runtime stage key=("27f56c565263ecffb8c7736d4e811665d81bf4ed71c7978431fcc4f45b645ee1", Directory, 0) seconds=0.135971652 stage="source_load"
2026-09-09T19:33:56.776542Z DEBUG transparent_shard_server::runtime: construction stage geometry="recent-8k" table="directory" seconds=0.301453063 stage="encode_database"
2026-09-09T19:33:56.776672Z DEBUG transparent_shard_server::runtime: construction stage geometry="recent-8k" table="directory" seconds=9.1644e-5 stage="public_setup"
2026-09-09T19:33:57.072347Z DEBUG transparent_shard_server::runtime: runtime stage key=("1cd27964911287b2a127c1f8df5e6b0c19f5b4db309391c5adb2db3072bfec6e", Pages, 0) seconds=0.733260421 stage="disk_save"
2026-09-09T19:33:57.072416Z DEBUG transparent_shard_server::runtime: runtime stage key=("ced665ae1f1140944bcd0c9aa2b83c1019df768df87fa513f9509106fc5b88c1", Pages, 0) seconds=1.787e-6 stage="restore_slot"
2026-09-09T19:33:57.072540Z DEBUG transparent_shard_server::runtime: runtime stage key=("ced665ae1f1140944bcd0c9aa2b83c1019df768df87fa513f9509106fc5b88c1", Pages, 0) seconds=4.1221e-5 hit=false stage="disk_restore"
2026-09-09T19:33:57.377707Z DEBUG transparent_shard_server::runtime: construction stage geometry="recent-8k" table="directory" seconds=0.601026508 stage="hint_columns"
2026-09-09T19:33:59.346461Z DEBUG transparent_shard_server::runtime: construction stage geometry="recent-8k" table="directory" seconds=1.968710741 stage="pack_preprocessing"
2026-09-09T19:33:59.346776Z DEBUG transparent_shard_server::runtime: construction stage geometry="recent-8k" table="directory" seconds=0.000276362 stage="publish_parameters"
2026-09-09T19:33:59.347458Z DEBUG transparent_shard_server::runtime: runtime stage key=("27f56c565263ecffb8c7736d4e811665d81bf4ed71c7978431fcc4f45b645ee1", Directory, 0) seconds=2.872371883 stage="runtime_build"
2026-09-09T19:33:59.347483Z DEBUG transparent_shard_server::runtime: runtime stage key=("27f56c565263ecffb8c7736d4e811665d81bf4ed71c7978431fcc4f45b645ee1", Directory, 0) reserved_bytes=136314880 stage="serialization_handoff"
2026-09-09T19:33:59.347597Z DEBUG transparent_shard_server::runtime: runtime stage key=("27f56c565263ecffb8c7736d4e811665d81bf4ed71c7978431fcc4f45b645ee1", Pages, 0) seconds=8.418125231 stage="build_slot"
2026-09-09T19:33:59.347709Z DEBUG transparent_shard_server::memory: cold build admission wait seconds=8.7421e-5 admitted=true
2026-09-09T19:33:59.484205Z DEBUG transparent_shard_server::runtime: runtime stage key=("27f56c565263ecffb8c7736d4e811665d81bf4ed71c7978431fcc4f45b645ee1", Pages, 0) seconds=0.1363492 stage="source_load"
2026-09-09T19:33:59.785107Z DEBUG transparent_shard_server::runtime: construction stage geometry="recent-8k" table="pages" seconds=0.300866665 stage="encode_database"
2026-09-09T19:33:59.785226Z DEBUG transparent_shard_server::runtime: construction stage geometry="recent-8k" table="pages" seconds=8.441e-5 stage="public_setup"
2026-09-09T19:34:00.061737Z DEBUG transparent_shard_server::runtime: runtime stage key=("27f56c565263ecffb8c7736d4e811665d81bf4ed71c7978431fcc4f45b645ee1", Directory, 0) seconds=0.714247603 stage="disk_save"
2026-09-09T19:34:00.062215Z DEBUG transparent_shard_server::runtime: runtime stage key=("2d4497bf9e8bafc6139ee4e57114238a7ecfa0782702939922bf2a79b1fe05bf", Directory, 0) seconds=2.318e-6 stage="restore_slot"
2026-09-09T19:34:00.062375Z DEBUG transparent_shard_server::runtime: runtime stage key=("2d4497bf9e8bafc6139ee4e57114238a7ecfa0782702939922bf2a79b1fe05bf", Directory, 0) seconds=4.6547e-5 hit=false stage="disk_restore"
2026-09-09T19:34:00.432336Z DEBUG transparent_shard_server::runtime: construction stage geometry="recent-8k" table="pages" seconds=0.64710095 stage="hint_columns"
test burst::publication_burst_under_exact_load has been running for over 60 seconds
2026-09-09T19:34:02.465551Z DEBUG transparent_shard_server::runtime: construction stage geometry="recent-8k" table="pages" seconds=2.0331697 stage="pack_preprocessing"
2026-09-09T19:34:02.465882Z DEBUG transparent_shard_server::runtime: construction stage geometry="recent-8k" table="pages" seconds=0.000278743 stage="publish_parameters"
2026-09-09T19:34:02.466640Z DEBUG transparent_shard_server::runtime: runtime stage key=("27f56c565263ecffb8c7736d4e811665d81bf4ed71c7978431fcc4f45b645ee1", Pages, 0) seconds=2.982401056 stage="runtime_build"
2026-09-09T19:34:02.466685Z DEBUG transparent_shard_server::runtime: runtime stage key=("27f56c565263ecffb8c7736d4e811665d81bf4ed71c7978431fcc4f45b645ee1", Pages, 0) reserved_bytes=136314880 stage="serialization_handoff"
2026-09-09T19:34:02.466758Z DEBUG transparent_shard_server::runtime: runtime stage key=("ced665ae1f1140944bcd0c9aa2b83c1019df768df87fa513f9509106fc5b88c1", Directory, 0) seconds=8.487372129 stage="build_slot"
2026-09-09T19:34:02.466882Z DEBUG transparent_shard_server::memory: cold build admission wait seconds=9.7823e-5 admitted=true
2026-09-09T19:34:02.689568Z DEBUG transparent_shard_server::runtime: runtime stage key=("ced665ae1f1140944bcd0c9aa2b83c1019df768df87fa513f9509106fc5b88c1", Directory, 0) seconds=0.222604645 stage="source_load"
2026-09-09T19:34:02.994103Z DEBUG transparent_shard_server::runtime: construction stage geometry="recent-8k" table="directory" seconds=0.304503568 stage="encode_database"
2026-09-09T19:34:02.994248Z DEBUG transparent_shard_server::runtime: construction stage geometry="recent-8k" table="directory" seconds=8.8792e-5 stage="public_setup"
2026-09-09T19:34:03.305201Z DEBUG transparent_shard_server::runtime: runtime stage key=("27f56c565263ecffb8c7736d4e811665d81bf4ed71c7978431fcc4f45b645ee1", Pages, 0) seconds=0.838508614 stage="disk_save"
2026-09-09T19:34:03.307202Z DEBUG transparent_shard_server::runtime: runtime stage key=("2d4497bf9e8bafc6139ee4e57114238a7ecfa0782702939922bf2a79b1fe05bf", Pages, 0) seconds=2.11e-6 stage="restore_slot"
2026-09-09T19:34:03.307394Z DEBUG transparent_shard_server::runtime: runtime stage key=("2d4497bf9e8bafc6139ee4e57114238a7ecfa0782702939922bf2a79b1fe05bf", Pages, 0) seconds=6.3101e-5 hit=false stage="disk_restore"
2026-09-09T19:34:03.596061Z DEBUG transparent_shard_server::runtime: construction stage geometry="recent-8k" table="directory" seconds=0.601802645 stage="hint_columns"
2026-09-09T19:34:05.615969Z DEBUG transparent_shard_server::runtime: construction stage geometry="recent-8k" table="directory" seconds=2.019863626 stage="pack_preprocessing"
2026-09-09T19:34:05.616320Z DEBUG transparent_shard_server::runtime: construction stage geometry="recent-8k" table="directory" seconds=0.000288152 stage="publish_parameters"
2026-09-09T19:34:05.617061Z DEBUG transparent_shard_server::runtime: runtime stage key=("ced665ae1f1140944bcd0c9aa2b83c1019df768df87fa513f9509106fc5b88c1", Directory, 0) seconds=2.927463113 stage="runtime_build"
2026-09-09T19:34:05.617091Z DEBUG transparent_shard_server::runtime: runtime stage key=("ced665ae1f1140944bcd0c9aa2b83c1019df768df87fa513f9509106fc5b88c1", Directory, 0) reserved_bytes=136314880 stage="serialization_handoff"
2026-09-09T19:34:05.617135Z DEBUG transparent_shard_server::runtime: runtime stage key=("ced665ae1f1140944bcd0c9aa2b83c1019df768df87fa513f9509106fc5b88c1", Pages, 0) seconds=8.544558757 stage="build_slot"
2026-09-09T19:34:05.617260Z DEBUG transparent_shard_server::memory: cold build admission wait seconds=7.9837e-5 admitted=true
2026-09-09T19:34:05.754885Z DEBUG transparent_shard_server::runtime: runtime stage key=("ced665ae1f1140944bcd0c9aa2b83c1019df768df87fa513f9509106fc5b88c1", Pages, 0) seconds=0.137601798 stage="source_load"
2026-09-09T19:34:06.059628Z DEBUG transparent_shard_server::runtime: construction stage geometry="recent-8k" table="pages" seconds=0.304711014 stage="encode_database"
2026-09-09T19:34:06.059737Z DEBUG transparent_shard_server::runtime: construction stage geometry="recent-8k" table="pages" seconds=7.4924e-5 stage="public_setup"
2026-09-09T19:34:06.347204Z DEBUG transparent_shard_server::runtime: runtime stage key=("ced665ae1f1140944bcd0c9aa2b83c1019df768df87fa513f9509106fc5b88c1", Directory, 0) seconds=0.730106711 stage="disk_save"
2026-09-09T19:34:06.349207Z DEBUG transparent_shard_server::runtime: runtime stage key=("a4bd72b37c0aafb265c77bb09cbc402cf69b65a87a1fabc8a0f12614b35469be", Directory, 0) seconds=1.948e-6 stage="restore_slot"
2026-09-09T19:34:06.349385Z DEBUG transparent_shard_server::runtime: runtime stage key=("a4bd72b37c0aafb265c77bb09cbc402cf69b65a87a1fabc8a0f12614b35469be", Directory, 0) seconds=4.8346e-5 hit=false stage="disk_restore"
2026-09-09T19:34:06.703037Z DEBUG transparent_shard_server::runtime: construction stage geometry="recent-8k" table="pages" seconds=0.643292028 stage="hint_columns"
2026-09-09T19:34:08.709154Z DEBUG transparent_shard_server::runtime: construction stage geometry="recent-8k" table="pages" seconds=2.006072349 stage="pack_preprocessing"
2026-09-09T19:34:08.709452Z DEBUG transparent_shard_server::runtime: construction stage geometry="recent-8k" table="pages" seconds=0.000245173 stage="publish_parameters"
2026-09-09T19:34:08.710151Z DEBUG transparent_shard_server::runtime: runtime stage key=("ced665ae1f1140944bcd0c9aa2b83c1019df768df87fa513f9509106fc5b88c1", Pages, 0) seconds=2.955236587 stage="runtime_build"
2026-09-09T19:34:08.710214Z DEBUG transparent_shard_server::runtime: runtime stage key=("2d4497bf9e8bafc6139ee4e57114238a7ecfa0782702939922bf2a79b1fe05bf", Directory, 0) seconds=8.647820934 stage="build_slot"
2026-09-09T19:34:08.710297Z DEBUG transparent_shard_server::memory: cold build admission wait seconds=7.7553e-5 admitted=true
2026-09-09T19:34:08.710320Z DEBUG transparent_shard_server::runtime: runtime stage key=("ced665ae1f1140944bcd0c9aa2b83c1019df768df87fa513f9509106fc5b88c1", Pages, 0) reserved_bytes=136314880 stage="serialization_handoff"
2026-09-09T19:34:08.847916Z DEBUG transparent_shard_server::runtime: runtime stage key=("2d4497bf9e8bafc6139ee4e57114238a7ecfa0782702939922bf2a79b1fe05bf", Directory, 0) seconds=0.13758665 stage="source_load"
2026-09-09T19:34:09.153960Z DEBUG transparent_shard_server::runtime: construction stage geometry="recent-8k" table="directory" seconds=0.306005602 stage="encode_database"
2026-09-09T19:34:09.154073Z DEBUG transparent_shard_server::runtime: construction stage geometry="recent-8k" table="directory" seconds=7.4685e-5 stage="public_setup"
2026-09-09T19:34:09.449207Z DEBUG transparent_shard_server::runtime: runtime stage key=("ced665ae1f1140944bcd0c9aa2b83c1019df768df87fa513f9509106fc5b88c1", Pages, 0) seconds=0.738879306 stage="disk_save"
2026-09-09T19:34:09.449292Z DEBUG transparent_shard_server::runtime: runtime stage key=("a4bd72b37c0aafb265c77bb09cbc402cf69b65a87a1fabc8a0f12614b35469be", Pages, 0) seconds=2.884e-6 stage="restore_slot"
2026-09-09T19:34:09.449445Z DEBUG transparent_shard_server::runtime: runtime stage key=("a4bd72b37c0aafb265c77bb09cbc402cf69b65a87a1fabc8a0f12614b35469be", Pages, 0) seconds=5.2881e-5 hit=false stage="disk_restore"
2026-09-09T19:34:09.750083Z DEBUG transparent_shard_server::runtime: construction stage geometry="recent-8k" table="directory" seconds=0.596002005 stage="hint_columns"
2026-09-09T19:34:11.782854Z DEBUG transparent_shard_server::runtime: construction stage geometry="recent-8k" table="directory" seconds=2.032723547 stage="pack_preprocessing"
2026-09-09T19:34:11.783147Z DEBUG transparent_shard_server::runtime: construction stage geometry="recent-8k" table="directory" seconds=0.00025103 stage="publish_parameters"
2026-09-09T19:34:11.783855Z DEBUG transparent_shard_server::runtime: runtime stage key=("2d4497bf9e8bafc6139ee4e57114238a7ecfa0782702939922bf2a79b1fe05bf", Directory, 0) seconds=2.935903724 stage="runtime_build"
2026-09-09T19:34:11.783885Z DEBUG transparent_shard_server::runtime: runtime stage key=("2d4497bf9e8bafc6139ee4e57114238a7ecfa0782702939922bf2a79b1fe05bf", Directory, 0) reserved_bytes=136314880 stage="serialization_handoff"
2026-09-09T19:34:11.784018Z DEBUG transparent_shard_server::runtime: runtime stage key=("2d4497bf9e8bafc6139ee4e57114238a7ecfa0782702939922bf2a79b1fe05bf", Pages, 0) seconds=8.47658714 stage="build_slot"
2026-09-09T19:34:11.784130Z DEBUG transparent_shard_server::memory: cold build admission wait seconds=7.9383e-5 admitted=true
2026-09-09T19:34:11.920467Z DEBUG transparent_shard_server::runtime: runtime stage key=("2d4497bf9e8bafc6139ee4e57114238a7ecfa0782702939922bf2a79b1fe05bf", Pages, 0) seconds=0.136228196 stage="source_load"
2026-09-09T19:34:12.224717Z DEBUG transparent_shard_server::runtime: construction stage geometry="recent-8k" table="pages" seconds=0.304194213 stage="encode_database"
2026-09-09T19:34:12.224850Z DEBUG transparent_shard_server::runtime: construction stage geometry="recent-8k" table="pages" seconds=7.553e-5 stage="public_setup"
2026-09-09T19:34:12.524762Z DEBUG transparent_shard_server::runtime: runtime stage key=("2d4497bf9e8bafc6139ee4e57114238a7ecfa0782702939922bf2a79b1fe05bf", Directory, 0) seconds=0.740869749 stage="disk_save"
2026-09-09T19:34:12.526204Z DEBUG transparent_shard_server::runtime: runtime stage key=("c907a0aa45b2551520863990845279fd25135889865e088c2dad6ea0d32b8fde", Directory, 0) seconds=2.997e-6 stage="restore_slot"
2026-09-09T19:34:12.526354Z DEBUG transparent_shard_server::runtime: runtime stage key=("c907a0aa45b2551520863990845279fd25135889865e088c2dad6ea0d32b8fde", Directory, 0) seconds=2.9061e-5 hit=false stage="disk_restore"
2026-09-09T19:34:12.872539Z DEBUG transparent_shard_server::runtime: construction stage geometry="recent-8k" table="pages" seconds=0.647680854 stage="hint_columns"
2026-09-09T19:34:14.879263Z DEBUG transparent_shard_server::runtime: construction stage geometry="recent-8k" table="pages" seconds=2.006679525 stage="pack_preprocessing"
2026-09-09T19:34:14.879542Z DEBUG transparent_shard_server::runtime: construction stage geometry="recent-8k" table="pages" seconds=0.000236478 stage="publish_parameters"
2026-09-09T19:34:14.880320Z DEBUG transparent_shard_server::runtime: runtime stage key=("2d4497bf9e8bafc6139ee4e57114238a7ecfa0782702939922bf2a79b1fe05bf", Pages, 0) seconds=2.959819473 stage="runtime_build"
2026-09-09T19:34:14.880353Z DEBUG transparent_shard_server::runtime: runtime stage key=("2d4497bf9e8bafc6139ee4e57114238a7ecfa0782702939922bf2a79b1fe05bf", Pages, 0) reserved_bytes=136314880 stage="serialization_handoff"
2026-09-09T19:34:14.880477Z DEBUG transparent_shard_server::runtime: runtime stage key=("a4bd72b37c0aafb265c77bb09cbc402cf69b65a87a1fabc8a0f12614b35469be", Directory, 0) seconds=8.531045587 stage="build_slot"
2026-09-09T19:34:14.880577Z DEBUG transparent_shard_server::memory: cold build admission wait seconds=7.7929e-5 admitted=true
2026-09-09T19:34:15.017327Z DEBUG transparent_shard_server::runtime: runtime stage key=("a4bd72b37c0aafb265c77bb09cbc402cf69b65a87a1fabc8a0f12614b35469be", Directory, 0) seconds=0.136604193 stage="source_load"
2026-09-09T19:34:15.321208Z DEBUG transparent_shard_server::runtime: construction stage geometry="recent-8k" table="directory" seconds=0.303845899 stage="encode_database"
2026-09-09T19:34:15.321331Z DEBUG transparent_shard_server::runtime: construction stage geometry="recent-8k" table="directory" seconds=8.8194e-5 stage="public_setup"
2026-09-09T19:34:15.606837Z DEBUG transparent_shard_server::runtime: runtime stage key=("2d4497bf9e8bafc6139ee4e57114238a7ecfa0782702939922bf2a79b1fe05bf", Pages, 0) seconds=0.72647891 stage="disk_save"
2026-09-09T19:34:15.607223Z DEBUG transparent_shard_server::runtime: runtime stage key=("c907a0aa45b2551520863990845279fd25135889865e088c2dad6ea0d32b8fde", Pages, 0) seconds=2.063e-6 stage="restore_slot"
2026-09-09T19:34:15.607381Z DEBUG transparent_shard_server::runtime: runtime stage key=("c907a0aa45b2551520863990845279fd25135889865e088c2dad6ea0d32b8fde", Pages, 0) seconds=4.1835e-5 hit=false stage="disk_restore"
2026-09-09T19:34:15.920919Z DEBUG transparent_shard_server::runtime: construction stage geometry="recent-8k" table="directory" seconds=0.599578765 stage="hint_columns"
2026-09-09T19:34:17.954516Z DEBUG transparent_shard_server::runtime: construction stage geometry="recent-8k" table="directory" seconds=2.033548817 stage="pack_preprocessing"
2026-09-09T19:34:17.954843Z DEBUG transparent_shard_server::runtime: construction stage geometry="recent-8k" table="directory" seconds=0.000289289 stage="publish_parameters"
2026-09-09T19:34:17.955615Z DEBUG transparent_shard_server::runtime: runtime stage key=("a4bd72b37c0aafb265c77bb09cbc402cf69b65a87a1fabc8a0f12614b35469be", Directory, 0) seconds=2.9382543009999997 stage="runtime_build"
2026-09-09T19:34:17.955650Z DEBUG transparent_shard_server::runtime: runtime stage key=("a4bd72b37c0aafb265c77bb09cbc402cf69b65a87a1fabc8a0f12614b35469be", Directory, 0) reserved_bytes=136314880 stage="serialization_handoff"
2026-09-09T19:34:17.955702Z DEBUG transparent_shard_server::runtime: runtime stage key=("a4bd72b37c0aafb265c77bb09cbc402cf69b65a87a1fabc8a0f12614b35469be", Pages, 0) seconds=8.506212672 stage="build_slot"
2026-09-09T19:34:17.955804Z DEBUG transparent_shard_server::memory: cold build admission wait seconds=7.882e-5 admitted=true
2026-09-09T19:34:18.092626Z DEBUG transparent_shard_server::runtime: runtime stage key=("a4bd72b37c0aafb265c77bb09cbc402cf69b65a87a1fabc8a0f12614b35469be", Pages, 0) seconds=0.136804984 stage="source_load"
2026-09-09T19:34:18.395344Z DEBUG transparent_shard_server::runtime: construction stage geometry="recent-8k" table="pages" seconds=0.302678495 stage="encode_database"
2026-09-09T19:34:18.395446Z DEBUG transparent_shard_server::runtime: construction stage geometry="recent-8k" table="pages" seconds=7.367e-5 stage="public_setup"
2026-09-09T19:34:18.692215Z DEBUG transparent_shard_server::runtime: runtime stage key=("a4bd72b37c0aafb265c77bb09cbc402cf69b65a87a1fabc8a0f12614b35469be", Directory, 0) seconds=0.736545477 stage="disk_save"
2026-09-09T19:34:18.693197Z DEBUG transparent_shard_server::runtime: runtime stage key=("67574e8d4c7f7c258f8c7488f73e80a9476f8074c3db3540325133ff25020c2b", Directory, 0) seconds=1.846e-6 stage="restore_slot"
2026-09-09T19:34:18.693345Z DEBUG transparent_shard_server::runtime: runtime stage key=("67574e8d4c7f7c258f8c7488f73e80a9476f8074c3db3540325133ff25020c2b", Directory, 0) seconds=3.8892e-5 hit=false stage="disk_restore"
2026-09-09T19:34:19.038863Z DEBUG transparent_shard_server::runtime: construction stage geometry="recent-8k" table="pages" seconds=0.64340887 stage="hint_columns"
2026-09-09T19:34:21.020568Z DEBUG transparent_shard_server::runtime: construction stage geometry="recent-8k" table="pages" seconds=1.981662097 stage="pack_preprocessing"
2026-09-09T19:34:21.020872Z DEBUG transparent_shard_server::runtime: construction stage geometry="recent-8k" table="pages" seconds=0.000263501 stage="publish_parameters"
2026-09-09T19:34:21.021628Z DEBUG transparent_shard_server::runtime: runtime stage key=("a4bd72b37c0aafb265c77bb09cbc402cf69b65a87a1fabc8a0f12614b35469be", Pages, 0) seconds=2.928964888 stage="runtime_build"
2026-09-09T19:34:21.021679Z DEBUG transparent_shard_server::runtime: runtime stage key=("c907a0aa45b2551520863990845279fd25135889865e088c2dad6ea0d32b8fde", Directory, 0) seconds=8.495305831 stage="build_slot"
2026-09-09T19:34:21.021768Z DEBUG transparent_shard_server::memory: cold build admission wait seconds=8.3817e-5 admitted=true
2026-09-09T19:34:21.021787Z DEBUG transparent_shard_server::runtime: runtime stage key=("a4bd72b37c0aafb265c77bb09cbc402cf69b65a87a1fabc8a0f12614b35469be", Pages, 0) reserved_bytes=136314880 stage="serialization_handoff"
2026-09-09T19:34:21.160317Z DEBUG transparent_shard_server::runtime: runtime stage key=("c907a0aa45b2551520863990845279fd25135889865e088c2dad6ea0d32b8fde", Directory, 0) seconds=0.138498593 stage="source_load"
2026-09-09T19:34:21.463237Z DEBUG transparent_shard_server::runtime: construction stage geometry="recent-8k" table="directory" seconds=0.302868545 stage="encode_database"
2026-09-09T19:34:21.463343Z DEBUG transparent_shard_server::runtime: construction stage geometry="recent-8k" table="directory" seconds=7.0798e-5 stage="public_setup"
2026-09-09T19:34:21.749197Z DEBUG transparent_shard_server::runtime: runtime stage key=("a4bd72b37c0aafb265c77bb09cbc402cf69b65a87a1fabc8a0f12614b35469be", Pages, 0) seconds=0.727403566 stage="disk_save"
2026-09-09T19:34:21.749272Z DEBUG transparent_shard_server::runtime: runtime stage key=("67574e8d4c7f7c258f8c7488f73e80a9476f8074c3db3540325133ff25020c2b", Pages, 0) seconds=2.305e-6 stage="restore_slot"
2026-09-09T19:34:21.749417Z DEBUG transparent_shard_server::runtime: runtime stage key=("67574e8d4c7f7c258f8c7488f73e80a9476f8074c3db3540325133ff25020c2b", Pages, 0) seconds=4.562e-5 hit=false stage="disk_restore"
2026-09-09T19:34:22.055104Z DEBUG transparent_shard_server::runtime: construction stage geometry="recent-8k" table="directory" seconds=0.591754562 stage="hint_columns"
2026-09-09T19:34:24.039680Z DEBUG transparent_shard_server::runtime: construction stage geometry="recent-8k" table="directory" seconds=1.984524145 stage="pack_preprocessing"
2026-09-09T19:34:24.039984Z DEBUG transparent_shard_server::runtime: construction stage geometry="recent-8k" table="directory" seconds=0.000260537 stage="publish_parameters"
2026-09-09T19:34:24.040811Z DEBUG transparent_shard_server::runtime: runtime stage key=("c907a0aa45b2551520863990845279fd25135889865e088c2dad6ea0d32b8fde", Directory, 0) seconds=2.880444023 stage="runtime_build"
2026-09-09T19:34:24.040851Z DEBUG transparent_shard_server::runtime: runtime stage key=("c907a0aa45b2551520863990845279fd25135889865e088c2dad6ea0d32b8fde", Directory, 0) reserved_bytes=136314880 stage="serialization_handoff"
2026-09-09T19:34:24.040904Z DEBUG transparent_shard_server::runtime: runtime stage key=("c907a0aa45b2551520863990845279fd25135889865e088c2dad6ea0d32b8fde", Pages, 0) seconds=8.43348976 stage="build_slot"
2026-09-09T19:34:24.041020Z DEBUG transparent_shard_server::memory: cold build admission wait seconds=9.1001e-5 admitted=true
2026-09-09T19:34:24.178990Z DEBUG transparent_shard_server::runtime: runtime stage key=("c907a0aa45b2551520863990845279fd25135889865e088c2dad6ea0d32b8fde", Pages, 0) seconds=0.137918286 stage="source_load"
2026-09-09T19:34:24.483334Z DEBUG transparent_shard_server::runtime: construction stage geometry="recent-8k" table="pages" seconds=0.304308931 stage="encode_database"
2026-09-09T19:34:24.483469Z DEBUG transparent_shard_server::runtime: construction stage geometry="recent-8k" table="pages" seconds=9.5619e-5 stage="public_setup"
2026-09-09T19:34:24.774196Z DEBUG transparent_shard_server::runtime: runtime stage key=("c907a0aa45b2551520863990845279fd25135889865e088c2dad6ea0d32b8fde", Directory, 0) seconds=0.733338175 stage="disk_save"
2026-09-09T19:34:25.127274Z DEBUG transparent_shard_server::runtime: construction stage geometry="recent-8k" table="pages" seconds=0.643798306 stage="hint_columns"
2026-09-09T19:34:27.131726Z DEBUG transparent_shard_server::runtime: construction stage geometry="recent-8k" table="pages" seconds=2.00440761 stage="pack_preprocessing"
2026-09-09T19:34:27.132010Z DEBUG transparent_shard_server::runtime: construction stage geometry="recent-8k" table="pages" seconds=0.000244664 stage="publish_parameters"
2026-09-09T19:34:27.132776Z DEBUG transparent_shard_server::runtime: runtime stage key=("c907a0aa45b2551520863990845279fd25135889865e088c2dad6ea0d32b8fde", Pages, 0) seconds=2.95375358 stage="runtime_build"
2026-09-09T19:34:27.132806Z DEBUG transparent_shard_server::runtime: runtime stage key=("c907a0aa45b2551520863990845279fd25135889865e088c2dad6ea0d32b8fde", Pages, 0) reserved_bytes=136314880 stage="serialization_handoff"
2026-09-09T19:34:27.132886Z DEBUG transparent_shard_server::runtime: runtime stage key=("67574e8d4c7f7c258f8c7488f73e80a9476f8074c3db3540325133ff25020c2b", Directory, 0) seconds=8.439510778 stage="build_slot"
2026-09-09T19:34:27.132989Z DEBUG transparent_shard_server::memory: cold build admission wait seconds=7.933e-5 admitted=true
2026-09-09T19:34:27.268824Z DEBUG transparent_shard_server::runtime: runtime stage key=("67574e8d4c7f7c258f8c7488f73e80a9476f8074c3db3540325133ff25020c2b", Directory, 0) seconds=0.135816575 stage="source_load"
2026-09-09T19:34:27.571323Z DEBUG transparent_shard_server::runtime: construction stage geometry="recent-8k" table="directory" seconds=0.302464071 stage="encode_database"
2026-09-09T19:34:27.571433Z DEBUG transparent_shard_server::runtime: construction stage geometry="recent-8k" table="directory" seconds=7.3548e-5 stage="public_setup"
2026-09-09T19:34:28.052230Z DEBUG transparent_shard_server::runtime: runtime stage key=("c907a0aa45b2551520863990845279fd25135889865e088c2dad6ea0d32b8fde", Pages, 0) seconds=0.919418855 stage="disk_save"
2026-09-09T19:34:28.162532Z DEBUG transparent_shard_server::runtime: construction stage geometry="recent-8k" table="directory" seconds=0.591092978 stage="hint_columns"
2026-09-09T19:34:30.160101Z DEBUG transparent_shard_server::runtime: construction stage geometry="recent-8k" table="directory" seconds=1.997527819 stage="pack_preprocessing"
2026-09-09T19:34:30.160442Z DEBUG transparent_shard_server::runtime: construction stage geometry="recent-8k" table="directory" seconds=0.000299526 stage="publish_parameters"
2026-09-09T19:34:30.161188Z DEBUG transparent_shard_server::runtime: runtime stage key=("67574e8d4c7f7c258f8c7488f73e80a9476f8074c3db3540325133ff25020c2b", Directory, 0) seconds=2.892330221 stage="runtime_build"
2026-09-09T19:34:30.161215Z DEBUG transparent_shard_server::runtime: runtime stage key=("67574e8d4c7f7c258f8c7488f73e80a9476f8074c3db3540325133ff25020c2b", Directory, 0) reserved_bytes=136314880 stage="serialization_handoff"
2026-09-09T19:34:30.164186Z DEBUG transparent_shard_server::runtime: runtime stage key=("67574e8d4c7f7c258f8c7488f73e80a9476f8074c3db3540325133ff25020c2b", Pages, 0) seconds=8.414719479 stage="build_slot"
2026-09-09T19:34:30.164270Z DEBUG transparent_shard_server::memory: cold build admission wait seconds=6.8359e-5 admitted=true
2026-09-09T19:34:30.298840Z DEBUG transparent_shard_server::runtime: runtime stage key=("67574e8d4c7f7c258f8c7488f73e80a9476f8074c3db3540325133ff25020c2b", Pages, 0) seconds=0.134447052 stage="source_load"
2026-09-09T19:34:30.597932Z DEBUG transparent_shard_server::runtime: construction stage geometry="recent-8k" table="pages" seconds=0.299059661 stage="encode_database"
2026-09-09T19:34:30.598051Z DEBUG transparent_shard_server::runtime: construction stage geometry="recent-8k" table="pages" seconds=7.8854e-5 stage="public_setup"
2026-09-09T19:34:30.873274Z DEBUG transparent_shard_server::runtime: runtime stage key=("67574e8d4c7f7c258f8c7488f73e80a9476f8074c3db3540325133ff25020c2b", Directory, 0) seconds=0.712053353 stage="disk_save"
2026-09-09T19:34:31.238300Z DEBUG transparent_shard_server::runtime: construction stage geometry="recent-8k" table="pages" seconds=0.640241759 stage="hint_columns"
2026-09-09T19:34:33.227866Z DEBUG transparent_shard_server::runtime: construction stage geometry="recent-8k" table="pages" seconds=1.98951748 stage="pack_preprocessing"
2026-09-09T19:34:33.228148Z DEBUG transparent_shard_server::runtime: construction stage geometry="recent-8k" table="pages" seconds=0.000243688 stage="publish_parameters"
2026-09-09T19:34:33.228908Z DEBUG transparent_shard_server::runtime: runtime stage key=("67574e8d4c7f7c258f8c7488f73e80a9476f8074c3db3540325133ff25020c2b", Pages, 0) seconds=2.930038584 stage="runtime_build"
2026-09-09T19:34:33.228928Z DEBUG transparent_shard_server::runtime: runtime stage key=("67574e8d4c7f7c258f8c7488f73e80a9476f8074c3db3540325133ff25020c2b", Pages, 0) reserved_bytes=136314880 stage="serialization_handoff"
2026-09-09T19:34:33.916021Z DEBUG transparent_shard_server::runtime: runtime stage key=("67574e8d4c7f7c258f8c7488f73e80a9476f8074c3db3540325133ff25020c2b", Pages, 0) seconds=0.687087003 stage="disk_save"
2026-09-09T19:34:33.916156Z  INFO transparent_shard_server::service: prewarm finished warm=28 target=28 failed=0 seconds=86.77778725
2026-09-09T19:34:34.421106Z  INFO transparent_shard_server::runtime: retired runtime memory reclaimed rss_before=5024792576 rss_after=4446101504
2026-09-09T19:34:34.976544Z DEBUG transparent_shard_server::runtime: runtime stage key=("be059aab39ac34125e0452548d6fbcfb1e7cdb7237a597bd59ee86011ed4882b", Directory, 0) seconds=2.025e-6 stage="restore_slot"
2026-09-09T19:34:34.976549Z DEBUG transparent_shard_server::runtime: runtime stage key=("be059aab39ac34125e0452548d6fbcfb1e7cdb7237a597bd59ee86011ed4882b", Pages, 0) seconds=1.276e-6 stage="restore_slot"
2026-09-09T19:34:34.976721Z DEBUG transparent_shard_server::runtime: runtime stage key=("be059aab39ac34125e0452548d6fbcfb1e7cdb7237a597bd59ee86011ed4882b", Directory, 0) seconds=5.0659e-5 hit=false stage="disk_restore"
2026-09-09T19:34:34.976740Z DEBUG transparent_shard_server::runtime: runtime stage key=("be059aab39ac34125e0452548d6fbcfb1e7cdb7237a597bd59ee86011ed4882b", Directory, 0) seconds=5.88e-7 stage="build_slot"
2026-09-09T19:34:34.976788Z DEBUG transparent_shard_server::memory: cold build admission wait seconds=3.1834e-5 admitted=true
2026-09-09T19:34:34.976799Z DEBUG transparent_shard_server::runtime: runtime stage key=("be059aab39ac34125e0452548d6fbcfb1e7cdb7237a597bd59ee86011ed4882b", Pages, 0) seconds=3.3278e-5 hit=false stage="disk_restore"
2026-09-09T19:34:35.127697Z DEBUG transparent_shard_server::runtime: runtime stage key=("be059aab39ac34125e0452548d6fbcfb1e7cdb7237a597bd59ee86011ed4882b", Directory, 0) seconds=0.150875121 stage="source_load"
2026-09-09T19:34:35.432386Z DEBUG transparent_shard_server::runtime: construction stage geometry="recent-8k" table="directory" seconds=0.304644892 stage="encode_database"
2026-09-09T19:34:35.432502Z DEBUG transparent_shard_server::runtime: construction stage geometry="recent-8k" table="directory" seconds=7.388e-5 stage="public_setup"
2026-09-09T19:34:36.013409Z DEBUG transparent_shard_server::runtime: construction stage geometry="recent-8k" table="directory" seconds=0.580900805 stage="hint_columns"
2026-09-09T19:34:38.119327Z DEBUG transparent_shard_server::runtime: construction stage geometry="recent-8k" table="directory" seconds=2.105877465 stage="pack_preprocessing"
2026-09-09T19:34:38.119656Z DEBUG transparent_shard_server::runtime: construction stage geometry="recent-8k" table="directory" seconds=0.000293742 stage="publish_parameters"
2026-09-09T19:34:38.120411Z DEBUG transparent_shard_server::runtime: runtime stage key=("be059aab39ac34125e0452548d6fbcfb1e7cdb7237a597bd59ee86011ed4882b", Directory, 0) seconds=2.992672831 stage="runtime_build"
2026-09-09T19:34:38.120443Z DEBUG transparent_shard_server::runtime: runtime stage key=("be059aab39ac34125e0452548d6fbcfb1e7cdb7237a597bd59ee86011ed4882b", Directory, 0) reserved_bytes=136314880 stage="serialization_handoff"
2026-09-09T19:34:38.123204Z DEBUG transparent_shard_server::runtime: runtime stage key=("be059aab39ac34125e0452548d6fbcfb1e7cdb7237a597bd59ee86011ed4882b", Pages, 0) seconds=3.146352478 stage="build_slot"
2026-09-09T19:34:38.123306Z DEBUG transparent_shard_server::memory: cold build admission wait seconds=8.1452e-5 admitted=true
2026-09-09T19:34:38.310807Z DEBUG transparent_shard_server::runtime: runtime stage key=("be059aab39ac34125e0452548d6fbcfb1e7cdb7237a597bd59ee86011ed4882b", Pages, 0) seconds=0.187475549 stage="source_load"
2026-09-09T19:34:38.622844Z DEBUG transparent_shard_server::runtime: construction stage geometry="recent-8k" table="pages" seconds=0.31200538 stage="encode_database"
2026-09-09T19:34:38.622978Z DEBUG transparent_shard_server::runtime: construction stage geometry="recent-8k" table="pages" seconds=0.000101444 stage="public_setup"
2026-09-09T19:34:38.969588Z DEBUG transparent_shard_server::runtime: runtime stage key=("be059aab39ac34125e0452548d6fbcfb1e7cdb7237a597bd59ee86011ed4882b", Directory, 0) seconds=0.849139213 stage="disk_save"
2026-09-09T19:34:39.263211Z DEBUG transparent_shard_server::runtime: construction stage geometry="recent-8k" table="pages" seconds=0.640225857 stage="hint_columns"
2026-09-09T19:34:41.433646Z DEBUG transparent_shard_server::runtime: construction stage geometry="recent-8k" table="pages" seconds=2.170393951 stage="pack_preprocessing"
2026-09-09T19:34:41.433965Z DEBUG transparent_shard_server::runtime: construction stage geometry="recent-8k" table="pages" seconds=0.000283908 stage="publish_parameters"
2026-09-09T19:34:41.434743Z DEBUG transparent_shard_server::runtime: runtime stage key=("be059aab39ac34125e0452548d6fbcfb1e7cdb7237a597bd59ee86011ed4882b", Pages, 0) seconds=3.123905962 stage="runtime_build"
2026-09-09T19:34:41.434760Z DEBUG transparent_shard_server::runtime: runtime stage key=("be059aab39ac34125e0452548d6fbcfb1e7cdb7237a597bd59ee86011ed4882b", Pages, 0) reserved_bytes=136314880 stage="serialization_handoff"
2026-09-09T19:34:42.124780Z DEBUG transparent_shard_server::runtime: runtime stage key=("be059aab39ac34125e0452548d6fbcfb1e7cdb7237a597bd59ee86011ed4882b", Pages, 0) seconds=0.690013671 stage="disk_save"
2026-09-09T19:34:42.124873Z  INFO transparent_shard_server::service: prewarm finished warm=28 target=28 failed=0 seconds=7.148390084
2026-09-09T19:34:42.124920Z DEBUG transparent_shard_server::live: publication preparation stages map=32426d9e9300c44558210d8540b636402af2b3c322627f9e9f26e0082b489725 loading_seconds=0.639276663 warming_seconds=7.148567943
2026-09-09T19:34:42.133863Z DEBUG transparent_shard_server::runtime: runtime stage key=("5b7ee9849d47f5ee67d04eb6ca4588beacf42dce75e5a1b481dfd02607b1fb20", Pages, 0) seconds=1.142e-6 stage="restore_slot"
2026-09-09T19:34:42.151933Z DEBUG transparent_shard_server::runtime: runtime stage key=("5b7ee9849d47f5ee67d04eb6ca4588beacf42dce75e5a1b481dfd02607b1fb20", Directory, 0) seconds=9.51e-7 stage="restore_slot"
2026-09-09T19:34:42.198306Z  INFO transparent_shard_server::runtime: retired runtime memory reclaimed rss_before=4974129152 rss_after=4530614272
2026-09-09T19:34:42.750075Z DEBUG transparent_shard_server::runtime: runtime stage key=("268f5c527d35817d37919707b04a706c850d449156baa071b5438dbf8eb53aec", Directory, 0) seconds=2.008e-6 stage="restore_slot"
2026-09-09T19:34:42.750083Z DEBUG transparent_shard_server::runtime: runtime stage key=("268f5c527d35817d37919707b04a706c850d449156baa071b5438dbf8eb53aec", Pages, 0) seconds=1.469e-6 stage="restore_slot"
2026-09-09T19:34:42.750243Z DEBUG transparent_shard_server::runtime: runtime stage key=("268f5c527d35817d37919707b04a706c850d449156baa071b5438dbf8eb53aec", Pages, 0) seconds=3.292e-5 hit=false stage="disk_restore"
2026-09-09T19:34:42.750271Z DEBUG transparent_shard_server::runtime: runtime stage key=("268f5c527d35817d37919707b04a706c850d449156baa071b5438dbf8eb53aec", Pages, 0) seconds=4.92e-7 stage="build_slot"
2026-09-09T19:34:42.750303Z DEBUG transparent_shard_server::memory: cold build admission wait seconds=2.644e-5 admitted=true
2026-09-09T19:34:42.750341Z DEBUG transparent_shard_server::runtime: runtime stage key=("268f5c527d35817d37919707b04a706c850d449156baa071b5438dbf8eb53aec", Directory, 0) seconds=1.4597e-5 hit=false stage="disk_restore"
2026-09-09T19:34:42.897587Z DEBUG transparent_shard_server::runtime: runtime stage key=("268f5c527d35817d37919707b04a706c850d449156baa071b5438dbf8eb53aec", Pages, 0) seconds=0.14725294 stage="source_load"
2026-09-09T19:34:43.049287Z DEBUG transparent_shard_server::runtime: runtime stage key=("5b7ee9849d47f5ee67d04eb6ca4588beacf42dce75e5a1b481dfd02607b1fb20", Pages, 0) seconds=0.915255756 hit=true stage="disk_restore"
2026-09-09T19:34:43.089052Z DEBUG transparent_shard_server::runtime: runtime stage key=("5b7ee9849d47f5ee67d04eb6ca4588beacf42dce75e5a1b481dfd02607b1fb20", Directory, 0) seconds=0.936982653 hit=true stage="disk_restore"
2026-09-09T19:34:43.172604Z DEBUG transparent_shard_server::runtime: runtime stage key=("5b7ee9849d47f5ee67d04eb6ca4588beacf42dce75e5a1b481dfd02607b1fb20", Pages, 0) seconds=0.123276691 stage="source_verify"
2026-09-09T19:34:43.172641Z  INFO transparent_shard_server::runtime: restored runtime cache seconds=1.038612443
2026-09-09T19:34:43.201014Z DEBUG transparent_shard_server::runtime: construction stage geometry="recent-8k" table="pages" seconds=0.303390256 stage="encode_database"
2026-09-09T19:34:43.201125Z DEBUG transparent_shard_server::runtime: construction stage geometry="recent-8k" table="pages" seconds=7.8813e-5 stage="public_setup"
2026-09-09T19:34:43.217409Z DEBUG transparent_shard_server::runtime: runtime stage key=("5b7ee9849d47f5ee67d04eb6ca4588beacf42dce75e5a1b481dfd02607b1fb20", Directory, 0) seconds=0.128312651 stage="source_verify"
2026-09-09T19:34:43.217445Z  INFO transparent_shard_server::runtime: restored runtime cache seconds=1.06538386
2026-09-09T19:34:43.792829Z DEBUG transparent_shard_server::runtime: construction stage geometry="recent-8k" table="pages" seconds=0.591697867 stage="hint_columns"
2026-09-09T19:34:45.885621Z DEBUG transparent_shard_server::runtime: construction stage geometry="recent-8k" table="pages" seconds=2.09275775 stage="pack_preprocessing"
2026-09-09T19:34:45.885952Z DEBUG transparent_shard_server::runtime: construction stage geometry="recent-8k" table="pages" seconds=0.000277089 stage="publish_parameters"
2026-09-09T19:34:45.886706Z DEBUG transparent_shard_server::runtime: runtime stage key=("268f5c527d35817d37919707b04a706c850d449156baa071b5438dbf8eb53aec", Pages, 0) seconds=2.989083833 stage="runtime_build"
2026-09-09T19:34:45.886739Z DEBUG transparent_shard_server::runtime: runtime stage key=("268f5c527d35817d37919707b04a706c850d449156baa071b5438dbf8eb53aec", Pages, 0) reserved_bytes=136314880 stage="serialization_handoff"
2026-09-09T19:34:45.886850Z DEBUG transparent_shard_server::runtime: runtime stage key=("268f5c527d35817d37919707b04a706c850d449156baa071b5438dbf8eb53aec", Directory, 0) seconds=3.136490788 stage="build_slot"
2026-09-09T19:34:45.886951Z DEBUG transparent_shard_server::memory: cold build admission wait seconds=8.0119e-5 admitted=true
2026-09-09T19:34:46.050442Z DEBUG transparent_shard_server::runtime: runtime stage key=("268f5c527d35817d37919707b04a706c850d449156baa071b5438dbf8eb53aec", Directory, 0) seconds=0.163380635 stage="source_load"
2026-09-09T19:34:46.368561Z DEBUG transparent_shard_server::runtime: construction stage geometry="recent-8k" table="directory" seconds=0.31808017 stage="encode_database"
2026-09-09T19:34:46.368728Z DEBUG transparent_shard_server::runtime: construction stage geometry="recent-8k" table="directory" seconds=0.00012888 stage="public_setup"
2026-09-09T19:34:46.643296Z DEBUG transparent_shard_server::runtime: runtime stage key=("268f5c527d35817d37919707b04a706c850d449156baa071b5438dbf8eb53aec", Pages, 0) seconds=0.756549945 stage="disk_save"
2026-09-09T19:34:46.973324Z DEBUG transparent_shard_server::runtime: construction stage geometry="recent-8k" table="directory" seconds=0.604586382 stage="hint_columns"
2026-09-09T19:34:49.036124Z DEBUG transparent_shard_server::runtime: construction stage geometry="recent-8k" table="directory" seconds=2.062760014 stage="pack_preprocessing"
2026-09-09T19:34:49.036434Z DEBUG transparent_shard_server::runtime: construction stage geometry="recent-8k" table="directory" seconds=0.000272209 stage="publish_parameters"
2026-09-09T19:34:49.037239Z DEBUG transparent_shard_server::runtime: runtime stage key=("268f5c527d35817d37919707b04a706c850d449156baa071b5438dbf8eb53aec", Directory, 0) seconds=2.986761262 stage="runtime_build"
2026-09-09T19:34:49.037256Z DEBUG transparent_shard_server::runtime: runtime stage key=("268f5c527d35817d37919707b04a706c850d449156baa071b5438dbf8eb53aec", Directory, 0) reserved_bytes=136314880 stage="serialization_handoff"
2026-09-09T19:34:49.751180Z DEBUG transparent_shard_server::runtime: runtime stage key=("268f5c527d35817d37919707b04a706c850d449156baa071b5438dbf8eb53aec", Directory, 0) seconds=0.713917197 stage="disk_save"
2026-09-09T19:34:49.751282Z  INFO transparent_shard_server::service: prewarm finished warm=28 target=28 failed=0 seconds=7.00127532
2026-09-09T19:34:49.751320Z DEBUG transparent_shard_server::live: publication preparation stages map=12cbb58695cd66166197842d179b61598c15effb06ad32efcd899a13e36e7b10 loading_seconds=0.623787531 warming_seconds=7.001355921
test burst::publication_burst_under_exact_load ... ok

test result: ok. 1 passed; 0 failed; 0 ignored; 0 measured; 16 filtered out; finished in 109.00s

Finished with result: success
Main processes terminated with: code=exited/status=0
Service runtime: 1min 49.044s
CPU time consumed: 3min 59.130s
Memory peak: 768.0K
Memory swap peak: 0B
