Running as unit: transparent-full-burst-bbdbe2a3ce4e4ff083eb0d505799a8ee.service

running 1 test
2026-09-09T19:28:48.689015Z DEBUG transparent_shard_server::runtime: runtime stage key=("5b7ee9849d47f5ee67d04eb6ca4588beacf42dce75e5a1b481dfd02607b1fb20", Pages, 0) seconds=1.312e-6 stage="restore_slot"
2026-09-09T19:28:48.689052Z DEBUG transparent_shard_server::runtime: runtime stage key=("1f5d7213a380745d83cc554ad16bdf9e039a0304d0de0b71376828e1838d0ea4", Pages, 0) seconds=3.38e-7 stage="restore_slot"
2026-09-09T19:28:48.689003Z DEBUG transparent_shard_server::runtime: runtime stage key=("5b7ee9849d47f5ee67d04eb6ca4588beacf42dce75e5a1b481dfd02607b1fb20", Directory, 0) seconds=1.4151e-5 stage="restore_slot"
2026-09-09T19:28:48.689042Z DEBUG transparent_shard_server::runtime: runtime stage key=("1f5d7213a380745d83cc554ad16bdf9e039a0304d0de0b71376828e1838d0ea4", Directory, 0) seconds=7.23e-7 stage="restore_slot"
2026-09-09T19:28:48.689425Z DEBUG transparent_shard_server::runtime: runtime stage key=("5b7ee9849d47f5ee67d04eb6ca4588beacf42dce75e5a1b481dfd02607b1fb20", Pages, 0) seconds=3.5058e-5 hit=false stage="disk_restore"
2026-09-09T19:28:48.689460Z DEBUG transparent_shard_server::runtime: runtime stage key=("5b7ee9849d47f5ee67d04eb6ca4588beacf42dce75e5a1b481dfd02607b1fb20", Directory, 0) seconds=1.0593e-5 hit=false stage="disk_restore"
2026-09-09T19:28:48.689483Z DEBUG transparent_shard_server::runtime: runtime stage key=("5b7ee9849d47f5ee67d04eb6ca4588beacf42dce75e5a1b481dfd02607b1fb20", Directory, 0) seconds=1.529e-6 stage="build_slot"
2026-09-09T19:28:48.689504Z DEBUG transparent_shard_server::runtime: runtime stage key=("1f5d7213a380745d83cc554ad16bdf9e039a0304d0de0b71376828e1838d0ea4", Directory, 0) seconds=2.4219e-5 hit=false stage="disk_restore"
2026-09-09T19:28:48.689536Z DEBUG transparent_shard_server::memory: cold build admission wait seconds=4.3664e-5 admitted=true
2026-09-09T19:28:48.689561Z DEBUG transparent_shard_server::runtime: runtime stage key=("1f5d7213a380745d83cc554ad16bdf9e039a0304d0de0b71376828e1838d0ea4", Pages, 0) seconds=0.000118402 hit=false stage="disk_restore"
2026-09-09T19:28:48.836547Z DEBUG transparent_shard_server::runtime: runtime stage key=("5b7ee9849d47f5ee67d04eb6ca4588beacf42dce75e5a1b481dfd02607b1fb20", Directory, 0) seconds=0.146997443 stage="source_load"
2026-09-09T19:28:49.138269Z DEBUG transparent_shard_server::runtime: construction stage geometry="recent-8k" table="directory" seconds=0.301675451 stage="encode_database"
2026-09-09T19:28:49.138376Z DEBUG transparent_shard_server::runtime: construction stage geometry="recent-8k" table="directory" seconds=6.2992e-5 stage="public_setup"
2026-09-09T19:28:49.671693Z DEBUG transparent_shard_server::runtime: construction stage geometry="recent-8k" table="directory" seconds=0.533309786 stage="hint_columns"
2026-09-09T19:28:51.693439Z DEBUG transparent_shard_server::runtime: construction stage geometry="recent-8k" table="directory" seconds=2.021701435 stage="pack_preprocessing"
2026-09-09T19:28:51.693736Z DEBUG transparent_shard_server::runtime: construction stage geometry="recent-8k" table="directory" seconds=0.000257619 stage="publish_parameters"
2026-09-09T19:28:51.695221Z DEBUG transparent_shard_server::runtime: runtime stage key=("5b7ee9849d47f5ee67d04eb6ca4588beacf42dce75e5a1b481dfd02607b1fb20", Directory, 0) seconds=2.858628838 stage="runtime_build"
2026-09-09T19:28:51.696583Z DEBUG transparent_shard_server::runtime: runtime stage key=("5b7ee9849d47f5ee67d04eb6ca4588beacf42dce75e5a1b481dfd02607b1fb20", Directory, 0) reserved_bytes=136314880 stage="serialization_handoff"
2026-09-09T19:28:51.696639Z DEBUG transparent_shard_server::runtime: runtime stage key=("1f5d7213a380745d83cc554ad16bdf9e039a0304d0de0b71376828e1838d0ea4", Directory, 0) seconds=3.007103989 stage="build_slot"
2026-09-09T19:28:51.696760Z DEBUG transparent_shard_server::memory: cold build admission wait seconds=8.829e-5 admitted=true
2026-09-09T19:28:51.843720Z DEBUG transparent_shard_server::runtime: runtime stage key=("1f5d7213a380745d83cc554ad16bdf9e039a0304d0de0b71376828e1838d0ea4", Directory, 0) seconds=0.146878707 stage="source_load"
2026-09-09T19:28:52.145900Z DEBUG transparent_shard_server::runtime: construction stage geometry="recent-8k" table="directory" seconds=0.30213313 stage="encode_database"
2026-09-09T19:28:52.146056Z DEBUG transparent_shard_server::runtime: construction stage geometry="recent-8k" table="directory" seconds=0.000116363 stage="public_setup"
2026-09-09T19:28:52.449900Z DEBUG transparent_shard_server::runtime: runtime stage key=("5b7ee9849d47f5ee67d04eb6ca4588beacf42dce75e5a1b481dfd02607b1fb20", Directory, 0) seconds=0.753301157 stage="disk_save"
2026-09-09T19:28:52.450206Z DEBUG transparent_shard_server::runtime: runtime stage key=("ca7afe810c988a8b4b561668f3456a9f38d1fdbb0776614e07ddfeb1a2132000", Directory, 0) seconds=2.212e-6 stage="restore_slot"
2026-09-09T19:28:52.450352Z DEBUG transparent_shard_server::runtime: runtime stage key=("ca7afe810c988a8b4b561668f3456a9f38d1fdbb0776614e07ddfeb1a2132000", Directory, 0) seconds=2.6406e-5 hit=false stage="disk_restore"
2026-09-09T19:28:52.753670Z DEBUG transparent_shard_server::runtime: construction stage geometry="recent-8k" table="directory" seconds=0.607606927 stage="hint_columns"
2026-09-09T19:28:54.774412Z DEBUG transparent_shard_server::runtime: construction stage geometry="recent-8k" table="directory" seconds=2.020699149 stage="pack_preprocessing"
2026-09-09T19:28:54.774687Z DEBUG transparent_shard_server::runtime: construction stage geometry="recent-8k" table="directory" seconds=0.000230944 stage="publish_parameters"
2026-09-09T19:28:54.775284Z DEBUG transparent_shard_server::runtime: runtime stage key=("1f5d7213a380745d83cc554ad16bdf9e039a0304d0de0b71376828e1838d0ea4", Directory, 0) seconds=2.931518535 stage="runtime_build"
2026-09-09T19:28:54.775322Z DEBUG transparent_shard_server::runtime: runtime stage key=("5b7ee9849d47f5ee67d04eb6ca4588beacf42dce75e5a1b481dfd02607b1fb20", Pages, 0) seconds=6.085772084 stage="build_slot"
2026-09-09T19:28:54.775409Z DEBUG transparent_shard_server::memory: cold build admission wait seconds=8.1888e-5 admitted=true
2026-09-09T19:28:54.775433Z DEBUG transparent_shard_server::runtime: runtime stage key=("1f5d7213a380745d83cc554ad16bdf9e039a0304d0de0b71376828e1838d0ea4", Directory, 0) reserved_bytes=136314880 stage="serialization_handoff"
2026-09-09T19:28:54.911252Z DEBUG transparent_shard_server::runtime: runtime stage key=("5b7ee9849d47f5ee67d04eb6ca4588beacf42dce75e5a1b481dfd02607b1fb20", Pages, 0) seconds=0.135737672 stage="source_load"
2026-09-09T19:28:55.213654Z DEBUG transparent_shard_server::runtime: construction stage geometry="recent-8k" table="pages" seconds=0.302371119 stage="encode_database"
2026-09-09T19:28:55.213758Z DEBUG transparent_shard_server::runtime: construction stage geometry="recent-8k" table="pages" seconds=7.4122e-5 stage="public_setup"
2026-09-09T19:28:55.521284Z DEBUG transparent_shard_server::runtime: runtime stage key=("1f5d7213a380745d83cc554ad16bdf9e039a0304d0de0b71376828e1838d0ea4", Directory, 0) seconds=0.745842238 stage="disk_save"
2026-09-09T19:28:55.521366Z DEBUG transparent_shard_server::runtime: runtime stage key=("ca7afe810c988a8b4b561668f3456a9f38d1fdbb0776614e07ddfeb1a2132000", Pages, 0) seconds=2.209e-6 stage="restore_slot"
2026-09-09T19:28:55.522199Z DEBUG transparent_shard_server::runtime: runtime stage key=("ca7afe810c988a8b4b561668f3456a9f38d1fdbb0776614e07ddfeb1a2132000", Pages, 0) seconds=2.7195e-5 hit=false stage="disk_restore"
2026-09-09T19:28:55.825536Z DEBUG transparent_shard_server::runtime: construction stage geometry="recent-8k" table="pages" seconds=0.611769036 stage="hint_columns"
2026-09-09T19:28:57.879031Z DEBUG transparent_shard_server::runtime: construction stage geometry="recent-8k" table="pages" seconds=2.053451262 stage="pack_preprocessing"
2026-09-09T19:28:57.879326Z DEBUG transparent_shard_server::runtime: construction stage geometry="recent-8k" table="pages" seconds=0.000253643 stage="publish_parameters"
2026-09-09T19:28:57.879952Z DEBUG transparent_shard_server::runtime: runtime stage key=("5b7ee9849d47f5ee67d04eb6ca4588beacf42dce75e5a1b481dfd02607b1fb20", Pages, 0) seconds=2.968671477 stage="runtime_build"
2026-09-09T19:28:57.879997Z DEBUG transparent_shard_server::runtime: runtime stage key=("5b7ee9849d47f5ee67d04eb6ca4588beacf42dce75e5a1b481dfd02607b1fb20", Pages, 0) reserved_bytes=136314880 stage="serialization_handoff"
2026-09-09T19:28:57.880130Z DEBUG transparent_shard_server::runtime: runtime stage key=("1f5d7213a380745d83cc554ad16bdf9e039a0304d0de0b71376828e1838d0ea4", Pages, 0) seconds=9.19055504 stage="build_slot"
2026-09-09T19:28:57.880264Z DEBUG transparent_shard_server::memory: cold build admission wait seconds=0.000110885 admitted=true
2026-09-09T19:28:58.024056Z DEBUG transparent_shard_server::runtime: runtime stage key=("1f5d7213a380745d83cc554ad16bdf9e039a0304d0de0b71376828e1838d0ea4", Pages, 0) seconds=0.141852501 stage="source_load"
2026-09-09T19:28:58.316709Z DEBUG transparent_shard_server::runtime: construction stage geometry="recent-8k" table="pages" seconds=0.292614449 stage="encode_database"
2026-09-09T19:28:58.316833Z DEBUG transparent_shard_server::runtime: construction stage geometry="recent-8k" table="pages" seconds=7.4599e-5 stage="public_setup"
2026-09-09T19:28:58.611210Z DEBUG transparent_shard_server::runtime: runtime stage key=("5b7ee9849d47f5ee67d04eb6ca4588beacf42dce75e5a1b481dfd02607b1fb20", Pages, 0) seconds=0.731206852 stage="disk_save"
2026-09-09T19:28:58.612218Z DEBUG transparent_shard_server::runtime: runtime stage key=("95df7205357fe2d9c962d2b41daded841e05afa7b6fc8d06dfec46ad04e15335", Directory, 0) seconds=2.523e-6 stage="restore_slot"
2026-09-09T19:28:58.612373Z DEBUG transparent_shard_server::runtime: runtime stage key=("95df7205357fe2d9c962d2b41daded841e05afa7b6fc8d06dfec46ad04e15335", Directory, 0) seconds=3.1373e-5 hit=false stage="disk_restore"
2026-09-09T19:28:58.989068Z DEBUG transparent_shard_server::runtime: construction stage geometry="recent-8k" table="pages" seconds=0.67222719 stage="hint_columns"
2026-09-09T19:29:00.991489Z DEBUG transparent_shard_server::runtime: construction stage geometry="recent-8k" table="pages" seconds=2.002374461 stage="pack_preprocessing"
2026-09-09T19:29:00.991787Z DEBUG transparent_shard_server::runtime: construction stage geometry="recent-8k" table="pages" seconds=0.000248713 stage="publish_parameters"
2026-09-09T19:29:00.992470Z DEBUG transparent_shard_server::runtime: runtime stage key=("1f5d7213a380745d83cc554ad16bdf9e039a0304d0de0b71376828e1838d0ea4", Pages, 0) seconds=2.9683766289999998 stage="runtime_build"
2026-09-09T19:29:00.992513Z DEBUG transparent_shard_server::runtime: runtime stage key=("ca7afe810c988a8b4b561668f3456a9f38d1fdbb0776614e07ddfeb1a2132000", Directory, 0) seconds=8.542145691 stage="build_slot"
2026-09-09T19:29:00.992596Z DEBUG transparent_shard_server::memory: cold build admission wait seconds=7.7195e-5 admitted=true
2026-09-09T19:29:00.992622Z DEBUG transparent_shard_server::runtime: runtime stage key=("1f5d7213a380745d83cc554ad16bdf9e039a0304d0de0b71376828e1838d0ea4", Pages, 0) reserved_bytes=136314880 stage="serialization_handoff"
2026-09-09T19:29:01.129678Z DEBUG transparent_shard_server::runtime: runtime stage key=("ca7afe810c988a8b4b561668f3456a9f38d1fdbb0776614e07ddfeb1a2132000", Directory, 0) seconds=0.137049009 stage="source_load"
2026-09-09T19:29:01.425639Z DEBUG transparent_shard_server::runtime: construction stage geometry="recent-8k" table="directory" seconds=0.295924736 stage="encode_database"
2026-09-09T19:29:01.425749Z DEBUG transparent_shard_server::runtime: construction stage geometry="recent-8k" table="directory" seconds=7.3551e-5 stage="public_setup"
2026-09-09T19:29:01.728380Z DEBUG transparent_shard_server::runtime: runtime stage key=("1f5d7213a380745d83cc554ad16bdf9e039a0304d0de0b71376828e1838d0ea4", Pages, 0) seconds=0.735751277 stage="disk_save"
2026-09-09T19:29:01.728465Z DEBUG transparent_shard_server::runtime: runtime stage key=("95df7205357fe2d9c962d2b41daded841e05afa7b6fc8d06dfec46ad04e15335", Pages, 0) seconds=1.813e-6 stage="restore_slot"
2026-09-09T19:29:01.728566Z DEBUG transparent_shard_server::runtime: runtime stage key=("95df7205357fe2d9c962d2b41daded841e05afa7b6fc8d06dfec46ad04e15335", Pages, 0) seconds=2.2662e-5 hit=false stage="disk_restore"
2026-09-09T19:29:02.050015Z DEBUG transparent_shard_server::runtime: construction stage geometry="recent-8k" table="directory" seconds=0.624257448 stage="hint_columns"
2026-09-09T19:29:04.063185Z DEBUG transparent_shard_server::runtime: construction stage geometry="recent-8k" table="directory" seconds=2.013127439 stage="pack_preprocessing"
2026-09-09T19:29:04.063479Z DEBUG transparent_shard_server::runtime: construction stage geometry="recent-8k" table="directory" seconds=0.00025078 stage="publish_parameters"
2026-09-09T19:29:04.064151Z DEBUG transparent_shard_server::runtime: runtime stage key=("ca7afe810c988a8b4b561668f3456a9f38d1fdbb0776614e07ddfeb1a2132000", Directory, 0) seconds=2.9344401959999997 stage="runtime_build"
2026-09-09T19:29:04.064191Z DEBUG transparent_shard_server::runtime: runtime stage key=("ca7afe810c988a8b4b561668f3456a9f38d1fdbb0776614e07ddfeb1a2132000", Directory, 0) reserved_bytes=136314880 stage="serialization_handoff"
2026-09-09T19:29:04.064248Z DEBUG transparent_shard_server::runtime: runtime stage key=("ca7afe810c988a8b4b561668f3456a9f38d1fdbb0776614e07ddfeb1a2132000", Pages, 0) seconds=8.542022867 stage="build_slot"
2026-09-09T19:29:04.064352Z DEBUG transparent_shard_server::memory: cold build admission wait seconds=8.0686e-5 admitted=true
2026-09-09T19:29:04.200624Z DEBUG transparent_shard_server::runtime: runtime stage key=("ca7afe810c988a8b4b561668f3456a9f38d1fdbb0776614e07ddfeb1a2132000", Pages, 0) seconds=0.136253994 stage="source_load"
2026-09-09T19:29:04.493297Z DEBUG transparent_shard_server::runtime: construction stage geometry="recent-8k" table="pages" seconds=0.292636796 stage="encode_database"
2026-09-09T19:29:04.493399Z DEBUG transparent_shard_server::runtime: construction stage geometry="recent-8k" table="pages" seconds=7.1742e-5 stage="public_setup"
2026-09-09T19:29:04.794736Z DEBUG transparent_shard_server::runtime: runtime stage key=("ca7afe810c988a8b4b561668f3456a9f38d1fdbb0776614e07ddfeb1a2132000", Directory, 0) seconds=0.73053858 stage="disk_save"
2026-09-09T19:29:04.797203Z DEBUG transparent_shard_server::runtime: runtime stage key=("73d46a59d0d03d7616f9a47e53b50448d4c5a3504e6e296600d8884c8c4403b8", Directory, 0) seconds=1.879e-6 stage="restore_slot"
2026-09-09T19:29:04.797350Z DEBUG transparent_shard_server::runtime: runtime stage key=("73d46a59d0d03d7616f9a47e53b50448d4c5a3504e6e296600d8884c8c4403b8", Directory, 0) seconds=3.6928e-5 hit=false stage="disk_restore"
2026-09-09T19:29:05.141126Z DEBUG transparent_shard_server::runtime: construction stage geometry="recent-8k" table="pages" seconds=0.6477203 stage="hint_columns"
2026-09-09T19:29:07.136538Z DEBUG transparent_shard_server::runtime: construction stage geometry="recent-8k" table="pages" seconds=1.9953571110000001 stage="pack_preprocessing"
2026-09-09T19:29:07.136847Z DEBUG transparent_shard_server::runtime: construction stage geometry="recent-8k" table="pages" seconds=0.000264522 stage="publish_parameters"
2026-09-09T19:29:07.137528Z DEBUG transparent_shard_server::runtime: runtime stage key=("ca7afe810c988a8b4b561668f3456a9f38d1fdbb0776614e07ddfeb1a2132000", Pages, 0) seconds=2.936869104 stage="runtime_build"
2026-09-09T19:29:07.137574Z DEBUG transparent_shard_server::runtime: runtime stage key=("95df7205357fe2d9c962d2b41daded841e05afa7b6fc8d06dfec46ad04e15335", Directory, 0) seconds=8.525179269 stage="build_slot"
2026-09-09T19:29:07.137660Z DEBUG transparent_shard_server::memory: cold build admission wait seconds=8.1271e-5 admitted=true
2026-09-09T19:29:07.137685Z DEBUG transparent_shard_server::runtime: runtime stage key=("ca7afe810c988a8b4b561668f3456a9f38d1fdbb0776614e07ddfeb1a2132000", Pages, 0) reserved_bytes=136314880 stage="serialization_handoff"
2026-09-09T19:29:07.273613Z DEBUG transparent_shard_server::runtime: runtime stage key=("95df7205357fe2d9c962d2b41daded841e05afa7b6fc8d06dfec46ad04e15335", Directory, 0) seconds=0.135916015 stage="source_load"
2026-09-09T19:29:07.575609Z DEBUG transparent_shard_server::runtime: construction stage geometry="recent-8k" table="directory" seconds=0.301943175 stage="encode_database"
2026-09-09T19:29:07.575713Z DEBUG transparent_shard_server::runtime: construction stage geometry="recent-8k" table="directory" seconds=7.1889e-5 stage="public_setup"
2026-09-09T19:29:08.055190Z DEBUG transparent_shard_server::runtime: runtime stage key=("ca7afe810c988a8b4b561668f3456a9f38d1fdbb0776614e07ddfeb1a2132000", Pages, 0) seconds=0.917497049 stage="disk_save"
2026-09-09T19:29:08.055255Z DEBUG transparent_shard_server::runtime: runtime stage key=("73d46a59d0d03d7616f9a47e53b50448d4c5a3504e6e296600d8884c8c4403b8", Pages, 0) seconds=1.857e-6 stage="restore_slot"
2026-09-09T19:29:08.055375Z DEBUG transparent_shard_server::runtime: runtime stage key=("73d46a59d0d03d7616f9a47e53b50448d4c5a3504e6e296600d8884c8c4403b8", Pages, 0) seconds=3.534e-5 hit=false stage="disk_restore"
2026-09-09T19:29:08.185521Z DEBUG transparent_shard_server::runtime: construction stage geometry="recent-8k" table="directory" seconds=0.609799897 stage="hint_columns"
2026-09-09T19:29:10.203428Z DEBUG transparent_shard_server::runtime: construction stage geometry="recent-8k" table="directory" seconds=2.017858954 stage="pack_preprocessing"
2026-09-09T19:29:10.203738Z DEBUG transparent_shard_server::runtime: construction stage geometry="recent-8k" table="directory" seconds=0.00026961 stage="publish_parameters"
2026-09-09T19:29:10.204487Z DEBUG transparent_shard_server::runtime: runtime stage key=("95df7205357fe2d9c962d2b41daded841e05afa7b6fc8d06dfec46ad04e15335", Directory, 0) seconds=2.930823636 stage="runtime_build"
2026-09-09T19:29:10.204518Z DEBUG transparent_shard_server::runtime: runtime stage key=("95df7205357fe2d9c962d2b41daded841e05afa7b6fc8d06dfec46ad04e15335", Directory, 0) reserved_bytes=136314880 stage="serialization_handoff"
2026-09-09T19:29:10.204559Z DEBUG transparent_shard_server::runtime: runtime stage key=("95df7205357fe2d9c962d2b41daded841e05afa7b6fc8d06dfec46ad04e15335", Pages, 0) seconds=8.475963804 stage="build_slot"
2026-09-09T19:29:10.204659Z DEBUG transparent_shard_server::memory: cold build admission wait seconds=7.7544e-5 admitted=true
2026-09-09T19:29:10.354573Z DEBUG transparent_shard_server::runtime: runtime stage key=("95df7205357fe2d9c962d2b41daded841e05afa7b6fc8d06dfec46ad04e15335", Pages, 0) seconds=0.149896686 stage="source_load"
2026-09-09T19:29:10.660833Z DEBUG transparent_shard_server::runtime: construction stage geometry="recent-8k" table="pages" seconds=0.306219764 stage="encode_database"
2026-09-09T19:29:10.660937Z DEBUG transparent_shard_server::runtime: construction stage geometry="recent-8k" table="pages" seconds=6.7357e-5 stage="public_setup"
2026-09-09T19:29:10.958788Z DEBUG transparent_shard_server::runtime: runtime stage key=("95df7205357fe2d9c962d2b41daded841e05afa7b6fc8d06dfec46ad04e15335", Directory, 0) seconds=0.754261803 stage="disk_save"
2026-09-09T19:29:10.959212Z DEBUG transparent_shard_server::runtime: runtime stage key=("b16be2933ab920bc4745ea8917e5167a7a685c211e0b4febe88b4d3018f970bc", Directory, 0) seconds=2.504e-6 stage="restore_slot"
2026-09-09T19:29:10.959346Z DEBUG transparent_shard_server::runtime: runtime stage key=("b16be2933ab920bc4745ea8917e5167a7a685c211e0b4febe88b4d3018f970bc", Directory, 0) seconds=2.7129e-5 hit=false stage="disk_restore"
2026-09-09T19:29:11.312843Z DEBUG transparent_shard_server::runtime: construction stage geometry="recent-8k" table="pages" seconds=0.651897633 stage="hint_columns"
2026-09-09T19:29:13.349252Z DEBUG transparent_shard_server::runtime: construction stage geometry="recent-8k" table="pages" seconds=2.036364028 stage="pack_preprocessing"
2026-09-09T19:29:13.349543Z DEBUG transparent_shard_server::runtime: construction stage geometry="recent-8k" table="pages" seconds=0.000248582 stage="publish_parameters"
2026-09-09T19:29:13.350216Z DEBUG transparent_shard_server::runtime: runtime stage key=("95df7205357fe2d9c962d2b41daded841e05afa7b6fc8d06dfec46ad04e15335", Pages, 0) seconds=2.995603576 stage="runtime_build"
2026-09-09T19:29:13.350278Z DEBUG transparent_shard_server::runtime: runtime stage key=("73d46a59d0d03d7616f9a47e53b50448d4c5a3504e6e296600d8884c8c4403b8", Directory, 0) seconds=8.552909936 stage="build_slot"
2026-09-09T19:29:13.350372Z DEBUG transparent_shard_server::memory: cold build admission wait seconds=8.9784e-5 admitted=true
2026-09-09T19:29:13.350393Z DEBUG transparent_shard_server::runtime: runtime stage key=("95df7205357fe2d9c962d2b41daded841e05afa7b6fc8d06dfec46ad04e15335", Pages, 0) reserved_bytes=136314880 stage="serialization_handoff"
2026-09-09T19:29:13.489876Z DEBUG transparent_shard_server::runtime: runtime stage key=("73d46a59d0d03d7616f9a47e53b50448d4c5a3504e6e296600d8884c8c4403b8", Directory, 0) seconds=0.139461646 stage="source_load"
2026-09-09T19:29:13.795349Z DEBUG transparent_shard_server::runtime: construction stage geometry="recent-8k" table="directory" seconds=0.305435484 stage="encode_database"
2026-09-09T19:29:13.795453Z DEBUG transparent_shard_server::runtime: construction stage geometry="recent-8k" table="directory" seconds=7.1749e-5 stage="public_setup"
2026-09-09T19:29:14.085192Z DEBUG transparent_shard_server::runtime: runtime stage key=("95df7205357fe2d9c962d2b41daded841e05afa7b6fc8d06dfec46ad04e15335", Pages, 0) seconds=0.73479285 stage="disk_save"
2026-09-09T19:29:14.085272Z DEBUG transparent_shard_server::runtime: runtime stage key=("b16be2933ab920bc4745ea8917e5167a7a685c211e0b4febe88b4d3018f970bc", Pages, 0) seconds=2.725e-6 stage="restore_slot"
2026-09-09T19:29:14.085390Z DEBUG transparent_shard_server::runtime: runtime stage key=("b16be2933ab920bc4745ea8917e5167a7a685c211e0b4febe88b4d3018f970bc", Pages, 0) seconds=3.6056e-5 hit=false stage="disk_restore"
2026-09-09T19:29:14.394350Z DEBUG transparent_shard_server::runtime: construction stage geometry="recent-8k" table="directory" seconds=0.598890515 stage="hint_columns"
2026-09-09T19:29:16.411937Z DEBUG transparent_shard_server::runtime: construction stage geometry="recent-8k" table="directory" seconds=2.017542187 stage="pack_preprocessing"
2026-09-09T19:29:16.412237Z DEBUG transparent_shard_server::runtime: construction stage geometry="recent-8k" table="directory" seconds=0.000256817 stage="publish_parameters"
2026-09-09T19:29:16.412972Z DEBUG transparent_shard_server::runtime: runtime stage key=("73d46a59d0d03d7616f9a47e53b50448d4c5a3504e6e296600d8884c8c4403b8", Directory, 0) seconds=2.923060913 stage="runtime_build"
2026-09-09T19:29:16.412996Z DEBUG transparent_shard_server::runtime: runtime stage key=("73d46a59d0d03d7616f9a47e53b50448d4c5a3504e6e296600d8884c8c4403b8", Directory, 0) reserved_bytes=136314880 stage="serialization_handoff"
2026-09-09T19:29:16.413042Z DEBUG transparent_shard_server::runtime: runtime stage key=("73d46a59d0d03d7616f9a47e53b50448d4c5a3504e6e296600d8884c8c4403b8", Pages, 0) seconds=8.357650097 stage="build_slot"
2026-09-09T19:29:16.413142Z DEBUG transparent_shard_server::memory: cold build admission wait seconds=7.6771e-5 admitted=true
2026-09-09T19:29:16.550420Z DEBUG transparent_shard_server::runtime: runtime stage key=("73d46a59d0d03d7616f9a47e53b50448d4c5a3504e6e296600d8884c8c4403b8", Pages, 0) seconds=0.137261152 stage="source_load"
2026-09-09T19:29:16.844994Z DEBUG transparent_shard_server::runtime: construction stage geometry="recent-8k" table="pages" seconds=0.294539257 stage="encode_database"
2026-09-09T19:29:16.845096Z DEBUG transparent_shard_server::runtime: construction stage geometry="recent-8k" table="pages" seconds=7.0174e-5 stage="public_setup"
2026-09-09T19:29:17.167803Z DEBUG transparent_shard_server::runtime: runtime stage key=("73d46a59d0d03d7616f9a47e53b50448d4c5a3504e6e296600d8884c8c4403b8", Directory, 0) seconds=0.75480046 stage="disk_save"
2026-09-09T19:29:17.170196Z DEBUG transparent_shard_server::runtime: runtime stage key=("16b8227360ce35dd2e111156f5e31fd5eb500ff877879a212fef6cf8471de8a5", Directory, 0) seconds=1.927e-6 stage="restore_slot"
2026-09-09T19:29:17.170326Z DEBUG transparent_shard_server::runtime: runtime stage key=("16b8227360ce35dd2e111156f5e31fd5eb500ff877879a212fef6cf8471de8a5", Directory, 0) seconds=2.5303e-5 hit=false stage="disk_restore"
2026-09-09T19:29:17.502149Z DEBUG transparent_shard_server::runtime: construction stage geometry="recent-8k" table="pages" seconds=0.657046999 stage="hint_columns"
2026-09-09T19:29:19.475847Z DEBUG transparent_shard_server::runtime: construction stage geometry="recent-8k" table="pages" seconds=1.9736478320000002 stage="pack_preprocessing"
2026-09-09T19:29:19.476145Z DEBUG transparent_shard_server::runtime: construction stage geometry="recent-8k" table="pages" seconds=0.000251096 stage="publish_parameters"
2026-09-09T19:29:19.476886Z DEBUG transparent_shard_server::runtime: runtime stage key=("73d46a59d0d03d7616f9a47e53b50448d4c5a3504e6e296600d8884c8c4403b8", Pages, 0) seconds=2.926432675 stage="runtime_build"
2026-09-09T19:29:19.476933Z DEBUG transparent_shard_server::runtime: runtime stage key=("b16be2933ab920bc4745ea8917e5167a7a685c211e0b4febe88b4d3018f970bc", Directory, 0) seconds=8.51757398 stage="build_slot"
2026-09-09T19:29:19.477022Z DEBUG transparent_shard_server::memory: cold build admission wait seconds=8.3788e-5 admitted=true
2026-09-09T19:29:19.477050Z DEBUG transparent_shard_server::runtime: runtime stage key=("73d46a59d0d03d7616f9a47e53b50448d4c5a3504e6e296600d8884c8c4403b8", Pages, 0) reserved_bytes=136314880 stage="serialization_handoff"
2026-09-09T19:29:19.613834Z DEBUG transparent_shard_server::runtime: runtime stage key=("b16be2933ab920bc4745ea8917e5167a7a685c211e0b4febe88b4d3018f970bc", Directory, 0) seconds=0.136777703 stage="source_load"
2026-09-09T19:29:19.916413Z DEBUG transparent_shard_server::runtime: construction stage geometry="recent-8k" table="directory" seconds=0.302540157 stage="encode_database"
2026-09-09T19:29:19.916522Z DEBUG transparent_shard_server::runtime: construction stage geometry="recent-8k" table="directory" seconds=7.0433e-5 stage="public_setup"
2026-09-09T19:29:20.206193Z DEBUG transparent_shard_server::runtime: runtime stage key=("73d46a59d0d03d7616f9a47e53b50448d4c5a3504e6e296600d8884c8c4403b8", Pages, 0) seconds=0.729135319 stage="disk_save"
2026-09-09T19:29:20.206266Z DEBUG transparent_shard_server::runtime: runtime stage key=("16b8227360ce35dd2e111156f5e31fd5eb500ff877879a212fef6cf8471de8a5", Pages, 0) seconds=1.872e-6 stage="restore_slot"
2026-09-09T19:29:20.206377Z DEBUG transparent_shard_server::runtime: runtime stage key=("16b8227360ce35dd2e111156f5e31fd5eb500ff877879a212fef6cf8471de8a5", Pages, 0) seconds=2.4214e-5 hit=false stage="disk_restore"
2026-09-09T19:29:20.537237Z DEBUG transparent_shard_server::runtime: construction stage geometry="recent-8k" table="directory" seconds=0.620693083 stage="hint_columns"
2026-09-09T19:29:22.539877Z DEBUG transparent_shard_server::runtime: construction stage geometry="recent-8k" table="directory" seconds=2.002590049 stage="pack_preprocessing"
2026-09-09T19:29:22.540158Z DEBUG transparent_shard_server::runtime: construction stage geometry="recent-8k" table="directory" seconds=0.000236283 stage="publish_parameters"
2026-09-09T19:29:22.540874Z DEBUG transparent_shard_server::runtime: runtime stage key=("b16be2933ab920bc4745ea8917e5167a7a685c211e0b4febe88b4d3018f970bc", Directory, 0) seconds=2.927003398 stage="runtime_build"
2026-09-09T19:29:22.540904Z DEBUG transparent_shard_server::runtime: runtime stage key=("b16be2933ab920bc4745ea8917e5167a7a685c211e0b4febe88b4d3018f970bc", Directory, 0) reserved_bytes=136314880 stage="serialization_handoff"
2026-09-09T19:29:22.540976Z DEBUG transparent_shard_server::runtime: runtime stage key=("b16be2933ab920bc4745ea8917e5167a7a685c211e0b4febe88b4d3018f970bc", Pages, 0) seconds=8.455566911 stage="build_slot"
2026-09-09T19:29:22.541084Z DEBUG transparent_shard_server::memory: cold build admission wait seconds=7.6925e-5 admitted=true
2026-09-09T19:29:22.678412Z DEBUG transparent_shard_server::runtime: runtime stage key=("b16be2933ab920bc4745ea8917e5167a7a685c211e0b4febe88b4d3018f970bc", Pages, 0) seconds=0.137307959 stage="source_load"
2026-09-09T19:29:22.976394Z DEBUG transparent_shard_server::runtime: construction stage geometry="recent-8k" table="pages" seconds=0.297948126 stage="encode_database"
2026-09-09T19:29:22.976529Z DEBUG transparent_shard_server::runtime: construction stage geometry="recent-8k" table="pages" seconds=7.0882e-5 stage="public_setup"
2026-09-09T19:29:23.279611Z DEBUG transparent_shard_server::runtime: runtime stage key=("b16be2933ab920bc4745ea8917e5167a7a685c211e0b4febe88b4d3018f970bc", Directory, 0) seconds=0.738699594 stage="disk_save"
2026-09-09T19:29:23.280228Z DEBUG transparent_shard_server::runtime: runtime stage key=("1cd27964911287b2a127c1f8df5e6b0c19f5b4db309391c5adb2db3072bfec6e", Directory, 0) seconds=1.987e-6 stage="restore_slot"
2026-09-09T19:29:23.280370Z DEBUG transparent_shard_server::runtime: runtime stage key=("1cd27964911287b2a127c1f8df5e6b0c19f5b4db309391c5adb2db3072bfec6e", Directory, 0) seconds=2.9067e-5 hit=false stage="disk_restore"
2026-09-09T19:29:23.621781Z DEBUG transparent_shard_server::runtime: construction stage geometry="recent-8k" table="pages" seconds=0.645244397 stage="hint_columns"
2026-09-09T19:29:25.592097Z DEBUG transparent_shard_server::runtime: construction stage geometry="recent-8k" table="pages" seconds=1.9702709550000002 stage="pack_preprocessing"
2026-09-09T19:29:25.592384Z DEBUG transparent_shard_server::runtime: construction stage geometry="recent-8k" table="pages" seconds=0.00024189 stage="publish_parameters"
2026-09-09T19:29:25.593138Z DEBUG transparent_shard_server::runtime: runtime stage key=("b16be2933ab920bc4745ea8917e5167a7a685c211e0b4febe88b4d3018f970bc", Pages, 0) seconds=2.914694376 stage="runtime_build"
2026-09-09T19:29:25.593200Z DEBUG transparent_shard_server::runtime: runtime stage key=("16b8227360ce35dd2e111156f5e31fd5eb500ff877879a212fef6cf8471de8a5", Directory, 0) seconds=8.422848324 stage="build_slot"
2026-09-09T19:29:25.593291Z DEBUG transparent_shard_server::memory: cold build admission wait seconds=8.3764e-5 admitted=true
2026-09-09T19:29:25.593310Z DEBUG transparent_shard_server::runtime: runtime stage key=("b16be2933ab920bc4745ea8917e5167a7a685c211e0b4febe88b4d3018f970bc", Pages, 0) reserved_bytes=136314880 stage="serialization_handoff"
2026-09-09T19:29:25.729974Z DEBUG transparent_shard_server::runtime: runtime stage key=("16b8227360ce35dd2e111156f5e31fd5eb500ff877879a212fef6cf8471de8a5", Directory, 0) seconds=0.136623865 stage="source_load"
2026-09-09T19:29:26.031445Z DEBUG transparent_shard_server::runtime: construction stage geometry="recent-8k" table="directory" seconds=0.301435189 stage="encode_database"
2026-09-09T19:29:26.031569Z DEBUG transparent_shard_server::runtime: construction stage geometry="recent-8k" table="directory" seconds=7.1843e-5 stage="public_setup"
2026-09-09T19:29:26.531224Z DEBUG transparent_shard_server::runtime: runtime stage key=("b16be2933ab920bc4745ea8917e5167a7a685c211e0b4febe88b4d3018f970bc", Pages, 0) seconds=0.93790736 stage="disk_save"
2026-09-09T19:29:26.531310Z DEBUG transparent_shard_server::runtime: runtime stage key=("1cd27964911287b2a127c1f8df5e6b0c19f5b4db309391c5adb2db3072bfec6e", Pages, 0) seconds=1.728e-6 stage="restore_slot"
2026-09-09T19:29:26.531411Z DEBUG transparent_shard_server::runtime: runtime stage key=("1cd27964911287b2a127c1f8df5e6b0c19f5b4db309391c5adb2db3072bfec6e", Pages, 0) seconds=2.4906e-5 hit=false stage="disk_restore"
2026-09-09T19:29:26.637202Z DEBUG transparent_shard_server::runtime: construction stage geometry="recent-8k" table="directory" seconds=0.605624711 stage="hint_columns"
2026-09-09T19:29:28.615710Z DEBUG transparent_shard_server::runtime: construction stage geometry="recent-8k" table="directory" seconds=1.9784615209999998 stage="pack_preprocessing"
2026-09-09T19:29:28.615996Z DEBUG transparent_shard_server::runtime: construction stage geometry="recent-8k" table="directory" seconds=0.000245983 stage="publish_parameters"
2026-09-09T19:29:28.616786Z DEBUG transparent_shard_server::runtime: runtime stage key=("16b8227360ce35dd2e111156f5e31fd5eb500ff877879a212fef6cf8471de8a5", Directory, 0) seconds=2.886777596 stage="runtime_build"
2026-09-09T19:29:28.616833Z DEBUG transparent_shard_server::runtime: runtime stage key=("16b8227360ce35dd2e111156f5e31fd5eb500ff877879a212fef6cf8471de8a5", Directory, 0) reserved_bytes=136314880 stage="serialization_handoff"
2026-09-09T19:29:28.616881Z DEBUG transparent_shard_server::runtime: runtime stage key=("16b8227360ce35dd2e111156f5e31fd5eb500ff877879a212fef6cf8471de8a5", Pages, 0) seconds=8.410487322 stage="build_slot"
2026-09-09T19:29:28.617026Z DEBUG transparent_shard_server::memory: cold build admission wait seconds=0.000120167 admitted=true
2026-09-09T19:29:28.754330Z DEBUG transparent_shard_server::runtime: runtime stage key=("16b8227360ce35dd2e111156f5e31fd5eb500ff877879a212fef6cf8471de8a5", Pages, 0) seconds=0.13728564 stage="source_load"
2026-09-09T19:29:29.048796Z DEBUG transparent_shard_server::runtime: construction stage geometry="recent-8k" table="pages" seconds=0.294432304 stage="encode_database"
2026-09-09T19:29:29.048914Z DEBUG transparent_shard_server::runtime: construction stage geometry="recent-8k" table="pages" seconds=8.0347e-5 stage="public_setup"
2026-09-09T19:29:29.405378Z DEBUG transparent_shard_server::runtime: runtime stage key=("16b8227360ce35dd2e111156f5e31fd5eb500ff877879a212fef6cf8471de8a5", Directory, 0) seconds=0.788539179 stage="disk_save"
2026-09-09T19:29:29.407198Z DEBUG transparent_shard_server::runtime: runtime stage key=("27f56c565263ecffb8c7736d4e811665d81bf4ed71c7978431fcc4f45b645ee1", Directory, 0) seconds=2.191e-6 stage="restore_slot"
2026-09-09T19:29:29.407334Z DEBUG transparent_shard_server::runtime: runtime stage key=("27f56c565263ecffb8c7736d4e811665d81bf4ed71c7978431fcc4f45b645ee1", Directory, 0) seconds=2.5848e-5 hit=false stage="disk_restore"
2026-09-09T19:29:29.716489Z DEBUG transparent_shard_server::runtime: construction stage geometry="recent-8k" table="pages" seconds=0.66756831 stage="hint_columns"
2026-09-09T19:29:31.667561Z DEBUG transparent_shard_server::runtime: construction stage geometry="recent-8k" table="pages" seconds=1.951031473 stage="pack_preprocessing"
2026-09-09T19:29:31.667881Z DEBUG transparent_shard_server::runtime: construction stage geometry="recent-8k" table="pages" seconds=0.000278033 stage="publish_parameters"
2026-09-09T19:29:31.668582Z DEBUG transparent_shard_server::runtime: runtime stage key=("16b8227360ce35dd2e111156f5e31fd5eb500ff877879a212fef6cf8471de8a5", Pages, 0) seconds=2.914220114 stage="runtime_build"
2026-09-09T19:29:31.668625Z DEBUG transparent_shard_server::runtime: runtime stage key=("1cd27964911287b2a127c1f8df5e6b0c19f5b4db309391c5adb2db3072bfec6e", Directory, 0) seconds=8.388241436 stage="build_slot"
2026-09-09T19:29:31.668716Z DEBUG transparent_shard_server::memory: cold build admission wait seconds=8.4465e-5 admitted=true
2026-09-09T19:29:31.668753Z DEBUG transparent_shard_server::runtime: runtime stage key=("16b8227360ce35dd2e111156f5e31fd5eb500ff877879a212fef6cf8471de8a5", Pages, 0) reserved_bytes=136314880 stage="serialization_handoff"
2026-09-09T19:29:31.804052Z DEBUG transparent_shard_server::runtime: runtime stage key=("1cd27964911287b2a127c1f8df5e6b0c19f5b4db309391c5adb2db3072bfec6e", Directory, 0) seconds=0.135293319 stage="source_load"
2026-09-09T19:29:32.102989Z DEBUG transparent_shard_server::runtime: construction stage geometry="recent-8k" table="directory" seconds=0.298906434 stage="encode_database"
2026-09-09T19:29:32.103106Z DEBUG transparent_shard_server::runtime: construction stage geometry="recent-8k" table="directory" seconds=8.88e-5 stage="public_setup"
2026-09-09T19:29:32.394886Z DEBUG transparent_shard_server::runtime: runtime stage key=("16b8227360ce35dd2e111156f5e31fd5eb500ff877879a212fef6cf8471de8a5", Pages, 0) seconds=0.726125719 stage="disk_save"
2026-09-09T19:29:32.394951Z DEBUG transparent_shard_server::runtime: runtime stage key=("27f56c565263ecffb8c7736d4e811665d81bf4ed71c7978431fcc4f45b645ee1", Pages, 0) seconds=1.734e-6 stage="restore_slot"
2026-09-09T19:29:32.395052Z DEBUG transparent_shard_server::runtime: runtime stage key=("27f56c565263ecffb8c7736d4e811665d81bf4ed71c7978431fcc4f45b645ee1", Pages, 0) seconds=2.276e-5 hit=false stage="disk_restore"
2026-09-09T19:29:32.687843Z DEBUG transparent_shard_server::runtime: construction stage geometry="recent-8k" table="directory" seconds=0.584729764 stage="hint_columns"
2026-09-09T19:29:34.635995Z DEBUG transparent_shard_server::runtime: construction stage geometry="recent-8k" table="directory" seconds=1.9481094190000001 stage="pack_preprocessing"
2026-09-09T19:29:34.636286Z DEBUG transparent_shard_server::runtime: construction stage geometry="recent-8k" table="directory" seconds=0.00025232 stage="publish_parameters"
2026-09-09T19:29:34.636967Z DEBUG transparent_shard_server::runtime: runtime stage key=("1cd27964911287b2a127c1f8df5e6b0c19f5b4db309391c5adb2db3072bfec6e", Directory, 0) seconds=2.832886142 stage="runtime_build"
2026-09-09T19:29:34.636993Z DEBUG transparent_shard_server::runtime: runtime stage key=("1cd27964911287b2a127c1f8df5e6b0c19f5b4db309391c5adb2db3072bfec6e", Directory, 0) reserved_bytes=136314880 stage="serialization_handoff"
2026-09-09T19:29:34.637034Z DEBUG transparent_shard_server::runtime: runtime stage key=("1cd27964911287b2a127c1f8df5e6b0c19f5b4db309391c5adb2db3072bfec6e", Pages, 0) seconds=8.105609666 stage="build_slot"
2026-09-09T19:29:34.637133Z DEBUG transparent_shard_server::memory: cold build admission wait seconds=7.6872e-5 admitted=true
2026-09-09T19:29:34.773140Z DEBUG transparent_shard_server::runtime: runtime stage key=("1cd27964911287b2a127c1f8df5e6b0c19f5b4db309391c5adb2db3072bfec6e", Pages, 0) seconds=0.135990895 stage="source_load"
2026-09-09T19:29:35.059594Z DEBUG transparent_shard_server::runtime: construction stage geometry="recent-8k" table="pages" seconds=0.286422964 stage="encode_database"
2026-09-09T19:29:35.059691Z DEBUG transparent_shard_server::runtime: construction stage geometry="recent-8k" table="pages" seconds=6.9987e-5 stage="public_setup"
2026-09-09T19:29:35.354290Z DEBUG transparent_shard_server::runtime: runtime stage key=("1cd27964911287b2a127c1f8df5e6b0c19f5b4db309391c5adb2db3072bfec6e", Directory, 0) seconds=0.717291731 stage="disk_save"
2026-09-09T19:29:35.355212Z DEBUG transparent_shard_server::runtime: runtime stage key=("ced665ae1f1140944bcd0c9aa2b83c1019df768df87fa513f9509106fc5b88c1", Directory, 0) seconds=2.002e-6 stage="restore_slot"
2026-09-09T19:29:35.355337Z DEBUG transparent_shard_server::runtime: runtime stage key=("ced665ae1f1140944bcd0c9aa2b83c1019df768df87fa513f9509106fc5b88c1", Directory, 0) seconds=2.3758e-5 hit=false stage="disk_restore"
2026-09-09T19:29:35.694825Z DEBUG transparent_shard_server::runtime: construction stage geometry="recent-8k" table="pages" seconds=0.635127382 stage="hint_columns"
2026-09-09T19:29:37.664620Z DEBUG transparent_shard_server::runtime: construction stage geometry="recent-8k" table="pages" seconds=1.969755001 stage="pack_preprocessing"
2026-09-09T19:29:37.664934Z DEBUG transparent_shard_server::runtime: construction stage geometry="recent-8k" table="pages" seconds=0.000268889 stage="publish_parameters"
2026-09-09T19:29:37.665655Z DEBUG transparent_shard_server::runtime: runtime stage key=("1cd27964911287b2a127c1f8df5e6b0c19f5b4db309391c5adb2db3072bfec6e", Pages, 0) seconds=2.892485437 stage="runtime_build"
2026-09-09T19:29:37.665700Z DEBUG transparent_shard_server::runtime: runtime stage key=("27f56c565263ecffb8c7736d4e811665d81bf4ed71c7978431fcc4f45b645ee1", Directory, 0) seconds=8.258347592 stage="build_slot"
2026-09-09T19:29:37.665789Z DEBUG transparent_shard_server::memory: cold build admission wait seconds=8.3535e-5 admitted=true
2026-09-09T19:29:37.665814Z DEBUG transparent_shard_server::runtime: runtime stage key=("1cd27964911287b2a127c1f8df5e6b0c19f5b4db309391c5adb2db3072bfec6e", Pages, 0) reserved_bytes=136314880 stage="serialization_handoff"
2026-09-09T19:29:37.802005Z DEBUG transparent_shard_server::runtime: runtime stage key=("27f56c565263ecffb8c7736d4e811665d81bf4ed71c7978431fcc4f45b645ee1", Directory, 0) seconds=0.13617572 stage="source_load"
2026-09-09T19:29:38.103731Z DEBUG transparent_shard_server::runtime: construction stage geometry="recent-8k" table="directory" seconds=0.301690877 stage="encode_database"
2026-09-09T19:29:38.103848Z DEBUG transparent_shard_server::runtime: construction stage geometry="recent-8k" table="directory" seconds=7.3923e-5 stage="public_setup"
2026-09-09T19:29:38.381872Z DEBUG transparent_shard_server::runtime: runtime stage key=("1cd27964911287b2a127c1f8df5e6b0c19f5b4db309391c5adb2db3072bfec6e", Pages, 0) seconds=0.716049414 stage="disk_save"
2026-09-09T19:29:38.381935Z DEBUG transparent_shard_server::runtime: runtime stage key=("ced665ae1f1140944bcd0c9aa2b83c1019df768df87fa513f9509106fc5b88c1", Pages, 0) seconds=2.36e-6 stage="restore_slot"
2026-09-09T19:29:38.382045Z DEBUG transparent_shard_server::runtime: runtime stage key=("ced665ae1f1140944bcd0c9aa2b83c1019df768df87fa513f9509106fc5b88c1", Pages, 0) seconds=3.3241e-5 hit=false stage="disk_restore"
2026-09-09T19:29:38.708226Z DEBUG transparent_shard_server::runtime: construction stage geometry="recent-8k" table="directory" seconds=0.604370635 stage="hint_columns"
2026-09-09T19:29:40.685067Z DEBUG transparent_shard_server::runtime: construction stage geometry="recent-8k" table="directory" seconds=1.97679544 stage="pack_preprocessing"
2026-09-09T19:29:40.685372Z DEBUG transparent_shard_server::runtime: construction stage geometry="recent-8k" table="directory" seconds=0.000259063 stage="publish_parameters"
2026-09-09T19:29:40.686145Z DEBUG transparent_shard_server::runtime: runtime stage key=("27f56c565263ecffb8c7736d4e811665d81bf4ed71c7978431fcc4f45b645ee1", Directory, 0) seconds=2.884106639 stage="runtime_build"
2026-09-09T19:29:40.686191Z DEBUG transparent_shard_server::runtime: runtime stage key=("27f56c565263ecffb8c7736d4e811665d81bf4ed71c7978431fcc4f45b645ee1", Directory, 0) reserved_bytes=136314880 stage="serialization_handoff"
2026-09-09T19:29:40.686236Z DEBUG transparent_shard_server::runtime: runtime stage key=("27f56c565263ecffb8c7736d4e811665d81bf4ed71c7978431fcc4f45b645ee1", Pages, 0) seconds=8.291155943 stage="build_slot"
2026-09-09T19:29:40.686342Z DEBUG transparent_shard_server::memory: cold build admission wait seconds=8.1722e-5 admitted=true
2026-09-09T19:29:40.821185Z DEBUG transparent_shard_server::runtime: runtime stage key=("27f56c565263ecffb8c7736d4e811665d81bf4ed71c7978431fcc4f45b645ee1", Pages, 0) seconds=0.134824231 stage="source_load"
2026-09-09T19:29:41.121248Z DEBUG transparent_shard_server::runtime: construction stage geometry="recent-8k" table="pages" seconds=0.300027898 stage="encode_database"
2026-09-09T19:29:41.121356Z DEBUG transparent_shard_server::runtime: construction stage geometry="recent-8k" table="pages" seconds=7.5732e-5 stage="public_setup"
2026-09-09T19:29:41.416916Z DEBUG transparent_shard_server::runtime: runtime stage key=("27f56c565263ecffb8c7736d4e811665d81bf4ed71c7978431fcc4f45b645ee1", Directory, 0) seconds=0.73071402 stage="disk_save"
2026-09-09T19:29:41.419285Z DEBUG transparent_shard_server::runtime: runtime stage key=("2d4497bf9e8bafc6139ee4e57114238a7ecfa0782702939922bf2a79b1fe05bf", Directory, 0) seconds=1.762e-6 stage="restore_slot"
2026-09-09T19:29:41.419415Z DEBUG transparent_shard_server::runtime: runtime stage key=("2d4497bf9e8bafc6139ee4e57114238a7ecfa0782702939922bf2a79b1fe05bf", Directory, 0) seconds=2.7249e-5 hit=false stage="disk_restore"
2026-09-09T19:29:41.768607Z DEBUG transparent_shard_server::runtime: construction stage geometry="recent-8k" table="pages" seconds=0.6472439 stage="hint_columns"
test burst::publication_burst_under_exact_load has been running for over 60 seconds
2026-09-09T19:29:43.753082Z DEBUG transparent_shard_server::runtime: construction stage geometry="recent-8k" table="pages" seconds=1.984429816 stage="pack_preprocessing"
2026-09-09T19:29:43.753392Z DEBUG transparent_shard_server::runtime: construction stage geometry="recent-8k" table="pages" seconds=0.000268742 stage="publish_parameters"
2026-09-09T19:29:43.754081Z DEBUG transparent_shard_server::runtime: runtime stage key=("27f56c565263ecffb8c7736d4e811665d81bf4ed71c7978431fcc4f45b645ee1", Pages, 0) seconds=2.932862798 stage="runtime_build"
2026-09-09T19:29:43.754133Z DEBUG transparent_shard_server::runtime: runtime stage key=("ced665ae1f1140944bcd0c9aa2b83c1019df768df87fa513f9509106fc5b88c1", Directory, 0) seconds=8.39877992 stage="build_slot"
2026-09-09T19:29:43.754229Z DEBUG transparent_shard_server::memory: cold build admission wait seconds=9.1468e-5 admitted=true
2026-09-09T19:29:43.754251Z DEBUG transparent_shard_server::runtime: runtime stage key=("27f56c565263ecffb8c7736d4e811665d81bf4ed71c7978431fcc4f45b645ee1", Pages, 0) reserved_bytes=136314880 stage="serialization_handoff"
2026-09-09T19:29:43.892085Z DEBUG transparent_shard_server::runtime: runtime stage key=("ced665ae1f1140944bcd0c9aa2b83c1019df768df87fa513f9509106fc5b88c1", Directory, 0) seconds=0.13780106 stage="source_load"
2026-09-09T19:29:44.195638Z DEBUG transparent_shard_server::runtime: construction stage geometry="recent-8k" table="directory" seconds=0.303517394 stage="encode_database"
2026-09-09T19:29:44.195744Z DEBUG transparent_shard_server::runtime: construction stage geometry="recent-8k" table="directory" seconds=7.3958e-5 stage="public_setup"
2026-09-09T19:29:44.479777Z DEBUG transparent_shard_server::runtime: runtime stage key=("27f56c565263ecffb8c7736d4e811665d81bf4ed71c7978431fcc4f45b645ee1", Pages, 0) seconds=0.725519884 stage="disk_save"
2026-09-09T19:29:44.479846Z DEBUG transparent_shard_server::runtime: runtime stage key=("2d4497bf9e8bafc6139ee4e57114238a7ecfa0782702939922bf2a79b1fe05bf", Pages, 0) seconds=1.908e-6 stage="restore_slot"
2026-09-09T19:29:44.479951Z DEBUG transparent_shard_server::runtime: runtime stage key=("2d4497bf9e8bafc6139ee4e57114238a7ecfa0782702939922bf2a79b1fe05bf", Pages, 0) seconds=2.4278e-5 hit=false stage="disk_restore"
2026-09-09T19:29:44.793559Z DEBUG transparent_shard_server::runtime: construction stage geometry="recent-8k" table="directory" seconds=0.597807889 stage="hint_columns"
2026-09-09T19:29:46.760498Z DEBUG transparent_shard_server::runtime: construction stage geometry="recent-8k" table="directory" seconds=1.966898035 stage="pack_preprocessing"
2026-09-09T19:29:46.760834Z DEBUG transparent_shard_server::runtime: construction stage geometry="recent-8k" table="directory" seconds=0.000295396 stage="publish_parameters"
2026-09-09T19:29:46.761535Z DEBUG transparent_shard_server::runtime: runtime stage key=("ced665ae1f1140944bcd0c9aa2b83c1019df768df87fa513f9509106fc5b88c1", Directory, 0) seconds=2.86941662 stage="runtime_build"
2026-09-09T19:29:46.761566Z DEBUG transparent_shard_server::runtime: runtime stage key=("ced665ae1f1140944bcd0c9aa2b83c1019df768df87fa513f9509106fc5b88c1", Directory, 0) reserved_bytes=136314880 stage="serialization_handoff"
2026-09-09T19:29:46.761630Z DEBUG transparent_shard_server::runtime: runtime stage key=("ced665ae1f1140944bcd0c9aa2b83c1019df768df87fa513f9509106fc5b88c1", Pages, 0) seconds=8.37956483 stage="build_slot"
2026-09-09T19:29:46.761729Z DEBUG transparent_shard_server::memory: cold build admission wait seconds=7.623e-5 admitted=true
2026-09-09T19:29:46.896714Z DEBUG transparent_shard_server::runtime: runtime stage key=("ced665ae1f1140944bcd0c9aa2b83c1019df768df87fa513f9509106fc5b88c1", Pages, 0) seconds=0.134968556 stage="source_load"
2026-09-09T19:29:47.193571Z DEBUG transparent_shard_server::runtime: construction stage geometry="recent-8k" table="pages" seconds=0.296796706 stage="encode_database"
2026-09-09T19:29:47.193675Z DEBUG transparent_shard_server::runtime: construction stage geometry="recent-8k" table="pages" seconds=7.4731e-5 stage="public_setup"
2026-09-09T19:29:47.481191Z DEBUG transparent_shard_server::runtime: runtime stage key=("ced665ae1f1140944bcd0c9aa2b83c1019df768df87fa513f9509106fc5b88c1", Directory, 0) seconds=0.719619706 stage="disk_save"
2026-09-09T19:29:47.483196Z DEBUG transparent_shard_server::runtime: runtime stage key=("a4bd72b37c0aafb265c77bb09cbc402cf69b65a87a1fabc8a0f12614b35469be", Directory, 0) seconds=2.305e-6 stage="restore_slot"
2026-09-09T19:29:47.483324Z DEBUG transparent_shard_server::runtime: runtime stage key=("a4bd72b37c0aafb265c77bb09cbc402cf69b65a87a1fabc8a0f12614b35469be", Directory, 0) seconds=2.4839e-5 hit=false stage="disk_restore"
2026-09-09T19:29:47.828709Z DEBUG transparent_shard_server::runtime: construction stage geometry="recent-8k" table="pages" seconds=0.635027921 stage="hint_columns"
2026-09-09T19:29:49.792745Z DEBUG transparent_shard_server::runtime: construction stage geometry="recent-8k" table="pages" seconds=1.96397266 stage="pack_preprocessing"
2026-09-09T19:29:49.793050Z DEBUG transparent_shard_server::runtime: construction stage geometry="recent-8k" table="pages" seconds=0.000263343 stage="publish_parameters"
2026-09-09T19:29:49.793723Z DEBUG transparent_shard_server::runtime: runtime stage key=("ced665ae1f1140944bcd0c9aa2b83c1019df768df87fa513f9509106fc5b88c1", Pages, 0) seconds=2.896950869 stage="runtime_build"
2026-09-09T19:29:49.793764Z DEBUG transparent_shard_server::runtime: runtime stage key=("2d4497bf9e8bafc6139ee4e57114238a7ecfa0782702939922bf2a79b1fe05bf", Directory, 0) seconds=8.374332589 stage="build_slot"
2026-09-09T19:29:49.793848Z DEBUG transparent_shard_server::memory: cold build admission wait seconds=7.7776e-5 admitted=true
2026-09-09T19:29:49.793873Z DEBUG transparent_shard_server::runtime: runtime stage key=("ced665ae1f1140944bcd0c9aa2b83c1019df768df87fa513f9509106fc5b88c1", Pages, 0) reserved_bytes=136314880 stage="serialization_handoff"
2026-09-09T19:29:49.928577Z DEBUG transparent_shard_server::runtime: runtime stage key=("2d4497bf9e8bafc6139ee4e57114238a7ecfa0782702939922bf2a79b1fe05bf", Directory, 0) seconds=0.134489117 stage="source_load"
2026-09-09T19:29:50.227377Z DEBUG transparent_shard_server::runtime: construction stage geometry="recent-8k" table="directory" seconds=0.298768402 stage="encode_database"
2026-09-09T19:29:50.227476Z DEBUG transparent_shard_server::runtime: construction stage geometry="recent-8k" table="directory" seconds=7.1055e-5 stage="public_setup"
2026-09-09T19:29:50.509621Z DEBUG transparent_shard_server::runtime: runtime stage key=("ced665ae1f1140944bcd0c9aa2b83c1019df768df87fa513f9509106fc5b88c1", Pages, 0) seconds=0.715740722 stage="disk_save"
2026-09-09T19:29:50.509683Z DEBUG transparent_shard_server::runtime: runtime stage key=("a4bd72b37c0aafb265c77bb09cbc402cf69b65a87a1fabc8a0f12614b35469be", Pages, 0) seconds=1.861e-6 stage="restore_slot"
2026-09-09T19:29:50.509782Z DEBUG transparent_shard_server::runtime: runtime stage key=("a4bd72b37c0aafb265c77bb09cbc402cf69b65a87a1fabc8a0f12614b35469be", Pages, 0) seconds=2.2397e-5 hit=false stage="disk_restore"
2026-09-09T19:29:50.810500Z DEBUG transparent_shard_server::runtime: construction stage geometry="recent-8k" table="directory" seconds=0.583017299 stage="hint_columns"
2026-09-09T19:29:52.786963Z DEBUG transparent_shard_server::runtime: construction stage geometry="recent-8k" table="directory" seconds=1.97642056 stage="pack_preprocessing"
2026-09-09T19:29:52.787257Z DEBUG transparent_shard_server::runtime: construction stage geometry="recent-8k" table="directory" seconds=0.000253291 stage="publish_parameters"
2026-09-09T19:29:52.787986Z DEBUG transparent_shard_server::runtime: runtime stage key=("2d4497bf9e8bafc6139ee4e57114238a7ecfa0782702939922bf2a79b1fe05bf", Directory, 0) seconds=2.859380181 stage="runtime_build"
2026-09-09T19:29:52.788014Z DEBUG transparent_shard_server::runtime: runtime stage key=("2d4497bf9e8bafc6139ee4e57114238a7ecfa0782702939922bf2a79b1fe05bf", Directory, 0) reserved_bytes=136314880 stage="serialization_handoff"
2026-09-09T19:29:52.788151Z DEBUG transparent_shard_server::runtime: runtime stage key=("2d4497bf9e8bafc6139ee4e57114238a7ecfa0782702939922bf2a79b1fe05bf", Pages, 0) seconds=8.308185654 stage="build_slot"
2026-09-09T19:29:52.788276Z DEBUG transparent_shard_server::memory: cold build admission wait seconds=7.7049e-5 admitted=true
2026-09-09T19:29:52.924315Z DEBUG transparent_shard_server::runtime: runtime stage key=("2d4497bf9e8bafc6139ee4e57114238a7ecfa0782702939922bf2a79b1fe05bf", Pages, 0) seconds=0.136011996 stage="source_load"
2026-09-09T19:29:53.226482Z DEBUG transparent_shard_server::runtime: construction stage geometry="recent-8k" table="pages" seconds=0.302133139 stage="encode_database"
2026-09-09T19:29:53.226606Z DEBUG transparent_shard_server::runtime: construction stage geometry="recent-8k" table="pages" seconds=7.534e-5 stage="public_setup"
2026-09-09T19:29:53.513917Z DEBUG transparent_shard_server::runtime: runtime stage key=("2d4497bf9e8bafc6139ee4e57114238a7ecfa0782702939922bf2a79b1fe05bf", Directory, 0) seconds=0.725896771 stage="disk_save"
2026-09-09T19:29:53.516231Z DEBUG transparent_shard_server::runtime: runtime stage key=("c907a0aa45b2551520863990845279fd25135889865e088c2dad6ea0d32b8fde", Directory, 0) seconds=1.623e-6 stage="restore_slot"
2026-09-09T19:29:53.516378Z DEBUG transparent_shard_server::runtime: runtime stage key=("c907a0aa45b2551520863990845279fd25135889865e088c2dad6ea0d32b8fde", Directory, 0) seconds=3.7462e-5 hit=false stage="disk_restore"
2026-09-09T19:29:53.868001Z DEBUG transparent_shard_server::runtime: construction stage geometry="recent-8k" table="pages" seconds=0.641388106 stage="hint_columns"
2026-09-09T19:29:55.859759Z DEBUG transparent_shard_server::runtime: construction stage geometry="recent-8k" table="pages" seconds=1.991713269 stage="pack_preprocessing"
2026-09-09T19:29:55.860039Z DEBUG transparent_shard_server::runtime: construction stage geometry="recent-8k" table="pages" seconds=0.000237292 stage="publish_parameters"
2026-09-09T19:29:55.860791Z DEBUG transparent_shard_server::runtime: runtime stage key=("2d4497bf9e8bafc6139ee4e57114238a7ecfa0782702939922bf2a79b1fe05bf", Pages, 0) seconds=2.936426357 stage="runtime_build"
2026-09-09T19:29:55.860841Z DEBUG transparent_shard_server::runtime: runtime stage key=("a4bd72b37c0aafb265c77bb09cbc402cf69b65a87a1fabc8a0f12614b35469be", Directory, 0) seconds=8.377492167 stage="build_slot"
2026-09-09T19:29:55.860933Z DEBUG transparent_shard_server::memory: cold build admission wait seconds=8.7082e-5 admitted=true
2026-09-09T19:29:55.860958Z DEBUG transparent_shard_server::runtime: runtime stage key=("2d4497bf9e8bafc6139ee4e57114238a7ecfa0782702939922bf2a79b1fe05bf", Pages, 0) reserved_bytes=136314880 stage="serialization_handoff"
2026-09-09T19:29:55.995007Z DEBUG transparent_shard_server::runtime: runtime stage key=("a4bd72b37c0aafb265c77bb09cbc402cf69b65a87a1fabc8a0f12614b35469be", Directory, 0) seconds=0.134019968 stage="source_load"
2026-09-09T19:29:56.295908Z DEBUG transparent_shard_server::runtime: construction stage geometry="recent-8k" table="directory" seconds=0.300864069 stage="encode_database"
2026-09-09T19:29:56.296017Z DEBUG transparent_shard_server::runtime: construction stage geometry="recent-8k" table="directory" seconds=7.6553e-5 stage="public_setup"
2026-09-09T19:29:56.582238Z DEBUG transparent_shard_server::runtime: runtime stage key=("2d4497bf9e8bafc6139ee4e57114238a7ecfa0782702939922bf2a79b1fe05bf", Pages, 0) seconds=0.7212728 stage="disk_save"
2026-09-09T19:29:56.582312Z DEBUG transparent_shard_server::runtime: runtime stage key=("c907a0aa45b2551520863990845279fd25135889865e088c2dad6ea0d32b8fde", Pages, 0) seconds=1.998e-6 stage="restore_slot"
2026-09-09T19:29:56.582428Z DEBUG transparent_shard_server::runtime: runtime stage key=("c907a0aa45b2551520863990845279fd25135889865e088c2dad6ea0d32b8fde", Pages, 0) seconds=2.6459e-5 hit=false stage="disk_restore"
2026-09-09T19:29:56.895691Z DEBUG transparent_shard_server::runtime: construction stage geometry="recent-8k" table="directory" seconds=0.599666574 stage="hint_columns"
2026-09-09T19:29:58.828869Z DEBUG transparent_shard_server::runtime: construction stage geometry="recent-8k" table="directory" seconds=1.933133129 stage="pack_preprocessing"
2026-09-09T19:29:58.829154Z DEBUG transparent_shard_server::runtime: construction stage geometry="recent-8k" table="directory" seconds=0.000244591 stage="publish_parameters"
2026-09-09T19:29:58.829822Z DEBUG transparent_shard_server::runtime: runtime stage key=("a4bd72b37c0aafb265c77bb09cbc402cf69b65a87a1fabc8a0f12614b35469be", Directory, 0) seconds=2.8347802460000002 stage="runtime_build"
2026-09-09T19:29:58.829850Z DEBUG transparent_shard_server::runtime: runtime stage key=("a4bd72b37c0aafb265c77bb09cbc402cf69b65a87a1fabc8a0f12614b35469be", Directory, 0) reserved_bytes=136314880 stage="serialization_handoff"
2026-09-09T19:29:58.829929Z DEBUG transparent_shard_server::runtime: runtime stage key=("a4bd72b37c0aafb265c77bb09cbc402cf69b65a87a1fabc8a0f12614b35469be", Pages, 0) seconds=8.320128697 stage="build_slot"
2026-09-09T19:29:58.830030Z DEBUG transparent_shard_server::memory: cold build admission wait seconds=7.7996e-5 admitted=true
2026-09-09T19:29:58.963970Z DEBUG transparent_shard_server::runtime: runtime stage key=("a4bd72b37c0aafb265c77bb09cbc402cf69b65a87a1fabc8a0f12614b35469be", Pages, 0) seconds=0.133922484 stage="source_load"
2026-09-09T19:29:59.264784Z DEBUG transparent_shard_server::runtime: construction stage geometry="recent-8k" table="pages" seconds=0.300783233 stage="encode_database"
2026-09-09T19:29:59.264884Z DEBUG transparent_shard_server::runtime: construction stage geometry="recent-8k" table="pages" seconds=7.3081e-5 stage="public_setup"
2026-09-09T19:29:59.539431Z DEBUG transparent_shard_server::runtime: runtime stage key=("a4bd72b37c0aafb265c77bb09cbc402cf69b65a87a1fabc8a0f12614b35469be", Directory, 0) seconds=0.709562224 stage="disk_save"
2026-09-09T19:29:59.542210Z DEBUG transparent_shard_server::runtime: runtime stage key=("67574e8d4c7f7c258f8c7488f73e80a9476f8074c3db3540325133ff25020c2b", Directory, 0) seconds=1.658e-6 stage="restore_slot"
2026-09-09T19:29:59.542340Z DEBUG transparent_shard_server::runtime: runtime stage key=("67574e8d4c7f7c258f8c7488f73e80a9476f8074c3db3540325133ff25020c2b", Directory, 0) seconds=2.6581e-5 hit=false stage="disk_restore"
2026-09-09T19:29:59.899869Z DEBUG transparent_shard_server::runtime: construction stage geometry="recent-8k" table="pages" seconds=0.634978281 stage="hint_columns"
2026-09-09T19:30:01.916483Z DEBUG transparent_shard_server::runtime: construction stage geometry="recent-8k" table="pages" seconds=2.016572586 stage="pack_preprocessing"
2026-09-09T19:30:01.916804Z DEBUG transparent_shard_server::runtime: construction stage geometry="recent-8k" table="pages" seconds=0.000277508 stage="publish_parameters"
2026-09-09T19:30:01.917530Z DEBUG transparent_shard_server::runtime: runtime stage key=("a4bd72b37c0aafb265c77bb09cbc402cf69b65a87a1fabc8a0f12614b35469be", Pages, 0) seconds=2.953531505 stage="runtime_build"
2026-09-09T19:30:01.917580Z DEBUG transparent_shard_server::runtime: runtime stage key=("c907a0aa45b2551520863990845279fd25135889865e088c2dad6ea0d32b8fde", Directory, 0) seconds=8.401183463 stage="build_slot"
2026-09-09T19:30:01.917665Z DEBUG transparent_shard_server::memory: cold build admission wait seconds=8.0493e-5 admitted=true
2026-09-09T19:30:01.917691Z DEBUG transparent_shard_server::runtime: runtime stage key=("a4bd72b37c0aafb265c77bb09cbc402cf69b65a87a1fabc8a0f12614b35469be", Pages, 0) reserved_bytes=136314880 stage="serialization_handoff"
2026-09-09T19:30:02.055510Z DEBUG transparent_shard_server::runtime: runtime stage key=("c907a0aa45b2551520863990845279fd25135889865e088c2dad6ea0d32b8fde", Directory, 0) seconds=0.137801102 stage="source_load"
2026-09-09T19:30:02.361216Z DEBUG transparent_shard_server::runtime: construction stage geometry="recent-8k" table="directory" seconds=0.305667118 stage="encode_database"
2026-09-09T19:30:02.361330Z DEBUG transparent_shard_server::runtime: construction stage geometry="recent-8k" table="directory" seconds=7.6217e-5 stage="public_setup"
2026-09-09T19:30:02.652364Z DEBUG transparent_shard_server::runtime: runtime stage key=("a4bd72b37c0aafb265c77bb09cbc402cf69b65a87a1fabc8a0f12614b35469be", Pages, 0) seconds=0.734667178 stage="disk_save"
2026-09-09T19:30:02.652436Z DEBUG transparent_shard_server::runtime: runtime stage key=("67574e8d4c7f7c258f8c7488f73e80a9476f8074c3db3540325133ff25020c2b", Pages, 0) seconds=2.693e-6 stage="restore_slot"
2026-09-09T19:30:02.652549Z DEBUG transparent_shard_server::runtime: runtime stage key=("67574e8d4c7f7c258f8c7488f73e80a9476f8074c3db3540325133ff25020c2b", Pages, 0) seconds=2.5375e-5 hit=false stage="disk_restore"
2026-09-09T19:30:02.969223Z DEBUG transparent_shard_server::runtime: construction stage geometry="recent-8k" table="directory" seconds=0.607884724 stage="hint_columns"
2026-09-09T19:30:04.968846Z DEBUG transparent_shard_server::runtime: construction stage geometry="recent-8k" table="directory" seconds=1.999573159 stage="pack_preprocessing"
2026-09-09T19:30:04.969137Z DEBUG transparent_shard_server::runtime: construction stage geometry="recent-8k" table="directory" seconds=0.000249642 stage="publish_parameters"
2026-09-09T19:30:04.969836Z DEBUG transparent_shard_server::runtime: runtime stage key=("c907a0aa45b2551520863990845279fd25135889865e088c2dad6ea0d32b8fde", Directory, 0) seconds=2.914289238 stage="runtime_build"
2026-09-09T19:30:04.969867Z DEBUG transparent_shard_server::runtime: runtime stage key=("c907a0aa45b2551520863990845279fd25135889865e088c2dad6ea0d32b8fde", Directory, 0) reserved_bytes=136314880 stage="serialization_handoff"
2026-09-09T19:30:04.969916Z DEBUG transparent_shard_server::runtime: runtime stage key=("c907a0aa45b2551520863990845279fd25135889865e088c2dad6ea0d32b8fde", Pages, 0) seconds=8.387472383 stage="build_slot"
2026-09-09T19:30:04.970022Z DEBUG transparent_shard_server::memory: cold build admission wait seconds=8.1725e-5 admitted=true
2026-09-09T19:30:05.106310Z DEBUG transparent_shard_server::runtime: runtime stage key=("c907a0aa45b2551520863990845279fd25135889865e088c2dad6ea0d32b8fde", Pages, 0) seconds=0.136269192 stage="source_load"
2026-09-09T19:30:05.406810Z DEBUG transparent_shard_server::runtime: construction stage geometry="recent-8k" table="pages" seconds=0.300465757 stage="encode_database"
2026-09-09T19:30:05.406917Z DEBUG transparent_shard_server::runtime: construction stage geometry="recent-8k" table="pages" seconds=7.5485e-5 stage="public_setup"
2026-09-09T19:30:05.693215Z DEBUG transparent_shard_server::runtime: runtime stage key=("c907a0aa45b2551520863990845279fd25135889865e088c2dad6ea0d32b8fde", Directory, 0) seconds=0.723340963 stage="disk_save"
2026-09-09T19:30:06.050206Z DEBUG transparent_shard_server::runtime: construction stage geometry="recent-8k" table="pages" seconds=0.643281137 stage="hint_columns"
2026-09-09T19:30:08.033488Z DEBUG transparent_shard_server::runtime: construction stage geometry="recent-8k" table="pages" seconds=1.983239961 stage="pack_preprocessing"
2026-09-09T19:30:08.033773Z DEBUG transparent_shard_server::runtime: construction stage geometry="recent-8k" table="pages" seconds=0.000246744 stage="publish_parameters"
2026-09-09T19:30:08.034457Z DEBUG transparent_shard_server::runtime: runtime stage key=("c907a0aa45b2551520863990845279fd25135889865e088c2dad6ea0d32b8fde", Pages, 0) seconds=2.9281146319999998 stage="runtime_build"
2026-09-09T19:30:08.034497Z DEBUG transparent_shard_server::runtime: runtime stage key=("67574e8d4c7f7c258f8c7488f73e80a9476f8074c3db3540325133ff25020c2b", Directory, 0) seconds=8.492141065 stage="build_slot"
2026-09-09T19:30:08.034577Z DEBUG transparent_shard_server::memory: cold build admission wait seconds=7.5984e-5 admitted=true
2026-09-09T19:30:08.034651Z DEBUG transparent_shard_server::runtime: runtime stage key=("c907a0aa45b2551520863990845279fd25135889865e088c2dad6ea0d32b8fde", Pages, 0) reserved_bytes=136314880 stage="serialization_handoff"
2026-09-09T19:30:08.176740Z DEBUG transparent_shard_server::runtime: runtime stage key=("67574e8d4c7f7c258f8c7488f73e80a9476f8074c3db3540325133ff25020c2b", Directory, 0) seconds=0.142137091 stage="source_load"
2026-09-09T19:30:08.479228Z DEBUG transparent_shard_server::runtime: construction stage geometry="recent-8k" table="directory" seconds=0.302459088 stage="encode_database"
2026-09-09T19:30:08.479332Z DEBUG transparent_shard_server::runtime: construction stage geometry="recent-8k" table="directory" seconds=7.7654e-5 stage="public_setup"
2026-09-09T19:30:08.763224Z DEBUG transparent_shard_server::runtime: runtime stage key=("c907a0aa45b2551520863990845279fd25135889865e088c2dad6ea0d32b8fde", Pages, 0) seconds=0.728566003 stage="disk_save"
2026-09-09T19:30:09.083426Z DEBUG transparent_shard_server::runtime: construction stage geometry="recent-8k" table="directory" seconds=0.604087483 stage="hint_columns"
2026-09-09T19:30:11.057020Z DEBUG transparent_shard_server::runtime: construction stage geometry="recent-8k" table="directory" seconds=1.973536342 stage="pack_preprocessing"
2026-09-09T19:30:11.057312Z DEBUG transparent_shard_server::runtime: construction stage geometry="recent-8k" table="directory" seconds=0.000255992 stage="publish_parameters"
2026-09-09T19:30:11.057999Z DEBUG transparent_shard_server::runtime: runtime stage key=("67574e8d4c7f7c258f8c7488f73e80a9476f8074c3db3540325133ff25020c2b", Directory, 0) seconds=2.881231438 stage="runtime_build"
2026-09-09T19:30:11.058043Z DEBUG transparent_shard_server::runtime: runtime stage key=("67574e8d4c7f7c258f8c7488f73e80a9476f8074c3db3540325133ff25020c2b", Pages, 0) seconds=8.405467301 stage="build_slot"
2026-09-09T19:30:11.058144Z DEBUG transparent_shard_server::memory: cold build admission wait seconds=9.3588e-5 admitted=true
2026-09-09T19:30:11.058182Z DEBUG transparent_shard_server::runtime: runtime stage key=("67574e8d4c7f7c258f8c7488f73e80a9476f8074c3db3540325133ff25020c2b", Directory, 0) reserved_bytes=136314880 stage="serialization_handoff"
2026-09-09T19:30:11.194931Z DEBUG transparent_shard_server::runtime: runtime stage key=("67574e8d4c7f7c258f8c7488f73e80a9476f8074c3db3540325133ff25020c2b", Pages, 0) seconds=0.136752451 stage="source_load"
2026-09-09T19:30:11.499033Z DEBUG transparent_shard_server::runtime: construction stage geometry="recent-8k" table="pages" seconds=0.30407093 stage="encode_database"
2026-09-09T19:30:11.499133Z DEBUG transparent_shard_server::runtime: construction stage geometry="recent-8k" table="pages" seconds=7.2733e-5 stage="public_setup"
2026-09-09T19:30:11.952538Z DEBUG transparent_shard_server::runtime: runtime stage key=("67574e8d4c7f7c258f8c7488f73e80a9476f8074c3db3540325133ff25020c2b", Directory, 0) seconds=0.894344557 stage="disk_save"
2026-09-09T19:30:12.140665Z DEBUG transparent_shard_server::runtime: construction stage geometry="recent-8k" table="pages" seconds=0.641525839 stage="hint_columns"
2026-09-09T19:30:14.123507Z DEBUG transparent_shard_server::runtime: construction stage geometry="recent-8k" table="pages" seconds=1.982801479 stage="pack_preprocessing"
2026-09-09T19:30:14.123806Z DEBUG transparent_shard_server::runtime: construction stage geometry="recent-8k" table="pages" seconds=0.000256342 stage="publish_parameters"
2026-09-09T19:30:14.124492Z DEBUG transparent_shard_server::runtime: runtime stage key=("67574e8d4c7f7c258f8c7488f73e80a9476f8074c3db3540325133ff25020c2b", Pages, 0) seconds=2.9295319600000003 stage="runtime_build"
2026-09-09T19:30:14.124513Z DEBUG transparent_shard_server::runtime: runtime stage key=("67574e8d4c7f7c258f8c7488f73e80a9476f8074c3db3540325133ff25020c2b", Pages, 0) reserved_bytes=136314880 stage="serialization_handoff"
2026-09-09T19:30:14.831925Z DEBUG transparent_shard_server::runtime: runtime stage key=("67574e8d4c7f7c258f8c7488f73e80a9476f8074c3db3540325133ff25020c2b", Pages, 0) seconds=0.70740471 stage="disk_save"
2026-09-09T19:30:14.832054Z  INFO transparent_shard_server::service: prewarm finished warm=28 target=28 failed=0 seconds=86.143119838
2026-09-09T19:30:15.280228Z  INFO transparent_shard_server::runtime: retired runtime memory reclaimed rss_before=4770467840 rss_after=4380250112
2026-09-09T19:30:15.972046Z DEBUG transparent_shard_server::runtime: runtime stage key=("be059aab39ac34125e0452548d6fbcfb1e7cdb7237a597bd59ee86011ed4882b", Directory, 0) seconds=1.284e-6 stage="restore_slot"
2026-09-09T19:30:15.972054Z DEBUG transparent_shard_server::runtime: runtime stage key=("be059aab39ac34125e0452548d6fbcfb1e7cdb7237a597bd59ee86011ed4882b", Pages, 0) seconds=9.84e-7 stage="restore_slot"
2026-09-09T19:30:15.972208Z DEBUG transparent_shard_server::runtime: runtime stage key=("be059aab39ac34125e0452548d6fbcfb1e7cdb7237a597bd59ee86011ed4882b", Pages, 0) seconds=3.2831e-5 hit=false stage="disk_restore"
2026-09-09T19:30:15.972228Z DEBUG transparent_shard_server::runtime: runtime stage key=("be059aab39ac34125e0452548d6fbcfb1e7cdb7237a597bd59ee86011ed4882b", Pages, 0) seconds=4.63e-7 stage="build_slot"
2026-09-09T19:30:15.972224Z DEBUG transparent_shard_server::runtime: runtime stage key=("be059aab39ac34125e0452548d6fbcfb1e7cdb7237a597bd59ee86011ed4882b", Directory, 0) seconds=3.1526e-5 hit=false stage="disk_restore"
2026-09-09T19:30:15.972275Z DEBUG transparent_shard_server::memory: cold build admission wait seconds=3.0543e-5 admitted=true
2026-09-09T19:30:16.119606Z DEBUG transparent_shard_server::runtime: runtime stage key=("be059aab39ac34125e0452548d6fbcfb1e7cdb7237a597bd59ee86011ed4882b", Pages, 0) seconds=0.147309874 stage="source_load"
2026-09-09T19:30:16.433268Z DEBUG transparent_shard_server::runtime: construction stage geometry="recent-8k" table="pages" seconds=0.313629275 stage="encode_database"
2026-09-09T19:30:16.433370Z DEBUG transparent_shard_server::runtime: construction stage geometry="recent-8k" table="pages" seconds=7.3523e-5 stage="public_setup"
2026-09-09T19:30:17.020492Z DEBUG transparent_shard_server::runtime: construction stage geometry="recent-8k" table="pages" seconds=0.587115835 stage="hint_columns"
2026-09-09T19:30:19.111105Z DEBUG transparent_shard_server::runtime: construction stage geometry="recent-8k" table="pages" seconds=2.090577041 stage="pack_preprocessing"
2026-09-09T19:30:19.111401Z DEBUG transparent_shard_server::runtime: construction stage geometry="recent-8k" table="pages" seconds=0.00026202 stage="publish_parameters"
2026-09-09T19:30:19.112071Z DEBUG transparent_shard_server::runtime: runtime stage key=("be059aab39ac34125e0452548d6fbcfb1e7cdb7237a597bd59ee86011ed4882b", Pages, 0) seconds=2.9924337039999998 stage="runtime_build"
2026-09-09T19:30:19.112093Z DEBUG transparent_shard_server::runtime: runtime stage key=("be059aab39ac34125e0452548d6fbcfb1e7cdb7237a597bd59ee86011ed4882b", Pages, 0) reserved_bytes=136314880 stage="serialization_handoff"
2026-09-09T19:30:19.112122Z DEBUG transparent_shard_server::runtime: runtime stage key=("be059aab39ac34125e0452548d6fbcfb1e7cdb7237a597bd59ee86011ed4882b", Directory, 0) seconds=3.139843555 stage="build_slot"
2026-09-09T19:30:19.112210Z DEBUG transparent_shard_server::memory: cold build admission wait seconds=6.9991e-5 admitted=true
2026-09-09T19:30:19.271383Z DEBUG transparent_shard_server::runtime: runtime stage key=("be059aab39ac34125e0452548d6fbcfb1e7cdb7237a597bd59ee86011ed4882b", Directory, 0) seconds=0.159148918 stage="source_load"
2026-09-09T19:30:19.576468Z DEBUG transparent_shard_server::runtime: construction stage geometry="recent-8k" table="directory" seconds=0.305057866 stage="encode_database"
2026-09-09T19:30:19.576592Z DEBUG transparent_shard_server::runtime: construction stage geometry="recent-8k" table="directory" seconds=9.8846e-5 stage="public_setup"
2026-09-09T19:30:19.843607Z DEBUG transparent_shard_server::runtime: runtime stage key=("be059aab39ac34125e0452548d6fbcfb1e7cdb7237a597bd59ee86011ed4882b", Pages, 0) seconds=0.731507717 stage="disk_save"
2026-09-09T19:30:20.194558Z DEBUG transparent_shard_server::runtime: construction stage geometry="recent-8k" table="directory" seconds=0.61795911 stage="hint_columns"
2026-09-09T19:30:22.240714Z DEBUG transparent_shard_server::runtime: construction stage geometry="recent-8k" table="directory" seconds=2.046130633 stage="pack_preprocessing"
2026-09-09T19:30:22.241006Z DEBUG transparent_shard_server::runtime: construction stage geometry="recent-8k" table="directory" seconds=0.000247761 stage="publish_parameters"
2026-09-09T19:30:22.241672Z DEBUG transparent_shard_server::runtime: runtime stage key=("be059aab39ac34125e0452548d6fbcfb1e7cdb7237a597bd59ee86011ed4882b", Directory, 0) seconds=2.970264566 stage="runtime_build"
2026-09-09T19:30:22.241687Z DEBUG transparent_shard_server::runtime: runtime stage key=("be059aab39ac34125e0452548d6fbcfb1e7cdb7237a597bd59ee86011ed4882b", Directory, 0) reserved_bytes=136314880 stage="serialization_handoff"
2026-09-09T19:30:22.933636Z DEBUG transparent_shard_server::runtime: runtime stage key=("be059aab39ac34125e0452548d6fbcfb1e7cdb7237a597bd59ee86011ed4882b", Directory, 0) seconds=0.691943984 stage="disk_save"
2026-09-09T19:30:22.933723Z  INFO transparent_shard_server::service: prewarm finished warm=28 target=28 failed=0 seconds=6.961733479
2026-09-09T19:30:22.933766Z DEBUG transparent_shard_server::live: publication preparation stages map=32426d9e9300c44558210d8540b636402af2b3c322627f9e9f26e0082b489725 loading_seconds=0.731365354 warming_seconds=6.961819971
2026-09-09T19:30:22.940087Z DEBUG transparent_shard_server::runtime: runtime stage key=("5b7ee9849d47f5ee67d04eb6ca4588beacf42dce75e5a1b481dfd02607b1fb20", Pages, 0) seconds=1.554e-6 stage="restore_slot"
2026-09-09T19:30:22.941220Z DEBUG transparent_shard_server::runtime: runtime stage key=("5b7ee9849d47f5ee67d04eb6ca4588beacf42dce75e5a1b481dfd02607b1fb20", Directory, 0) seconds=6.59e-7 stage="restore_slot"
2026-09-09T19:30:22.981864Z  INFO transparent_shard_server::runtime: retired runtime memory reclaimed rss_before=4961644544 rss_after=4510015488
2026-09-09T19:30:23.532683Z DEBUG transparent_shard_server::runtime: runtime stage key=("268f5c527d35817d37919707b04a706c850d449156baa071b5438dbf8eb53aec", Pages, 0) seconds=1.564e-6 stage="restore_slot"
2026-09-09T19:30:23.532682Z DEBUG transparent_shard_server::runtime: runtime stage key=("268f5c527d35817d37919707b04a706c850d449156baa071b5438dbf8eb53aec", Directory, 0) seconds=1.547e-6 stage="restore_slot"
2026-09-09T19:30:23.533228Z DEBUG transparent_shard_server::runtime: runtime stage key=("268f5c527d35817d37919707b04a706c850d449156baa071b5438dbf8eb53aec", Pages, 0) seconds=3.7412e-5 hit=false stage="disk_restore"
2026-09-09T19:30:23.533258Z DEBUG transparent_shard_server::runtime: runtime stage key=("268f5c527d35817d37919707b04a706c850d449156baa071b5438dbf8eb53aec", Pages, 0) seconds=5.09e-7 stage="build_slot"
2026-09-09T19:30:23.533261Z DEBUG transparent_shard_server::runtime: runtime stage key=("268f5c527d35817d37919707b04a706c850d449156baa071b5438dbf8eb53aec", Directory, 0) seconds=1.4517e-5 hit=false stage="disk_restore"
2026-09-09T19:30:23.533294Z DEBUG transparent_shard_server::memory: cold build admission wait seconds=2.6895e-5 admitted=true
2026-09-09T19:30:23.680641Z DEBUG transparent_shard_server::runtime: runtime stage key=("268f5c527d35817d37919707b04a706c850d449156baa071b5438dbf8eb53aec", Pages, 0) seconds=0.147333062 stage="source_load"
2026-09-09T19:30:23.836462Z DEBUG transparent_shard_server::runtime: runtime stage key=("5b7ee9849d47f5ee67d04eb6ca4588beacf42dce75e5a1b481dfd02607b1fb20", Pages, 0) seconds=0.896215355 hit=true stage="disk_restore"
2026-09-09T19:30:23.859984Z DEBUG transparent_shard_server::runtime: runtime stage key=("5b7ee9849d47f5ee67d04eb6ca4588beacf42dce75e5a1b481dfd02607b1fb20", Directory, 0) seconds=0.918684013 hit=true stage="disk_restore"
2026-09-09T19:30:23.958646Z DEBUG transparent_shard_server::runtime: runtime stage key=("5b7ee9849d47f5ee67d04eb6ca4588beacf42dce75e5a1b481dfd02607b1fb20", Pages, 0) seconds=0.122149666 stage="source_verify"
2026-09-09T19:30:23.958678Z  INFO transparent_shard_server::runtime: restored runtime cache seconds=1.018434053
2026-09-09T19:30:23.983493Z DEBUG transparent_shard_server::runtime: runtime stage key=("5b7ee9849d47f5ee67d04eb6ca4588beacf42dce75e5a1b481dfd02607b1fb20", Directory, 0) seconds=0.123471789 stage="source_verify"
2026-09-09T19:30:23.983518Z  INFO transparent_shard_server::runtime: restored runtime cache seconds=1.042223648
2026-09-09T19:30:23.984525Z DEBUG transparent_shard_server::runtime: construction stage geometry="recent-8k" table="pages" seconds=0.303849648 stage="encode_database"
2026-09-09T19:30:23.984627Z DEBUG transparent_shard_server::runtime: construction stage geometry="recent-8k" table="pages" seconds=7.7394e-5 stage="public_setup"
2026-09-09T19:30:24.553400Z DEBUG transparent_shard_server::runtime: construction stage geometry="recent-8k" table="pages" seconds=0.568766979 stage="hint_columns"
2026-09-09T19:30:26.616442Z DEBUG transparent_shard_server::runtime: construction stage geometry="recent-8k" table="pages" seconds=2.063008284 stage="pack_preprocessing"
2026-09-09T19:30:26.616716Z DEBUG transparent_shard_server::runtime: construction stage geometry="recent-8k" table="pages" seconds=0.000232825 stage="publish_parameters"
2026-09-09T19:30:26.617267Z DEBUG transparent_shard_server::runtime: runtime stage key=("268f5c527d35817d37919707b04a706c850d449156baa071b5438dbf8eb53aec", Pages, 0) seconds=2.936592617 stage="runtime_build"
2026-09-09T19:30:26.617291Z DEBUG transparent_shard_server::runtime: runtime stage key=("268f5c527d35817d37919707b04a706c850d449156baa071b5438dbf8eb53aec", Pages, 0) reserved_bytes=136314880 stage="serialization_handoff"
2026-09-09T19:30:26.617314Z DEBUG transparent_shard_server::runtime: runtime stage key=("268f5c527d35817d37919707b04a706c850d449156baa071b5438dbf8eb53aec", Directory, 0) seconds=3.084027961 stage="build_slot"
2026-09-09T19:30:26.617403Z DEBUG transparent_shard_server::memory: cold build admission wait seconds=7.1552e-5 admitted=true
2026-09-09T19:30:26.780053Z DEBUG transparent_shard_server::runtime: runtime stage key=("268f5c527d35817d37919707b04a706c850d449156baa071b5438dbf8eb53aec", Directory, 0) seconds=0.162635158 stage="source_load"
2026-09-09T19:30:27.096770Z DEBUG transparent_shard_server::runtime: construction stage geometry="recent-8k" table="directory" seconds=0.316685187 stage="encode_database"
2026-09-09T19:30:27.096891Z DEBUG transparent_shard_server::runtime: construction stage geometry="recent-8k" table="directory" seconds=9.7816e-5 stage="public_setup"
2026-09-09T19:30:27.316982Z DEBUG transparent_shard_server::runtime: runtime stage key=("268f5c527d35817d37919707b04a706c850d449156baa071b5438dbf8eb53aec", Pages, 0) seconds=0.699685471 stage="disk_save"
2026-09-09T19:30:27.710069Z DEBUG transparent_shard_server::runtime: construction stage geometry="recent-8k" table="directory" seconds=0.613172516 stage="hint_columns"
2026-09-09T19:30:29.763551Z DEBUG transparent_shard_server::runtime: construction stage geometry="recent-8k" table="directory" seconds=2.053459462 stage="pack_preprocessing"
2026-09-09T19:30:29.763828Z DEBUG transparent_shard_server::runtime: construction stage geometry="recent-8k" table="directory" seconds=0.00024855 stage="publish_parameters"
2026-09-09T19:30:29.764388Z DEBUG transparent_shard_server::runtime: runtime stage key=("268f5c527d35817d37919707b04a706c850d449156baa071b5438dbf8eb53aec", Directory, 0) seconds=2.984303901 stage="runtime_build"
2026-09-09T19:30:29.764404Z DEBUG transparent_shard_server::runtime: runtime stage key=("268f5c527d35817d37919707b04a706c850d449156baa071b5438dbf8eb53aec", Directory, 0) reserved_bytes=136314880 stage="serialization_handoff"
2026-09-09T19:30:30.447212Z DEBUG transparent_shard_server::runtime: runtime stage key=("268f5c527d35817d37919707b04a706c850d449156baa071b5438dbf8eb53aec", Directory, 0) seconds=0.682803549 stage="disk_save"
2026-09-09T19:30:30.447302Z  INFO transparent_shard_server::service: prewarm finished warm=28 target=28 failed=0 seconds=6.914671663
2026-09-09T19:30:30.447475Z DEBUG transparent_shard_server::live: publication preparation stages map=12cbb58695cd66166197842d179b61598c15effb06ad32efcd899a13e36e7b10 loading_seconds=0.597658702 warming_seconds=6.914876295
test burst::publication_burst_under_exact_load ... ok

test result: ok. 1 passed; 0 failed; 0 ignored; 0 measured; 16 filtered out; finished in 107.92s

Finished with result: success
Main processes terminated with: code=exited/status=0
Service runtime: 1min 47.950s
CPU time consumed: 3min 56.761s
Memory peak: 2.2M
Memory swap peak: 0B
