Running as unit: transparent-full-burst-b0ec5b7b96c54225944a2cc03765696d.service

running 1 test
2026-09-09T19:34:56.196289Z DEBUG transparent_shard_server::runtime: runtime stage key=("5b7ee9849d47f5ee67d04eb6ca4588beacf42dce75e5a1b481dfd02607b1fb20", Directory, 0) seconds=1.0897e-5 stage="restore_slot"
2026-09-09T19:34:56.196345Z DEBUG transparent_shard_server::runtime: runtime stage key=("5b7ee9849d47f5ee67d04eb6ca4588beacf42dce75e5a1b481dfd02607b1fb20", Pages, 0) seconds=1.23e-6 stage="restore_slot"
2026-09-09T19:34:56.196468Z DEBUG transparent_shard_server::runtime: runtime stage key=("1f5d7213a380745d83cc554ad16bdf9e039a0304d0de0b71376828e1838d0ea4", Directory, 0) seconds=5.08e-7 stage="restore_slot"
2026-09-09T19:34:56.196492Z DEBUG transparent_shard_server::runtime: runtime stage key=("1f5d7213a380745d83cc554ad16bdf9e039a0304d0de0b71376828e1838d0ea4", Pages, 0) seconds=6.08e-7 stage="restore_slot"
2026-09-09T19:34:56.196779Z DEBUG transparent_shard_server::runtime: runtime stage key=("5b7ee9849d47f5ee67d04eb6ca4588beacf42dce75e5a1b481dfd02607b1fb20", Directory, 0) seconds=5.8706e-5 hit=false stage="disk_restore"
2026-09-09T19:34:56.196800Z DEBUG transparent_shard_server::runtime: runtime stage key=("5b7ee9849d47f5ee67d04eb6ca4588beacf42dce75e5a1b481dfd02607b1fb20", Pages, 0) seconds=3.475e-5 hit=false stage="disk_restore"
2026-09-09T19:34:56.196801Z DEBUG transparent_shard_server::runtime: runtime stage key=("1f5d7213a380745d83cc554ad16bdf9e039a0304d0de0b71376828e1838d0ea4", Pages, 0) seconds=3.2806e-5 hit=false stage="disk_restore"
2026-09-09T19:34:56.196824Z DEBUG transparent_shard_server::runtime: runtime stage key=("5b7ee9849d47f5ee67d04eb6ca4588beacf42dce75e5a1b481dfd02607b1fb20", Directory, 0) seconds=1.548e-6 stage="build_slot"
2026-09-09T19:34:56.196869Z DEBUG transparent_shard_server::memory: cold build admission wait seconds=4.1282e-5 admitted=true
2026-09-09T19:34:56.196890Z DEBUG transparent_shard_server::runtime: runtime stage key=("1f5d7213a380745d83cc554ad16bdf9e039a0304d0de0b71376828e1838d0ea4", Directory, 0) seconds=1.1314e-5 hit=false stage="disk_restore"
2026-09-09T19:34:56.345201Z DEBUG transparent_shard_server::runtime: runtime stage key=("5b7ee9849d47f5ee67d04eb6ca4588beacf42dce75e5a1b481dfd02607b1fb20", Directory, 0) seconds=0.14827861 stage="source_load"
2026-09-09T19:34:56.648582Z DEBUG transparent_shard_server::runtime: construction stage geometry="recent-8k" table="directory" seconds=0.303339045 stage="encode_database"
2026-09-09T19:34:56.648687Z DEBUG transparent_shard_server::runtime: construction stage geometry="recent-8k" table="directory" seconds=6.1661e-5 stage="public_setup"
2026-09-09T19:34:57.208332Z DEBUG transparent_shard_server::runtime: construction stage geometry="recent-8k" table="directory" seconds=0.559639751 stage="hint_columns"
2026-09-09T19:34:59.252161Z DEBUG transparent_shard_server::runtime: construction stage geometry="recent-8k" table="directory" seconds=2.043787791 stage="pack_preprocessing"
2026-09-09T19:34:59.252461Z DEBUG transparent_shard_server::runtime: construction stage geometry="recent-8k" table="directory" seconds=0.000258878 stage="publish_parameters"
2026-09-09T19:34:59.253961Z DEBUG transparent_shard_server::runtime: runtime stage key=("5b7ee9849d47f5ee67d04eb6ca4588beacf42dce75e5a1b481dfd02607b1fb20", Directory, 0) seconds=2.908719754 stage="runtime_build"
2026-09-09T19:34:59.255373Z DEBUG transparent_shard_server::runtime: runtime stage key=("5b7ee9849d47f5ee67d04eb6ca4588beacf42dce75e5a1b481dfd02607b1fb20", Directory, 0) reserved_bytes=136314880 stage="serialization_handoff"
2026-09-09T19:34:59.255415Z DEBUG transparent_shard_server::runtime: runtime stage key=("5b7ee9849d47f5ee67d04eb6ca4588beacf42dce75e5a1b481dfd02607b1fb20", Pages, 0) seconds=3.058577615 stage="build_slot"
2026-09-09T19:34:59.255530Z DEBUG transparent_shard_server::memory: cold build admission wait seconds=9.0678e-5 admitted=true
2026-09-09T19:34:59.401775Z DEBUG transparent_shard_server::runtime: runtime stage key=("5b7ee9849d47f5ee67d04eb6ca4588beacf42dce75e5a1b481dfd02607b1fb20", Pages, 0) seconds=0.14619302 stage="source_load"
2026-09-09T19:34:59.703962Z DEBUG transparent_shard_server::runtime: construction stage geometry="recent-8k" table="pages" seconds=0.302140169 stage="encode_database"
2026-09-09T19:34:59.704081Z DEBUG transparent_shard_server::runtime: construction stage geometry="recent-8k" table="pages" seconds=7.4696e-5 stage="public_setup"
2026-09-09T19:34:59.995210Z DEBUG transparent_shard_server::runtime: runtime stage key=("5b7ee9849d47f5ee67d04eb6ca4588beacf42dce75e5a1b481dfd02607b1fb20", Directory, 0) seconds=0.739819649 stage="disk_save"
2026-09-09T19:34:59.996202Z DEBUG transparent_shard_server::runtime: runtime stage key=("ca7afe810c988a8b4b561668f3456a9f38d1fdbb0776614e07ddfeb1a2132000", Directory, 0) seconds=2e-6 stage="restore_slot"
2026-09-09T19:34:59.996384Z DEBUG transparent_shard_server::runtime: runtime stage key=("ca7afe810c988a8b4b561668f3456a9f38d1fdbb0776614e07ddfeb1a2132000", Directory, 0) seconds=3.7056e-5 hit=false stage="disk_restore"
2026-09-09T19:35:00.315016Z DEBUG transparent_shard_server::runtime: construction stage geometry="recent-8k" table="pages" seconds=0.610924987 stage="hint_columns"
2026-09-09T19:35:02.388053Z DEBUG transparent_shard_server::runtime: construction stage geometry="recent-8k" table="pages" seconds=2.072992985 stage="pack_preprocessing"
2026-09-09T19:35:02.388354Z DEBUG transparent_shard_server::runtime: construction stage geometry="recent-8k" table="pages" seconds=0.000259717 stage="publish_parameters"
2026-09-09T19:35:02.388989Z DEBUG transparent_shard_server::runtime: runtime stage key=("5b7ee9849d47f5ee67d04eb6ca4588beacf42dce75e5a1b481dfd02607b1fb20", Pages, 0) seconds=2.987169647 stage="runtime_build"
2026-09-09T19:35:02.389014Z DEBUG transparent_shard_server::runtime: runtime stage key=("5b7ee9849d47f5ee67d04eb6ca4588beacf42dce75e5a1b481dfd02607b1fb20", Pages, 0) reserved_bytes=136314880 stage="serialization_handoff"
2026-09-09T19:35:02.389047Z DEBUG transparent_shard_server::runtime: runtime stage key=("1f5d7213a380745d83cc554ad16bdf9e039a0304d0de0b71376828e1838d0ea4", Pages, 0) seconds=6.192207978 stage="build_slot"
2026-09-09T19:35:02.389169Z DEBUG transparent_shard_server::memory: cold build admission wait seconds=9.6844e-5 admitted=true
2026-09-09T19:35:02.533437Z DEBUG transparent_shard_server::runtime: runtime stage key=("1f5d7213a380745d83cc554ad16bdf9e039a0304d0de0b71376828e1838d0ea4", Pages, 0) seconds=0.144229706 stage="source_load"
2026-09-09T19:35:02.844371Z DEBUG transparent_shard_server::runtime: construction stage geometry="recent-8k" table="pages" seconds=0.310873924 stage="encode_database"
2026-09-09T19:35:02.844474Z DEBUG transparent_shard_server::runtime: construction stage geometry="recent-8k" table="pages" seconds=7.0096e-5 stage="public_setup"
2026-09-09T19:35:03.130193Z DEBUG transparent_shard_server::runtime: runtime stage key=("5b7ee9849d47f5ee67d04eb6ca4588beacf42dce75e5a1b481dfd02607b1fb20", Pages, 0) seconds=0.741172482 stage="disk_save"
2026-09-09T19:35:03.133221Z DEBUG transparent_shard_server::runtime: runtime stage key=("ca7afe810c988a8b4b561668f3456a9f38d1fdbb0776614e07ddfeb1a2132000", Pages, 0) seconds=2.021e-6 stage="restore_slot"
2026-09-09T19:35:03.133369Z DEBUG transparent_shard_server::runtime: runtime stage key=("ca7afe810c988a8b4b561668f3456a9f38d1fdbb0776614e07ddfeb1a2132000", Pages, 0) seconds=2.6522e-5 hit=false stage="disk_restore"
2026-09-09T19:35:03.487197Z DEBUG transparent_shard_server::runtime: construction stage geometry="recent-8k" table="pages" seconds=0.642716118 stage="hint_columns"
2026-09-09T19:35:05.529359Z DEBUG transparent_shard_server::runtime: construction stage geometry="recent-8k" table="pages" seconds=2.042114 stage="pack_preprocessing"
2026-09-09T19:35:05.529650Z DEBUG transparent_shard_server::runtime: construction stage geometry="recent-8k" table="pages" seconds=0.000249535 stage="publish_parameters"
2026-09-09T19:35:05.530342Z DEBUG transparent_shard_server::runtime: runtime stage key=("1f5d7213a380745d83cc554ad16bdf9e039a0304d0de0b71376828e1838d0ea4", Pages, 0) seconds=2.996846595 stage="runtime_build"
2026-09-09T19:35:05.530415Z DEBUG transparent_shard_server::runtime: runtime stage key=("1f5d7213a380745d83cc554ad16bdf9e039a0304d0de0b71376828e1838d0ea4", Pages, 0) reserved_bytes=136314880 stage="serialization_handoff"
2026-09-09T19:35:05.530575Z DEBUG transparent_shard_server::runtime: runtime stage key=("1f5d7213a380745d83cc554ad16bdf9e039a0304d0de0b71376828e1838d0ea4", Directory, 0) seconds=9.33367015 stage="build_slot"
2026-09-09T19:35:05.530709Z DEBUG transparent_shard_server::memory: cold build admission wait seconds=0.000109471 admitted=true
2026-09-09T19:35:05.667359Z DEBUG transparent_shard_server::runtime: runtime stage key=("1f5d7213a380745d83cc554ad16bdf9e039a0304d0de0b71376828e1838d0ea4", Directory, 0) seconds=0.136598132 stage="source_load"
2026-09-09T19:35:05.959959Z DEBUG transparent_shard_server::runtime: construction stage geometry="recent-8k" table="directory" seconds=0.29256148 stage="encode_database"
2026-09-09T19:35:05.960068Z DEBUG transparent_shard_server::runtime: construction stage geometry="recent-8k" table="directory" seconds=7.1462e-5 stage="public_setup"
2026-09-09T19:35:06.468691Z DEBUG transparent_shard_server::runtime: runtime stage key=("1f5d7213a380745d83cc554ad16bdf9e039a0304d0de0b71376828e1838d0ea4", Pages, 0) seconds=0.93826024 stage="disk_save"
2026-09-09T19:35:06.471215Z DEBUG transparent_shard_server::runtime: runtime stage key=("95df7205357fe2d9c962d2b41daded841e05afa7b6fc8d06dfec46ad04e15335", Directory, 0) seconds=1.902e-6 stage="restore_slot"
2026-09-09T19:35:06.471375Z DEBUG transparent_shard_server::runtime: runtime stage key=("95df7205357fe2d9c962d2b41daded841e05afa7b6fc8d06dfec46ad04e15335", Directory, 0) seconds=4.1221e-5 hit=false stage="disk_restore"
2026-09-09T19:35:06.566614Z DEBUG transparent_shard_server::runtime: construction stage geometry="recent-8k" table="directory" seconds=0.606538565 stage="hint_columns"
2026-09-09T19:35:08.565419Z DEBUG transparent_shard_server::runtime: construction stage geometry="recent-8k" table="directory" seconds=1.998760679 stage="pack_preprocessing"
2026-09-09T19:35:08.565707Z DEBUG transparent_shard_server::runtime: construction stage geometry="recent-8k" table="directory" seconds=0.000246563 stage="publish_parameters"
2026-09-09T19:35:08.566386Z DEBUG transparent_shard_server::runtime: runtime stage key=("1f5d7213a380745d83cc554ad16bdf9e039a0304d0de0b71376828e1838d0ea4", Directory, 0) seconds=2.89899 stage="runtime_build"
2026-09-09T19:35:08.566409Z DEBUG transparent_shard_server::runtime: runtime stage key=("1f5d7213a380745d83cc554ad16bdf9e039a0304d0de0b71376828e1838d0ea4", Directory, 0) reserved_bytes=136314880 stage="serialization_handoff"
2026-09-09T19:35:08.566443Z DEBUG transparent_shard_server::runtime: runtime stage key=("ca7afe810c988a8b4b561668f3456a9f38d1fdbb0776614e07ddfeb1a2132000", Directory, 0) seconds=8.570009122 stage="build_slot"
2026-09-09T19:35:08.566550Z DEBUG transparent_shard_server::memory: cold build admission wait seconds=8.1286e-5 admitted=true
2026-09-09T19:35:08.705611Z DEBUG transparent_shard_server::runtime: runtime stage key=("ca7afe810c988a8b4b561668f3456a9f38d1fdbb0776614e07ddfeb1a2132000", Directory, 0) seconds=0.139025979 stage="source_load"
2026-09-09T19:35:09.000475Z DEBUG transparent_shard_server::runtime: construction stage geometry="recent-8k" table="directory" seconds=0.294828235 stage="encode_database"
2026-09-09T19:35:09.000584Z DEBUG transparent_shard_server::runtime: construction stage geometry="recent-8k" table="directory" seconds=7.4937e-5 stage="public_setup"
2026-09-09T19:35:09.302193Z DEBUG transparent_shard_server::runtime: runtime stage key=("1f5d7213a380745d83cc554ad16bdf9e039a0304d0de0b71376828e1838d0ea4", Directory, 0) seconds=0.735776766 stage="disk_save"
2026-09-09T19:35:09.305207Z DEBUG transparent_shard_server::runtime: runtime stage key=("95df7205357fe2d9c962d2b41daded841e05afa7b6fc8d06dfec46ad04e15335", Pages, 0) seconds=2.312e-6 stage="restore_slot"
2026-09-09T19:35:09.305371Z DEBUG transparent_shard_server::runtime: runtime stage key=("95df7205357fe2d9c962d2b41daded841e05afa7b6fc8d06dfec46ad04e15335", Pages, 0) seconds=2.9372e-5 hit=false stage="disk_restore"
2026-09-09T19:35:09.601392Z DEBUG transparent_shard_server::runtime: construction stage geometry="recent-8k" table="directory" seconds=0.600800719 stage="hint_columns"
2026-09-09T19:35:11.625633Z DEBUG transparent_shard_server::runtime: construction stage geometry="recent-8k" table="directory" seconds=2.02419638 stage="pack_preprocessing"
2026-09-09T19:35:11.625942Z DEBUG transparent_shard_server::runtime: construction stage geometry="recent-8k" table="directory" seconds=0.000263047 stage="publish_parameters"
2026-09-09T19:35:11.626734Z DEBUG transparent_shard_server::runtime: runtime stage key=("ca7afe810c988a8b4b561668f3456a9f38d1fdbb0776614e07ddfeb1a2132000", Directory, 0) seconds=2.921090533 stage="runtime_build"
2026-09-09T19:35:11.626765Z DEBUG transparent_shard_server::runtime: runtime stage key=("ca7afe810c988a8b4b561668f3456a9f38d1fdbb0776614e07ddfeb1a2132000", Directory, 0) reserved_bytes=136314880 stage="serialization_handoff"
2026-09-09T19:35:11.626894Z DEBUG transparent_shard_server::runtime: runtime stage key=("ca7afe810c988a8b4b561668f3456a9f38d1fdbb0776614e07ddfeb1a2132000", Pages, 0) seconds=8.490706079 stage="build_slot"
2026-09-09T19:35:11.627004Z DEBUG transparent_shard_server::memory: cold build admission wait seconds=8.4106e-5 admitted=true
2026-09-09T19:35:11.764511Z DEBUG transparent_shard_server::runtime: runtime stage key=("ca7afe810c988a8b4b561668f3456a9f38d1fdbb0776614e07ddfeb1a2132000", Pages, 0) seconds=0.137451388 stage="source_load"
2026-09-09T19:35:12.058296Z DEBUG transparent_shard_server::runtime: construction stage geometry="recent-8k" table="pages" seconds=0.293749049 stage="encode_database"
2026-09-09T19:35:12.058407Z DEBUG transparent_shard_server::runtime: construction stage geometry="recent-8k" table="pages" seconds=7.4848e-5 stage="public_setup"
2026-09-09T19:35:12.375445Z DEBUG transparent_shard_server::runtime: runtime stage key=("ca7afe810c988a8b4b561668f3456a9f38d1fdbb0776614e07ddfeb1a2132000", Directory, 0) seconds=0.748672843 stage="disk_save"
2026-09-09T19:35:12.377242Z DEBUG transparent_shard_server::runtime: runtime stage key=("73d46a59d0d03d7616f9a47e53b50448d4c5a3504e6e296600d8884c8c4403b8", Directory, 0) seconds=2.205e-6 stage="restore_slot"
2026-09-09T19:35:12.377429Z DEBUG transparent_shard_server::runtime: runtime stage key=("73d46a59d0d03d7616f9a47e53b50448d4c5a3504e6e296600d8884c8c4403b8", Directory, 0) seconds=5.7893e-5 hit=false stage="disk_restore"
2026-09-09T19:35:12.719004Z DEBUG transparent_shard_server::runtime: construction stage geometry="recent-8k" table="pages" seconds=0.660588951 stage="hint_columns"
2026-09-09T19:35:14.689818Z DEBUG transparent_shard_server::runtime: construction stage geometry="recent-8k" table="pages" seconds=1.970767929 stage="pack_preprocessing"
2026-09-09T19:35:14.690122Z DEBUG transparent_shard_server::runtime: construction stage geometry="recent-8k" table="pages" seconds=0.000263881 stage="publish_parameters"
2026-09-09T19:35:14.690899Z DEBUG transparent_shard_server::runtime: runtime stage key=("ca7afe810c988a8b4b561668f3456a9f38d1fdbb0776614e07ddfeb1a2132000", Pages, 0) seconds=2.926353587 stage="runtime_build"
2026-09-09T19:35:14.690934Z DEBUG transparent_shard_server::runtime: runtime stage key=("ca7afe810c988a8b4b561668f3456a9f38d1fdbb0776614e07ddfeb1a2132000", Pages, 0) reserved_bytes=136314880 stage="serialization_handoff"
2026-09-09T19:35:14.690965Z DEBUG transparent_shard_server::runtime: runtime stage key=("95df7205357fe2d9c962d2b41daded841e05afa7b6fc8d06dfec46ad04e15335", Directory, 0) seconds=8.219551645 stage="build_slot"
2026-09-09T19:35:14.691067Z DEBUG transparent_shard_server::memory: cold build admission wait seconds=7.7829e-5 admitted=true
2026-09-09T19:35:14.828086Z DEBUG transparent_shard_server::runtime: runtime stage key=("95df7205357fe2d9c962d2b41daded841e05afa7b6fc8d06dfec46ad04e15335", Directory, 0) seconds=0.136989084 stage="source_load"
2026-09-09T19:35:15.130851Z DEBUG transparent_shard_server::runtime: construction stage geometry="recent-8k" table="directory" seconds=0.302734454 stage="encode_database"
2026-09-09T19:35:15.130970Z DEBUG transparent_shard_server::runtime: construction stage geometry="recent-8k" table="directory" seconds=8.3829e-5 stage="public_setup"
2026-09-09T19:35:15.432235Z DEBUG transparent_shard_server::runtime: runtime stage key=("ca7afe810c988a8b4b561668f3456a9f38d1fdbb0776614e07ddfeb1a2132000", Pages, 0) seconds=0.741294347 stage="disk_save"
2026-09-09T19:35:15.435216Z DEBUG transparent_shard_server::runtime: runtime stage key=("73d46a59d0d03d7616f9a47e53b50448d4c5a3504e6e296600d8884c8c4403b8", Pages, 0) seconds=2.089e-6 stage="restore_slot"
2026-09-09T19:35:15.435355Z DEBUG transparent_shard_server::runtime: runtime stage key=("73d46a59d0d03d7616f9a47e53b50448d4c5a3504e6e296600d8884c8c4403b8", Pages, 0) seconds=3.4511e-5 hit=false stage="disk_restore"
2026-09-09T19:35:15.734524Z DEBUG transparent_shard_server::runtime: construction stage geometry="recent-8k" table="directory" seconds=0.603547057 stage="hint_columns"
2026-09-09T19:35:17.776080Z DEBUG transparent_shard_server::runtime: construction stage geometry="recent-8k" table="directory" seconds=2.041520086 stage="pack_preprocessing"
2026-09-09T19:35:17.776420Z DEBUG transparent_shard_server::runtime: construction stage geometry="recent-8k" table="directory" seconds=0.0002931 stage="publish_parameters"
2026-09-09T19:35:17.777292Z DEBUG transparent_shard_server::runtime: runtime stage key=("95df7205357fe2d9c962d2b41daded841e05afa7b6fc8d06dfec46ad04e15335", Directory, 0) seconds=2.949176704 stage="runtime_build"
2026-09-09T19:35:17.777332Z DEBUG transparent_shard_server::runtime: runtime stage key=("95df7205357fe2d9c962d2b41daded841e05afa7b6fc8d06dfec46ad04e15335", Directory, 0) reserved_bytes=136314880 stage="serialization_handoff"
2026-09-09T19:35:17.777394Z DEBUG transparent_shard_server::runtime: runtime stage key=("95df7205357fe2d9c962d2b41daded841e05afa7b6fc8d06dfec46ad04e15335", Pages, 0) seconds=8.470180413 stage="build_slot"
2026-09-09T19:35:17.777507Z DEBUG transparent_shard_server::memory: cold build admission wait seconds=8.6488e-5 admitted=true
2026-09-09T19:35:17.916583Z DEBUG transparent_shard_server::runtime: runtime stage key=("95df7205357fe2d9c962d2b41daded841e05afa7b6fc8d06dfec46ad04e15335", Pages, 0) seconds=0.139021504 stage="source_load"
2026-09-09T19:35:18.211323Z DEBUG transparent_shard_server::runtime: construction stage geometry="recent-8k" table="pages" seconds=0.294704152 stage="encode_database"
2026-09-09T19:35:18.211455Z DEBUG transparent_shard_server::runtime: construction stage geometry="recent-8k" table="pages" seconds=8.4151e-5 stage="public_setup"
2026-09-09T19:35:18.509396Z DEBUG transparent_shard_server::runtime: runtime stage key=("95df7205357fe2d9c962d2b41daded841e05afa7b6fc8d06dfec46ad04e15335", Directory, 0) seconds=0.732058069 stage="disk_save"
2026-09-09T19:35:18.512200Z DEBUG transparent_shard_server::runtime: runtime stage key=("b16be2933ab920bc4745ea8917e5167a7a685c211e0b4febe88b4d3018f970bc", Directory, 0) seconds=1.742e-6 stage="restore_slot"
2026-09-09T19:35:18.512347Z DEBUG transparent_shard_server::runtime: runtime stage key=("b16be2933ab920bc4745ea8917e5167a7a685c211e0b4febe88b4d3018f970bc", Directory, 0) seconds=2.6147e-5 hit=false stage="disk_restore"
2026-09-09T19:35:18.860857Z DEBUG transparent_shard_server::runtime: construction stage geometry="recent-8k" table="pages" seconds=0.649394665 stage="hint_columns"
2026-09-09T19:35:20.884333Z DEBUG transparent_shard_server::runtime: construction stage geometry="recent-8k" table="pages" seconds=2.023424443 stage="pack_preprocessing"
2026-09-09T19:35:20.884613Z DEBUG transparent_shard_server::runtime: construction stage geometry="recent-8k" table="pages" seconds=0.0002363 stage="publish_parameters"
2026-09-09T19:35:20.885469Z DEBUG transparent_shard_server::runtime: runtime stage key=("95df7205357fe2d9c962d2b41daded841e05afa7b6fc8d06dfec46ad04e15335", Pages, 0) seconds=2.9688511650000002 stage="runtime_build"
2026-09-09T19:35:20.885517Z DEBUG transparent_shard_server::runtime: runtime stage key=("95df7205357fe2d9c962d2b41daded841e05afa7b6fc8d06dfec46ad04e15335", Pages, 0) reserved_bytes=136314880 stage="serialization_handoff"
2026-09-09T19:35:20.885568Z DEBUG transparent_shard_server::runtime: runtime stage key=("73d46a59d0d03d7616f9a47e53b50448d4c5a3504e6e296600d8884c8c4403b8", Directory, 0) seconds=8.508098123 stage="build_slot"
2026-09-09T19:35:20.885680Z DEBUG transparent_shard_server::memory: cold build admission wait seconds=8.6766e-5 admitted=true
2026-09-09T19:35:21.024086Z DEBUG transparent_shard_server::runtime: runtime stage key=("73d46a59d0d03d7616f9a47e53b50448d4c5a3504e6e296600d8884c8c4403b8", Directory, 0) seconds=0.1383509 stage="source_load"
2026-09-09T19:35:21.329591Z DEBUG transparent_shard_server::runtime: construction stage geometry="recent-8k" table="directory" seconds=0.305471268 stage="encode_database"
2026-09-09T19:35:21.329695Z DEBUG transparent_shard_server::runtime: construction stage geometry="recent-8k" table="directory" seconds=7.3032e-5 stage="public_setup"
2026-09-09T19:35:21.620195Z DEBUG transparent_shard_server::runtime: runtime stage key=("95df7205357fe2d9c962d2b41daded841e05afa7b6fc8d06dfec46ad04e15335", Pages, 0) seconds=0.734670419 stage="disk_save"
2026-09-09T19:35:21.622202Z DEBUG transparent_shard_server::runtime: runtime stage key=("b16be2933ab920bc4745ea8917e5167a7a685c211e0b4febe88b4d3018f970bc", Pages, 0) seconds=1.987e-6 stage="restore_slot"
2026-09-09T19:35:21.622368Z DEBUG transparent_shard_server::runtime: runtime stage key=("b16be2933ab920bc4745ea8917e5167a7a685c211e0b4febe88b4d3018f970bc", Pages, 0) seconds=4.2117e-5 hit=false stage="disk_restore"
2026-09-09T19:35:21.924876Z DEBUG transparent_shard_server::runtime: construction stage geometry="recent-8k" table="directory" seconds=0.595174158 stage="hint_columns"
2026-09-09T19:35:23.933562Z DEBUG transparent_shard_server::runtime: construction stage geometry="recent-8k" table="directory" seconds=2.008642773 stage="pack_preprocessing"
2026-09-09T19:35:23.933870Z DEBUG transparent_shard_server::runtime: construction stage geometry="recent-8k" table="directory" seconds=0.000262875 stage="publish_parameters"
2026-09-09T19:35:23.934713Z DEBUG transparent_shard_server::runtime: runtime stage key=("73d46a59d0d03d7616f9a47e53b50448d4c5a3504e6e296600d8884c8c4403b8", Directory, 0) seconds=2.910593776 stage="runtime_build"
2026-09-09T19:35:23.934749Z DEBUG transparent_shard_server::runtime: runtime stage key=("73d46a59d0d03d7616f9a47e53b50448d4c5a3504e6e296600d8884c8c4403b8", Directory, 0) reserved_bytes=136314880 stage="serialization_handoff"
2026-09-09T19:35:23.934809Z DEBUG transparent_shard_server::runtime: runtime stage key=("73d46a59d0d03d7616f9a47e53b50448d4c5a3504e6e296600d8884c8c4403b8", Pages, 0) seconds=8.496622745 stage="build_slot"
2026-09-09T19:35:23.934918Z DEBUG transparent_shard_server::memory: cold build admission wait seconds=7.8183e-5 admitted=true
2026-09-09T19:35:24.072322Z DEBUG transparent_shard_server::runtime: runtime stage key=("73d46a59d0d03d7616f9a47e53b50448d4c5a3504e6e296600d8884c8c4403b8", Pages, 0) seconds=0.137366174 stage="source_load"
2026-09-09T19:35:24.372238Z DEBUG transparent_shard_server::runtime: construction stage geometry="recent-8k" table="pages" seconds=0.299878189 stage="encode_database"
2026-09-09T19:35:24.372350Z DEBUG transparent_shard_server::runtime: construction stage geometry="recent-8k" table="pages" seconds=7.4603e-5 stage="public_setup"
2026-09-09T19:35:24.679225Z DEBUG transparent_shard_server::runtime: runtime stage key=("73d46a59d0d03d7616f9a47e53b50448d4c5a3504e6e296600d8884c8c4403b8", Directory, 0) seconds=0.744467977 stage="disk_save"
2026-09-09T19:35:24.682223Z DEBUG transparent_shard_server::runtime: runtime stage key=("16b8227360ce35dd2e111156f5e31fd5eb500ff877879a212fef6cf8471de8a5", Directory, 0) seconds=1.811e-6 stage="restore_slot"
2026-09-09T19:35:24.682370Z DEBUG transparent_shard_server::runtime: runtime stage key=("16b8227360ce35dd2e111156f5e31fd5eb500ff877879a212fef6cf8471de8a5", Directory, 0) seconds=2.7543e-5 hit=false stage="disk_restore"
2026-09-09T19:35:25.014562Z DEBUG transparent_shard_server::runtime: construction stage geometry="recent-8k" table="pages" seconds=0.642203425 stage="hint_columns"
2026-09-09T19:35:27.029197Z DEBUG transparent_shard_server::runtime: construction stage geometry="recent-8k" table="pages" seconds=2.01459105 stage="pack_preprocessing"
2026-09-09T19:35:27.029489Z DEBUG transparent_shard_server::runtime: construction stage geometry="recent-8k" table="pages" seconds=0.000248241 stage="publish_parameters"
2026-09-09T19:35:27.030304Z DEBUG transparent_shard_server::runtime: runtime stage key=("73d46a59d0d03d7616f9a47e53b50448d4c5a3504e6e296600d8884c8c4403b8", Pages, 0) seconds=2.957945371 stage="runtime_build"
2026-09-09T19:35:27.030338Z DEBUG transparent_shard_server::runtime: runtime stage key=("73d46a59d0d03d7616f9a47e53b50448d4c5a3504e6e296600d8884c8c4403b8", Pages, 0) reserved_bytes=136314880 stage="serialization_handoff"
2026-09-09T19:35:27.030520Z DEBUG transparent_shard_server::runtime: runtime stage key=("b16be2933ab920bc4745ea8917e5167a7a685c211e0b4febe88b4d3018f970bc", Directory, 0) seconds=8.515332271 stage="build_slot"
2026-09-09T19:35:27.030625Z DEBUG transparent_shard_server::memory: cold build admission wait seconds=7.9694e-5 admitted=true
2026-09-09T19:35:27.170218Z DEBUG transparent_shard_server::runtime: runtime stage key=("b16be2933ab920bc4745ea8917e5167a7a685c211e0b4febe88b4d3018f970bc", Directory, 0) seconds=0.139555911 stage="source_load"
2026-09-09T19:35:27.474060Z DEBUG transparent_shard_server::runtime: construction stage geometry="recent-8k" table="directory" seconds=0.3038083 stage="encode_database"
2026-09-09T19:35:27.474169Z DEBUG transparent_shard_server::runtime: construction stage geometry="recent-8k" table="directory" seconds=7.1806e-5 stage="public_setup"
2026-09-09T19:35:27.766237Z DEBUG transparent_shard_server::runtime: runtime stage key=("73d46a59d0d03d7616f9a47e53b50448d4c5a3504e6e296600d8884c8c4403b8", Pages, 0) seconds=0.735892543 stage="disk_save"
2026-09-09T19:35:27.769219Z DEBUG transparent_shard_server::runtime: runtime stage key=("16b8227360ce35dd2e111156f5e31fd5eb500ff877879a212fef6cf8471de8a5", Pages, 0) seconds=1.936e-6 stage="restore_slot"
2026-09-09T19:35:27.769381Z DEBUG transparent_shard_server::runtime: runtime stage key=("16b8227360ce35dd2e111156f5e31fd5eb500ff877879a212fef6cf8471de8a5", Pages, 0) seconds=4.1598e-5 hit=false stage="disk_restore"
2026-09-09T19:35:28.092213Z DEBUG transparent_shard_server::runtime: construction stage geometry="recent-8k" table="directory" seconds=0.618029134 stage="hint_columns"
2026-09-09T19:35:30.074183Z DEBUG transparent_shard_server::runtime: construction stage geometry="recent-8k" table="directory" seconds=1.9819265910000001 stage="pack_preprocessing"
2026-09-09T19:35:30.074490Z DEBUG transparent_shard_server::runtime: construction stage geometry="recent-8k" table="directory" seconds=0.000266824 stage="publish_parameters"
2026-09-09T19:35:30.075317Z DEBUG transparent_shard_server::runtime: runtime stage key=("b16be2933ab920bc4745ea8917e5167a7a685c211e0b4febe88b4d3018f970bc", Directory, 0) seconds=2.905066388 stage="runtime_build"
2026-09-09T19:35:30.075361Z DEBUG transparent_shard_server::runtime: runtime stage key=("b16be2933ab920bc4745ea8917e5167a7a685c211e0b4febe88b4d3018f970bc", Directory, 0) reserved_bytes=136314880 stage="serialization_handoff"
2026-09-09T19:35:30.075530Z DEBUG transparent_shard_server::runtime: runtime stage key=("b16be2933ab920bc4745ea8917e5167a7a685c211e0b4febe88b4d3018f970bc", Pages, 0) seconds=8.453121647 stage="build_slot"
2026-09-09T19:35:30.075631Z DEBUG transparent_shard_server::memory: cold build admission wait seconds=7.5375e-5 admitted=true
2026-09-09T19:35:30.212132Z DEBUG transparent_shard_server::runtime: runtime stage key=("b16be2933ab920bc4745ea8917e5167a7a685c211e0b4febe88b4d3018f970bc", Pages, 0) seconds=0.136471738 stage="source_load"
2026-09-09T19:35:30.514558Z DEBUG transparent_shard_server::runtime: construction stage geometry="recent-8k" table="pages" seconds=0.302392577 stage="encode_database"
2026-09-09T19:35:30.514669Z DEBUG transparent_shard_server::runtime: construction stage geometry="recent-8k" table="pages" seconds=7.1314e-5 stage="public_setup"
2026-09-09T19:35:30.803207Z DEBUG transparent_shard_server::runtime: runtime stage key=("b16be2933ab920bc4745ea8917e5167a7a685c211e0b4febe88b4d3018f970bc", Directory, 0) seconds=0.727838197 stage="disk_save"
2026-09-09T19:35:30.804208Z DEBUG transparent_shard_server::runtime: runtime stage key=("1cd27964911287b2a127c1f8df5e6b0c19f5b4db309391c5adb2db3072bfec6e", Directory, 0) seconds=2.894e-6 stage="restore_slot"
2026-09-09T19:35:30.804391Z DEBUG transparent_shard_server::runtime: runtime stage key=("1cd27964911287b2a127c1f8df5e6b0c19f5b4db309391c5adb2db3072bfec6e", Directory, 0) seconds=5.8321e-5 hit=false stage="disk_restore"
2026-09-09T19:35:31.153137Z DEBUG transparent_shard_server::runtime: construction stage geometry="recent-8k" table="pages" seconds=0.638460438 stage="hint_columns"
2026-09-09T19:35:33.164604Z DEBUG transparent_shard_server::runtime: construction stage geometry="recent-8k" table="pages" seconds=2.01141356 stage="pack_preprocessing"
2026-09-09T19:35:33.164925Z DEBUG transparent_shard_server::runtime: construction stage geometry="recent-8k" table="pages" seconds=0.00027604 stage="publish_parameters"
2026-09-09T19:35:33.165808Z DEBUG transparent_shard_server::runtime: runtime stage key=("b16be2933ab920bc4745ea8917e5167a7a685c211e0b4febe88b4d3018f970bc", Pages, 0) seconds=2.953644744 stage="runtime_build"
2026-09-09T19:35:33.165841Z DEBUG transparent_shard_server::runtime: runtime stage key=("b16be2933ab920bc4745ea8917e5167a7a685c211e0b4febe88b4d3018f970bc", Pages, 0) reserved_bytes=136314880 stage="serialization_handoff"
2026-09-09T19:35:33.165886Z DEBUG transparent_shard_server::runtime: runtime stage key=("16b8227360ce35dd2e111156f5e31fd5eb500ff877879a212fef6cf8471de8a5", Directory, 0) seconds=8.480703208 stage="build_slot"
2026-09-09T19:35:33.166003Z DEBUG transparent_shard_server::memory: cold build admission wait seconds=7.8292e-5 admitted=true
2026-09-09T19:35:33.306858Z DEBUG transparent_shard_server::runtime: runtime stage key=("16b8227360ce35dd2e111156f5e31fd5eb500ff877879a212fef6cf8471de8a5", Directory, 0) seconds=0.140720927 stage="source_load"
2026-09-09T19:35:33.608183Z DEBUG transparent_shard_server::runtime: construction stage geometry="recent-8k" table="directory" seconds=0.301287103 stage="encode_database"
2026-09-09T19:35:33.608289Z DEBUG transparent_shard_server::runtime: construction stage geometry="recent-8k" table="directory" seconds=7.4342e-5 stage="public_setup"
2026-09-09T19:35:34.037233Z DEBUG transparent_shard_server::runtime: runtime stage key=("b16be2933ab920bc4745ea8917e5167a7a685c211e0b4febe88b4d3018f970bc", Pages, 0) seconds=0.871385721 stage="disk_save"
2026-09-09T19:35:34.038203Z DEBUG transparent_shard_server::runtime: runtime stage key=("1cd27964911287b2a127c1f8df5e6b0c19f5b4db309391c5adb2db3072bfec6e", Pages, 0) seconds=2.588e-6 stage="restore_slot"
2026-09-09T19:35:34.038339Z DEBUG transparent_shard_server::runtime: runtime stage key=("1cd27964911287b2a127c1f8df5e6b0c19f5b4db309391c5adb2db3072bfec6e", Pages, 0) seconds=2.6901e-5 hit=false stage="disk_restore"
2026-09-09T19:35:34.275347Z DEBUG transparent_shard_server::runtime: construction stage geometry="recent-8k" table="directory" seconds=0.667050439 stage="hint_columns"
2026-09-09T19:35:36.266612Z DEBUG transparent_shard_server::runtime: construction stage geometry="recent-8k" table="directory" seconds=1.991205712 stage="pack_preprocessing"
2026-09-09T19:35:36.266899Z DEBUG transparent_shard_server::runtime: construction stage geometry="recent-8k" table="directory" seconds=0.00024522 stage="publish_parameters"
2026-09-09T19:35:36.267713Z DEBUG transparent_shard_server::runtime: runtime stage key=("16b8227360ce35dd2e111156f5e31fd5eb500ff877879a212fef6cf8471de8a5", Directory, 0) seconds=2.96081903 stage="runtime_build"
2026-09-09T19:35:36.267752Z DEBUG transparent_shard_server::runtime: runtime stage key=("16b8227360ce35dd2e111156f5e31fd5eb500ff877879a212fef6cf8471de8a5", Directory, 0) reserved_bytes=136314880 stage="serialization_handoff"
2026-09-09T19:35:36.267809Z DEBUG transparent_shard_server::runtime: runtime stage key=("16b8227360ce35dd2e111156f5e31fd5eb500ff877879a212fef6cf8471de8a5", Pages, 0) seconds=8.498390232 stage="build_slot"
2026-09-09T19:35:36.267930Z DEBUG transparent_shard_server::memory: cold build admission wait seconds=7.9476e-5 admitted=true
2026-09-09T19:35:36.406761Z DEBUG transparent_shard_server::runtime: runtime stage key=("16b8227360ce35dd2e111156f5e31fd5eb500ff877879a212fef6cf8471de8a5", Pages, 0) seconds=0.138795485 stage="source_load"
2026-09-09T19:35:36.711414Z DEBUG transparent_shard_server::runtime: construction stage geometry="recent-8k" table="pages" seconds=0.304618653 stage="encode_database"
2026-09-09T19:35:36.711576Z DEBUG transparent_shard_server::runtime: construction stage geometry="recent-8k" table="pages" seconds=0.000127855 stage="public_setup"
2026-09-09T19:35:37.003276Z DEBUG transparent_shard_server::runtime: runtime stage key=("16b8227360ce35dd2e111156f5e31fd5eb500ff877879a212fef6cf8471de8a5", Directory, 0) seconds=0.735504331 stage="disk_save"
2026-09-09T19:35:37.006220Z DEBUG transparent_shard_server::runtime: runtime stage key=("27f56c565263ecffb8c7736d4e811665d81bf4ed71c7978431fcc4f45b645ee1", Directory, 0) seconds=2.177e-6 stage="restore_slot"
2026-09-09T19:35:37.006397Z DEBUG transparent_shard_server::runtime: runtime stage key=("27f56c565263ecffb8c7736d4e811665d81bf4ed71c7978431fcc4f45b645ee1", Directory, 0) seconds=4.9178e-5 hit=false stage="disk_restore"
2026-09-09T19:35:37.352338Z DEBUG transparent_shard_server::runtime: construction stage geometry="recent-8k" table="pages" seconds=0.64075499 stage="hint_columns"
2026-09-09T19:35:39.344868Z DEBUG transparent_shard_server::runtime: construction stage geometry="recent-8k" table="pages" seconds=1.992482401 stage="pack_preprocessing"
2026-09-09T19:35:39.345153Z DEBUG transparent_shard_server::runtime: construction stage geometry="recent-8k" table="pages" seconds=0.000245942 stage="publish_parameters"
2026-09-09T19:35:39.345911Z DEBUG transparent_shard_server::runtime: runtime stage key=("16b8227360ce35dd2e111156f5e31fd5eb500ff877879a212fef6cf8471de8a5", Pages, 0) seconds=2.939118506 stage="runtime_build"
2026-09-09T19:35:39.345940Z DEBUG transparent_shard_server::runtime: runtime stage key=("16b8227360ce35dd2e111156f5e31fd5eb500ff877879a212fef6cf8471de8a5", Pages, 0) reserved_bytes=136314880 stage="serialization_handoff"
2026-09-09T19:35:39.345981Z DEBUG transparent_shard_server::runtime: runtime stage key=("1cd27964911287b2a127c1f8df5e6b0c19f5b4db309391c5adb2db3072bfec6e", Directory, 0) seconds=8.541555246 stage="build_slot"
2026-09-09T19:35:39.346083Z DEBUG transparent_shard_server::memory: cold build admission wait seconds=7.8418e-5 admitted=true
2026-09-09T19:35:39.482142Z DEBUG transparent_shard_server::runtime: runtime stage key=("1cd27964911287b2a127c1f8df5e6b0c19f5b4db309391c5adb2db3072bfec6e", Directory, 0) seconds=0.136025091 stage="source_load"
2026-09-09T19:35:39.784501Z DEBUG transparent_shard_server::runtime: construction stage geometry="recent-8k" table="directory" seconds=0.302324928 stage="encode_database"
2026-09-09T19:35:39.784609Z DEBUG transparent_shard_server::runtime: construction stage geometry="recent-8k" table="directory" seconds=7.5172e-5 stage="public_setup"
2026-09-09T19:35:40.074391Z DEBUG transparent_shard_server::runtime: runtime stage key=("16b8227360ce35dd2e111156f5e31fd5eb500ff877879a212fef6cf8471de8a5", Pages, 0) seconds=0.728444585 stage="disk_save"
2026-09-09T19:35:40.077205Z DEBUG transparent_shard_server::runtime: runtime stage key=("27f56c565263ecffb8c7736d4e811665d81bf4ed71c7978431fcc4f45b645ee1", Pages, 0) seconds=1.93e-6 stage="restore_slot"
2026-09-09T19:35:40.077350Z DEBUG transparent_shard_server::runtime: runtime stage key=("27f56c565263ecffb8c7736d4e811665d81bf4ed71c7978431fcc4f45b645ee1", Pages, 0) seconds=2.7769e-5 hit=false stage="disk_restore"
2026-09-09T19:35:40.377346Z DEBUG transparent_shard_server::runtime: construction stage geometry="recent-8k" table="directory" seconds=0.592729374 stage="hint_columns"
2026-09-09T19:35:42.351781Z DEBUG transparent_shard_server::runtime: construction stage geometry="recent-8k" table="directory" seconds=1.9743902100000001 stage="pack_preprocessing"
2026-09-09T19:35:42.352087Z DEBUG transparent_shard_server::runtime: construction stage geometry="recent-8k" table="directory" seconds=0.000263959 stage="publish_parameters"
2026-09-09T19:35:42.352928Z DEBUG transparent_shard_server::runtime: runtime stage key=("1cd27964911287b2a127c1f8df5e6b0c19f5b4db309391c5adb2db3072bfec6e", Directory, 0) seconds=2.870753721 stage="runtime_build"
2026-09-09T19:35:42.352960Z DEBUG transparent_shard_server::runtime: runtime stage key=("1cd27964911287b2a127c1f8df5e6b0c19f5b4db309391c5adb2db3072bfec6e", Directory, 0) reserved_bytes=136314880 stage="serialization_handoff"
2026-09-09T19:35:42.352991Z DEBUG transparent_shard_server::runtime: runtime stage key=("1cd27964911287b2a127c1f8df5e6b0c19f5b4db309391c5adb2db3072bfec6e", Pages, 0) seconds=8.31463646 stage="build_slot"
2026-09-09T19:35:42.353093Z DEBUG transparent_shard_server::memory: cold build admission wait seconds=7.8735e-5 admitted=true
2026-09-09T19:35:42.489539Z DEBUG transparent_shard_server::runtime: runtime stage key=("1cd27964911287b2a127c1f8df5e6b0c19f5b4db309391c5adb2db3072bfec6e", Pages, 0) seconds=0.136399278 stage="source_load"
2026-09-09T19:35:42.792072Z DEBUG transparent_shard_server::runtime: construction stage geometry="recent-8k" table="pages" seconds=0.302494325 stage="encode_database"
2026-09-09T19:35:42.792188Z DEBUG transparent_shard_server::runtime: construction stage geometry="recent-8k" table="pages" seconds=8.2118e-5 stage="public_setup"
2026-09-09T19:35:43.089193Z DEBUG transparent_shard_server::runtime: runtime stage key=("1cd27964911287b2a127c1f8df5e6b0c19f5b4db309391c5adb2db3072bfec6e", Directory, 0) seconds=0.73622738 stage="disk_save"
2026-09-09T19:35:43.090202Z DEBUG transparent_shard_server::runtime: runtime stage key=("ced665ae1f1140944bcd0c9aa2b83c1019df768df87fa513f9509106fc5b88c1", Directory, 0) seconds=2.217e-6 stage="restore_slot"
2026-09-09T19:35:43.090379Z DEBUG transparent_shard_server::runtime: runtime stage key=("ced665ae1f1140944bcd0c9aa2b83c1019df768df87fa513f9509106fc5b88c1", Directory, 0) seconds=4.2932e-5 hit=false stage="disk_restore"
2026-09-09T19:35:43.436989Z DEBUG transparent_shard_server::runtime: construction stage geometry="recent-8k" table="pages" seconds=0.644790929 stage="hint_columns"
2026-09-09T19:35:45.445506Z DEBUG transparent_shard_server::runtime: construction stage geometry="recent-8k" table="pages" seconds=2.008470646 stage="pack_preprocessing"
2026-09-09T19:35:45.445790Z DEBUG transparent_shard_server::runtime: construction stage geometry="recent-8k" table="pages" seconds=0.000245394 stage="publish_parameters"
2026-09-09T19:35:45.446610Z DEBUG transparent_shard_server::runtime: runtime stage key=("1cd27964911287b2a127c1f8df5e6b0c19f5b4db309391c5adb2db3072bfec6e", Pages, 0) seconds=2.9570336040000003 stage="runtime_build"
2026-09-09T19:35:45.446643Z DEBUG transparent_shard_server::runtime: runtime stage key=("1cd27964911287b2a127c1f8df5e6b0c19f5b4db309391c5adb2db3072bfec6e", Pages, 0) reserved_bytes=136314880 stage="serialization_handoff"
2026-09-09T19:35:45.446763Z DEBUG transparent_shard_server::runtime: runtime stage key=("27f56c565263ecffb8c7736d4e811665d81bf4ed71c7978431fcc4f45b645ee1", Directory, 0) seconds=8.440329868 stage="build_slot"
2026-09-09T19:35:45.446884Z DEBUG transparent_shard_server::memory: cold build admission wait seconds=9.753e-5 admitted=true
2026-09-09T19:35:45.582266Z DEBUG transparent_shard_server::runtime: runtime stage key=("27f56c565263ecffb8c7736d4e811665d81bf4ed71c7978431fcc4f45b645ee1", Directory, 0) seconds=0.135334414 stage="source_load"
2026-09-09T19:35:45.886803Z DEBUG transparent_shard_server::runtime: construction stage geometry="recent-8k" table="directory" seconds=0.304502158 stage="encode_database"
2026-09-09T19:35:45.886932Z DEBUG transparent_shard_server::runtime: construction stage geometry="recent-8k" table="directory" seconds=7.6823e-5 stage="public_setup"
2026-09-09T19:35:46.174396Z DEBUG transparent_shard_server::runtime: runtime stage key=("1cd27964911287b2a127c1f8df5e6b0c19f5b4db309391c5adb2db3072bfec6e", Pages, 0) seconds=0.727747429 stage="disk_save"
2026-09-09T19:35:46.174468Z DEBUG transparent_shard_server::runtime: runtime stage key=("ced665ae1f1140944bcd0c9aa2b83c1019df768df87fa513f9509106fc5b88c1", Pages, 0) seconds=1.815e-6 stage="restore_slot"
2026-09-09T19:35:46.174565Z DEBUG transparent_shard_server::runtime: runtime stage key=("ced665ae1f1140944bcd0c9aa2b83c1019df768df87fa513f9509106fc5b88c1", Pages, 0) seconds=2.3841e-5 hit=false stage="disk_restore"
2026-09-09T19:35:46.491908Z DEBUG transparent_shard_server::runtime: construction stage geometry="recent-8k" table="directory" seconds=0.604967661 stage="hint_columns"
2026-09-09T19:35:48.505542Z DEBUG transparent_shard_server::runtime: construction stage geometry="recent-8k" table="directory" seconds=2.013585845 stage="pack_preprocessing"
2026-09-09T19:35:48.505837Z DEBUG transparent_shard_server::runtime: construction stage geometry="recent-8k" table="directory" seconds=0.000250238 stage="publish_parameters"
2026-09-09T19:35:48.506671Z DEBUG transparent_shard_server::runtime: runtime stage key=("27f56c565263ecffb8c7736d4e811665d81bf4ed71c7978431fcc4f45b645ee1", Directory, 0) seconds=2.924371523 stage="runtime_build"
2026-09-09T19:35:48.506707Z DEBUG transparent_shard_server::runtime: runtime stage key=("27f56c565263ecffb8c7736d4e811665d81bf4ed71c7978431fcc4f45b645ee1", Directory, 0) reserved_bytes=136314880 stage="serialization_handoff"
2026-09-09T19:35:48.506752Z DEBUG transparent_shard_server::runtime: runtime stage key=("27f56c565263ecffb8c7736d4e811665d81bf4ed71c7978431fcc4f45b645ee1", Pages, 0) seconds=8.427568385 stage="build_slot"
2026-09-09T19:35:48.506858Z DEBUG transparent_shard_server::memory: cold build admission wait seconds=8.0963e-5 admitted=true
2026-09-09T19:35:48.732014Z DEBUG transparent_shard_server::runtime: runtime stage key=("27f56c565263ecffb8c7736d4e811665d81bf4ed71c7978431fcc4f45b645ee1", Pages, 0) seconds=0.225123795 stage="source_load"
2026-09-09T19:35:49.034030Z DEBUG transparent_shard_server::runtime: construction stage geometry="recent-8k" table="pages" seconds=0.301979811 stage="encode_database"
2026-09-09T19:35:49.034149Z DEBUG transparent_shard_server::runtime: construction stage geometry="recent-8k" table="pages" seconds=8.6785e-5 stage="public_setup"
2026-09-09T19:35:49.545194Z DEBUG transparent_shard_server::runtime: runtime stage key=("27f56c565263ecffb8c7736d4e811665d81bf4ed71c7978431fcc4f45b645ee1", Directory, 0) seconds=1.038479867 stage="disk_save"
2026-09-09T19:35:49.548207Z DEBUG transparent_shard_server::runtime: runtime stage key=("2d4497bf9e8bafc6139ee4e57114238a7ecfa0782702939922bf2a79b1fe05bf", Directory, 0) seconds=3.12e-6 stage="restore_slot"
2026-09-09T19:35:49.548373Z DEBUG transparent_shard_server::runtime: runtime stage key=("2d4497bf9e8bafc6139ee4e57114238a7ecfa0782702939922bf2a79b1fe05bf", Directory, 0) seconds=4.2706e-5 hit=false stage="disk_restore"
2026-09-09T19:35:49.673156Z DEBUG transparent_shard_server::runtime: construction stage geometry="recent-8k" table="pages" seconds=0.638999571 stage="hint_columns"
test burst::publication_burst_under_exact_load has been running for over 60 seconds
2026-09-09T19:35:51.671877Z DEBUG transparent_shard_server::runtime: construction stage geometry="recent-8k" table="pages" seconds=1.998670344 stage="pack_preprocessing"
2026-09-09T19:35:51.672165Z DEBUG transparent_shard_server::runtime: construction stage geometry="recent-8k" table="pages" seconds=0.000248161 stage="publish_parameters"
2026-09-09T19:35:51.672976Z DEBUG transparent_shard_server::runtime: runtime stage key=("27f56c565263ecffb8c7736d4e811665d81bf4ed71c7978431fcc4f45b645ee1", Pages, 0) seconds=2.9409289039999997 stage="runtime_build"
2026-09-09T19:35:51.673022Z DEBUG transparent_shard_server::runtime: runtime stage key=("ced665ae1f1140944bcd0c9aa2b83c1019df768df87fa513f9509106fc5b88c1", Directory, 0) seconds=8.582609885 stage="build_slot"
2026-09-09T19:35:51.673117Z DEBUG transparent_shard_server::memory: cold build admission wait seconds=7.8448e-5 admitted=true
2026-09-09T19:35:51.673136Z DEBUG transparent_shard_server::runtime: runtime stage key=("27f56c565263ecffb8c7736d4e811665d81bf4ed71c7978431fcc4f45b645ee1", Pages, 0) reserved_bytes=136314880 stage="serialization_handoff"
2026-09-09T19:35:51.812667Z DEBUG transparent_shard_server::runtime: runtime stage key=("ced665ae1f1140944bcd0c9aa2b83c1019df768df87fa513f9509106fc5b88c1", Directory, 0) seconds=0.139495636 stage="source_load"
2026-09-09T19:35:52.117619Z DEBUG transparent_shard_server::runtime: construction stage geometry="recent-8k" table="directory" seconds=0.30490647 stage="encode_database"
2026-09-09T19:35:52.117723Z DEBUG transparent_shard_server::runtime: construction stage geometry="recent-8k" table="directory" seconds=7.4692e-5 stage="public_setup"
2026-09-09T19:35:52.430231Z DEBUG transparent_shard_server::runtime: runtime stage key=("27f56c565263ecffb8c7736d4e811665d81bf4ed71c7978431fcc4f45b645ee1", Pages, 0) seconds=0.75708903 stage="disk_save"
2026-09-09T19:35:52.430318Z DEBUG transparent_shard_server::runtime: runtime stage key=("2d4497bf9e8bafc6139ee4e57114238a7ecfa0782702939922bf2a79b1fe05bf", Pages, 0) seconds=1.673e-6 stage="restore_slot"
2026-09-09T19:35:52.430451Z DEBUG transparent_shard_server::runtime: runtime stage key=("2d4497bf9e8bafc6139ee4e57114238a7ecfa0782702939922bf2a79b1fe05bf", Pages, 0) seconds=3.3153e-5 hit=false stage="disk_restore"
2026-09-09T19:35:52.721190Z DEBUG transparent_shard_server::runtime: construction stage geometry="recent-8k" table="directory" seconds=0.603459776 stage="hint_columns"
2026-09-09T19:35:54.721042Z DEBUG transparent_shard_server::runtime: construction stage geometry="recent-8k" table="directory" seconds=1.9998027280000001 stage="pack_preprocessing"
2026-09-09T19:35:54.721345Z DEBUG transparent_shard_server::runtime: construction stage geometry="recent-8k" table="directory" seconds=0.000259468 stage="publish_parameters"
2026-09-09T19:35:54.722197Z DEBUG transparent_shard_server::runtime: runtime stage key=("ced665ae1f1140944bcd0c9aa2b83c1019df768df87fa513f9509106fc5b88c1", Directory, 0) seconds=2.909486757 stage="runtime_build"
2026-09-09T19:35:54.722227Z DEBUG transparent_shard_server::runtime: runtime stage key=("ced665ae1f1140944bcd0c9aa2b83c1019df768df87fa513f9509106fc5b88c1", Directory, 0) reserved_bytes=136314880 stage="serialization_handoff"
2026-09-09T19:35:54.722265Z DEBUG transparent_shard_server::runtime: runtime stage key=("ced665ae1f1140944bcd0c9aa2b83c1019df768df87fa513f9509106fc5b88c1", Pages, 0) seconds=8.54709345 stage="build_slot"
2026-09-09T19:35:54.722388Z DEBUG transparent_shard_server::memory: cold build admission wait seconds=9.5411e-5 admitted=true
2026-09-09T19:35:54.859955Z DEBUG transparent_shard_server::runtime: runtime stage key=("ced665ae1f1140944bcd0c9aa2b83c1019df768df87fa513f9509106fc5b88c1", Pages, 0) seconds=0.137530028 stage="source_load"
2026-09-09T19:35:55.164781Z DEBUG transparent_shard_server::runtime: construction stage geometry="recent-8k" table="pages" seconds=0.304790402 stage="encode_database"
2026-09-09T19:35:55.164889Z DEBUG transparent_shard_server::runtime: construction stage geometry="recent-8k" table="pages" seconds=7.4267e-5 stage="public_setup"
2026-09-09T19:35:55.447191Z DEBUG transparent_shard_server::runtime: runtime stage key=("ced665ae1f1140944bcd0c9aa2b83c1019df768df87fa513f9509106fc5b88c1", Directory, 0) seconds=0.724956933 stage="disk_save"
2026-09-09T19:35:55.448205Z DEBUG transparent_shard_server::runtime: runtime stage key=("a4bd72b37c0aafb265c77bb09cbc402cf69b65a87a1fabc8a0f12614b35469be", Directory, 0) seconds=2.14e-6 stage="restore_slot"
2026-09-09T19:35:55.448366Z DEBUG transparent_shard_server::runtime: runtime stage key=("a4bd72b37c0aafb265c77bb09cbc402cf69b65a87a1fabc8a0f12614b35469be", Directory, 0) seconds=4.0795e-5 hit=false stage="disk_restore"
2026-09-09T19:35:55.856672Z DEBUG transparent_shard_server::runtime: construction stage geometry="recent-8k" table="pages" seconds=0.691774251 stage="hint_columns"
2026-09-09T19:35:57.872171Z DEBUG transparent_shard_server::runtime: construction stage geometry="recent-8k" table="pages" seconds=2.015442452 stage="pack_preprocessing"
2026-09-09T19:35:57.872444Z DEBUG transparent_shard_server::runtime: construction stage geometry="recent-8k" table="pages" seconds=0.00023633 stage="publish_parameters"
2026-09-09T19:35:57.873303Z DEBUG transparent_shard_server::runtime: runtime stage key=("ced665ae1f1140944bcd0c9aa2b83c1019df768df87fa513f9509106fc5b88c1", Pages, 0) seconds=3.013313606 stage="runtime_build"
2026-09-09T19:35:57.873388Z DEBUG transparent_shard_server::runtime: runtime stage key=("2d4497bf9e8bafc6139ee4e57114238a7ecfa0782702939922bf2a79b1fe05bf", Directory, 0) seconds=8.32498217 stage="build_slot"
2026-09-09T19:35:57.873494Z DEBUG transparent_shard_server::memory: cold build admission wait seconds=9.7158e-5 admitted=true
2026-09-09T19:35:57.873521Z DEBUG transparent_shard_server::runtime: runtime stage key=("ced665ae1f1140944bcd0c9aa2b83c1019df768df87fa513f9509106fc5b88c1", Pages, 0) reserved_bytes=136314880 stage="serialization_handoff"
2026-09-09T19:35:58.007543Z DEBUG transparent_shard_server::runtime: runtime stage key=("2d4497bf9e8bafc6139ee4e57114238a7ecfa0782702939922bf2a79b1fe05bf", Directory, 0) seconds=0.134003836 stage="source_load"
2026-09-09T19:35:58.307484Z DEBUG transparent_shard_server::runtime: construction stage geometry="recent-8k" table="directory" seconds=0.299905485 stage="encode_database"
2026-09-09T19:35:58.307587Z DEBUG transparent_shard_server::runtime: construction stage geometry="recent-8k" table="directory" seconds=6.9132e-5 stage="public_setup"
2026-09-09T19:35:58.589194Z DEBUG transparent_shard_server::runtime: runtime stage key=("ced665ae1f1140944bcd0c9aa2b83c1019df768df87fa513f9509106fc5b88c1", Pages, 0) seconds=0.715666171 stage="disk_save"
2026-09-09T19:35:58.589271Z DEBUG transparent_shard_server::runtime: runtime stage key=("a4bd72b37c0aafb265c77bb09cbc402cf69b65a87a1fabc8a0f12614b35469be", Pages, 0) seconds=1.956e-6 stage="restore_slot"
2026-09-09T19:35:58.589373Z DEBUG transparent_shard_server::runtime: runtime stage key=("a4bd72b37c0aafb265c77bb09cbc402cf69b65a87a1fabc8a0f12614b35469be", Pages, 0) seconds=2.4276e-5 hit=false stage="disk_restore"
2026-09-09T19:35:58.905348Z DEBUG transparent_shard_server::runtime: construction stage geometry="recent-8k" table="directory" seconds=0.597754464 stage="hint_columns"
2026-09-09T19:36:00.911778Z DEBUG transparent_shard_server::runtime: construction stage geometry="recent-8k" table="directory" seconds=2.006383433 stage="pack_preprocessing"
2026-09-09T19:36:00.912068Z DEBUG transparent_shard_server::runtime: construction stage geometry="recent-8k" table="directory" seconds=0.000247718 stage="publish_parameters"
2026-09-09T19:36:00.912886Z DEBUG transparent_shard_server::runtime: runtime stage key=("2d4497bf9e8bafc6139ee4e57114238a7ecfa0782702939922bf2a79b1fe05bf", Directory, 0) seconds=2.905309264 stage="runtime_build"
2026-09-09T19:36:00.912920Z DEBUG transparent_shard_server::runtime: runtime stage key=("2d4497bf9e8bafc6139ee4e57114238a7ecfa0782702939922bf2a79b1fe05bf", Directory, 0) reserved_bytes=136314880 stage="serialization_handoff"
2026-09-09T19:36:00.912974Z DEBUG transparent_shard_server::runtime: runtime stage key=("2d4497bf9e8bafc6139ee4e57114238a7ecfa0782702939922bf2a79b1fe05bf", Pages, 0) seconds=8.482507887 stage="build_slot"
2026-09-09T19:36:00.913074Z DEBUG transparent_shard_server::memory: cold build admission wait seconds=7.5729e-5 admitted=true
2026-09-09T19:36:01.051419Z DEBUG transparent_shard_server::runtime: runtime stage key=("2d4497bf9e8bafc6139ee4e57114238a7ecfa0782702939922bf2a79b1fe05bf", Pages, 0) seconds=0.138319026 stage="source_load"
2026-09-09T19:36:01.358598Z DEBUG transparent_shard_server::runtime: construction stage geometry="recent-8k" table="pages" seconds=0.307145384 stage="encode_database"
2026-09-09T19:36:01.358714Z DEBUG transparent_shard_server::runtime: construction stage geometry="recent-8k" table="pages" seconds=7.5981e-5 stage="public_setup"
2026-09-09T19:36:01.681243Z DEBUG transparent_shard_server::runtime: runtime stage key=("2d4497bf9e8bafc6139ee4e57114238a7ecfa0782702939922bf2a79b1fe05bf", Directory, 0) seconds=0.768315805 stage="disk_save"
2026-09-09T19:36:01.684206Z DEBUG transparent_shard_server::runtime: runtime stage key=("c907a0aa45b2551520863990845279fd25135889865e088c2dad6ea0d32b8fde", Directory, 0) seconds=2.461e-6 stage="restore_slot"
2026-09-09T19:36:01.684401Z DEBUG transparent_shard_server::runtime: runtime stage key=("c907a0aa45b2551520863990845279fd25135889865e088c2dad6ea0d32b8fde", Directory, 0) seconds=4.3899e-5 hit=false stage="disk_restore"
2026-09-09T19:36:02.037769Z DEBUG transparent_shard_server::runtime: construction stage geometry="recent-8k" table="pages" seconds=0.679048982 stage="hint_columns"
2026-09-09T19:36:04.057803Z DEBUG transparent_shard_server::runtime: construction stage geometry="recent-8k" table="pages" seconds=2.019994307 stage="pack_preprocessing"
2026-09-09T19:36:04.058109Z DEBUG transparent_shard_server::runtime: construction stage geometry="recent-8k" table="pages" seconds=0.000265441 stage="publish_parameters"
2026-09-09T19:36:04.058903Z DEBUG transparent_shard_server::runtime: runtime stage key=("2d4497bf9e8bafc6139ee4e57114238a7ecfa0782702939922bf2a79b1fe05bf", Pages, 0) seconds=3.007452343 stage="runtime_build"
2026-09-09T19:36:04.058948Z DEBUG transparent_shard_server::runtime: runtime stage key=("a4bd72b37c0aafb265c77bb09cbc402cf69b65a87a1fabc8a0f12614b35469be", Directory, 0) seconds=8.610532519 stage="build_slot"
2026-09-09T19:36:04.059035Z DEBUG transparent_shard_server::memory: cold build admission wait seconds=8.1318e-5 admitted=true
2026-09-09T19:36:04.059058Z DEBUG transparent_shard_server::runtime: runtime stage key=("2d4497bf9e8bafc6139ee4e57114238a7ecfa0782702939922bf2a79b1fe05bf", Pages, 0) reserved_bytes=136314880 stage="serialization_handoff"
2026-09-09T19:36:04.202529Z DEBUG transparent_shard_server::runtime: runtime stage key=("a4bd72b37c0aafb265c77bb09cbc402cf69b65a87a1fabc8a0f12614b35469be", Directory, 0) seconds=0.143456451 stage="source_load"
2026-09-09T19:36:04.508580Z DEBUG transparent_shard_server::runtime: construction stage geometry="recent-8k" table="directory" seconds=0.306014921 stage="encode_database"
2026-09-09T19:36:04.508689Z DEBUG transparent_shard_server::runtime: construction stage geometry="recent-8k" table="directory" seconds=7.415e-5 stage="public_setup"
2026-09-09T19:36:04.797781Z DEBUG transparent_shard_server::runtime: runtime stage key=("2d4497bf9e8bafc6139ee4e57114238a7ecfa0782702939922bf2a79b1fe05bf", Pages, 0) seconds=0.73871373 stage="disk_save"
2026-09-09T19:36:04.797857Z DEBUG transparent_shard_server::runtime: runtime stage key=("c907a0aa45b2551520863990845279fd25135889865e088c2dad6ea0d32b8fde", Pages, 0) seconds=1.836e-6 stage="restore_slot"
2026-09-09T19:36:04.797956Z DEBUG transparent_shard_server::runtime: runtime stage key=("c907a0aa45b2551520863990845279fd25135889865e088c2dad6ea0d32b8fde", Pages, 0) seconds=2.4232e-5 hit=false stage="disk_restore"
2026-09-09T19:36:05.099594Z DEBUG transparent_shard_server::runtime: construction stage geometry="recent-8k" table="directory" seconds=0.590898936 stage="hint_columns"
2026-09-09T19:36:07.113901Z DEBUG transparent_shard_server::runtime: construction stage geometry="recent-8k" table="directory" seconds=2.014263116 stage="pack_preprocessing"
2026-09-09T19:36:07.114239Z DEBUG transparent_shard_server::runtime: construction stage geometry="recent-8k" table="directory" seconds=0.00029441 stage="publish_parameters"
2026-09-09T19:36:07.115040Z DEBUG transparent_shard_server::runtime: runtime stage key=("a4bd72b37c0aafb265c77bb09cbc402cf69b65a87a1fabc8a0f12614b35469be", Directory, 0) seconds=2.912477514 stage="runtime_build"
2026-09-09T19:36:07.115068Z DEBUG transparent_shard_server::runtime: runtime stage key=("a4bd72b37c0aafb265c77bb09cbc402cf69b65a87a1fabc8a0f12614b35469be", Directory, 0) reserved_bytes=136314880 stage="serialization_handoff"
2026-09-09T19:36:07.115105Z DEBUG transparent_shard_server::runtime: runtime stage key=("a4bd72b37c0aafb265c77bb09cbc402cf69b65a87a1fabc8a0f12614b35469be", Pages, 0) seconds=8.525718715 stage="build_slot"
2026-09-09T19:36:07.115221Z DEBUG transparent_shard_server::memory: cold build admission wait seconds=8.9874e-5 admitted=true
2026-09-09T19:36:07.253631Z DEBUG transparent_shard_server::runtime: runtime stage key=("a4bd72b37c0aafb265c77bb09cbc402cf69b65a87a1fabc8a0f12614b35469be", Pages, 0) seconds=0.138373215 stage="source_load"
2026-09-09T19:36:07.556354Z DEBUG transparent_shard_server::runtime: construction stage geometry="recent-8k" table="pages" seconds=0.302683987 stage="encode_database"
2026-09-09T19:36:07.556462Z DEBUG transparent_shard_server::runtime: construction stage geometry="recent-8k" table="pages" seconds=7.6716e-5 stage="public_setup"
2026-09-09T19:36:07.847786Z DEBUG transparent_shard_server::runtime: runtime stage key=("a4bd72b37c0aafb265c77bb09cbc402cf69b65a87a1fabc8a0f12614b35469be", Directory, 0) seconds=0.732696921 stage="disk_save"
2026-09-09T19:36:07.848222Z DEBUG transparent_shard_server::runtime: runtime stage key=("67574e8d4c7f7c258f8c7488f73e80a9476f8074c3db3540325133ff25020c2b", Directory, 0) seconds=1.821e-6 stage="restore_slot"
2026-09-09T19:36:07.848376Z DEBUG transparent_shard_server::runtime: runtime stage key=("67574e8d4c7f7c258f8c7488f73e80a9476f8074c3db3540325133ff25020c2b", Directory, 0) seconds=3.7371e-5 hit=false stage="disk_restore"
2026-09-09T19:36:08.204624Z DEBUG transparent_shard_server::runtime: construction stage geometry="recent-8k" table="pages" seconds=0.648153526 stage="hint_columns"
2026-09-09T19:36:10.222342Z DEBUG transparent_shard_server::runtime: construction stage geometry="recent-8k" table="pages" seconds=2.017671083 stage="pack_preprocessing"
2026-09-09T19:36:10.222640Z DEBUG transparent_shard_server::runtime: construction stage geometry="recent-8k" table="pages" seconds=0.00025558 stage="publish_parameters"
2026-09-09T19:36:10.223469Z DEBUG transparent_shard_server::runtime: runtime stage key=("a4bd72b37c0aafb265c77bb09cbc402cf69b65a87a1fabc8a0f12614b35469be", Pages, 0) seconds=2.969800619 stage="runtime_build"
2026-09-09T19:36:10.223498Z DEBUG transparent_shard_server::runtime: runtime stage key=("a4bd72b37c0aafb265c77bb09cbc402cf69b65a87a1fabc8a0f12614b35469be", Pages, 0) reserved_bytes=136314880 stage="serialization_handoff"
2026-09-09T19:36:10.226191Z DEBUG transparent_shard_server::runtime: runtime stage key=("c907a0aa45b2551520863990845279fd25135889865e088c2dad6ea0d32b8fde", Directory, 0) seconds=8.541750682 stage="build_slot"
2026-09-09T19:36:10.226281Z DEBUG transparent_shard_server::memory: cold build admission wait seconds=7.3045e-5 admitted=true
2026-09-09T19:36:10.363721Z DEBUG transparent_shard_server::runtime: runtime stage key=("c907a0aa45b2551520863990845279fd25135889865e088c2dad6ea0d32b8fde", Directory, 0) seconds=0.137407051 stage="source_load"
2026-09-09T19:36:10.664915Z DEBUG transparent_shard_server::runtime: construction stage geometry="recent-8k" table="directory" seconds=0.301162863 stage="encode_database"
2026-09-09T19:36:10.665022Z DEBUG transparent_shard_server::runtime: construction stage geometry="recent-8k" table="directory" seconds=7.444e-5 stage="public_setup"
2026-09-09T19:36:10.955280Z DEBUG transparent_shard_server::runtime: runtime stage key=("a4bd72b37c0aafb265c77bb09cbc402cf69b65a87a1fabc8a0f12614b35469be", Pages, 0) seconds=0.73177501 stage="disk_save"
2026-09-09T19:36:10.955349Z DEBUG transparent_shard_server::runtime: runtime stage key=("67574e8d4c7f7c258f8c7488f73e80a9476f8074c3db3540325133ff25020c2b", Pages, 0) seconds=1.735e-6 stage="restore_slot"
2026-09-09T19:36:10.955449Z DEBUG transparent_shard_server::runtime: runtime stage key=("67574e8d4c7f7c258f8c7488f73e80a9476f8074c3db3540325133ff25020c2b", Pages, 0) seconds=2.2863e-5 hit=false stage="disk_restore"
2026-09-09T19:36:11.259125Z DEBUG transparent_shard_server::runtime: construction stage geometry="recent-8k" table="directory" seconds=0.594095488 stage="hint_columns"
2026-09-09T19:36:13.258408Z DEBUG transparent_shard_server::runtime: construction stage geometry="recent-8k" table="directory" seconds=1.999226395 stage="pack_preprocessing"
2026-09-09T19:36:13.258696Z DEBUG transparent_shard_server::runtime: construction stage geometry="recent-8k" table="directory" seconds=0.000245954 stage="publish_parameters"
2026-09-09T19:36:13.259488Z DEBUG transparent_shard_server::runtime: runtime stage key=("c907a0aa45b2551520863990845279fd25135889865e088c2dad6ea0d32b8fde", Directory, 0) seconds=2.895737576 stage="runtime_build"
2026-09-09T19:36:13.259519Z DEBUG transparent_shard_server::runtime: runtime stage key=("c907a0aa45b2551520863990845279fd25135889865e088c2dad6ea0d32b8fde", Directory, 0) reserved_bytes=136314880 stage="serialization_handoff"
2026-09-09T19:36:13.259555Z DEBUG transparent_shard_server::runtime: runtime stage key=("c907a0aa45b2551520863990845279fd25135889865e088c2dad6ea0d32b8fde", Pages, 0) seconds=8.461587099 stage="build_slot"
2026-09-09T19:36:13.259659Z DEBUG transparent_shard_server::memory: cold build admission wait seconds=7.9017e-5 admitted=true
2026-09-09T19:36:13.396742Z DEBUG transparent_shard_server::runtime: runtime stage key=("c907a0aa45b2551520863990845279fd25135889865e088c2dad6ea0d32b8fde", Pages, 0) seconds=0.137054629 stage="source_load"
2026-09-09T19:36:13.698588Z DEBUG transparent_shard_server::runtime: construction stage geometry="recent-8k" table="pages" seconds=0.301790719 stage="encode_database"
2026-09-09T19:36:13.698688Z DEBUG transparent_shard_server::runtime: construction stage geometry="recent-8k" table="pages" seconds=7.0326e-5 stage="public_setup"
2026-09-09T19:36:14.166195Z DEBUG transparent_shard_server::runtime: runtime stage key=("c907a0aa45b2551520863990845279fd25135889865e088c2dad6ea0d32b8fde", Directory, 0) seconds=0.90666863 stage="disk_save"
2026-09-09T19:36:14.337892Z DEBUG transparent_shard_server::runtime: construction stage geometry="recent-8k" table="pages" seconds=0.639197909 stage="hint_columns"
2026-09-09T19:36:16.360149Z DEBUG transparent_shard_server::runtime: construction stage geometry="recent-8k" table="pages" seconds=2.022211336 stage="pack_preprocessing"
2026-09-09T19:36:16.360452Z DEBUG transparent_shard_server::runtime: construction stage geometry="recent-8k" table="pages" seconds=0.000250137 stage="publish_parameters"
2026-09-09T19:36:16.361284Z DEBUG transparent_shard_server::runtime: runtime stage key=("c907a0aa45b2551520863990845279fd25135889865e088c2dad6ea0d32b8fde", Pages, 0) seconds=2.9644887669999997 stage="runtime_build"
2026-09-09T19:36:16.361314Z DEBUG transparent_shard_server::runtime: runtime stage key=("c907a0aa45b2551520863990845279fd25135889865e088c2dad6ea0d32b8fde", Pages, 0) reserved_bytes=136314880 stage="serialization_handoff"
2026-09-09T19:36:16.364198Z DEBUG transparent_shard_server::runtime: runtime stage key=("67574e8d4c7f7c258f8c7488f73e80a9476f8074c3db3540325133ff25020c2b", Directory, 0) seconds=8.515789526 stage="build_slot"
2026-09-09T19:36:16.364300Z DEBUG transparent_shard_server::memory: cold build admission wait seconds=7.8168e-5 admitted=true
2026-09-09T19:36:16.512407Z DEBUG transparent_shard_server::runtime: runtime stage key=("67574e8d4c7f7c258f8c7488f73e80a9476f8074c3db3540325133ff25020c2b", Directory, 0) seconds=0.14808101 stage="source_load"
2026-09-09T19:36:16.814509Z DEBUG transparent_shard_server::runtime: construction stage geometry="recent-8k" table="directory" seconds=0.302064906 stage="encode_database"
2026-09-09T19:36:16.814625Z DEBUG transparent_shard_server::runtime: construction stage geometry="recent-8k" table="directory" seconds=7.0686e-5 stage="public_setup"
2026-09-09T19:36:17.102842Z DEBUG transparent_shard_server::runtime: runtime stage key=("c907a0aa45b2551520863990845279fd25135889865e088c2dad6ea0d32b8fde", Pages, 0) seconds=0.741520689 stage="disk_save"
2026-09-09T19:36:17.407092Z DEBUG transparent_shard_server::runtime: construction stage geometry="recent-8k" table="directory" seconds=0.59245945 stage="hint_columns"
2026-09-09T19:36:19.437433Z DEBUG transparent_shard_server::runtime: construction stage geometry="recent-8k" table="directory" seconds=2.030282508 stage="pack_preprocessing"
2026-09-09T19:36:19.437724Z DEBUG transparent_shard_server::runtime: construction stage geometry="recent-8k" table="directory" seconds=0.000249157 stage="publish_parameters"
2026-09-09T19:36:19.438586Z DEBUG transparent_shard_server::runtime: runtime stage key=("67574e8d4c7f7c258f8c7488f73e80a9476f8074c3db3540325133ff25020c2b", Directory, 0) seconds=2.926144479 stage="runtime_build"
2026-09-09T19:36:19.438616Z DEBUG transparent_shard_server::runtime: runtime stage key=("67574e8d4c7f7c258f8c7488f73e80a9476f8074c3db3540325133ff25020c2b", Directory, 0) reserved_bytes=136314880 stage="serialization_handoff"
2026-09-09T19:36:19.441214Z DEBUG transparent_shard_server::runtime: runtime stage key=("67574e8d4c7f7c258f8c7488f73e80a9476f8074c3db3540325133ff25020c2b", Pages, 0) seconds=8.48402677 stage="build_slot"
2026-09-09T19:36:19.441318Z DEBUG transparent_shard_server::memory: cold build admission wait seconds=8.1994e-5 admitted=true
2026-09-09T19:36:19.577194Z DEBUG transparent_shard_server::runtime: runtime stage key=("67574e8d4c7f7c258f8c7488f73e80a9476f8074c3db3540325133ff25020c2b", Pages, 0) seconds=0.135822822 stage="source_load"
2026-09-09T19:36:19.882721Z DEBUG transparent_shard_server::runtime: construction stage geometry="recent-8k" table="pages" seconds=0.305486739 stage="encode_database"
2026-09-09T19:36:19.882831Z DEBUG transparent_shard_server::runtime: construction stage geometry="recent-8k" table="pages" seconds=7.7253e-5 stage="public_setup"
2026-09-09T19:36:20.161196Z DEBUG transparent_shard_server::runtime: runtime stage key=("67574e8d4c7f7c258f8c7488f73e80a9476f8074c3db3540325133ff25020c2b", Directory, 0) seconds=0.722573224 stage="disk_save"
2026-09-09T19:36:20.525747Z DEBUG transparent_shard_server::runtime: construction stage geometry="recent-8k" table="pages" seconds=0.642908754 stage="hint_columns"
2026-09-09T19:36:22.535313Z DEBUG transparent_shard_server::runtime: construction stage geometry="recent-8k" table="pages" seconds=2.009519071 stage="pack_preprocessing"
2026-09-09T19:36:22.535616Z DEBUG transparent_shard_server::runtime: construction stage geometry="recent-8k" table="pages" seconds=0.000255582 stage="publish_parameters"
2026-09-09T19:36:22.536472Z DEBUG transparent_shard_server::runtime: runtime stage key=("67574e8d4c7f7c258f8c7488f73e80a9476f8074c3db3540325133ff25020c2b", Pages, 0) seconds=2.959239037 stage="runtime_build"
2026-09-09T19:36:22.536497Z DEBUG transparent_shard_server::runtime: runtime stage key=("67574e8d4c7f7c258f8c7488f73e80a9476f8074c3db3540325133ff25020c2b", Pages, 0) reserved_bytes=136314880 stage="serialization_handoff"
2026-09-09T19:36:23.234724Z DEBUG transparent_shard_server::runtime: runtime stage key=("67574e8d4c7f7c258f8c7488f73e80a9476f8074c3db3540325133ff25020c2b", Pages, 0) seconds=0.698219848 stage="disk_save"
2026-09-09T19:36:23.234842Z  INFO transparent_shard_server::service: prewarm finished warm=28 target=28 failed=0 seconds=87.038623976
2026-09-09T19:36:23.765698Z  INFO transparent_shard_server::runtime: retired runtime memory reclaimed rss_before=4878913536 rss_after=4441112576
2026-09-09T19:36:24.346677Z DEBUG transparent_shard_server::runtime: runtime stage key=("be059aab39ac34125e0452548d6fbcfb1e7cdb7237a597bd59ee86011ed4882b", Directory, 0) seconds=1.681e-6 stage="restore_slot"
2026-09-09T19:36:24.346834Z DEBUG transparent_shard_server::runtime: runtime stage key=("be059aab39ac34125e0452548d6fbcfb1e7cdb7237a597bd59ee86011ed4882b", Pages, 0) seconds=3.01e-7 stage="restore_slot"
2026-09-09T19:36:24.346872Z DEBUG transparent_shard_server::runtime: runtime stage key=("be059aab39ac34125e0452548d6fbcfb1e7cdb7237a597bd59ee86011ed4882b", Directory, 0) seconds=3.4916e-5 hit=false stage="disk_restore"
2026-09-09T19:36:24.346983Z DEBUG transparent_shard_server::runtime: runtime stage key=("be059aab39ac34125e0452548d6fbcfb1e7cdb7237a597bd59ee86011ed4882b", Pages, 0) seconds=1.4708e-5 hit=false stage="disk_restore"
2026-09-09T19:36:24.347016Z DEBUG transparent_shard_server::runtime: runtime stage key=("be059aab39ac34125e0452548d6fbcfb1e7cdb7237a597bd59ee86011ed4882b", Directory, 0) seconds=4.14e-7 stage="build_slot"
2026-09-09T19:36:24.347059Z DEBUG transparent_shard_server::memory: cold build admission wait seconds=3.5215e-5 admitted=true
2026-09-09T19:36:24.492610Z DEBUG transparent_shard_server::runtime: runtime stage key=("be059aab39ac34125e0452548d6fbcfb1e7cdb7237a597bd59ee86011ed4882b", Directory, 0) seconds=0.145525244 stage="source_load"
2026-09-09T19:36:24.795809Z DEBUG transparent_shard_server::runtime: construction stage geometry="recent-8k" table="directory" seconds=0.303159187 stage="encode_database"
2026-09-09T19:36:24.795919Z DEBUG transparent_shard_server::runtime: construction stage geometry="recent-8k" table="directory" seconds=7.5427e-5 stage="public_setup"
2026-09-09T19:36:25.354411Z DEBUG transparent_shard_server::runtime: construction stage geometry="recent-8k" table="directory" seconds=0.558486754 stage="hint_columns"
2026-09-09T19:36:27.456835Z DEBUG transparent_shard_server::runtime: construction stage geometry="recent-8k" table="directory" seconds=2.102387361 stage="pack_preprocessing"
2026-09-09T19:36:27.457120Z DEBUG transparent_shard_server::runtime: construction stage geometry="recent-8k" table="directory" seconds=0.000243752 stage="publish_parameters"
2026-09-09T19:36:27.457919Z DEBUG transparent_shard_server::runtime: runtime stage key=("be059aab39ac34125e0452548d6fbcfb1e7cdb7237a597bd59ee86011ed4882b", Directory, 0) seconds=2.965270823 stage="runtime_build"
2026-09-09T19:36:27.457947Z DEBUG transparent_shard_server::runtime: runtime stage key=("be059aab39ac34125e0452548d6fbcfb1e7cdb7237a597bd59ee86011ed4882b", Directory, 0) reserved_bytes=136314880 stage="serialization_handoff"
2026-09-09T19:36:27.457988Z DEBUG transparent_shard_server::runtime: runtime stage key=("be059aab39ac34125e0452548d6fbcfb1e7cdb7237a597bd59ee86011ed4882b", Pages, 0) seconds=3.110915553 stage="build_slot"
2026-09-09T19:36:27.458091Z DEBUG transparent_shard_server::memory: cold build admission wait seconds=8.2396e-5 admitted=true
2026-09-09T19:36:27.612341Z DEBUG transparent_shard_server::runtime: runtime stage key=("be059aab39ac34125e0452548d6fbcfb1e7cdb7237a597bd59ee86011ed4882b", Pages, 0) seconds=0.154231738 stage="source_load"
2026-09-09T19:36:27.924687Z DEBUG transparent_shard_server::runtime: construction stage geometry="recent-8k" table="pages" seconds=0.312311714 stage="encode_database"
2026-09-09T19:36:27.924854Z DEBUG transparent_shard_server::runtime: construction stage geometry="recent-8k" table="pages" seconds=0.000127472 stage="public_setup"
2026-09-09T19:36:28.251195Z DEBUG transparent_shard_server::runtime: runtime stage key=("be059aab39ac34125e0452548d6fbcfb1e7cdb7237a597bd59ee86011ed4882b", Directory, 0) seconds=0.793240848 stage="disk_save"
2026-09-09T19:36:28.579102Z DEBUG transparent_shard_server::runtime: construction stage geometry="recent-8k" table="pages" seconds=0.654241949 stage="hint_columns"
2026-09-09T19:36:30.655203Z DEBUG transparent_shard_server::runtime: construction stage geometry="recent-8k" table="pages" seconds=2.076063438 stage="pack_preprocessing"
2026-09-09T19:36:30.655496Z DEBUG transparent_shard_server::runtime: construction stage geometry="recent-8k" table="pages" seconds=0.000253706 stage="publish_parameters"
2026-09-09T19:36:30.659415Z DEBUG transparent_shard_server::runtime: runtime stage key=("be059aab39ac34125e0452548d6fbcfb1e7cdb7237a597bd59ee86011ed4882b", Pages, 0) seconds=3.047039823 stage="runtime_build"
2026-09-09T19:36:30.659442Z DEBUG transparent_shard_server::runtime: runtime stage key=("be059aab39ac34125e0452548d6fbcfb1e7cdb7237a597bd59ee86011ed4882b", Pages, 0) reserved_bytes=136314880 stage="serialization_handoff"
2026-09-09T19:36:31.349579Z DEBUG transparent_shard_server::runtime: runtime stage key=("be059aab39ac34125e0452548d6fbcfb1e7cdb7237a597bd59ee86011ed4882b", Pages, 0) seconds=0.690129596 stage="disk_save"
2026-09-09T19:36:31.349684Z  INFO transparent_shard_server::service: prewarm finished warm=28 target=28 failed=0 seconds=7.003074309
2026-09-09T19:36:31.349746Z DEBUG transparent_shard_server::live: publication preparation stages map=32426d9e9300c44558210d8540b636402af2b3c322627f9e9f26e0082b489725 loading_seconds=0.670683867 warming_seconds=7.004544302
2026-09-09T19:36:31.402680Z  INFO transparent_shard_server::runtime: retired runtime memory reclaimed rss_before=4967309312 rss_after=4537892864
2026-09-09T19:36:31.455147Z DEBUG transparent_shard_server::runtime: runtime stage key=("5b7ee9849d47f5ee67d04eb6ca4588beacf42dce75e5a1b481dfd02607b1fb20", Pages, 0) seconds=1.464e-6 stage="restore_slot"
2026-09-09T19:36:31.456955Z DEBUG transparent_shard_server::runtime: runtime stage key=("5b7ee9849d47f5ee67d04eb6ca4588beacf42dce75e5a1b481dfd02607b1fb20", Directory, 0) seconds=6.73e-7 stage="restore_slot"
2026-09-09T19:36:31.957110Z DEBUG transparent_shard_server::runtime: runtime stage key=("268f5c527d35817d37919707b04a706c850d449156baa071b5438dbf8eb53aec", Directory, 0) seconds=1.693e-6 stage="restore_slot"
2026-09-09T19:36:31.957216Z DEBUG transparent_shard_server::runtime: runtime stage key=("268f5c527d35817d37919707b04a706c850d449156baa071b5438dbf8eb53aec", Pages, 0) seconds=1.059e-6 stage="restore_slot"
2026-09-09T19:36:31.957345Z DEBUG transparent_shard_server::runtime: runtime stage key=("268f5c527d35817d37919707b04a706c850d449156baa071b5438dbf8eb53aec", Directory, 0) seconds=3.5522e-5 hit=false stage="disk_restore"
2026-09-09T19:36:31.957355Z DEBUG transparent_shard_server::runtime: runtime stage key=("268f5c527d35817d37919707b04a706c850d449156baa071b5438dbf8eb53aec", Pages, 0) seconds=2.6043e-5 hit=false stage="disk_restore"
2026-09-09T19:36:31.957375Z DEBUG transparent_shard_server::runtime: runtime stage key=("268f5c527d35817d37919707b04a706c850d449156baa071b5438dbf8eb53aec", Directory, 0) seconds=4.06e-7 stage="build_slot"
2026-09-09T19:36:31.957403Z DEBUG transparent_shard_server::memory: cold build admission wait seconds=2.4833e-5 admitted=true
2026-09-09T19:36:32.111476Z DEBUG transparent_shard_server::runtime: runtime stage key=("268f5c527d35817d37919707b04a706c850d449156baa071b5438dbf8eb53aec", Directory, 0) seconds=0.154058702 stage="source_load"
2026-09-09T19:36:32.388426Z DEBUG transparent_shard_server::runtime: runtime stage key=("5b7ee9849d47f5ee67d04eb6ca4588beacf42dce75e5a1b481dfd02607b1fb20", Directory, 0) seconds=0.931382193 hit=true stage="disk_restore"
2026-09-09T19:36:32.395123Z DEBUG transparent_shard_server::runtime: runtime stage key=("5b7ee9849d47f5ee67d04eb6ca4588beacf42dce75e5a1b481dfd02607b1fb20", Pages, 0) seconds=0.939828942 hit=true stage="disk_restore"
2026-09-09T19:36:32.417313Z DEBUG transparent_shard_server::runtime: construction stage geometry="recent-8k" table="directory" seconds=0.305799473 stage="encode_database"
2026-09-09T19:36:32.417489Z DEBUG transparent_shard_server::runtime: construction stage geometry="recent-8k" table="directory" seconds=0.000137827 stage="public_setup"
2026-09-09T19:36:32.517907Z DEBUG transparent_shard_server::runtime: runtime stage key=("5b7ee9849d47f5ee67d04eb6ca4588beacf42dce75e5a1b481dfd02607b1fb20", Pages, 0) seconds=0.122744577 stage="source_verify"
2026-09-09T19:36:32.517945Z  INFO transparent_shard_server::runtime: restored runtime cache seconds=1.062654112
2026-09-09T19:36:32.604459Z DEBUG transparent_shard_server::runtime: runtime stage key=("5b7ee9849d47f5ee67d04eb6ca4588beacf42dce75e5a1b481dfd02607b1fb20", Directory, 0) seconds=0.215988135 stage="source_verify"
2026-09-09T19:36:32.604512Z  INFO transparent_shard_server::runtime: restored runtime cache seconds=1.14747427
2026-09-09T19:36:33.020432Z DEBUG transparent_shard_server::runtime: construction stage geometry="recent-8k" table="directory" seconds=0.602937468 stage="hint_columns"
2026-09-09T19:36:35.082471Z DEBUG transparent_shard_server::runtime: construction stage geometry="recent-8k" table="directory" seconds=2.062001613 stage="pack_preprocessing"
2026-09-09T19:36:35.082740Z DEBUG transparent_shard_server::runtime: construction stage geometry="recent-8k" table="directory" seconds=0.000234172 stage="publish_parameters"
2026-09-09T19:36:35.083450Z DEBUG transparent_shard_server::runtime: runtime stage key=("268f5c527d35817d37919707b04a706c850d449156baa071b5438dbf8eb53aec", Directory, 0) seconds=2.971937708 stage="runtime_build"
2026-09-09T19:36:35.083473Z DEBUG transparent_shard_server::runtime: runtime stage key=("268f5c527d35817d37919707b04a706c850d449156baa071b5438dbf8eb53aec", Directory, 0) reserved_bytes=136314880 stage="serialization_handoff"
2026-09-09T19:36:35.083590Z DEBUG transparent_shard_server::runtime: runtime stage key=("268f5c527d35817d37919707b04a706c850d449156baa071b5438dbf8eb53aec", Pages, 0) seconds=3.126197167 stage="build_slot"
2026-09-09T19:36:35.083671Z DEBUG transparent_shard_server::memory: cold build admission wait seconds=6.5415e-5 admitted=true
2026-09-09T19:36:35.233780Z DEBUG transparent_shard_server::runtime: runtime stage key=("268f5c527d35817d37919707b04a706c850d449156baa071b5438dbf8eb53aec", Pages, 0) seconds=0.150087187 stage="source_load"
2026-09-09T19:36:35.538172Z DEBUG transparent_shard_server::runtime: construction stage geometry="recent-8k" table="pages" seconds=0.30436526 stage="encode_database"
2026-09-09T19:36:35.538271Z DEBUG transparent_shard_server::runtime: construction stage geometry="recent-8k" table="pages" seconds=7.0904e-5 stage="public_setup"
2026-09-09T19:36:35.785227Z DEBUG transparent_shard_server::runtime: runtime stage key=("268f5c527d35817d37919707b04a706c850d449156baa071b5438dbf8eb53aec", Directory, 0) seconds=0.701748406 stage="disk_save"
2026-09-09T19:36:36.162289Z DEBUG transparent_shard_server::runtime: construction stage geometry="recent-8k" table="pages" seconds=0.624011005 stage="hint_columns"
2026-09-09T19:36:38.206949Z DEBUG transparent_shard_server::runtime: construction stage geometry="recent-8k" table="pages" seconds=2.044624757 stage="pack_preprocessing"
2026-09-09T19:36:38.207245Z DEBUG transparent_shard_server::runtime: construction stage geometry="recent-8k" table="pages" seconds=0.000266455 stage="publish_parameters"
2026-09-09T19:36:38.207913Z DEBUG transparent_shard_server::runtime: runtime stage key=("268f5c527d35817d37919707b04a706c850d449156baa071b5438dbf8eb53aec", Pages, 0) seconds=2.974108011 stage="runtime_build"
2026-09-09T19:36:38.207928Z DEBUG transparent_shard_server::runtime: runtime stage key=("268f5c527d35817d37919707b04a706c850d449156baa071b5438dbf8eb53aec", Pages, 0) reserved_bytes=136314880 stage="serialization_handoff"
2026-09-09T19:36:38.901981Z DEBUG transparent_shard_server::runtime: runtime stage key=("268f5c527d35817d37919707b04a706c850d449156baa071b5438dbf8eb53aec", Pages, 0) seconds=0.694045963 stage="disk_save"
2026-09-09T19:36:38.902067Z  INFO transparent_shard_server::service: prewarm finished warm=28 target=28 failed=0 seconds=6.945004783
2026-09-09T19:36:38.902215Z DEBUG transparent_shard_server::live: publication preparation stages map=12cbb58695cd66166197842d179b61598c15effb06ad32efcd899a13e36e7b10 loading_seconds=0.605695248 warming_seconds=6.945198968
test burst::publication_burst_under_exact_load ... ok

test result: ok. 1 passed; 0 failed; 0 ignored; 0 measured; 16 filtered out; finished in 108.99s

Finished with result: success
Main processes terminated with: code=exited/status=0
Service runtime: 1min 49.031s
CPU time consumed: 3min 59.480s
Memory peak: 1.8M
Memory swap peak: 0B
