   Compiling libc v0.2.184
   Compiling bitcoin-io v0.1.101
   Compiling tokio v1.51.1
   Compiling jobserver v0.1.35
   Compiling cc v1.2.59
   Compiling secp256k1-sys v0.10.1
   Compiling hex-conservative v0.2.3
   Compiling bitcoin_hashes v0.14.101
   Compiling either v1.15.0
   Compiling regex-syntax v0.8.10
   Compiling secp256k1 v0.29.1
   Compiling regex-automata v0.4.14
   Compiling num-traits v0.2.19
   Compiling hyper v1.9.0
   Compiling regex v1.12.3
   Compiling ring v0.17.14
   Compiling hex_lit v0.1.1
   Compiling bitflags v2.11.0
   Compiling hyper-util v0.1.20
   Compiling tower v0.5.3
   Compiling bitcoin v0.32.102
   Compiling env_filter v1.0.1
   Compiling base58ck v0.1.101
   Compiling bitcoin-units v0.1.101
   Compiling glob v0.3.4
   Compiling clang-sys v1.9.1
   Compiling env_logger v0.11.10
   Compiling num-integer v0.1.46
   Compiling anyhow v1.0.102
   Compiling rustls v0.23.37
   Compiling ipir-sp v0.1.0-rc.6 (https://github.com/valargroup/ipir-sp.git?tag=v0.1.0-rc.6#1f2aec65)
   Compiling num-bigint v0.4.6
   Compiling rustls-webpki v0.103.10
   Compiling transparent-filter v0.1.0 (/opt/pir-quality-build/transparent/crates/transparent-filter)
   Compiling itertools v0.14.0
   Compiling transparent-events v0.1.0 (/opt/pir-quality-build/transparent/crates/transparent-events)
   Compiling memchr v2.8.0
   Compiling minimal-lexical v0.2.1
   Compiling prost-derive v0.13.5
   Compiling nom v7.1.3
   Compiling transparent-shard v0.1.0 (/opt/pir-quality-build/transparent/crates/transparent-shard)
   Compiling fpe v0.6.1
   Compiling bip32 v0.6.0-pre.1
   Compiling transparent-native v0.1.0 (/opt/pir-quality-build/transparent/crates/transparent-native)
   Compiling getrandom v0.4.2
   Compiling bindgen v0.72.1
   Compiling zcash_script v0.4.5
   Compiling tokio-rustls v0.26.4
   Compiling cexpr v0.6.0
   Compiling itertools v0.13.0
   Compiling rustix v1.1.4
   Compiling lz4-sys v1.11.1+lz4-1.10.0
   Compiling bytes v1.11.1
   Compiling prettyplease v0.2.37
   Compiling equivalent v1.0.2
   Compiling linux-raw-sys v0.12.1
   Compiling rustc-hash v2.1.2
   Compiling hashbrown v0.16.1
   Compiling cfg-if v1.0.4
   Compiling indexmap v2.13.1
   Compiling tower-http v0.6.8
   Compiling axum v0.7.9
   Compiling prost v0.13.5
   Compiling hyper-rustls v0.27.7
   Compiling zakura-sapling-crypto v1.0.1
   Compiling zakura-orchard v1.0.1
   Compiling zcash_transparent v0.10.0
   Compiling matchers v0.2.0
   Compiling fastrand v2.4.1
   Compiling fixedbitset v0.5.7
   Compiling once_cell v1.21.4
   Compiling tracing-subscriber v0.3.23
   Compiling tempfile v3.27.0
   Compiling petgraph v0.7.1
   Compiling chrono v0.4.45
   Compiling zakura-primitives v1.0.1
   Compiling reqwest v0.12.28
   Compiling prost-types v0.13.5
   Compiling pir-observability v0.1.0 (/opt/pir-quality-build/shared/pir-observability)
   Compiling librocksdb-sys v0.17.3+10.4.2
   Compiling tower-http v0.5.2
   Compiling pin-project-internal v1.1.13
   Compiling log v0.4.29
   Compiling syn v1.0.109
   Compiling multimap v0.10.1
   Compiling libsqlite3-sys v0.30.1
   Compiling pin-project v1.1.13
   Compiling prost-build v0.13.5
   Compiling transparent-shard-server v0.1.0 (/opt/pir-quality-build/transparent/services/transparent-shard-server)
   Compiling zakura-chain v6.0.0 (https://github.com/zakura-core/zakura.git?rev=1faf150fc3648aae22c55a6b30f8f5a9b9ce934e#1faf150f)
   Compiling transparent-wallet v0.1.0 (/opt/pir-quality-build/transparent/crates/transparent-wallet)
   Compiling tokio-util v0.7.19
   Compiling rlimit v0.10.2
   Compiling tower v0.4.13
   Compiling zakura-header-chain v1.0.0 (https://github.com/zakura-core/zakura.git?rev=1faf150fc3648aae22c55a6b30f8f5a9b9ce934e#1faf150f)
   Compiling transparent-blocks v0.1.0 (/opt/pir-quality-build/transparent/crates/transparent-blocks)
   Compiling rapidhash v4.5.1
   Compiling metrics v0.24.6
   Compiling derive-new v0.5.9
   Compiling zakura-node-services v3.2.1 (https://github.com/zakura-core/zakura.git?rev=1faf150fc3648aae22c55a6b30f8f5a9b9ce934e#1faf150f)
   Compiling humantime-serde v1.1.1
   Compiling bincode v1.3.3
   Compiling semver v1.0.28
   Compiling zakura-assets v0.3462171.0
   Compiling hex-literal v0.4.1
   Compiling rusqlite v0.32.1
   Compiling transparent-wallet-store v0.1.0 (/opt/pir-quality-build/transparent/crates/transparent-wallet-store)
   Compiling rocksdb v0.24.0
   Compiling zakura-state v7.0.0 (https://github.com/zakura-core/zakura.git?rev=1faf150fc3648aae22c55a6b30f8f5a9b9ce934e#1faf150f)
   Compiling transparent-filter-server v0.1.0 (/opt/pir-quality-build/transparent/services/transparent-filter-server)
    Finished `release` profile [optimized] target(s) in 21m 20s
