   Compiling serde_core v1.0.228
   Compiling typenum v1.19.0
   Compiling subtle v2.6.1
   Compiling serde v1.0.228
   Compiling generic-array v0.14.7
   Compiling crypto-common v0.1.7
   Compiling zeroize_derive v1.5.0
   Compiling zeroize v1.8.2
   Compiling crossbeam-utils v0.8.22
   Compiling cpufeatures v0.2.17
   Compiling crossbeam-epoch v0.9.20
   Compiling crossbeam-deque v0.8.7
   Compiling rayon-core v1.13.0
   Compiling either v1.15.0
   Compiling log v0.4.29
   Compiling block-buffer v0.10.4
   Compiling arrayvec v0.7.6
   Compiling constant_time_eq v0.4.2
   Compiling digest v0.10.7
   Compiling hex v0.4.3
   Compiling radium v0.7.0
   Compiling memuse v0.2.2
   Compiling rand_core v0.10.1
   Compiling rayon v1.12.0
   Compiling tracing-core v0.1.36
   Compiling tap v1.0.1
   Compiling arrayref v0.3.9
   Compiling blake2b_simd v1.0.4
   Compiling wyz v0.5.1
   Compiling tracing-attributes v0.1.31
   Compiling funty v2.0.0
   Compiling bitvec v1.0.1
   Compiling tracing v0.1.44
   Compiling bitflags v2.11.0
   Compiling futures-sink v0.3.32
   Compiling getrandom v0.4.2
   Compiling static_assertions v1.1.0
   Compiling futures-channel v0.3.32
   Compiling sha2 v0.10.9
   Compiling futures-macro v0.3.32
   Compiling ff v0.14.0
   Compiling slab v0.4.12
   Compiling group v0.14.0
   Compiling serde_json v1.0.149
   Compiling futures-task v0.3.32
   Compiling futures-io v0.3.34
   Compiling num-traits v0.2.19
   Compiling futures-util v0.3.32
   Compiling rand_chacha v0.3.1
   Compiling thiserror v2.0.18
   Compiling rand v0.8.5
   Compiling rand v0.10.2
   Compiling thiserror-impl v2.0.18
   Compiling zakura-pasta-curves v1.0.1
   Compiling maybe-rayon v0.1.1
   Compiling inout v0.1.4
   Compiling hybrid-array v0.2.3
   Compiling cipher v0.4.4
   Compiling crypto-common v0.2.0-rc.1
   Compiling block-buffer v0.11.0-rc.3
   Compiling zakura-pairing v1.0.1
   Compiling rustls-pki-types v1.14.0
   Compiling aho-corasick v1.1.4
   Compiling thiserror v1.0.69
   Compiling corez v0.1.1
   Compiling fastrand v2.4.1
   Compiling regex-syntax v0.8.10
   Compiling regex-automata v0.4.14
   Compiling digest v0.11.0-pre.9
   Compiling secp256k1-sys v0.10.1
   Compiling thiserror-impl v1.0.69
   Compiling litrs v1.0.0
   Compiling hyper v1.9.0
   Compiling document-features v0.2.12
   Compiling rustls-webpki v0.103.10
   Compiling zakura-bls12-381 v1.0.1
   Compiling sha1 v0.10.6
   Compiling universal-hash v0.5.1
   Compiling proc-macro-error-attr2 v2.0.0
   Compiling bech32 v0.11.1
   Compiling opaque-debug v0.3.1
   Compiling getrandom v0.3.4
   Compiling nonempty v0.11.0
   Compiling byteorder v1.5.0
   Compiling semver v1.0.28
   Compiling crunchy v0.2.4
   Compiling libm v0.2.16
   Compiling rustc_version v0.4.1
   Compiling hyper-util v0.1.20
   Compiling poly1305 v0.8.0
   Compiling proc-macro-error2 v2.0.1
   Compiling zakura-jubjub v1.0.1
   Compiling rustls v0.23.37
   Compiling tower v0.5.3
   Compiling valar-spiral-rs v0.5.3-rc.1
   Compiling chacha20 v0.9.1
   Compiling num-integer v0.1.46
   Compiling bs58 v0.5.1
   Compiling zcash_spec v0.2.1
   Compiling aead v0.5.2
   Compiling memmap2 v0.9.11
   Compiling syn v3.0.4
   Compiling bytemuck v1.25.2
   Compiling strsim v0.11.1
   Compiling ident_case v1.0.1
   Compiling serde_urlencoded v0.7.1
   Compiling darling_core v0.23.0
   Compiling clap_builder v4.6.0
   Compiling inspiring v0.1.0-rc.2 (https://github.com/valargroup/ipir-sp.git?tag=v0.1.0-rc.6#1f2aec65)
   Compiling tokio-rustls v0.26.4
   Compiling chacha20poly1305 v0.10.1
   Compiling zip32 v0.2.1
   Compiling num-bigint v0.4.6
   Compiling zakura-reddsa v1.0.1
   Compiling getset v0.1.6
   Compiling secp256k1 v0.29.1
   Compiling curve25519-dalek v4.1.3
   Compiling zcash_encoding v0.4.0
   Compiling sha2 v0.11.0-pre.4
   Compiling hmac v0.13.0-pre.4
   Compiling ripemd v0.2.0-pre.4
   Compiling regex v1.12.3
   Compiling webpki-roots v1.0.6
   Compiling cbc v0.1.2
   Compiling zakura-halo2-legacy-pdqsort v1.0.1
   Compiling lazy_static v1.5.0
   Compiling zakura-halo2-proofs v1.0.1
   Compiling fpe v0.6.1
   Compiling tower-http v0.6.8
   Compiling hyper-rustls v0.27.7
   Compiling clap v4.6.0
   Compiling bip32 v0.6.0-pre.1
   Compiling env_filter v1.0.1
   Compiling zcash_protocol v0.10.5
   Compiling rand_core v0.9.5
   Compiling zcash_note_encryption v0.4.2
   Compiling darling_macro v0.23.0
   Compiling zakura-sinsemilla v1.0.1
   Compiling zakura-halo2-poseidon v1.0.1
   Compiling aes v0.8.4
   Compiling bounded-vec v0.9.0
   Compiling tokio-util v0.7.19
   Compiling f4jumble v0.1.1
   Compiling ripemd v0.1.3
   Compiling blake2s_simd v1.0.5
   Compiling incrementalmerkletree v0.8.2
   Compiling curve25519-dalek-derive v0.1.1
   Compiling rustc-hex v2.1.0
   Compiling jiff v0.2.23
   Compiling crc32fast v1.5.1
   Compiling rustix v0.38.44
   Compiling equihash v0.3.0
   Compiling ref-cast v1.0.27
   Compiling rustix v1.1.4
   Compiling axum-core v0.4.5
   Compiling chrono v0.4.45
   Compiling env_logger v0.11.10
   Compiling fixed-hash v0.8.0
   Compiling zcash_script v0.4.5
   Compiling zakura-bellman v1.0.1
   Compiling zcash_address v0.13.0
   Compiling reqwest v0.12.28
   Compiling zakura-halo2-gadgets v1.0.1
   Compiling darling v0.23.0
   Compiling rand v0.9.2
   Compiling uint v0.9.5
   Compiling zakura-redjubjub v1.0.1
   Compiling reinspiring v0.1.2 (https://github.com/valargroup/ipir-sp.git?tag=v0.1.0-rc.6#1f2aec65)
   Compiling simplepir-kernel v0.1.0-rc.3 (https://github.com/valargroup/ipir-sp.git?tag=v0.1.0-rc.6#1f2aec65)
   Compiling ref-cast-impl v1.0.27
   Compiling serde_derive_internals v0.30.0
   Compiling serde_path_to_error v0.1.20
   Compiling allocator-api2 v0.2.21
   Compiling linux-raw-sys v0.12.1
   Compiling procfs v0.16.0
   Compiling option-ext v0.2.0
   Compiling equivalent v1.0.2
   Compiling adler2 v2.0.1
   Compiling signature v2.2.0
   Compiling linux-raw-sys v0.4.15
   Compiling foldhash v0.2.0
   Compiling simd-adler32 v0.3.10
   Compiling miniz_oxide v0.9.1
   Compiling hashbrown v0.16.1
   Compiling ed25519 v2.2.3
   Compiling axum v0.7.9
   Compiling dirs-sys v0.5.0
   Compiling schemars_derive v1.2.2
   Compiling ipir-sp v0.1.0-rc.6 (https://github.com/valargroup/ipir-sp.git?tag=v0.1.0-rc.6#1f2aec65)
   Compiling zakura-sapling-crypto v1.0.1
   Compiling primitive-types v0.12.2
   Compiling serde_with_macros v3.22.0
   Compiling zakura-orchard v1.0.1
   Compiling zcash_transparent v0.10.0
   Compiling strum_macros v0.27.2
   Compiling futures-executor v0.3.32
   Compiling procfs-core v0.16.0
   Compiling dyn-clone v1.0.20
   Compiling prometheus v0.13.4
   Compiling schemars v1.2.2
   Compiling futures v0.3.32
   Compiling strum v0.27.2
   Compiling zakura-primitives v1.0.1
   Compiling flate2 v1.1.10
   Compiling serde_with v3.22.0
   Compiling zcash_history v0.5.0
   Compiling enhance-pir v0.0.1 (/opt/pir-quality-build/enhance/crates/enhance-pir)
   Compiling tempfile v3.27.0
   Compiling dirs v6.0.0
   Compiling ed25519-zebra v4.2.0
   Compiling x25519-dalek v2.0.1
   Compiling sharded-slab v0.1.7
   Compiling uint v0.10.1
   Compiling matchers v0.2.0
   Compiling bitflags-serde-legacy v0.1.1
   Compiling tracing-log v0.2.0
   Compiling itertools v0.14.0
   Compiling crossbeam-channel v0.5.16
   Compiling serde-big-array v0.5.1
   Compiling nom v8.0.0
   Compiling derive-getters v0.5.0
   Compiling thread_local v1.1.9
   Compiling humantime v2.4.0
   Compiling fnv v1.0.7
   Compiling nu-ansi-term v0.50.3
   Compiling rusqlite v0.32.1
   Compiling hdrhistogram v7.6.0
   Compiling tracing-subscriber v0.3.23
   Compiling zakura-chain v6.0.0 (https://github.com/zakura-core/zakura.git?rev=1faf150fc3648aae22c55a6b30f8f5a9b9ce934e#1faf150f)
   Compiling tokio-stream v0.1.19
   Compiling pir-apm v0.1.0 (/opt/pir-quality-build/enhance/services/pir-apm)
   Compiling pir-monitor v0.1.0 (/opt/pir-quality-build/enhance/tools/monitor)
   Compiling enhance-pir-server v0.0.1 (/opt/pir-quality-build/enhance/services/enhance-pir-server)
    Finished `release` profile [optimized] target(s) in 6m 47s
