   Compiling libsqlite3-sys v0.30.1
   Compiling librocksdb-sys v0.17.3+10.4.2
   Compiling transparent-blocks v0.1.0 (/root/wallet-pir-v10-build-8e69ea75/transparent/crates/transparent-blocks)
   Compiling syn v1.0.109
   Compiling zakura-header-chain v1.0.0 (https://github.com/zakura-core/zakura.git?rev=1faf150fc3648aae22c55a6b30f8f5a9b9ce934e#1faf150f)
   Compiling prost v0.13.5
   Compiling rapidhash v4.5.1
   Compiling procfs-core v0.16.0
   Compiling prometheus v0.13.4
   Compiling procfs v0.16.0
   Compiling metrics v0.24.6
   Compiling zakura-node-services v3.2.1 (https://github.com/zakura-core/zakura.git?rev=1faf150fc3648aae22c55a6b30f8f5a9b9ce934e#1faf150f)
   Compiling derive-new v0.5.9
   Compiling rlimit v0.10.2
   Compiling humantime-serde v1.1.1
   Compiling indexmap v2.13.1
   Compiling bincode v1.3.3
   Compiling semver v1.0.28
   Compiling zakura-assets v0.3462171.0
   Compiling hex-literal v0.4.1
   Compiling fnv v1.0.7
   Compiling hdrhistogram v7.6.0
   Compiling transparent-loadtest v0.1.0 (/root/wallet-pir-v10-build-8e69ea75/transparent/tools/transparent-loadtest)
   Compiling transparent-shard-server v0.1.0 (/root/wallet-pir-v10-build-8e69ea75/transparent/services/transparent-shard-server)
   Compiling rusqlite v0.32.1
   Compiling transparent-wallet-store v0.1.0 (/root/wallet-pir-v10-build-8e69ea75/transparent/crates/transparent-wallet-store)
   Compiling transparent-regression v0.1.0 (/root/wallet-pir-v10-build-8e69ea75/transparent/tools/transparent-regression)
