   Compiling secp256k1-sys v0.10.1
   Compiling ring v0.17.14
   Compiling lz4-sys v1.11.1+lz4-1.10.0
   Compiling libsqlite3-sys v0.30.1
   Compiling rustls v0.23.37
   Compiling secp256k1 v0.29.1
   Compiling bitcoin v0.32.102
   Compiling rustls-webpki v0.103.10
   Compiling bip32 v0.6.0-pre.1
   Compiling librocksdb-sys v0.17.3+10.4.2
   Compiling zcash_script v0.4.5
   Compiling transparent-filter v0.1.0 (/root/wallet-pir-v10-build-8e69ea75/transparent/crates/transparent-filter)
   Compiling transparent-shard v0.1.0 (/root/wallet-pir-v10-build-8e69ea75/transparent/crates/transparent-shard)
   Compiling tokio-rustls v0.26.4
   Compiling hyper-rustls v0.27.7
   Compiling reqwest v0.12.28
   Compiling transparent-shard-server v0.1.0 (/root/wallet-pir-v10-build-8e69ea75/transparent/services/transparent-shard-server)
   Compiling transparent-wallet v0.1.0 (/root/wallet-pir-v10-build-8e69ea75/transparent/crates/transparent-wallet)
   Compiling zcash_transparent v0.10.0
   Compiling zakura-primitives v1.0.1
   Compiling zakura-chain v6.0.0 (https://github.com/zakura-core/zakura.git?rev=1faf150fc3648aae22c55a6b30f8f5a9b9ce934e#1faf150f)
   Compiling transparent-blocks v0.1.0 (/root/wallet-pir-v10-build-8e69ea75/transparent/crates/transparent-blocks)
   Compiling zakura-header-chain v1.0.0 (https://github.com/zakura-core/zakura.git?rev=1faf150fc3648aae22c55a6b30f8f5a9b9ce934e#1faf150f)
   Compiling zakura-node-services v3.2.1 (https://github.com/zakura-core/zakura.git?rev=1faf150fc3648aae22c55a6b30f8f5a9b9ce934e#1faf150f)
   Compiling rusqlite v0.32.1
   Compiling transparent-wallet-store v0.1.0 (/root/wallet-pir-v10-build-8e69ea75/transparent/crates/transparent-wallet-store)
   Compiling transparent-regression v0.1.0 (/root/wallet-pir-v10-build-8e69ea75/transparent/tools/transparent-regression)
   Compiling transparent-loadtest v0.1.0 (/root/wallet-pir-v10-build-8e69ea75/transparent/tools/transparent-loadtest)
   Compiling rocksdb v0.24.0
   Compiling zakura-state v7.0.0 (https://github.com/zakura-core/zakura.git?rev=1faf150fc3648aae22c55a6b30f8f5a9b9ce934e#1faf150f)
   Compiling transparent-filter-server v0.1.0 (/root/wallet-pir-v10-build-8e69ea75/transparent/services/transparent-filter-server)
    Finished `release` profile [optimized] target(s) in 8m 38s
