{
  "source_sha": "8e69ea75b1e0071e3b978b0c78cc0487377f9e82",
  "source_bundle_sha256": "3b9484f3a043f35cc1ef075ce0992d920e2205226a6f4611f8d1fd79757a784c",
  "rustflags": "-C target-cpu=x86-64-v3",
  "cxxflags": "-mpclmul",
  "cflags": "-mpclmul",
  "profile": "release",
  "toolchain": "rustc 1.91.0 (f8297e351 2025-10-28)",
  "qualification": "direct build; full CI bypassed at operator request",
  "host": "roman-ipir-bench-8vcpu",
  "build_unit": "wallet-pir-v10-production-build-5.service"
}

ae9a8dcd393be07c860436ee79bf52ce3ce5aa9c4e32165ee2c8fc0ecf5d99ae  build.json
9e7f4b0963db58550128faed7f708b652adc8ae5c631f3d4bd3dd524b9f3674f  native_certificate
fe959884f896efaa267fab1a9a16d7df12187d9d2854b23637508d892be32be9  regression-export
65614a696e8558365cea31f573e9ca8bff3ad4f96a7a882a8e7d513691139749  revision
6ecfb809e05a3c5b05c01411cadc9366a75843aee1b95b6d9227f96785ba0e2d  shard-assign
12003d1244743bc2382bb9de3922ee8f9cd3343d04803657169051c07ae44f9c  shard-control
3f583ed24ca31130789f023eaf4f011755e2b47f1bfd0ac6d043c8797b0d8954  shard-prune
bb2f999f8328a7dfcbdbb9eaca646339cb942413cdcdaad0347bb23dd4bccb37  shard-publish
9c422dfbb55d2caf1ece1d6d446a12e2f4fc79f25a97e1d98f7032caa5d0f58a  shard-verify
f9116fbfcb6f925456b0dcecd22be449597288b81318c7311e4bc215ae77ef2b  transparent-filter-server
368b57a56908e258e8f1aec43c792b6cefc5a92d4640adeb2c01f2b5a5ad503a  transparent-loadtest
67c22c78bc1a1c7129328ec3f861f822c7c0a9186057d85c08a7d5b47c569508  transparent-publish-controller
19ff67b2cb854bf631f368647c48060ae3ada24cf0a0a7b5838f88ad43b6f2a6  transparent-regression
0ece0ae1ac7f526c8471b01bb06c35c0138c80eb2c46cbaff992fa237c45f36b  transparent-shard-server

