   Compiling syn v2.0.117
   Compiling serde_core v1.0.228
   Compiling typenum v1.19.0
   Compiling serde v1.0.228
   Compiling libc v0.2.184
   Compiling generic-array v0.14.7
   Compiling crypto-common v0.1.7
   Compiling jobserver v0.1.35
   Compiling arrayvec v0.7.6
   Compiling cc v1.2.59
   Compiling block-buffer v0.10.4
   Compiling digest v0.10.7
   Compiling either v1.15.0
   Compiling rayon v1.12.0
   Compiling serde_derive v1.0.228
   Compiling zeroize_derive v1.5.0
   Compiling zeroize v1.8.2
   Compiling tracing-core v0.1.36
   Compiling tracing-attributes v0.1.31
   Compiling sha2 v0.10.9
   Compiling parking_lot_core v0.9.12
   Compiling bitflags v2.11.0
   Compiling futures-sink v0.3.32
   Compiling scopeguard v1.2.0
   Compiling lock_api v0.4.14
   Compiling tracing v0.1.44
   Compiling parking_lot v0.12.5
   Compiling futures-channel v0.3.32
   Compiling thiserror-impl v2.0.18
   Compiling serde_json v1.0.149
   Compiling futures-macro v0.3.32
   Compiling hex v0.4.3
   Compiling tokio-macros v2.7.0
   Compiling thiserror v2.0.18
   Compiling futures-util v0.3.32
   Compiling tokio v1.51.1
   Compiling secp256k1-sys v0.10.1
   Compiling hex-conservative v0.2.3
   Compiling bitcoin_hashes v0.14.101
   Compiling bech32 v0.11.1
   Compiling sha1 v0.10.6
   Compiling synstructure v0.13.2
   Compiling regex-syntax v0.8.10
   Compiling secp256k1 v0.29.1
   Compiling regex-automata v0.4.14
   Compiling zerofrom-derive v0.1.7
   Compiling thiserror-impl v1.0.69
   Compiling rand_core v0.10.1
   Compiling constant_time_eq v0.4.2
   Compiling thiserror v1.0.69
   Compiling zerofrom v0.1.7
   Compiling yoke-derive v0.8.2
   Compiling radium v0.7.0
   Compiling memuse v0.2.2
   Compiling valar-spiral-rs v0.5.3-rc.1
   Compiling yoke v0.8.2
   Compiling arrayref v0.3.9
   Compiling tap v1.0.1
   Compiling httpdate v1.0.3
   Compiling hyper v1.9.0
   Compiling regex v1.12.3
   Compiling wyz v0.5.1
   Compiling blake2b_simd v1.0.4
   Compiling inspiring v0.1.0-rc.2 (https://github.com/valargroup/ipir-sp.git?tag=v0.1.0-rc.6#1f2aec65)
   Compiling zerovec-derive v0.11.3
   Compiling funty v2.0.0
   Compiling bitvec v1.0.1
   Compiling hyper-util v0.1.20
   Compiling zerovec v0.11.6
   Compiling env_filter v1.0.1
   Compiling tower v0.5.3
   Compiling clap_derive v4.6.0
   Compiling base58ck v0.1.101
   Compiling displaydoc v0.2.5
   Compiling getrandom v0.4.2
   Compiling serde_urlencoded v0.7.1
   Compiling env_logger v0.11.10
   Compiling bitcoin v0.32.102
   Compiling ff v0.14.0
   Compiling reinspiring v0.1.2 (https://github.com/valargroup/ipir-sp.git?tag=v0.1.0-rc.6#1f2aec65)
   Compiling clap v4.6.0
   Compiling simplepir-kernel v0.1.0-rc.3 (https://github.com/valargroup/ipir-sp.git?tag=v0.1.0-rc.6#1f2aec65)
   Compiling static_assertions v1.1.0
   Compiling group v0.14.0
   Compiling transparent-events v0.1.0 (/root/wallet-pir-v10-build-8e69ea75/transparent/crates/transparent-events)
   Compiling tinystr v0.8.3
   Compiling ring v0.17.14
   Compiling ipir-sp v0.1.0-rc.6 (https://github.com/valargroup/ipir-sp.git?tag=v0.1.0-rc.6#1f2aec65)
   Compiling transparent-filter v0.1.0 (/root/wallet-pir-v10-build-8e69ea75/transparent/crates/transparent-filter)
   Compiling transparent-shard v0.1.0 (/root/wallet-pir-v10-build-8e69ea75/transparent/crates/transparent-shard)
   Compiling transparent-native v0.1.0 (/root/wallet-pir-v10-build-8e69ea75/transparent/crates/transparent-native)
   Compiling lazy_static v1.5.0
   Compiling icu_locale_core v2.2.0
   Compiling zerotrie v0.2.4
   Compiling potential_utf v0.1.5
   Compiling rustversion v1.0.22
   Compiling icu_collections v2.2.0
   Compiling num-traits v0.2.19
   Compiling icu_provider v2.2.0
   Compiling rand v0.10.2
   Compiling rustix v1.1.4
   Compiling rustls-pki-types v1.14.0
   Compiling linux-raw-sys v0.12.1
   Compiling zakura-pasta-curves v1.0.1
   Compiling maybe-rayon v0.1.1
   Compiling inout v0.1.4
   Compiling hybrid-array v0.2.3
   Compiling cipher v0.4.4
   Compiling icu_properties v2.2.0
   Compiling icu_normalizer v2.2.0
   Compiling rustls v0.23.37
   Compiling rustls-webpki v0.103.10
   Compiling idna_adapter v1.2.1
   Compiling block-buffer v0.11.0-rc.3
   Compiling crypto-common v0.2.0-rc.1
   Compiling zakura-pairing v1.0.1
   Compiling corez v0.1.1
   Compiling digest v0.11.0-pre.9
   Compiling idna v1.1.0
   Compiling tokio-rustls v0.26.4
   Compiling webpki-roots v1.0.6
   Compiling async-trait v0.1.89
   Compiling mime v0.3.17
   Compiling litrs v1.0.0
   Compiling tower-http v0.6.8
   Compiling document-features v0.2.12
   Compiling axum-core v0.4.5
   Compiling hyper-rustls v0.27.7
   Compiling url v2.5.8
   Compiling zakura-bls12-381 v1.0.1
   Compiling sharded-slab v0.1.7
   Compiling matchers v0.2.0
   Compiling tracing-log v0.2.0
   Compiling serde_path_to_error v0.1.20
   Compiling universal-hash v0.5.1
   Compiling thread_local v1.1.9
   Compiling proc-macro-error-attr2 v2.0.0
   Compiling opaque-debug v0.3.1
   Compiling matchit v0.7.3
   Compiling semver v1.0.28
   Compiling nonempty v0.11.0
   Compiling nu-ansi-term v0.50.3
   Compiling crunchy v0.2.4
   Compiling libm v0.2.16
   Compiling glob v0.3.4
   Compiling tracing-subscriber v0.3.23
   Compiling axum v0.7.9
   Compiling clang-sys v1.9.1
   Compiling rustc_version v0.4.1
   Compiling poly1305 v0.8.0
   Compiling proc-macro-error2 v2.0.1
   Compiling zakura-jubjub v1.0.1
   Compiling reqwest v0.12.28
   Compiling num-integer v0.1.46
   Compiling chacha20 v0.9.1
   Compiling tower-http v0.5.2
   Compiling zcash_spec v0.2.1
   Compiling bs58 v0.5.1
   Compiling aead v0.5.2
   Compiling syn v3.0.4
   Compiling strsim v0.11.1
   Compiling ident_case v1.0.1
   Compiling darling_core v0.23.0
   Compiling chacha20poly1305 v0.10.1
   Compiling zip32 v0.2.1
   Compiling transparent-shard-server v0.1.0 (/root/wallet-pir-v10-build-8e69ea75/transparent/services/transparent-shard-server)
   Compiling prost-derive v0.13.5
   Compiling num-bigint v0.4.6
   Compiling transparent-wallet v0.1.0 (/root/wallet-pir-v10-build-8e69ea75/transparent/crates/transparent-wallet)
   Compiling zakura-reddsa v1.0.1
   Compiling getset v0.1.6
   Compiling curve25519-dalek v4.1.3
warning: clang-sys@1.9.1: could not execute `llvm-config` one or more times, if the LLVM_CONFIG_PATH environment variable is set to a full path to valid `llvm-config` executable it will be used to try to find an instance of `libclang` on your system: "couldn't execute `llvm-config --prefix` (path=llvm-config) (error: No such file or directory (os error 2))"
error: failed to run custom build command for `clang-sys v1.9.1`

Caused by:
  process didn't exit successfully: `/tmp/wallet-pir-v10-production-target/release/build/clang-sys-2f9ec1649360549c/build-script-build` (exit status: 101)
  --- stdout
  cargo:warning=could not execute `llvm-config` one or more times, if the LLVM_CONFIG_PATH environment variable is set to a full path to valid `llvm-config` executable it will be used to try to find an instance of `libclang` on your system: "couldn't execute `llvm-config --prefix` (path=llvm-config) (error: No such file or directory (os error 2))"

  --- stderr

  thread 'main' (996529) panicked at /root/.cargo/registry/src/index.crates.io-1949cf8c6b5b557f/clang-sys-1.9.1/build/dynamic.rs:229:45:
  called `Result::unwrap()` on an `Err` value: "couldn't find any valid shared libraries matching: ['libclang.so', 'libclang-*.so'], set the `LIBCLANG_PATH` environment variable to a path where one of these files can be found (invalid: [])"
  note: run with `RUST_BACKTRACE=1` environment variable to display a backtrace
warning: build failed, waiting for other jobs to finish...
