info: syncing channel updates for 1.97.1-x86_64-unknown-linux-gnu
info: latest update on 2026-07-16 for version 1.97.1 (8bab26f4f 2026-07-14)
info: downloading 3 components
warn: the missing active toolchain `1.97.1-x86_64-unknown-linux-gnu` has been auto-installed
warn: this might cause rustup commands to take longer time to finish than expected
info: you may opt out with `RUSTUP_AUTO_INSTALL=0` or `rustup set auto-install disable`
    Updating git repository `https://github.com/zakura-core/zakura.git`
    Updating crates.io index
 Downloading crates ...
  Downloaded hashlink v0.10.0
  Downloaded rusqlite v0.37.0
  Downloaded libsqlite3-sys v0.35.0
  Downloaded zakura-pasta-curves v2.1.0
  Downloaded zakura-bellman v2.1.0
  Downloaded zakura-protocol v2.1.0
  Downloaded zakura-halo2-poseidon v2.1.0
  Downloaded zakura-jubjub v2.1.0
  Downloaded zakura-reddsa v2.1.0
  Downloaded zakura-transparent v2.1.0
  Downloaded zakura-primitives v2.1.0
  Downloaded zakura-address v2.1.0
  Downloaded zakura-equihash v2.1.0
  Downloaded zakura-sapling-crypto v2.1.0
  Downloaded zakura-redjubjub v2.1.0
  Downloaded zakura-orchard v2.1.0
  Downloaded zakura-halo2-gadgets v2.1.0
  Downloaded zakura-assets v0.3490665.0
  Downloaded zakura-halo2-legacy-pdqsort v2.1.0
  Downloaded zakura-halo2-proofs v2.1.0
  Downloaded zakura-sinsemilla v2.1.0
  Downloaded zakura-pairing v2.1.0
  Downloaded zakura-bls12-381 v2.1.0
   Compiling proc-macro2 v1.0.106
   Compiling unicode-ident v1.0.24
   Compiling quote v1.0.45
   Compiling libc v0.2.184
   Compiling cfg-if v1.0.4
   Compiling serde_core v1.0.228
   Compiling typenum v1.19.0
   Compiling serde v1.0.228
   Compiling subtle v2.6.1
   Compiling version_check v0.9.5
   Compiling shlex v1.3.0
   Compiling find-msvc-tools v0.1.9
   Compiling memchr v2.8.0
   Compiling generic-array v0.14.7
   Compiling arrayvec v0.7.6
   Compiling cpufeatures v0.2.17
   Compiling once_cell v1.21.4
   Compiling crossbeam-utils v0.8.22
   Compiling pin-project-lite v0.2.17
   Compiling itoa v1.0.18
   Compiling syn v2.0.117
   Compiling log v0.4.29
   Compiling crossbeam-epoch v0.9.20
   Compiling crossbeam-deque v0.8.7
   Compiling getrandom v0.2.17
   Compiling jobserver v0.1.35
   Compiling rayon-core v1.13.0
   Compiling smallvec v1.15.1
   Compiling rand_core v0.6.4
   Compiling either v1.15.0
   Compiling cc v1.2.59
   Compiling tracing-core v0.1.36
   Compiling bytes v1.11.1
   Compiling crypto-common v0.1.7
   Compiling block-buffer v0.10.4
   Compiling futures-core v0.3.32
   Compiling digest v0.10.7
   Compiling constant_time_eq v0.4.2
   Compiling sha2 v0.10.9
   Compiling zerocopy v0.8.48
   Compiling parking_lot_core v0.9.12
   Compiling memuse v0.2.2
   Compiling zmij v1.0.21
   Compiling futures-sink v0.3.32
   Compiling scopeguard v1.2.0
   Compiling radium v0.7.0
   Compiling rand_core v0.10.1
   Compiling rayon v1.12.0
   Compiling lock_api v0.4.14
   Compiling bitflags v2.11.0
   Compiling tap v1.0.1
   Compiling serde_json v1.0.149
   Compiling arrayref v0.3.9
   Compiling blake2b_simd v1.0.4
   Compiling wyz v0.5.1
   Compiling parking_lot v0.12.5
   Compiling futures-channel v0.3.32
   Compiling errno v0.3.14
   Compiling thiserror v2.0.18
   Compiling funty v2.0.0
   Compiling signal-hook-registry v1.4.8
   Compiling mio v1.2.0
   Compiling socket2 v0.6.3
   Compiling bitvec v1.0.1
   Compiling futures-task v0.3.32
   Compiling slab v0.4.12
   Compiling futures-io v0.3.34
   Compiling bitcoin-io v0.1.101
   Compiling static_assertions v1.1.0
   Compiling getrandom v0.4.2
   Compiling secp256k1-sys v0.10.1
   Compiling synstructure v0.13.2
   Compiling hex-conservative v0.2.3
   Compiling heck v0.5.0
   Compiling bitcoin_hashes v0.14.101
   Compiling stable_deref_trait v1.2.1
   Compiling bech32 v0.11.1
   Compiling tower-service v0.3.3
   Compiling fastrand v2.4.1
   Compiling rand v0.10.2
   Compiling http v1.4.0
   Compiling zakura-pasta-curves v2.1.0
   Compiling maybe-rayon v0.1.1
   Compiling sha1 v0.10.6
   Compiling inout v0.1.4
   Compiling hybrid-array v0.2.3
   Compiling aho-corasick v1.1.4
   Compiling serde_derive v1.0.228
   Compiling zeroize_derive v1.5.0
   Compiling tracing-attributes v0.1.31
   Compiling ppv-lite86 v0.2.21
   Compiling futures-macro v0.3.32
   Compiling zeroize v1.8.2
   Compiling tokio-macros v2.7.0
   Compiling thiserror-impl v2.0.18
   Compiling rand_chacha v0.3.1
   Compiling rand v0.8.5
   Compiling futures-util v0.3.32
   Compiling tokio v1.51.1
   Compiling tracing v0.1.44
   Compiling ff v0.14.0
   Compiling group v0.14.0
   Compiling zerofrom-derive v0.1.7
   Compiling yoke-derive v0.8.2
   Compiling zerovec-derive v0.11.3
   Compiling http-body v1.0.1
   Compiling displaydoc v0.2.5
   Compiling autocfg v1.5.0
   Compiling zerofrom v0.1.7
   Compiling yoke v0.8.2
   Compiling zerovec v0.11.6
   Compiling tower-layer v0.3.3
   Compiling hex v0.4.3
   Compiling regex-syntax v0.8.10
   Compiling num-traits v0.2.19
   Compiling cipher v0.4.4
   Compiling thiserror v1.0.69
   Compiling zakura-pairing v2.1.0
   Compiling block-buffer v0.11.0-rc.3
   Compiling crypto-common v0.2.0-rc.1
   Compiling thiserror-impl v1.0.69
   Compiling percent-encoding v2.3.2
   Compiling utf8parse v0.2.2
   Compiling httparse v1.10.1
   Compiling corez v0.1.1
   Compiling anyhow v1.0.102
   Compiling digest v0.11.0-pre.9
   Compiling anstyle-parse v1.0.0
   Compiling tinystr v0.8.3
   Compiling ring v0.17.14
   Compiling anstyle-query v1.1.5
   Compiling getrandom v0.3.4
   Compiling secp256k1 v0.29.1
   Compiling regex-automata v0.4.14
   Compiling anstyle v1.0.14
   Compiling colorchoice v1.0.5
   Compiling litemap v0.8.2
   Compiling writeable v0.6.3
   Compiling try-lock v0.2.5
   Compiling litrs v1.0.0
   Compiling is_terminal_polyfill v1.70.2
   Compiling icu_locale_core v2.2.0
   Compiling anstream v1.0.0
   Compiling want v0.3.1
   Compiling document-features v0.2.12
   Compiling regex v1.12.3
   Compiling zakura-bls12-381 v2.1.0
   Compiling potential_utf v0.1.5
   Compiling zerotrie v0.2.4
   Compiling valar-spiral-rs v0.5.3-rc.1
   Compiling sync_wrapper v1.0.2
   Compiling universal-hash v0.5.1
   Compiling memmap2 v0.9.11
   Compiling proc-macro-error-attr2 v2.0.0
   Compiling bytemuck v1.25.2
   Compiling glob v0.3.4
   Compiling utf8_iter v1.0.4
   Compiling crunchy v0.2.4
   Compiling nonempty v0.11.0
   Compiling icu_normalizer_data v2.2.0
   Compiling semver v1.0.28
   Compiling atomic-waker v1.1.2
   Compiling icu_properties_data v2.2.0
   Compiling httpdate v1.0.3
   Compiling opaque-debug v0.3.1
   Compiling libm v0.2.16
   Compiling base64 v0.22.1
   Compiling poly1305 v0.8.0
   Compiling hyper v1.9.0
   Compiling rustc_version v0.4.1
   Compiling clang-sys v1.9.1
   Compiling icu_collections v2.2.0
   Compiling inspiring v0.1.0-rc.2 (https://github.com/valargroup/ipir-sp.git?tag=v0.1.0-rc.6#1f2aec65)
   Compiling proc-macro-error2 v2.0.1
   Compiling zakura-jubjub v2.1.0
   Compiling icu_provider v2.2.0
   Compiling num-integer v0.1.46
   Compiling form_urlencoded v1.2.2
   Compiling chacha20 v0.9.1
   Compiling http-body-util v0.1.3
   Compiling rustls-pki-types v1.14.0
   Compiling zcash_spec v0.2.1
   Compiling bs58 v0.5.1
   Compiling aead v0.5.2
   Compiling syn v3.0.4
   Compiling strsim v0.11.1
   Compiling clap_lex v1.1.0
   Compiling hex_lit v0.1.1
   Compiling ident_case v1.0.1
   Compiling ipnet v2.12.0
   Compiling byteorder v1.5.0
   Compiling rustversion v1.0.22
   Compiling untrusted v0.9.0
   Compiling lazy_static v1.5.0
   Compiling hyper-util v0.1.20
   Compiling darling_core v0.23.0
   Compiling clap_builder v4.6.0
   Compiling chacha20poly1305 v0.10.1
   Compiling zip32 v0.2.1
   Compiling num-bigint v0.4.6
   Compiling zakura-reddsa v2.1.0
   Compiling rand_core v0.9.5
   Compiling getset v0.1.6
   Compiling curve25519-dalek v4.1.3
   Compiling env_filter v1.0.1
   Compiling zcash_encoding v0.4.0
   Compiling tower v0.5.3
   Compiling sha2 v0.11.0-pre.4
   Compiling ripemd v0.2.0-pre.4
   Compiling hmac v0.13.0-pre.4
   Compiling cbc v0.1.2
   Compiling clap_derive v4.6.0
   Compiling itertools v0.14.0
   Compiling zakura-halo2-legacy-pdqsort v2.1.0
   Compiling bitcoin v0.32.102
   Compiling rustix v1.1.4
   Compiling ryu v1.0.23
   Compiling rustls v0.23.37
   Compiling jiff v0.2.23
   Compiling minimal-lexical v0.2.1
   Compiling nom v7.1.3
   Compiling serde_urlencoded v0.7.1
   Compiling bip32 v0.6.0-pre.1
   Compiling prost-derive v0.13.5
   Compiling zakura-halo2-proofs v2.1.0
   Compiling clap v4.6.0
   Compiling fpe v0.6.1
   Compiling zakura-protocol v2.1.0
   Compiling darling_macro v0.23.0
   Compiling icu_properties v2.2.0
   Compiling icu_normalizer v2.2.0
   Compiling rustls-webpki v0.103.10
   Compiling rand v0.9.2
   Compiling zcash_note_encryption v0.4.2
   Compiling reinspiring v0.1.2 (https://github.com/valargroup/ipir-sp.git?tag=v0.1.0-rc.6#1f2aec65)
   Compiling simplepir-kernel v0.1.0-rc.3 (https://github.com/valargroup/ipir-sp.git?tag=v0.1.0-rc.6#1f2aec65)
   Compiling zakura-sinsemilla v2.1.0
   Compiling env_logger v0.11.10
   Compiling zakura-halo2-poseidon v2.1.0
   Compiling aes v0.8.4
   Compiling bounded-vec v0.9.0
   Compiling libloading v0.8.9
   Compiling curve25519-dalek-derive v0.1.1
   Compiling base58ck v0.1.101
   Compiling f4jumble v0.1.1
   Compiling blake2s_simd v1.0.5
   Compiling ripemd v0.1.3
   Compiling incrementalmerkletree v0.8.2
   Compiling bitcoin-units v0.1.101
   Compiling rustc-hex v2.1.0
   Compiling allocator-api2 v0.2.21
   Compiling ref-cast v1.0.27
   Compiling equivalent v1.0.2
   Compiling bindgen v0.72.1
   Compiling linux-raw-sys v0.12.1
   Compiling foldhash v0.2.0
   Compiling zcash_script v0.4.5
   Compiling hashbrown v0.16.1
   Compiling fixed-hash v0.8.0
   Compiling zakura-bellman v2.1.0
   Compiling ipir-sp v0.1.0-rc.6 (https://github.com/valargroup/ipir-sp.git?tag=v0.1.0-rc.6#1f2aec65)
   Compiling zakura-address v2.1.0
   Compiling idna_adapter v1.2.1
   Compiling darling v0.23.0
   Compiling cexpr v0.6.0
   Compiling zakura-halo2-gadgets v2.1.0
   Compiling uint v0.9.5
   Compiling zakura-redjubjub v2.1.0
   Compiling ref-cast-impl v1.0.27
   Compiling serde_derive_internals v0.30.0
   Compiling itertools v0.13.0
   Compiling lz4-sys v1.11.1+lz4-1.10.0
   Compiling prettyplease v0.2.37
   Compiling signature v2.2.0
   Compiling option-ext v0.2.0
   Compiling rustc-hash v2.1.2
   Compiling prost v0.13.5
   Compiling indexmap v2.13.1
   Compiling dirs-sys v0.5.0
   Compiling schemars_derive v1.2.2
   Compiling tokio-rustls v0.26.4
   Compiling ed25519 v2.2.3
   Compiling transparent-filter v0.1.0 (/root/txid-measure-d191f86b/src/transparent/crates/transparent-filter)
   Compiling zakura-sapling-crypto v2.1.0
   Compiling primitive-types v0.12.2
   Compiling zakura-orchard v2.1.0
   Compiling serde_with_macros v3.22.0
   Compiling idna v1.1.0
   Compiling zakura-transparent v2.1.0
   Compiling pir-native v0.1.0 (/root/txid-measure-d191f86b/src/shared/pir-native)
   Compiling webpki-roots v1.0.6
   Compiling zakura-equihash v2.1.0
   Compiling futures-executor v0.3.32
   Compiling transparent-events v0.1.0 (/root/txid-measure-d191f86b/src/transparent/crates/transparent-events)
   Compiling strum_macros v0.27.2
   Compiling iri-string v0.7.12
   Compiling dyn-clone v1.0.20
   Compiling fixedbitset v0.5.7
   Compiling iana-time-zone v0.1.65
   Compiling humantime v2.4.0
   Compiling tempfile v3.27.0
   Compiling chrono v0.4.45
   Compiling petgraph v0.7.1
   Compiling schemars v1.2.2
   Compiling strum v0.27.2
   Compiling tower-http v0.6.8
   Compiling librocksdb-sys v0.17.3+10.4.2
   Compiling transparent-shard v0.1.0 (/root/txid-measure-d191f86b/src/transparent/crates/transparent-shard)
   Compiling futures v0.3.32
   Compiling hyper-rustls v0.27.7
   Compiling transparent-native v0.1.0 (/root/txid-measure-d191f86b/src/transparent/crates/transparent-native)
   Compiling serde_with v3.22.0
   Compiling url v2.5.8
   Compiling zcash_history v0.5.0
   Compiling zakura-primitives v2.1.0
   Compiling ed25519-zebra v4.2.0
   Compiling dirs v6.0.0
   Compiling prost-types v0.13.5
   Compiling x25519-dalek v2.0.1
   Compiling uint v0.10.1
   Compiling bitflags-serde-legacy v0.1.1
   Compiling serde-big-array v0.5.1
   Compiling derive-getters v0.5.0
   Compiling pin-project-internal v1.1.13
   Compiling async-trait v0.1.89
   Compiling crc32fast v1.5.1
   Compiling syn v1.0.109
   Compiling pkg-config v0.3.34
   Compiling multimap v0.10.1
   Compiling vcpkg v0.2.15
   Compiling mime v0.3.17
   Compiling rustix v0.38.44
   Compiling axum-core v0.4.5
   Compiling pin-project v1.1.13
   Compiling prost-build v0.13.5
   Compiling libsqlite3-sys v0.35.0
   Compiling reqwest v0.12.28
   Compiling tokio-util v0.7.19
   Compiling serde_path_to_error v0.1.20
   Compiling zakura-chain v9.0.0 (https://github.com/zakura-core/zakura.git?rev=af944f5194ef2e9921bc96af017629450375013c#af944f51)
   Compiling simd-adler32 v0.3.10
   Compiling rlimit v0.10.2
   Compiling adler2 v2.0.1
   Compiling matchit v0.7.3
   Compiling linux-raw-sys v0.4.15
   Compiling foldhash v0.1.5
   Compiling procfs v0.16.0
   Compiling hashbrown v0.15.5
   Compiling transparent-wallet v0.1.0 (/root/txid-measure-d191f86b/src/transparent/crates/transparent-wallet)
   Compiling axum v0.7.9
   Compiling miniz_oxide v0.9.1
   Compiling transparent-blocks v0.1.0 (/root/txid-measure-d191f86b/src/transparent/crates/transparent-blocks)
   Compiling tower v0.4.13
   Compiling zakura-header-chain v4.0.0 (https://github.com/zakura-core/zakura.git?rev=af944f5194ef2e9921bc96af017629450375013c#af944f51)
   Compiling rapidhash v4.5.1
   Compiling sharded-slab v0.1.7
   Compiling matchers v0.2.0
   Compiling procfs-core v0.16.0
   Compiling tracing-log v0.2.0
   Compiling thread_local v1.1.9
   Compiling nu-ansi-term v0.50.3
   Compiling prometheus v0.13.4
   Compiling tracing-subscriber v0.3.23
   Compiling zakura-node-services v4.0.0 (https://github.com/zakura-core/zakura.git?rev=af944f5194ef2e9921bc96af017629450375013c#af944f51)
   Compiling metrics v0.24.6
   Compiling derive-new v0.5.9
   Compiling pir-observability v0.1.0 (/root/txid-measure-d191f86b/src/shared/pir-observability)
   Compiling flate2 v1.1.10
   Compiling hashlink v0.10.0
   Compiling humantime-serde v1.1.1
   Compiling tower-http v0.5.2
   Compiling pir-control v0.1.0 (/root/txid-measure-d191f86b/src/shared/pir-control)
   Compiling bincode v1.3.3
   Compiling crossbeam-channel v0.5.16
   Compiling sysinfo v0.36.1
   Compiling zakura-assets v0.3490665.0
   Compiling fallible-iterator v0.3.0
   Compiling fallible-streaming-iterator v0.1.9
   Compiling fnv v1.0.7
   Compiling hex-literal v0.4.1
   Compiling transparent-shard-server v0.1.0 (/root/txid-measure-d191f86b/src/transparent/services/transparent-shard-server)
   Compiling rusqlite v0.37.0
   Compiling transparent-wallet-store v0.1.0 (/root/txid-measure-d191f86b/src/transparent/crates/transparent-wallet-store)
   Compiling rocksdb v0.24.0
   Compiling zakura-state v10.0.0 (https://github.com/zakura-core/zakura.git?rev=af944f5194ef2e9921bc96af017629450375013c#af944f51)
   Compiling transparent-filter-server v0.1.0 (/root/txid-measure-d191f86b/src/transparent/services/transparent-filter-server)
    Finished `release` profile [optimized] target(s) in 7m 15s
warning: the following packages contain code that will be rejected by a future version of Rust: proc-macro-error2 v2.0.1
note: to see what the problems were, use the option `--future-incompat-report`, or run `cargo report future-incompatibilities --id 1`
BUILD_DONE
