Running as unit: transparent-full-burst-77d8feacdb5d411c8887e2bd5d4c358d.service

running 1 test
2026-09-09T19:14:08.358663Z DEBUG transparent_shard_server::runtime: runtime stage key=("5b7ee9849d47f5ee67d04eb6ca4588beacf42dce75e5a1b481dfd02607b1fb20", Pages, 0) seconds=1.062e-6 stage="restore_slot"
2026-09-09T19:14:08.358699Z DEBUG transparent_shard_server::runtime: runtime stage key=("1f5d7213a380745d83cc554ad16bdf9e039a0304d0de0b71376828e1838d0ea4", Directory, 0) seconds=6.37e-7 stage="restore_slot"
2026-09-09T19:14:08.358706Z DEBUG transparent_shard_server::runtime: runtime stage key=("1f5d7213a380745d83cc554ad16bdf9e039a0304d0de0b71376828e1838d0ea4", Pages, 0) seconds=2.69e-7 stage="restore_slot"
2026-09-09T19:14:08.358658Z DEBUG transparent_shard_server::runtime: runtime stage key=("5b7ee9849d47f5ee67d04eb6ca4588beacf42dce75e5a1b481dfd02607b1fb20", Directory, 0) seconds=7.879e-6 stage="restore_slot"
2026-09-09T19:14:08.359199Z DEBUG transparent_shard_server::runtime: runtime stage key=("1f5d7213a380745d83cc554ad16bdf9e039a0304d0de0b71376828e1838d0ea4", Pages, 0) seconds=5.131e-5 hit=false stage="disk_restore"
2026-09-09T19:14:08.359234Z DEBUG transparent_shard_server::runtime: runtime stage key=("5b7ee9849d47f5ee67d04eb6ca4588beacf42dce75e5a1b481dfd02607b1fb20", Pages, 0) seconds=2.1653e-5 hit=false stage="disk_restore"
2026-09-09T19:14:08.359238Z DEBUG transparent_shard_server::runtime: runtime stage key=("5b7ee9849d47f5ee67d04eb6ca4588beacf42dce75e5a1b481dfd02607b1fb20", Directory, 0) seconds=1.0651e-5 hit=false stage="disk_restore"
2026-09-09T19:14:08.359202Z DEBUG transparent_shard_server::runtime: runtime stage key=("1f5d7213a380745d83cc554ad16bdf9e039a0304d0de0b71376828e1838d0ea4", Directory, 0) seconds=5.04e-5 hit=false stage="disk_restore"
2026-09-09T19:14:08.359424Z DEBUG transparent_shard_server::runtime: runtime stage key=("1f5d7213a380745d83cc554ad16bdf9e039a0304d0de0b71376828e1838d0ea4", Pages, 0) seconds=1.014e-6 stage="build_slot"
2026-09-09T19:14:08.359465Z DEBUG transparent_shard_server::memory: cold build admission wait seconds=3.679e-5 admitted=true
2026-09-09T19:14:08.492429Z DEBUG transparent_shard_server::runtime: runtime stage key=("1f5d7213a380745d83cc554ad16bdf9e039a0304d0de0b71376828e1838d0ea4", Pages, 0) seconds=0.132949273 stage="source_load"
2026-09-09T19:14:08.793028Z DEBUG transparent_shard_server::runtime: construction stage geometry="recent-8k" table="pages" seconds=0.300549795 stage="encode_database"
2026-09-09T19:14:08.793154Z DEBUG transparent_shard_server::runtime: construction stage geometry="recent-8k" table="pages" seconds=6.196e-5 stage="public_setup"
2026-09-09T19:14:09.391109Z DEBUG transparent_shard_server::runtime: construction stage geometry="recent-8k" table="pages" seconds=0.597950069 stage="hint_columns"
2026-09-09T19:14:11.425485Z DEBUG transparent_shard_server::runtime: construction stage geometry="recent-8k" table="pages" seconds=2.034334522 stage="pack_preprocessing"
2026-09-09T19:14:11.425781Z DEBUG transparent_shard_server::runtime: construction stage geometry="recent-8k" table="pages" seconds=0.000247095 stage="publish_parameters"
2026-09-09T19:14:11.427057Z DEBUG transparent_shard_server::runtime: runtime stage key=("1f5d7213a380745d83cc554ad16bdf9e039a0304d0de0b71376828e1838d0ea4", Pages, 0) seconds=2.934580408 stage="runtime_build"
2026-09-09T19:14:11.428326Z DEBUG transparent_shard_server::runtime: runtime stage key=("1f5d7213a380745d83cc554ad16bdf9e039a0304d0de0b71376828e1838d0ea4", Pages, 0) reserved_bytes=136314880 stage="serialization_handoff"
2026-09-09T19:14:11.428356Z DEBUG transparent_shard_server::runtime: runtime stage key=("5b7ee9849d47f5ee67d04eb6ca4588beacf42dce75e5a1b481dfd02607b1fb20", Directory, 0) seconds=3.068924417 stage="build_slot"
2026-09-09T19:14:11.428457Z DEBUG transparent_shard_server::memory: cold build admission wait seconds=7.8278e-5 admitted=true
2026-09-09T19:14:11.562700Z DEBUG transparent_shard_server::runtime: runtime stage key=("5b7ee9849d47f5ee67d04eb6ca4588beacf42dce75e5a1b481dfd02607b1fb20", Directory, 0) seconds=0.134208636 stage="source_load"
2026-09-09T19:14:11.865497Z DEBUG transparent_shard_server::runtime: construction stage geometry="recent-8k" table="directory" seconds=0.302728498 stage="encode_database"
2026-09-09T19:14:11.865598Z DEBUG transparent_shard_server::runtime: construction stage geometry="recent-8k" table="directory" seconds=6.7408e-5 stage="public_setup"
2026-09-09T19:14:12.151807Z DEBUG transparent_shard_server::runtime: runtime stage key=("1f5d7213a380745d83cc554ad16bdf9e039a0304d0de0b71376828e1838d0ea4", Pages, 0) seconds=0.723465817 stage="disk_save"
2026-09-09T19:14:12.151883Z DEBUG transparent_shard_server::runtime: runtime stage key=("ca7afe810c988a8b4b561668f3456a9f38d1fdbb0776614e07ddfeb1a2132000", Directory, 0) seconds=1.275e-6 stage="restore_slot"
2026-09-09T19:14:12.151997Z DEBUG transparent_shard_server::runtime: runtime stage key=("ca7afe810c988a8b4b561668f3456a9f38d1fdbb0776614e07ddfeb1a2132000", Directory, 0) seconds=2.5613e-5 hit=false stage="disk_restore"
2026-09-09T19:14:12.465238Z DEBUG transparent_shard_server::runtime: construction stage geometry="recent-8k" table="directory" seconds=0.599632407 stage="hint_columns"
2026-09-09T19:14:14.532108Z DEBUG transparent_shard_server::runtime: construction stage geometry="recent-8k" table="directory" seconds=2.066827476 stage="pack_preprocessing"
2026-09-09T19:14:14.532413Z DEBUG transparent_shard_server::runtime: construction stage geometry="recent-8k" table="directory" seconds=0.000265206 stage="publish_parameters"
2026-09-09T19:14:14.533076Z DEBUG transparent_shard_server::runtime: runtime stage key=("5b7ee9849d47f5ee67d04eb6ca4588beacf42dce75e5a1b481dfd02607b1fb20", Directory, 0) seconds=2.970310652 stage="runtime_build"
2026-09-09T19:14:14.533101Z DEBUG transparent_shard_server::runtime: runtime stage key=("5b7ee9849d47f5ee67d04eb6ca4588beacf42dce75e5a1b481dfd02607b1fb20", Directory, 0) reserved_bytes=136314880 stage="serialization_handoff"
2026-09-09T19:14:14.533144Z DEBUG transparent_shard_server::runtime: runtime stage key=("1f5d7213a380745d83cc554ad16bdf9e039a0304d0de0b71376828e1838d0ea4", Directory, 0) seconds=6.173711642 stage="build_slot"
2026-09-09T19:14:14.533256Z DEBUG transparent_shard_server::memory: cold build admission wait seconds=7.4414e-5 admitted=true
2026-09-09T19:14:14.665439Z DEBUG transparent_shard_server::runtime: runtime stage key=("1f5d7213a380745d83cc554ad16bdf9e039a0304d0de0b71376828e1838d0ea4", Directory, 0) seconds=0.132156661 stage="source_load"
2026-09-09T19:14:14.964226Z DEBUG transparent_shard_server::runtime: construction stage geometry="recent-8k" table="directory" seconds=0.29874367 stage="encode_database"
2026-09-09T19:14:14.964323Z DEBUG transparent_shard_server::runtime: construction stage geometry="recent-8k" table="directory" seconds=6.1413e-5 stage="public_setup"
2026-09-09T19:14:15.235789Z DEBUG transparent_shard_server::runtime: runtime stage key=("5b7ee9849d47f5ee67d04eb6ca4588beacf42dce75e5a1b481dfd02607b1fb20", Directory, 0) seconds=0.702681774 stage="disk_save"
2026-09-09T19:14:15.235901Z DEBUG transparent_shard_server::runtime: runtime stage key=("ca7afe810c988a8b4b561668f3456a9f38d1fdbb0776614e07ddfeb1a2132000", Pages, 0) seconds=1.837e-6 stage="restore_slot"
2026-09-09T19:14:15.238229Z DEBUG transparent_shard_server::runtime: runtime stage key=("ca7afe810c988a8b4b561668f3456a9f38d1fdbb0776614e07ddfeb1a2132000", Pages, 0) seconds=4.4051e-5 hit=false stage="disk_restore"
2026-09-09T19:14:15.567123Z DEBUG transparent_shard_server::runtime: construction stage geometry="recent-8k" table="directory" seconds=0.602793408 stage="hint_columns"
2026-09-09T19:14:17.624451Z DEBUG transparent_shard_server::runtime: construction stage geometry="recent-8k" table="directory" seconds=2.057271449 stage="pack_preprocessing"
2026-09-09T19:14:17.624741Z DEBUG transparent_shard_server::runtime: construction stage geometry="recent-8k" table="directory" seconds=0.000248318 stage="publish_parameters"
2026-09-09T19:14:17.625445Z DEBUG transparent_shard_server::runtime: runtime stage key=("1f5d7213a380745d83cc554ad16bdf9e039a0304d0de0b71376828e1838d0ea4", Directory, 0) seconds=2.959964883 stage="runtime_build"
2026-09-09T19:14:17.625486Z DEBUG transparent_shard_server::runtime: runtime stage key=("1f5d7213a380745d83cc554ad16bdf9e039a0304d0de0b71376828e1838d0ea4", Directory, 0) reserved_bytes=136314880 stage="serialization_handoff"
2026-09-09T19:14:17.628221Z DEBUG transparent_shard_server::runtime: runtime stage key=("5b7ee9849d47f5ee67d04eb6ca4588beacf42dce75e5a1b481dfd02607b1fb20", Pages, 0) seconds=9.268788175 stage="build_slot"
2026-09-09T19:14:17.628305Z DEBUG transparent_shard_server::memory: cold build admission wait seconds=6.8065e-5 admitted=true
2026-09-09T19:14:17.763010Z DEBUG transparent_shard_server::runtime: runtime stage key=("5b7ee9849d47f5ee67d04eb6ca4588beacf42dce75e5a1b481dfd02607b1fb20", Pages, 0) seconds=0.134675619 stage="source_load"
2026-09-09T19:14:18.065491Z DEBUG transparent_shard_server::runtime: construction stage geometry="recent-8k" table="pages" seconds=0.302444159 stage="encode_database"
2026-09-09T19:14:18.065591Z DEBUG transparent_shard_server::runtime: construction stage geometry="recent-8k" table="pages" seconds=6.0011e-5 stage="public_setup"
2026-09-09T19:14:18.318323Z DEBUG transparent_shard_server::runtime: runtime stage key=("1f5d7213a380745d83cc554ad16bdf9e039a0304d0de0b71376828e1838d0ea4", Directory, 0) seconds=0.692831582 stage="disk_save"
2026-09-09T19:14:18.318389Z DEBUG transparent_shard_server::runtime: runtime stage key=("95df7205357fe2d9c962d2b41daded841e05afa7b6fc8d06dfec46ad04e15335", Directory, 0) seconds=1.614e-6 stage="restore_slot"
2026-09-09T19:14:18.318520Z DEBUG transparent_shard_server::runtime: runtime stage key=("95df7205357fe2d9c962d2b41daded841e05afa7b6fc8d06dfec46ad04e15335", Directory, 0) seconds=4.2998e-5 hit=false stage="disk_restore"
2026-09-09T19:14:18.666812Z DEBUG transparent_shard_server::runtime: construction stage geometry="recent-8k" table="pages" seconds=0.601214683 stage="hint_columns"
2026-09-09T19:14:20.705913Z DEBUG transparent_shard_server::runtime: construction stage geometry="recent-8k" table="pages" seconds=2.039058781 stage="pack_preprocessing"
2026-09-09T19:14:20.706216Z DEBUG transparent_shard_server::runtime: construction stage geometry="recent-8k" table="pages" seconds=0.000265669 stage="publish_parameters"
2026-09-09T19:14:20.706916Z DEBUG transparent_shard_server::runtime: runtime stage key=("5b7ee9849d47f5ee67d04eb6ca4588beacf42dce75e5a1b481dfd02607b1fb20", Pages, 0) seconds=2.943870199 stage="runtime_build"
2026-09-09T19:14:20.706954Z DEBUG transparent_shard_server::runtime: runtime stage key=("ca7afe810c988a8b4b561668f3456a9f38d1fdbb0776614e07ddfeb1a2132000", Directory, 0) seconds=8.554753916 stage="build_slot"
2026-09-09T19:14:20.707036Z DEBUG transparent_shard_server::memory: cold build admission wait seconds=7.7009e-5 admitted=true
2026-09-09T19:14:20.710212Z DEBUG transparent_shard_server::runtime: runtime stage key=("5b7ee9849d47f5ee67d04eb6ca4588beacf42dce75e5a1b481dfd02607b1fb20", Pages, 0) reserved_bytes=136314880 stage="serialization_handoff"
2026-09-09T19:14:20.843156Z DEBUG transparent_shard_server::runtime: runtime stage key=("ca7afe810c988a8b4b561668f3456a9f38d1fdbb0776614e07ddfeb1a2132000", Directory, 0) seconds=0.136101298 stage="source_load"
2026-09-09T19:14:21.140022Z DEBUG transparent_shard_server::runtime: construction stage geometry="recent-8k" table="directory" seconds=0.296829946 stage="encode_database"
2026-09-09T19:14:21.140116Z DEBUG transparent_shard_server::runtime: construction stage geometry="recent-8k" table="directory" seconds=6.678e-5 stage="public_setup"
2026-09-09T19:14:21.425271Z DEBUG transparent_shard_server::runtime: runtime stage key=("5b7ee9849d47f5ee67d04eb6ca4588beacf42dce75e5a1b481dfd02607b1fb20", Pages, 0) seconds=0.715030311 stage="disk_save"
2026-09-09T19:14:21.425340Z DEBUG transparent_shard_server::runtime: runtime stage key=("95df7205357fe2d9c962d2b41daded841e05afa7b6fc8d06dfec46ad04e15335", Pages, 0) seconds=1.859e-6 stage="restore_slot"
2026-09-09T19:14:21.425464Z DEBUG transparent_shard_server::runtime: runtime stage key=("95df7205357fe2d9c962d2b41daded841e05afa7b6fc8d06dfec46ad04e15335", Pages, 0) seconds=4.0873e-5 hit=false stage="disk_restore"
2026-09-09T19:14:21.744125Z DEBUG transparent_shard_server::runtime: construction stage geometry="recent-8k" table="directory" seconds=0.604003588 stage="hint_columns"
2026-09-09T19:14:23.741618Z DEBUG transparent_shard_server::runtime: construction stage geometry="recent-8k" table="directory" seconds=1.997437505 stage="pack_preprocessing"
2026-09-09T19:14:23.741903Z DEBUG transparent_shard_server::runtime: construction stage geometry="recent-8k" table="directory" seconds=0.00024395 stage="publish_parameters"
2026-09-09T19:14:23.742596Z DEBUG transparent_shard_server::runtime: runtime stage key=("ca7afe810c988a8b4b561668f3456a9f38d1fdbb0776614e07ddfeb1a2132000", Directory, 0) seconds=2.899406603 stage="runtime_build"
2026-09-09T19:14:23.742624Z DEBUG transparent_shard_server::runtime: runtime stage key=("ca7afe810c988a8b4b561668f3456a9f38d1fdbb0776614e07ddfeb1a2132000", Directory, 0) reserved_bytes=136314880 stage="serialization_handoff"
2026-09-09T19:14:23.742731Z DEBUG transparent_shard_server::runtime: runtime stage key=("ca7afe810c988a8b4b561668f3456a9f38d1fdbb0776614e07ddfeb1a2132000", Pages, 0) seconds=8.504450931000001 stage="build_slot"
2026-09-09T19:14:23.742834Z DEBUG transparent_shard_server::memory: cold build admission wait seconds=7.8571e-5 admitted=true
2026-09-09T19:14:23.864379Z DEBUG transparent_shard_server::runtime: runtime stage key=("ca7afe810c988a8b4b561668f3456a9f38d1fdbb0776614e07ddfeb1a2132000", Pages, 0) seconds=0.121525336 stage="source_load"
2026-09-09T19:14:24.152647Z DEBUG transparent_shard_server::runtime: construction stage geometry="recent-8k" table="pages" seconds=0.288230586 stage="encode_database"
2026-09-09T19:14:24.152748Z DEBUG transparent_shard_server::runtime: construction stage geometry="recent-8k" table="pages" seconds=6.9779e-5 stage="public_setup"
2026-09-09T19:14:24.448922Z DEBUG transparent_shard_server::runtime: runtime stage key=("ca7afe810c988a8b4b561668f3456a9f38d1fdbb0776614e07ddfeb1a2132000", Directory, 0) seconds=0.706291965 stage="disk_save"
2026-09-09T19:14:24.449023Z DEBUG transparent_shard_server::runtime: runtime stage key=("73d46a59d0d03d7616f9a47e53b50448d4c5a3504e6e296600d8884c8c4403b8", Directory, 0) seconds=1.262e-6 stage="restore_slot"
2026-09-09T19:14:24.449180Z DEBUG transparent_shard_server::runtime: runtime stage key=("73d46a59d0d03d7616f9a47e53b50448d4c5a3504e6e296600d8884c8c4403b8", Directory, 0) seconds=5.3809e-5 hit=false stage="disk_restore"
2026-09-09T19:14:24.794964Z DEBUG transparent_shard_server::runtime: construction stage geometry="recent-8k" table="pages" seconds=0.642209207 stage="hint_columns"
2026-09-09T19:14:26.777372Z DEBUG transparent_shard_server::runtime: construction stage geometry="recent-8k" table="pages" seconds=1.982365802 stage="pack_preprocessing"
2026-09-09T19:14:26.777656Z DEBUG transparent_shard_server::runtime: construction stage geometry="recent-8k" table="pages" seconds=0.000246284 stage="publish_parameters"
2026-09-09T19:14:26.778355Z DEBUG transparent_shard_server::runtime: runtime stage key=("ca7afe810c988a8b4b561668f3456a9f38d1fdbb0776614e07ddfeb1a2132000", Pages, 0) seconds=2.913940278 stage="runtime_build"
2026-09-09T19:14:26.778381Z DEBUG transparent_shard_server::runtime: runtime stage key=("ca7afe810c988a8b4b561668f3456a9f38d1fdbb0776614e07ddfeb1a2132000", Pages, 0) reserved_bytes=136314880 stage="serialization_handoff"
2026-09-09T19:14:26.778412Z DEBUG transparent_shard_server::runtime: runtime stage key=("95df7205357fe2d9c962d2b41daded841e05afa7b6fc8d06dfec46ad04e15335", Directory, 0) seconds=8.459223575 stage="build_slot"
2026-09-09T19:14:26.778517Z DEBUG transparent_shard_server::memory: cold build admission wait seconds=8.2285e-5 admitted=true
2026-09-09T19:14:26.900667Z DEBUG transparent_shard_server::runtime: runtime stage key=("95df7205357fe2d9c962d2b41daded841e05afa7b6fc8d06dfec46ad04e15335", Directory, 0) seconds=0.122032061 stage="source_load"
2026-09-09T19:14:27.186132Z DEBUG transparent_shard_server::runtime: construction stage geometry="recent-8k" table="directory" seconds=0.285428534 stage="encode_database"
2026-09-09T19:14:27.186269Z DEBUG transparent_shard_server::runtime: construction stage geometry="recent-8k" table="directory" seconds=9.0609e-5 stage="public_setup"
2026-09-09T19:14:27.464496Z DEBUG transparent_shard_server::runtime: runtime stage key=("ca7afe810c988a8b4b561668f3456a9f38d1fdbb0776614e07ddfeb1a2132000", Pages, 0) seconds=0.686109632 stage="disk_save"
2026-09-09T19:14:27.466201Z DEBUG transparent_shard_server::runtime: runtime stage key=("73d46a59d0d03d7616f9a47e53b50448d4c5a3504e6e296600d8884c8c4403b8", Pages, 0) seconds=1.524e-6 stage="restore_slot"
2026-09-09T19:14:27.466358Z DEBUG transparent_shard_server::runtime: runtime stage key=("73d46a59d0d03d7616f9a47e53b50448d4c5a3504e6e296600d8884c8c4403b8", Pages, 0) seconds=3.6638e-5 hit=false stage="disk_restore"
2026-09-09T19:14:27.783028Z DEBUG transparent_shard_server::runtime: construction stage geometry="recent-8k" table="directory" seconds=0.596750757 stage="hint_columns"
2026-09-09T19:14:29.762859Z DEBUG transparent_shard_server::runtime: construction stage geometry="recent-8k" table="directory" seconds=1.9797896069999998 stage="pack_preprocessing"
2026-09-09T19:14:29.763141Z DEBUG transparent_shard_server::runtime: construction stage geometry="recent-8k" table="directory" seconds=0.000244683 stage="publish_parameters"
2026-09-09T19:14:29.763852Z DEBUG transparent_shard_server::runtime: runtime stage key=("95df7205357fe2d9c962d2b41daded841e05afa7b6fc8d06dfec46ad04e15335", Directory, 0) seconds=2.863150326 stage="runtime_build"
2026-09-09T19:14:29.763879Z DEBUG transparent_shard_server::runtime: runtime stage key=("95df7205357fe2d9c962d2b41daded841e05afa7b6fc8d06dfec46ad04e15335", Directory, 0) reserved_bytes=136314880 stage="serialization_handoff"
2026-09-09T19:14:29.763909Z DEBUG transparent_shard_server::runtime: runtime stage key=("95df7205357fe2d9c962d2b41daded841e05afa7b6fc8d06dfec46ad04e15335", Pages, 0) seconds=8.337725375 stage="build_slot"
2026-09-09T19:14:29.764017Z DEBUG transparent_shard_server::memory: cold build admission wait seconds=8.4939e-5 admitted=true
2026-09-09T19:14:29.884809Z DEBUG transparent_shard_server::runtime: runtime stage key=("95df7205357fe2d9c962d2b41daded841e05afa7b6fc8d06dfec46ad04e15335", Pages, 0) seconds=0.12074514 stage="source_load"
2026-09-09T19:14:30.169497Z DEBUG transparent_shard_server::runtime: construction stage geometry="recent-8k" table="pages" seconds=0.284650736 stage="encode_database"
2026-09-09T19:14:30.169600Z DEBUG transparent_shard_server::runtime: construction stage geometry="recent-8k" table="pages" seconds=7.1013e-5 stage="public_setup"
2026-09-09T19:14:30.456502Z DEBUG transparent_shard_server::runtime: runtime stage key=("95df7205357fe2d9c962d2b41daded841e05afa7b6fc8d06dfec46ad04e15335", Directory, 0) seconds=0.692616593 stage="disk_save"
2026-09-09T19:14:30.458205Z DEBUG transparent_shard_server::runtime: runtime stage key=("b16be2933ab920bc4745ea8917e5167a7a685c211e0b4febe88b4d3018f970bc", Directory, 0) seconds=1.283e-6 stage="restore_slot"
2026-09-09T19:14:30.458371Z DEBUG transparent_shard_server::runtime: runtime stage key=("b16be2933ab920bc4745ea8917e5167a7a685c211e0b4febe88b4d3018f970bc", Directory, 0) seconds=2.9016e-5 hit=false stage="disk_restore"
2026-09-09T19:14:30.807305Z DEBUG transparent_shard_server::runtime: construction stage geometry="recent-8k" table="pages" seconds=0.6376997 stage="hint_columns"
2026-09-09T19:14:32.796604Z DEBUG transparent_shard_server::runtime: construction stage geometry="recent-8k" table="pages" seconds=1.989255397 stage="pack_preprocessing"
2026-09-09T19:14:32.796895Z DEBUG transparent_shard_server::runtime: construction stage geometry="recent-8k" table="pages" seconds=0.00024869 stage="publish_parameters"
2026-09-09T19:14:32.797599Z DEBUG transparent_shard_server::runtime: runtime stage key=("95df7205357fe2d9c962d2b41daded841e05afa7b6fc8d06dfec46ad04e15335", Pages, 0) seconds=2.912755003 stage="runtime_build"
2026-09-09T19:14:32.797640Z DEBUG transparent_shard_server::runtime: runtime stage key=("95df7205357fe2d9c962d2b41daded841e05afa7b6fc8d06dfec46ad04e15335", Pages, 0) reserved_bytes=136314880 stage="serialization_handoff"
2026-09-09T19:14:32.800201Z DEBUG transparent_shard_server::runtime: runtime stage key=("73d46a59d0d03d7616f9a47e53b50448d4c5a3504e6e296600d8884c8c4403b8", Directory, 0) seconds=8.350997489 stage="build_slot"
2026-09-09T19:14:32.800290Z DEBUG transparent_shard_server::memory: cold build admission wait seconds=7.132e-5 admitted=true
2026-09-09T19:14:32.927682Z DEBUG transparent_shard_server::runtime: runtime stage key=("73d46a59d0d03d7616f9a47e53b50448d4c5a3504e6e296600d8884c8c4403b8", Directory, 0) seconds=0.127366491 stage="source_load"
2026-09-09T19:14:33.221277Z DEBUG transparent_shard_server::runtime: construction stage geometry="recent-8k" table="directory" seconds=0.293559096 stage="encode_database"
2026-09-09T19:14:33.221387Z DEBUG transparent_shard_server::runtime: construction stage geometry="recent-8k" table="directory" seconds=7.2078e-5 stage="public_setup"
2026-09-09T19:14:33.510760Z DEBUG transparent_shard_server::runtime: runtime stage key=("95df7205357fe2d9c962d2b41daded841e05afa7b6fc8d06dfec46ad04e15335", Pages, 0) seconds=0.713114074 stage="disk_save"
2026-09-09T19:14:33.510835Z DEBUG transparent_shard_server::runtime: runtime stage key=("b16be2933ab920bc4745ea8917e5167a7a685c211e0b4febe88b4d3018f970bc", Pages, 0) seconds=1.818e-6 stage="restore_slot"
2026-09-09T19:14:33.510967Z DEBUG transparent_shard_server::runtime: runtime stage key=("b16be2933ab920bc4745ea8917e5167a7a685c211e0b4febe88b4d3018f970bc", Pages, 0) seconds=4.4796e-5 hit=false stage="disk_restore"
2026-09-09T19:14:33.828646Z DEBUG transparent_shard_server::runtime: construction stage geometry="recent-8k" table="directory" seconds=0.607252771 stage="hint_columns"
2026-09-09T19:14:35.789723Z DEBUG transparent_shard_server::runtime: construction stage geometry="recent-8k" table="directory" seconds=1.961027702 stage="pack_preprocessing"
2026-09-09T19:14:35.790005Z DEBUG transparent_shard_server::runtime: construction stage geometry="recent-8k" table="directory" seconds=0.000243413 stage="publish_parameters"
2026-09-09T19:14:35.790704Z DEBUG transparent_shard_server::runtime: runtime stage key=("73d46a59d0d03d7616f9a47e53b50448d4c5a3504e6e296600d8884c8c4403b8", Directory, 0) seconds=2.862988321 stage="runtime_build"
2026-09-09T19:14:35.790731Z DEBUG transparent_shard_server::runtime: runtime stage key=("73d46a59d0d03d7616f9a47e53b50448d4c5a3504e6e296600d8884c8c4403b8", Directory, 0) reserved_bytes=136314880 stage="serialization_handoff"
2026-09-09T19:14:35.790760Z DEBUG transparent_shard_server::runtime: runtime stage key=("73d46a59d0d03d7616f9a47e53b50448d4c5a3504e6e296600d8884c8c4403b8", Pages, 0) seconds=8.324374131999999 stage="build_slot"
2026-09-09T19:14:35.790860Z DEBUG transparent_shard_server::memory: cold build admission wait seconds=7.2971e-5 admitted=true
2026-09-09T19:14:35.917025Z DEBUG transparent_shard_server::runtime: runtime stage key=("73d46a59d0d03d7616f9a47e53b50448d4c5a3504e6e296600d8884c8c4403b8", Pages, 0) seconds=0.126146649 stage="source_load"
2026-09-09T19:14:36.208137Z DEBUG transparent_shard_server::runtime: construction stage geometry="recent-8k" table="pages" seconds=0.291073801 stage="encode_database"
2026-09-09T19:14:36.208238Z DEBUG transparent_shard_server::runtime: construction stage geometry="recent-8k" table="pages" seconds=7.3649e-5 stage="public_setup"
2026-09-09T19:14:36.490362Z DEBUG transparent_shard_server::runtime: runtime stage key=("73d46a59d0d03d7616f9a47e53b50448d4c5a3504e6e296600d8884c8c4403b8", Directory, 0) seconds=0.699625087 stage="disk_save"
2026-09-09T19:14:36.490441Z DEBUG transparent_shard_server::runtime: runtime stage key=("16b8227360ce35dd2e111156f5e31fd5eb500ff877879a212fef6cf8471de8a5", Directory, 0) seconds=1.253e-6 stage="restore_slot"
2026-09-09T19:14:36.490602Z DEBUG transparent_shard_server::runtime: runtime stage key=("16b8227360ce35dd2e111156f5e31fd5eb500ff877879a212fef6cf8471de8a5", Directory, 0) seconds=5.0054e-5 hit=false stage="disk_restore"
2026-09-09T19:14:36.842209Z DEBUG transparent_shard_server::runtime: construction stage geometry="recent-8k" table="pages" seconds=0.633962533 stage="hint_columns"
2026-09-09T19:14:38.828604Z DEBUG transparent_shard_server::runtime: construction stage geometry="recent-8k" table="pages" seconds=1.986340987 stage="pack_preprocessing"
2026-09-09T19:14:38.828876Z DEBUG transparent_shard_server::runtime: construction stage geometry="recent-8k" table="pages" seconds=0.000232461 stage="publish_parameters"
2026-09-09T19:14:38.829564Z DEBUG transparent_shard_server::runtime: runtime stage key=("73d46a59d0d03d7616f9a47e53b50448d4c5a3504e6e296600d8884c8c4403b8", Pages, 0) seconds=2.912503797 stage="runtime_build"
2026-09-09T19:14:38.829589Z DEBUG transparent_shard_server::runtime: runtime stage key=("73d46a59d0d03d7616f9a47e53b50448d4c5a3504e6e296600d8884c8c4403b8", Pages, 0) reserved_bytes=136314880 stage="serialization_handoff"
2026-09-09T19:14:38.829625Z DEBUG transparent_shard_server::runtime: runtime stage key=("b16be2933ab920bc4745ea8917e5167a7a685c211e0b4febe88b4d3018f970bc", Directory, 0) seconds=8.370437848 stage="build_slot"
2026-09-09T19:14:38.829728Z DEBUG transparent_shard_server::memory: cold build admission wait seconds=7.9588e-5 admitted=true
2026-09-09T19:14:38.951105Z DEBUG transparent_shard_server::runtime: runtime stage key=("b16be2933ab920bc4745ea8917e5167a7a685c211e0b4febe88b4d3018f970bc", Directory, 0) seconds=0.121337504 stage="source_load"
2026-09-09T19:14:39.238648Z DEBUG transparent_shard_server::runtime: construction stage geometry="recent-8k" table="directory" seconds=0.287506605 stage="encode_database"
2026-09-09T19:14:39.238750Z DEBUG transparent_shard_server::runtime: construction stage geometry="recent-8k" table="directory" seconds=7.0676e-5 stage="public_setup"
2026-09-09T19:14:39.512115Z DEBUG transparent_shard_server::runtime: runtime stage key=("73d46a59d0d03d7616f9a47e53b50448d4c5a3504e6e296600d8884c8c4403b8", Pages, 0) seconds=0.682519474 stage="disk_save"
2026-09-09T19:14:39.513221Z DEBUG transparent_shard_server::runtime: runtime stage key=("16b8227360ce35dd2e111156f5e31fd5eb500ff877879a212fef6cf8471de8a5", Pages, 0) seconds=1.467e-6 stage="restore_slot"
2026-09-09T19:14:39.513388Z DEBUG transparent_shard_server::runtime: runtime stage key=("16b8227360ce35dd2e111156f5e31fd5eb500ff877879a212fef6cf8471de8a5", Pages, 0) seconds=3.752e-5 hit=false stage="disk_restore"
2026-09-09T19:14:39.846628Z DEBUG transparent_shard_server::runtime: construction stage geometry="recent-8k" table="directory" seconds=0.607871652 stage="hint_columns"
2026-09-09T19:14:41.828548Z DEBUG transparent_shard_server::runtime: construction stage geometry="recent-8k" table="directory" seconds=1.981877022 stage="pack_preprocessing"
2026-09-09T19:14:41.828836Z DEBUG transparent_shard_server::runtime: construction stage geometry="recent-8k" table="directory" seconds=0.000246899 stage="publish_parameters"
2026-09-09T19:14:41.829567Z DEBUG transparent_shard_server::runtime: runtime stage key=("b16be2933ab920bc4745ea8917e5167a7a685c211e0b4febe88b4d3018f970bc", Directory, 0) seconds=2.878426311 stage="runtime_build"
2026-09-09T19:14:41.829599Z DEBUG transparent_shard_server::runtime: runtime stage key=("b16be2933ab920bc4745ea8917e5167a7a685c211e0b4febe88b4d3018f970bc", Directory, 0) reserved_bytes=136314880 stage="serialization_handoff"
2026-09-09T19:14:41.829646Z DEBUG transparent_shard_server::runtime: runtime stage key=("b16be2933ab920bc4745ea8917e5167a7a685c211e0b4febe88b4d3018f970bc", Pages, 0) seconds=8.316455717 stage="build_slot"
2026-09-09T19:14:41.829749Z DEBUG transparent_shard_server::memory: cold build admission wait seconds=7.9726e-5 admitted=true
2026-09-09T19:14:41.952035Z DEBUG transparent_shard_server::runtime: runtime stage key=("b16be2933ab920bc4745ea8917e5167a7a685c211e0b4febe88b4d3018f970bc", Pages, 0) seconds=0.12225628 stage="source_load"
2026-09-09T19:14:42.240784Z DEBUG transparent_shard_server::runtime: construction stage geometry="recent-8k" table="pages" seconds=0.288710135 stage="encode_database"
2026-09-09T19:14:42.240904Z DEBUG transparent_shard_server::runtime: construction stage geometry="recent-8k" table="pages" seconds=7.0216e-5 stage="public_setup"
2026-09-09T19:14:42.786842Z DEBUG transparent_shard_server::runtime: runtime stage key=("b16be2933ab920bc4745ea8917e5167a7a685c211e0b4febe88b4d3018f970bc", Directory, 0) seconds=0.957236693 stage="disk_save"
2026-09-09T19:14:42.788207Z DEBUG transparent_shard_server::runtime: runtime stage key=("1cd27964911287b2a127c1f8df5e6b0c19f5b4db309391c5adb2db3072bfec6e", Directory, 0) seconds=1.559e-6 stage="restore_slot"
2026-09-09T19:14:42.788358Z DEBUG transparent_shard_server::runtime: runtime stage key=("1cd27964911287b2a127c1f8df5e6b0c19f5b4db309391c5adb2db3072bfec6e", Directory, 0) seconds=3.7712e-5 hit=false stage="disk_restore"
2026-09-09T19:14:42.884471Z DEBUG transparent_shard_server::runtime: construction stage geometry="recent-8k" table="pages" seconds=0.643560126 stage="hint_columns"
2026-09-09T19:14:44.826271Z DEBUG transparent_shard_server::runtime: construction stage geometry="recent-8k" table="pages" seconds=1.941757049 stage="pack_preprocessing"
2026-09-09T19:14:44.826553Z DEBUG transparent_shard_server::runtime: construction stage geometry="recent-8k" table="pages" seconds=0.000245386 stage="publish_parameters"
2026-09-09T19:14:44.827168Z DEBUG transparent_shard_server::runtime: runtime stage key=("b16be2933ab920bc4745ea8917e5167a7a685c211e0b4febe88b4d3018f970bc", Pages, 0) seconds=2.875095443 stage="runtime_build"
2026-09-09T19:14:44.827225Z DEBUG transparent_shard_server::runtime: runtime stage key=("b16be2933ab920bc4745ea8917e5167a7a685c211e0b4febe88b4d3018f970bc", Pages, 0) reserved_bytes=136314880 stage="serialization_handoff"
2026-09-09T19:14:44.827369Z DEBUG transparent_shard_server::runtime: runtime stage key=("16b8227360ce35dd2e111156f5e31fd5eb500ff877879a212fef6cf8471de8a5", Directory, 0) seconds=8.336721814 stage="build_slot"
2026-09-09T19:14:44.827460Z DEBUG transparent_shard_server::memory: cold build admission wait seconds=7.002e-5 admitted=true
2026-09-09T19:14:44.948818Z DEBUG transparent_shard_server::runtime: runtime stage key=("16b8227360ce35dd2e111156f5e31fd5eb500ff877879a212fef6cf8471de8a5", Directory, 0) seconds=0.121216047 stage="source_load"
2026-09-09T19:14:45.245292Z DEBUG transparent_shard_server::runtime: construction stage geometry="recent-8k" table="directory" seconds=0.296442957 stage="encode_database"
2026-09-09T19:14:45.245392Z DEBUG transparent_shard_server::runtime: construction stage geometry="recent-8k" table="directory" seconds=7.2091e-5 stage="public_setup"
2026-09-09T19:14:45.510720Z DEBUG transparent_shard_server::runtime: runtime stage key=("b16be2933ab920bc4745ea8917e5167a7a685c211e0b4febe88b4d3018f970bc", Pages, 0) seconds=0.683488191 stage="disk_save"
2026-09-09T19:14:45.510785Z DEBUG transparent_shard_server::runtime: runtime stage key=("1cd27964911287b2a127c1f8df5e6b0c19f5b4db309391c5adb2db3072bfec6e", Pages, 0) seconds=1.07e-6 stage="restore_slot"
2026-09-09T19:14:45.510911Z DEBUG transparent_shard_server::runtime: runtime stage key=("1cd27964911287b2a127c1f8df5e6b0c19f5b4db309391c5adb2db3072bfec6e", Pages, 0) seconds=4.1131e-5 hit=false stage="disk_restore"
2026-09-09T19:14:45.838826Z DEBUG transparent_shard_server::runtime: construction stage geometry="recent-8k" table="directory" seconds=0.593428165 stage="hint_columns"
2026-09-09T19:14:47.822597Z DEBUG transparent_shard_server::runtime: construction stage geometry="recent-8k" table="directory" seconds=1.9837273720000002 stage="pack_preprocessing"
2026-09-09T19:14:47.822893Z DEBUG transparent_shard_server::runtime: construction stage geometry="recent-8k" table="directory" seconds=0.000256539 stage="publish_parameters"
2026-09-09T19:14:47.823823Z DEBUG transparent_shard_server::runtime: runtime stage key=("16b8227360ce35dd2e111156f5e31fd5eb500ff877879a212fef6cf8471de8a5", Directory, 0) seconds=2.87497517 stage="runtime_build"
2026-09-09T19:14:47.823855Z DEBUG transparent_shard_server::runtime: runtime stage key=("16b8227360ce35dd2e111156f5e31fd5eb500ff877879a212fef6cf8471de8a5", Directory, 0) reserved_bytes=136314880 stage="serialization_handoff"
2026-09-09T19:14:47.823962Z DEBUG transparent_shard_server::runtime: runtime stage key=("16b8227360ce35dd2e111156f5e31fd5eb500ff877879a212fef6cf8471de8a5", Pages, 0) seconds=8.310543894 stage="build_slot"
2026-09-09T19:14:47.824071Z DEBUG transparent_shard_server::memory: cold build admission wait seconds=8.3913e-5 admitted=true
2026-09-09T19:14:47.946742Z DEBUG transparent_shard_server::runtime: runtime stage key=("16b8227360ce35dd2e111156f5e31fd5eb500ff877879a212fef6cf8471de8a5", Pages, 0) seconds=0.122648617 stage="source_load"
2026-09-09T19:14:48.231970Z DEBUG transparent_shard_server::runtime: construction stage geometry="recent-8k" table="pages" seconds=0.285190409 stage="encode_database"
2026-09-09T19:14:48.232086Z DEBUG transparent_shard_server::runtime: construction stage geometry="recent-8k" table="pages" seconds=8.1132e-5 stage="public_setup"
2026-09-09T19:14:48.509081Z DEBUG transparent_shard_server::runtime: runtime stage key=("16b8227360ce35dd2e111156f5e31fd5eb500ff877879a212fef6cf8471de8a5", Directory, 0) seconds=0.685206741 stage="disk_save"
2026-09-09T19:14:48.509173Z DEBUG transparent_shard_server::runtime: runtime stage key=("27f56c565263ecffb8c7736d4e811665d81bf4ed71c7978431fcc4f45b645ee1", Directory, 0) seconds=1.634e-6 stage="restore_slot"
2026-09-09T19:14:48.511209Z DEBUG transparent_shard_server::runtime: runtime stage key=("27f56c565263ecffb8c7736d4e811665d81bf4ed71c7978431fcc4f45b645ee1", Directory, 0) seconds=3.9731e-5 hit=false stage="disk_restore"
2026-09-09T19:14:48.883216Z DEBUG transparent_shard_server::runtime: construction stage geometry="recent-8k" table="pages" seconds=0.651123423 stage="hint_columns"
2026-09-09T19:14:50.871262Z DEBUG transparent_shard_server::runtime: construction stage geometry="recent-8k" table="pages" seconds=1.988006461 stage="pack_preprocessing"
2026-09-09T19:14:50.871600Z DEBUG transparent_shard_server::runtime: construction stage geometry="recent-8k" table="pages" seconds=0.000277946 stage="publish_parameters"
2026-09-09T19:14:50.872321Z DEBUG transparent_shard_server::runtime: runtime stage key=("16b8227360ce35dd2e111156f5e31fd5eb500ff877879a212fef6cf8471de8a5", Pages, 0) seconds=2.9255429729999998 stage="runtime_build"
2026-09-09T19:14:50.872349Z DEBUG transparent_shard_server::runtime: runtime stage key=("16b8227360ce35dd2e111156f5e31fd5eb500ff877879a212fef6cf8471de8a5", Pages, 0) reserved_bytes=136314880 stage="serialization_handoff"
2026-09-09T19:14:50.872462Z DEBUG transparent_shard_server::runtime: runtime stage key=("1cd27964911287b2a127c1f8df5e6b0c19f5b4db309391c5adb2db3072bfec6e", Directory, 0) seconds=8.081275464 stage="build_slot"
2026-09-09T19:14:50.872566Z DEBUG transparent_shard_server::memory: cold build admission wait seconds=8.1457e-5 admitted=true
2026-09-09T19:14:50.994908Z DEBUG transparent_shard_server::runtime: runtime stage key=("1cd27964911287b2a127c1f8df5e6b0c19f5b4db309391c5adb2db3072bfec6e", Directory, 0) seconds=0.122295227 stage="source_load"
2026-09-09T19:14:51.277758Z DEBUG transparent_shard_server::runtime: construction stage geometry="recent-8k" table="directory" seconds=0.282812109 stage="encode_database"
2026-09-09T19:14:51.277862Z DEBUG transparent_shard_server::runtime: construction stage geometry="recent-8k" table="directory" seconds=7.5518e-5 stage="public_setup"
2026-09-09T19:14:51.546781Z DEBUG transparent_shard_server::runtime: runtime stage key=("16b8227360ce35dd2e111156f5e31fd5eb500ff877879a212fef6cf8471de8a5", Pages, 0) seconds=0.674426024 stage="disk_save"
2026-09-09T19:14:51.546889Z DEBUG transparent_shard_server::runtime: runtime stage key=("27f56c565263ecffb8c7736d4e811665d81bf4ed71c7978431fcc4f45b645ee1", Pages, 0) seconds=1.181e-6 stage="restore_slot"
2026-09-09T19:14:51.547031Z DEBUG transparent_shard_server::runtime: runtime stage key=("27f56c565263ecffb8c7736d4e811665d81bf4ed71c7978431fcc4f45b645ee1", Pages, 0) seconds=3.5383e-5 hit=false stage="disk_restore"
2026-09-09T19:14:51.873318Z DEBUG transparent_shard_server::runtime: construction stage geometry="recent-8k" table="directory" seconds=0.595449989 stage="hint_columns"
2026-09-09T19:14:53.834274Z DEBUG transparent_shard_server::runtime: construction stage geometry="recent-8k" table="directory" seconds=1.960916127 stage="pack_preprocessing"
2026-09-09T19:14:53.834551Z DEBUG transparent_shard_server::runtime: construction stage geometry="recent-8k" table="directory" seconds=0.000240374 stage="publish_parameters"
2026-09-09T19:14:53.835214Z DEBUG transparent_shard_server::runtime: runtime stage key=("1cd27964911287b2a127c1f8df5e6b0c19f5b4db309391c5adb2db3072bfec6e", Directory, 0) seconds=2.840269611 stage="runtime_build"
2026-09-09T19:14:53.835245Z DEBUG transparent_shard_server::runtime: runtime stage key=("1cd27964911287b2a127c1f8df5e6b0c19f5b4db309391c5adb2db3072bfec6e", Directory, 0) reserved_bytes=136314880 stage="serialization_handoff"
2026-09-09T19:14:53.835275Z DEBUG transparent_shard_server::runtime: runtime stage key=("1cd27964911287b2a127c1f8df5e6b0c19f5b4db309391c5adb2db3072bfec6e", Pages, 0) seconds=8.322091011 stage="build_slot"
2026-09-09T19:14:53.835378Z DEBUG transparent_shard_server::memory: cold build admission wait seconds=8.1025e-5 admitted=true
2026-09-09T19:14:53.957553Z DEBUG transparent_shard_server::runtime: runtime stage key=("1cd27964911287b2a127c1f8df5e6b0c19f5b4db309391c5adb2db3072bfec6e", Pages, 0) seconds=0.1220541 stage="source_load"
2026-09-09T19:14:54.244266Z DEBUG transparent_shard_server::runtime: construction stage geometry="recent-8k" table="pages" seconds=0.286679484 stage="encode_database"
2026-09-09T19:14:54.244366Z DEBUG transparent_shard_server::runtime: construction stage geometry="recent-8k" table="pages" seconds=7.1902e-5 stage="public_setup"
2026-09-09T19:14:54.516778Z DEBUG transparent_shard_server::runtime: runtime stage key=("1cd27964911287b2a127c1f8df5e6b0c19f5b4db309391c5adb2db3072bfec6e", Directory, 0) seconds=0.681523362 stage="disk_save"
2026-09-09T19:14:54.518199Z DEBUG transparent_shard_server::runtime: runtime stage key=("ced665ae1f1140944bcd0c9aa2b83c1019df768df87fa513f9509106fc5b88c1", Directory, 0) seconds=1.332e-6 stage="restore_slot"
2026-09-09T19:14:54.518335Z DEBUG transparent_shard_server::runtime: runtime stage key=("ced665ae1f1140944bcd0c9aa2b83c1019df768df87fa513f9509106fc5b88c1", Directory, 0) seconds=2.5997e-5 hit=false stage="disk_restore"
2026-09-09T19:14:54.881092Z DEBUG transparent_shard_server::runtime: construction stage geometry="recent-8k" table="pages" seconds=0.63672007 stage="hint_columns"
2026-09-09T19:14:56.872931Z DEBUG transparent_shard_server::runtime: construction stage geometry="recent-8k" table="pages" seconds=1.991797373 stage="pack_preprocessing"
2026-09-09T19:14:56.873256Z DEBUG transparent_shard_server::runtime: construction stage geometry="recent-8k" table="pages" seconds=0.000268588 stage="publish_parameters"
2026-09-09T19:14:56.873898Z DEBUG transparent_shard_server::runtime: runtime stage key=("1cd27964911287b2a127c1f8df5e6b0c19f5b4db309391c5adb2db3072bfec6e", Pages, 0) seconds=2.916314073 stage="runtime_build"
2026-09-09T19:14:56.873919Z DEBUG transparent_shard_server::runtime: runtime stage key=("1cd27964911287b2a127c1f8df5e6b0c19f5b4db309391c5adb2db3072bfec6e", Pages, 0) reserved_bytes=136314880 stage="serialization_handoff"
2026-09-09T19:14:56.873954Z DEBUG transparent_shard_server::runtime: runtime stage key=("27f56c565263ecffb8c7736d4e811665d81bf4ed71c7978431fcc4f45b645ee1", Directory, 0) seconds=8.362709832 stage="build_slot"
2026-09-09T19:14:56.874057Z DEBUG transparent_shard_server::memory: cold build admission wait seconds=7.9528e-5 admitted=true
2026-09-09T19:14:57.002753Z DEBUG transparent_shard_server::runtime: runtime stage key=("27f56c565263ecffb8c7736d4e811665d81bf4ed71c7978431fcc4f45b645ee1", Directory, 0) seconds=0.128669523 stage="source_load"
2026-09-09T19:14:57.303751Z DEBUG transparent_shard_server::runtime: construction stage geometry="recent-8k" table="directory" seconds=0.300959538 stage="encode_database"
2026-09-09T19:14:57.303864Z DEBUG transparent_shard_server::runtime: construction stage geometry="recent-8k" table="directory" seconds=7.0861e-5 stage="public_setup"
2026-09-09T19:14:57.572416Z DEBUG transparent_shard_server::runtime: runtime stage key=("1cd27964911287b2a127c1f8df5e6b0c19f5b4db309391c5adb2db3072bfec6e", Pages, 0) seconds=0.698489555 stage="disk_save"
2026-09-09T19:14:57.575209Z DEBUG transparent_shard_server::runtime: runtime stage key=("ced665ae1f1140944bcd0c9aa2b83c1019df768df87fa513f9509106fc5b88c1", Pages, 0) seconds=1.645e-6 stage="restore_slot"
2026-09-09T19:14:57.575380Z DEBUG transparent_shard_server::runtime: runtime stage key=("ced665ae1f1140944bcd0c9aa2b83c1019df768df87fa513f9509106fc5b88c1", Pages, 0) seconds=4.3039e-5 hit=false stage="disk_restore"
2026-09-09T19:14:57.913558Z DEBUG transparent_shard_server::runtime: construction stage geometry="recent-8k" table="directory" seconds=0.609687016 stage="hint_columns"
2026-09-09T19:14:59.906848Z DEBUG transparent_shard_server::runtime: construction stage geometry="recent-8k" table="directory" seconds=1.993245311 stage="pack_preprocessing"
2026-09-09T19:14:59.907135Z DEBUG transparent_shard_server::runtime: construction stage geometry="recent-8k" table="directory" seconds=0.000246928 stage="publish_parameters"
2026-09-09T19:14:59.907818Z DEBUG transparent_shard_server::runtime: runtime stage key=("27f56c565263ecffb8c7736d4e811665d81bf4ed71c7978431fcc4f45b645ee1", Directory, 0) seconds=2.90502891 stage="runtime_build"
2026-09-09T19:14:59.907847Z DEBUG transparent_shard_server::runtime: runtime stage key=("27f56c565263ecffb8c7736d4e811665d81bf4ed71c7978431fcc4f45b645ee1", Directory, 0) reserved_bytes=136314880 stage="serialization_handoff"
2026-09-09T19:14:59.907896Z DEBUG transparent_shard_server::runtime: runtime stage key=("27f56c565263ecffb8c7736d4e811665d81bf4ed71c7978431fcc4f45b645ee1", Pages, 0) seconds=8.360811851 stage="build_slot"
2026-09-09T19:14:59.907997Z DEBUG transparent_shard_server::memory: cold build admission wait seconds=7.9385e-5 admitted=true
2026-09-09T19:15:00.030581Z DEBUG transparent_shard_server::runtime: runtime stage key=("27f56c565263ecffb8c7736d4e811665d81bf4ed71c7978431fcc4f45b645ee1", Pages, 0) seconds=0.122555656 stage="source_load"
2026-09-09T19:15:00.333471Z DEBUG transparent_shard_server::runtime: construction stage geometry="recent-8k" table="pages" seconds=0.30284634 stage="encode_database"
2026-09-09T19:15:00.333577Z DEBUG transparent_shard_server::runtime: construction stage geometry="recent-8k" table="pages" seconds=7.4499e-5 stage="public_setup"
2026-09-09T19:15:00.616172Z DEBUG transparent_shard_server::runtime: runtime stage key=("27f56c565263ecffb8c7736d4e811665d81bf4ed71c7978431fcc4f45b645ee1", Directory, 0) seconds=0.7083085 stage="disk_save"
2026-09-09T19:15:00.619207Z DEBUG transparent_shard_server::runtime: runtime stage key=("2d4497bf9e8bafc6139ee4e57114238a7ecfa0782702939922bf2a79b1fe05bf", Directory, 0) seconds=1.598e-6 stage="restore_slot"
2026-09-09T19:15:00.619381Z DEBUG transparent_shard_server::runtime: runtime stage key=("2d4497bf9e8bafc6139ee4e57114238a7ecfa0782702939922bf2a79b1fe05bf", Directory, 0) seconds=4.7692e-5 hit=false stage="disk_restore"
2026-09-09T19:15:00.986018Z DEBUG transparent_shard_server::runtime: construction stage geometry="recent-8k" table="pages" seconds=0.652429958 stage="hint_columns"
2026-09-09T19:15:02.996417Z DEBUG transparent_shard_server::runtime: construction stage geometry="recent-8k" table="pages" seconds=2.010353747 stage="pack_preprocessing"
2026-09-09T19:15:02.996701Z DEBUG transparent_shard_server::runtime: construction stage geometry="recent-8k" table="pages" seconds=0.000245529 stage="publish_parameters"
2026-09-09T19:15:02.997370Z DEBUG transparent_shard_server::runtime: runtime stage key=("27f56c565263ecffb8c7736d4e811665d81bf4ed71c7978431fcc4f45b645ee1", Pages, 0) seconds=2.966748342 stage="runtime_build"
2026-09-09T19:15:02.997412Z DEBUG transparent_shard_server::runtime: runtime stage key=("ced665ae1f1140944bcd0c9aa2b83c1019df768df87fa513f9509106fc5b88c1", Directory, 0) seconds=8.479058214 stage="build_slot"
2026-09-09T19:15:02.997510Z DEBUG transparent_shard_server::memory: cold build admission wait seconds=7.9799e-5 admitted=true
2026-09-09T19:15:02.997529Z DEBUG transparent_shard_server::runtime: runtime stage key=("27f56c565263ecffb8c7736d4e811665d81bf4ed71c7978431fcc4f45b645ee1", Pages, 0) reserved_bytes=136314880 stage="serialization_handoff"
2026-09-09T19:15:03.120575Z DEBUG transparent_shard_server::runtime: runtime stage key=("ced665ae1f1140944bcd0c9aa2b83c1019df768df87fa513f9509106fc5b88c1", Directory, 0) seconds=0.12303824 stage="source_load"
2026-09-09T19:15:03.426491Z DEBUG transparent_shard_server::runtime: construction stage geometry="recent-8k" table="directory" seconds=0.305882699 stage="encode_database"
2026-09-09T19:15:03.426618Z DEBUG transparent_shard_server::runtime: construction stage geometry="recent-8k" table="directory" seconds=9.8988e-5 stage="public_setup"
test burst::publication_burst_under_exact_load has been running for over 60 seconds
2026-09-09T19:15:03.750617Z DEBUG transparent_shard_server::runtime: runtime stage key=("27f56c565263ecffb8c7736d4e811665d81bf4ed71c7978431fcc4f45b645ee1", Pages, 0) seconds=0.753082783 stage="disk_save"
2026-09-09T19:15:03.750682Z DEBUG transparent_shard_server::runtime: runtime stage key=("2d4497bf9e8bafc6139ee4e57114238a7ecfa0782702939922bf2a79b1fe05bf", Pages, 0) seconds=1.173e-6 stage="restore_slot"
2026-09-09T19:15:03.750822Z DEBUG transparent_shard_server::runtime: runtime stage key=("2d4497bf9e8bafc6139ee4e57114238a7ecfa0782702939922bf2a79b1fe05bf", Pages, 0) seconds=4.2288e-5 hit=false stage="disk_restore"
2026-09-09T19:15:04.046404Z DEBUG transparent_shard_server::runtime: construction stage geometry="recent-8k" table="directory" seconds=0.619779051 stage="hint_columns"
2026-09-09T19:15:06.030751Z DEBUG transparent_shard_server::runtime: construction stage geometry="recent-8k" table="directory" seconds=1.984308119 stage="pack_preprocessing"
2026-09-09T19:15:06.031023Z DEBUG transparent_shard_server::runtime: construction stage geometry="recent-8k" table="directory" seconds=0.000233748 stage="publish_parameters"
2026-09-09T19:15:06.031676Z DEBUG transparent_shard_server::runtime: runtime stage key=("ced665ae1f1140944bcd0c9aa2b83c1019df768df87fa513f9509106fc5b88c1", Directory, 0) seconds=2.911069077 stage="runtime_build"
2026-09-09T19:15:06.031717Z DEBUG transparent_shard_server::runtime: runtime stage key=("ced665ae1f1140944bcd0c9aa2b83c1019df768df87fa513f9509106fc5b88c1", Pages, 0) seconds=8.456301789 stage="build_slot"
2026-09-09T19:15:06.031797Z DEBUG transparent_shard_server::memory: cold build admission wait seconds=7.4537e-5 admitted=true
2026-09-09T19:15:06.031825Z DEBUG transparent_shard_server::runtime: runtime stage key=("ced665ae1f1140944bcd0c9aa2b83c1019df768df87fa513f9509106fc5b88c1", Directory, 0) reserved_bytes=136314880 stage="serialization_handoff"
2026-09-09T19:15:06.153324Z DEBUG transparent_shard_server::runtime: runtime stage key=("ced665ae1f1140944bcd0c9aa2b83c1019df768df87fa513f9509106fc5b88c1", Pages, 0) seconds=0.121488356 stage="source_load"
2026-09-09T19:15:06.457911Z DEBUG transparent_shard_server::runtime: construction stage geometry="recent-8k" table="pages" seconds=0.304551025 stage="encode_database"
2026-09-09T19:15:06.458017Z DEBUG transparent_shard_server::runtime: construction stage geometry="recent-8k" table="pages" seconds=7.5383e-5 stage="public_setup"
2026-09-09T19:15:06.922359Z DEBUG transparent_shard_server::runtime: runtime stage key=("ced665ae1f1140944bcd0c9aa2b83c1019df768df87fa513f9509106fc5b88c1", Directory, 0) seconds=0.890526908 stage="disk_save"
2026-09-09T19:15:06.922423Z DEBUG transparent_shard_server::runtime: runtime stage key=("a4bd72b37c0aafb265c77bb09cbc402cf69b65a87a1fabc8a0f12614b35469be", Directory, 0) seconds=1.037e-6 stage="restore_slot"
2026-09-09T19:15:06.922546Z DEBUG transparent_shard_server::runtime: runtime stage key=("a4bd72b37c0aafb265c77bb09cbc402cf69b65a87a1fabc8a0f12614b35469be", Directory, 0) seconds=4.0668e-5 hit=false stage="disk_restore"
2026-09-09T19:15:07.088030Z DEBUG transparent_shard_server::runtime: construction stage geometry="recent-8k" table="pages" seconds=0.630005597 stage="hint_columns"
2026-09-09T19:15:09.081450Z DEBUG transparent_shard_server::runtime: construction stage geometry="recent-8k" table="pages" seconds=1.993379151 stage="pack_preprocessing"
2026-09-09T19:15:09.081733Z DEBUG transparent_shard_server::runtime: construction stage geometry="recent-8k" table="pages" seconds=0.000244736 stage="publish_parameters"
2026-09-09T19:15:09.082402Z DEBUG transparent_shard_server::runtime: runtime stage key=("ced665ae1f1140944bcd0c9aa2b83c1019df768df87fa513f9509106fc5b88c1", Pages, 0) seconds=2.929044004 stage="runtime_build"
2026-09-09T19:15:09.082427Z DEBUG transparent_shard_server::runtime: runtime stage key=("ced665ae1f1140944bcd0c9aa2b83c1019df768df87fa513f9509106fc5b88c1", Pages, 0) reserved_bytes=136314880 stage="serialization_handoff"
2026-09-09T19:15:09.082547Z DEBUG transparent_shard_server::runtime: runtime stage key=("2d4497bf9e8bafc6139ee4e57114238a7ecfa0782702939922bf2a79b1fe05bf", Directory, 0) seconds=8.460361208 stage="build_slot"
2026-09-09T19:15:09.082643Z DEBUG transparent_shard_server::memory: cold build admission wait seconds=7.5118e-5 admitted=true
2026-09-09T19:15:09.202353Z DEBUG transparent_shard_server::runtime: runtime stage key=("2d4497bf9e8bafc6139ee4e57114238a7ecfa0782702939922bf2a79b1fe05bf", Directory, 0) seconds=0.119691303 stage="source_load"
2026-09-09T19:15:09.502718Z DEBUG transparent_shard_server::runtime: construction stage geometry="recent-8k" table="directory" seconds=0.300334385 stage="encode_database"
2026-09-09T19:15:09.502811Z DEBUG transparent_shard_server::runtime: construction stage geometry="recent-8k" table="directory" seconds=6.7679e-5 stage="public_setup"
2026-09-09T19:15:09.777806Z DEBUG transparent_shard_server::runtime: runtime stage key=("ced665ae1f1140944bcd0c9aa2b83c1019df768df87fa513f9509106fc5b88c1", Pages, 0) seconds=0.695373479 stage="disk_save"
2026-09-09T19:15:09.777885Z DEBUG transparent_shard_server::runtime: runtime stage key=("a4bd72b37c0aafb265c77bb09cbc402cf69b65a87a1fabc8a0f12614b35469be", Pages, 0) seconds=1.276e-6 stage="restore_slot"
2026-09-09T19:15:09.780221Z DEBUG transparent_shard_server::runtime: runtime stage key=("a4bd72b37c0aafb265c77bb09cbc402cf69b65a87a1fabc8a0f12614b35469be", Pages, 0) seconds=3.9375e-5 hit=false stage="disk_restore"
2026-09-09T19:15:10.083333Z DEBUG transparent_shard_server::runtime: construction stage geometry="recent-8k" table="directory" seconds=0.580517294 stage="hint_columns"
2026-09-09T19:15:12.054124Z DEBUG transparent_shard_server::runtime: construction stage geometry="recent-8k" table="directory" seconds=1.9707542729999998 stage="pack_preprocessing"
2026-09-09T19:15:12.054522Z DEBUG transparent_shard_server::runtime: construction stage geometry="recent-8k" table="directory" seconds=0.000246698 stage="publish_parameters"
2026-09-09T19:15:12.055180Z DEBUG transparent_shard_server::runtime: runtime stage key=("2d4497bf9e8bafc6139ee4e57114238a7ecfa0782702939922bf2a79b1fe05bf", Directory, 0) seconds=2.852797681 stage="runtime_build"
2026-09-09T19:15:12.055207Z DEBUG transparent_shard_server::runtime: runtime stage key=("2d4497bf9e8bafc6139ee4e57114238a7ecfa0782702939922bf2a79b1fe05bf", Directory, 0) reserved_bytes=136314880 stage="serialization_handoff"
2026-09-09T19:15:12.055250Z DEBUG transparent_shard_server::runtime: runtime stage key=("2d4497bf9e8bafc6139ee4e57114238a7ecfa0782702939922bf2a79b1fe05bf", Pages, 0) seconds=8.303066536 stage="build_slot"
2026-09-09T19:15:12.055343Z DEBUG transparent_shard_server::memory: cold build admission wait seconds=7.1946e-5 admitted=true
2026-09-09T19:15:12.178213Z DEBUG transparent_shard_server::runtime: runtime stage key=("2d4497bf9e8bafc6139ee4e57114238a7ecfa0782702939922bf2a79b1fe05bf", Pages, 0) seconds=0.122834828 stage="source_load"
2026-09-09T19:15:12.483094Z DEBUG transparent_shard_server::runtime: construction stage geometry="recent-8k" table="pages" seconds=0.304840647 stage="encode_database"
2026-09-09T19:15:12.483218Z DEBUG transparent_shard_server::runtime: construction stage geometry="recent-8k" table="pages" seconds=8.2565e-5 stage="public_setup"
2026-09-09T19:15:12.754999Z DEBUG transparent_shard_server::runtime: runtime stage key=("2d4497bf9e8bafc6139ee4e57114238a7ecfa0782702939922bf2a79b1fe05bf", Directory, 0) seconds=0.699784518 stage="disk_save"
2026-09-09T19:15:12.757204Z DEBUG transparent_shard_server::runtime: runtime stage key=("c907a0aa45b2551520863990845279fd25135889865e088c2dad6ea0d32b8fde", Directory, 0) seconds=1.297e-6 stage="restore_slot"
2026-09-09T19:15:12.757371Z DEBUG transparent_shard_server::runtime: runtime stage key=("c907a0aa45b2551520863990845279fd25135889865e088c2dad6ea0d32b8fde", Directory, 0) seconds=4.6695e-5 hit=false stage="disk_restore"
2026-09-09T19:15:13.139771Z DEBUG transparent_shard_server::runtime: construction stage geometry="recent-8k" table="pages" seconds=0.656543634 stage="hint_columns"
2026-09-09T19:15:15.164368Z DEBUG transparent_shard_server::runtime: construction stage geometry="recent-8k" table="pages" seconds=2.024551329 stage="pack_preprocessing"
2026-09-09T19:15:15.164648Z DEBUG transparent_shard_server::runtime: construction stage geometry="recent-8k" table="pages" seconds=0.000238568 stage="publish_parameters"
2026-09-09T19:15:15.165441Z DEBUG transparent_shard_server::runtime: runtime stage key=("2d4497bf9e8bafc6139ee4e57114238a7ecfa0782702939922bf2a79b1fe05bf", Pages, 0) seconds=2.9871889830000002 stage="runtime_build"
2026-09-09T19:15:15.165473Z DEBUG transparent_shard_server::runtime: runtime stage key=("2d4497bf9e8bafc6139ee4e57114238a7ecfa0782702939922bf2a79b1fe05bf", Pages, 0) reserved_bytes=136314880 stage="serialization_handoff"
2026-09-09T19:15:15.165518Z DEBUG transparent_shard_server::runtime: runtime stage key=("a4bd72b37c0aafb265c77bb09cbc402cf69b65a87a1fabc8a0f12614b35469be", Directory, 0) seconds=8.241334333 stage="build_slot"
2026-09-09T19:15:15.165621Z DEBUG transparent_shard_server::memory: cold build admission wait seconds=8.0233e-5 admitted=true
2026-09-09T19:15:15.288621Z DEBUG transparent_shard_server::runtime: runtime stage key=("a4bd72b37c0aafb265c77bb09cbc402cf69b65a87a1fabc8a0f12614b35469be", Directory, 0) seconds=0.122957554 stage="source_load"
2026-09-09T19:15:15.594722Z DEBUG transparent_shard_server::runtime: construction stage geometry="recent-8k" table="directory" seconds=0.30606167 stage="encode_database"
2026-09-09T19:15:15.594835Z DEBUG transparent_shard_server::runtime: construction stage geometry="recent-8k" table="directory" seconds=7.4373e-5 stage="public_setup"
2026-09-09T19:15:15.885070Z DEBUG transparent_shard_server::runtime: runtime stage key=("2d4497bf9e8bafc6139ee4e57114238a7ecfa0782702939922bf2a79b1fe05bf", Pages, 0) seconds=0.719590133 stage="disk_save"
2026-09-09T19:15:15.887213Z DEBUG transparent_shard_server::runtime: runtime stage key=("c907a0aa45b2551520863990845279fd25135889865e088c2dad6ea0d32b8fde", Pages, 0) seconds=1.368e-6 stage="restore_slot"
2026-09-09T19:15:15.887588Z DEBUG transparent_shard_server::runtime: runtime stage key=("c907a0aa45b2551520863990845279fd25135889865e088c2dad6ea0d32b8fde", Pages, 0) seconds=3.1777e-5 hit=false stage="disk_restore"
2026-09-09T19:15:16.202976Z DEBUG transparent_shard_server::runtime: construction stage geometry="recent-8k" table="directory" seconds=0.608134268 stage="hint_columns"
2026-09-09T19:15:18.233143Z DEBUG transparent_shard_server::runtime: construction stage geometry="recent-8k" table="directory" seconds=2.030123111 stage="pack_preprocessing"
2026-09-09T19:15:18.233433Z DEBUG transparent_shard_server::runtime: construction stage geometry="recent-8k" table="directory" seconds=0.00024603 stage="publish_parameters"
2026-09-09T19:15:18.234081Z DEBUG transparent_shard_server::runtime: runtime stage key=("a4bd72b37c0aafb265c77bb09cbc402cf69b65a87a1fabc8a0f12614b35469be", Directory, 0) seconds=2.945422226 stage="runtime_build"
2026-09-09T19:15:18.234118Z DEBUG transparent_shard_server::runtime: runtime stage key=("a4bd72b37c0aafb265c77bb09cbc402cf69b65a87a1fabc8a0f12614b35469be", Pages, 0) seconds=8.453861529 stage="build_slot"
2026-09-09T19:15:18.234234Z DEBUG transparent_shard_server::memory: cold build admission wait seconds=9.7527e-5 admitted=true
2026-09-09T19:15:18.234257Z DEBUG transparent_shard_server::runtime: runtime stage key=("a4bd72b37c0aafb265c77bb09cbc402cf69b65a87a1fabc8a0f12614b35469be", Directory, 0) reserved_bytes=136314880 stage="serialization_handoff"
2026-09-09T19:15:18.357629Z DEBUG transparent_shard_server::runtime: runtime stage key=("a4bd72b37c0aafb265c77bb09cbc402cf69b65a87a1fabc8a0f12614b35469be", Pages, 0) seconds=0.123288512 stage="source_load"
2026-09-09T19:15:18.663247Z DEBUG transparent_shard_server::runtime: construction stage geometry="recent-8k" table="pages" seconds=0.30558387 stage="encode_database"
2026-09-09T19:15:18.663341Z DEBUG transparent_shard_server::runtime: construction stage geometry="recent-8k" table="pages" seconds=6.8107e-5 stage="public_setup"
2026-09-09T19:15:18.938789Z DEBUG transparent_shard_server::runtime: runtime stage key=("a4bd72b37c0aafb265c77bb09cbc402cf69b65a87a1fabc8a0f12614b35469be", Directory, 0) seconds=0.704526181 stage="disk_save"
2026-09-09T19:15:18.938859Z DEBUG transparent_shard_server::runtime: runtime stage key=("67574e8d4c7f7c258f8c7488f73e80a9476f8074c3db3540325133ff25020c2b", Directory, 0) seconds=1.483e-6 stage="restore_slot"
2026-09-09T19:15:18.938981Z DEBUG transparent_shard_server::runtime: runtime stage key=("67574e8d4c7f7c258f8c7488f73e80a9476f8074c3db3540325133ff25020c2b", Directory, 0) seconds=4.1847e-5 hit=false stage="disk_restore"
2026-09-09T19:15:19.309457Z DEBUG transparent_shard_server::runtime: construction stage geometry="recent-8k" table="pages" seconds=0.646108759 stage="hint_columns"
2026-09-09T19:15:21.330926Z DEBUG transparent_shard_server::runtime: construction stage geometry="recent-8k" table="pages" seconds=2.021425771 stage="pack_preprocessing"
2026-09-09T19:15:21.331223Z DEBUG transparent_shard_server::runtime: construction stage geometry="recent-8k" table="pages" seconds=0.000255749 stage="publish_parameters"
2026-09-09T19:15:21.331892Z DEBUG transparent_shard_server::runtime: runtime stage key=("a4bd72b37c0aafb265c77bb09cbc402cf69b65a87a1fabc8a0f12614b35469be", Pages, 0) seconds=2.974231283 stage="runtime_build"
2026-09-09T19:15:21.331917Z DEBUG transparent_shard_server::runtime: runtime stage key=("a4bd72b37c0aafb265c77bb09cbc402cf69b65a87a1fabc8a0f12614b35469be", Pages, 0) reserved_bytes=136314880 stage="serialization_handoff"
2026-09-09T19:15:21.332032Z DEBUG transparent_shard_server::runtime: runtime stage key=("c907a0aa45b2551520863990845279fd25135889865e088c2dad6ea0d32b8fde", Directory, 0) seconds=8.574626042 stage="build_slot"
2026-09-09T19:15:21.332143Z DEBUG transparent_shard_server::memory: cold build admission wait seconds=8.5281e-5 admitted=true
2026-09-09T19:15:21.454346Z DEBUG transparent_shard_server::runtime: runtime stage key=("c907a0aa45b2551520863990845279fd25135889865e088c2dad6ea0d32b8fde", Directory, 0) seconds=0.122166913 stage="source_load"
2026-09-09T19:15:21.759714Z DEBUG transparent_shard_server::runtime: construction stage geometry="recent-8k" table="directory" seconds=0.305331661 stage="encode_database"
2026-09-09T19:15:21.759820Z DEBUG transparent_shard_server::runtime: construction stage geometry="recent-8k" table="directory" seconds=7.5249e-5 stage="public_setup"
2026-09-09T19:15:22.068721Z DEBUG transparent_shard_server::runtime: runtime stage key=("a4bd72b37c0aafb265c77bb09cbc402cf69b65a87a1fabc8a0f12614b35469be", Pages, 0) seconds=0.736797286 stage="disk_save"
2026-09-09T19:15:22.068808Z DEBUG transparent_shard_server::runtime: runtime stage key=("67574e8d4c7f7c258f8c7488f73e80a9476f8074c3db3540325133ff25020c2b", Pages, 0) seconds=1.443e-6 stage="restore_slot"
2026-09-09T19:15:22.068948Z DEBUG transparent_shard_server::runtime: runtime stage key=("67574e8d4c7f7c258f8c7488f73e80a9476f8074c3db3540325133ff25020c2b", Pages, 0) seconds=4.0342e-5 hit=false stage="disk_restore"
2026-09-09T19:15:22.366594Z DEBUG transparent_shard_server::runtime: construction stage geometry="recent-8k" table="directory" seconds=0.606767844 stage="hint_columns"
2026-09-09T19:15:24.373984Z DEBUG transparent_shard_server::runtime: construction stage geometry="recent-8k" table="directory" seconds=2.007348883 stage="pack_preprocessing"
2026-09-09T19:15:24.374306Z DEBUG transparent_shard_server::runtime: construction stage geometry="recent-8k" table="directory" seconds=0.000283268 stage="publish_parameters"
2026-09-09T19:15:24.375007Z DEBUG transparent_shard_server::runtime: runtime stage key=("c907a0aa45b2551520863990845279fd25135889865e088c2dad6ea0d32b8fde", Directory, 0) seconds=2.920626595 stage="runtime_build"
2026-09-09T19:15:24.375047Z DEBUG transparent_shard_server::runtime: runtime stage key=("c907a0aa45b2551520863990845279fd25135889865e088c2dad6ea0d32b8fde", Directory, 0) reserved_bytes=136314880 stage="serialization_handoff"
2026-09-09T19:15:24.375087Z DEBUG transparent_shard_server::runtime: runtime stage key=("c907a0aa45b2551520863990845279fd25135889865e088c2dad6ea0d32b8fde", Pages, 0) seconds=8.484899575 stage="build_slot"
2026-09-09T19:15:24.375199Z DEBUG transparent_shard_server::memory: cold build admission wait seconds=9.0254e-5 admitted=true
2026-09-09T19:15:24.498214Z DEBUG transparent_shard_server::runtime: runtime stage key=("c907a0aa45b2551520863990845279fd25135889865e088c2dad6ea0d32b8fde", Pages, 0) seconds=0.122868351 stage="source_load"
2026-09-09T19:15:24.801124Z DEBUG transparent_shard_server::runtime: construction stage geometry="recent-8k" table="pages" seconds=0.302872664 stage="encode_database"
2026-09-09T19:15:24.801241Z DEBUG transparent_shard_server::runtime: construction stage geometry="recent-8k" table="pages" seconds=8.3633e-5 stage="public_setup"
2026-09-09T19:15:25.083199Z DEBUG transparent_shard_server::runtime: runtime stage key=("c907a0aa45b2551520863990845279fd25135889865e088c2dad6ea0d32b8fde", Directory, 0) seconds=0.708144913 stage="disk_save"
2026-09-09T19:15:25.472813Z DEBUG transparent_shard_server::runtime: construction stage geometry="recent-8k" table="pages" seconds=0.671564937 stage="hint_columns"
2026-09-09T19:15:27.480794Z DEBUG transparent_shard_server::runtime: construction stage geometry="recent-8k" table="pages" seconds=2.007936917 stage="pack_preprocessing"
2026-09-09T19:15:27.481093Z DEBUG transparent_shard_server::runtime: construction stage geometry="recent-8k" table="pages" seconds=0.00026075 stage="publish_parameters"
2026-09-09T19:15:27.481776Z DEBUG transparent_shard_server::runtime: runtime stage key=("c907a0aa45b2551520863990845279fd25135889865e088c2dad6ea0d32b8fde", Pages, 0) seconds=2.983527186 stage="runtime_build"
2026-09-09T19:15:27.481802Z DEBUG transparent_shard_server::runtime: runtime stage key=("c907a0aa45b2551520863990845279fd25135889865e088c2dad6ea0d32b8fde", Pages, 0) reserved_bytes=136314880 stage="serialization_handoff"
2026-09-09T19:15:27.481845Z DEBUG transparent_shard_server::runtime: runtime stage key=("67574e8d4c7f7c258f8c7488f73e80a9476f8074c3db3540325133ff25020c2b", Directory, 0) seconds=8.541660825 stage="build_slot"
2026-09-09T19:15:27.481941Z DEBUG transparent_shard_server::memory: cold build admission wait seconds=7.4859e-5 admitted=true
2026-09-09T19:15:27.605904Z DEBUG transparent_shard_server::runtime: runtime stage key=("67574e8d4c7f7c258f8c7488f73e80a9476f8074c3db3540325133ff25020c2b", Directory, 0) seconds=0.123924353 stage="source_load"
2026-09-09T19:15:27.911226Z DEBUG transparent_shard_server::runtime: construction stage geometry="recent-8k" table="directory" seconds=0.305287863 stage="encode_database"
2026-09-09T19:15:27.911325Z DEBUG transparent_shard_server::runtime: construction stage geometry="recent-8k" table="directory" seconds=7.1663e-5 stage="public_setup"
2026-09-09T19:15:28.185189Z DEBUG transparent_shard_server::runtime: runtime stage key=("c907a0aa45b2551520863990845279fd25135889865e088c2dad6ea0d32b8fde", Pages, 0) seconds=0.703380701 stage="disk_save"
2026-09-09T19:15:28.504559Z DEBUG transparent_shard_server::runtime: construction stage geometry="recent-8k" table="directory" seconds=0.593211222 stage="hint_columns"
2026-09-09T19:15:30.523146Z DEBUG transparent_shard_server::runtime: construction stage geometry="recent-8k" table="directory" seconds=2.018528787 stage="pack_preprocessing"
2026-09-09T19:15:30.523442Z DEBUG transparent_shard_server::runtime: construction stage geometry="recent-8k" table="directory" seconds=0.000250518 stage="publish_parameters"
2026-09-09T19:15:30.524138Z DEBUG transparent_shard_server::runtime: runtime stage key=("67574e8d4c7f7c258f8c7488f73e80a9476f8074c3db3540325133ff25020c2b", Directory, 0) seconds=2.918202011 stage="runtime_build"
2026-09-09T19:15:30.524180Z DEBUG transparent_shard_server::runtime: runtime stage key=("67574e8d4c7f7c258f8c7488f73e80a9476f8074c3db3540325133ff25020c2b", Directory, 0) reserved_bytes=136314880 stage="serialization_handoff"
2026-09-09T19:15:30.524196Z DEBUG transparent_shard_server::runtime: runtime stage key=("67574e8d4c7f7c258f8c7488f73e80a9476f8074c3db3540325133ff25020c2b", Pages, 0) seconds=8.455177034 stage="build_slot"
2026-09-09T19:15:30.524305Z DEBUG transparent_shard_server::memory: cold build admission wait seconds=8.3696e-5 admitted=true
2026-09-09T19:15:30.647466Z DEBUG transparent_shard_server::runtime: runtime stage key=("67574e8d4c7f7c258f8c7488f73e80a9476f8074c3db3540325133ff25020c2b", Pages, 0) seconds=0.123134228 stage="source_load"
2026-09-09T19:15:30.957467Z DEBUG transparent_shard_server::runtime: construction stage geometry="recent-8k" table="pages" seconds=0.309960595 stage="encode_database"
2026-09-09T19:15:30.957574Z DEBUG transparent_shard_server::runtime: construction stage geometry="recent-8k" table="pages" seconds=7.4814e-5 stage="public_setup"
2026-09-09T19:15:31.238452Z DEBUG transparent_shard_server::runtime: runtime stage key=("67574e8d4c7f7c258f8c7488f73e80a9476f8074c3db3540325133ff25020c2b", Directory, 0) seconds=0.714262688 stage="disk_save"
2026-09-09T19:15:31.606009Z DEBUG transparent_shard_server::runtime: construction stage geometry="recent-8k" table="pages" seconds=0.64842786 stage="hint_columns"
2026-09-09T19:15:33.634698Z DEBUG transparent_shard_server::runtime: construction stage geometry="recent-8k" table="pages" seconds=2.028644279 stage="pack_preprocessing"
2026-09-09T19:15:33.634995Z DEBUG transparent_shard_server::runtime: construction stage geometry="recent-8k" table="pages" seconds=0.000251334 stage="publish_parameters"
2026-09-09T19:15:33.635728Z DEBUG transparent_shard_server::runtime: runtime stage key=("67574e8d4c7f7c258f8c7488f73e80a9476f8074c3db3540325133ff25020c2b", Pages, 0) seconds=2.988225151 stage="runtime_build"
2026-09-09T19:15:33.635752Z DEBUG transparent_shard_server::runtime: runtime stage key=("67574e8d4c7f7c258f8c7488f73e80a9476f8074c3db3540325133ff25020c2b", Pages, 0) reserved_bytes=136314880 stage="serialization_handoff"
2026-09-09T19:15:34.344054Z DEBUG transparent_shard_server::runtime: runtime stage key=("67574e8d4c7f7c258f8c7488f73e80a9476f8074c3db3540325133ff25020c2b", Pages, 0) seconds=0.70829486 stage="disk_save"
2026-09-09T19:15:34.344125Z  INFO transparent_shard_server::service: prewarm finished warm=28 target=28 failed=0 seconds=85.985541419
2026-09-09T19:15:34.739432Z  INFO transparent_shard_server::runtime: retired runtime memory reclaimed rss_before=4842754048 rss_after=4393078784
2026-09-09T19:15:35.290286Z DEBUG transparent_shard_server::runtime: runtime stage key=("be059aab39ac34125e0452548d6fbcfb1e7cdb7237a597bd59ee86011ed4882b", Directory, 0) seconds=1.172e-6 stage="restore_slot"
2026-09-09T19:15:35.290359Z DEBUG transparent_shard_server::runtime: runtime stage key=("be059aab39ac34125e0452548d6fbcfb1e7cdb7237a597bd59ee86011ed4882b", Pages, 0) seconds=9.74e-7 stage="restore_slot"
2026-09-09T19:15:35.290491Z DEBUG transparent_shard_server::runtime: runtime stage key=("be059aab39ac34125e0452548d6fbcfb1e7cdb7237a597bd59ee86011ed4882b", Directory, 0) seconds=3.7162e-5 hit=false stage="disk_restore"
2026-09-09T19:15:35.290527Z DEBUG transparent_shard_server::runtime: runtime stage key=("be059aab39ac34125e0452548d6fbcfb1e7cdb7237a597bd59ee86011ed4882b", Directory, 0) seconds=8.39e-7 stage="build_slot"
2026-09-09T19:15:35.290559Z DEBUG transparent_shard_server::runtime: runtime stage key=("be059aab39ac34125e0452548d6fbcfb1e7cdb7237a597bd59ee86011ed4882b", Pages, 0) seconds=2.4404e-5 hit=false stage="disk_restore"
2026-09-09T19:15:35.290606Z DEBUG transparent_shard_server::memory: cold build admission wait seconds=5.1709e-5 admitted=true
2026-09-09T19:15:35.425358Z DEBUG transparent_shard_server::runtime: runtime stage key=("be059aab39ac34125e0452548d6fbcfb1e7cdb7237a597bd59ee86011ed4882b", Directory, 0) seconds=0.134722778 stage="source_load"
2026-09-09T19:15:35.728265Z DEBUG transparent_shard_server::runtime: construction stage geometry="recent-8k" table="directory" seconds=0.302863902 stage="encode_database"
2026-09-09T19:15:35.728377Z DEBUG transparent_shard_server::runtime: construction stage geometry="recent-8k" table="directory" seconds=7.3886e-5 stage="public_setup"
2026-09-09T19:15:36.316251Z DEBUG transparent_shard_server::runtime: construction stage geometry="recent-8k" table="directory" seconds=0.587868231 stage="hint_columns"
2026-09-09T19:15:36.992498Z DEBUG transparent_shard_server::memory: work memory admission denied current=5714481152 limit=7516192768 held=805306368 requested=268435456
2026-09-09T19:15:37.196230Z DEBUG transparent_shard_server::memory: work memory admission denied current=5754736640 limit=7516192768 held=805306368 requested=268435456
2026-09-09T19:15:37.433846Z DEBUG transparent_shard_server::memory: work memory admission denied current=5811683328 limit=7516192768 held=805306368 requested=268435456
2026-09-09T19:15:38.412710Z DEBUG transparent_shard_server::runtime: construction stage geometry="recent-8k" table="directory" seconds=2.096409551 stage="pack_preprocessing"
2026-09-09T19:15:38.413060Z DEBUG transparent_shard_server::runtime: construction stage geometry="recent-8k" table="directory" seconds=0.000316644 stage="publish_parameters"
2026-09-09T19:15:38.413756Z DEBUG transparent_shard_server::runtime: runtime stage key=("be059aab39ac34125e0452548d6fbcfb1e7cdb7237a597bd59ee86011ed4882b", Directory, 0) seconds=2.988356747 stage="runtime_build"
2026-09-09T19:15:38.413781Z DEBUG transparent_shard_server::runtime: runtime stage key=("be059aab39ac34125e0452548d6fbcfb1e7cdb7237a597bd59ee86011ed4882b", Directory, 0) reserved_bytes=136314880 stage="serialization_handoff"
2026-09-09T19:15:38.413811Z DEBUG transparent_shard_server::runtime: runtime stage key=("be059aab39ac34125e0452548d6fbcfb1e7cdb7237a597bd59ee86011ed4882b", Pages, 0) seconds=3.123227763 stage="build_slot"
2026-09-09T19:15:38.413898Z DEBUG transparent_shard_server::memory: cold build admission wait seconds=6.735e-5 admitted=true
2026-09-09T19:15:38.460604Z DEBUG transparent_shard_server::memory: work memory admission denied current=5852319744 limit=7516192768 held=673185792 requested=268435456
2026-09-09T19:15:38.491219Z DEBUG transparent_shard_server::memory: work memory admission denied current=5858795520 limit=7516192768 held=673185792 requested=268435456
2026-09-09T19:15:38.547201Z DEBUG transparent_shard_server::runtime: runtime stage key=("be059aab39ac34125e0452548d6fbcfb1e7cdb7237a597bd59ee86011ed4882b", Pages, 0) seconds=0.133284105 stage="source_load"
2026-09-09T19:15:38.663591Z DEBUG transparent_shard_server::memory: work memory admission denied current=5905145856 limit=7516192768 held=673185792 requested=268435456
2026-09-09T19:15:38.693649Z DEBUG transparent_shard_server::memory: work memory admission denied current=5905371136 limit=7516192768 held=673185792 requested=268435456
2026-09-09T19:15:38.848158Z DEBUG transparent_shard_server::runtime: construction stage geometry="recent-8k" table="pages" seconds=0.300927397 stage="encode_database"
2026-09-09T19:15:38.848269Z DEBUG transparent_shard_server::runtime: construction stage geometry="recent-8k" table="pages" seconds=8.0254e-5 stage="public_setup"
2026-09-09T19:15:38.866549Z DEBUG transparent_shard_server::memory: work memory admission denied current=5905395712 limit=7516192768 held=673185792 requested=268435456
2026-09-09T19:15:38.903239Z DEBUG transparent_shard_server::memory: work memory admission denied current=5905338368 limit=7516192768 held=673185792 requested=268435456
2026-09-09T19:15:39.074768Z DEBUG transparent_shard_server::memory: work memory admission denied current=5905248256 limit=7516192768 held=673185792 requested=268435456
2026-09-09T19:15:39.110206Z DEBUG transparent_shard_server::memory: work memory admission denied current=5905469440 limit=7516192768 held=673185792 requested=268435456
2026-09-09T19:15:39.131370Z DEBUG transparent_shard_server::runtime: runtime stage key=("be059aab39ac34125e0452548d6fbcfb1e7cdb7237a597bd59ee86011ed4882b", Directory, 0) seconds=0.717583302 stage="disk_save"
2026-09-09T19:15:39.314680Z DEBUG transparent_shard_server::memory: work memory admission denied current=5905264640 limit=7516192768 held=805306368 requested=268435456
2026-09-09T19:15:39.466156Z DEBUG transparent_shard_server::runtime: construction stage geometry="recent-8k" table="pages" seconds=0.617881038 stage="hint_columns"
2026-09-09T19:15:40.352290Z DEBUG transparent_shard_server::memory: work memory admission denied current=5905580032 limit=7516192768 held=805306368 requested=268435456
2026-09-09T19:15:40.557885Z DEBUG transparent_shard_server::memory: work memory admission denied current=5902815232 limit=7516192768 held=805306368 requested=268435456
2026-09-09T19:15:41.538288Z DEBUG transparent_shard_server::runtime: construction stage geometry="recent-8k" table="pages" seconds=2.072075488 stage="pack_preprocessing"
2026-09-09T19:15:41.538576Z DEBUG transparent_shard_server::runtime: construction stage geometry="recent-8k" table="pages" seconds=0.000249883 stage="publish_parameters"
2026-09-09T19:15:41.539292Z DEBUG transparent_shard_server::runtime: runtime stage key=("be059aab39ac34125e0452548d6fbcfb1e7cdb7237a597bd59ee86011ed4882b", Pages, 0) seconds=2.992063134 stage="runtime_build"
2026-09-09T19:15:41.539305Z DEBUG transparent_shard_server::runtime: runtime stage key=("be059aab39ac34125e0452548d6fbcfb1e7cdb7237a597bd59ee86011ed4882b", Pages, 0) reserved_bytes=136314880 stage="serialization_handoff"
2026-09-09T19:15:42.252378Z DEBUG transparent_shard_server::runtime: runtime stage key=("be059aab39ac34125e0452548d6fbcfb1e7cdb7237a597bd59ee86011ed4882b", Pages, 0) seconds=0.713067093 stage="disk_save"
2026-09-09T19:15:42.252456Z  INFO transparent_shard_server::service: prewarm finished warm=28 target=28 failed=0 seconds=6.962224284
2026-09-09T19:15:42.252528Z DEBUG transparent_shard_server::live: publication preparation stages map=32426d9e9300c44558210d8540b636402af2b3c322627f9e9f26e0082b489725 loading_seconds=0.587221323 warming_seconds=6.962340733
2026-09-09T19:15:42.272070Z DEBUG transparent_shard_server::runtime: runtime stage key=("5b7ee9849d47f5ee67d04eb6ca4588beacf42dce75e5a1b481dfd02607b1fb20", Pages, 0) seconds=8.58e-7 stage="restore_slot"
2026-09-09T19:15:42.294880Z  INFO transparent_shard_server::runtime: retired runtime memory reclaimed rss_before=4912984064 rss_after=4470779904
2026-09-09T19:15:42.841279Z DEBUG transparent_shard_server::runtime: runtime stage key=("268f5c527d35817d37919707b04a706c850d449156baa071b5438dbf8eb53aec", Directory, 0) seconds=1.517e-6 stage="restore_slot"
2026-09-09T19:15:42.841434Z DEBUG transparent_shard_server::runtime: runtime stage key=("268f5c527d35817d37919707b04a706c850d449156baa071b5438dbf8eb53aec", Pages, 0) seconds=6.25e-7 stage="restore_slot"
2026-09-09T19:15:42.841491Z DEBUG transparent_shard_server::runtime: runtime stage key=("268f5c527d35817d37919707b04a706c850d449156baa071b5438dbf8eb53aec", Directory, 0) seconds=4.7216e-5 hit=false stage="disk_restore"
2026-09-09T19:15:42.841526Z DEBUG transparent_shard_server::runtime: runtime stage key=("268f5c527d35817d37919707b04a706c850d449156baa071b5438dbf8eb53aec", Pages, 0) seconds=3.2613e-5 hit=false stage="disk_restore"
2026-09-09T19:15:42.841538Z DEBUG transparent_shard_server::runtime: runtime stage key=("268f5c527d35817d37919707b04a706c850d449156baa071b5438dbf8eb53aec", Directory, 0) seconds=7.01e-7 stage="build_slot"
2026-09-09T19:15:42.841595Z DEBUG transparent_shard_server::memory: cold build admission wait seconds=3.5426e-5 admitted=true
2026-09-09T19:15:42.979299Z DEBUG transparent_shard_server::runtime: runtime stage key=("268f5c527d35817d37919707b04a706c850d449156baa071b5438dbf8eb53aec", Directory, 0) seconds=0.137679861 stage="source_load"
2026-09-09T19:15:43.110815Z DEBUG transparent_shard_server::memory: work memory admission denied current=5733171200 limit=7516192768 held=805306368 requested=268435456
2026-09-09T19:15:43.198813Z DEBUG transparent_shard_server::runtime: runtime stage key=("5b7ee9849d47f5ee67d04eb6ca4588beacf42dce75e5a1b481dfd02607b1fb20", Pages, 0) seconds=0.926599175 hit=true stage="disk_restore"
2026-09-09T19:15:43.280078Z DEBUG transparent_shard_server::runtime: construction stage geometry="recent-8k" table="directory" seconds=0.300734543 stage="encode_database"
2026-09-09T19:15:43.280206Z DEBUG transparent_shard_server::runtime: construction stage geometry="recent-8k" table="directory" seconds=8.9432e-5 stage="public_setup"
2026-09-09T19:15:43.319234Z DEBUG transparent_shard_server::runtime: runtime stage key=("5b7ee9849d47f5ee67d04eb6ca4588beacf42dce75e5a1b481dfd02607b1fb20", Pages, 0) seconds=0.120381379 stage="source_verify"
2026-09-09T19:15:43.319270Z  INFO transparent_shard_server::runtime: restored runtime cache seconds=1.047058888
2026-09-09T19:15:43.345600Z DEBUG transparent_shard_server::memory: work memory admission denied current=5782056960 limit=7516192768 held=805306368 requested=268435456
2026-09-09T19:15:43.550948Z DEBUG transparent_shard_server::memory: work memory admission denied current=5798752256 limit=7516192768 held=805306368 requested=268435456
2026-09-09T19:15:43.757001Z DEBUG transparent_shard_server::memory: work memory admission denied current=5808504832 limit=7516192768 held=805306368 requested=268435456
2026-09-09T19:15:43.872192Z DEBUG transparent_shard_server::runtime: construction stage geometry="recent-8k" table="directory" seconds=0.591977486 stage="hint_columns"
2026-09-09T19:15:44.131940Z DEBUG transparent_shard_server::memory: work memory admission denied current=5881118720 limit=7516192768 held=805306368 requested=268435456
2026-09-09T19:15:44.836607Z DEBUG transparent_shard_server::memory: work memory admission denied current=5905481728 limit=7516192768 held=805306368 requested=268435456
2026-09-09T19:15:45.041357Z DEBUG transparent_shard_server::memory: work memory admission denied current=5902819328 limit=7516192768 held=805306368 requested=268435456
2026-09-09T19:15:45.589412Z DEBUG transparent_shard_server::memory: work memory admission denied current=5890744320 limit=7516192768 held=805306368 requested=268435456
2026-09-09T19:15:46.027168Z DEBUG transparent_shard_server::runtime: construction stage geometry="recent-8k" table="directory" seconds=2.154932446 stage="pack_preprocessing"
2026-09-09T19:15:46.027486Z DEBUG transparent_shard_server::runtime: construction stage geometry="recent-8k" table="directory" seconds=0.000256474 stage="publish_parameters"
2026-09-09T19:15:46.028168Z DEBUG transparent_shard_server::runtime: runtime stage key=("268f5c527d35817d37919707b04a706c850d449156baa071b5438dbf8eb53aec", Directory, 0) seconds=3.048828079 stage="runtime_build"
2026-09-09T19:15:46.028205Z DEBUG transparent_shard_server::runtime: runtime stage key=("268f5c527d35817d37919707b04a706c850d449156baa071b5438dbf8eb53aec", Directory, 0) reserved_bytes=136314880 stage="serialization_handoff"
2026-09-09T19:15:46.028313Z DEBUG transparent_shard_server::runtime: runtime stage key=("268f5c527d35817d37919707b04a706c850d449156baa071b5438dbf8eb53aec", Pages, 0) seconds=3.186704151 stage="build_slot"
2026-09-09T19:15:46.028402Z DEBUG transparent_shard_server::memory: cold build admission wait seconds=7.0995e-5 admitted=true
2026-09-09T19:15:46.119557Z DEBUG transparent_shard_server::memory: work memory admission denied current=5903196160 limit=7516192768 held=673185792 requested=268435456
2026-09-09T19:15:46.156305Z DEBUG transparent_shard_server::runtime: runtime stage key=("268f5c527d35817d37919707b04a706c850d449156baa071b5438dbf8eb53aec", Pages, 0) seconds=0.127880543 stage="source_load"
2026-09-09T19:15:46.167436Z DEBUG transparent_shard_server::memory: work memory admission denied current=5905387520 limit=7516192768 held=673185792 requested=268435456
2026-09-09T19:15:46.322887Z DEBUG transparent_shard_server::memory: work memory admission denied current=5905039360 limit=7516192768 held=673185792 requested=268435456
2026-09-09T19:15:46.374083Z DEBUG transparent_shard_server::memory: work memory admission denied current=5905317888 limit=7516192768 held=673185792 requested=268435456
2026-09-09T19:15:46.471117Z DEBUG transparent_shard_server::runtime: construction stage geometry="recent-8k" table="pages" seconds=0.314777701 stage="encode_database"
2026-09-09T19:15:46.471270Z DEBUG transparent_shard_server::runtime: construction stage geometry="recent-8k" table="pages" seconds=0.000117226 stage="public_setup"
2026-09-09T19:15:46.534434Z DEBUG transparent_shard_server::memory: work memory admission denied current=5905747968 limit=7516192768 held=673185792 requested=268435456
2026-09-09T19:15:46.650643Z DEBUG transparent_shard_server::memory: work memory admission denied current=5904756736 limit=7516192768 held=673185792 requested=268435456
2026-09-09T19:15:46.746455Z DEBUG transparent_shard_server::memory: work memory admission denied current=5905006592 limit=7516192768 held=673185792 requested=268435456
2026-09-09T19:15:46.749446Z DEBUG transparent_shard_server::runtime: runtime stage key=("268f5c527d35817d37919707b04a706c850d449156baa071b5438dbf8eb53aec", Directory, 0) seconds=0.721231564 stage="disk_save"
2026-09-09T19:15:46.954697Z DEBUG transparent_shard_server::memory: work memory admission denied current=5905285120 limit=7516192768 held=805306368 requested=268435456
2026-09-09T19:15:47.106555Z DEBUG transparent_shard_server::runtime: construction stage geometry="recent-8k" table="pages" seconds=0.635275101 stage="hint_columns"
2026-09-09T19:15:48.002517Z DEBUG transparent_shard_server::memory: work memory admission denied current=5905461248 limit=7516192768 held=805306368 requested=268435456
2026-09-09T19:15:48.216567Z DEBUG transparent_shard_server::memory: work memory admission denied current=5905420288 limit=7516192768 held=805306368 requested=268435456
2026-09-09T19:15:48.419891Z DEBUG transparent_shard_server::memory: work memory admission denied current=5865230336 limit=7516192768 held=805306368 requested=268435456
2026-09-09T19:15:48.630409Z DEBUG transparent_shard_server::memory: work memory admission denied current=5898264576 limit=7516192768 held=805306368 requested=268435456
2026-09-09T19:15:48.842145Z DEBUG transparent_shard_server::memory: work memory admission denied current=5905301504 limit=7516192768 held=805306368 requested=268435456
2026-09-09T19:15:49.047643Z DEBUG transparent_shard_server::memory: work memory admission denied current=5905412096 limit=7516192768 held=805306368 requested=268435456
2026-09-09T19:15:49.234421Z DEBUG transparent_shard_server::runtime: construction stage geometry="recent-8k" table="pages" seconds=2.12783197 stage="pack_preprocessing"
2026-09-09T19:15:49.234705Z DEBUG transparent_shard_server::runtime: construction stage geometry="recent-8k" table="pages" seconds=0.000248168 stage="publish_parameters"
2026-09-09T19:15:49.235391Z DEBUG transparent_shard_server::runtime: runtime stage key=("268f5c527d35817d37919707b04a706c850d449156baa071b5438dbf8eb53aec", Pages, 0) seconds=3.079054933 stage="runtime_build"
2026-09-09T19:15:49.235406Z DEBUG transparent_shard_server::runtime: runtime stage key=("268f5c527d35817d37919707b04a706c850d449156baa071b5438dbf8eb53aec", Pages, 0) reserved_bytes=136314880 stage="serialization_handoff"
2026-09-09T19:15:49.886425Z DEBUG transparent_shard_server::runtime: runtime stage key=("268f5c527d35817d37919707b04a706c850d449156baa071b5438dbf8eb53aec", Pages, 0) seconds=0.651012812 stage="disk_save"
2026-09-09T19:15:49.889205Z  INFO transparent_shard_server::service: prewarm finished warm=28 target=28 failed=0 seconds=7.047980646
2026-09-09T19:15:49.891035Z DEBUG transparent_shard_server::live: publication preparation stages map=12cbb58695cd66166197842d179b61598c15effb06ad32efcd899a13e36e7b10 loading_seconds=0.587247106 warming_seconds=7.049883647
test burst::publication_burst_under_exact_load ... ok

test result: ok. 1 passed; 0 failed; 0 ignored; 0 measured; 14 filtered out; finished in 107.02s

Finished with result: success
Main processes terminated with: code=exited/status=0
Service runtime: 1min 47.062s
CPU time consumed: 3min 55.195s
Memory peak: 2.0M
Memory swap peak: 0B
