Running as unit: transparent-full-burst-e1b034297d214f26b7109e584b7f5940.service

running 1 test
2026-09-09T19:15:55.501226Z DEBUG transparent_shard_server::runtime: runtime stage key=("5b7ee9849d47f5ee67d04eb6ca4588beacf42dce75e5a1b481dfd02607b1fb20", Directory, 0) seconds=1.2563e-5 stage="restore_slot"
2026-09-09T19:15:55.501266Z DEBUG transparent_shard_server::runtime: runtime stage key=("1f5d7213a380745d83cc554ad16bdf9e039a0304d0de0b71376828e1838d0ea4", Pages, 0) seconds=7.26e-7 stage="restore_slot"
2026-09-09T19:15:55.501237Z DEBUG transparent_shard_server::runtime: runtime stage key=("5b7ee9849d47f5ee67d04eb6ca4588beacf42dce75e5a1b481dfd02607b1fb20", Pages, 0) seconds=1.012e-6 stage="restore_slot"
2026-09-09T19:15:55.501272Z DEBUG transparent_shard_server::runtime: runtime stage key=("1f5d7213a380745d83cc554ad16bdf9e039a0304d0de0b71376828e1838d0ea4", Directory, 0) seconds=4.9e-7 stage="restore_slot"
2026-09-09T19:15:55.501858Z DEBUG transparent_shard_server::runtime: runtime stage key=("1f5d7213a380745d83cc554ad16bdf9e039a0304d0de0b71376828e1838d0ea4", Directory, 0) seconds=3.5504e-5 hit=false stage="disk_restore"
2026-09-09T19:15:55.501866Z DEBUG transparent_shard_server::runtime: runtime stage key=("5b7ee9849d47f5ee67d04eb6ca4588beacf42dce75e5a1b481dfd02607b1fb20", Pages, 0) seconds=3.0361e-5 hit=false stage="disk_restore"
2026-09-09T19:15:55.501869Z DEBUG transparent_shard_server::runtime: runtime stage key=("5b7ee9849d47f5ee67d04eb6ca4588beacf42dce75e5a1b481dfd02607b1fb20", Directory, 0) seconds=2.5398e-5 hit=false stage="disk_restore"
2026-09-09T19:15:55.501888Z DEBUG transparent_shard_server::runtime: runtime stage key=("1f5d7213a380745d83cc554ad16bdf9e039a0304d0de0b71376828e1838d0ea4", Pages, 0) seconds=9.571e-6 hit=false stage="disk_restore"
2026-09-09T19:15:55.501896Z DEBUG transparent_shard_server::runtime: runtime stage key=("1f5d7213a380745d83cc554ad16bdf9e039a0304d0de0b71376828e1838d0ea4", Directory, 0) seconds=1.159e-6 stage="build_slot"
2026-09-09T19:15:55.501935Z DEBUG transparent_shard_server::memory: cold build admission wait seconds=3.03e-5 admitted=true
2026-09-09T19:15:55.634285Z DEBUG transparent_shard_server::runtime: runtime stage key=("1f5d7213a380745d83cc554ad16bdf9e039a0304d0de0b71376828e1838d0ea4", Directory, 0) seconds=0.132332103 stage="source_load"
2026-09-09T19:15:55.929423Z DEBUG transparent_shard_server::runtime: construction stage geometry="recent-8k" table="directory" seconds=0.295091249 stage="encode_database"
2026-09-09T19:15:55.929529Z DEBUG transparent_shard_server::runtime: construction stage geometry="recent-8k" table="directory" seconds=6.3671e-5 stage="public_setup"
2026-09-09T19:15:56.522049Z DEBUG transparent_shard_server::runtime: construction stage geometry="recent-8k" table="directory" seconds=0.592515207 stage="hint_columns"
2026-09-09T19:15:58.576032Z DEBUG transparent_shard_server::runtime: construction stage geometry="recent-8k" table="directory" seconds=2.053939254 stage="pack_preprocessing"
2026-09-09T19:15:58.576341Z DEBUG transparent_shard_server::runtime: construction stage geometry="recent-8k" table="directory" seconds=0.000265832 stage="publish_parameters"
2026-09-09T19:15:58.577665Z DEBUG transparent_shard_server::runtime: runtime stage key=("1f5d7213a380745d83cc554ad16bdf9e039a0304d0de0b71376828e1838d0ea4", Directory, 0) seconds=2.943335217 stage="runtime_build"
2026-09-09T19:15:58.579175Z DEBUG transparent_shard_server::runtime: runtime stage key=("1f5d7213a380745d83cc554ad16bdf9e039a0304d0de0b71376828e1838d0ea4", Directory, 0) reserved_bytes=136314880 stage="serialization_handoff"
2026-09-09T19:15:58.579195Z DEBUG transparent_shard_server::runtime: runtime stage key=("5b7ee9849d47f5ee67d04eb6ca4588beacf42dce75e5a1b481dfd02607b1fb20", Pages, 0) seconds=3.077289187 stage="build_slot"
2026-09-09T19:15:58.579299Z DEBUG transparent_shard_server::memory: cold build admission wait seconds=8.1144e-5 admitted=true
2026-09-09T19:15:58.712990Z DEBUG transparent_shard_server::runtime: runtime stage key=("5b7ee9849d47f5ee67d04eb6ca4588beacf42dce75e5a1b481dfd02607b1fb20", Pages, 0) seconds=0.133663286 stage="source_load"
2026-09-09T19:15:59.014578Z DEBUG transparent_shard_server::runtime: construction stage geometry="recent-8k" table="pages" seconds=0.301536967 stage="encode_database"
2026-09-09T19:15:59.014674Z DEBUG transparent_shard_server::runtime: construction stage geometry="recent-8k" table="pages" seconds=6.0353e-5 stage="public_setup"
2026-09-09T19:15:59.459963Z DEBUG transparent_shard_server::runtime: runtime stage key=("1f5d7213a380745d83cc554ad16bdf9e039a0304d0de0b71376828e1838d0ea4", Directory, 0) seconds=0.880769676 stage="disk_save"
2026-09-09T19:15:59.460049Z DEBUG transparent_shard_server::runtime: runtime stage key=("ca7afe810c988a8b4b561668f3456a9f38d1fdbb0776614e07ddfeb1a2132000", Directory, 0) seconds=1.749e-6 stage="restore_slot"
2026-09-09T19:15:59.462239Z DEBUG transparent_shard_server::runtime: runtime stage key=("ca7afe810c988a8b4b561668f3456a9f38d1fdbb0776614e07ddfeb1a2132000", Directory, 0) seconds=4.9473e-5 hit=false stage="disk_restore"
2026-09-09T19:15:59.607541Z DEBUG transparent_shard_server::runtime: construction stage geometry="recent-8k" table="pages" seconds=0.592860113 stage="hint_columns"
2026-09-09T19:16:01.699884Z DEBUG transparent_shard_server::runtime: construction stage geometry="recent-8k" table="pages" seconds=2.092304348 stage="pack_preprocessing"
2026-09-09T19:16:01.700221Z DEBUG transparent_shard_server::runtime: construction stage geometry="recent-8k" table="pages" seconds=0.000296757 stage="publish_parameters"
2026-09-09T19:16:01.700905Z DEBUG transparent_shard_server::runtime: runtime stage key=("5b7ee9849d47f5ee67d04eb6ca4588beacf42dce75e5a1b481dfd02607b1fb20", Pages, 0) seconds=2.9878645710000002 stage="runtime_build"
2026-09-09T19:16:01.700950Z DEBUG transparent_shard_server::runtime: runtime stage key=("5b7ee9849d47f5ee67d04eb6ca4588beacf42dce75e5a1b481dfd02607b1fb20", Pages, 0) reserved_bytes=136314880 stage="serialization_handoff"
2026-09-09T19:16:01.700994Z DEBUG transparent_shard_server::runtime: runtime stage key=("5b7ee9849d47f5ee67d04eb6ca4588beacf42dce75e5a1b481dfd02607b1fb20", Directory, 0) seconds=6.199087413 stage="build_slot"
2026-09-09T19:16:01.701128Z DEBUG transparent_shard_server::memory: cold build admission wait seconds=0.000111071 admitted=true
2026-09-09T19:16:01.835497Z DEBUG transparent_shard_server::runtime: runtime stage key=("5b7ee9849d47f5ee67d04eb6ca4588beacf42dce75e5a1b481dfd02607b1fb20", Directory, 0) seconds=0.134315722 stage="source_load"
2026-09-09T19:16:02.139606Z DEBUG transparent_shard_server::runtime: construction stage geometry="recent-8k" table="directory" seconds=0.304069733 stage="encode_database"
2026-09-09T19:16:02.139707Z DEBUG transparent_shard_server::runtime: construction stage geometry="recent-8k" table="directory" seconds=6.8983e-5 stage="public_setup"
2026-09-09T19:16:02.404623Z DEBUG transparent_shard_server::runtime: runtime stage key=("5b7ee9849d47f5ee67d04eb6ca4588beacf42dce75e5a1b481dfd02607b1fb20", Pages, 0) seconds=0.703665595 stage="disk_save"
2026-09-09T19:16:02.404689Z DEBUG transparent_shard_server::runtime: runtime stage key=("ca7afe810c988a8b4b561668f3456a9f38d1fdbb0776614e07ddfeb1a2132000", Pages, 0) seconds=1.338e-6 stage="restore_slot"
2026-09-09T19:16:02.404831Z DEBUG transparent_shard_server::runtime: runtime stage key=("ca7afe810c988a8b4b561668f3456a9f38d1fdbb0776614e07ddfeb1a2132000", Pages, 0) seconds=4.6039e-5 hit=false stage="disk_restore"
2026-09-09T19:16:02.740637Z DEBUG transparent_shard_server::runtime: construction stage geometry="recent-8k" table="directory" seconds=0.600924444 stage="hint_columns"
2026-09-09T19:16:04.771881Z DEBUG transparent_shard_server::runtime: construction stage geometry="recent-8k" table="directory" seconds=2.031197241 stage="pack_preprocessing"
2026-09-09T19:16:04.772174Z DEBUG transparent_shard_server::runtime: construction stage geometry="recent-8k" table="directory" seconds=0.000255624 stage="publish_parameters"
2026-09-09T19:16:04.772811Z DEBUG transparent_shard_server::runtime: runtime stage key=("5b7ee9849d47f5ee67d04eb6ca4588beacf42dce75e5a1b481dfd02607b1fb20", Directory, 0) seconds=2.937276452 stage="runtime_build"
2026-09-09T19:16:04.772851Z DEBUG transparent_shard_server::runtime: runtime stage key=("5b7ee9849d47f5ee67d04eb6ca4588beacf42dce75e5a1b481dfd02607b1fb20", Directory, 0) reserved_bytes=136314880 stage="serialization_handoff"
2026-09-09T19:16:04.772989Z DEBUG transparent_shard_server::runtime: runtime stage key=("1f5d7213a380745d83cc554ad16bdf9e039a0304d0de0b71376828e1838d0ea4", Pages, 0) seconds=9.271081767 stage="build_slot"
2026-09-09T19:16:04.773090Z DEBUG transparent_shard_server::memory: cold build admission wait seconds=7.9504e-5 admitted=true
2026-09-09T19:16:04.902715Z DEBUG transparent_shard_server::runtime: runtime stage key=("1f5d7213a380745d83cc554ad16bdf9e039a0304d0de0b71376828e1838d0ea4", Pages, 0) seconds=0.129594661 stage="source_load"
2026-09-09T19:16:05.198566Z DEBUG transparent_shard_server::runtime: construction stage geometry="recent-8k" table="pages" seconds=0.29582051 stage="encode_database"
2026-09-09T19:16:05.198662Z DEBUG transparent_shard_server::runtime: construction stage geometry="recent-8k" table="pages" seconds=6.7147e-5 stage="public_setup"
2026-09-09T19:16:05.461376Z DEBUG transparent_shard_server::runtime: runtime stage key=("5b7ee9849d47f5ee67d04eb6ca4588beacf42dce75e5a1b481dfd02607b1fb20", Directory, 0) seconds=0.688519797 stage="disk_save"
2026-09-09T19:16:05.464200Z DEBUG transparent_shard_server::runtime: runtime stage key=("95df7205357fe2d9c962d2b41daded841e05afa7b6fc8d06dfec46ad04e15335", Directory, 0) seconds=1.367e-6 stage="restore_slot"
2026-09-09T19:16:05.464353Z DEBUG transparent_shard_server::runtime: runtime stage key=("95df7205357fe2d9c962d2b41daded841e05afa7b6fc8d06dfec46ad04e15335", Directory, 0) seconds=3.9468e-5 hit=false stage="disk_restore"
2026-09-09T19:16:05.832517Z DEBUG transparent_shard_server::runtime: construction stage geometry="recent-8k" table="pages" seconds=0.633848233 stage="hint_columns"
2026-09-09T19:16:07.881875Z DEBUG transparent_shard_server::runtime: construction stage geometry="recent-8k" table="pages" seconds=2.049315036 stage="pack_preprocessing"
2026-09-09T19:16:07.882157Z DEBUG transparent_shard_server::runtime: construction stage geometry="recent-8k" table="pages" seconds=0.000242897 stage="publish_parameters"
2026-09-09T19:16:07.882822Z DEBUG transparent_shard_server::runtime: runtime stage key=("1f5d7213a380745d83cc554ad16bdf9e039a0304d0de0b71376828e1838d0ea4", Pages, 0) seconds=2.980077429 stage="runtime_build"
2026-09-09T19:16:07.882863Z DEBUG transparent_shard_server::runtime: runtime stage key=("ca7afe810c988a8b4b561668f3456a9f38d1fdbb0776614e07ddfeb1a2132000", Directory, 0) seconds=8.42057739 stage="build_slot"
2026-09-09T19:16:07.882945Z DEBUG transparent_shard_server::memory: cold build admission wait seconds=7.6476e-5 admitted=true
2026-09-09T19:16:07.889204Z DEBUG transparent_shard_server::runtime: runtime stage key=("1f5d7213a380745d83cc554ad16bdf9e039a0304d0de0b71376828e1838d0ea4", Pages, 0) reserved_bytes=136314880 stage="serialization_handoff"
2026-09-09T19:16:08.017997Z DEBUG transparent_shard_server::runtime: runtime stage key=("ca7afe810c988a8b4b561668f3456a9f38d1fdbb0776614e07ddfeb1a2132000", Directory, 0) seconds=0.135031184 stage="source_load"
2026-09-09T19:16:08.305836Z DEBUG transparent_shard_server::runtime: construction stage geometry="recent-8k" table="directory" seconds=0.287803816 stage="encode_database"
2026-09-09T19:16:08.305935Z DEBUG transparent_shard_server::runtime: construction stage geometry="recent-8k" table="directory" seconds=6.8953e-5 stage="public_setup"
2026-09-09T19:16:08.644664Z DEBUG transparent_shard_server::runtime: runtime stage key=("1f5d7213a380745d83cc554ad16bdf9e039a0304d0de0b71376828e1838d0ea4", Pages, 0) seconds=0.755430038 stage="disk_save"
2026-09-09T19:16:08.644736Z DEBUG transparent_shard_server::runtime: runtime stage key=("95df7205357fe2d9c962d2b41daded841e05afa7b6fc8d06dfec46ad04e15335", Pages, 0) seconds=1.711e-6 stage="restore_slot"
2026-09-09T19:16:08.644888Z DEBUG transparent_shard_server::runtime: runtime stage key=("95df7205357fe2d9c962d2b41daded841e05afa7b6fc8d06dfec46ad04e15335", Pages, 0) seconds=5.9619e-5 hit=false stage="disk_restore"
2026-09-09T19:16:08.933558Z DEBUG transparent_shard_server::runtime: construction stage geometry="recent-8k" table="directory" seconds=0.627616737 stage="hint_columns"
2026-09-09T19:16:10.943074Z DEBUG transparent_shard_server::runtime: construction stage geometry="recent-8k" table="directory" seconds=2.009472941 stage="pack_preprocessing"
2026-09-09T19:16:10.943388Z DEBUG transparent_shard_server::runtime: construction stage geometry="recent-8k" table="directory" seconds=0.000273089 stage="publish_parameters"
2026-09-09T19:16:10.944172Z DEBUG transparent_shard_server::runtime: runtime stage key=("ca7afe810c988a8b4b561668f3456a9f38d1fdbb0776614e07ddfeb1a2132000", Directory, 0) seconds=2.926140753 stage="runtime_build"
2026-09-09T19:16:10.944227Z DEBUG transparent_shard_server::runtime: runtime stage key=("ca7afe810c988a8b4b561668f3456a9f38d1fdbb0776614e07ddfeb1a2132000", Pages, 0) seconds=8.539045621 stage="build_slot"
2026-09-09T19:16:10.944338Z DEBUG transparent_shard_server::memory: cold build admission wait seconds=0.000105919 admitted=true
2026-09-09T19:16:10.944358Z DEBUG transparent_shard_server::runtime: runtime stage key=("ca7afe810c988a8b4b561668f3456a9f38d1fdbb0776614e07ddfeb1a2132000", Directory, 0) reserved_bytes=136314880 stage="serialization_handoff"
2026-09-09T19:16:11.069803Z DEBUG transparent_shard_server::runtime: runtime stage key=("ca7afe810c988a8b4b561668f3456a9f38d1fdbb0776614e07ddfeb1a2132000", Pages, 0) seconds=0.125427191 stage="source_load"
2026-09-09T19:16:11.374660Z DEBUG transparent_shard_server::runtime: construction stage geometry="recent-8k" table="pages" seconds=0.30481656 stage="encode_database"
2026-09-09T19:16:11.374767Z DEBUG transparent_shard_server::runtime: construction stage geometry="recent-8k" table="pages" seconds=7.1727e-5 stage="public_setup"
2026-09-09T19:16:11.633455Z DEBUG transparent_shard_server::runtime: runtime stage key=("ca7afe810c988a8b4b561668f3456a9f38d1fdbb0776614e07ddfeb1a2132000", Directory, 0) seconds=0.689090288 stage="disk_save"
2026-09-09T19:16:11.634207Z DEBUG transparent_shard_server::runtime: runtime stage key=("73d46a59d0d03d7616f9a47e53b50448d4c5a3504e6e296600d8884c8c4403b8", Directory, 0) seconds=1.515e-6 stage="restore_slot"
2026-09-09T19:16:11.634348Z DEBUG transparent_shard_server::runtime: runtime stage key=("73d46a59d0d03d7616f9a47e53b50448d4c5a3504e6e296600d8884c8c4403b8", Directory, 0) seconds=2.5711e-5 hit=false stage="disk_restore"
2026-09-09T19:16:12.020104Z DEBUG transparent_shard_server::runtime: construction stage geometry="recent-8k" table="pages" seconds=0.645329351 stage="hint_columns"
2026-09-09T19:16:14.064868Z DEBUG transparent_shard_server::runtime: construction stage geometry="recent-8k" table="pages" seconds=2.044720836 stage="pack_preprocessing"
2026-09-09T19:16:14.065193Z DEBUG transparent_shard_server::runtime: construction stage geometry="recent-8k" table="pages" seconds=0.000283449 stage="publish_parameters"
2026-09-09T19:16:14.066018Z DEBUG transparent_shard_server::runtime: runtime stage key=("ca7afe810c988a8b4b561668f3456a9f38d1fdbb0776614e07ddfeb1a2132000", Pages, 0) seconds=2.996177247 stage="runtime_build"
2026-09-09T19:16:14.066054Z DEBUG transparent_shard_server::runtime: runtime stage key=("ca7afe810c988a8b4b561668f3456a9f38d1fdbb0776614e07ddfeb1a2132000", Pages, 0) reserved_bytes=136314880 stage="serialization_handoff"
2026-09-09T19:16:14.066108Z DEBUG transparent_shard_server::runtime: runtime stage key=("95df7205357fe2d9c962d2b41daded841e05afa7b6fc8d06dfec46ad04e15335", Directory, 0) seconds=8.598925363 stage="build_slot"
2026-09-09T19:16:14.066234Z DEBUG transparent_shard_server::memory: cold build admission wait seconds=9.8114e-5 admitted=true
2026-09-09T19:16:14.190530Z DEBUG transparent_shard_server::runtime: runtime stage key=("95df7205357fe2d9c962d2b41daded841e05afa7b6fc8d06dfec46ad04e15335", Directory, 0) seconds=0.124228687 stage="source_load"
2026-09-09T19:16:14.482446Z DEBUG transparent_shard_server::runtime: construction stage geometry="recent-8k" table="directory" seconds=0.291867235 stage="encode_database"
2026-09-09T19:16:14.482550Z DEBUG transparent_shard_server::runtime: construction stage geometry="recent-8k" table="directory" seconds=7.1109e-5 stage="public_setup"
2026-09-09T19:16:14.767043Z DEBUG transparent_shard_server::runtime: runtime stage key=("ca7afe810c988a8b4b561668f3456a9f38d1fdbb0776614e07ddfeb1a2132000", Pages, 0) seconds=0.700980572 stage="disk_save"
2026-09-09T19:16:14.768213Z DEBUG transparent_shard_server::runtime: runtime stage key=("73d46a59d0d03d7616f9a47e53b50448d4c5a3504e6e296600d8884c8c4403b8", Pages, 0) seconds=1.15e-6 stage="restore_slot"
2026-09-09T19:16:14.768375Z DEBUG transparent_shard_server::runtime: runtime stage key=("73d46a59d0d03d7616f9a47e53b50448d4c5a3504e6e296600d8884c8c4403b8", Pages, 0) seconds=2.5077e-5 hit=false stage="disk_restore"
2026-09-09T19:16:15.121372Z DEBUG transparent_shard_server::runtime: construction stage geometry="recent-8k" table="directory" seconds=0.638815841 stage="hint_columns"
2026-09-09T19:16:17.141426Z DEBUG transparent_shard_server::runtime: construction stage geometry="recent-8k" table="directory" seconds=2.02001283 stage="pack_preprocessing"
2026-09-09T19:16:17.141714Z DEBUG transparent_shard_server::runtime: construction stage geometry="recent-8k" table="directory" seconds=0.000248645 stage="publish_parameters"
2026-09-09T19:16:17.142474Z DEBUG transparent_shard_server::runtime: runtime stage key=("95df7205357fe2d9c962d2b41daded841e05afa7b6fc8d06dfec46ad04e15335", Directory, 0) seconds=2.951896907 stage="runtime_build"
2026-09-09T19:16:17.142505Z DEBUG transparent_shard_server::runtime: runtime stage key=("95df7205357fe2d9c962d2b41daded841e05afa7b6fc8d06dfec46ad04e15335", Directory, 0) reserved_bytes=136314880 stage="serialization_handoff"
2026-09-09T19:16:17.142549Z DEBUG transparent_shard_server::runtime: runtime stage key=("95df7205357fe2d9c962d2b41daded841e05afa7b6fc8d06dfec46ad04e15335", Pages, 0) seconds=8.496366162 stage="build_slot"
2026-09-09T19:16:17.142648Z DEBUG transparent_shard_server::memory: cold build admission wait seconds=7.6133e-5 admitted=true
2026-09-09T19:16:17.264919Z DEBUG transparent_shard_server::runtime: runtime stage key=("95df7205357fe2d9c962d2b41daded841e05afa7b6fc8d06dfec46ad04e15335", Pages, 0) seconds=0.122251952 stage="source_load"
2026-09-09T19:16:17.553228Z DEBUG transparent_shard_server::runtime: construction stage geometry="recent-8k" table="pages" seconds=0.288259851 stage="encode_database"
2026-09-09T19:16:17.553333Z DEBUG transparent_shard_server::runtime: construction stage geometry="recent-8k" table="pages" seconds=7.1643e-5 stage="public_setup"
2026-09-09T19:16:18.064426Z DEBUG transparent_shard_server::runtime: runtime stage key=("95df7205357fe2d9c962d2b41daded841e05afa7b6fc8d06dfec46ad04e15335", Directory, 0) seconds=0.921914889 stage="disk_save"
2026-09-09T19:16:18.064507Z DEBUG transparent_shard_server::runtime: runtime stage key=("b16be2933ab920bc4745ea8917e5167a7a685c211e0b4febe88b4d3018f970bc", Directory, 0) seconds=1.397e-6 stage="restore_slot"
2026-09-09T19:16:18.064658Z DEBUG transparent_shard_server::runtime: runtime stage key=("b16be2933ab920bc4745ea8917e5167a7a685c211e0b4febe88b4d3018f970bc", Directory, 0) seconds=4.1839e-5 hit=false stage="disk_restore"
2026-09-09T19:16:18.195896Z DEBUG transparent_shard_server::runtime: construction stage geometry="recent-8k" table="pages" seconds=0.642555713 stage="hint_columns"
2026-09-09T19:16:20.197111Z DEBUG transparent_shard_server::runtime: construction stage geometry="recent-8k" table="pages" seconds=2.001170864 stage="pack_preprocessing"
2026-09-09T19:16:20.197427Z DEBUG transparent_shard_server::runtime: construction stage geometry="recent-8k" table="pages" seconds=0.000276947 stage="publish_parameters"
2026-09-09T19:16:20.198220Z DEBUG transparent_shard_server::runtime: runtime stage key=("95df7205357fe2d9c962d2b41daded841e05afa7b6fc8d06dfec46ad04e15335", Pages, 0) seconds=2.933252775 stage="runtime_build"
2026-09-09T19:16:20.198267Z DEBUG transparent_shard_server::runtime: runtime stage key=("95df7205357fe2d9c962d2b41daded841e05afa7b6fc8d06dfec46ad04e15335", Pages, 0) reserved_bytes=136314880 stage="serialization_handoff"
2026-09-09T19:16:20.198300Z DEBUG transparent_shard_server::runtime: runtime stage key=("73d46a59d0d03d7616f9a47e53b50448d4c5a3504e6e296600d8884c8c4403b8", Directory, 0) seconds=8.563931627 stage="build_slot"
2026-09-09T19:16:20.198402Z DEBUG transparent_shard_server::memory: cold build admission wait seconds=7.9534e-5 admitted=true
2026-09-09T19:16:20.320832Z DEBUG transparent_shard_server::runtime: runtime stage key=("73d46a59d0d03d7616f9a47e53b50448d4c5a3504e6e296600d8884c8c4403b8", Directory, 0) seconds=0.122409578 stage="source_load"
2026-09-09T19:16:20.609381Z DEBUG transparent_shard_server::runtime: construction stage geometry="recent-8k" table="directory" seconds=0.288514279 stage="encode_database"
2026-09-09T19:16:20.609491Z DEBUG transparent_shard_server::runtime: construction stage geometry="recent-8k" table="directory" seconds=7.3897e-5 stage="public_setup"
2026-09-09T19:16:20.885677Z DEBUG transparent_shard_server::runtime: runtime stage key=("95df7205357fe2d9c962d2b41daded841e05afa7b6fc8d06dfec46ad04e15335", Pages, 0) seconds=0.68740193 stage="disk_save"
2026-09-09T19:16:20.885779Z DEBUG transparent_shard_server::runtime: runtime stage key=("b16be2933ab920bc4745ea8917e5167a7a685c211e0b4febe88b4d3018f970bc", Pages, 0) seconds=1.176e-6 stage="restore_slot"
2026-09-09T19:16:20.885928Z DEBUG transparent_shard_server::runtime: runtime stage key=("b16be2933ab920bc4745ea8917e5167a7a685c211e0b4febe88b4d3018f970bc", Pages, 0) seconds=3.7051e-5 hit=false stage="disk_restore"
2026-09-09T19:16:21.210721Z DEBUG transparent_shard_server::runtime: construction stage geometry="recent-8k" table="directory" seconds=0.601223443 stage="hint_columns"
2026-09-09T19:16:23.210832Z DEBUG transparent_shard_server::runtime: construction stage geometry="recent-8k" table="directory" seconds=2.000068674 stage="pack_preprocessing"
2026-09-09T19:16:23.211120Z DEBUG transparent_shard_server::runtime: construction stage geometry="recent-8k" table="directory" seconds=0.00024587 stage="publish_parameters"
2026-09-09T19:16:23.211876Z DEBUG transparent_shard_server::runtime: runtime stage key=("73d46a59d0d03d7616f9a47e53b50448d4c5a3504e6e296600d8884c8c4403b8", Directory, 0) seconds=2.891010433 stage="runtime_build"
2026-09-09T19:16:23.211934Z DEBUG transparent_shard_server::runtime: runtime stage key=("73d46a59d0d03d7616f9a47e53b50448d4c5a3504e6e296600d8884c8c4403b8", Directory, 0) reserved_bytes=136314880 stage="serialization_handoff"
2026-09-09T19:16:23.211985Z DEBUG transparent_shard_server::runtime: runtime stage key=("73d46a59d0d03d7616f9a47e53b50448d4c5a3504e6e296600d8884c8c4403b8", Pages, 0) seconds=8.440744971 stage="build_slot"
2026-09-09T19:16:23.212092Z DEBUG transparent_shard_server::memory: cold build admission wait seconds=8.3295e-5 admitted=true
2026-09-09T19:16:23.333655Z DEBUG transparent_shard_server::runtime: runtime stage key=("73d46a59d0d03d7616f9a47e53b50448d4c5a3504e6e296600d8884c8c4403b8", Pages, 0) seconds=0.121532278 stage="source_load"
2026-09-09T19:16:23.623196Z DEBUG transparent_shard_server::runtime: construction stage geometry="recent-8k" table="pages" seconds=0.289501872 stage="encode_database"
2026-09-09T19:16:23.623313Z DEBUG transparent_shard_server::runtime: construction stage geometry="recent-8k" table="pages" seconds=7.2386e-5 stage="public_setup"
2026-09-09T19:16:23.907192Z DEBUG transparent_shard_server::runtime: runtime stage key=("73d46a59d0d03d7616f9a47e53b50448d4c5a3504e6e296600d8884c8c4403b8", Directory, 0) seconds=0.69524938 stage="disk_save"
2026-09-09T19:16:23.909204Z DEBUG transparent_shard_server::runtime: runtime stage key=("16b8227360ce35dd2e111156f5e31fd5eb500ff877879a212fef6cf8471de8a5", Directory, 0) seconds=1.476e-6 stage="restore_slot"
2026-09-09T19:16:23.909367Z DEBUG transparent_shard_server::runtime: runtime stage key=("16b8227360ce35dd2e111156f5e31fd5eb500ff877879a212fef6cf8471de8a5", Directory, 0) seconds=3.9511e-5 hit=false stage="disk_restore"
2026-09-09T19:16:24.269395Z DEBUG transparent_shard_server::runtime: construction stage geometry="recent-8k" table="pages" seconds=0.646075171 stage="hint_columns"
2026-09-09T19:16:26.261030Z DEBUG transparent_shard_server::runtime: construction stage geometry="recent-8k" table="pages" seconds=1.991592375 stage="pack_preprocessing"
2026-09-09T19:16:26.261330Z DEBUG transparent_shard_server::runtime: construction stage geometry="recent-8k" table="pages" seconds=0.000256342 stage="publish_parameters"
2026-09-09T19:16:26.262057Z DEBUG transparent_shard_server::runtime: runtime stage key=("73d46a59d0d03d7616f9a47e53b50448d4c5a3504e6e296600d8884c8c4403b8", Pages, 0) seconds=2.9283650679999997 stage="runtime_build"
2026-09-09T19:16:26.262091Z DEBUG transparent_shard_server::runtime: runtime stage key=("73d46a59d0d03d7616f9a47e53b50448d4c5a3504e6e296600d8884c8c4403b8", Pages, 0) reserved_bytes=136314880 stage="serialization_handoff"
2026-09-09T19:16:26.262126Z DEBUG transparent_shard_server::runtime: runtime stage key=("b16be2933ab920bc4745ea8917e5167a7a685c211e0b4febe88b4d3018f970bc", Directory, 0) seconds=8.194942044 stage="build_slot"
2026-09-09T19:16:26.262243Z DEBUG transparent_shard_server::memory: cold build admission wait seconds=8.8582e-5 admitted=true
2026-09-09T19:16:26.384795Z DEBUG transparent_shard_server::runtime: runtime stage key=("b16be2933ab920bc4745ea8917e5167a7a685c211e0b4febe88b4d3018f970bc", Directory, 0) seconds=0.122503706 stage="source_load"
2026-09-09T19:16:26.676955Z DEBUG transparent_shard_server::runtime: construction stage geometry="recent-8k" table="directory" seconds=0.292116778 stage="encode_database"
2026-09-09T19:16:26.677064Z DEBUG transparent_shard_server::runtime: construction stage geometry="recent-8k" table="directory" seconds=7.2851e-5 stage="public_setup"
2026-09-09T19:16:26.953032Z DEBUG transparent_shard_server::runtime: runtime stage key=("73d46a59d0d03d7616f9a47e53b50448d4c5a3504e6e296600d8884c8c4403b8", Pages, 0) seconds=0.690934051 stage="disk_save"
2026-09-09T19:16:26.954215Z DEBUG transparent_shard_server::runtime: runtime stage key=("16b8227360ce35dd2e111156f5e31fd5eb500ff877879a212fef6cf8471de8a5", Pages, 0) seconds=1.32e-6 stage="restore_slot"
2026-09-09T19:16:26.954404Z DEBUG transparent_shard_server::runtime: runtime stage key=("16b8227360ce35dd2e111156f5e31fd5eb500ff877879a212fef6cf8471de8a5", Pages, 0) seconds=4.2149e-5 hit=false stage="disk_restore"
2026-09-09T19:16:27.287533Z DEBUG transparent_shard_server::runtime: construction stage geometry="recent-8k" table="directory" seconds=0.610462219 stage="hint_columns"
2026-09-09T19:16:29.268460Z DEBUG transparent_shard_server::runtime: construction stage geometry="recent-8k" table="directory" seconds=1.980882257 stage="pack_preprocessing"
2026-09-09T19:16:29.268751Z DEBUG transparent_shard_server::runtime: construction stage geometry="recent-8k" table="directory" seconds=0.00024807 stage="publish_parameters"
2026-09-09T19:16:29.269542Z DEBUG transparent_shard_server::runtime: runtime stage key=("b16be2933ab920bc4745ea8917e5167a7a685c211e0b4febe88b4d3018f970bc", Directory, 0) seconds=2.884705619 stage="runtime_build"
2026-09-09T19:16:29.269579Z DEBUG transparent_shard_server::runtime: runtime stage key=("b16be2933ab920bc4745ea8917e5167a7a685c211e0b4febe88b4d3018f970bc", Directory, 0) reserved_bytes=136314880 stage="serialization_handoff"
2026-09-09T19:16:29.269626Z DEBUG transparent_shard_server::runtime: runtime stage key=("b16be2933ab920bc4745ea8917e5167a7a685c211e0b4febe88b4d3018f970bc", Pages, 0) seconds=8.383668814 stage="build_slot"
2026-09-09T19:16:29.269737Z DEBUG transparent_shard_server::memory: cold build admission wait seconds=8.1717e-5 admitted=true
2026-09-09T19:16:29.391526Z DEBUG transparent_shard_server::runtime: runtime stage key=("b16be2933ab920bc4745ea8917e5167a7a685c211e0b4febe88b4d3018f970bc", Pages, 0) seconds=0.121755899 stage="source_load"
2026-09-09T19:16:29.681698Z DEBUG transparent_shard_server::runtime: construction stage geometry="recent-8k" table="pages" seconds=0.290131832 stage="encode_database"
2026-09-09T19:16:29.681820Z DEBUG transparent_shard_server::runtime: construction stage geometry="recent-8k" table="pages" seconds=7.2294e-5 stage="public_setup"
2026-09-09T19:16:29.962557Z DEBUG transparent_shard_server::runtime: runtime stage key=("b16be2933ab920bc4745ea8917e5167a7a685c211e0b4febe88b4d3018f970bc", Directory, 0) seconds=0.692971227 stage="disk_save"
2026-09-09T19:16:29.965210Z DEBUG transparent_shard_server::runtime: runtime stage key=("1cd27964911287b2a127c1f8df5e6b0c19f5b4db309391c5adb2db3072bfec6e", Directory, 0) seconds=1.779e-6 stage="restore_slot"
2026-09-09T19:16:29.965373Z DEBUG transparent_shard_server::runtime: runtime stage key=("1cd27964911287b2a127c1f8df5e6b0c19f5b4db309391c5adb2db3072bfec6e", Directory, 0) seconds=4.423e-5 hit=false stage="disk_restore"
2026-09-09T19:16:30.317905Z DEBUG transparent_shard_server::runtime: construction stage geometry="recent-8k" table="pages" seconds=0.636076929 stage="hint_columns"
2026-09-09T19:16:32.306364Z DEBUG transparent_shard_server::runtime: construction stage geometry="recent-8k" table="pages" seconds=1.988410131 stage="pack_preprocessing"
2026-09-09T19:16:32.306657Z DEBUG transparent_shard_server::runtime: construction stage geometry="recent-8k" table="pages" seconds=0.000251674 stage="publish_parameters"
2026-09-09T19:16:32.307465Z DEBUG transparent_shard_server::runtime: runtime stage key=("b16be2933ab920bc4745ea8917e5167a7a685c211e0b4febe88b4d3018f970bc", Pages, 0) seconds=2.91590098 stage="runtime_build"
2026-09-09T19:16:32.307490Z DEBUG transparent_shard_server::runtime: runtime stage key=("b16be2933ab920bc4745ea8917e5167a7a685c211e0b4febe88b4d3018f970bc", Pages, 0) reserved_bytes=136314880 stage="serialization_handoff"
2026-09-09T19:16:32.310191Z DEBUG transparent_shard_server::runtime: runtime stage key=("16b8227360ce35dd2e111156f5e31fd5eb500ff877879a212fef6cf8471de8a5", Directory, 0) seconds=8.400793094 stage="build_slot"
2026-09-09T19:16:32.310279Z DEBUG transparent_shard_server::memory: cold build admission wait seconds=7.0399e-5 admitted=true
2026-09-09T19:16:32.433774Z DEBUG transparent_shard_server::runtime: runtime stage key=("16b8227360ce35dd2e111156f5e31fd5eb500ff877879a212fef6cf8471de8a5", Directory, 0) seconds=0.123467545 stage="source_load"
2026-09-09T19:16:32.725895Z DEBUG transparent_shard_server::runtime: construction stage geometry="recent-8k" table="directory" seconds=0.29207743 stage="encode_database"
2026-09-09T19:16:32.726036Z DEBUG transparent_shard_server::runtime: construction stage geometry="recent-8k" table="directory" seconds=0.000105948 stage="public_setup"
2026-09-09T19:16:32.990627Z DEBUG transparent_shard_server::runtime: runtime stage key=("b16be2933ab920bc4745ea8917e5167a7a685c211e0b4febe88b4d3018f970bc", Pages, 0) seconds=0.683130966 stage="disk_save"
2026-09-09T19:16:32.990693Z DEBUG transparent_shard_server::runtime: runtime stage key=("1cd27964911287b2a127c1f8df5e6b0c19f5b4db309391c5adb2db3072bfec6e", Pages, 0) seconds=1.573e-6 stage="restore_slot"
2026-09-09T19:16:32.990820Z DEBUG transparent_shard_server::runtime: runtime stage key=("1cd27964911287b2a127c1f8df5e6b0c19f5b4db309391c5adb2db3072bfec6e", Pages, 0) seconds=4.2705e-5 hit=false stage="disk_restore"
2026-09-09T19:16:33.347846Z DEBUG transparent_shard_server::runtime: construction stage geometry="recent-8k" table="directory" seconds=0.621801443 stage="hint_columns"
2026-09-09T19:16:35.353841Z DEBUG transparent_shard_server::runtime: construction stage geometry="recent-8k" table="directory" seconds=2.005931479 stage="pack_preprocessing"
2026-09-09T19:16:35.354127Z DEBUG transparent_shard_server::runtime: construction stage geometry="recent-8k" table="directory" seconds=0.000245834 stage="publish_parameters"
2026-09-09T19:16:35.354914Z DEBUG transparent_shard_server::runtime: runtime stage key=("16b8227360ce35dd2e111156f5e31fd5eb500ff877879a212fef6cf8471de8a5", Directory, 0) seconds=2.921099134 stage="runtime_build"
2026-09-09T19:16:35.354977Z DEBUG transparent_shard_server::runtime: runtime stage key=("16b8227360ce35dd2e111156f5e31fd5eb500ff877879a212fef6cf8471de8a5", Pages, 0) seconds=8.400535912 stage="build_slot"
2026-09-09T19:16:35.355076Z DEBUG transparent_shard_server::memory: cold build admission wait seconds=8.1607e-5 admitted=true
2026-09-09T19:16:35.355095Z DEBUG transparent_shard_server::runtime: runtime stage key=("16b8227360ce35dd2e111156f5e31fd5eb500ff877879a212fef6cf8471de8a5", Directory, 0) reserved_bytes=136314880 stage="serialization_handoff"
2026-09-09T19:16:35.476895Z DEBUG transparent_shard_server::runtime: runtime stage key=("16b8227360ce35dd2e111156f5e31fd5eb500ff877879a212fef6cf8471de8a5", Pages, 0) seconds=0.121663995 stage="source_load"
2026-09-09T19:16:35.792985Z DEBUG transparent_shard_server::runtime: construction stage geometry="recent-8k" table="pages" seconds=0.316043983 stage="encode_database"
2026-09-09T19:16:35.793101Z DEBUG transparent_shard_server::runtime: construction stage geometry="recent-8k" table="pages" seconds=7.8038e-5 stage="public_setup"
2026-09-09T19:16:36.050846Z DEBUG transparent_shard_server::runtime: runtime stage key=("16b8227360ce35dd2e111156f5e31fd5eb500ff877879a212fef6cf8471de8a5", Directory, 0) seconds=0.695744074 stage="disk_save"
2026-09-09T19:16:36.050918Z DEBUG transparent_shard_server::runtime: runtime stage key=("27f56c565263ecffb8c7736d4e811665d81bf4ed71c7978431fcc4f45b645ee1", Directory, 0) seconds=1.406e-6 stage="restore_slot"
2026-09-09T19:16:36.051050Z DEBUG transparent_shard_server::runtime: runtime stage key=("27f56c565263ecffb8c7736d4e811665d81bf4ed71c7978431fcc4f45b645ee1", Directory, 0) seconds=4.7383e-5 hit=false stage="disk_restore"
2026-09-09T19:16:36.444033Z DEBUG transparent_shard_server::runtime: construction stage geometry="recent-8k" table="pages" seconds=0.650923604 stage="hint_columns"
2026-09-09T19:16:38.451741Z DEBUG transparent_shard_server::runtime: construction stage geometry="recent-8k" table="pages" seconds=2.007664972 stage="pack_preprocessing"
2026-09-09T19:16:38.452026Z DEBUG transparent_shard_server::runtime: construction stage geometry="recent-8k" table="pages" seconds=0.000244295 stage="publish_parameters"
2026-09-09T19:16:38.452786Z DEBUG transparent_shard_server::runtime: runtime stage key=("16b8227360ce35dd2e111156f5e31fd5eb500ff877879a212fef6cf8471de8a5", Pages, 0) seconds=2.9758471220000002 stage="runtime_build"
2026-09-09T19:16:38.452815Z DEBUG transparent_shard_server::runtime: runtime stage key=("16b8227360ce35dd2e111156f5e31fd5eb500ff877879a212fef6cf8471de8a5", Pages, 0) reserved_bytes=136314880 stage="serialization_handoff"
2026-09-09T19:16:38.452859Z DEBUG transparent_shard_server::runtime: runtime stage key=("1cd27964911287b2a127c1f8df5e6b0c19f5b4db309391c5adb2db3072bfec6e", Directory, 0) seconds=8.484663815 stage="build_slot"
2026-09-09T19:16:38.453017Z DEBUG transparent_shard_server::memory: cold build admission wait seconds=0.000148085 admitted=true
2026-09-09T19:16:38.666608Z DEBUG transparent_shard_server::runtime: runtime stage key=("1cd27964911287b2a127c1f8df5e6b0c19f5b4db309391c5adb2db3072bfec6e", Directory, 0) seconds=0.213565868 stage="source_load"
2026-09-09T19:16:38.952585Z DEBUG transparent_shard_server::runtime: construction stage geometry="recent-8k" table="directory" seconds=0.285939829 stage="encode_database"
2026-09-09T19:16:38.952699Z DEBUG transparent_shard_server::runtime: construction stage geometry="recent-8k" table="directory" seconds=7.7026e-5 stage="public_setup"
2026-09-09T19:16:39.226427Z DEBUG transparent_shard_server::runtime: runtime stage key=("16b8227360ce35dd2e111156f5e31fd5eb500ff877879a212fef6cf8471de8a5", Pages, 0) seconds=0.773604868 stage="disk_save"
2026-09-09T19:16:39.226526Z DEBUG transparent_shard_server::runtime: runtime stage key=("27f56c565263ecffb8c7736d4e811665d81bf4ed71c7978431fcc4f45b645ee1", Pages, 0) seconds=2.189e-6 stage="restore_slot"
2026-09-09T19:16:39.226692Z DEBUG transparent_shard_server::runtime: runtime stage key=("27f56c565263ecffb8c7736d4e811665d81bf4ed71c7978431fcc4f45b645ee1", Pages, 0) seconds=4.2778e-5 hit=false stage="disk_restore"
2026-09-09T19:16:39.548261Z DEBUG transparent_shard_server::runtime: construction stage geometry="recent-8k" table="directory" seconds=0.595555942 stage="hint_columns"
2026-09-09T19:16:41.550122Z DEBUG transparent_shard_server::runtime: construction stage geometry="recent-8k" table="directory" seconds=2.001818562 stage="pack_preprocessing"
2026-09-09T19:16:41.550437Z DEBUG transparent_shard_server::runtime: construction stage geometry="recent-8k" table="directory" seconds=0.00026787 stage="publish_parameters"
2026-09-09T19:16:41.551236Z DEBUG transparent_shard_server::runtime: runtime stage key=("1cd27964911287b2a127c1f8df5e6b0c19f5b4db309391c5adb2db3072bfec6e", Directory, 0) seconds=2.8845927160000002 stage="runtime_build"
2026-09-09T19:16:41.551266Z DEBUG transparent_shard_server::runtime: runtime stage key=("1cd27964911287b2a127c1f8df5e6b0c19f5b4db309391c5adb2db3072bfec6e", Directory, 0) reserved_bytes=136314880 stage="serialization_handoff"
2026-09-09T19:16:41.551390Z DEBUG transparent_shard_server::runtime: runtime stage key=("1cd27964911287b2a127c1f8df5e6b0c19f5b4db309391c5adb2db3072bfec6e", Pages, 0) seconds=8.560206062 stage="build_slot"
2026-09-09T19:16:41.551496Z DEBUG transparent_shard_server::memory: cold build admission wait seconds=8.0375e-5 admitted=true
2026-09-09T19:16:41.673424Z DEBUG transparent_shard_server::runtime: runtime stage key=("1cd27964911287b2a127c1f8df5e6b0c19f5b4db309391c5adb2db3072bfec6e", Pages, 0) seconds=0.1218777 stage="source_load"
2026-09-09T19:16:41.960724Z DEBUG transparent_shard_server::runtime: construction stage geometry="recent-8k" table="pages" seconds=0.287253771 stage="encode_database"
2026-09-09T19:16:41.960833Z DEBUG transparent_shard_server::runtime: construction stage geometry="recent-8k" table="pages" seconds=7.2165e-5 stage="public_setup"
2026-09-09T19:16:42.235391Z DEBUG transparent_shard_server::runtime: runtime stage key=("1cd27964911287b2a127c1f8df5e6b0c19f5b4db309391c5adb2db3072bfec6e", Directory, 0) seconds=0.68411795 stage="disk_save"
2026-09-09T19:16:42.238205Z DEBUG transparent_shard_server::runtime: runtime stage key=("ced665ae1f1140944bcd0c9aa2b83c1019df768df87fa513f9509106fc5b88c1", Directory, 0) seconds=1.871e-6 stage="restore_slot"
2026-09-09T19:16:42.238390Z DEBUG transparent_shard_server::runtime: runtime stage key=("ced665ae1f1140944bcd0c9aa2b83c1019df768df87fa513f9509106fc5b88c1", Directory, 0) seconds=4.9364e-5 hit=false stage="disk_restore"
2026-09-09T19:16:42.600711Z DEBUG transparent_shard_server::runtime: construction stage geometry="recent-8k" table="pages" seconds=0.639869898 stage="hint_columns"
2026-09-09T19:16:44.619267Z DEBUG transparent_shard_server::runtime: construction stage geometry="recent-8k" table="pages" seconds=2.018514084 stage="pack_preprocessing"
2026-09-09T19:16:44.619538Z DEBUG transparent_shard_server::runtime: construction stage geometry="recent-8k" table="pages" seconds=0.000232981 stage="publish_parameters"
2026-09-09T19:16:44.620326Z DEBUG transparent_shard_server::runtime: runtime stage key=("1cd27964911287b2a127c1f8df5e6b0c19f5b4db309391c5adb2db3072bfec6e", Pages, 0) seconds=2.946857596 stage="runtime_build"
2026-09-09T19:16:44.620353Z DEBUG transparent_shard_server::runtime: runtime stage key=("1cd27964911287b2a127c1f8df5e6b0c19f5b4db309391c5adb2db3072bfec6e", Pages, 0) reserved_bytes=136314880 stage="serialization_handoff"
2026-09-09T19:16:44.620459Z DEBUG transparent_shard_server::runtime: runtime stage key=("27f56c565263ecffb8c7736d4e811665d81bf4ed71c7978431fcc4f45b645ee1", Directory, 0) seconds=8.568273758 stage="build_slot"
2026-09-09T19:16:44.620559Z DEBUG transparent_shard_server::memory: cold build admission wait seconds=7.7507e-5 admitted=true
2026-09-09T19:16:44.743276Z DEBUG transparent_shard_server::runtime: runtime stage key=("27f56c565263ecffb8c7736d4e811665d81bf4ed71c7978431fcc4f45b645ee1", Directory, 0) seconds=0.122688734 stage="source_load"
2026-09-09T19:16:45.040680Z DEBUG transparent_shard_server::runtime: construction stage geometry="recent-8k" table="directory" seconds=0.297362611 stage="encode_database"
2026-09-09T19:16:45.040796Z DEBUG transparent_shard_server::runtime: construction stage geometry="recent-8k" table="directory" seconds=7.2852e-5 stage="public_setup"
2026-09-09T19:16:45.424983Z DEBUG transparent_shard_server::runtime: runtime stage key=("1cd27964911287b2a127c1f8df5e6b0c19f5b4db309391c5adb2db3072bfec6e", Pages, 0) seconds=0.804623936 stage="disk_save"
2026-09-09T19:16:45.426204Z DEBUG transparent_shard_server::runtime: runtime stage key=("ced665ae1f1140944bcd0c9aa2b83c1019df768df87fa513f9509106fc5b88c1", Pages, 0) seconds=1.894e-6 stage="restore_slot"
2026-09-09T19:16:45.426343Z DEBUG transparent_shard_server::runtime: runtime stage key=("ced665ae1f1140944bcd0c9aa2b83c1019df768df87fa513f9509106fc5b88c1", Pages, 0) seconds=2.989e-5 hit=false stage="disk_restore"
2026-09-09T19:16:45.691197Z DEBUG transparent_shard_server::runtime: construction stage geometry="recent-8k" table="directory" seconds=0.650394491 stage="hint_columns"
2026-09-09T19:16:47.739750Z DEBUG transparent_shard_server::runtime: construction stage geometry="recent-8k" table="directory" seconds=2.048489514 stage="pack_preprocessing"
2026-09-09T19:16:47.740038Z DEBUG transparent_shard_server::runtime: construction stage geometry="recent-8k" table="directory" seconds=0.000246401 stage="publish_parameters"
2026-09-09T19:16:47.740827Z DEBUG transparent_shard_server::runtime: runtime stage key=("27f56c565263ecffb8c7736d4e811665d81bf4ed71c7978431fcc4f45b645ee1", Directory, 0) seconds=2.997510105 stage="runtime_build"
2026-09-09T19:16:47.740882Z DEBUG transparent_shard_server::runtime: runtime stage key=("27f56c565263ecffb8c7736d4e811665d81bf4ed71c7978431fcc4f45b645ee1", Pages, 0) seconds=8.514144548 stage="build_slot"
2026-09-09T19:16:47.740990Z DEBUG transparent_shard_server::memory: cold build admission wait seconds=9.929e-5 admitted=true
2026-09-09T19:16:47.741010Z DEBUG transparent_shard_server::runtime: runtime stage key=("27f56c565263ecffb8c7736d4e811665d81bf4ed71c7978431fcc4f45b645ee1", Directory, 0) reserved_bytes=136314880 stage="serialization_handoff"
2026-09-09T19:16:47.865541Z DEBUG transparent_shard_server::runtime: runtime stage key=("27f56c565263ecffb8c7736d4e811665d81bf4ed71c7978431fcc4f45b645ee1", Pages, 0) seconds=0.124518611 stage="source_load"
2026-09-09T19:16:48.163933Z DEBUG transparent_shard_server::runtime: construction stage geometry="recent-8k" table="pages" seconds=0.298355154 stage="encode_database"
2026-09-09T19:16:48.164065Z DEBUG transparent_shard_server::runtime: construction stage geometry="recent-8k" table="pages" seconds=0.000101211 stage="public_setup"
2026-09-09T19:16:48.429759Z DEBUG transparent_shard_server::runtime: runtime stage key=("27f56c565263ecffb8c7736d4e811665d81bf4ed71c7978431fcc4f45b645ee1", Directory, 0) seconds=0.688741365 stage="disk_save"
2026-09-09T19:16:48.429843Z DEBUG transparent_shard_server::runtime: runtime stage key=("2d4497bf9e8bafc6139ee4e57114238a7ecfa0782702939922bf2a79b1fe05bf", Directory, 0) seconds=1.401e-6 stage="restore_slot"
2026-09-09T19:16:48.429982Z DEBUG transparent_shard_server::runtime: runtime stage key=("2d4497bf9e8bafc6139ee4e57114238a7ecfa0782702939922bf2a79b1fe05bf", Directory, 0) seconds=4.6247e-5 hit=false stage="disk_restore"
2026-09-09T19:16:48.801796Z DEBUG transparent_shard_server::runtime: construction stage geometry="recent-8k" table="pages" seconds=0.637724553 stage="hint_columns"
test burst::publication_burst_under_exact_load has been running for over 60 seconds
2026-09-09T19:16:50.823781Z DEBUG transparent_shard_server::runtime: construction stage geometry="recent-8k" table="pages" seconds=2.021940561 stage="pack_preprocessing"
2026-09-09T19:16:50.824070Z DEBUG transparent_shard_server::runtime: construction stage geometry="recent-8k" table="pages" seconds=0.000247809 stage="publish_parameters"
2026-09-09T19:16:50.824813Z DEBUG transparent_shard_server::runtime: runtime stage key=("27f56c565263ecffb8c7736d4e811665d81bf4ed71c7978431fcc4f45b645ee1", Pages, 0) seconds=2.959237387 stage="runtime_build"
2026-09-09T19:16:50.824857Z DEBUG transparent_shard_server::runtime: runtime stage key=("27f56c565263ecffb8c7736d4e811665d81bf4ed71c7978431fcc4f45b645ee1", Pages, 0) reserved_bytes=136314880 stage="serialization_handoff"
2026-09-09T19:16:50.824974Z DEBUG transparent_shard_server::runtime: runtime stage key=("ced665ae1f1140944bcd0c9aa2b83c1019df768df87fa513f9509106fc5b88c1", Directory, 0) seconds=8.586549572 stage="build_slot"
2026-09-09T19:16:50.825074Z DEBUG transparent_shard_server::memory: cold build admission wait seconds=7.765e-5 admitted=true
2026-09-09T19:16:50.945231Z DEBUG transparent_shard_server::runtime: runtime stage key=("ced665ae1f1140944bcd0c9aa2b83c1019df768df87fa513f9509106fc5b88c1", Directory, 0) seconds=0.120138196 stage="source_load"
2026-09-09T19:16:51.247640Z DEBUG transparent_shard_server::runtime: construction stage geometry="recent-8k" table="directory" seconds=0.302369864 stage="encode_database"
2026-09-09T19:16:51.247747Z DEBUG transparent_shard_server::runtime: construction stage geometry="recent-8k" table="directory" seconds=7.5708e-5 stage="public_setup"
2026-09-09T19:16:51.537708Z DEBUG transparent_shard_server::runtime: runtime stage key=("27f56c565263ecffb8c7736d4e811665d81bf4ed71c7978431fcc4f45b645ee1", Pages, 0) seconds=0.712845306 stage="disk_save"
2026-09-09T19:16:51.537789Z DEBUG transparent_shard_server::runtime: runtime stage key=("2d4497bf9e8bafc6139ee4e57114238a7ecfa0782702939922bf2a79b1fe05bf", Pages, 0) seconds=1.335e-6 stage="restore_slot"
2026-09-09T19:16:51.537938Z DEBUG transparent_shard_server::runtime: runtime stage key=("2d4497bf9e8bafc6139ee4e57114238a7ecfa0782702939922bf2a79b1fe05bf", Pages, 0) seconds=3.9126e-5 hit=false stage="disk_restore"
2026-09-09T19:16:51.853214Z DEBUG transparent_shard_server::runtime: construction stage geometry="recent-8k" table="directory" seconds=0.605460536 stage="hint_columns"
2026-09-09T19:16:53.866021Z DEBUG transparent_shard_server::runtime: construction stage geometry="recent-8k" table="directory" seconds=2.012766137 stage="pack_preprocessing"
2026-09-09T19:16:53.866322Z DEBUG transparent_shard_server::runtime: construction stage geometry="recent-8k" table="directory" seconds=0.000260063 stage="publish_parameters"
2026-09-09T19:16:53.867063Z DEBUG transparent_shard_server::runtime: runtime stage key=("ced665ae1f1140944bcd0c9aa2b83c1019df768df87fa513f9509106fc5b88c1", Directory, 0) seconds=2.921795018 stage="runtime_build"
2026-09-09T19:16:53.867087Z DEBUG transparent_shard_server::runtime: runtime stage key=("ced665ae1f1140944bcd0c9aa2b83c1019df768df87fa513f9509106fc5b88c1", Directory, 0) reserved_bytes=136314880 stage="serialization_handoff"
2026-09-09T19:16:53.867216Z DEBUG transparent_shard_server::runtime: runtime stage key=("ced665ae1f1140944bcd0c9aa2b83c1019df768df87fa513f9509106fc5b88c1", Pages, 0) seconds=8.440857133 stage="build_slot"
2026-09-09T19:16:53.867324Z DEBUG transparent_shard_server::memory: cold build admission wait seconds=7.6119e-5 admitted=true
2026-09-09T19:16:53.988880Z DEBUG transparent_shard_server::runtime: runtime stage key=("ced665ae1f1140944bcd0c9aa2b83c1019df768df87fa513f9509106fc5b88c1", Pages, 0) seconds=0.121508755 stage="source_load"
2026-09-09T19:16:54.293566Z DEBUG transparent_shard_server::runtime: construction stage geometry="recent-8k" table="pages" seconds=0.30463315 stage="encode_database"
2026-09-09T19:16:54.293672Z DEBUG transparent_shard_server::runtime: construction stage geometry="recent-8k" table="pages" seconds=7.6342e-5 stage="public_setup"
2026-09-09T19:16:54.579773Z DEBUG transparent_shard_server::runtime: runtime stage key=("ced665ae1f1140944bcd0c9aa2b83c1019df768df87fa513f9509106fc5b88c1", Directory, 0) seconds=0.712678222 stage="disk_save"
2026-09-09T19:16:54.580198Z DEBUG transparent_shard_server::runtime: runtime stage key=("a4bd72b37c0aafb265c77bb09cbc402cf69b65a87a1fabc8a0f12614b35469be", Directory, 0) seconds=1.348e-6 stage="restore_slot"
2026-09-09T19:16:54.580354Z DEBUG transparent_shard_server::runtime: runtime stage key=("a4bd72b37c0aafb265c77bb09cbc402cf69b65a87a1fabc8a0f12614b35469be", Directory, 0) seconds=5.2611e-5 hit=false stage="disk_restore"
2026-09-09T19:16:54.956214Z DEBUG transparent_shard_server::runtime: construction stage geometry="recent-8k" table="pages" seconds=0.662535575 stage="hint_columns"
2026-09-09T19:16:56.978547Z DEBUG transparent_shard_server::runtime: construction stage geometry="recent-8k" table="pages" seconds=2.022287866 stage="pack_preprocessing"
2026-09-09T19:16:56.978836Z DEBUG transparent_shard_server::runtime: construction stage geometry="recent-8k" table="pages" seconds=0.00025189 stage="publish_parameters"
2026-09-09T19:16:56.979591Z DEBUG transparent_shard_server::runtime: runtime stage key=("ced665ae1f1140944bcd0c9aa2b83c1019df768df87fa513f9509106fc5b88c1", Pages, 0) seconds=2.990660779 stage="runtime_build"
2026-09-09T19:16:56.979617Z DEBUG transparent_shard_server::runtime: runtime stage key=("ced665ae1f1140944bcd0c9aa2b83c1019df768df87fa513f9509106fc5b88c1", Pages, 0) reserved_bytes=136314880 stage="serialization_handoff"
2026-09-09T19:16:56.979651Z DEBUG transparent_shard_server::runtime: runtime stage key=("2d4497bf9e8bafc6139ee4e57114238a7ecfa0782702939922bf2a79b1fe05bf", Directory, 0) seconds=8.547466125 stage="build_slot"
2026-09-09T19:16:56.979752Z DEBUG transparent_shard_server::memory: cold build admission wait seconds=7.7543e-5 admitted=true
2026-09-09T19:16:57.101702Z DEBUG transparent_shard_server::runtime: runtime stage key=("2d4497bf9e8bafc6139ee4e57114238a7ecfa0782702939922bf2a79b1fe05bf", Directory, 0) seconds=0.121923407 stage="source_load"
2026-09-09T19:16:57.404312Z DEBUG transparent_shard_server::runtime: construction stage geometry="recent-8k" table="directory" seconds=0.302564643 stage="encode_database"
2026-09-09T19:16:57.404417Z DEBUG transparent_shard_server::runtime: construction stage geometry="recent-8k" table="directory" seconds=7.4435e-5 stage="public_setup"
2026-09-09T19:16:57.915995Z DEBUG transparent_shard_server::runtime: runtime stage key=("ced665ae1f1140944bcd0c9aa2b83c1019df768df87fa513f9509106fc5b88c1", Pages, 0) seconds=0.936370291 stage="disk_save"
2026-09-09T19:16:57.918234Z DEBUG transparent_shard_server::runtime: runtime stage key=("a4bd72b37c0aafb265c77bb09cbc402cf69b65a87a1fabc8a0f12614b35469be", Pages, 0) seconds=1.275e-6 stage="restore_slot"
2026-09-09T19:16:57.918390Z DEBUG transparent_shard_server::runtime: runtime stage key=("a4bd72b37c0aafb265c77bb09cbc402cf69b65a87a1fabc8a0f12614b35469be", Pages, 0) seconds=3.1761e-5 hit=false stage="disk_restore"
2026-09-09T19:16:57.998577Z DEBUG transparent_shard_server::runtime: construction stage geometry="recent-8k" table="directory" seconds=0.594151192 stage="hint_columns"
2026-09-09T19:17:00.012817Z DEBUG transparent_shard_server::runtime: construction stage geometry="recent-8k" table="directory" seconds=2.014195028 stage="pack_preprocessing"
2026-09-09T19:17:00.013113Z DEBUG transparent_shard_server::runtime: construction stage geometry="recent-8k" table="directory" seconds=0.000258798 stage="publish_parameters"
2026-09-09T19:17:00.013857Z DEBUG transparent_shard_server::runtime: runtime stage key=("2d4497bf9e8bafc6139ee4e57114238a7ecfa0782702939922bf2a79b1fe05bf", Directory, 0) seconds=2.912111538 stage="runtime_build"
2026-09-09T19:17:00.013902Z DEBUG transparent_shard_server::runtime: runtime stage key=("2d4497bf9e8bafc6139ee4e57114238a7ecfa0782702939922bf2a79b1fe05bf", Pages, 0) seconds=8.475927059 stage="build_slot"
2026-09-09T19:17:00.013976Z DEBUG transparent_shard_server::memory: cold build admission wait seconds=6.8466e-5 admitted=true
2026-09-09T19:17:00.013995Z DEBUG transparent_shard_server::runtime: runtime stage key=("2d4497bf9e8bafc6139ee4e57114238a7ecfa0782702939922bf2a79b1fe05bf", Directory, 0) reserved_bytes=136314880 stage="serialization_handoff"
2026-09-09T19:17:00.135679Z DEBUG transparent_shard_server::runtime: runtime stage key=("2d4497bf9e8bafc6139ee4e57114238a7ecfa0782702939922bf2a79b1fe05bf", Pages, 0) seconds=0.121667454 stage="source_load"
2026-09-09T19:17:00.441356Z DEBUG transparent_shard_server::runtime: construction stage geometry="recent-8k" table="pages" seconds=0.305637044 stage="encode_database"
2026-09-09T19:17:00.441466Z DEBUG transparent_shard_server::runtime: construction stage geometry="recent-8k" table="pages" seconds=7.1993e-5 stage="public_setup"
2026-09-09T19:17:00.734060Z DEBUG transparent_shard_server::runtime: runtime stage key=("2d4497bf9e8bafc6139ee4e57114238a7ecfa0782702939922bf2a79b1fe05bf", Directory, 0) seconds=0.720056698 stage="disk_save"
2026-09-09T19:17:00.734127Z DEBUG transparent_shard_server::runtime: runtime stage key=("c907a0aa45b2551520863990845279fd25135889865e088c2dad6ea0d32b8fde", Directory, 0) seconds=1.67e-6 stage="restore_slot"
2026-09-09T19:17:00.734262Z DEBUG transparent_shard_server::runtime: runtime stage key=("c907a0aa45b2551520863990845279fd25135889865e088c2dad6ea0d32b8fde", Directory, 0) seconds=4.1735e-5 hit=false stage="disk_restore"
2026-09-09T19:17:01.097715Z DEBUG transparent_shard_server::runtime: construction stage geometry="recent-8k" table="pages" seconds=0.656241552 stage="hint_columns"
2026-09-09T19:17:03.129288Z DEBUG transparent_shard_server::runtime: construction stage geometry="recent-8k" table="pages" seconds=2.031530547 stage="pack_preprocessing"
2026-09-09T19:17:03.129576Z DEBUG transparent_shard_server::runtime: construction stage geometry="recent-8k" table="pages" seconds=0.000246241 stage="publish_parameters"
2026-09-09T19:17:03.130373Z DEBUG transparent_shard_server::runtime: runtime stage key=("2d4497bf9e8bafc6139ee4e57114238a7ecfa0782702939922bf2a79b1fe05bf", Pages, 0) seconds=2.994657451 stage="runtime_build"
2026-09-09T19:17:03.130403Z DEBUG transparent_shard_server::runtime: runtime stage key=("2d4497bf9e8bafc6139ee4e57114238a7ecfa0782702939922bf2a79b1fe05bf", Pages, 0) reserved_bytes=136314880 stage="serialization_handoff"
2026-09-09T19:17:03.130510Z DEBUG transparent_shard_server::runtime: runtime stage key=("a4bd72b37c0aafb265c77bb09cbc402cf69b65a87a1fabc8a0f12614b35469be", Directory, 0) seconds=8.550116678 stage="build_slot"
2026-09-09T19:17:03.130631Z DEBUG transparent_shard_server::memory: cold build admission wait seconds=9.7877e-5 admitted=true
2026-09-09T19:17:03.255299Z DEBUG transparent_shard_server::runtime: runtime stage key=("a4bd72b37c0aafb265c77bb09cbc402cf69b65a87a1fabc8a0f12614b35469be", Directory, 0) seconds=0.124647894 stage="source_load"
2026-09-09T19:17:03.562321Z DEBUG transparent_shard_server::runtime: construction stage geometry="recent-8k" table="directory" seconds=0.306949499 stage="encode_database"
2026-09-09T19:17:03.562431Z DEBUG transparent_shard_server::runtime: construction stage geometry="recent-8k" table="directory" seconds=7.5489e-5 stage="public_setup"
2026-09-09T19:17:03.844014Z DEBUG transparent_shard_server::runtime: runtime stage key=("2d4497bf9e8bafc6139ee4e57114238a7ecfa0782702939922bf2a79b1fe05bf", Pages, 0) seconds=0.713604359 stage="disk_save"
2026-09-09T19:17:03.844104Z DEBUG transparent_shard_server::runtime: runtime stage key=("c907a0aa45b2551520863990845279fd25135889865e088c2dad6ea0d32b8fde", Pages, 0) seconds=1.247e-6 stage="restore_slot"
2026-09-09T19:17:03.844254Z DEBUG transparent_shard_server::runtime: runtime stage key=("c907a0aa45b2551520863990845279fd25135889865e088c2dad6ea0d32b8fde", Pages, 0) seconds=2.7257e-5 hit=false stage="disk_restore"
2026-09-09T19:17:04.180286Z DEBUG transparent_shard_server::runtime: construction stage geometry="recent-8k" table="directory" seconds=0.617849132 stage="hint_columns"
2026-09-09T19:17:06.198057Z DEBUG transparent_shard_server::runtime: construction stage geometry="recent-8k" table="directory" seconds=2.017724342 stage="pack_preprocessing"
2026-09-09T19:17:06.198353Z DEBUG transparent_shard_server::runtime: construction stage geometry="recent-8k" table="directory" seconds=0.000257732 stage="publish_parameters"
2026-09-09T19:17:06.199090Z DEBUG transparent_shard_server::runtime: runtime stage key=("a4bd72b37c0aafb265c77bb09cbc402cf69b65a87a1fabc8a0f12614b35469be", Directory, 0) seconds=2.943720922 stage="runtime_build"
2026-09-09T19:17:06.199116Z DEBUG transparent_shard_server::runtime: runtime stage key=("a4bd72b37c0aafb265c77bb09cbc402cf69b65a87a1fabc8a0f12614b35469be", Directory, 0) reserved_bytes=136314880 stage="serialization_handoff"
2026-09-09T19:17:06.199152Z DEBUG transparent_shard_server::runtime: runtime stage key=("a4bd72b37c0aafb265c77bb09cbc402cf69b65a87a1fabc8a0f12614b35469be", Pages, 0) seconds=8.277965741 stage="build_slot"
2026-09-09T19:17:06.199256Z DEBUG transparent_shard_server::memory: cold build admission wait seconds=6.4659e-5 admitted=true
2026-09-09T19:17:06.323889Z DEBUG transparent_shard_server::runtime: runtime stage key=("a4bd72b37c0aafb265c77bb09cbc402cf69b65a87a1fabc8a0f12614b35469be", Pages, 0) seconds=0.124614876 stage="source_load"
2026-09-09T19:17:06.632284Z DEBUG transparent_shard_server::runtime: construction stage geometry="recent-8k" table="pages" seconds=0.308354048 stage="encode_database"
2026-09-09T19:17:06.632393Z DEBUG transparent_shard_server::runtime: construction stage geometry="recent-8k" table="pages" seconds=7.3642e-5 stage="public_setup"
2026-09-09T19:17:06.906658Z DEBUG transparent_shard_server::runtime: runtime stage key=("a4bd72b37c0aafb265c77bb09cbc402cf69b65a87a1fabc8a0f12614b35469be", Directory, 0) seconds=0.707523799 stage="disk_save"
2026-09-09T19:17:06.906753Z DEBUG transparent_shard_server::runtime: runtime stage key=("67574e8d4c7f7c258f8c7488f73e80a9476f8074c3db3540325133ff25020c2b", Directory, 0) seconds=1.489e-6 stage="restore_slot"
2026-09-09T19:17:06.906914Z DEBUG transparent_shard_server::runtime: runtime stage key=("67574e8d4c7f7c258f8c7488f73e80a9476f8074c3db3540325133ff25020c2b", Directory, 0) seconds=4.0068e-5 hit=false stage="disk_restore"
2026-09-09T19:17:07.276368Z DEBUG transparent_shard_server::runtime: construction stage geometry="recent-8k" table="pages" seconds=0.643968563 stage="hint_columns"
2026-09-09T19:17:09.306431Z DEBUG transparent_shard_server::runtime: construction stage geometry="recent-8k" table="pages" seconds=2.030019245 stage="pack_preprocessing"
2026-09-09T19:17:09.306707Z DEBUG transparent_shard_server::runtime: construction stage geometry="recent-8k" table="pages" seconds=0.000233916 stage="publish_parameters"
2026-09-09T19:17:09.307494Z DEBUG transparent_shard_server::runtime: runtime stage key=("a4bd72b37c0aafb265c77bb09cbc402cf69b65a87a1fabc8a0f12614b35469be", Pages, 0) seconds=2.983565816 stage="runtime_build"
2026-09-09T19:17:09.307528Z DEBUG transparent_shard_server::runtime: runtime stage key=("a4bd72b37c0aafb265c77bb09cbc402cf69b65a87a1fabc8a0f12614b35469be", Pages, 0) reserved_bytes=136314880 stage="serialization_handoff"
2026-09-09T19:17:09.307644Z DEBUG transparent_shard_server::runtime: runtime stage key=("c907a0aa45b2551520863990845279fd25135889865e088c2dad6ea0d32b8fde", Directory, 0) seconds=8.57145917 stage="build_slot"
2026-09-09T19:17:09.307752Z DEBUG transparent_shard_server::memory: cold build admission wait seconds=8.451e-5 admitted=true
2026-09-09T19:17:09.429227Z DEBUG transparent_shard_server::runtime: runtime stage key=("c907a0aa45b2551520863990845279fd25135889865e088c2dad6ea0d32b8fde", Directory, 0) seconds=0.121431794 stage="source_load"
2026-09-09T19:17:09.733763Z DEBUG transparent_shard_server::runtime: construction stage geometry="recent-8k" table="directory" seconds=0.304493665 stage="encode_database"
2026-09-09T19:17:09.733867Z DEBUG transparent_shard_server::runtime: construction stage geometry="recent-8k" table="directory" seconds=7.4593e-5 stage="public_setup"
2026-09-09T19:17:10.015975Z DEBUG transparent_shard_server::runtime: runtime stage key=("a4bd72b37c0aafb265c77bb09cbc402cf69b65a87a1fabc8a0f12614b35469be", Pages, 0) seconds=0.708439557 stage="disk_save"
2026-09-09T19:17:10.016046Z DEBUG transparent_shard_server::runtime: runtime stage key=("67574e8d4c7f7c258f8c7488f73e80a9476f8074c3db3540325133ff25020c2b", Pages, 0) seconds=1.778e-6 stage="restore_slot"
2026-09-09T19:17:10.016277Z DEBUG transparent_shard_server::runtime: runtime stage key=("67574e8d4c7f7c258f8c7488f73e80a9476f8074c3db3540325133ff25020c2b", Pages, 0) seconds=0.00014569 hit=false stage="disk_restore"
2026-09-09T19:17:10.331716Z DEBUG transparent_shard_server::runtime: construction stage geometry="recent-8k" table="directory" seconds=0.597842759 stage="hint_columns"
2026-09-09T19:17:12.331738Z DEBUG transparent_shard_server::runtime: construction stage geometry="recent-8k" table="directory" seconds=1.999980833 stage="pack_preprocessing"
2026-09-09T19:17:12.332021Z DEBUG transparent_shard_server::runtime: construction stage geometry="recent-8k" table="directory" seconds=0.000245418 stage="publish_parameters"
2026-09-09T19:17:12.332809Z DEBUG transparent_shard_server::runtime: runtime stage key=("c907a0aa45b2551520863990845279fd25135889865e088c2dad6ea0d32b8fde", Directory, 0) seconds=2.903542026 stage="runtime_build"
2026-09-09T19:17:12.332857Z DEBUG transparent_shard_server::runtime: runtime stage key=("c907a0aa45b2551520863990845279fd25135889865e088c2dad6ea0d32b8fde", Pages, 0) seconds=8.487672311 stage="build_slot"
2026-09-09T19:17:12.332960Z DEBUG transparent_shard_server::memory: cold build admission wait seconds=9.7895e-5 admitted=true
2026-09-09T19:17:12.332979Z DEBUG transparent_shard_server::runtime: runtime stage key=("c907a0aa45b2551520863990845279fd25135889865e088c2dad6ea0d32b8fde", Directory, 0) reserved_bytes=136314880 stage="serialization_handoff"
2026-09-09T19:17:12.454385Z DEBUG transparent_shard_server::runtime: runtime stage key=("c907a0aa45b2551520863990845279fd25135889865e088c2dad6ea0d32b8fde", Pages, 0) seconds=0.121394062 stage="source_load"
2026-09-09T19:17:12.756981Z DEBUG transparent_shard_server::runtime: construction stage geometry="recent-8k" table="pages" seconds=0.302555321 stage="encode_database"
2026-09-09T19:17:12.757086Z DEBUG transparent_shard_server::runtime: construction stage geometry="recent-8k" table="pages" seconds=7.3476e-5 stage="public_setup"
2026-09-09T19:17:13.030198Z DEBUG transparent_shard_server::runtime: runtime stage key=("c907a0aa45b2551520863990845279fd25135889865e088c2dad6ea0d32b8fde", Directory, 0) seconds=0.69721145 stage="disk_save"
2026-09-09T19:17:13.401552Z DEBUG transparent_shard_server::runtime: construction stage geometry="recent-8k" table="pages" seconds=0.644459062 stage="hint_columns"
2026-09-09T19:17:15.417567Z DEBUG transparent_shard_server::runtime: construction stage geometry="recent-8k" table="pages" seconds=2.01596783 stage="pack_preprocessing"
2026-09-09T19:17:15.417856Z DEBUG transparent_shard_server::runtime: construction stage geometry="recent-8k" table="pages" seconds=0.000247237 stage="publish_parameters"
2026-09-09T19:17:15.418647Z DEBUG transparent_shard_server::runtime: runtime stage key=("c907a0aa45b2551520863990845279fd25135889865e088c2dad6ea0d32b8fde", Pages, 0) seconds=2.964222722 stage="runtime_build"
2026-09-09T19:17:15.418681Z DEBUG transparent_shard_server::runtime: runtime stage key=("c907a0aa45b2551520863990845279fd25135889865e088c2dad6ea0d32b8fde", Pages, 0) reserved_bytes=136314880 stage="serialization_handoff"
2026-09-09T19:17:15.418743Z DEBUG transparent_shard_server::runtime: runtime stage key=("67574e8d4c7f7c258f8c7488f73e80a9476f8074c3db3540325133ff25020c2b", Directory, 0) seconds=8.511798416 stage="build_slot"
2026-09-09T19:17:15.418851Z DEBUG transparent_shard_server::memory: cold build admission wait seconds=8.3565e-5 admitted=true
2026-09-09T19:17:15.541000Z DEBUG transparent_shard_server::runtime: runtime stage key=("67574e8d4c7f7c258f8c7488f73e80a9476f8074c3db3540325133ff25020c2b", Directory, 0) seconds=0.122122123 stage="source_load"
2026-09-09T19:17:15.848245Z DEBUG transparent_shard_server::runtime: construction stage geometry="recent-8k" table="directory" seconds=0.307206474 stage="encode_database"
2026-09-09T19:17:15.848353Z DEBUG transparent_shard_server::runtime: construction stage geometry="recent-8k" table="directory" seconds=7.5881e-5 stage="public_setup"
2026-09-09T19:17:16.144141Z DEBUG transparent_shard_server::runtime: runtime stage key=("c907a0aa45b2551520863990845279fd25135889865e088c2dad6ea0d32b8fde", Pages, 0) seconds=0.725453795 stage="disk_save"
2026-09-09T19:17:16.453390Z DEBUG transparent_shard_server::runtime: construction stage geometry="recent-8k" table="directory" seconds=0.6050293 stage="hint_columns"
2026-09-09T19:17:18.474835Z DEBUG transparent_shard_server::runtime: construction stage geometry="recent-8k" table="directory" seconds=2.021384636 stage="pack_preprocessing"
2026-09-09T19:17:18.475117Z DEBUG transparent_shard_server::runtime: construction stage geometry="recent-8k" table="directory" seconds=0.000244451 stage="publish_parameters"
2026-09-09T19:17:18.475928Z DEBUG transparent_shard_server::runtime: runtime stage key=("67574e8d4c7f7c258f8c7488f73e80a9476f8074c3db3540325133ff25020c2b", Directory, 0) seconds=2.934892272 stage="runtime_build"
2026-09-09T19:17:18.475958Z DEBUG transparent_shard_server::runtime: runtime stage key=("67574e8d4c7f7c258f8c7488f73e80a9476f8074c3db3540325133ff25020c2b", Directory, 0) reserved_bytes=136314880 stage="serialization_handoff"
2026-09-09T19:17:18.475997Z DEBUG transparent_shard_server::runtime: runtime stage key=("67574e8d4c7f7c258f8c7488f73e80a9476f8074c3db3540325133ff25020c2b", Pages, 0) seconds=8.45965777 stage="build_slot"
2026-09-09T19:17:18.476106Z DEBUG transparent_shard_server::memory: cold build admission wait seconds=8.4447e-5 admitted=true
2026-09-09T19:17:18.599194Z DEBUG transparent_shard_server::runtime: runtime stage key=("67574e8d4c7f7c258f8c7488f73e80a9476f8074c3db3540325133ff25020c2b", Pages, 0) seconds=0.123060836 stage="source_load"
2026-09-09T19:17:18.905737Z DEBUG transparent_shard_server::runtime: construction stage geometry="recent-8k" table="pages" seconds=0.306506475 stage="encode_database"
2026-09-09T19:17:18.905843Z DEBUG transparent_shard_server::runtime: construction stage geometry="recent-8k" table="pages" seconds=7.4509e-5 stage="public_setup"
2026-09-09T19:17:19.191976Z DEBUG transparent_shard_server::runtime: runtime stage key=("67574e8d4c7f7c258f8c7488f73e80a9476f8074c3db3540325133ff25020c2b", Directory, 0) seconds=0.716012043 stage="disk_save"
2026-09-09T19:17:19.561123Z DEBUG transparent_shard_server::runtime: construction stage geometry="recent-8k" table="pages" seconds=0.655273138 stage="hint_columns"
2026-09-09T19:17:21.570455Z DEBUG transparent_shard_server::runtime: construction stage geometry="recent-8k" table="pages" seconds=2.009275041 stage="pack_preprocessing"
2026-09-09T19:17:21.570740Z DEBUG transparent_shard_server::runtime: construction stage geometry="recent-8k" table="pages" seconds=0.000245428 stage="publish_parameters"
2026-09-09T19:17:21.571523Z DEBUG transparent_shard_server::runtime: runtime stage key=("67574e8d4c7f7c258f8c7488f73e80a9476f8074c3db3540325133ff25020c2b", Pages, 0) seconds=2.972294523 stage="runtime_build"
2026-09-09T19:17:21.571541Z DEBUG transparent_shard_server::runtime: runtime stage key=("67574e8d4c7f7c258f8c7488f73e80a9476f8074c3db3540325133ff25020c2b", Pages, 0) reserved_bytes=136314880 stage="serialization_handoff"
2026-09-09T19:17:22.279127Z DEBUG transparent_shard_server::runtime: runtime stage key=("67574e8d4c7f7c258f8c7488f73e80a9476f8074c3db3540325133ff25020c2b", Pages, 0) seconds=0.707580265 stage="disk_save"
2026-09-09T19:17:22.279218Z  INFO transparent_shard_server::service: prewarm finished warm=28 target=28 failed=0 seconds=86.778077788
2026-09-09T19:17:22.691494Z  INFO transparent_shard_server::runtime: retired runtime memory reclaimed rss_before=4866023424 rss_after=4410699776
2026-09-09T19:17:23.253150Z DEBUG transparent_shard_server::runtime: runtime stage key=("be059aab39ac34125e0452548d6fbcfb1e7cdb7237a597bd59ee86011ed4882b", Directory, 0) seconds=1.515e-6 stage="restore_slot"
2026-09-09T19:17:23.253286Z DEBUG transparent_shard_server::runtime: runtime stage key=("be059aab39ac34125e0452548d6fbcfb1e7cdb7237a597bd59ee86011ed4882b", Pages, 0) seconds=2.42e-7 stage="restore_slot"
2026-09-09T19:17:23.253340Z DEBUG transparent_shard_server::runtime: runtime stage key=("be059aab39ac34125e0452548d6fbcfb1e7cdb7237a597bd59ee86011ed4882b", Directory, 0) seconds=4.2091e-5 hit=false stage="disk_restore"
2026-09-09T19:17:23.253376Z DEBUG transparent_shard_server::runtime: runtime stage key=("be059aab39ac34125e0452548d6fbcfb1e7cdb7237a597bd59ee86011ed4882b", Directory, 0) seconds=2.41e-7 stage="build_slot"
2026-09-09T19:17:23.253393Z DEBUG transparent_shard_server::runtime: runtime stage key=("be059aab39ac34125e0452548d6fbcfb1e7cdb7237a597bd59ee86011ed4882b", Pages, 0) seconds=3.8982e-5 hit=false stage="disk_restore"
2026-09-09T19:17:23.253421Z DEBUG transparent_shard_server::memory: cold build admission wait seconds=2.8997e-5 admitted=true
2026-09-09T19:17:23.390471Z DEBUG transparent_shard_server::runtime: runtime stage key=("be059aab39ac34125e0452548d6fbcfb1e7cdb7237a597bd59ee86011ed4882b", Directory, 0) seconds=0.137028107 stage="source_load"
2026-09-09T19:17:23.701215Z DEBUG transparent_shard_server::runtime: construction stage geometry="recent-8k" table="directory" seconds=0.310703097 stage="encode_database"
2026-09-09T19:17:23.701334Z DEBUG transparent_shard_server::runtime: construction stage geometry="recent-8k" table="directory" seconds=8.2811e-5 stage="public_setup"
2026-09-09T19:17:24.263552Z DEBUG transparent_shard_server::runtime: construction stage geometry="recent-8k" table="directory" seconds=0.562210328 stage="hint_columns"
2026-09-09T19:17:24.427949Z DEBUG transparent_shard_server::memory: work memory admission denied current=5706252288 limit=7516192768 held=805306368 requested=268435456
2026-09-09T19:17:26.337688Z DEBUG transparent_shard_server::runtime: construction stage geometry="recent-8k" table="directory" seconds=2.074087934 stage="pack_preprocessing"
2026-09-09T19:17:26.337988Z DEBUG transparent_shard_server::runtime: construction stage geometry="recent-8k" table="directory" seconds=0.000257938 stage="publish_parameters"
2026-09-09T19:17:26.338858Z DEBUG transparent_shard_server::runtime: runtime stage key=("be059aab39ac34125e0452548d6fbcfb1e7cdb7237a597bd59ee86011ed4882b", Directory, 0) seconds=2.94834669 stage="runtime_build"
2026-09-09T19:17:26.338899Z DEBUG transparent_shard_server::runtime: runtime stage key=("be059aab39ac34125e0452548d6fbcfb1e7cdb7237a597bd59ee86011ed4882b", Directory, 0) reserved_bytes=136314880 stage="serialization_handoff"
2026-09-09T19:17:26.338951Z DEBUG transparent_shard_server::runtime: runtime stage key=("be059aab39ac34125e0452548d6fbcfb1e7cdb7237a597bd59ee86011ed4882b", Pages, 0) seconds=3.085516337 stage="build_slot"
2026-09-09T19:17:26.339044Z DEBUG transparent_shard_server::memory: cold build admission wait seconds=7.2525e-5 admitted=true
2026-09-09T19:17:26.392983Z DEBUG transparent_shard_server::memory: work memory admission denied current=5857742848 limit=7516192768 held=673185792 requested=268435456
2026-09-09T19:17:26.423525Z DEBUG transparent_shard_server::memory: work memory admission denied current=5864030208 limit=7516192768 held=673185792 requested=268435456
2026-09-09T19:17:26.473755Z DEBUG transparent_shard_server::runtime: runtime stage key=("be059aab39ac34125e0452548d6fbcfb1e7cdb7237a597bd59ee86011ed4882b", Pages, 0) seconds=0.13465297 stage="source_load"
2026-09-09T19:17:26.596347Z DEBUG transparent_shard_server::memory: work memory admission denied current=5905342464 limit=7516192768 held=673185792 requested=268435456
2026-09-09T19:17:26.627427Z DEBUG transparent_shard_server::memory: work memory admission denied current=5905559552 limit=7516192768 held=673185792 requested=268435456
2026-09-09T19:17:26.778614Z DEBUG transparent_shard_server::runtime: construction stage geometry="recent-8k" table="pages" seconds=0.304822298 stage="encode_database"
2026-09-09T19:17:26.778716Z DEBUG transparent_shard_server::runtime: construction stage geometry="recent-8k" table="pages" seconds=7.08e-5 stage="public_setup"
2026-09-09T19:17:26.801550Z DEBUG transparent_shard_server::memory: work memory admission denied current=5905326080 limit=7516192768 held=673185792 requested=268435456
2026-09-09T19:17:26.857514Z DEBUG transparent_shard_server::memory: work memory admission denied current=5905510400 limit=7516192768 held=673185792 requested=268435456
2026-09-09T19:17:27.012306Z DEBUG transparent_shard_server::memory: work memory admission denied current=5905383424 limit=7516192768 held=673185792 requested=268435456
2026-09-09T19:17:27.048915Z DEBUG transparent_shard_server::runtime: runtime stage key=("be059aab39ac34125e0452548d6fbcfb1e7cdb7237a597bd59ee86011ed4882b", Directory, 0) seconds=0.710008332 stage="disk_save"
2026-09-09T19:17:27.223463Z DEBUG transparent_shard_server::memory: work memory admission denied current=5905330176 limit=7516192768 held=805306368 requested=268435456
2026-09-09T19:17:27.409207Z DEBUG transparent_shard_server::runtime: construction stage geometry="recent-8k" table="pages" seconds=0.630484685 stage="hint_columns"
2026-09-09T19:17:28.265733Z DEBUG transparent_shard_server::memory: work memory admission denied current=5905362944 limit=7516192768 held=805306368 requested=268435456
2026-09-09T19:17:28.471405Z DEBUG transparent_shard_server::memory: work memory admission denied current=5905498112 limit=7516192768 held=805306368 requested=268435456
2026-09-09T19:17:29.570820Z DEBUG transparent_shard_server::runtime: construction stage geometry="recent-8k" table="pages" seconds=2.161572371 stage="pack_preprocessing"
2026-09-09T19:17:29.571121Z DEBUG transparent_shard_server::runtime: construction stage geometry="recent-8k" table="pages" seconds=0.000263269 stage="publish_parameters"
2026-09-09T19:17:29.572043Z DEBUG transparent_shard_server::runtime: runtime stage key=("be059aab39ac34125e0452548d6fbcfb1e7cdb7237a597bd59ee86011ed4882b", Pages, 0) seconds=3.09825248 stage="runtime_build"
2026-09-09T19:17:29.572071Z DEBUG transparent_shard_server::runtime: runtime stage key=("be059aab39ac34125e0452548d6fbcfb1e7cdb7237a597bd59ee86011ed4882b", Pages, 0) reserved_bytes=136314880 stage="serialization_handoff"
2026-09-09T19:17:30.237207Z DEBUG transparent_shard_server::runtime: runtime stage key=("be059aab39ac34125e0452548d6fbcfb1e7cdb7237a597bd59ee86011ed4882b", Pages, 0) seconds=0.665130022 stage="disk_save"
2026-09-09T19:17:30.237308Z  INFO transparent_shard_server::service: prewarm finished warm=28 target=28 failed=0 seconds=6.984211923
2026-09-09T19:17:30.237360Z DEBUG transparent_shard_server::live: publication preparation stages map=32426d9e9300c44558210d8540b636402af2b3c322627f9e9f26e0082b489725 loading_seconds=0.604319084 warming_seconds=6.984333609
2026-09-09T19:17:30.245971Z DEBUG transparent_shard_server::runtime: runtime stage key=("5b7ee9849d47f5ee67d04eb6ca4588beacf42dce75e5a1b481dfd02607b1fb20", Pages, 0) seconds=9.61e-7 stage="restore_slot"
2026-09-09T19:17:30.286277Z  INFO transparent_shard_server::runtime: retired runtime memory reclaimed rss_before=4978143232 rss_after=4520054784
2026-09-09T19:17:30.347350Z DEBUG transparent_shard_server::runtime: runtime stage key=("5b7ee9849d47f5ee67d04eb6ca4588beacf42dce75e5a1b481dfd02607b1fb20", Directory, 0) seconds=1.486e-6 stage="restore_slot"
2026-09-09T19:17:30.830302Z DEBUG transparent_shard_server::runtime: runtime stage key=("268f5c527d35817d37919707b04a706c850d449156baa071b5438dbf8eb53aec", Directory, 0) seconds=1.135e-6 stage="restore_slot"
2026-09-09T19:17:30.830310Z DEBUG transparent_shard_server::runtime: runtime stage key=("268f5c527d35817d37919707b04a706c850d449156baa071b5438dbf8eb53aec", Pages, 0) seconds=1.092e-6 stage="restore_slot"
2026-09-09T19:17:30.830456Z DEBUG transparent_shard_server::memory: work memory admission denied current=5698494464 limit=7516192768 held=805306368 requested=268435456
2026-09-09T19:17:30.830464Z DEBUG transparent_shard_server::runtime: runtime admission denied key=("268f5c527d35817d37919707b04a706c850d449156baa071b5438dbf8eb53aec", Pages, 0) stage="restore_admission"
2026-09-09T19:17:30.830469Z DEBUG transparent_shard_server::prewarm: prewarm admission retry; sleeping 100ms
2026-09-09T19:17:30.830526Z DEBUG transparent_shard_server::runtime: runtime stage key=("268f5c527d35817d37919707b04a706c850d449156baa071b5438dbf8eb53aec", Directory, 0) seconds=4.9308e-5 hit=false stage="disk_restore"
2026-09-09T19:17:30.830546Z DEBUG transparent_shard_server::runtime: runtime stage key=("268f5c527d35817d37919707b04a706c850d449156baa071b5438dbf8eb53aec", Directory, 0) seconds=2.77e-7 stage="build_slot"
2026-09-09T19:17:30.830587Z DEBUG transparent_shard_server::memory: work memory admission denied current=5698494464 limit=7516192768 held=536870912 requested=536870912
2026-09-09T19:17:30.931572Z DEBUG transparent_shard_server::runtime: runtime stage key=("268f5c527d35817d37919707b04a706c850d449156baa071b5438dbf8eb53aec", Pages, 0) seconds=1.707e-6 stage="restore_slot"
2026-09-09T19:17:30.931626Z DEBUG transparent_shard_server::memory: work memory admission denied current=5770846208 limit=7516192768 held=536870912 requested=536870912
2026-09-09T19:17:30.931728Z DEBUG transparent_shard_server::runtime: runtime stage key=("268f5c527d35817d37919707b04a706c850d449156baa071b5438dbf8eb53aec", Pages, 0) seconds=3.5412e-5 hit=false stage="disk_restore"
2026-09-09T19:17:31.032794Z DEBUG transparent_shard_server::memory: work memory admission denied current=5825372160 limit=7516192768 held=536870912 requested=536870912
2026-09-09T19:17:31.133832Z DEBUG transparent_shard_server::memory: work memory admission denied current=5886189568 limit=7516192768 held=536870912 requested=536870912
2026-09-09T19:17:31.142171Z DEBUG transparent_shard_server::runtime: runtime stage key=("5b7ee9849d47f5ee67d04eb6ca4588beacf42dce75e5a1b481dfd02607b1fb20", Pages, 0) seconds=0.896086826 hit=true stage="disk_restore"
2026-09-09T19:17:31.223358Z DEBUG transparent_shard_server::runtime: runtime stage key=("5b7ee9849d47f5ee67d04eb6ca4588beacf42dce75e5a1b481dfd02607b1fb20", Directory, 0) seconds=0.875874981 hit=true stage="disk_restore"
2026-09-09T19:17:31.234834Z DEBUG transparent_shard_server::memory: work memory admission denied current=5905408000 limit=7516192768 held=536870912 requested=536870912
2026-09-09T19:17:31.263169Z DEBUG transparent_shard_server::runtime: runtime stage key=("5b7ee9849d47f5ee67d04eb6ca4588beacf42dce75e5a1b481dfd02607b1fb20", Pages, 0) seconds=0.120963117 stage="source_verify"
2026-09-09T19:17:31.263203Z  INFO transparent_shard_server::runtime: restored runtime cache seconds=1.01712028
2026-09-09T19:17:31.336140Z DEBUG transparent_shard_server::memory: cold build admission wait seconds=0.505576953 admitted=true
2026-09-09T19:17:31.348275Z DEBUG transparent_shard_server::runtime: runtime stage key=("5b7ee9849d47f5ee67d04eb6ca4588beacf42dce75e5a1b481dfd02607b1fb20", Directory, 0) seconds=0.12488057 stage="source_verify"
2026-09-09T19:17:31.348311Z  INFO transparent_shard_server::runtime: restored runtime cache seconds=1.000830338
2026-09-09T19:17:31.479645Z DEBUG transparent_shard_server::runtime: runtime stage key=("268f5c527d35817d37919707b04a706c850d449156baa071b5438dbf8eb53aec", Directory, 0) seconds=0.143421762 stage="source_load"
2026-09-09T19:17:31.785292Z DEBUG transparent_shard_server::runtime: construction stage geometry="recent-8k" table="directory" seconds=0.305616251 stage="encode_database"
2026-09-09T19:17:31.785465Z DEBUG transparent_shard_server::runtime: construction stage geometry="recent-8k" table="directory" seconds=0.000135671 stage="public_setup"
2026-09-09T19:17:31.891308Z DEBUG transparent_shard_server::memory: work memory admission denied current=5905416192 limit=7516192768 held=805306368 requested=268435456
2026-09-09T19:17:32.102684Z DEBUG transparent_shard_server::memory: work memory admission denied current=5905379328 limit=7516192768 held=805306368 requested=268435456
2026-09-09T19:17:32.314988Z DEBUG transparent_shard_server::memory: work memory admission denied current=5905448960 limit=7516192768 held=805306368 requested=268435456
2026-09-09T19:17:32.388568Z DEBUG transparent_shard_server::runtime: construction stage geometry="recent-8k" table="directory" seconds=0.603096001 stage="hint_columns"
2026-09-09T19:17:33.040467Z DEBUG transparent_shard_server::memory: work memory admission denied current=5905281024 limit=7516192768 held=805306368 requested=268435456
2026-09-09T19:17:33.243656Z DEBUG transparent_shard_server::memory: work memory admission denied current=5905403904 limit=7516192768 held=805306368 requested=268435456
2026-09-09T19:17:33.460696Z DEBUG transparent_shard_server::memory: work memory admission denied current=5905453056 limit=7516192768 held=805306368 requested=268435456
2026-09-09T19:17:34.495537Z DEBUG transparent_shard_server::runtime: construction stage geometry="recent-8k" table="directory" seconds=2.106931065 stage="pack_preprocessing"
2026-09-09T19:17:34.495856Z DEBUG transparent_shard_server::runtime: construction stage geometry="recent-8k" table="directory" seconds=0.000281832 stage="publish_parameters"
2026-09-09T19:17:34.496594Z DEBUG transparent_shard_server::runtime: runtime stage key=("268f5c527d35817d37919707b04a706c850d449156baa071b5438dbf8eb53aec", Directory, 0) seconds=3.016920634 stage="runtime_build"
2026-09-09T19:17:34.496622Z DEBUG transparent_shard_server::runtime: runtime stage key=("268f5c527d35817d37919707b04a706c850d449156baa071b5438dbf8eb53aec", Directory, 0) reserved_bytes=136314880 stage="serialization_handoff"
2026-09-09T19:17:34.496731Z DEBUG transparent_shard_server::runtime: runtime stage key=("268f5c527d35817d37919707b04a706c850d449156baa071b5438dbf8eb53aec", Pages, 0) seconds=3.564965442 stage="build_slot"
2026-09-09T19:17:34.496821Z DEBUG transparent_shard_server::memory: cold build admission wait seconds=6.8611e-5 admitted=true
2026-09-09T19:17:34.517203Z DEBUG transparent_shard_server::memory: work memory admission denied current=5905416192 limit=7516192768 held=673185792 requested=268435456
2026-09-09T19:17:34.552535Z DEBUG transparent_shard_server::memory: work memory admission denied current=5904740352 limit=7516192768 held=673185792 requested=268435456
2026-09-09T19:17:34.636873Z DEBUG transparent_shard_server::runtime: runtime stage key=("268f5c527d35817d37919707b04a706c850d449156baa071b5438dbf8eb53aec", Pages, 0) seconds=0.140031677 stage="source_load"
2026-09-09T19:17:34.720081Z DEBUG transparent_shard_server::memory: work memory admission denied current=5905321984 limit=7516192768 held=673185792 requested=268435456
2026-09-09T19:17:34.756474Z DEBUG transparent_shard_server::memory: work memory admission denied current=5905059840 limit=7516192768 held=673185792 requested=268435456
2026-09-09T19:17:34.923745Z DEBUG transparent_shard_server::memory: work memory admission denied current=5905244160 limit=7516192768 held=673185792 requested=268435456
2026-09-09T19:17:34.945357Z DEBUG transparent_shard_server::runtime: construction stage geometry="recent-8k" table="pages" seconds=0.308435257 stage="encode_database"
2026-09-09T19:17:34.945496Z DEBUG transparent_shard_server::runtime: construction stage geometry="recent-8k" table="pages" seconds=0.000107624 stage="public_setup"
2026-09-09T19:17:34.962579Z DEBUG transparent_shard_server::memory: work memory admission denied current=5905223680 limit=7516192768 held=673185792 requested=268435456
2026-09-09T19:17:35.131072Z DEBUG transparent_shard_server::memory: work memory admission denied current=5905371136 limit=7516192768 held=673185792 requested=268435456
2026-09-09T19:17:35.168581Z DEBUG transparent_shard_server::memory: work memory admission denied current=5905424384 limit=7516192768 held=673185792 requested=268435456
2026-09-09T19:17:35.336775Z DEBUG transparent_shard_server::memory: work memory admission denied current=5905465344 limit=7516192768 held=673185792 requested=268435456
2026-09-09T19:17:35.375520Z DEBUG transparent_shard_server::memory: work memory admission denied current=5905477632 limit=7516192768 held=673185792 requested=268435456
2026-09-09T19:17:35.412335Z DEBUG transparent_shard_server::runtime: runtime stage key=("268f5c527d35817d37919707b04a706c850d449156baa071b5438dbf8eb53aec", Directory, 0) seconds=0.915706298 stage="disk_save"
2026-09-09T19:17:35.560218Z DEBUG transparent_shard_server::runtime: construction stage geometry="recent-8k" table="pages" seconds=0.614713237 stage="hint_columns"
2026-09-09T19:17:36.429454Z DEBUG transparent_shard_server::memory: work memory admission denied current=5905522688 limit=7516192768 held=805306368 requested=268435456
2026-09-09T19:17:36.638619Z DEBUG transparent_shard_server::memory: work memory admission denied current=5905104896 limit=7516192768 held=805306368 requested=268435456
2026-09-09T19:17:36.864529Z DEBUG transparent_shard_server::memory: work memory admission denied current=5855223808 limit=7516192768 held=805306368 requested=268435456
2026-09-09T19:17:37.668148Z DEBUG transparent_shard_server::runtime: construction stage geometry="recent-8k" table="pages" seconds=2.107887099 stage="pack_preprocessing"
2026-09-09T19:17:37.668433Z DEBUG transparent_shard_server::runtime: construction stage geometry="recent-8k" table="pages" seconds=0.000244727 stage="publish_parameters"
2026-09-09T19:17:37.669273Z DEBUG transparent_shard_server::runtime: runtime stage key=("268f5c527d35817d37919707b04a706c850d449156baa071b5438dbf8eb53aec", Pages, 0) seconds=3.03235235 stage="runtime_build"
2026-09-09T19:17:37.669291Z DEBUG transparent_shard_server::runtime: runtime stage key=("268f5c527d35817d37919707b04a706c850d449156baa071b5438dbf8eb53aec", Pages, 0) reserved_bytes=136314880 stage="serialization_handoff"
2026-09-09T19:17:38.353298Z DEBUG transparent_shard_server::runtime: runtime stage key=("268f5c527d35817d37919707b04a706c850d449156baa071b5438dbf8eb53aec", Pages, 0) seconds=0.684001851 stage="disk_save"
2026-09-09T19:17:38.353416Z  INFO transparent_shard_server::service: prewarm finished warm=28 target=28 failed=0 seconds=7.523158932
2026-09-09T19:17:38.353506Z DEBUG transparent_shard_server::live: publication preparation stages map=12cbb58695cd66166197842d179b61598c15effb06ad32efcd899a13e36e7b10 loading_seconds=0.591611749 warming_seconds=7.523284425
test burst::publication_burst_under_exact_load ... ok

test result: ok. 1 passed; 0 failed; 0 ignored; 0 measured; 14 filtered out; finished in 108.37s

Finished with result: success
Main processes terminated with: code=exited/status=0
Service runtime: 1min 48.420s
CPU time consumed: 3min 58.236s
Memory peak: 1.8M
Memory swap peak: 0B
