Running as unit: transparent-full-burst-110cd50a343543afa9a419231c743558.service

running 1 test
2026-09-09T19:09:26.963212Z DEBUG transparent_shard_server::runtime: runtime stage key=("1f5d7213a380745d83cc554ad16bdf9e039a0304d0de0b71376828e1838d0ea4", Directory, 0) seconds=7.33e-7 stage="restore_slot"
2026-09-09T19:09:26.963197Z DEBUG transparent_shard_server::runtime: runtime stage key=("5b7ee9849d47f5ee67d04eb6ca4588beacf42dce75e5a1b481dfd02607b1fb20", Pages, 0) seconds=1.144e-6 stage="restore_slot"
2026-09-09T19:09:26.963195Z DEBUG transparent_shard_server::runtime: runtime stage key=("5b7ee9849d47f5ee67d04eb6ca4588beacf42dce75e5a1b481dfd02607b1fb20", Directory, 0) seconds=9.359e-6 stage="restore_slot"
2026-09-09T19:09:26.963229Z DEBUG transparent_shard_server::runtime: runtime stage key=("1f5d7213a380745d83cc554ad16bdf9e039a0304d0de0b71376828e1838d0ea4", Pages, 0) seconds=7.92e-7 stage="restore_slot"
2026-09-09T19:09:26.963741Z DEBUG transparent_shard_server::runtime: runtime stage key=("1f5d7213a380745d83cc554ad16bdf9e039a0304d0de0b71376828e1838d0ea4", Directory, 0) seconds=3.7246e-5 hit=false stage="disk_restore"
2026-09-09T19:09:26.963742Z DEBUG transparent_shard_server::runtime: runtime stage key=("5b7ee9849d47f5ee67d04eb6ca4588beacf42dce75e5a1b481dfd02607b1fb20", Pages, 0) seconds=3.2745e-5 hit=false stage="disk_restore"
2026-09-09T19:09:26.963772Z DEBUG transparent_shard_server::runtime: runtime stage key=("5b7ee9849d47f5ee67d04eb6ca4588beacf42dce75e5a1b481dfd02607b1fb20", Pages, 0) seconds=1.453e-6 stage="build_slot"
2026-09-09T19:09:26.963774Z DEBUG transparent_shard_server::runtime: runtime stage key=("1f5d7213a380745d83cc554ad16bdf9e039a0304d0de0b71376828e1838d0ea4", Pages, 0) seconds=1.0699e-5 hit=false stage="disk_restore"
2026-09-09T19:09:26.963768Z DEBUG transparent_shard_server::runtime: runtime stage key=("5b7ee9849d47f5ee67d04eb6ca4588beacf42dce75e5a1b481dfd02607b1fb20", Directory, 0) seconds=2.3339e-5 hit=false stage="disk_restore"
2026-09-09T19:09:26.963809Z DEBUG transparent_shard_server::memory: cold build admission wait seconds=3.3035e-5 admitted=true
2026-09-09T19:09:27.096372Z DEBUG transparent_shard_server::runtime: runtime stage key=("5b7ee9849d47f5ee67d04eb6ca4588beacf42dce75e5a1b481dfd02607b1fb20", Pages, 0) seconds=0.13255072 stage="source_load"
2026-09-09T19:09:27.394277Z DEBUG transparent_shard_server::runtime: construction stage geometry="recent-8k" table="pages" seconds=0.297855359 stage="encode_database"
2026-09-09T19:09:27.394392Z DEBUG transparent_shard_server::runtime: construction stage geometry="recent-8k" table="pages" seconds=6.8252e-5 stage="public_setup"
2026-09-09T19:09:27.945132Z DEBUG transparent_shard_server::runtime: construction stage geometry="recent-8k" table="pages" seconds=0.550734992 stage="hint_columns"
2026-09-09T19:09:29.975033Z DEBUG transparent_shard_server::runtime: construction stage geometry="recent-8k" table="pages" seconds=2.029833978 stage="pack_preprocessing"
2026-09-09T19:09:29.975337Z DEBUG transparent_shard_server::runtime: construction stage geometry="recent-8k" table="pages" seconds=0.000262814 stage="publish_parameters"
2026-09-09T19:09:29.976635Z DEBUG transparent_shard_server::runtime: runtime stage key=("5b7ee9849d47f5ee67d04eb6ca4588beacf42dce75e5a1b481dfd02607b1fb20", Pages, 0) seconds=2.880213975 stage="runtime_build"
2026-09-09T19:09:29.978004Z DEBUG transparent_shard_server::runtime: runtime stage key=("5b7ee9849d47f5ee67d04eb6ca4588beacf42dce75e5a1b481dfd02607b1fb20", Pages, 0) reserved_bytes=136314880 stage="serialization_handoff"
2026-09-09T19:09:29.978261Z DEBUG transparent_shard_server::runtime: runtime stage key=("1f5d7213a380745d83cc554ad16bdf9e039a0304d0de0b71376828e1838d0ea4", Directory, 0) seconds=3.014471685 stage="build_slot"
2026-09-09T19:09:29.978373Z DEBUG transparent_shard_server::memory: cold build admission wait seconds=7.6558e-5 admitted=true
2026-09-09T19:09:30.112818Z DEBUG transparent_shard_server::runtime: runtime stage key=("1f5d7213a380745d83cc554ad16bdf9e039a0304d0de0b71376828e1838d0ea4", Directory, 0) seconds=0.134409939 stage="source_load"
2026-09-09T19:09:30.413239Z DEBUG transparent_shard_server::runtime: construction stage geometry="recent-8k" table="directory" seconds=0.300361406 stage="encode_database"
2026-09-09T19:09:30.413343Z DEBUG transparent_shard_server::runtime: construction stage geometry="recent-8k" table="directory" seconds=6.4712e-5 stage="public_setup"
2026-09-09T19:09:30.670060Z DEBUG transparent_shard_server::runtime: runtime stage key=("5b7ee9849d47f5ee67d04eb6ca4588beacf42dce75e5a1b481dfd02607b1fb20", Pages, 0) seconds=0.692037721 stage="disk_save"
2026-09-09T19:09:30.672209Z DEBUG transparent_shard_server::runtime: runtime stage key=("ca7afe810c988a8b4b561668f3456a9f38d1fdbb0776614e07ddfeb1a2132000", Directory, 0) seconds=1.869e-6 stage="restore_slot"
2026-09-09T19:09:30.675261Z DEBUG transparent_shard_server::runtime: runtime stage key=("ca7afe810c988a8b4b561668f3456a9f38d1fdbb0776614e07ddfeb1a2132000", Directory, 0) seconds=5.3024e-5 hit=false stage="disk_restore"
2026-09-09T19:09:31.008920Z DEBUG transparent_shard_server::runtime: construction stage geometry="recent-8k" table="directory" seconds=0.595568968 stage="hint_columns"
2026-09-09T19:09:33.015734Z DEBUG transparent_shard_server::runtime: construction stage geometry="recent-8k" table="directory" seconds=2.006770473 stage="pack_preprocessing"
2026-09-09T19:09:33.016021Z DEBUG transparent_shard_server::runtime: construction stage geometry="recent-8k" table="directory" seconds=0.000246876 stage="publish_parameters"
2026-09-09T19:09:33.016646Z DEBUG transparent_shard_server::runtime: runtime stage key=("1f5d7213a380745d83cc554ad16bdf9e039a0304d0de0b71376828e1838d0ea4", Directory, 0) seconds=2.90377089 stage="runtime_build"
2026-09-09T19:09:33.016676Z DEBUG transparent_shard_server::runtime: runtime stage key=("1f5d7213a380745d83cc554ad16bdf9e039a0304d0de0b71376828e1838d0ea4", Directory, 0) reserved_bytes=136314880 stage="serialization_handoff"
2026-09-09T19:09:33.016792Z DEBUG transparent_shard_server::runtime: runtime stage key=("1f5d7213a380745d83cc554ad16bdf9e039a0304d0de0b71376828e1838d0ea4", Pages, 0) seconds=6.053001353 stage="build_slot"
2026-09-09T19:09:33.016942Z DEBUG transparent_shard_server::memory: cold build admission wait seconds=0.000120505 admitted=true
2026-09-09T19:09:33.149479Z DEBUG transparent_shard_server::runtime: runtime stage key=("1f5d7213a380745d83cc554ad16bdf9e039a0304d0de0b71376828e1838d0ea4", Pages, 0) seconds=0.132491522 stage="source_load"
2026-09-09T19:09:33.442067Z DEBUG transparent_shard_server::runtime: construction stage geometry="recent-8k" table="pages" seconds=0.292552642 stage="encode_database"
2026-09-09T19:09:33.442158Z DEBUG transparent_shard_server::runtime: construction stage geometry="recent-8k" table="pages" seconds=5.9405e-5 stage="public_setup"
2026-09-09T19:09:33.700469Z DEBUG transparent_shard_server::runtime: runtime stage key=("1f5d7213a380745d83cc554ad16bdf9e039a0304d0de0b71376828e1838d0ea4", Directory, 0) seconds=0.683786276 stage="disk_save"
2026-09-09T19:09:33.702208Z DEBUG transparent_shard_server::runtime: runtime stage key=("ca7afe810c988a8b4b561668f3456a9f38d1fdbb0776614e07ddfeb1a2132000", Pages, 0) seconds=1.543e-6 stage="restore_slot"
2026-09-09T19:09:33.702359Z DEBUG transparent_shard_server::runtime: runtime stage key=("ca7afe810c988a8b4b561668f3456a9f38d1fdbb0776614e07ddfeb1a2132000", Pages, 0) seconds=4.2901e-5 hit=false stage="disk_restore"
2026-09-09T19:09:34.075049Z DEBUG transparent_shard_server::runtime: construction stage geometry="recent-8k" table="pages" seconds=0.632884458 stage="hint_columns"
2026-09-09T19:09:36.081374Z DEBUG transparent_shard_server::runtime: construction stage geometry="recent-8k" table="pages" seconds=2.006283065 stage="pack_preprocessing"
2026-09-09T19:09:36.081655Z DEBUG transparent_shard_server::runtime: construction stage geometry="recent-8k" table="pages" seconds=0.000243833 stage="publish_parameters"
2026-09-09T19:09:36.082361Z DEBUG transparent_shard_server::runtime: runtime stage key=("1f5d7213a380745d83cc554ad16bdf9e039a0304d0de0b71376828e1838d0ea4", Pages, 0) seconds=2.932848523 stage="runtime_build"
2026-09-09T19:09:36.082400Z DEBUG transparent_shard_server::runtime: runtime stage key=("1f5d7213a380745d83cc554ad16bdf9e039a0304d0de0b71376828e1838d0ea4", Pages, 0) reserved_bytes=136314880 stage="serialization_handoff"
2026-09-09T19:09:36.085195Z DEBUG transparent_shard_server::runtime: runtime stage key=("5b7ee9849d47f5ee67d04eb6ca4588beacf42dce75e5a1b481dfd02607b1fb20", Directory, 0) seconds=9.121387632 stage="build_slot"
2026-09-09T19:09:36.085298Z DEBUG transparent_shard_server::memory: cold build admission wait seconds=6.6548e-5 admitted=true
2026-09-09T19:09:36.216979Z DEBUG transparent_shard_server::runtime: runtime stage key=("5b7ee9849d47f5ee67d04eb6ca4588beacf42dce75e5a1b481dfd02607b1fb20", Directory, 0) seconds=0.131645928 stage="source_load"
2026-09-09T19:09:36.514646Z DEBUG transparent_shard_server::runtime: construction stage geometry="recent-8k" table="directory" seconds=0.29763318 stage="encode_database"
2026-09-09T19:09:36.514730Z DEBUG transparent_shard_server::runtime: construction stage geometry="recent-8k" table="directory" seconds=5.3612e-5 stage="public_setup"
2026-09-09T19:09:36.763214Z DEBUG transparent_shard_server::runtime: runtime stage key=("1f5d7213a380745d83cc554ad16bdf9e039a0304d0de0b71376828e1838d0ea4", Pages, 0) seconds=0.680807788 stage="disk_save"
2026-09-09T19:09:36.763274Z DEBUG transparent_shard_server::runtime: runtime stage key=("95df7205357fe2d9c962d2b41daded841e05afa7b6fc8d06dfec46ad04e15335", Directory, 0) seconds=1.075e-6 stage="restore_slot"
2026-09-09T19:09:36.763406Z DEBUG transparent_shard_server::runtime: runtime stage key=("95df7205357fe2d9c962d2b41daded841e05afa7b6fc8d06dfec46ad04e15335", Directory, 0) seconds=3.8588e-5 hit=false stage="disk_restore"
2026-09-09T19:09:37.089137Z DEBUG transparent_shard_server::runtime: construction stage geometry="recent-8k" table="directory" seconds=0.574399694 stage="hint_columns"
2026-09-09T19:09:39.078614Z DEBUG transparent_shard_server::runtime: construction stage geometry="recent-8k" table="directory" seconds=1.989416518 stage="pack_preprocessing"
2026-09-09T19:09:39.078904Z DEBUG transparent_shard_server::runtime: construction stage geometry="recent-8k" table="directory" seconds=0.000248739 stage="publish_parameters"
2026-09-09T19:09:39.079712Z DEBUG transparent_shard_server::runtime: runtime stage key=("5b7ee9849d47f5ee67d04eb6ca4588beacf42dce75e5a1b481dfd02607b1fb20", Directory, 0) seconds=2.862701823 stage="runtime_build"
2026-09-09T19:09:39.079740Z DEBUG transparent_shard_server::runtime: runtime stage key=("5b7ee9849d47f5ee67d04eb6ca4588beacf42dce75e5a1b481dfd02607b1fb20", Directory, 0) reserved_bytes=136314880 stage="serialization_handoff"
2026-09-09T19:09:39.079915Z DEBUG transparent_shard_server::runtime: runtime stage key=("ca7afe810c988a8b4b561668f3456a9f38d1fdbb0776614e07ddfeb1a2132000", Directory, 0) seconds=8.404606702 stage="build_slot"
2026-09-09T19:09:39.080032Z DEBUG transparent_shard_server::memory: cold build admission wait seconds=7.5458e-5 admitted=true
2026-09-09T19:09:39.202743Z DEBUG transparent_shard_server::runtime: runtime stage key=("ca7afe810c988a8b4b561668f3456a9f38d1fdbb0776614e07ddfeb1a2132000", Directory, 0) seconds=0.122677776 stage="source_load"
2026-09-09T19:09:39.505484Z DEBUG transparent_shard_server::runtime: construction stage geometry="recent-8k" table="directory" seconds=0.302704486 stage="encode_database"
2026-09-09T19:09:39.505584Z DEBUG transparent_shard_server::runtime: construction stage geometry="recent-8k" table="directory" seconds=7.0494e-5 stage="public_setup"
2026-09-09T19:09:39.758600Z DEBUG transparent_shard_server::runtime: runtime stage key=("5b7ee9849d47f5ee67d04eb6ca4588beacf42dce75e5a1b481dfd02607b1fb20", Directory, 0) seconds=0.678853506 stage="disk_save"
2026-09-09T19:09:39.761216Z DEBUG transparent_shard_server::runtime: runtime stage key=("95df7205357fe2d9c962d2b41daded841e05afa7b6fc8d06dfec46ad04e15335", Pages, 0) seconds=1.65e-6 stage="restore_slot"
2026-09-09T19:09:39.761348Z DEBUG transparent_shard_server::runtime: runtime stage key=("95df7205357fe2d9c962d2b41daded841e05afa7b6fc8d06dfec46ad04e15335", Pages, 0) seconds=2.4087e-5 hit=false stage="disk_restore"
2026-09-09T19:09:40.113112Z DEBUG transparent_shard_server::runtime: construction stage geometry="recent-8k" table="directory" seconds=0.607520005 stage="hint_columns"
2026-09-09T19:09:42.129759Z DEBUG transparent_shard_server::runtime: construction stage geometry="recent-8k" table="directory" seconds=2.0166050699999998 stage="pack_preprocessing"
2026-09-09T19:09:42.130042Z DEBUG transparent_shard_server::runtime: construction stage geometry="recent-8k" table="directory" seconds=0.000244008 stage="publish_parameters"
2026-09-09T19:09:42.130860Z DEBUG transparent_shard_server::runtime: runtime stage key=("ca7afe810c988a8b4b561668f3456a9f38d1fdbb0776614e07ddfeb1a2132000", Directory, 0) seconds=2.928082325 stage="runtime_build"
2026-09-09T19:09:42.130892Z DEBUG transparent_shard_server::runtime: runtime stage key=("ca7afe810c988a8b4b561668f3456a9f38d1fdbb0776614e07ddfeb1a2132000", Directory, 0) reserved_bytes=136314880 stage="serialization_handoff"
2026-09-09T19:09:42.130936Z DEBUG transparent_shard_server::runtime: runtime stage key=("ca7afe810c988a8b4b561668f3456a9f38d1fdbb0776614e07ddfeb1a2132000", Pages, 0) seconds=8.428544028 stage="build_slot"
2026-09-09T19:09:42.131045Z DEBUG transparent_shard_server::memory: cold build admission wait seconds=8.5041e-5 admitted=true
2026-09-09T19:09:42.253082Z DEBUG transparent_shard_server::runtime: runtime stage key=("ca7afe810c988a8b4b561668f3456a9f38d1fdbb0776614e07ddfeb1a2132000", Pages, 0) seconds=0.121922872 stage="source_load"
2026-09-09T19:09:42.540637Z DEBUG transparent_shard_server::runtime: construction stage geometry="recent-8k" table="pages" seconds=0.287515131 stage="encode_database"
2026-09-09T19:09:42.540740Z DEBUG transparent_shard_server::runtime: construction stage geometry="recent-8k" table="pages" seconds=7.0374e-5 stage="public_setup"
2026-09-09T19:09:42.815314Z DEBUG transparent_shard_server::runtime: runtime stage key=("ca7afe810c988a8b4b561668f3456a9f38d1fdbb0776614e07ddfeb1a2132000", Directory, 0) seconds=0.684415658 stage="disk_save"
2026-09-09T19:09:42.818204Z DEBUG transparent_shard_server::runtime: runtime stage key=("73d46a59d0d03d7616f9a47e53b50448d4c5a3504e6e296600d8884c8c4403b8", Directory, 0) seconds=1.728e-6 stage="restore_slot"
2026-09-09T19:09:42.818365Z DEBUG transparent_shard_server::runtime: runtime stage key=("73d46a59d0d03d7616f9a47e53b50448d4c5a3504e6e296600d8884c8c4403b8", Directory, 0) seconds=4.0051e-5 hit=false stage="disk_restore"
2026-09-09T19:09:43.191273Z DEBUG transparent_shard_server::runtime: construction stage geometry="recent-8k" table="pages" seconds=0.650525921 stage="hint_columns"
2026-09-09T19:09:45.204724Z DEBUG transparent_shard_server::runtime: construction stage geometry="recent-8k" table="pages" seconds=2.013405031 stage="pack_preprocessing"
2026-09-09T19:09:45.205020Z DEBUG transparent_shard_server::runtime: construction stage geometry="recent-8k" table="pages" seconds=0.000250247 stage="publish_parameters"
2026-09-09T19:09:45.205865Z DEBUG transparent_shard_server::runtime: runtime stage key=("ca7afe810c988a8b4b561668f3456a9f38d1fdbb0776614e07ddfeb1a2132000", Pages, 0) seconds=2.952745772 stage="runtime_build"
2026-09-09T19:09:45.205894Z DEBUG transparent_shard_server::runtime: runtime stage key=("ca7afe810c988a8b4b561668f3456a9f38d1fdbb0776614e07ddfeb1a2132000", Pages, 0) reserved_bytes=136314880 stage="serialization_handoff"
2026-09-09T19:09:45.205935Z DEBUG transparent_shard_server::runtime: runtime stage key=("95df7205357fe2d9c962d2b41daded841e05afa7b6fc8d06dfec46ad04e15335", Directory, 0) seconds=8.442494408 stage="build_slot"
2026-09-09T19:09:45.206057Z DEBUG transparent_shard_server::memory: cold build admission wait seconds=8.9801e-5 admitted=true
2026-09-09T19:09:45.328894Z DEBUG transparent_shard_server::runtime: runtime stage key=("95df7205357fe2d9c962d2b41daded841e05afa7b6fc8d06dfec46ad04e15335", Directory, 0) seconds=0.122815485 stage="source_load"
2026-09-09T19:09:45.615336Z DEBUG transparent_shard_server::runtime: construction stage geometry="recent-8k" table="directory" seconds=0.286392154 stage="encode_database"
2026-09-09T19:09:45.615431Z DEBUG transparent_shard_server::runtime: construction stage geometry="recent-8k" table="directory" seconds=6.5903e-5 stage="public_setup"
2026-09-09T19:09:45.884588Z DEBUG transparent_shard_server::runtime: runtime stage key=("ca7afe810c988a8b4b561668f3456a9f38d1fdbb0776614e07ddfeb1a2132000", Pages, 0) seconds=0.67868683 stage="disk_save"
2026-09-09T19:09:45.884666Z DEBUG transparent_shard_server::runtime: runtime stage key=("73d46a59d0d03d7616f9a47e53b50448d4c5a3504e6e296600d8884c8c4403b8", Pages, 0) seconds=1.715e-6 stage="restore_slot"
2026-09-09T19:09:45.886212Z DEBUG transparent_shard_server::runtime: runtime stage key=("73d46a59d0d03d7616f9a47e53b50448d4c5a3504e6e296600d8884c8c4403b8", Pages, 0) seconds=3.8981e-5 hit=false stage="disk_restore"
2026-09-09T19:09:46.240992Z DEBUG transparent_shard_server::runtime: construction stage geometry="recent-8k" table="directory" seconds=0.625554928 stage="hint_columns"
2026-09-09T19:09:48.232437Z DEBUG transparent_shard_server::runtime: construction stage geometry="recent-8k" table="directory" seconds=1.991399304 stage="pack_preprocessing"
2026-09-09T19:09:48.232723Z DEBUG transparent_shard_server::runtime: construction stage geometry="recent-8k" table="directory" seconds=0.00024819 stage="publish_parameters"
2026-09-09T19:09:48.233539Z DEBUG transparent_shard_server::runtime: runtime stage key=("95df7205357fe2d9c962d2b41daded841e05afa7b6fc8d06dfec46ad04e15335", Directory, 0) seconds=2.904596963 stage="runtime_build"
2026-09-09T19:09:48.233582Z DEBUG transparent_shard_server::runtime: runtime stage key=("95df7205357fe2d9c962d2b41daded841e05afa7b6fc8d06dfec46ad04e15335", Pages, 0) seconds=8.472207623 stage="build_slot"
2026-09-09T19:09:48.233667Z DEBUG transparent_shard_server::memory: cold build admission wait seconds=8.0182e-5 admitted=true
2026-09-09T19:09:48.233703Z DEBUG transparent_shard_server::runtime: runtime stage key=("95df7205357fe2d9c962d2b41daded841e05afa7b6fc8d06dfec46ad04e15335", Directory, 0) reserved_bytes=136314880 stage="serialization_handoff"
2026-09-09T19:09:48.355870Z DEBUG transparent_shard_server::runtime: runtime stage key=("95df7205357fe2d9c962d2b41daded841e05afa7b6fc8d06dfec46ad04e15335", Pages, 0) seconds=0.122152328 stage="source_load"
2026-09-09T19:09:48.647078Z DEBUG transparent_shard_server::runtime: construction stage geometry="recent-8k" table="pages" seconds=0.291167796 stage="encode_database"
2026-09-09T19:09:48.647186Z DEBUG transparent_shard_server::runtime: construction stage geometry="recent-8k" table="pages" seconds=7.6215e-5 stage="public_setup"
2026-09-09T19:09:48.919748Z DEBUG transparent_shard_server::runtime: runtime stage key=("95df7205357fe2d9c962d2b41daded841e05afa7b6fc8d06dfec46ad04e15335", Directory, 0) seconds=0.686038371 stage="disk_save"
2026-09-09T19:09:48.919814Z DEBUG transparent_shard_server::runtime: runtime stage key=("b16be2933ab920bc4745ea8917e5167a7a685c211e0b4febe88b4d3018f970bc", Directory, 0) seconds=1.681e-6 stage="restore_slot"
2026-09-09T19:09:48.919953Z DEBUG transparent_shard_server::runtime: runtime stage key=("b16be2933ab920bc4745ea8917e5167a7a685c211e0b4febe88b4d3018f970bc", Directory, 0) seconds=4.1755e-5 hit=false stage="disk_restore"
2026-09-09T19:09:49.289506Z DEBUG transparent_shard_server::runtime: construction stage geometry="recent-8k" table="pages" seconds=0.642311681 stage="hint_columns"
2026-09-09T19:09:51.272247Z DEBUG transparent_shard_server::runtime: construction stage geometry="recent-8k" table="pages" seconds=1.9826995250000001 stage="pack_preprocessing"
2026-09-09T19:09:51.272524Z DEBUG transparent_shard_server::runtime: construction stage geometry="recent-8k" table="pages" seconds=0.000234005 stage="publish_parameters"
2026-09-09T19:09:51.273380Z DEBUG transparent_shard_server::runtime: runtime stage key=("95df7205357fe2d9c962d2b41daded841e05afa7b6fc8d06dfec46ad04e15335", Pages, 0) seconds=2.917472366 stage="runtime_build"
2026-09-09T19:09:51.273417Z DEBUG transparent_shard_server::runtime: runtime stage key=("95df7205357fe2d9c962d2b41daded841e05afa7b6fc8d06dfec46ad04e15335", Pages, 0) reserved_bytes=136314880 stage="serialization_handoff"
2026-09-09T19:09:51.273472Z DEBUG transparent_shard_server::runtime: runtime stage key=("73d46a59d0d03d7616f9a47e53b50448d4c5a3504e6e296600d8884c8c4403b8", Directory, 0) seconds=8.455075696 stage="build_slot"
2026-09-09T19:09:51.273572Z DEBUG transparent_shard_server::memory: cold build admission wait seconds=7.7549e-5 admitted=true
2026-09-09T19:09:51.397389Z DEBUG transparent_shard_server::runtime: runtime stage key=("73d46a59d0d03d7616f9a47e53b50448d4c5a3504e6e296600d8884c8c4403b8", Directory, 0) seconds=0.123774501 stage="source_load"
2026-09-09T19:09:51.684925Z DEBUG transparent_shard_server::runtime: construction stage geometry="recent-8k" table="directory" seconds=0.287502155 stage="encode_database"
2026-09-09T19:09:51.685024Z DEBUG transparent_shard_server::runtime: construction stage geometry="recent-8k" table="directory" seconds=7.1008e-5 stage="public_setup"
2026-09-09T19:09:51.970000Z DEBUG transparent_shard_server::runtime: runtime stage key=("95df7205357fe2d9c962d2b41daded841e05afa7b6fc8d06dfec46ad04e15335", Pages, 0) seconds=0.696577083 stage="disk_save"
2026-09-09T19:09:51.971198Z DEBUG transparent_shard_server::runtime: runtime stage key=("b16be2933ab920bc4745ea8917e5167a7a685c211e0b4febe88b4d3018f970bc", Pages, 0) seconds=1.408e-6 stage="restore_slot"
2026-09-09T19:09:51.971336Z DEBUG transparent_shard_server::runtime: runtime stage key=("b16be2933ab920bc4745ea8917e5167a7a685c211e0b4febe88b4d3018f970bc", Pages, 0) seconds=2.4153e-5 hit=false stage="disk_restore"
2026-09-09T19:09:52.272751Z DEBUG transparent_shard_server::runtime: construction stage geometry="recent-8k" table="directory" seconds=0.587719602 stage="hint_columns"
2026-09-09T19:09:54.251854Z DEBUG transparent_shard_server::runtime: construction stage geometry="recent-8k" table="directory" seconds=1.979063351 stage="pack_preprocessing"
2026-09-09T19:09:54.252143Z DEBUG transparent_shard_server::runtime: construction stage geometry="recent-8k" table="directory" seconds=0.000252498 stage="publish_parameters"
2026-09-09T19:09:54.252989Z DEBUG transparent_shard_server::runtime: runtime stage key=("73d46a59d0d03d7616f9a47e53b50448d4c5a3504e6e296600d8884c8c4403b8", Directory, 0) seconds=2.855568286 stage="runtime_build"
2026-09-09T19:09:54.253022Z DEBUG transparent_shard_server::runtime: runtime stage key=("73d46a59d0d03d7616f9a47e53b50448d4c5a3504e6e296600d8884c8c4403b8", Directory, 0) reserved_bytes=136314880 stage="serialization_handoff"
2026-09-09T19:09:54.253061Z DEBUG transparent_shard_server::runtime: runtime stage key=("73d46a59d0d03d7616f9a47e53b50448d4c5a3504e6e296600d8884c8c4403b8", Pages, 0) seconds=8.366809469 stage="build_slot"
2026-09-09T19:09:54.253189Z DEBUG transparent_shard_server::memory: cold build admission wait seconds=0.000105166 admitted=true
2026-09-09T19:09:54.374942Z DEBUG transparent_shard_server::runtime: runtime stage key=("73d46a59d0d03d7616f9a47e53b50448d4c5a3504e6e296600d8884c8c4403b8", Pages, 0) seconds=0.121696304 stage="source_load"
2026-09-09T19:09:54.659715Z DEBUG transparent_shard_server::runtime: construction stage geometry="recent-8k" table="pages" seconds=0.284736247 stage="encode_database"
2026-09-09T19:09:54.659808Z DEBUG transparent_shard_server::runtime: construction stage geometry="recent-8k" table="pages" seconds=6.6437e-5 stage="public_setup"
2026-09-09T19:09:54.943818Z DEBUG transparent_shard_server::runtime: runtime stage key=("73d46a59d0d03d7616f9a47e53b50448d4c5a3504e6e296600d8884c8c4403b8", Directory, 0) seconds=0.690789235 stage="disk_save"
2026-09-09T19:09:54.946198Z DEBUG transparent_shard_server::runtime: runtime stage key=("16b8227360ce35dd2e111156f5e31fd5eb500ff877879a212fef6cf8471de8a5", Directory, 0) seconds=1.262e-6 stage="restore_slot"
2026-09-09T19:09:54.946350Z DEBUG transparent_shard_server::runtime: runtime stage key=("16b8227360ce35dd2e111156f5e31fd5eb500ff877879a212fef6cf8471de8a5", Directory, 0) seconds=3.7549e-5 hit=false stage="disk_restore"
2026-09-09T19:09:55.296387Z DEBUG transparent_shard_server::runtime: construction stage geometry="recent-8k" table="pages" seconds=0.636571233 stage="hint_columns"
2026-09-09T19:09:57.246650Z DEBUG transparent_shard_server::runtime: construction stage geometry="recent-8k" table="pages" seconds=1.9502235570000002 stage="pack_preprocessing"
2026-09-09T19:09:57.246924Z DEBUG transparent_shard_server::runtime: construction stage geometry="recent-8k" table="pages" seconds=0.000232432 stage="publish_parameters"
2026-09-09T19:09:57.247707Z DEBUG transparent_shard_server::runtime: runtime stage key=("73d46a59d0d03d7616f9a47e53b50448d4c5a3504e6e296600d8884c8c4403b8", Pages, 0) seconds=2.872731037 stage="runtime_build"
2026-09-09T19:09:57.247736Z DEBUG transparent_shard_server::runtime: runtime stage key=("73d46a59d0d03d7616f9a47e53b50448d4c5a3504e6e296600d8884c8c4403b8", Pages, 0) reserved_bytes=136314880 stage="serialization_handoff"
2026-09-09T19:09:57.247769Z DEBUG transparent_shard_server::runtime: runtime stage key=("b16be2933ab920bc4745ea8917e5167a7a685c211e0b4febe88b4d3018f970bc", Directory, 0) seconds=8.327781375 stage="build_slot"
2026-09-09T19:09:57.247867Z DEBUG transparent_shard_server::memory: cold build admission wait seconds=7.3082e-5 admitted=true
2026-09-09T19:09:57.368593Z DEBUG transparent_shard_server::runtime: runtime stage key=("b16be2933ab920bc4745ea8917e5167a7a685c211e0b4febe88b4d3018f970bc", Directory, 0) seconds=0.120707557 stage="source_load"
2026-09-09T19:09:57.654793Z DEBUG transparent_shard_server::runtime: construction stage geometry="recent-8k" table="directory" seconds=0.286163064 stage="encode_database"
2026-09-09T19:09:57.654896Z DEBUG transparent_shard_server::runtime: construction stage geometry="recent-8k" table="directory" seconds=7.388e-5 stage="public_setup"
2026-09-09T19:09:57.932309Z DEBUG transparent_shard_server::runtime: runtime stage key=("73d46a59d0d03d7616f9a47e53b50448d4c5a3504e6e296600d8884c8c4403b8", Pages, 0) seconds=0.684566644 stage="disk_save"
2026-09-09T19:09:57.932388Z DEBUG transparent_shard_server::runtime: runtime stage key=("16b8227360ce35dd2e111156f5e31fd5eb500ff877879a212fef6cf8471de8a5", Pages, 0) seconds=1.261e-6 stage="restore_slot"
2026-09-09T19:09:57.932534Z DEBUG transparent_shard_server::runtime: runtime stage key=("16b8227360ce35dd2e111156f5e31fd5eb500ff877879a212fef6cf8471de8a5", Pages, 0) seconds=3.7699e-5 hit=false stage="disk_restore"
2026-09-09T19:09:58.254423Z DEBUG transparent_shard_server::runtime: construction stage geometry="recent-8k" table="directory" seconds=0.599518379 stage="hint_columns"
2026-09-09T19:10:00.195859Z DEBUG transparent_shard_server::runtime: construction stage geometry="recent-8k" table="directory" seconds=1.941394434 stage="pack_preprocessing"
2026-09-09T19:10:00.196146Z DEBUG transparent_shard_server::runtime: construction stage geometry="recent-8k" table="directory" seconds=0.000243561 stage="publish_parameters"
2026-09-09T19:10:00.196915Z DEBUG transparent_shard_server::runtime: runtime stage key=("b16be2933ab920bc4745ea8917e5167a7a685c211e0b4febe88b4d3018f970bc", Directory, 0) seconds=2.828288015 stage="runtime_build"
2026-09-09T19:10:00.196956Z DEBUG transparent_shard_server::runtime: runtime stage key=("b16be2933ab920bc4745ea8917e5167a7a685c211e0b4febe88b4d3018f970bc", Pages, 0) seconds=8.225602088 stage="build_slot"
2026-09-09T19:10:00.197045Z DEBUG transparent_shard_server::memory: cold build admission wait seconds=8.324e-5 admitted=true
2026-09-09T19:10:00.197070Z DEBUG transparent_shard_server::runtime: runtime stage key=("b16be2933ab920bc4745ea8917e5167a7a685c211e0b4febe88b4d3018f970bc", Directory, 0) reserved_bytes=136314880 stage="serialization_handoff"
2026-09-09T19:10:00.320398Z DEBUG transparent_shard_server::runtime: runtime stage key=("b16be2933ab920bc4745ea8917e5167a7a685c211e0b4febe88b4d3018f970bc", Pages, 0) seconds=0.123311494 stage="source_load"
2026-09-09T19:10:00.611042Z DEBUG transparent_shard_server::runtime: construction stage geometry="recent-8k" table="pages" seconds=0.290608735 stage="encode_database"
2026-09-09T19:10:00.611157Z DEBUG transparent_shard_server::runtime: construction stage geometry="recent-8k" table="pages" seconds=7.476e-5 stage="public_setup"
2026-09-09T19:10:00.882619Z DEBUG transparent_shard_server::runtime: runtime stage key=("b16be2933ab920bc4745ea8917e5167a7a685c211e0b4febe88b4d3018f970bc", Directory, 0) seconds=0.685541214 stage="disk_save"
2026-09-09T19:10:00.882685Z DEBUG transparent_shard_server::runtime: runtime stage key=("1cd27964911287b2a127c1f8df5e6b0c19f5b4db309391c5adb2db3072bfec6e", Directory, 0) seconds=1.196e-6 stage="restore_slot"
2026-09-09T19:10:00.882807Z DEBUG transparent_shard_server::runtime: runtime stage key=("1cd27964911287b2a127c1f8df5e6b0c19f5b4db309391c5adb2db3072bfec6e", Directory, 0) seconds=3.985e-5 hit=false stage="disk_restore"
2026-09-09T19:10:01.258508Z DEBUG transparent_shard_server::runtime: construction stage geometry="recent-8k" table="pages" seconds=0.64733544 stage="hint_columns"
2026-09-09T19:10:03.257247Z DEBUG transparent_shard_server::runtime: construction stage geometry="recent-8k" table="pages" seconds=1.998698799 stage="pack_preprocessing"
2026-09-09T19:10:03.257538Z DEBUG transparent_shard_server::runtime: construction stage geometry="recent-8k" table="pages" seconds=0.000246238 stage="publish_parameters"
2026-09-09T19:10:03.258389Z DEBUG transparent_shard_server::runtime: runtime stage key=("b16be2933ab920bc4745ea8917e5167a7a685c211e0b4febe88b4d3018f970bc", Pages, 0) seconds=2.937956677 stage="runtime_build"
2026-09-09T19:10:03.258424Z DEBUG transparent_shard_server::runtime: runtime stage key=("b16be2933ab920bc4745ea8917e5167a7a685c211e0b4febe88b4d3018f970bc", Pages, 0) reserved_bytes=136314880 stage="serialization_handoff"
2026-09-09T19:10:03.258563Z DEBUG transparent_shard_server::runtime: runtime stage key=("16b8227360ce35dd2e111156f5e31fd5eb500ff877879a212fef6cf8471de8a5", Directory, 0) seconds=8.312170818 stage="build_slot"
2026-09-09T19:10:03.258668Z DEBUG transparent_shard_server::memory: cold build admission wait seconds=7.8032e-5 admitted=true
2026-09-09T19:10:03.383177Z DEBUG transparent_shard_server::runtime: runtime stage key=("16b8227360ce35dd2e111156f5e31fd5eb500ff877879a212fef6cf8471de8a5", Directory, 0) seconds=0.124459543 stage="source_load"
2026-09-09T19:10:03.685622Z DEBUG transparent_shard_server::runtime: construction stage geometry="recent-8k" table="directory" seconds=0.30240693 stage="encode_database"
2026-09-09T19:10:03.685723Z DEBUG transparent_shard_server::runtime: construction stage geometry="recent-8k" table="directory" seconds=7.3091e-5 stage="public_setup"
2026-09-09T19:10:03.953302Z DEBUG transparent_shard_server::runtime: runtime stage key=("b16be2933ab920bc4745ea8917e5167a7a685c211e0b4febe88b4d3018f970bc", Pages, 0) seconds=0.69487172 stage="disk_save"
2026-09-09T19:10:03.954208Z DEBUG transparent_shard_server::runtime: runtime stage key=("1cd27964911287b2a127c1f8df5e6b0c19f5b4db309391c5adb2db3072bfec6e", Pages, 0) seconds=1.368e-6 stage="restore_slot"
2026-09-09T19:10:03.954339Z DEBUG transparent_shard_server::runtime: runtime stage key=("1cd27964911287b2a127c1f8df5e6b0c19f5b4db309391c5adb2db3072bfec6e", Pages, 0) seconds=2.5195e-5 hit=false stage="disk_restore"
2026-09-09T19:10:04.306767Z DEBUG transparent_shard_server::runtime: construction stage geometry="recent-8k" table="directory" seconds=0.621036675 stage="hint_columns"
2026-09-09T19:10:06.258231Z DEBUG transparent_shard_server::runtime: construction stage geometry="recent-8k" table="directory" seconds=1.951422799 stage="pack_preprocessing"
2026-09-09T19:10:06.258522Z DEBUG transparent_shard_server::runtime: construction stage geometry="recent-8k" table="directory" seconds=0.000251596 stage="publish_parameters"
2026-09-09T19:10:06.259298Z DEBUG transparent_shard_server::runtime: runtime stage key=("16b8227360ce35dd2e111156f5e31fd5eb500ff877879a212fef6cf8471de8a5", Directory, 0) seconds=2.876085123 stage="runtime_build"
2026-09-09T19:10:06.259326Z DEBUG transparent_shard_server::runtime: runtime stage key=("16b8227360ce35dd2e111156f5e31fd5eb500ff877879a212fef6cf8471de8a5", Directory, 0) reserved_bytes=136314880 stage="serialization_handoff"
2026-09-09T19:10:06.259375Z DEBUG transparent_shard_server::runtime: runtime stage key=("16b8227360ce35dd2e111156f5e31fd5eb500ff877879a212fef6cf8471de8a5", Pages, 0) seconds=8.326808186 stage="build_slot"
2026-09-09T19:10:06.259498Z DEBUG transparent_shard_server::memory: cold build admission wait seconds=0.000100423 admitted=true
2026-09-09T19:10:06.383878Z DEBUG transparent_shard_server::runtime: runtime stage key=("16b8227360ce35dd2e111156f5e31fd5eb500ff877879a212fef6cf8471de8a5", Pages, 0) seconds=0.124342019 stage="source_load"
2026-09-09T19:10:06.673268Z DEBUG transparent_shard_server::runtime: construction stage geometry="recent-8k" table="pages" seconds=0.289355715 stage="encode_database"
2026-09-09T19:10:06.673371Z DEBUG transparent_shard_server::runtime: construction stage geometry="recent-8k" table="pages" seconds=7.5425e-5 stage="public_setup"
2026-09-09T19:10:06.941779Z DEBUG transparent_shard_server::runtime: runtime stage key=("16b8227360ce35dd2e111156f5e31fd5eb500ff877879a212fef6cf8471de8a5", Directory, 0) seconds=0.682433193 stage="disk_save"
2026-09-09T19:10:06.944198Z DEBUG transparent_shard_server::runtime: runtime stage key=("27f56c565263ecffb8c7736d4e811665d81bf4ed71c7978431fcc4f45b645ee1", Directory, 0) seconds=2.024e-6 stage="restore_slot"
2026-09-09T19:10:06.944347Z DEBUG transparent_shard_server::runtime: runtime stage key=("27f56c565263ecffb8c7736d4e811665d81bf4ed71c7978431fcc4f45b645ee1", Directory, 0) seconds=3.668e-5 hit=false stage="disk_restore"
2026-09-09T19:10:07.315665Z DEBUG transparent_shard_server::runtime: construction stage geometry="recent-8k" table="pages" seconds=0.642287283 stage="hint_columns"
2026-09-09T19:10:09.292520Z DEBUG transparent_shard_server::runtime: construction stage geometry="recent-8k" table="pages" seconds=1.976813328 stage="pack_preprocessing"
2026-09-09T19:10:09.292812Z DEBUG transparent_shard_server::runtime: construction stage geometry="recent-8k" table="pages" seconds=0.00025111 stage="publish_parameters"
2026-09-09T19:10:09.293611Z DEBUG transparent_shard_server::runtime: runtime stage key=("16b8227360ce35dd2e111156f5e31fd5eb500ff877879a212fef6cf8471de8a5", Pages, 0) seconds=2.909700497 stage="runtime_build"
2026-09-09T19:10:09.293642Z DEBUG transparent_shard_server::runtime: runtime stage key=("16b8227360ce35dd2e111156f5e31fd5eb500ff877879a212fef6cf8471de8a5", Pages, 0) reserved_bytes=136314880 stage="serialization_handoff"
2026-09-09T19:10:09.293677Z DEBUG transparent_shard_server::runtime: runtime stage key=("1cd27964911287b2a127c1f8df5e6b0c19f5b4db309391c5adb2db3072bfec6e", Directory, 0) seconds=8.410837546 stage="build_slot"
2026-09-09T19:10:09.293782Z DEBUG transparent_shard_server::memory: cold build admission wait seconds=7.6119e-5 admitted=true
2026-09-09T19:10:09.415430Z DEBUG transparent_shard_server::runtime: runtime stage key=("1cd27964911287b2a127c1f8df5e6b0c19f5b4db309391c5adb2db3072bfec6e", Directory, 0) seconds=0.121628839 stage="source_load"
2026-09-09T19:10:09.698629Z DEBUG transparent_shard_server::runtime: construction stage geometry="recent-8k" table="directory" seconds=0.283169349 stage="encode_database"
2026-09-09T19:10:09.698731Z DEBUG transparent_shard_server::runtime: construction stage geometry="recent-8k" table="directory" seconds=7.1176e-5 stage="public_setup"
2026-09-09T19:10:09.976473Z DEBUG transparent_shard_server::runtime: runtime stage key=("16b8227360ce35dd2e111156f5e31fd5eb500ff877879a212fef6cf8471de8a5", Pages, 0) seconds=0.682824269 stage="disk_save"
2026-09-09T19:10:09.976548Z DEBUG transparent_shard_server::runtime: runtime stage key=("27f56c565263ecffb8c7736d4e811665d81bf4ed71c7978431fcc4f45b645ee1", Pages, 0) seconds=1.693e-6 stage="restore_slot"
2026-09-09T19:10:09.976716Z DEBUG transparent_shard_server::runtime: runtime stage key=("27f56c565263ecffb8c7736d4e811665d81bf4ed71c7978431fcc4f45b645ee1", Pages, 0) seconds=5.7444e-5 hit=false stage="disk_restore"
2026-09-09T19:10:10.326977Z DEBUG transparent_shard_server::runtime: construction stage geometry="recent-8k" table="directory" seconds=0.628238874 stage="hint_columns"
2026-09-09T19:10:12.295776Z DEBUG transparent_shard_server::runtime: construction stage geometry="recent-8k" table="directory" seconds=1.9687601890000002 stage="pack_preprocessing"
2026-09-09T19:10:12.296064Z DEBUG transparent_shard_server::runtime: construction stage geometry="recent-8k" table="directory" seconds=0.000252086 stage="publish_parameters"
2026-09-09T19:10:12.296859Z DEBUG transparent_shard_server::runtime: runtime stage key=("1cd27964911287b2a127c1f8df5e6b0c19f5b4db309391c5adb2db3072bfec6e", Directory, 0) seconds=2.881401457 stage="runtime_build"
2026-09-09T19:10:12.296899Z DEBUG transparent_shard_server::runtime: runtime stage key=("1cd27964911287b2a127c1f8df5e6b0c19f5b4db309391c5adb2db3072bfec6e", Pages, 0) seconds=8.342537819 stage="build_slot"
2026-09-09T19:10:12.296977Z DEBUG transparent_shard_server::memory: cold build admission wait seconds=7.439e-5 admitted=true
2026-09-09T19:10:12.297000Z DEBUG transparent_shard_server::runtime: runtime stage key=("1cd27964911287b2a127c1f8df5e6b0c19f5b4db309391c5adb2db3072bfec6e", Directory, 0) reserved_bytes=136314880 stage="serialization_handoff"
2026-09-09T19:10:12.420744Z DEBUG transparent_shard_server::runtime: runtime stage key=("1cd27964911287b2a127c1f8df5e6b0c19f5b4db309391c5adb2db3072bfec6e", Pages, 0) seconds=0.123718336 stage="source_load"
2026-09-09T19:10:12.708946Z DEBUG transparent_shard_server::runtime: construction stage geometry="recent-8k" table="pages" seconds=0.288168315 stage="encode_database"
2026-09-09T19:10:12.709078Z DEBUG transparent_shard_server::runtime: construction stage geometry="recent-8k" table="pages" seconds=7.3648e-5 stage="public_setup"
2026-09-09T19:10:13.185604Z DEBUG transparent_shard_server::runtime: runtime stage key=("1cd27964911287b2a127c1f8df5e6b0c19f5b4db309391c5adb2db3072bfec6e", Directory, 0) seconds=0.888597626 stage="disk_save"
2026-09-09T19:10:13.185668Z DEBUG transparent_shard_server::runtime: runtime stage key=("ced665ae1f1140944bcd0c9aa2b83c1019df768df87fa513f9509106fc5b88c1", Directory, 0) seconds=2.081e-6 stage="restore_slot"
2026-09-09T19:10:13.185791Z DEBUG transparent_shard_server::runtime: runtime stage key=("ced665ae1f1140944bcd0c9aa2b83c1019df768df87fa513f9509106fc5b88c1", Directory, 0) seconds=3.9558e-5 hit=false stage="disk_restore"
2026-09-09T19:10:13.366535Z DEBUG transparent_shard_server::runtime: construction stage geometry="recent-8k" table="pages" seconds=0.657449898 stage="hint_columns"
2026-09-09T19:10:15.374057Z DEBUG transparent_shard_server::runtime: construction stage geometry="recent-8k" table="pages" seconds=2.007481283 stage="pack_preprocessing"
2026-09-09T19:10:15.374360Z DEBUG transparent_shard_server::runtime: construction stage geometry="recent-8k" table="pages" seconds=0.000260661 stage="publish_parameters"
2026-09-09T19:10:15.375160Z DEBUG transparent_shard_server::runtime: runtime stage key=("1cd27964911287b2a127c1f8df5e6b0c19f5b4db309391c5adb2db3072bfec6e", Pages, 0) seconds=2.954384634 stage="runtime_build"
2026-09-09T19:10:15.375196Z DEBUG transparent_shard_server::runtime: runtime stage key=("1cd27964911287b2a127c1f8df5e6b0c19f5b4db309391c5adb2db3072bfec6e", Pages, 0) reserved_bytes=136314880 stage="serialization_handoff"
2026-09-09T19:10:15.375302Z DEBUG transparent_shard_server::runtime: runtime stage key=("27f56c565263ecffb8c7736d4e811665d81bf4ed71c7978431fcc4f45b645ee1", Directory, 0) seconds=8.430923734 stage="build_slot"
2026-09-09T19:10:15.375406Z DEBUG transparent_shard_server::memory: cold build admission wait seconds=7.6018e-5 admitted=true
2026-09-09T19:10:15.496213Z DEBUG transparent_shard_server::runtime: runtime stage key=("27f56c565263ecffb8c7736d4e811665d81bf4ed71c7978431fcc4f45b645ee1", Directory, 0) seconds=0.120698425 stage="source_load"
2026-09-09T19:10:15.799837Z DEBUG transparent_shard_server::runtime: construction stage geometry="recent-8k" table="directory" seconds=0.303591158 stage="encode_database"
2026-09-09T19:10:15.799949Z DEBUG transparent_shard_server::runtime: construction stage geometry="recent-8k" table="directory" seconds=7.6213e-5 stage="public_setup"
2026-09-09T19:10:16.072324Z DEBUG transparent_shard_server::runtime: runtime stage key=("1cd27964911287b2a127c1f8df5e6b0c19f5b4db309391c5adb2db3072bfec6e", Pages, 0) seconds=0.697119542 stage="disk_save"
2026-09-09T19:10:16.074200Z DEBUG transparent_shard_server::runtime: runtime stage key=("ced665ae1f1140944bcd0c9aa2b83c1019df768df87fa513f9509106fc5b88c1", Pages, 0) seconds=1.521e-6 stage="restore_slot"
2026-09-09T19:10:16.074340Z DEBUG transparent_shard_server::runtime: runtime stage key=("ced665ae1f1140944bcd0c9aa2b83c1019df768df87fa513f9509106fc5b88c1", Pages, 0) seconds=2.6505e-5 hit=false stage="disk_restore"
2026-09-09T19:10:16.410367Z DEBUG transparent_shard_server::runtime: construction stage geometry="recent-8k" table="directory" seconds=0.610410208 stage="hint_columns"
2026-09-09T19:10:18.384969Z DEBUG transparent_shard_server::runtime: construction stage geometry="recent-8k" table="directory" seconds=1.974557948 stage="pack_preprocessing"
2026-09-09T19:10:18.385269Z DEBUG transparent_shard_server::runtime: construction stage geometry="recent-8k" table="directory" seconds=0.000263821 stage="publish_parameters"
2026-09-09T19:10:18.386039Z DEBUG transparent_shard_server::runtime: runtime stage key=("27f56c565263ecffb8c7736d4e811665d81bf4ed71c7978431fcc4f45b645ee1", Directory, 0) seconds=2.889794613 stage="runtime_build"
2026-09-09T19:10:18.386078Z DEBUG transparent_shard_server::runtime: runtime stage key=("27f56c565263ecffb8c7736d4e811665d81bf4ed71c7978431fcc4f45b645ee1", Pages, 0) seconds=8.409313555 stage="build_slot"
2026-09-09T19:10:18.386171Z DEBUG transparent_shard_server::memory: cold build admission wait seconds=8.8932e-5 admitted=true
2026-09-09T19:10:18.386199Z DEBUG transparent_shard_server::runtime: runtime stage key=("27f56c565263ecffb8c7736d4e811665d81bf4ed71c7978431fcc4f45b645ee1", Directory, 0) reserved_bytes=136314880 stage="serialization_handoff"
2026-09-09T19:10:18.508495Z DEBUG transparent_shard_server::runtime: runtime stage key=("27f56c565263ecffb8c7736d4e811665d81bf4ed71c7978431fcc4f45b645ee1", Pages, 0) seconds=0.122287047 stage="source_load"
2026-09-09T19:10:18.808850Z DEBUG transparent_shard_server::runtime: construction stage geometry="recent-8k" table="pages" seconds=0.300318909 stage="encode_database"
2026-09-09T19:10:18.808953Z DEBUG transparent_shard_server::runtime: construction stage geometry="recent-8k" table="pages" seconds=7.3457e-5 stage="public_setup"
2026-09-09T19:10:19.076726Z DEBUG transparent_shard_server::runtime: runtime stage key=("27f56c565263ecffb8c7736d4e811665d81bf4ed71c7978431fcc4f45b645ee1", Directory, 0) seconds=0.690518782 stage="disk_save"
2026-09-09T19:10:19.076797Z DEBUG transparent_shard_server::runtime: runtime stage key=("2d4497bf9e8bafc6139ee4e57114238a7ecfa0782702939922bf2a79b1fe05bf", Directory, 0) seconds=1.065e-6 stage="restore_slot"
2026-09-09T19:10:19.076928Z DEBUG transparent_shard_server::runtime: runtime stage key=("2d4497bf9e8bafc6139ee4e57114238a7ecfa0782702939922bf2a79b1fe05bf", Directory, 0) seconds=4.4746e-5 hit=false stage="disk_restore"
2026-09-09T19:10:19.449786Z DEBUG transparent_shard_server::runtime: construction stage geometry="recent-8k" table="pages" seconds=0.640825723 stage="hint_columns"
2026-09-09T19:10:21.457970Z DEBUG transparent_shard_server::runtime: construction stage geometry="recent-8k" table="pages" seconds=2.008139677 stage="pack_preprocessing"
2026-09-09T19:10:21.458314Z DEBUG transparent_shard_server::runtime: construction stage geometry="recent-8k" table="pages" seconds=0.000296226 stage="publish_parameters"
2026-09-09T19:10:21.459191Z DEBUG transparent_shard_server::runtime: runtime stage key=("27f56c565263ecffb8c7736d4e811665d81bf4ed71c7978431fcc4f45b645ee1", Pages, 0) seconds=2.9506622 stage="runtime_build"
2026-09-09T19:10:21.459225Z DEBUG transparent_shard_server::runtime: runtime stage key=("27f56c565263ecffb8c7736d4e811665d81bf4ed71c7978431fcc4f45b645ee1", Pages, 0) reserved_bytes=136314880 stage="serialization_handoff"
2026-09-09T19:10:21.459366Z DEBUG transparent_shard_server::runtime: runtime stage key=("ced665ae1f1140944bcd0c9aa2b83c1019df768df87fa513f9509106fc5b88c1", Directory, 0) seconds=8.273540615 stage="build_slot"
2026-09-09T19:10:21.459466Z DEBUG transparent_shard_server::memory: cold build admission wait seconds=7.7359e-5 admitted=true
2026-09-09T19:10:21.583330Z DEBUG transparent_shard_server::runtime: runtime stage key=("ced665ae1f1140944bcd0c9aa2b83c1019df768df87fa513f9509106fc5b88c1", Directory, 0) seconds=0.123844747 stage="source_load"
2026-09-09T19:10:21.890185Z DEBUG transparent_shard_server::runtime: construction stage geometry="recent-8k" table="directory" seconds=0.306812122 stage="encode_database"
2026-09-09T19:10:21.890292Z DEBUG transparent_shard_server::runtime: construction stage geometry="recent-8k" table="directory" seconds=7.617e-5 stage="public_setup"
2026-09-09T19:10:22.182001Z DEBUG transparent_shard_server::runtime: runtime stage key=("27f56c565263ecffb8c7736d4e811665d81bf4ed71c7978431fcc4f45b645ee1", Pages, 0) seconds=0.722755612 stage="disk_save"
2026-09-09T19:10:22.182085Z DEBUG transparent_shard_server::runtime: runtime stage key=("2d4497bf9e8bafc6139ee4e57114238a7ecfa0782702939922bf2a79b1fe05bf", Pages, 0) seconds=1.144e-6 stage="restore_slot"
2026-09-09T19:10:22.182228Z DEBUG transparent_shard_server::runtime: runtime stage key=("2d4497bf9e8bafc6139ee4e57114238a7ecfa0782702939922bf2a79b1fe05bf", Pages, 0) seconds=3.2282e-5 hit=false stage="disk_restore"
test burst::publication_burst_under_exact_load has been running for over 60 seconds
2026-09-09T19:10:22.514787Z DEBUG transparent_shard_server::runtime: construction stage geometry="recent-8k" table="directory" seconds=0.624487963 stage="hint_columns"
2026-09-09T19:10:24.523518Z DEBUG transparent_shard_server::runtime: construction stage geometry="recent-8k" table="directory" seconds=2.008691039 stage="pack_preprocessing"
2026-09-09T19:10:24.523807Z DEBUG transparent_shard_server::runtime: construction stage geometry="recent-8k" table="directory" seconds=0.000252611 stage="publish_parameters"
2026-09-09T19:10:24.524577Z DEBUG transparent_shard_server::runtime: runtime stage key=("ced665ae1f1140944bcd0c9aa2b83c1019df768df87fa513f9509106fc5b88c1", Directory, 0) seconds=2.9412061400000002 stage="runtime_build"
2026-09-09T19:10:24.524616Z DEBUG transparent_shard_server::runtime: runtime stage key=("ced665ae1f1140944bcd0c9aa2b83c1019df768df87fa513f9509106fc5b88c1", Pages, 0) seconds=8.450258168 stage="build_slot"
2026-09-09T19:10:24.524686Z DEBUG transparent_shard_server::memory: cold build admission wait seconds=6.4826e-5 admitted=true
2026-09-09T19:10:24.524708Z DEBUG transparent_shard_server::runtime: runtime stage key=("ced665ae1f1140944bcd0c9aa2b83c1019df768df87fa513f9509106fc5b88c1", Directory, 0) reserved_bytes=136314880 stage="serialization_handoff"
2026-09-09T19:10:24.643186Z DEBUG transparent_shard_server::runtime: runtime stage key=("ced665ae1f1140944bcd0c9aa2b83c1019df768df87fa513f9509106fc5b88c1", Pages, 0) seconds=0.118388785 stage="source_load"
2026-09-09T19:10:24.952842Z DEBUG transparent_shard_server::runtime: construction stage geometry="recent-8k" table="pages" seconds=0.309616994 stage="encode_database"
2026-09-09T19:10:24.952965Z DEBUG transparent_shard_server::runtime: construction stage geometry="recent-8k" table="pages" seconds=9.4397e-5 stage="public_setup"
2026-09-09T19:10:25.223578Z DEBUG transparent_shard_server::runtime: runtime stage key=("ced665ae1f1140944bcd0c9aa2b83c1019df768df87fa513f9509106fc5b88c1", Directory, 0) seconds=0.69886369 stage="disk_save"
2026-09-09T19:10:25.223640Z DEBUG transparent_shard_server::runtime: runtime stage key=("a4bd72b37c0aafb265c77bb09cbc402cf69b65a87a1fabc8a0f12614b35469be", Directory, 0) seconds=2.261e-6 stage="restore_slot"
2026-09-09T19:10:25.223752Z DEBUG transparent_shard_server::runtime: runtime stage key=("a4bd72b37c0aafb265c77bb09cbc402cf69b65a87a1fabc8a0f12614b35469be", Directory, 0) seconds=3.6557e-5 hit=false stage="disk_restore"
2026-09-09T19:10:25.587458Z DEBUG transparent_shard_server::runtime: construction stage geometry="recent-8k" table="pages" seconds=0.634485895 stage="hint_columns"
2026-09-09T19:10:27.593389Z DEBUG transparent_shard_server::runtime: construction stage geometry="recent-8k" table="pages" seconds=2.005889814 stage="pack_preprocessing"
2026-09-09T19:10:27.593672Z DEBUG transparent_shard_server::runtime: construction stage geometry="recent-8k" table="pages" seconds=0.000244731 stage="publish_parameters"
2026-09-09T19:10:27.594455Z DEBUG transparent_shard_server::runtime: runtime stage key=("ced665ae1f1140944bcd0c9aa2b83c1019df768df87fa513f9509106fc5b88c1", Pages, 0) seconds=2.951231123 stage="runtime_build"
2026-09-09T19:10:27.594481Z DEBUG transparent_shard_server::runtime: runtime stage key=("ced665ae1f1140944bcd0c9aa2b83c1019df768df87fa513f9509106fc5b88c1", Pages, 0) reserved_bytes=136314880 stage="serialization_handoff"
2026-09-09T19:10:27.594540Z DEBUG transparent_shard_server::runtime: runtime stage key=("2d4497bf9e8bafc6139ee4e57114238a7ecfa0782702939922bf2a79b1fe05bf", Directory, 0) seconds=8.517575153 stage="build_slot"
2026-09-09T19:10:27.594632Z DEBUG transparent_shard_server::memory: cold build admission wait seconds=6.5493e-5 admitted=true
2026-09-09T19:10:27.716084Z DEBUG transparent_shard_server::runtime: runtime stage key=("2d4497bf9e8bafc6139ee4e57114238a7ecfa0782702939922bf2a79b1fe05bf", Directory, 0) seconds=0.121433205 stage="source_load"
2026-09-09T19:10:28.016903Z DEBUG transparent_shard_server::runtime: construction stage geometry="recent-8k" table="directory" seconds=0.300787292 stage="encode_database"
2026-09-09T19:10:28.017014Z DEBUG transparent_shard_server::runtime: construction stage geometry="recent-8k" table="directory" seconds=8.5604e-5 stage="public_setup"
2026-09-09T19:10:28.292776Z DEBUG transparent_shard_server::runtime: runtime stage key=("ced665ae1f1140944bcd0c9aa2b83c1019df768df87fa513f9509106fc5b88c1", Pages, 0) seconds=0.698273832 stage="disk_save"
2026-09-09T19:10:28.292855Z DEBUG transparent_shard_server::runtime: runtime stage key=("a4bd72b37c0aafb265c77bb09cbc402cf69b65a87a1fabc8a0f12614b35469be", Pages, 0) seconds=1.799e-6 stage="restore_slot"
2026-09-09T19:10:28.292987Z DEBUG transparent_shard_server::runtime: runtime stage key=("a4bd72b37c0aafb265c77bb09cbc402cf69b65a87a1fabc8a0f12614b35469be", Pages, 0) seconds=2.7387e-5 hit=false stage="disk_restore"
2026-09-09T19:10:28.632221Z DEBUG transparent_shard_server::runtime: construction stage geometry="recent-8k" table="directory" seconds=0.615200549 stage="hint_columns"
2026-09-09T19:10:30.590881Z DEBUG transparent_shard_server::runtime: construction stage geometry="recent-8k" table="directory" seconds=1.958618359 stage="pack_preprocessing"
2026-09-09T19:10:30.591164Z DEBUG transparent_shard_server::runtime: construction stage geometry="recent-8k" table="directory" seconds=0.000249522 stage="publish_parameters"
2026-09-09T19:10:30.591938Z DEBUG transparent_shard_server::runtime: runtime stage key=("2d4497bf9e8bafc6139ee4e57114238a7ecfa0782702939922bf2a79b1fe05bf", Directory, 0) seconds=2.87582375 stage="runtime_build"
2026-09-09T19:10:30.591964Z DEBUG transparent_shard_server::runtime: runtime stage key=("2d4497bf9e8bafc6139ee4e57114238a7ecfa0782702939922bf2a79b1fe05bf", Directory, 0) reserved_bytes=136314880 stage="serialization_handoff"
2026-09-09T19:10:30.592002Z DEBUG transparent_shard_server::runtime: runtime stage key=("2d4497bf9e8bafc6139ee4e57114238a7ecfa0782702939922bf2a79b1fe05bf", Pages, 0) seconds=8.409750342 stage="build_slot"
2026-09-09T19:10:30.592099Z DEBUG transparent_shard_server::memory: cold build admission wait seconds=6.9418e-5 admitted=true
2026-09-09T19:10:30.710923Z DEBUG transparent_shard_server::runtime: runtime stage key=("2d4497bf9e8bafc6139ee4e57114238a7ecfa0782702939922bf2a79b1fe05bf", Pages, 0) seconds=0.118779878 stage="source_load"
2026-09-09T19:10:31.007541Z DEBUG transparent_shard_server::runtime: construction stage geometry="recent-8k" table="pages" seconds=0.296587113 stage="encode_database"
2026-09-09T19:10:31.007647Z DEBUG transparent_shard_server::runtime: construction stage geometry="recent-8k" table="pages" seconds=7.3447e-5 stage="public_setup"
2026-09-09T19:10:31.286906Z DEBUG transparent_shard_server::runtime: runtime stage key=("2d4497bf9e8bafc6139ee4e57114238a7ecfa0782702939922bf2a79b1fe05bf", Directory, 0) seconds=0.694935619 stage="disk_save"
2026-09-09T19:10:31.287210Z DEBUG transparent_shard_server::runtime: runtime stage key=("c907a0aa45b2551520863990845279fd25135889865e088c2dad6ea0d32b8fde", Directory, 0) seconds=1.857e-6 stage="restore_slot"
2026-09-09T19:10:31.287364Z DEBUG transparent_shard_server::runtime: runtime stage key=("c907a0aa45b2551520863990845279fd25135889865e088c2dad6ea0d32b8fde", Directory, 0) seconds=3.7732e-5 hit=false stage="disk_restore"
2026-09-09T19:10:31.656034Z DEBUG transparent_shard_server::runtime: construction stage geometry="recent-8k" table="pages" seconds=0.648380931 stage="hint_columns"
2026-09-09T19:10:33.654843Z DEBUG transparent_shard_server::runtime: construction stage geometry="recent-8k" table="pages" seconds=1.9987677860000002 stage="pack_preprocessing"
2026-09-09T19:10:33.655119Z DEBUG transparent_shard_server::runtime: construction stage geometry="recent-8k" table="pages" seconds=0.000234851 stage="publish_parameters"
2026-09-09T19:10:33.655925Z DEBUG transparent_shard_server::runtime: runtime stage key=("2d4497bf9e8bafc6139ee4e57114238a7ecfa0782702939922bf2a79b1fe05bf", Pages, 0) seconds=2.944972189 stage="runtime_build"
2026-09-09T19:10:33.655974Z DEBUG transparent_shard_server::runtime: runtime stage key=("a4bd72b37c0aafb265c77bb09cbc402cf69b65a87a1fabc8a0f12614b35469be", Directory, 0) seconds=8.432178516 stage="build_slot"
2026-09-09T19:10:33.656058Z DEBUG transparent_shard_server::memory: cold build admission wait seconds=7.9851e-5 admitted=true
2026-09-09T19:10:33.659242Z DEBUG transparent_shard_server::runtime: runtime stage key=("2d4497bf9e8bafc6139ee4e57114238a7ecfa0782702939922bf2a79b1fe05bf", Pages, 0) reserved_bytes=136314880 stage="serialization_handoff"
2026-09-09T19:10:33.785265Z DEBUG transparent_shard_server::runtime: runtime stage key=("a4bd72b37c0aafb265c77bb09cbc402cf69b65a87a1fabc8a0f12614b35469be", Directory, 0) seconds=0.129190376 stage="source_load"
2026-09-09T19:10:34.088189Z DEBUG transparent_shard_server::runtime: construction stage geometry="recent-8k" table="directory" seconds=0.302882637 stage="encode_database"
2026-09-09T19:10:34.088297Z DEBUG transparent_shard_server::runtime: construction stage geometry="recent-8k" table="directory" seconds=7.309e-5 stage="public_setup"
2026-09-09T19:10:34.391999Z DEBUG transparent_shard_server::runtime: runtime stage key=("2d4497bf9e8bafc6139ee4e57114238a7ecfa0782702939922bf2a79b1fe05bf", Pages, 0) seconds=0.732727244 stage="disk_save"
2026-09-09T19:10:34.392069Z DEBUG transparent_shard_server::runtime: runtime stage key=("c907a0aa45b2551520863990845279fd25135889865e088c2dad6ea0d32b8fde", Pages, 0) seconds=1.657e-6 stage="restore_slot"
2026-09-09T19:10:34.392208Z DEBUG transparent_shard_server::runtime: runtime stage key=("c907a0aa45b2551520863990845279fd25135889865e088c2dad6ea0d32b8fde", Pages, 0) seconds=4.9155e-5 hit=false stage="disk_restore"
2026-09-09T19:10:34.693959Z DEBUG transparent_shard_server::runtime: construction stage geometry="recent-8k" table="directory" seconds=0.605655493 stage="hint_columns"
2026-09-09T19:10:36.697848Z DEBUG transparent_shard_server::runtime: construction stage geometry="recent-8k" table="directory" seconds=2.0038447 stage="pack_preprocessing"
2026-09-09T19:10:36.698138Z DEBUG transparent_shard_server::runtime: construction stage geometry="recent-8k" table="directory" seconds=0.00024983 stage="publish_parameters"
2026-09-09T19:10:36.698968Z DEBUG transparent_shard_server::runtime: runtime stage key=("a4bd72b37c0aafb265c77bb09cbc402cf69b65a87a1fabc8a0f12614b35469be", Directory, 0) seconds=2.913663768 stage="runtime_build"
2026-09-09T19:10:36.699014Z DEBUG transparent_shard_server::runtime: runtime stage key=("a4bd72b37c0aafb265c77bb09cbc402cf69b65a87a1fabc8a0f12614b35469be", Pages, 0) seconds=8.40600427 stage="build_slot"
2026-09-09T19:10:36.699107Z DEBUG transparent_shard_server::memory: cold build admission wait seconds=7.6092e-5 admitted=true
2026-09-09T19:10:36.699133Z DEBUG transparent_shard_server::runtime: runtime stage key=("a4bd72b37c0aafb265c77bb09cbc402cf69b65a87a1fabc8a0f12614b35469be", Directory, 0) reserved_bytes=136314880 stage="serialization_handoff"
2026-09-09T19:10:36.829714Z DEBUG transparent_shard_server::runtime: runtime stage key=("a4bd72b37c0aafb265c77bb09cbc402cf69b65a87a1fabc8a0f12614b35469be", Pages, 0) seconds=0.130533486 stage="source_load"
2026-09-09T19:10:37.142239Z DEBUG transparent_shard_server::runtime: construction stage geometry="recent-8k" table="pages" seconds=0.312484811 stage="encode_database"
2026-09-09T19:10:37.142356Z DEBUG transparent_shard_server::runtime: construction stage geometry="recent-8k" table="pages" seconds=8.3497e-5 stage="public_setup"
2026-09-09T19:10:37.402672Z DEBUG transparent_shard_server::runtime: runtime stage key=("a4bd72b37c0aafb265c77bb09cbc402cf69b65a87a1fabc8a0f12614b35469be", Directory, 0) seconds=0.70353163 stage="disk_save"
2026-09-09T19:10:37.402751Z DEBUG transparent_shard_server::runtime: runtime stage key=("67574e8d4c7f7c258f8c7488f73e80a9476f8074c3db3540325133ff25020c2b", Directory, 0) seconds=2.483e-6 stage="restore_slot"
2026-09-09T19:10:37.402857Z DEBUG transparent_shard_server::runtime: runtime stage key=("67574e8d4c7f7c258f8c7488f73e80a9476f8074c3db3540325133ff25020c2b", Directory, 0) seconds=2.6091e-5 hit=false stage="disk_restore"
2026-09-09T19:10:37.775662Z DEBUG transparent_shard_server::runtime: construction stage geometry="recent-8k" table="pages" seconds=0.633298347 stage="hint_columns"
2026-09-09T19:10:39.739321Z DEBUG transparent_shard_server::runtime: construction stage geometry="recent-8k" table="pages" seconds=1.9636146559999998 stage="pack_preprocessing"
2026-09-09T19:10:39.739576Z DEBUG transparent_shard_server::runtime: construction stage geometry="recent-8k" table="pages" seconds=0.000218946 stage="publish_parameters"
2026-09-09T19:10:39.740344Z DEBUG transparent_shard_server::runtime: runtime stage key=("a4bd72b37c0aafb265c77bb09cbc402cf69b65a87a1fabc8a0f12614b35469be", Pages, 0) seconds=2.910591925 stage="runtime_build"
2026-09-09T19:10:39.740374Z DEBUG transparent_shard_server::runtime: runtime stage key=("a4bd72b37c0aafb265c77bb09cbc402cf69b65a87a1fabc8a0f12614b35469be", Pages, 0) reserved_bytes=136314880 stage="serialization_handoff"
2026-09-09T19:10:39.740422Z DEBUG transparent_shard_server::runtime: runtime stage key=("c907a0aa45b2551520863990845279fd25135889865e088c2dad6ea0d32b8fde", Directory, 0) seconds=8.45302688 stage="build_slot"
2026-09-09T19:10:39.740517Z DEBUG transparent_shard_server::memory: cold build admission wait seconds=7.3484e-5 admitted=true
2026-09-09T19:10:39.861615Z DEBUG transparent_shard_server::runtime: runtime stage key=("c907a0aa45b2551520863990845279fd25135889865e088c2dad6ea0d32b8fde", Directory, 0) seconds=0.120990516 stage="source_load"
2026-09-09T19:10:40.159853Z DEBUG transparent_shard_server::runtime: construction stage geometry="recent-8k" table="directory" seconds=0.298204471 stage="encode_database"
2026-09-09T19:10:40.159955Z DEBUG transparent_shard_server::runtime: construction stage geometry="recent-8k" table="directory" seconds=7.53e-5 stage="public_setup"
2026-09-09T19:10:40.437577Z DEBUG transparent_shard_server::runtime: runtime stage key=("a4bd72b37c0aafb265c77bb09cbc402cf69b65a87a1fabc8a0f12614b35469be", Pages, 0) seconds=0.697196924 stage="disk_save"
2026-09-09T19:10:40.440199Z DEBUG transparent_shard_server::runtime: runtime stage key=("67574e8d4c7f7c258f8c7488f73e80a9476f8074c3db3540325133ff25020c2b", Pages, 0) seconds=1.851e-6 stage="restore_slot"
2026-09-09T19:10:40.440326Z DEBUG transparent_shard_server::runtime: runtime stage key=("67574e8d4c7f7c258f8c7488f73e80a9476f8074c3db3540325133ff25020c2b", Pages, 0) seconds=2.6286e-5 hit=false stage="disk_restore"
2026-09-09T19:10:40.744701Z DEBUG transparent_shard_server::runtime: construction stage geometry="recent-8k" table="directory" seconds=0.584737437 stage="hint_columns"
2026-09-09T19:10:42.741595Z DEBUG transparent_shard_server::runtime: construction stage geometry="recent-8k" table="directory" seconds=1.996853455 stage="pack_preprocessing"
2026-09-09T19:10:42.741885Z DEBUG transparent_shard_server::runtime: construction stage geometry="recent-8k" table="directory" seconds=0.000248487 stage="publish_parameters"
2026-09-09T19:10:42.742851Z DEBUG transparent_shard_server::runtime: runtime stage key=("c907a0aa45b2551520863990845279fd25135889865e088c2dad6ea0d32b8fde", Directory, 0) seconds=2.881202989 stage="runtime_build"
2026-09-09T19:10:42.742891Z DEBUG transparent_shard_server::runtime: runtime stage key=("c907a0aa45b2551520863990845279fd25135889865e088c2dad6ea0d32b8fde", Directory, 0) reserved_bytes=136314880 stage="serialization_handoff"
2026-09-09T19:10:42.742958Z DEBUG transparent_shard_server::runtime: runtime stage key=("c907a0aa45b2551520863990845279fd25135889865e088c2dad6ea0d32b8fde", Pages, 0) seconds=8.350708793 stage="build_slot"
2026-09-09T19:10:42.743058Z DEBUG transparent_shard_server::memory: cold build admission wait seconds=7.7659e-5 admitted=true
2026-09-09T19:10:42.865712Z DEBUG transparent_shard_server::runtime: runtime stage key=("c907a0aa45b2551520863990845279fd25135889865e088c2dad6ea0d32b8fde", Pages, 0) seconds=0.122634039 stage="source_load"
2026-09-09T19:10:43.167071Z DEBUG transparent_shard_server::runtime: construction stage geometry="recent-8k" table="pages" seconds=0.30132047 stage="encode_database"
2026-09-09T19:10:43.167180Z DEBUG transparent_shard_server::runtime: construction stage geometry="recent-8k" table="pages" seconds=7.8611e-5 stage="public_setup"
2026-09-09T19:10:43.460262Z DEBUG transparent_shard_server::runtime: runtime stage key=("c907a0aa45b2551520863990845279fd25135889865e088c2dad6ea0d32b8fde", Directory, 0) seconds=0.717364571 stage="disk_save"
2026-09-09T19:10:43.820916Z DEBUG transparent_shard_server::runtime: construction stage geometry="recent-8k" table="pages" seconds=0.653728577 stage="hint_columns"
2026-09-09T19:10:45.841850Z DEBUG transparent_shard_server::runtime: construction stage geometry="recent-8k" table="pages" seconds=2.02089066 stage="pack_preprocessing"
2026-09-09T19:10:45.842142Z DEBUG transparent_shard_server::runtime: construction stage geometry="recent-8k" table="pages" seconds=0.000251341 stage="publish_parameters"
2026-09-09T19:10:45.843057Z DEBUG transparent_shard_server::runtime: runtime stage key=("c907a0aa45b2551520863990845279fd25135889865e088c2dad6ea0d32b8fde", Pages, 0) seconds=2.9773080370000002 stage="runtime_build"
2026-09-09T19:10:45.843091Z DEBUG transparent_shard_server::runtime: runtime stage key=("c907a0aa45b2551520863990845279fd25135889865e088c2dad6ea0d32b8fde", Pages, 0) reserved_bytes=136314880 stage="serialization_handoff"
2026-09-09T19:10:45.843128Z DEBUG transparent_shard_server::runtime: runtime stage key=("67574e8d4c7f7c258f8c7488f73e80a9476f8074c3db3540325133ff25020c2b", Directory, 0) seconds=8.440252554 stage="build_slot"
2026-09-09T19:10:45.843252Z DEBUG transparent_shard_server::memory: cold build admission wait seconds=0.000100232 admitted=true
2026-09-09T19:10:45.963995Z DEBUG transparent_shard_server::runtime: runtime stage key=("67574e8d4c7f7c258f8c7488f73e80a9476f8074c3db3540325133ff25020c2b", Directory, 0) seconds=0.120719151 stage="source_load"
2026-09-09T19:10:46.262944Z DEBUG transparent_shard_server::runtime: construction stage geometry="recent-8k" table="directory" seconds=0.298912521 stage="encode_database"
2026-09-09T19:10:46.263046Z DEBUG transparent_shard_server::runtime: construction stage geometry="recent-8k" table="directory" seconds=7.3796e-5 stage="public_setup"
2026-09-09T19:10:46.542211Z DEBUG transparent_shard_server::runtime: runtime stage key=("c907a0aa45b2551520863990845279fd25135889865e088c2dad6ea0d32b8fde", Pages, 0) seconds=0.699113239 stage="disk_save"
2026-09-09T19:10:46.861663Z DEBUG transparent_shard_server::runtime: construction stage geometry="recent-8k" table="directory" seconds=0.598610277 stage="hint_columns"
2026-09-09T19:10:48.871805Z DEBUG transparent_shard_server::runtime: construction stage geometry="recent-8k" table="directory" seconds=2.01007386 stage="pack_preprocessing"
2026-09-09T19:10:48.872078Z DEBUG transparent_shard_server::runtime: construction stage geometry="recent-8k" table="directory" seconds=0.000233991 stage="publish_parameters"
2026-09-09T19:10:48.872907Z DEBUG transparent_shard_server::runtime: runtime stage key=("67574e8d4c7f7c258f8c7488f73e80a9476f8074c3db3540325133ff25020c2b", Directory, 0) seconds=2.90887862 stage="runtime_build"
2026-09-09T19:10:48.872953Z DEBUG transparent_shard_server::runtime: runtime stage key=("67574e8d4c7f7c258f8c7488f73e80a9476f8074c3db3540325133ff25020c2b", Pages, 0) seconds=8.432600622 stage="build_slot"
2026-09-09T19:10:48.873050Z DEBUG transparent_shard_server::memory: cold build admission wait seconds=9.2167e-5 admitted=true
2026-09-09T19:10:48.873069Z DEBUG transparent_shard_server::runtime: runtime stage key=("67574e8d4c7f7c258f8c7488f73e80a9476f8074c3db3540325133ff25020c2b", Directory, 0) reserved_bytes=136314880 stage="serialization_handoff"
2026-09-09T19:10:48.995034Z DEBUG transparent_shard_server::runtime: runtime stage key=("67574e8d4c7f7c258f8c7488f73e80a9476f8074c3db3540325133ff25020c2b", Pages, 0) seconds=0.121959006 stage="source_load"
2026-09-09T19:10:49.297127Z DEBUG transparent_shard_server::runtime: construction stage geometry="recent-8k" table="pages" seconds=0.302055004 stage="encode_database"
2026-09-09T19:10:49.297268Z DEBUG transparent_shard_server::runtime: construction stage geometry="recent-8k" table="pages" seconds=7.841e-5 stage="public_setup"
2026-09-09T19:10:49.595972Z DEBUG transparent_shard_server::runtime: runtime stage key=("67574e8d4c7f7c258f8c7488f73e80a9476f8074c3db3540325133ff25020c2b", Directory, 0) seconds=0.722896819 stage="disk_save"
2026-09-09T19:10:49.953613Z DEBUG transparent_shard_server::runtime: construction stage geometry="recent-8k" table="pages" seconds=0.656336184 stage="hint_columns"
2026-09-09T19:10:51.960256Z DEBUG transparent_shard_server::runtime: construction stage geometry="recent-8k" table="pages" seconds=2.006598261 stage="pack_preprocessing"
2026-09-09T19:10:51.960527Z DEBUG transparent_shard_server::runtime: construction stage geometry="recent-8k" table="pages" seconds=0.000233103 stage="publish_parameters"
2026-09-09T19:10:51.961344Z DEBUG transparent_shard_server::runtime: runtime stage key=("67574e8d4c7f7c258f8c7488f73e80a9476f8074c3db3540325133ff25020c2b", Pages, 0) seconds=2.966274088 stage="runtime_build"
2026-09-09T19:10:51.961364Z DEBUG transparent_shard_server::runtime: runtime stage key=("67574e8d4c7f7c258f8c7488f73e80a9476f8074c3db3540325133ff25020c2b", Pages, 0) reserved_bytes=136314880 stage="serialization_handoff"
2026-09-09T19:10:52.599068Z DEBUG transparent_shard_server::runtime: runtime stage key=("67574e8d4c7f7c258f8c7488f73e80a9476f8074c3db3540325133ff25020c2b", Pages, 0) seconds=0.637698161 stage="disk_save"
2026-09-09T19:10:52.599137Z  INFO transparent_shard_server::service: prewarm finished warm=28 target=28 failed=0 seconds=85.636044451
2026-09-09T19:10:53.050326Z  INFO transparent_shard_server::runtime: retired runtime memory reclaimed rss_before=4924620800 rss_after=4433649664
2026-09-09T19:10:53.622231Z DEBUG transparent_shard_server::runtime: runtime stage key=("be059aab39ac34125e0452548d6fbcfb1e7cdb7237a597bd59ee86011ed4882b", Directory, 0) seconds=1.503e-6 stage="restore_slot"
2026-09-09T19:10:53.622389Z DEBUG transparent_shard_server::runtime: runtime stage key=("be059aab39ac34125e0452548d6fbcfb1e7cdb7237a597bd59ee86011ed4882b", Directory, 0) seconds=2.9759e-5 hit=false stage="disk_restore"
2026-09-09T19:10:53.622416Z DEBUG transparent_shard_server::runtime: runtime stage key=("be059aab39ac34125e0452548d6fbcfb1e7cdb7237a597bd59ee86011ed4882b", Pages, 0) seconds=3.03e-7 stage="restore_slot"
2026-09-09T19:10:53.622457Z DEBUG transparent_shard_server::runtime: runtime stage key=("be059aab39ac34125e0452548d6fbcfb1e7cdb7237a597bd59ee86011ed4882b", Directory, 0) seconds=3.84e-7 stage="build_slot"
2026-09-09T19:10:53.622503Z DEBUG transparent_shard_server::memory: cold build admission wait seconds=2.2416e-5 admitted=true
2026-09-09T19:10:53.622522Z DEBUG transparent_shard_server::runtime: runtime stage key=("be059aab39ac34125e0452548d6fbcfb1e7cdb7237a597bd59ee86011ed4882b", Pages, 0) seconds=4.0173e-5 hit=false stage="disk_restore"
2026-09-09T19:10:53.767991Z DEBUG transparent_shard_server::runtime: runtime stage key=("be059aab39ac34125e0452548d6fbcfb1e7cdb7237a597bd59ee86011ed4882b", Directory, 0) seconds=0.145464428 stage="source_load"
2026-09-09T19:10:54.092123Z DEBUG transparent_shard_server::runtime: construction stage geometry="recent-8k" table="directory" seconds=0.324088852 stage="encode_database"
2026-09-09T19:10:54.092239Z DEBUG transparent_shard_server::runtime: construction stage geometry="recent-8k" table="directory" seconds=7.2283e-5 stage="public_setup"
2026-09-09T19:10:54.679553Z DEBUG transparent_shard_server::runtime: construction stage geometry="recent-8k" table="directory" seconds=0.587306483 stage="hint_columns"
2026-09-09T19:10:55.727261Z DEBUG transparent_shard_server::memory: work memory admission denied current=5742030848 limit=7516192768 held=805306368 requested=268435456
2026-09-09T19:10:56.759653Z DEBUG transparent_shard_server::runtime: construction stage geometry="recent-8k" table="directory" seconds=2.080062848 stage="pack_preprocessing"
2026-09-09T19:10:56.759939Z DEBUG transparent_shard_server::runtime: construction stage geometry="recent-8k" table="directory" seconds=0.000247547 stage="publish_parameters"
2026-09-09T19:10:56.760798Z DEBUG transparent_shard_server::runtime: runtime stage key=("be059aab39ac34125e0452548d6fbcfb1e7cdb7237a597bd59ee86011ed4882b", Directory, 0) seconds=2.992765825 stage="runtime_build"
2026-09-09T19:10:56.760827Z DEBUG transparent_shard_server::runtime: runtime stage key=("be059aab39ac34125e0452548d6fbcfb1e7cdb7237a597bd59ee86011ed4882b", Directory, 0) reserved_bytes=136314880 stage="serialization_handoff"
2026-09-09T19:10:56.761374Z DEBUG transparent_shard_server::runtime: runtime stage key=("be059aab39ac34125e0452548d6fbcfb1e7cdb7237a597bd59ee86011ed4882b", Pages, 0) seconds=3.138802811 stage="build_slot"
2026-09-09T19:10:56.761420Z DEBUG transparent_shard_server::memory: cold build admission wait seconds=2.3581e-5 admitted=true
2026-09-09T19:10:56.902993Z DEBUG transparent_shard_server::runtime: runtime stage key=("be059aab39ac34125e0452548d6fbcfb1e7cdb7237a597bd59ee86011ed4882b", Pages, 0) seconds=0.141538661 stage="source_load"
2026-09-09T19:10:56.951721Z DEBUG transparent_shard_server::memory: work memory admission denied current=5831483392 limit=7516192768 held=673185792 requested=268435456
2026-09-09T19:10:56.994441Z DEBUG transparent_shard_server::memory: work memory admission denied current=5849567232 limit=7516192768 held=673185792 requested=268435456
2026-09-09T19:10:57.154749Z DEBUG transparent_shard_server::memory: work memory admission denied current=5902000128 limit=7516192768 held=673185792 requested=268435456
2026-09-09T19:10:57.197517Z DEBUG transparent_shard_server::memory: work memory admission denied current=5905461248 limit=7516192768 held=673185792 requested=268435456
2026-09-09T19:10:57.203643Z DEBUG transparent_shard_server::runtime: construction stage geometry="recent-8k" table="pages" seconds=0.300616475 stage="encode_database"
2026-09-09T19:10:57.203758Z DEBUG transparent_shard_server::runtime: construction stage geometry="recent-8k" table="pages" seconds=9.0846e-5 stage="public_setup"
2026-09-09T19:10:57.368590Z DEBUG transparent_shard_server::memory: work memory admission denied current=5905285120 limit=7516192768 held=673185792 requested=268435456
2026-09-09T19:10:57.409677Z DEBUG transparent_shard_server::memory: work memory admission denied current=5905272832 limit=7516192768 held=673185792 requested=268435456
2026-09-09T19:10:57.465930Z DEBUG transparent_shard_server::runtime: runtime stage key=("be059aab39ac34125e0452548d6fbcfb1e7cdb7237a597bd59ee86011ed4882b", Directory, 0) seconds=0.705095891 stage="disk_save"
2026-09-09T19:10:57.619605Z DEBUG transparent_shard_server::memory: work memory admission denied current=5905276928 limit=7516192768 held=805306368 requested=268435456
2026-09-09T19:10:57.813706Z DEBUG transparent_shard_server::runtime: construction stage geometry="recent-8k" table="pages" seconds=0.609940416 stage="hint_columns"
2026-09-09T19:10:57.990385Z DEBUG transparent_shard_server::memory: work memory admission denied current=5905260544 limit=7516192768 held=805306368 requested=268435456
2026-09-09T19:10:58.690123Z DEBUG transparent_shard_server::memory: work memory admission denied current=5905248256 limit=7516192768 held=805306368 requested=268435456
2026-09-09T19:10:58.896056Z DEBUG transparent_shard_server::memory: work memory admission denied current=5902225408 limit=7516192768 held=805306368 requested=268435456
2026-09-09T19:10:59.433070Z DEBUG transparent_shard_server::memory: work memory admission denied current=5894144000 limit=7516192768 held=805306368 requested=268435456
2026-09-09T19:10:59.877094Z DEBUG transparent_shard_server::runtime: construction stage geometry="recent-8k" table="pages" seconds=2.06334651 stage="pack_preprocessing"
2026-09-09T19:10:59.877418Z DEBUG transparent_shard_server::runtime: construction stage geometry="recent-8k" table="pages" seconds=0.000264631 stage="publish_parameters"
2026-09-09T19:10:59.878234Z DEBUG transparent_shard_server::runtime: runtime stage key=("be059aab39ac34125e0452548d6fbcfb1e7cdb7237a597bd59ee86011ed4882b", Pages, 0) seconds=2.975208073 stage="runtime_build"
2026-09-09T19:10:59.878252Z DEBUG transparent_shard_server::runtime: runtime stage key=("be059aab39ac34125e0452548d6fbcfb1e7cdb7237a597bd59ee86011ed4882b", Pages, 0) reserved_bytes=136314880 stage="serialization_handoff"
2026-09-09T19:11:00.589383Z DEBUG transparent_shard_server::runtime: runtime stage key=("be059aab39ac34125e0452548d6fbcfb1e7cdb7237a597bd59ee86011ed4882b", Pages, 0) seconds=0.7111248 stage="disk_save"
2026-09-09T19:11:00.589491Z  INFO transparent_shard_server::service: prewarm finished warm=28 target=28 failed=0 seconds=6.967307935
2026-09-09T19:11:00.589548Z DEBUG transparent_shard_server::live: publication preparation stages map=32426d9e9300c44558210d8540b636402af2b3c322627f9e9f26e0082b489725 loading_seconds=0.634566209 warming_seconds=6.967418322
2026-09-09T19:11:00.598173Z DEBUG transparent_shard_server::runtime: runtime stage key=("5b7ee9849d47f5ee67d04eb6ca4588beacf42dce75e5a1b481dfd02607b1fb20", Directory, 0) seconds=8.54e-7 stage="restore_slot"
2026-09-09T19:11:00.639792Z DEBUG transparent_shard_server::runtime: runtime stage key=("5b7ee9849d47f5ee67d04eb6ca4588beacf42dce75e5a1b481dfd02607b1fb20", Pages, 0) seconds=1.224e-6 stage="restore_slot"
2026-09-09T19:11:00.680596Z  INFO transparent_shard_server::runtime: retired runtime memory reclaimed rss_before=4926156800 rss_after=4518019072
2026-09-09T19:11:01.224448Z DEBUG transparent_shard_server::runtime: runtime stage key=("268f5c527d35817d37919707b04a706c850d449156baa071b5438dbf8eb53aec", Pages, 0) seconds=1.739e-6 stage="restore_slot"
2026-09-09T19:11:01.224448Z DEBUG transparent_shard_server::runtime: runtime stage key=("268f5c527d35817d37919707b04a706c850d449156baa071b5438dbf8eb53aec", Directory, 0) seconds=1.313e-6 stage="restore_slot"
2026-09-09T19:11:01.224574Z DEBUG transparent_shard_server::runtime: runtime stage key=("268f5c527d35817d37919707b04a706c850d449156baa071b5438dbf8eb53aec", Pages, 0) seconds=3.0193e-5 hit=false stage="disk_restore"
2026-09-09T19:11:01.224590Z DEBUG transparent_shard_server::memory: work memory admission denied current=5785030656 limit=7516192768 held=805306368 requested=268435456
2026-09-09T19:11:01.224601Z DEBUG transparent_shard_server::runtime: runtime admission denied key=("268f5c527d35817d37919707b04a706c850d449156baa071b5438dbf8eb53aec", Directory, 0) stage="restore_admission"
2026-09-09T19:11:01.224607Z DEBUG transparent_shard_server::prewarm: prewarm admission retry; sleeping 100ms
2026-09-09T19:11:01.224624Z DEBUG transparent_shard_server::runtime: runtime stage key=("268f5c527d35817d37919707b04a706c850d449156baa071b5438dbf8eb53aec", Pages, 0) seconds=5.04e-7 stage="build_slot"
2026-09-09T19:11:01.224655Z DEBUG transparent_shard_server::memory: work memory admission denied current=5785030656 limit=7516192768 held=536870912 requested=536870912
2026-09-09T19:11:01.327123Z DEBUG transparent_shard_server::memory: work memory admission denied current=5855285248 limit=7516192768 held=536870912 requested=536870912
2026-09-09T19:11:01.327132Z DEBUG transparent_shard_server::runtime: runtime stage key=("268f5c527d35817d37919707b04a706c850d449156baa071b5438dbf8eb53aec", Directory, 0) seconds=1.644e-6 stage="restore_slot"
2026-09-09T19:11:01.327327Z DEBUG transparent_shard_server::runtime: runtime stage key=("268f5c527d35817d37919707b04a706c850d449156baa071b5438dbf8eb53aec", Directory, 0) seconds=4.4484e-5 hit=false stage="disk_restore"
2026-09-09T19:11:01.428304Z DEBUG transparent_shard_server::memory: work memory admission denied current=5905440768 limit=7516192768 held=536870912 requested=536870912
2026-09-09T19:11:01.516981Z DEBUG transparent_shard_server::runtime: runtime stage key=("5b7ee9849d47f5ee67d04eb6ca4588beacf42dce75e5a1b481dfd02607b1fb20", Directory, 0) seconds=0.918701843 hit=true stage="disk_restore"
2026-09-09T19:11:01.529622Z DEBUG transparent_shard_server::memory: work memory admission denied current=5905354752 limit=7516192768 held=536870912 requested=536870912
2026-09-09T19:11:01.543991Z DEBUG transparent_shard_server::runtime: runtime stage key=("5b7ee9849d47f5ee67d04eb6ca4588beacf42dce75e5a1b481dfd02607b1fb20", Pages, 0) seconds=0.904049503 hit=true stage="disk_restore"
2026-09-09T19:11:01.630400Z DEBUG transparent_shard_server::memory: work memory admission denied current=5905231872 limit=7516192768 held=536870912 requested=536870912
2026-09-09T19:11:01.637586Z DEBUG transparent_shard_server::runtime: runtime stage key=("5b7ee9849d47f5ee67d04eb6ca4588beacf42dce75e5a1b481dfd02607b1fb20", Directory, 0) seconds=0.12056908 stage="source_verify"
2026-09-09T19:11:01.637619Z  INFO transparent_shard_server::runtime: restored runtime cache seconds=1.039341809
2026-09-09T19:11:01.669292Z DEBUG transparent_shard_server::runtime: runtime stage key=("5b7ee9849d47f5ee67d04eb6ca4588beacf42dce75e5a1b481dfd02607b1fb20", Pages, 0) seconds=0.125268045 stage="source_verify"
2026-09-09T19:11:01.669325Z  INFO transparent_shard_server::runtime: restored runtime cache seconds=1.029386544
2026-09-09T19:11:01.731750Z DEBUG transparent_shard_server::memory: cold build admission wait seconds=0.50711594 admitted=true
2026-09-09T19:11:01.879260Z DEBUG transparent_shard_server::runtime: runtime stage key=("268f5c527d35817d37919707b04a706c850d449156baa071b5438dbf8eb53aec", Pages, 0) seconds=0.147435394 stage="source_load"
2026-09-09T19:11:02.191771Z DEBUG transparent_shard_server::runtime: construction stage geometry="recent-8k" table="pages" seconds=0.312471535 stage="encode_database"
2026-09-09T19:11:02.191879Z DEBUG transparent_shard_server::runtime: construction stage geometry="recent-8k" table="pages" seconds=7.5823e-5 stage="public_setup"
2026-09-09T19:11:02.352245Z DEBUG transparent_shard_server::memory: work memory admission denied current=5905399808 limit=7516192768 held=805306368 requested=268435456
2026-09-09T19:11:02.562311Z DEBUG transparent_shard_server::memory: work memory admission denied current=5905330176 limit=7516192768 held=805306368 requested=268435456
2026-09-09T19:11:02.771308Z DEBUG transparent_shard_server::memory: work memory admission denied current=5905108992 limit=7516192768 held=805306368 requested=268435456
2026-09-09T19:11:02.796197Z DEBUG transparent_shard_server::runtime: construction stage geometry="recent-8k" table="pages" seconds=0.604310614 stage="hint_columns"
2026-09-09T19:11:03.653129Z DEBUG transparent_shard_server::memory: work memory admission denied current=5905281024 limit=7516192768 held=805306368 requested=268435456
2026-09-09T19:11:03.910334Z DEBUG transparent_shard_server::memory: work memory admission denied current=5905174528 limit=7516192768 held=805306368 requested=268435456
2026-09-09T19:11:04.907267Z DEBUG transparent_shard_server::runtime: construction stage geometry="recent-8k" table="pages" seconds=2.111032548 stage="pack_preprocessing"
2026-09-09T19:11:04.907568Z DEBUG transparent_shard_server::runtime: construction stage geometry="recent-8k" table="pages" seconds=0.000267944 stage="publish_parameters"
2026-09-09T19:11:04.908309Z DEBUG transparent_shard_server::runtime: runtime stage key=("268f5c527d35817d37919707b04a706c850d449156baa071b5438dbf8eb53aec", Pages, 0) seconds=3.029010746 stage="runtime_build"
2026-09-09T19:11:04.908336Z DEBUG transparent_shard_server::runtime: runtime stage key=("268f5c527d35817d37919707b04a706c850d449156baa071b5438dbf8eb53aec", Pages, 0) reserved_bytes=136314880 stage="serialization_handoff"
2026-09-09T19:11:04.908462Z DEBUG transparent_shard_server::runtime: runtime stage key=("268f5c527d35817d37919707b04a706c850d449156baa071b5438dbf8eb53aec", Directory, 0) seconds=3.581095187 stage="build_slot"
2026-09-09T19:11:04.908546Z DEBUG transparent_shard_server::memory: cold build admission wait seconds=6.4093e-5 admitted=true
2026-09-09T19:11:04.953685Z DEBUG transparent_shard_server::memory: work memory admission denied current=5905375232 limit=7516192768 held=673185792 requested=268435456
2026-09-09T19:11:04.978456Z DEBUG transparent_shard_server::memory: work memory admission denied current=5905399808 limit=7516192768 held=673185792 requested=268435456
2026-09-09T19:11:05.045847Z DEBUG transparent_shard_server::runtime: runtime stage key=("268f5c527d35817d37919707b04a706c850d449156baa071b5438dbf8eb53aec", Directory, 0) seconds=0.137275947 stage="source_load"
2026-09-09T19:11:05.156803Z DEBUG transparent_shard_server::memory: work memory admission denied current=5905276928 limit=7516192768 held=673185792 requested=268435456
2026-09-09T19:11:05.183457Z DEBUG transparent_shard_server::memory: work memory admission denied current=5905281024 limit=7516192768 held=673185792 requested=268435456
2026-09-09T19:11:05.350490Z DEBUG transparent_shard_server::runtime: construction stage geometry="recent-8k" table="directory" seconds=0.304615623 stage="encode_database"
2026-09-09T19:11:05.350609Z DEBUG transparent_shard_server::runtime: construction stage geometry="recent-8k" table="directory" seconds=9.1933e-5 stage="public_setup"
2026-09-09T19:11:05.364616Z DEBUG transparent_shard_server::memory: work memory admission denied current=5905317888 limit=7516192768 held=673185792 requested=268435456
2026-09-09T19:11:05.411571Z DEBUG transparent_shard_server::memory: work memory admission denied current=5905309696 limit=7516192768 held=673185792 requested=268435456
2026-09-09T19:11:05.574885Z DEBUG transparent_shard_server::memory: work memory admission denied current=5905403904 limit=7516192768 held=673185792 requested=268435456
2026-09-09T19:11:05.609136Z DEBUG transparent_shard_server::runtime: runtime stage key=("268f5c527d35817d37919707b04a706c850d449156baa071b5438dbf8eb53aec", Pages, 0) seconds=0.700793351 stage="disk_save"
2026-09-09T19:11:05.779457Z DEBUG transparent_shard_server::memory: work memory admission denied current=5905141760 limit=7516192768 held=805306368 requested=268435456
2026-09-09T19:11:05.956494Z DEBUG transparent_shard_server::runtime: construction stage geometry="recent-8k" table="directory" seconds=0.605878263 stage="hint_columns"
2026-09-09T19:11:06.826614Z DEBUG transparent_shard_server::memory: work memory admission denied current=5905485824 limit=7516192768 held=805306368 requested=268435456
2026-09-09T19:11:07.032692Z DEBUG transparent_shard_server::memory: work memory admission denied current=5905260544 limit=7516192768 held=805306368 requested=268435456
2026-09-09T19:11:07.429553Z DEBUG transparent_shard_server::memory: work memory admission denied current=5874630656 limit=7516192768 held=805306368 requested=268435456
2026-09-09T19:11:08.070384Z DEBUG transparent_shard_server::runtime: construction stage geometry="recent-8k" table="directory" seconds=2.113855086 stage="pack_preprocessing"
2026-09-09T19:11:08.070695Z DEBUG transparent_shard_server::runtime: construction stage geometry="recent-8k" table="directory" seconds=0.00026489 stage="publish_parameters"
2026-09-09T19:11:08.071481Z DEBUG transparent_shard_server::runtime: runtime stage key=("268f5c527d35817d37919707b04a706c850d449156baa071b5438dbf8eb53aec", Directory, 0) seconds=3.0256074 stage="runtime_build"
2026-09-09T19:11:08.071503Z DEBUG transparent_shard_server::runtime: runtime stage key=("268f5c527d35817d37919707b04a706c850d449156baa071b5438dbf8eb53aec", Directory, 0) reserved_bytes=136314880 stage="serialization_handoff"
2026-09-09T19:11:08.764291Z DEBUG transparent_shard_server::runtime: runtime stage key=("268f5c527d35817d37919707b04a706c850d449156baa071b5438dbf8eb53aec", Directory, 0) seconds=0.692782392 stage="disk_save"
2026-09-09T19:11:08.764610Z  INFO transparent_shard_server::service: prewarm finished warm=28 target=28 failed=0 seconds=7.540216644
2026-09-09T19:11:08.764669Z DEBUG transparent_shard_server::live: publication preparation stages map=12cbb58695cd66166197842d179b61598c15effb06ad32efcd899a13e36e7b10 loading_seconds=0.633418815 warming_seconds=7.54031756
test burst::publication_burst_under_exact_load ... ok

test result: ok. 1 passed; 0 failed; 0 ignored; 0 measured; 14 filtered out; finished in 107.24s

Finished with result: success
Main processes terminated with: code=exited/status=0
Service runtime: 1min 47.276s
CPU time consumed: 3min 55.287s
Memory peak: 2.0M
Memory swap peak: 0B
