journal 0-3473686, archive-wide below 3262749 at SealPolicy { scripts: Limit { target: 393216, capacity: 458752 }, page_rows: Limit { target: 63488, capacity: 65536 } }, recent-8k from 3262749 at SealPolicy { scripts: Limit { target: 98304, capacity: 114688 }, page_rows: Limit { target: 7936, capacity: 8192 } }
shard   0 0-11931 (11932 blocks) scripts 86497 pages 63577 events 2180116 segments 1/1 sealed
shard   1 11932-17678 (5747 blocks) scripts 42446 pages 63490 events 2135640 segments 1/1 sealed
shard   2 17679-24485 (6807 blocks) scripts 36294 pages 63489 events 2135396 segments 1/1 sealed
shard   3 24486-33309 (8824 blocks) scripts 38767 pages 63502 events 2127540 segments 1/1 sealed
shard   4 33310-42657 (9348 blocks) scripts 39874 pages 63494 events 2130279 segments 1/1 sealed
shard   5 42658-52679 (10022 blocks) scripts 39336 pages 63491 events 2141431 segments 1/1 sealed
shard   6 52680-62334 (9655 blocks) scripts 40343 pages 63489 events 2151220 segments 1/1 sealed
shard   7 62335-72677 (10343 blocks) scripts 40973 pages 63522 events 2166454 segments 1/1 sealed
shard   8 72678-81864 (9187 blocks) scripts 47173 pages 63495 events 2158943 segments 1/1 sealed
shard   9 81865-91263 (9399 blocks) scripts 51405 pages 63499 events 2155143 segments 1/1 sealed
shard  10 91264-100089 (8826 blocks) scripts 50791 pages 63510 events 2150660 segments 1/1 sealed
shard  11 100090-106284 (6195 blocks) scripts 46890 pages 63573 events 2144595 segments 1/1 sealed
shard  12 106285-106766 (482 blocks) scripts 32188 pages 63669 events 2161471 segments 1/1 sealed
shard  13 106767-107314 (548 blocks) scripts 29842 pages 63675 events 2185846 segments 1/1 sealed
shard  14 107315-107778 (464 blocks) scripts 23672 pages 63566 events 2200383 segments 1/1 sealed
shard  15 107779-108480 (702 blocks) scripts 31207 pages 63507 events 2206354 segments 1/1 sealed
shard  16 108481-115584 (7104 blocks) scripts 57218 pages 63514 events 2140941 segments 1/1 sealed
shard  17 115585-123420 (7836 blocks) scripts 80307 pages 63491 events 2138042 segments 1/1 sealed
shard  18 123421-129878 (6458 blocks) scripts 84625 pages 63491 events 2106057 segments 1/1 sealed
shard  19 129879-135634 (5756 blocks) scripts 105643 pages 63506 events 2115548 segments 1/1 sealed
shard  20 135635-141302 (5668 blocks) scripts 112758 pages 63577 events 2074562 segments 1/1 sealed
shard  21 141303-146871 (5569 blocks) scripts 111709 pages 63551 events 2062626 segments 1/1 sealed
shard  22 146872-152532 (5661 blocks) scripts 118044 pages 63491 events 2066169 segments 1/1 sealed
shard  23 152533-158258 (5726 blocks) scripts 107908 pages 63522 events 2066522 segments 1/1 sealed
shard  24 158259-163664 (5406 blocks) scripts 118367 pages 63547 events 2111366 segments 1/1 sealed
shard  25 163665-168081 (4417 blocks) scripts 128051 pages 63508 events 2090875 segments 1/1 sealed
shard  26 168082-171995 (3914 blocks) scripts 115434 pages 63504 events 2112823 segments 1/1 sealed
shard  27 171996-176898 (4903 blocks) scripts 133520 pages 63493 events 2097127 segments 1/1 sealed
shard  28 176899-182066 (5168 blocks) scripts 127887 pages 63488 events 2079046 segments 1/1 sealed
shard  29 182067-186668 (4602 blocks) scripts 128015 pages 63491 events 2061055 segments 1/1 sealed
shard  30 186669-190681 (4013 blocks) scripts 125730 pages 63501 events 2070806 segments 1/1 sealed
shard  31 190682-193626 (2945 blocks) scripts 156579 pages 63504 events 2145235 segments 1/1 sealed
shard  32 193627-198096 (4470 blocks) scripts 135270 pages 63523 events 2089743 segments 1/1 sealed
shard  33 198097-202284 (4188 blocks) scripts 129100 pages 63514 events 2090901 segments 1/1 sealed
shard  34 202285-206404 (4120 blocks) scripts 131531 pages 63502 events 2075366 segments 1/1 sealed
shard  35 206405-209813 (3409 blocks) scripts 127312 pages 63520 events 2105760 segments 1/1 sealed
shard  36 209814-213776 (3963 blocks) scripts 136758 pages 63537 events 2105625 segments 1/1 sealed
shard  37 213777-218634 (4858 blocks) scripts 135949 pages 63512 events 2085114 segments 1/1 sealed
shard  38 218635-222511 (3877 blocks) scripts 136342 pages 63521 events 2110235 segments 1/1 sealed
shard  39 222512-226523 (4012 blocks) scripts 152748 pages 63562 events 2123405 segments 1/1 sealed
shard  40 226524-229877 (3354 blocks) scripts 143625 pages 63517 events 2136912 segments 1/1 sealed
shard  41 229878-233727 (3850 blocks) scripts 171811 pages 63556 events 2122358 segments 1/1 sealed
shard  42 233728-236753 (3026 blocks) scripts 185519 pages 63575 events 2146079 segments 1/1 sealed
shard  43 236754-239793 (3040 blocks) scripts 201064 pages 63508 events 2178098 segments 1/1 sealed
shard  44 239794-242709 (2916 blocks) scripts 215296 pages 63495 events 2170245 segments 1/1 sealed
shard  45 242710-245107 (2398 blocks) scripts 182174 pages 63614 events 2183075 segments 1/1 sealed
shard  46 245108-248183 (3076 blocks) scripts 199028 pages 63497 events 2159740 segments 1/1 sealed
shard  47 248184-251667 (3484 blocks) scripts 212836 pages 63517 events 2186395 segments 1/1 sealed
shard  48 251668-254845 (3178 blocks) scripts 209745 pages 63504 events 2176434 segments 1/1 sealed
shard  49 254846-258160 (3315 blocks) scripts 202013 pages 63490 events 2157351 segments 1/1 sealed
shard  50 258161-261601 (3441 blocks) scripts 187326 pages 63557 events 2137200 segments 1/1 sealed
shard  51 261602-265044 (3443 blocks) scripts 187393 pages 63495 events 2134261 segments 1/1 sealed
shard  52 265045-268429 (3385 blocks) scripts 195111 pages 63541 events 2154343 segments 1/1 sealed
shard  53 268430-271633 (3204 blocks) scripts 193077 pages 63491 events 2133824 segments 1/1 sealed
shard  54 271634-275087 (3454 blocks) scripts 183888 pages 63504 events 2132061 segments 1/1 sealed
shard  55 275088-278930 (3843 blocks) scripts 179663 pages 63752 events 2132775 segments 1/1 sealed
shard  56 278931-282230 (3300 blocks) scripts 185720 pages 63501 events 2135424 segments 1/1 sealed
shard  57 282231-285692 (3462 blocks) scripts 177949 pages 63488 events 2143051 segments 1/1 sealed
shard  58 285693-290373 (4681 blocks) scripts 170120 pages 63508 events 2104204 segments 1/1 sealed
shard  59 290374-294115 (3742 blocks) scripts 166601 pages 63490 events 2119670 segments 1/1 sealed
shard  60 294116-297748 (3633 blocks) scripts 157920 pages 63489 events 2119901 segments 1/1 sealed
shard  61 297749-301422 (3674 blocks) scripts 157883 pages 63492 events 2129315 segments 1/1 sealed
shard  62 301423-305457 (4035 blocks) scripts 160606 pages 63494 events 2098619 segments 1/1 sealed
shard  63 305458-309815 (4358 blocks) scripts 163252 pages 63500 events 2099626 segments 1/1 sealed
shard  64 309816-313832 (4017 blocks) scripts 162599 pages 63495 events 2104066 segments 1/1 sealed
shard  65 313833-316977 (3145 blocks) scripts 158644 pages 63507 events 2128925 segments 1/1 sealed
shard  66 316978-320270 (3293 blocks) scripts 151965 pages 63500 events 2098545 segments 1/1 sealed
shard  67 320271-322794 (2524 blocks) scripts 140445 pages 63518 events 2169132 segments 1/1 sealed
shard  68 322795-324510 (1716 blocks) scripts 176209 pages 63682 events 2236945 segments 1/1 sealed
shard  69 324511-326897 (2387 blocks) scripts 176689 pages 63510 events 2175867 segments 1/1 sealed
shard  70 326898-328708 (1811 blocks) scripts 160693 pages 63636 events 2134977 segments 1/1 sealed
shard  71 328709-331538 (2830 blocks) scripts 159995 pages 63490 events 2124941 segments 1/1 sealed
shard  72 331539-334240 (2702 blocks) scripts 160063 pages 63535 events 2096786 segments 1/1 sealed
shard  73 334241-336380 (2140 blocks) scripts 151888 pages 63493 events 2102703 segments 1/1 sealed
shard  74 336381-338785 (2405 blocks) scripts 146261 pages 63542 events 2112833 segments 1/1 sealed
shard  75 338786-341059 (2274 blocks) scripts 137360 pages 63550 events 2132006 segments 1/1 sealed
shard  76 341060-343807 (2748 blocks) scripts 136766 pages 63527 events 2144408 segments 1/1 sealed
shard  77 343808-346430 (2623 blocks) scripts 125639 pages 63503 events 2145228 segments 1/1 sealed
shard  78 346431-352172 (5742 blocks) scripts 141371 pages 63517 events 2088204 segments 1/1 sealed
shard  79 352173-357440 (5268 blocks) scripts 128916 pages 63610 events 2110540 segments 1/1 sealed
shard  80 357441-360516 (3076 blocks) scripts 123298 pages 63534 events 2192978 segments 1/1 sealed
shard  81 360517-365899 (5383 blocks) scripts 142521 pages 63488 events 2168617 segments 1/1 sealed
shard  82 365900-375740 (9841 blocks) scripts 144542 pages 63497 events 2135719 segments 1/1 sealed
shard  83 375741-388102 (12362 blocks) scripts 137938 pages 63495 events 2085038 segments 1/1 sealed
shard  84 388103-402087 (13985 blocks) scripts 149492 pages 63560 events 2151378 segments 1/1 sealed
shard  85 402088-419480 (17393 blocks) scripts 157498 pages 63540 events 2237134 segments 1/1 sealed
shard  86 419481-437023 (17543 blocks) scripts 142747 pages 63503 events 2225417 segments 1/1 sealed
shard  87 437024-455975 (18952 blocks) scripts 135378 pages 63492 events 2233819 segments 1/1 sealed
shard  88 455976-472839 (16864 blocks) scripts 112470 pages 63507 events 2216787 segments 1/1 sealed
shard  89 472840-489611 (16772 blocks) scripts 113308 pages 63488 events 2185550 segments 1/1 sealed
shard  90 489612-511642 (22031 blocks) scripts 142822 pages 63514 events 2236007 segments 1/1 sealed
shard  91 511643-534285 (22643 blocks) scripts 189287 pages 63501 events 2243287 segments 1/1 sealed
shard  92 534286-556617 (22332 blocks) scripts 172512 pages 64018 events 2244046 segments 1/1 sealed
shard  93 556618-578595 (21978 blocks) scripts 211222 pages 63574 events 2373205 segments 1/1 sealed
shard  94 578596-596441 (17846 blocks) scripts 284221 pages 63489 events 2558957 segments 1/1 sealed
shard  95 596442-601587 (5146 blocks) scripts 69912 pages 63615 events 2219850 segments 1/1 sealed
shard  96 601588-606096 (4509 blocks) scripts 65600 pages 63687 events 2174582 segments 1/1 sealed
shard  97 606097-620799 (14703 blocks) scripts 131142 pages 63510 events 2119618 segments 1/1 sealed
shard  98 620800-645146 (24347 blocks) scripts 129842 pages 63489 events 2219198 segments 1/1 sealed
shard  99 645147-701551 (56405 blocks) scripts 159479 pages 63489 events 2332869 segments 1/1 sealed
shard 100 701552-759041 (57490 blocks) scripts 152478 pages 63492 events 2338441 segments 1/1 sealed
shard 101 759042-809794 (50753 blocks) scripts 198705 pages 63488 events 2385378 segments 1/1 sealed
shard 102 809795-862054 (52260 blocks) scripts 234248 pages 63489 events 2419428 segments 1/1 sealed
shard 103 862055-924134 (62080 blocks) scripts 230804 pages 63488 events 2472622 segments 1/1 sealed
shard 104 924135-958083 (33949 blocks) scripts 192745 pages 63492 events 2200201 segments 1/1 sealed
shard 105 958084-984825 (26742 blocks) scripts 174204 pages 63495 events 2065826 segments 1/1 sealed
shard 106 984826-1011436 (26611 blocks) scripts 157755 pages 63556 events 2033124 segments 1/1 sealed
shard 107 1011437-1039485 (28049 blocks) scripts 170820 pages 63490 events 2078810 segments 1/1 sealed
shard 108 1039486-1067580 (28095 blocks) scripts 196564 pages 63496 events 2149749 segments 1/1 sealed
shard 109 1067581-1094358 (26778 blocks) scripts 169402 pages 63502 events 2146711 segments 1/1 sealed
shard 110 1094359-1116956 (22598 blocks) scripts 214640 pages 63516 events 2246989 segments 1/1 sealed
shard 111 1116957-1134793 (17837 blocks) scripts 166067 pages 63498 events 2132363 segments 1/1 sealed
shard 112 1134794-1156907 (22114 blocks) scripts 237039 pages 63503 events 2263130 segments 1/1 sealed
shard 113 1156908-1179554 (22647 blocks) scripts 197600 pages 63514 events 2157060 segments 1/1 sealed
shard 114 1179555-1201489 (21935 blocks) scripts 206191 pages 63508 events 2182556 segments 1/1 sealed
shard 115 1201490-1217309 (15820 blocks) scripts 222833 pages 63492 events 2184027 segments 1/1 sealed
shard 116 1217310-1237761 (20452 blocks) scripts 222177 pages 63488 events 2182455 segments 1/1 sealed
shard 117 1237762-1259474 (21713 blocks) scripts 238979 pages 63498 events 2223589 segments 1/1 sealed
shard 118 1259475-1282591 (23117 blocks) scripts 206000 pages 63501 events 2122457 segments 1/1 sealed
shard 119 1282592-1307517 (24926 blocks) scripts 197126 pages 63504 events 2114351 segments 1/1 sealed
shard 120 1307518-1330506 (22989 blocks) scripts 179779 pages 63490 events 2170411 segments 1/1 sealed
shard 121 1330507-1356086 (25580 blocks) scripts 197414 pages 63495 events 2201948 segments 1/1 sealed
shard 122 1356087-1380549 (24463 blocks) scripts 201034 pages 63494 events 2189437 segments 1/1 sealed
shard 123 1380550-1406292 (25743 blocks) scripts 204128 pages 63592 events 2145787 segments 1/1 sealed
shard 124 1406293-1444683 (38391 blocks) scripts 234086 pages 63488 events 2286593 segments 1/1 sealed
shard 125 1444684-1479848 (35165 blocks) scripts 257245 pages 63489 events 2314245 segments 1/1 sealed
shard 126 1479849-1514471 (34623 blocks) scripts 225829 pages 63499 events 2239584 segments 1/1 sealed
shard 127 1514472-1555112 (40641 blocks) scripts 216764 pages 63502 events 2267027 segments 1/1 sealed
shard 128 1555113-1592668 (37556 blocks) scripts 219184 pages 63860 events 2268055 segments 1/1 sealed
shard 129 1592669-1596721 (4053 blocks) scripts 106633 pages 63488 events 2124601 segments 1/1 sealed
shard 130 1596722-1637650 (40929 blocks) scripts 210919 pages 63490 events 2277992 segments 1/1 sealed
shard 131 1637651-1679030 (41380 blocks) scripts 243214 pages 63556 events 2320501 segments 1/1 sealed
shard 132 1679031-1726382 (47352 blocks) scripts 281850 pages 63526 events 2402650 segments 1/1 sealed
shard 133 1726383-1781657 (55275 blocks) scripts 167844 pages 63501 events 2180997 segments 1/1 sealed
shard 134 1781658-1795996 (14339 blocks) scripts 109885 pages 63490 events 2247146 segments 1/1 sealed
shard 135 1795997-1851477 (55481 blocks) scripts 190775 pages 63491 events 2214770 segments 1/1 sealed
shard 136 1851478-1866206 (14729 blocks) scripts 129662 pages 63496 events 2123931 segments 1/1 sealed
shard 137 1866207-1870860 (4654 blocks) scripts 110411 pages 63498 events 2130054 segments 1/1 sealed
shard 138 1870861-1875961 (5101 blocks) scripts 95617 pages 63490 events 2107891 segments 1/1 sealed
shard 139 1875962-1912135 (36174 blocks) scripts 157470 pages 63490 events 2128558 segments 1/1 sealed
shard 140 1912136-1969430 (57295 blocks) scripts 182630 pages 63488 events 2221199 segments 1/1 sealed
shard 141 1969431-2026930 (57500 blocks) scripts 231256 pages 63491 events 2359561 segments 1/1 sealed
shard 142 2026931-2078403 (51473 blocks) scripts 171918 pages 63507 events 2219451 segments 1/1 sealed
shard 143 2078404-2142974 (64571 blocks) scripts 158758 pages 63488 events 2236368 segments 1/1 sealed
shard 144 2142975-2195998 (53024 blocks) scripts 109640 pages 63502 events 2281171 segments 1/1 sealed
shard 145 2195999-2225569 (29571 blocks) scripts 60837 pages 63490 events 2284616 segments 1/1 sealed
shard 146 2225570-2253623 (28054 blocks) scripts 64365 pages 63489 events 2271083 segments 1/1 sealed
shard 147 2253624-2285221 (31598 blocks) scripts 59262 pages 63531 events 2294879 segments 1/1 sealed
shard 148 2285222-2360754 (75533 blocks) scripts 119625 pages 63488 events 2263009 segments 1/1 sealed
shard 149 2360755-2446167 (85413 blocks) scripts 133613 pages 63489 events 2215409 segments 1/1 sealed
shard 150 2446168-2525113 (78946 blocks) scripts 134827 pages 63488 events 2237343 segments 1/1 sealed
shard 151 2525114-2562864 (37751 blocks) scripts 66378 pages 63495 events 2194595 segments 1/1 sealed
shard 152 2562865-2594372 (31508 blocks) scripts 59800 pages 63488 events 2239718 segments 1/1 sealed
shard 153 2594373-2630139 (35767 blocks) scripts 64251 pages 63505 events 2327312 segments 1/1 sealed
shard 154 2630140-2668750 (38611 blocks) scripts 38572 pages 63520 events 2311356 segments 1/1 sealed
shard 155 2668751-2729678 (60928 blocks) scripts 85702 pages 63488 events 2353563 segments 1/1 sealed
shard 156 2729679-2997090 (267412 blocks) scripts 168033 pages 63488 events 2460189 segments 1/1 sealed
shard 157 2997091-3133539 (136449 blocks) scripts 270070 pages 63496 events 2586103 segments 1/1 sealed
shard 158 3133540-3186262 (52723 blocks) scripts 176200 pages 63488 events 2370453 segments 1/1 sealed
shard 159 3186263-3262748 (76486 blocks) scripts 152352 pages 40556 events 1611290 segments 1/1 sealed
shard 160 3262749-3277023 (14275 blocks) scripts 33494 pages 7936 events 309824 segments 1/1 sealed
shard 161 3277024-3294352 (17329 blocks) scripts 31237 pages 7978 events 311972 segments 1/1 sealed
shard 162 3294353-3308481 (14129 blocks) scripts 32348 pages 7936 events 310304 segments 1/1 sealed
shard 163 3308482-3328286 (19805 blocks) scripts 32037 pages 7936 events 314385 segments 1/1 sealed
shard 164 3328287-3340256 (11970 blocks) scripts 38200 pages 7965 events 317552 segments 1/1 sealed
shard 165 3340257-3347334 (7078 blocks) scripts 45454 pages 7941 events 340021 segments 1/1 sealed
shard 166 3347335-3358000 (10666 blocks) scripts 34509 pages 7938 events 317050 segments 1/1 sealed
shard 167 3358001-3377463 (19463 blocks) scripts 45265 pages 7936 events 335495 segments 1/1 sealed
shard 168 3377464-3398661 (21198 blocks) scripts 35820 pages 8079 events 327050 segments 1/1 sealed
shard 169 3398662-3420737 (22076 blocks) scripts 34387 pages 7936 events 311955 segments 1/1 sealed
shard 170 3420738-3441530 (20793 blocks) scripts 38739 pages 7936 events 320164 segments 1/1 sealed
shard 171 3441531-3460167 (18637 blocks) scripts 39376 pages 7936 events 323372 segments 1/1 sealed
shard 172 3460168-3473054 (12887 blocks) scripts 45389 pages 7936 events 326808 segments 1/1 sealed
shard 173 3473055-3473686 (632 blocks) scripts 5203 pages 378 events 19748 segments 1/1 TAIL r0
published 174 shards covering 0-3473686; filters ~60.05 MB
