{"start": "publish", "utc": "2026-09-28T19:44:59.992292+00:00", "command": ["/usr/bin/time", "-v", "-o", "/opt/transparent-v10-8e69ea75/qualification/publish-time.txt", "/opt/transparent-v10-8e69ea75/bin/shard-publish", "--data-dir", "/srv/zakura/transparent-event-snapshot-v10-8e69ea75", "--output", "/srv/zakura/transparent-shards-v10-full", "--through", "3499341", "--recent-geometry", "recent-4k-8k", "--archive-geometry", "archive-wide", "--recent-from", "3262749", "--range-profile", "zcash-transparent-range-v2", "--directory-choice", "all", "--zakura-cookie", "/dev/null", "--record", "/opt/transparent-v10-8e69ea75/qualification/publication.json", "--source-sha", "8e69ea75b1e0071e3b978b0c78cc0487377f9e82"]}
{"complete": "publish", "seconds": 4823.6826608181}
{"start": "verify", "utc": "2026-09-28T21:05:23.703544+00:00", "command": ["/opt/transparent-v10-8e69ea75/bin/shard-verify", "--shard-dir", "/srv/zakura/transparent-shards-v10-full", "--publication", "/opt/transparent-v10-8e69ea75/qualification/publication.json", "--data-dir", "/srv/zakura/transparent-event-snapshot-v10-8e69ea75", "--rebuild", "8", "--seed", "10", "--source-sha", "8e69ea75b1e0071e3b978b0c78cc0487377f9e82", "--out", "/opt/transparent-v10-8e69ea75/qualification/verify.json"]}
{"complete": "verify", "seconds": 230.83340644836426}
{"certificate": "s40-directory-0", "failure_bits": 226, "done": 1, "total": 172}
{"certificate": "s40-pages-0", "failure_bits": 168, "done": 2, "total": 172}
{"certificate": "s79-directory-0", "failure_bits": 288, "done": 3, "total": 172}
{"certificate": "s79-pages-0", "failure_bits": 276, "done": 4, "total": 172}
{"certificate": "s44-directory-0", "failure_bits": 208, "done": 5, "total": 172}
{"certificate": "s44-pages-0", "failure_bits": 139, "done": 6, "total": 172}
{"certificate": "s64-directory-0", "failure_bits": 230, "done": 7, "total": 172}
{"certificate": "s64-pages-0", "failure_bits": 168, "done": 8, "total": 172}
{"certificate": "s48-directory-0", "failure_bits": 221, "done": 9, "total": 172}
{"certificate": "s48-pages-0", "failure_bits": 157, "done": 10, "total": 172}
{"certificate": "s12-directory-0", "failure_bits": 218, "done": 11, "total": 172}
{"certificate": "s12-pages-0", "failure_bits": 157, "done": 12, "total": 172}
{"certificate": "s83-directory-0", "failure_bits": 286, "done": 13, "total": 172}
{"certificate": "s83-pages-0", "failure_bits": 277, "done": 14, "total": 172}
{"certificate": "s19-directory-0", "failure_bits": 221, "done": 15, "total": 172}
{"certificate": "s19-pages-0", "failure_bits": 162, "done": 16, "total": 172}
{"certificate": "s58-directory-0", "failure_bits": 230, "done": 17, "total": 172}
{"certificate": "s58-pages-0", "failure_bits": 164, "done": 18, "total": 172}
{"certificate": "s66-directory-0", "failure_bits": 208, "done": 19, "total": 172}
{"certificate": "s66-pages-0", "failure_bits": 145, "done": 20, "total": 172}
{"certificate": "s52-directory-0", "failure_bits": 226, "done": 21, "total": 172}
{"certificate": "s52-pages-0", "failure_bits": 157, "done": 22, "total": 172}
{"certificate": "s69-directory-0", "failure_bits": 213, "done": 23, "total": 172}
{"certificate": "s69-pages-0", "failure_bits": 148, "done": 24, "total": 172}
{"certificate": "s0-directory-0", "failure_bits": 226, "done": 25, "total": 172}
{"certificate": "s0-pages-0", "failure_bits": 165, "done": 26, "total": 172}
{"certificate": "s62-directory-0", "failure_bits": 228, "done": 27, "total": 172}
{"certificate": "s62-pages-0", "failure_bits": 170, "done": 28, "total": 172}
{"certificate": "s73-directory-0", "failure_bits": 225, "done": 29, "total": 172}
{"certificate": "s73-pages-0", "failure_bits": 168, "done": 30, "total": 172}
{"certificate": "s27-directory-0", "failure_bits": 229, "done": 31, "total": 172}
{"certificate": "s27-pages-0", "failure_bits": 166, "done": 32, "total": 172}
{"certificate": "s84-directory-0", "failure_bits": 289, "done": 33, "total": 172}
{"certificate": "s84-pages-0", "failure_bits": 281, "done": 34, "total": 172}
{"certificate": "s13-directory-0", "failure_bits": 197, "done": 35, "total": 172}
{"certificate": "s13-pages-0", "failure_bits": 133, "done": 36, "total": 172}
{"certificate": "s33-directory-0", "failure_bits": 226, "done": 37, "total": 172}
{"certificate": "s33-pages-0", "failure_bits": 170, "done": 38, "total": 172}
{"certificate": "s45-directory-0", "failure_bits": 225, "done": 39, "total": 172}
{"certificate": "s45-pages-0", "failure_bits": 171, "done": 40, "total": 172}
{"certificate": "s80-directory-0", "failure_bits": 290, "done": 41, "total": 172}
{"certificate": "s80-pages-0", "failure_bits": 287, "done": 42, "total": 172}
{"certificate": "s16-directory-0", "failure_bits": 227, "done": 43, "total": 172}
{"certificate": "s16-pages-0", "failure_bits": 167, "done": 44, "total": 172}
{"certificate": "s50-directory-0", "failure_bits": 218, "done": 45, "total": 172}
{"certificate": "s50-pages-0", "failure_bits": 155, "done": 46, "total": 172}
{"certificate": "s67-directory-0", "failure_bits": 225, "done": 47, "total": 172}
{"certificate": "s67-pages-0", "failure_bits": 163, "done": 48, "total": 172}
{"certificate": "s22-directory-0", "failure_bits": 188, "done": 49, "total": 172}
{"certificate": "s22-pages-0", "failure_bits": 112, "done": 50, "total": 172}
{"certificate": "s59-directory-0", "failure_bits": 226, "done": 51, "total": 172}
{"certificate": "s59-pages-0", "failure_bits": 166, "done": 52, "total": 172}
{"certificate": "s35-directory-0", "failure_bits": 221, "done": 53, "total": 172}
{"certificate": "s35-pages-0", "failure_bits": 165, "done": 54, "total": 172}
{"certificate": "s8-directory-0", "failure_bits": 193, "done": 55, "total": 172}
{"certificate": "s8-pages-0", "failure_bits": 133, "done": 56, "total": 172}
{"certificate": "s43-directory-0", "failure_bits": 233, "done": 57, "total": 172}
{"certificate": "s43-pages-0", "failure_bits": 166, "done": 58, "total": 172}
{"certificate": "s39-directory-0", "failure_bits": 189, "done": 59, "total": 172}
{"certificate": "s39-pages-0", "failure_bits": 122, "done": 60, "total": 172}
{"certificate": "s15-directory-0", "failure_bits": 224, "done": 61, "total": 172}
{"certificate": "s15-pages-0", "failure_bits": 133, "done": 62, "total": 172}
{"certificate": "s81-directory-0", "failure_bits": 287, "done": 63, "total": 172}
{"certificate": "s81-pages-0", "failure_bits": 281, "done": 64, "total": 172}
{"certificate": "s9-directory-0", "failure_bits": 229, "done": 65, "total": 172}
{"certificate": "s9-pages-0", "failure_bits": 150, "done": 66, "total": 172}
{"certificate": "s20-directory-0", "failure_bits": 208, "done": 67, "total": 172}
{"certificate": "s20-pages-0", "failure_bits": 149, "done": 68, "total": 172}
{"certificate": "s51-directory-0", "failure_bits": 211, "done": 69, "total": 172}
{"certificate": "s51-pages-0", "failure_bits": 151, "done": 70, "total": 172}
{"certificate": "s28-directory-0", "failure_bits": 221, "done": 71, "total": 172}
{"certificate": "s28-pages-0", "failure_bits": 159, "done": 72, "total": 172}
{"certificate": "s65-directory-0", "failure_bits": 226, "done": 73, "total": 172}
{"certificate": "s65-pages-0", "failure_bits": 170, "done": 74, "total": 172}
{"certificate": "s1-directory-0", "failure_bits": 227, "done": 75, "total": 172}
{"certificate": "s1-pages-0", "failure_bits": 167, "done": 76, "total": 172}
{"certificate": "s74-directory-0", "failure_bits": 227, "done": 77, "total": 172}
{"certificate": "s74-pages-0", "failure_bits": 161, "done": 78, "total": 172}
{"certificate": "s7-directory-0", "failure_bits": 236, "done": 79, "total": 172}
{"certificate": "s7-pages-0", "failure_bits": 141, "done": 80, "total": 172}
{"certificate": "s10-directory-0", "failure_bits": 231, "done": 81, "total": 172}
{"certificate": "s10-pages-0", "failure_bits": 165, "done": 82, "total": 172}
{"certificate": "s18-directory-0", "failure_bits": 224, "done": 83, "total": 172}
{"certificate": "s18-pages-0", "failure_bits": 165, "done": 84, "total": 172}
{"certificate": "s56-directory-0", "failure_bits": 225, "done": 85, "total": 172}
{"certificate": "s56-pages-0", "failure_bits": 150, "done": 86, "total": 172}
{"certificate": "s26-directory-0", "failure_bits": 229, "done": 87, "total": 172}
{"certificate": "s26-pages-0", "failure_bits": 171, "done": 88, "total": 172}
{"certificate": "s55-directory-0", "failure_bits": 222, "done": 89, "total": 172}
{"certificate": "s55-pages-0", "failure_bits": 156, "done": 90, "total": 172}
{"certificate": "s71-directory-0", "failure_bits": 228, "done": 91, "total": 172}
{"certificate": "s71-pages-0", "failure_bits": 159, "done": 92, "total": 172}
{"certificate": "s77-directory-0", "failure_bits": 293, "done": 93, "total": 172}
{"certificate": "s77-pages-0", "failure_bits": 280, "done": 94, "total": 172}
{"certificate": "s72-directory-0", "failure_bits": 227, "done": 95, "total": 172}
{"certificate": "s72-pages-0", "failure_bits": 162, "done": 96, "total": 172}
{"certificate": "s14-directory-0", "failure_bits": 181, "done": 97, "total": 172}
{"certificate": "s14-pages-0", "failure_bits": 97, "done": 98, "total": 172}
{"certificate": "s25-directory-0", "failure_bits": 231, "done": 99, "total": 172}
{"certificate": "s25-pages-0", "failure_bits": 171, "done": 100, "total": 172}
{"certificate": "s3-directory-0", "failure_bits": 222, "done": 101, "total": 172}
{"certificate": "s3-pages-0", "failure_bits": 169, "done": 102, "total": 172}
{"certificate": "s57-directory-0", "failure_bits": 226, "done": 103, "total": 172}
{"certificate": "s57-pages-0", "failure_bits": 159, "done": 104, "total": 172}
{"certificate": "s47-directory-0", "failure_bits": 222, "done": 105, "total": 172}
{"certificate": "s47-pages-0", "failure_bits": 166, "done": 106, "total": 172}
{"certificate": "s17-directory-0", "failure_bits": 229, "done": 107, "total": 172}
{"certificate": "s17-pages-0", "failure_bits": 169, "done": 108, "total": 172}
{"certificate": "s49-directory-0", "failure_bits": 226, "done": 109, "total": 172}
{"certificate": "s49-pages-0", "failure_bits": 167, "done": 110, "total": 172}
{"certificate": "s6-directory-0", "failure_bits": 227, "done": 111, "total": 172}
{"certificate": "s6-pages-0", "failure_bits": 149, "done": 112, "total": 172}
{"certificate": "s24-directory-0", "failure_bits": 223, "done": 113, "total": 172}
{"certificate": "s24-pages-0", "failure_bits": 170, "done": 114, "total": 172}
{"certificate": "s5-directory-0", "failure_bits": 218, "done": 115, "total": 172}
{"certificate": "s5-pages-0", "failure_bits": 154, "done": 116, "total": 172}
{"certificate": "s23-directory-0", "failure_bits": 173, "done": 117, "total": 172}
{"certificate": "s23-pages-0", "failure_bits": 96, "done": 118, "total": 172}
{"certificate": "s21-directory-0", "failure_bits": 198, "done": 119, "total": 172}
{"certificate": "s21-pages-0", "failure_bits": 132, "done": 120, "total": 172}
{"certificate": "s54-directory-0", "failure_bits": 225, "done": 121, "total": 172}
{"certificate": "s54-pages-0", "failure_bits": 170, "done": 122, "total": 172}
{"certificate": "s70-directory-0", "failure_bits": 225, "done": 123, "total": 172}
{"certificate": "s70-pages-0", "failure_bits": 159, "done": 124, "total": 172}
{"certificate": "s4-directory-0", "failure_bits": 229, "done": 125, "total": 172}
{"certificate": "s4-pages-0", "failure_bits": 168, "done": 126, "total": 172}
{"certificate": "s53-directory-0", "failure_bits": 227, "done": 127, "total": 172}
{"certificate": "s53-pages-0", "failure_bits": 156, "done": 128, "total": 172}
{"certificate": "s34-directory-0", "failure_bits": 228, "done": 129, "total": 172}
{"certificate": "s34-pages-0", "failure_bits": 172, "done": 130, "total": 172}
{"certificate": "s82-directory-0", "failure_bits": 294, "done": 131, "total": 172}
{"certificate": "s82-pages-0", "failure_bits": 280, "done": 132, "total": 172}
{"certificate": "s36-directory-0", "failure_bits": 220, "done": 133, "total": 172}
{"certificate": "s36-pages-0", "failure_bits": 167, "done": 134, "total": 172}
{"certificate": "s32-directory-0", "failure_bits": 185, "done": 135, "total": 172}
{"certificate": "s32-pages-0", "failure_bits": 103, "done": 136, "total": 172}
{"certificate": "s30-directory-0", "failure_bits": 184, "done": 137, "total": 172}
{"certificate": "s30-pages-0", "failure_bits": 117, "done": 138, "total": 172}
{"certificate": "s75-directory-0", "failure_bits": 222, "done": 139, "total": 172}
{"certificate": "s75-pages-0", "failure_bits": 154, "done": 140, "total": 172}
{"certificate": "s60-directory-0", "failure_bits": 223, "done": 141, "total": 172}
{"certificate": "s60-pages-0", "failure_bits": 164, "done": 142, "total": 172}
{"certificate": "s2-directory-0", "failure_bits": 195, "done": 143, "total": 172}
{"certificate": "s2-pages-0", "failure_bits": 130, "done": 144, "total": 172}
{"certificate": "s29-directory-0", "failure_bits": 197, "done": 145, "total": 172}
{"certificate": "s29-pages-0", "failure_bits": 139, "done": 146, "total": 172}
{"certificate": "s76-directory-0", "failure_bits": 222, "done": 147, "total": 172}
{"certificate": "s76-pages-0", "failure_bits": 211, "done": 148, "total": 172}
{"certificate": "s37-directory-0", "failure_bits": 225, "done": 149, "total": 172}
{"certificate": "s37-pages-0", "failure_bits": 169, "done": 150, "total": 172}
{"certificate": "s85-directory-0", "failure_bits": 293, "done": 151, "total": 172}
{"certificate": "s85-pages-0", "failure_bits": 297, "done": 152, "total": 172}
{"certificate": "s68-directory-0", "failure_bits": 221, "done": 153, "total": 172}
{"certificate": "s68-pages-0", "failure_bits": 157, "done": 154, "total": 172}
{"certificate": "s63-directory-0", "failure_bits": 223, "done": 155, "total": 172}
{"certificate": "s63-pages-0", "failure_bits": 157, "done": 156, "total": 172}
{"certificate": "s61-directory-0", "failure_bits": 227, "done": 157, "total": 172}
{"certificate": "s61-pages-0", "failure_bits": 160, "done": 158, "total": 172}
{"certificate": "s46-directory-0", "failure_bits": 219, "done": 159, "total": 172}
{"certificate": "s46-pages-0", "failure_bits": 165, "done": 160, "total": 172}
{"certificate": "s41-directory-0", "failure_bits": 212, "done": 161, "total": 172}
{"certificate": "s41-pages-0", "failure_bits": 145, "done": 162, "total": 172}
{"certificate": "s42-directory-0", "failure_bits": 226, "done": 163, "total": 172}
{"certificate": "s42-pages-0", "failure_bits": 164, "done": 164, "total": 172}
{"certificate": "s11-directory-0", "failure_bits": 221, "done": 165, "total": 172}
{"certificate": "s11-pages-0", "failure_bits": 169, "done": 166, "total": 172}
{"certificate": "s38-directory-0", "failure_bits": 224, "done": 167, "total": 172}
{"certificate": "s38-pages-0", "failure_bits": 165, "done": 168, "total": 172}
{"certificate": "s31-directory-0", "failure_bits": 179, "done": 169, "total": 172}
{"certificate": "s31-pages-0", "failure_bits": 102, "done": 170, "total": 172}
{"certificate": "s78-directory-0", "failure_bits": 288, "done": 171, "total": 172}
{"certificate": "s78-pages-0", "failure_bits": 280, "done": 172, "total": 172}
{"start": "regression-export", "utc": "2026-09-28T21:09:14.558548+00:00", "command": ["/opt/transparent-v10-8e69ea75/bin/regression-export", "--data-dir", "/srv/zakura/transparent-event-snapshot-v10-8e69ea75", "--map", "/srv/zakura/transparent-shards-v10-full/shards.json", "--cases", "/opt/transparent-v10-8e69ea75/source/transparent/tools/transparent-regression/fixtures/mainnet-cases.json", "--cutoff-height", "3262749", "--source-sha", "8e69ea75b1e0071e3b978b0c78cc0487377f9e82", "--out", "/opt/transparent-v10-8e69ea75/qualification/mainnet-v10.json"]}
{"complete": "regression-export", "seconds": 109.70781707763672}
{"start": "fixture-compare", "utc": "2026-09-28T21:11:04.266559+00:00", "command": ["python3", "/opt/transparent-v10-8e69ea75/source/transparent/ops/scripts/compare-regression-fixtures.py", "--previous", "/opt/transparent-v10-8e69ea75/source/transparent/tools/transparent-regression/fixtures/mainnet.json", "--next", "/opt/transparent-v10-8e69ea75/qualification/mainnet-v10.json", "--out", "/opt/transparent-v10-8e69ea75/qualification/fixture-compare.json"]}
Traceback (most recent call last):
  File "/opt/transparent-v10-8e69ea75/qualify.py", line 101, in <module>
    run('fixture-compare',['python3',root/'source/transparent/ops/scripts/compare-regression-fixtures.py','--previous',root/'source/transparent/tools/transparent-regression/fixtures/mainnet.json','--next',out/'mainnet-v10.json','--out',out/'fixture-compare.json'])
  File "/opt/transparent-v10-8e69ea75/qualify.py", line 19, in run
    subprocess.run(list(map(str,args)),stdout=stream,stderr=subprocess.STDOUT,check=True,env=env)
  File "/usr/lib/python3.12/subprocess.py", line 571, in run
    raise CalledProcessError(retcode, process.args,
subprocess.CalledProcessError: Command '['python3', '/opt/transparent-v10-8e69ea75/source/transparent/ops/scripts/compare-regression-fixtures.py', '--previous', '/opt/transparent-v10-8e69ea75/source/transparent/tools/transparent-regression/fixtures/mainnet.json', '--next', '/opt/transparent-v10-8e69ea75/qualification/mainnet-v10.json', '--out', '/opt/transparent-v10-8e69ea75/qualification/fixture-compare.json']' returned non-zero exit status 1.
