Running as unit: transparent-full-burst-d27bce763ac1415792cf7de1edfddabf.service

running 1 test
2026-09-09T19:22:59.495260Z DEBUG transparent_shard_server::runtime: runtime stage key=("5b7ee9849d47f5ee67d04eb6ca4588beacf42dce75e5a1b481dfd02607b1fb20", Directory, 0) seconds=1.0247e-5 stage="restore_slot"
2026-09-09T19:22:59.495310Z DEBUG transparent_shard_server::runtime: runtime stage key=("5b7ee9849d47f5ee67d04eb6ca4588beacf42dce75e5a1b481dfd02607b1fb20", Pages, 0) seconds=9.36e-7 stage="restore_slot"
2026-09-09T19:22:59.495336Z DEBUG transparent_shard_server::runtime: runtime stage key=("1f5d7213a380745d83cc554ad16bdf9e039a0304d0de0b71376828e1838d0ea4", Directory, 0) seconds=7.72e-7 stage="restore_slot"
2026-09-09T19:22:59.495505Z DEBUG transparent_shard_server::runtime: runtime stage key=("1f5d7213a380745d83cc554ad16bdf9e039a0304d0de0b71376828e1838d0ea4", Pages, 0) seconds=4.4e-7 stage="restore_slot"
2026-09-09T19:22:59.495839Z DEBUG transparent_shard_server::runtime: runtime stage key=("5b7ee9849d47f5ee67d04eb6ca4588beacf42dce75e5a1b481dfd02607b1fb20", Directory, 0) seconds=3.2002e-5 hit=false stage="disk_restore"
2026-09-09T19:22:59.495846Z DEBUG transparent_shard_server::runtime: runtime stage key=("1f5d7213a380745d83cc554ad16bdf9e039a0304d0de0b71376828e1838d0ea4", Directory, 0) seconds=2.7353e-5 hit=false stage="disk_restore"
2026-09-09T19:22:59.495854Z DEBUG transparent_shard_server::runtime: runtime stage key=("5b7ee9849d47f5ee67d04eb6ca4588beacf42dce75e5a1b481dfd02607b1fb20", Pages, 0) seconds=2.5685e-5 hit=false stage="disk_restore"
2026-09-09T19:22:59.495869Z DEBUG transparent_shard_server::runtime: runtime stage key=("5b7ee9849d47f5ee67d04eb6ca4588beacf42dce75e5a1b481dfd02607b1fb20", Directory, 0) seconds=7.49e-7 stage="build_slot"
2026-09-09T19:22:59.495879Z DEBUG transparent_shard_server::runtime: runtime stage key=("1f5d7213a380745d83cc554ad16bdf9e039a0304d0de0b71376828e1838d0ea4", Pages, 0) seconds=8.779e-6 hit=false stage="disk_restore"
2026-09-09T19:22:59.495893Z DEBUG transparent_shard_server::runtime: runtime stage key=("1f5d7213a380745d83cc554ad16bdf9e039a0304d0de0b71376828e1838d0ea4", Directory, 0) seconds=8.89e-7 stage="build_slot"
2026-09-09T19:22:59.495905Z DEBUG transparent_shard_server::memory: cold build admission wait seconds=3.0909e-5 admitted=true
2026-09-09T19:22:59.496004Z DEBUG transparent_shard_server::memory: cold build admission wait seconds=0.000106968 admitted=true
2026-09-09T19:22:59.643084Z DEBUG transparent_shard_server::runtime: runtime stage key=("1f5d7213a380745d83cc554ad16bdf9e039a0304d0de0b71376828e1838d0ea4", Directory, 0) seconds=0.147064689 stage="source_load"
2026-09-09T19:22:59.645451Z DEBUG transparent_shard_server::runtime: runtime stage key=("5b7ee9849d47f5ee67d04eb6ca4588beacf42dce75e5a1b481dfd02607b1fb20", Directory, 0) seconds=0.149534968 stage="source_load"
2026-09-09T19:22:59.943964Z DEBUG transparent_shard_server::runtime: construction stage geometry="recent-8k" table="directory" seconds=0.300836957 stage="encode_database"
2026-09-09T19:22:59.944071Z DEBUG transparent_shard_server::runtime: construction stage geometry="recent-8k" table="directory" seconds=5.9919e-5 stage="public_setup"
2026-09-09T19:22:59.950827Z DEBUG transparent_shard_server::runtime: construction stage geometry="recent-8k" table="directory" seconds=0.305343607 stage="encode_database"
2026-09-09T19:22:59.950923Z DEBUG transparent_shard_server::runtime: construction stage geometry="recent-8k" table="directory" seconds=5.3081e-5 stage="public_setup"
2026-09-09T19:23:01.054600Z DEBUG transparent_shard_server::runtime: construction stage geometry="recent-8k" table="directory" seconds=1.103669988 stage="hint_columns"
2026-09-09T19:23:01.055247Z DEBUG transparent_shard_server::runtime: construction stage geometry="recent-8k" table="directory" seconds=1.111170774 stage="hint_columns"
2026-09-09T19:23:03.392075Z DEBUG transparent_shard_server::runtime: construction stage geometry="recent-8k" table="directory" seconds=2.3374304710000002 stage="pack_preprocessing"
2026-09-09T19:23:03.392382Z DEBUG transparent_shard_server::runtime: construction stage geometry="recent-8k" table="directory" seconds=0.000271319 stage="publish_parameters"
2026-09-09T19:23:03.392937Z DEBUG transparent_shard_server::runtime: runtime stage key=("5b7ee9849d47f5ee67d04eb6ca4588beacf42dce75e5a1b481dfd02607b1fb20", Directory, 0) seconds=3.74745621 stage="runtime_build"
2026-09-09T19:23:03.394644Z DEBUG transparent_shard_server::runtime: runtime stage key=("5b7ee9849d47f5ee67d04eb6ca4588beacf42dce75e5a1b481dfd02607b1fb20", Directory, 0) reserved_bytes=136314880 stage="serialization_handoff"
2026-09-09T19:23:03.396126Z DEBUG transparent_shard_server::runtime: construction stage geometry="recent-8k" table="directory" seconds=2.340848465 stage="pack_preprocessing"
2026-09-09T19:23:03.396204Z DEBUG transparent_shard_server::runtime: runtime stage key=("1f5d7213a380745d83cc554ad16bdf9e039a0304d0de0b71376828e1838d0ea4", Pages, 0) seconds=3.900304433 stage="build_slot"
2026-09-09T19:23:03.396283Z DEBUG transparent_shard_server::memory: cold build admission wait seconds=6.4645e-5 admitted=true
2026-09-09T19:23:03.396405Z DEBUG transparent_shard_server::runtime: construction stage geometry="recent-8k" table="directory" seconds=0.000257322 stage="publish_parameters"
2026-09-09T19:23:03.396920Z DEBUG transparent_shard_server::runtime: runtime stage key=("1f5d7213a380745d83cc554ad16bdf9e039a0304d0de0b71376828e1838d0ea4", Directory, 0) seconds=3.753794508 stage="runtime_build"
2026-09-09T19:23:03.398493Z DEBUG transparent_shard_server::runtime: runtime stage key=("1f5d7213a380745d83cc554ad16bdf9e039a0304d0de0b71376828e1838d0ea4", Directory, 0) reserved_bytes=136314880 stage="serialization_handoff"
2026-09-09T19:23:03.398502Z DEBUG transparent_shard_server::runtime: runtime stage key=("5b7ee9849d47f5ee67d04eb6ca4588beacf42dce75e5a1b481dfd02607b1fb20", Pages, 0) seconds=3.902602422 stage="build_slot"
2026-09-09T19:23:03.398553Z DEBUG transparent_shard_server::memory: cold build admission wait seconds=3.4937e-5 admitted=true
2026-09-09T19:23:03.542930Z DEBUG transparent_shard_server::runtime: runtime stage key=("1f5d7213a380745d83cc554ad16bdf9e039a0304d0de0b71376828e1838d0ea4", Pages, 0) seconds=0.146608186 stage="source_load"
2026-09-09T19:23:03.544985Z DEBUG transparent_shard_server::runtime: runtime stage key=("5b7ee9849d47f5ee67d04eb6ca4588beacf42dce75e5a1b481dfd02607b1fb20", Pages, 0) seconds=0.146203933 stage="source_load"
2026-09-09T19:23:03.843689Z DEBUG transparent_shard_server::runtime: construction stage geometry="recent-8k" table="pages" seconds=0.298678457 stage="encode_database"
2026-09-09T19:23:03.843813Z DEBUG transparent_shard_server::runtime: construction stage geometry="recent-8k" table="pages" seconds=9.5121e-5 stage="public_setup"
2026-09-09T19:23:03.844458Z DEBUG transparent_shard_server::runtime: construction stage geometry="recent-8k" table="pages" seconds=0.30149998 stage="encode_database"
2026-09-09T19:23:03.844538Z DEBUG transparent_shard_server::runtime: construction stage geometry="recent-8k" table="pages" seconds=5.5887e-5 stage="public_setup"
2026-09-09T19:23:04.299711Z DEBUG transparent_shard_server::runtime: runtime stage key=("5b7ee9849d47f5ee67d04eb6ca4588beacf42dce75e5a1b481dfd02607b1fb20", Directory, 0) seconds=0.905050057 stage="disk_save"
2026-09-09T19:23:04.299777Z DEBUG transparent_shard_server::runtime: runtime stage key=("ca7afe810c988a8b4b561668f3456a9f38d1fdbb0776614e07ddfeb1a2132000", Directory, 0) seconds=1.589e-6 stage="restore_slot"
2026-09-09T19:23:04.299974Z DEBUG transparent_shard_server::runtime: runtime stage key=("ca7afe810c988a8b4b561668f3456a9f38d1fdbb0776614e07ddfeb1a2132000", Directory, 0) seconds=2.7541e-5 hit=false stage="disk_restore"
2026-09-09T19:23:05.113871Z DEBUG transparent_shard_server::runtime: construction stage geometry="recent-8k" table="pages" seconds=1.26932604 stage="hint_columns"
2026-09-09T19:23:05.113875Z DEBUG transparent_shard_server::runtime: construction stage geometry="recent-8k" table="pages" seconds=1.27005617 stage="hint_columns"
2026-09-09T19:23:05.434418Z DEBUG transparent_shard_server::runtime: runtime stage key=("1f5d7213a380745d83cc554ad16bdf9e039a0304d0de0b71376828e1838d0ea4", Directory, 0) seconds=2.035909405 stage="disk_save"
2026-09-09T19:23:05.434541Z DEBUG transparent_shard_server::runtime: runtime stage key=("ca7afe810c988a8b4b561668f3456a9f38d1fdbb0776614e07ddfeb1a2132000", Pages, 0) seconds=1.393e-6 stage="restore_slot"
2026-09-09T19:23:05.434679Z DEBUG transparent_shard_server::runtime: runtime stage key=("ca7afe810c988a8b4b561668f3456a9f38d1fdbb0776614e07ddfeb1a2132000", Pages, 0) seconds=2.6647e-5 hit=false stage="disk_restore"
2026-09-09T19:23:07.401823Z DEBUG transparent_shard_server::runtime: construction stage geometry="recent-8k" table="pages" seconds=2.287917926 stage="pack_preprocessing"
2026-09-09T19:23:07.402121Z DEBUG transparent_shard_server::runtime: construction stage geometry="recent-8k" table="pages" seconds=0.00025904 stage="publish_parameters"
2026-09-09T19:23:07.402566Z DEBUG transparent_shard_server::runtime: runtime stage key=("1f5d7213a380745d83cc554ad16bdf9e039a0304d0de0b71376828e1838d0ea4", Pages, 0) seconds=3.859608506 stage="runtime_build"
2026-09-09T19:23:07.402590Z DEBUG transparent_shard_server::runtime: runtime stage key=("1f5d7213a380745d83cc554ad16bdf9e039a0304d0de0b71376828e1838d0ea4", Pages, 0) reserved_bytes=136314880 stage="serialization_handoff"
2026-09-09T19:23:07.405186Z DEBUG transparent_shard_server::runtime: runtime stage key=("ca7afe810c988a8b4b561668f3456a9f38d1fdbb0776614e07ddfeb1a2132000", Directory, 0) seconds=3.105195318 stage="build_slot"
2026-09-09T19:23:07.405288Z DEBUG transparent_shard_server::memory: cold build admission wait seconds=7.239e-5 admitted=true
2026-09-09T19:23:07.407941Z DEBUG transparent_shard_server::runtime: construction stage geometry="recent-8k" table="pages" seconds=2.294027315 stage="pack_preprocessing"
2026-09-09T19:23:07.408196Z DEBUG transparent_shard_server::runtime: construction stage geometry="recent-8k" table="pages" seconds=0.000234621 stage="publish_parameters"
2026-09-09T19:23:07.408921Z DEBUG transparent_shard_server::runtime: runtime stage key=("5b7ee9849d47f5ee67d04eb6ca4588beacf42dce75e5a1b481dfd02607b1fb20", Pages, 0) seconds=3.8639131989999997 stage="runtime_build"
2026-09-09T19:23:07.408940Z DEBUG transparent_shard_server::runtime: runtime stage key=("5b7ee9849d47f5ee67d04eb6ca4588beacf42dce75e5a1b481dfd02607b1fb20", Pages, 0) reserved_bytes=136314880 stage="serialization_handoff"
2026-09-09T19:23:07.408961Z DEBUG transparent_shard_server::runtime: runtime stage key=("ca7afe810c988a8b4b561668f3456a9f38d1fdbb0776614e07ddfeb1a2132000", Pages, 0) seconds=1.9742665019999999 stage="build_slot"
2026-09-09T19:23:07.409029Z DEBUG transparent_shard_server::memory: cold build admission wait seconds=5.4196e-5 admitted=true
2026-09-09T19:23:07.553546Z DEBUG transparent_shard_server::runtime: runtime stage key=("ca7afe810c988a8b4b561668f3456a9f38d1fdbb0776614e07ddfeb1a2132000", Directory, 0) seconds=0.148217232 stage="source_load"
2026-09-09T19:23:07.558051Z DEBUG transparent_shard_server::runtime: runtime stage key=("ca7afe810c988a8b4b561668f3456a9f38d1fdbb0776614e07ddfeb1a2132000", Pages, 0) seconds=0.146867189 stage="source_load"
2026-09-09T19:23:07.856558Z DEBUG transparent_shard_server::runtime: construction stage geometry="recent-8k" table="directory" seconds=0.302980009 stage="encode_database"
2026-09-09T19:23:07.856648Z DEBUG transparent_shard_server::runtime: construction stage geometry="recent-8k" table="directory" seconds=6.022e-5 stage="public_setup"
2026-09-09T19:23:07.857671Z DEBUG transparent_shard_server::runtime: construction stage geometry="recent-8k" table="pages" seconds=0.29959537 stage="encode_database"
2026-09-09T19:23:07.857763Z DEBUG transparent_shard_server::runtime: construction stage geometry="recent-8k" table="pages" seconds=7.0275e-5 stage="public_setup"
2026-09-09T19:23:08.160796Z DEBUG transparent_shard_server::runtime: runtime stage key=("1f5d7213a380745d83cc554ad16bdf9e039a0304d0de0b71376828e1838d0ea4", Pages, 0) seconds=0.758199629 stage="disk_save"
2026-09-09T19:23:08.160884Z DEBUG transparent_shard_server::runtime: runtime stage key=("95df7205357fe2d9c962d2b41daded841e05afa7b6fc8d06dfec46ad04e15335", Directory, 0) seconds=2.313e-6 stage="restore_slot"
2026-09-09T19:23:08.161038Z DEBUG transparent_shard_server::runtime: runtime stage key=("95df7205357fe2d9c962d2b41daded841e05afa7b6fc8d06dfec46ad04e15335", Directory, 0) seconds=2.7092e-5 hit=false stage="disk_restore"
2026-09-09T19:23:09.166337Z DEBUG transparent_shard_server::runtime: construction stage geometry="recent-8k" table="pages" seconds=1.308567377 stage="hint_columns"
2026-09-09T19:23:09.181209Z DEBUG transparent_shard_server::runtime: construction stage geometry="recent-8k" table="directory" seconds=1.324554731 stage="hint_columns"
2026-09-09T19:23:09.365657Z DEBUG transparent_shard_server::runtime: runtime stage key=("5b7ee9849d47f5ee67d04eb6ca4588beacf42dce75e5a1b481dfd02607b1fb20", Pages, 0) seconds=1.956709552 stage="disk_save"
2026-09-09T19:23:09.365750Z DEBUG transparent_shard_server::runtime: runtime stage key=("95df7205357fe2d9c962d2b41daded841e05afa7b6fc8d06dfec46ad04e15335", Pages, 0) seconds=1.4e-6 stage="restore_slot"
2026-09-09T19:23:09.365894Z DEBUG transparent_shard_server::runtime: runtime stage key=("95df7205357fe2d9c962d2b41daded841e05afa7b6fc8d06dfec46ad04e15335", Pages, 0) seconds=3.8785e-5 hit=false stage="disk_restore"
2026-09-09T19:23:11.470760Z DEBUG transparent_shard_server::runtime: construction stage geometry="recent-8k" table="directory" seconds=2.289517619 stage="pack_preprocessing"
2026-09-09T19:23:11.471063Z DEBUG transparent_shard_server::runtime: construction stage geometry="recent-8k" table="directory" seconds=0.000259474 stage="publish_parameters"
2026-09-09T19:23:11.471911Z DEBUG transparent_shard_server::runtime: runtime stage key=("ca7afe810c988a8b4b561668f3456a9f38d1fdbb0776614e07ddfeb1a2132000", Directory, 0) seconds=3.918334087 stage="runtime_build"
2026-09-09T19:23:11.471955Z DEBUG transparent_shard_server::runtime: runtime stage key=("95df7205357fe2d9c962d2b41daded841e05afa7b6fc8d06dfec46ad04e15335", Directory, 0) seconds=3.310900877 stage="build_slot"
2026-09-09T19:23:11.472063Z DEBUG transparent_shard_server::memory: cold build admission wait seconds=0.000103864 admitted=true
2026-09-09T19:23:11.472148Z DEBUG transparent_shard_server::runtime: runtime stage key=("ca7afe810c988a8b4b561668f3456a9f38d1fdbb0776614e07ddfeb1a2132000", Directory, 0) reserved_bytes=136314880 stage="serialization_handoff"
2026-09-09T19:23:11.488304Z DEBUG transparent_shard_server::runtime: construction stage geometry="recent-8k" table="pages" seconds=2.321936321 stage="pack_preprocessing"
2026-09-09T19:23:11.488591Z DEBUG transparent_shard_server::runtime: construction stage geometry="recent-8k" table="pages" seconds=0.000243083 stage="publish_parameters"
2026-09-09T19:23:11.489224Z DEBUG transparent_shard_server::runtime: runtime stage key=("ca7afe810c988a8b4b561668f3456a9f38d1fdbb0776614e07ddfeb1a2132000", Pages, 0) seconds=3.931149837 stage="runtime_build"
2026-09-09T19:23:11.489253Z DEBUG transparent_shard_server::runtime: runtime stage key=("ca7afe810c988a8b4b561668f3456a9f38d1fdbb0776614e07ddfeb1a2132000", Pages, 0) reserved_bytes=136314880 stage="serialization_handoff"
2026-09-09T19:23:11.489278Z DEBUG transparent_shard_server::runtime: runtime stage key=("95df7205357fe2d9c962d2b41daded841e05afa7b6fc8d06dfec46ad04e15335", Pages, 0) seconds=2.123356874 stage="build_slot"
2026-09-09T19:23:11.489372Z DEBUG transparent_shard_server::memory: cold build admission wait seconds=7.4435e-5 admitted=true
2026-09-09T19:23:11.621707Z DEBUG transparent_shard_server::runtime: runtime stage key=("95df7205357fe2d9c962d2b41daded841e05afa7b6fc8d06dfec46ad04e15335", Directory, 0) seconds=0.149612511 stage="source_load"
2026-09-09T19:23:11.627499Z DEBUG transparent_shard_server::runtime: runtime stage key=("95df7205357fe2d9c962d2b41daded841e05afa7b6fc8d06dfec46ad04e15335", Pages, 0) seconds=0.138054607 stage="source_load"
2026-09-09T19:23:11.916143Z DEBUG transparent_shard_server::runtime: construction stage geometry="recent-8k" table="pages" seconds=0.288613323 stage="encode_database"
2026-09-09T19:23:11.916258Z DEBUG transparent_shard_server::runtime: construction stage geometry="recent-8k" table="pages" seconds=6.7067e-5 stage="public_setup"
2026-09-09T19:23:11.923946Z DEBUG transparent_shard_server::runtime: construction stage geometry="recent-8k" table="directory" seconds=0.302201652 stage="encode_database"
2026-09-09T19:23:11.924033Z DEBUG transparent_shard_server::runtime: construction stage geometry="recent-8k" table="directory" seconds=6.3669e-5 stage="public_setup"
2026-09-09T19:23:12.418209Z DEBUG transparent_shard_server::runtime: runtime stage key=("ca7afe810c988a8b4b561668f3456a9f38d1fdbb0776614e07ddfeb1a2132000", Directory, 0) seconds=0.946049399 stage="disk_save"
2026-09-09T19:23:12.418312Z DEBUG transparent_shard_server::runtime: runtime stage key=("73d46a59d0d03d7616f9a47e53b50448d4c5a3504e6e296600d8884c8c4403b8", Directory, 0) seconds=1.95e-6 stage="restore_slot"
2026-09-09T19:23:12.421208Z DEBUG transparent_shard_server::runtime: runtime stage key=("73d46a59d0d03d7616f9a47e53b50448d4c5a3504e6e296600d8884c8c4403b8", Directory, 0) seconds=3.2923e-5 hit=false stage="disk_restore"
2026-09-09T19:23:13.209419Z DEBUG transparent_shard_server::runtime: construction stage geometry="recent-8k" table="directory" seconds=1.285379588 stage="hint_columns"
2026-09-09T19:23:13.216221Z DEBUG transparent_shard_server::runtime: construction stage geometry="recent-8k" table="pages" seconds=1.299955767 stage="hint_columns"
2026-09-09T19:23:13.558403Z DEBUG transparent_shard_server::runtime: runtime stage key=("ca7afe810c988a8b4b561668f3456a9f38d1fdbb0776614e07ddfeb1a2132000", Pages, 0) seconds=2.0691443 stage="disk_save"
2026-09-09T19:23:13.558494Z DEBUG transparent_shard_server::runtime: runtime stage key=("73d46a59d0d03d7616f9a47e53b50448d4c5a3504e6e296600d8884c8c4403b8", Pages, 0) seconds=2.239e-6 stage="restore_slot"
2026-09-09T19:23:13.558660Z DEBUG transparent_shard_server::runtime: runtime stage key=("73d46a59d0d03d7616f9a47e53b50448d4c5a3504e6e296600d8884c8c4403b8", Pages, 0) seconds=4.1854e-5 hit=false stage="disk_restore"
2026-09-09T19:23:15.402417Z DEBUG transparent_shard_server::runtime: construction stage geometry="recent-8k" table="directory" seconds=2.192957963 stage="pack_preprocessing"
2026-09-09T19:23:15.402678Z DEBUG transparent_shard_server::runtime: construction stage geometry="recent-8k" table="directory" seconds=0.000224597 stage="publish_parameters"
2026-09-09T19:23:15.403306Z DEBUG transparent_shard_server::runtime: runtime stage key=("95df7205357fe2d9c962d2b41daded841e05afa7b6fc8d06dfec46ad04e15335", Directory, 0) seconds=3.7815624039999998 stage="runtime_build"
2026-09-09T19:23:15.403350Z DEBUG transparent_shard_server::runtime: runtime stage key=("73d46a59d0d03d7616f9a47e53b50448d4c5a3504e6e296600d8884c8c4403b8", Directory, 0) seconds=2.982103794 stage="build_slot"
2026-09-09T19:23:15.403428Z DEBUG transparent_shard_server::memory: cold build admission wait seconds=7.2894e-5 admitted=true
2026-09-09T19:23:15.403444Z DEBUG transparent_shard_server::runtime: runtime stage key=("95df7205357fe2d9c962d2b41daded841e05afa7b6fc8d06dfec46ad04e15335", Directory, 0) reserved_bytes=136314880 stage="serialization_handoff"
2026-09-09T19:23:15.559246Z DEBUG transparent_shard_server::runtime: runtime stage key=("73d46a59d0d03d7616f9a47e53b50448d4c5a3504e6e296600d8884c8c4403b8", Directory, 0) seconds=0.155796301 stage="source_load"
2026-09-09T19:23:15.604488Z DEBUG transparent_shard_server::runtime: construction stage geometry="recent-8k" table="pages" seconds=2.388228285 stage="pack_preprocessing"
2026-09-09T19:23:15.604775Z DEBUG transparent_shard_server::runtime: construction stage geometry="recent-8k" table="pages" seconds=0.000258726 stage="publish_parameters"
2026-09-09T19:23:15.605477Z DEBUG transparent_shard_server::runtime: runtime stage key=("95df7205357fe2d9c962d2b41daded841e05afa7b6fc8d06dfec46ad04e15335", Pages, 0) seconds=3.97794891 stage="runtime_build"
2026-09-09T19:23:15.605503Z DEBUG transparent_shard_server::runtime: runtime stage key=("95df7205357fe2d9c962d2b41daded841e05afa7b6fc8d06dfec46ad04e15335", Pages, 0) reserved_bytes=136314880 stage="serialization_handoff"
2026-09-09T19:23:15.605531Z DEBUG transparent_shard_server::runtime: runtime stage key=("73d46a59d0d03d7616f9a47e53b50448d4c5a3504e6e296600d8884c8c4403b8", Pages, 0) seconds=2.046841365 stage="build_slot"
2026-09-09T19:23:15.605623Z DEBUG transparent_shard_server::memory: cold build admission wait seconds=7.4424e-5 admitted=true
2026-09-09T19:23:15.742283Z DEBUG transparent_shard_server::runtime: runtime stage key=("73d46a59d0d03d7616f9a47e53b50448d4c5a3504e6e296600d8884c8c4403b8", Pages, 0) seconds=0.136629605 stage="source_load"
2026-09-09T19:23:15.853356Z DEBUG transparent_shard_server::runtime: construction stage geometry="recent-8k" table="directory" seconds=0.294078974 stage="encode_database"
2026-09-09T19:23:15.853456Z DEBUG transparent_shard_server::runtime: construction stage geometry="recent-8k" table="directory" seconds=7.0158e-5 stage="public_setup"
2026-09-09T19:23:16.157608Z DEBUG transparent_shard_server::runtime: construction stage geometry="recent-8k" table="pages" seconds=0.415293989 stage="encode_database"
2026-09-09T19:23:16.157727Z DEBUG transparent_shard_server::runtime: construction stage geometry="recent-8k" table="pages" seconds=8.1786e-5 stage="public_setup"
2026-09-09T19:23:16.166950Z DEBUG transparent_shard_server::runtime: runtime stage key=("95df7205357fe2d9c962d2b41daded841e05afa7b6fc8d06dfec46ad04e15335", Directory, 0) seconds=0.763501499 stage="disk_save"
2026-09-09T19:23:16.167021Z DEBUG transparent_shard_server::runtime: runtime stage key=("b16be2933ab920bc4745ea8917e5167a7a685c211e0b4febe88b4d3018f970bc", Directory, 0) seconds=2.099e-6 stage="restore_slot"
2026-09-09T19:23:16.173201Z DEBUG transparent_shard_server::runtime: runtime stage key=("b16be2933ab920bc4745ea8917e5167a7a685c211e0b4febe88b4d3018f970bc", Directory, 0) seconds=2.7598e-5 hit=false stage="disk_restore"
2026-09-09T19:23:16.905679Z DEBUG transparent_shard_server::runtime: runtime stage key=("95df7205357fe2d9c962d2b41daded841e05afa7b6fc8d06dfec46ad04e15335", Pages, 0) seconds=1.300161738 stage="disk_save"
2026-09-09T19:23:16.905766Z DEBUG transparent_shard_server::runtime: runtime stage key=("b16be2933ab920bc4745ea8917e5167a7a685c211e0b4febe88b4d3018f970bc", Pages, 0) seconds=1.748e-6 stage="restore_slot"
2026-09-09T19:23:16.905906Z DEBUG transparent_shard_server::runtime: runtime stage key=("b16be2933ab920bc4745ea8917e5167a7a685c211e0b4febe88b4d3018f970bc", Pages, 0) seconds=3.7238e-5 hit=false stage="disk_restore"
2026-09-09T19:23:17.254837Z DEBUG transparent_shard_server::runtime: construction stage geometry="recent-8k" table="pages" seconds=1.097102924 stage="hint_columns"
2026-09-09T19:23:17.258279Z DEBUG transparent_shard_server::runtime: construction stage geometry="recent-8k" table="directory" seconds=1.404818321 stage="hint_columns"
2026-09-09T19:23:19.529852Z DEBUG transparent_shard_server::runtime: construction stage geometry="recent-8k" table="directory" seconds=2.2715373 stage="pack_preprocessing"
2026-09-09T19:23:19.530147Z DEBUG transparent_shard_server::runtime: construction stage geometry="recent-8k" table="directory" seconds=0.000254833 stage="publish_parameters"
2026-09-09T19:23:19.531048Z DEBUG transparent_shard_server::runtime: runtime stage key=("73d46a59d0d03d7616f9a47e53b50448d4c5a3504e6e296600d8884c8c4403b8", Directory, 0) seconds=3.971770508 stage="runtime_build"
2026-09-09T19:23:19.531078Z DEBUG transparent_shard_server::runtime: runtime stage key=("73d46a59d0d03d7616f9a47e53b50448d4c5a3504e6e296600d8884c8c4403b8", Directory, 0) reserved_bytes=136314880 stage="serialization_handoff"
2026-09-09T19:23:19.531107Z DEBUG transparent_shard_server::runtime: runtime stage key=("b16be2933ab920bc4745ea8917e5167a7a685c211e0b4febe88b4d3018f970bc", Directory, 0) seconds=3.357862261 stage="build_slot"
2026-09-09T19:23:19.531219Z DEBUG transparent_shard_server::memory: cold build admission wait seconds=9.1704e-5 admitted=true
2026-09-09T19:23:19.546061Z DEBUG transparent_shard_server::runtime: construction stage geometry="recent-8k" table="pages" seconds=2.291184976 stage="pack_preprocessing"
2026-09-09T19:23:19.549407Z DEBUG transparent_shard_server::runtime: construction stage geometry="recent-8k" table="pages" seconds=0.003298914 stage="publish_parameters"
2026-09-09T19:23:19.550101Z DEBUG transparent_shard_server::runtime: runtime stage key=("73d46a59d0d03d7616f9a47e53b50448d4c5a3504e6e296600d8884c8c4403b8", Pages, 0) seconds=3.8077875519999997 stage="runtime_build"
2026-09-09T19:23:19.550127Z DEBUG transparent_shard_server::runtime: runtime stage key=("73d46a59d0d03d7616f9a47e53b50448d4c5a3504e6e296600d8884c8c4403b8", Pages, 0) reserved_bytes=136314880 stage="serialization_handoff"
2026-09-09T19:23:19.550267Z DEBUG transparent_shard_server::runtime: runtime stage key=("b16be2933ab920bc4745ea8917e5167a7a685c211e0b4febe88b4d3018f970bc", Pages, 0) seconds=2.644332459 stage="build_slot"
2026-09-09T19:23:19.550377Z DEBUG transparent_shard_server::memory: cold build admission wait seconds=8.0983e-5 admitted=true
2026-09-09T19:23:19.668084Z DEBUG transparent_shard_server::runtime: runtime stage key=("b16be2933ab920bc4745ea8917e5167a7a685c211e0b4febe88b4d3018f970bc", Directory, 0) seconds=0.136834804 stage="source_load"
2026-09-09T19:23:19.687899Z DEBUG transparent_shard_server::runtime: runtime stage key=("b16be2933ab920bc4745ea8917e5167a7a685c211e0b4febe88b4d3018f970bc", Pages, 0) seconds=0.137483924 stage="source_load"
2026-09-09T19:23:19.956306Z DEBUG transparent_shard_server::runtime: construction stage geometry="recent-8k" table="directory" seconds=0.288179251 stage="encode_database"
2026-09-09T19:23:19.956409Z DEBUG transparent_shard_server::runtime: construction stage geometry="recent-8k" table="directory" seconds=6.7829e-5 stage="public_setup"
2026-09-09T19:23:19.976366Z DEBUG transparent_shard_server::runtime: construction stage geometry="recent-8k" table="pages" seconds=0.288427766 stage="encode_database"
2026-09-09T19:23:19.976466Z DEBUG transparent_shard_server::runtime: construction stage geometry="recent-8k" table="pages" seconds=6.8545e-5 stage="public_setup"
2026-09-09T19:23:20.281059Z DEBUG transparent_shard_server::runtime: runtime stage key=("73d46a59d0d03d7616f9a47e53b50448d4c5a3504e6e296600d8884c8c4403b8", Directory, 0) seconds=0.749974833 stage="disk_save"
2026-09-09T19:23:20.282210Z DEBUG transparent_shard_server::runtime: runtime stage key=("16b8227360ce35dd2e111156f5e31fd5eb500ff877879a212fef6cf8471de8a5", Directory, 0) seconds=1.681e-6 stage="restore_slot"
2026-09-09T19:23:20.282369Z DEBUG transparent_shard_server::runtime: runtime stage key=("16b8227360ce35dd2e111156f5e31fd5eb500ff877879a212fef6cf8471de8a5", Directory, 0) seconds=3.5028e-5 hit=false stage="disk_restore"
2026-09-09T19:23:21.293190Z DEBUG transparent_shard_server::runtime: construction stage geometry="recent-8k" table="pages" seconds=1.316716409 stage="hint_columns"
2026-09-09T19:23:21.296239Z DEBUG transparent_shard_server::runtime: construction stage geometry="recent-8k" table="directory" seconds=1.33982328 stage="hint_columns"
2026-09-09T19:23:21.498831Z DEBUG transparent_shard_server::runtime: runtime stage key=("73d46a59d0d03d7616f9a47e53b50448d4c5a3504e6e296600d8884c8c4403b8", Pages, 0) seconds=1.948697869 stage="disk_save"
2026-09-09T19:23:21.498918Z DEBUG transparent_shard_server::runtime: runtime stage key=("16b8227360ce35dd2e111156f5e31fd5eb500ff877879a212fef6cf8471de8a5", Pages, 0) seconds=1.647e-6 stage="restore_slot"
2026-09-09T19:23:21.499072Z DEBUG transparent_shard_server::runtime: runtime stage key=("16b8227360ce35dd2e111156f5e31fd5eb500ff877879a212fef6cf8471de8a5", Pages, 0) seconds=3.8168e-5 hit=false stage="disk_restore"
2026-09-09T19:23:23.537767Z DEBUG transparent_shard_server::runtime: construction stage geometry="recent-8k" table="directory" seconds=2.241499963 stage="pack_preprocessing"
2026-09-09T19:23:23.538069Z DEBUG transparent_shard_server::runtime: construction stage geometry="recent-8k" table="directory" seconds=0.000263017 stage="publish_parameters"
2026-09-09T19:23:23.538832Z DEBUG transparent_shard_server::runtime: runtime stage key=("b16be2933ab920bc4745ea8917e5167a7a685c211e0b4febe88b4d3018f970bc", Directory, 0) seconds=3.870706458 stage="runtime_build"
2026-09-09T19:23:23.538859Z DEBUG transparent_shard_server::runtime: runtime stage key=("b16be2933ab920bc4745ea8917e5167a7a685c211e0b4febe88b4d3018f970bc", Directory, 0) reserved_bytes=136314880 stage="serialization_handoff"
2026-09-09T19:23:23.538888Z DEBUG transparent_shard_server::runtime: runtime stage key=("16b8227360ce35dd2e111156f5e31fd5eb500ff877879a212fef6cf8471de8a5", Directory, 0) seconds=3.256488289 stage="build_slot"
2026-09-09T19:23:23.538997Z DEBUG transparent_shard_server::memory: cold build admission wait seconds=8.5913e-5 admitted=true
2026-09-09T19:23:23.542204Z DEBUG transparent_shard_server::runtime: construction stage geometry="recent-8k" table="pages" seconds=2.248988403 stage="pack_preprocessing"
2026-09-09T19:23:23.542490Z DEBUG transparent_shard_server::runtime: construction stage geometry="recent-8k" table="pages" seconds=0.000261721 stage="publish_parameters"
2026-09-09T19:23:23.543191Z DEBUG transparent_shard_server::runtime: runtime stage key=("b16be2933ab920bc4745ea8917e5167a7a685c211e0b4febe88b4d3018f970bc", Pages, 0) seconds=3.855254614 stage="runtime_build"
2026-09-09T19:23:23.543215Z DEBUG transparent_shard_server::runtime: runtime stage key=("b16be2933ab920bc4745ea8917e5167a7a685c211e0b4febe88b4d3018f970bc", Pages, 0) reserved_bytes=136314880 stage="serialization_handoff"
2026-09-09T19:23:23.543254Z DEBUG transparent_shard_server::runtime: runtime stage key=("16b8227360ce35dd2e111156f5e31fd5eb500ff877879a212fef6cf8471de8a5", Pages, 0) seconds=2.044155227 stage="build_slot"
2026-09-09T19:23:23.543312Z DEBUG transparent_shard_server::memory: cold build admission wait seconds=5.3927e-5 admitted=true
2026-09-09T19:23:23.675795Z DEBUG transparent_shard_server::runtime: runtime stage key=("16b8227360ce35dd2e111156f5e31fd5eb500ff877879a212fef6cf8471de8a5", Directory, 0) seconds=0.136764823 stage="source_load"
2026-09-09T19:23:23.681039Z DEBUG transparent_shard_server::runtime: runtime stage key=("16b8227360ce35dd2e111156f5e31fd5eb500ff877879a212fef6cf8471de8a5", Pages, 0) seconds=0.13769805 stage="source_load"
2026-09-09T19:23:23.963192Z DEBUG transparent_shard_server::runtime: construction stage geometry="recent-8k" table="directory" seconds=0.287359792 stage="encode_database"
2026-09-09T19:23:23.963296Z DEBUG transparent_shard_server::runtime: construction stage geometry="recent-8k" table="directory" seconds=7.3647e-5 stage="public_setup"
2026-09-09T19:23:23.980070Z DEBUG transparent_shard_server::runtime: construction stage geometry="recent-8k" table="pages" seconds=0.298999054 stage="encode_database"
2026-09-09T19:23:23.980183Z DEBUG transparent_shard_server::runtime: construction stage geometry="recent-8k" table="pages" seconds=8.0934e-5 stage="public_setup"
2026-09-09T19:23:24.269096Z DEBUG transparent_shard_server::runtime: runtime stage key=("b16be2933ab920bc4745ea8917e5167a7a685c211e0b4febe88b4d3018f970bc", Directory, 0) seconds=0.730230488 stage="disk_save"
2026-09-09T19:23:24.269186Z DEBUG transparent_shard_server::runtime: runtime stage key=("1cd27964911287b2a127c1f8df5e6b0c19f5b4db309391c5adb2db3072bfec6e", Directory, 0) seconds=1.896e-6 stage="restore_slot"
2026-09-09T19:23:24.272214Z DEBUG transparent_shard_server::runtime: runtime stage key=("1cd27964911287b2a127c1f8df5e6b0c19f5b4db309391c5adb2db3072bfec6e", Directory, 0) seconds=2.64e-5 hit=false stage="disk_restore"
2026-09-09T19:23:25.282226Z DEBUG transparent_shard_server::runtime: construction stage geometry="recent-8k" table="pages" seconds=1.302034532 stage="hint_columns"
2026-09-09T19:23:25.288204Z DEBUG transparent_shard_server::runtime: construction stage geometry="recent-8k" table="directory" seconds=1.324902074 stage="hint_columns"
2026-09-09T19:23:25.531887Z DEBUG transparent_shard_server::runtime: runtime stage key=("b16be2933ab920bc4745ea8917e5167a7a685c211e0b4febe88b4d3018f970bc", Pages, 0) seconds=1.988665894 stage="disk_save"
2026-09-09T19:23:25.531985Z DEBUG transparent_shard_server::runtime: runtime stage key=("1cd27964911287b2a127c1f8df5e6b0c19f5b4db309391c5adb2db3072bfec6e", Pages, 0) seconds=2.328e-6 stage="restore_slot"
2026-09-09T19:23:25.532260Z DEBUG transparent_shard_server::runtime: runtime stage key=("1cd27964911287b2a127c1f8df5e6b0c19f5b4db309391c5adb2db3072bfec6e", Pages, 0) seconds=4.2296e-5 hit=false stage="disk_restore"
2026-09-09T19:23:27.559846Z DEBUG transparent_shard_server::runtime: construction stage geometry="recent-8k" table="directory" seconds=2.271614379 stage="pack_preprocessing"
2026-09-09T19:23:27.560124Z DEBUG transparent_shard_server::runtime: construction stage geometry="recent-8k" table="directory" seconds=0.000236892 stage="publish_parameters"
2026-09-09T19:23:27.560923Z DEBUG transparent_shard_server::runtime: runtime stage key=("16b8227360ce35dd2e111156f5e31fd5eb500ff877879a212fef6cf8471de8a5", Directory, 0) seconds=3.885093193 stage="runtime_build"
2026-09-09T19:23:27.560952Z DEBUG transparent_shard_server::runtime: runtime stage key=("16b8227360ce35dd2e111156f5e31fd5eb500ff877879a212fef6cf8471de8a5", Directory, 0) reserved_bytes=136314880 stage="serialization_handoff"
2026-09-09T19:23:27.564207Z DEBUG transparent_shard_server::runtime: runtime stage key=("1cd27964911287b2a127c1f8df5e6b0c19f5b4db309391c5adb2db3072bfec6e", Directory, 0) seconds=3.29102477 stage="build_slot"
2026-09-09T19:23:27.564302Z DEBUG transparent_shard_server::memory: cold build admission wait seconds=7.6022e-5 admitted=true
2026-09-09T19:23:27.567942Z DEBUG transparent_shard_server::runtime: construction stage geometry="recent-8k" table="pages" seconds=2.285680505 stage="pack_preprocessing"
2026-09-09T19:23:27.568238Z DEBUG transparent_shard_server::runtime: construction stage geometry="recent-8k" table="pages" seconds=0.000269466 stage="publish_parameters"
2026-09-09T19:23:27.568933Z DEBUG transparent_shard_server::runtime: runtime stage key=("16b8227360ce35dd2e111156f5e31fd5eb500ff877879a212fef6cf8471de8a5", Pages, 0) seconds=3.8878638580000002 stage="runtime_build"
2026-09-09T19:23:27.568957Z DEBUG transparent_shard_server::runtime: runtime stage key=("16b8227360ce35dd2e111156f5e31fd5eb500ff877879a212fef6cf8471de8a5", Pages, 0) reserved_bytes=136314880 stage="serialization_handoff"
2026-09-09T19:23:27.568979Z DEBUG transparent_shard_server::runtime: runtime stage key=("1cd27964911287b2a127c1f8df5e6b0c19f5b4db309391c5adb2db3072bfec6e", Pages, 0) seconds=2.036673935 stage="build_slot"
2026-09-09T19:23:27.569060Z DEBUG transparent_shard_server::memory: cold build admission wait seconds=6.8383e-5 admitted=true
2026-09-09T19:23:27.700991Z DEBUG transparent_shard_server::runtime: runtime stage key=("1cd27964911287b2a127c1f8df5e6b0c19f5b4db309391c5adb2db3072bfec6e", Directory, 0) seconds=0.136633823 stage="source_load"
2026-09-09T19:23:27.709766Z DEBUG transparent_shard_server::runtime: runtime stage key=("1cd27964911287b2a127c1f8df5e6b0c19f5b4db309391c5adb2db3072bfec6e", Pages, 0) seconds=0.140677793 stage="source_load"
2026-09-09T19:23:27.989371Z DEBUG transparent_shard_server::runtime: construction stage geometry="recent-8k" table="directory" seconds=0.288349072 stage="encode_database"
2026-09-09T19:23:27.989473Z DEBUG transparent_shard_server::runtime: construction stage geometry="recent-8k" table="directory" seconds=7.2227e-5 stage="public_setup"
2026-09-09T19:23:28.017554Z DEBUG transparent_shard_server::runtime: construction stage geometry="recent-8k" table="pages" seconds=0.307758545 stage="encode_database"
2026-09-09T19:23:28.017666Z DEBUG transparent_shard_server::runtime: construction stage geometry="recent-8k" table="pages" seconds=8.0627e-5 stage="public_setup"
2026-09-09T19:23:28.285576Z DEBUG transparent_shard_server::runtime: runtime stage key=("16b8227360ce35dd2e111156f5e31fd5eb500ff877879a212fef6cf8471de8a5", Directory, 0) seconds=0.724618026 stage="disk_save"
2026-09-09T19:23:28.285641Z DEBUG transparent_shard_server::runtime: runtime stage key=("27f56c565263ecffb8c7736d4e811665d81bf4ed71c7978431fcc4f45b645ee1", Directory, 0) seconds=1.859e-6 stage="restore_slot"
2026-09-09T19:23:28.287210Z DEBUG transparent_shard_server::runtime: runtime stage key=("27f56c565263ecffb8c7736d4e811665d81bf4ed71c7978431fcc4f45b645ee1", Directory, 0) seconds=3.4404e-5 hit=false stage="disk_restore"
2026-09-09T19:23:29.289259Z DEBUG transparent_shard_server::runtime: construction stage geometry="recent-8k" table="pages" seconds=1.2715866 stage="hint_columns"
2026-09-09T19:23:29.292214Z DEBUG transparent_shard_server::runtime: construction stage geometry="recent-8k" table="directory" seconds=1.302735165 stage="hint_columns"
2026-09-09T19:23:29.498504Z DEBUG transparent_shard_server::runtime: runtime stage key=("16b8227360ce35dd2e111156f5e31fd5eb500ff877879a212fef6cf8471de8a5", Pages, 0) seconds=1.929540948 stage="disk_save"
2026-09-09T19:23:29.498627Z DEBUG transparent_shard_server::runtime: runtime stage key=("27f56c565263ecffb8c7736d4e811665d81bf4ed71c7978431fcc4f45b645ee1", Pages, 0) seconds=1.755e-6 stage="restore_slot"
2026-09-09T19:23:29.498790Z DEBUG transparent_shard_server::runtime: runtime stage key=("27f56c565263ecffb8c7736d4e811665d81bf4ed71c7978431fcc4f45b645ee1", Pages, 0) seconds=3.9669e-5 hit=false stage="disk_restore"
2026-09-09T19:23:31.549345Z DEBUG transparent_shard_server::runtime: construction stage geometry="recent-8k" table="directory" seconds=2.257107005 stage="pack_preprocessing"
2026-09-09T19:23:31.549643Z DEBUG transparent_shard_server::runtime: construction stage geometry="recent-8k" table="directory" seconds=0.000252206 stage="publish_parameters"
2026-09-09T19:23:31.550470Z DEBUG transparent_shard_server::runtime: runtime stage key=("1cd27964911287b2a127c1f8df5e6b0c19f5b4db309391c5adb2db3072bfec6e", Directory, 0) seconds=3.849448973 stage="runtime_build"
2026-09-09T19:23:31.550501Z DEBUG transparent_shard_server::runtime: runtime stage key=("1cd27964911287b2a127c1f8df5e6b0c19f5b4db309391c5adb2db3072bfec6e", Directory, 0) reserved_bytes=136314880 stage="serialization_handoff"
2026-09-09T19:23:31.550538Z DEBUG transparent_shard_server::runtime: runtime stage key=("27f56c565263ecffb8c7736d4e811665d81bf4ed71c7978431fcc4f45b645ee1", Directory, 0) seconds=3.262291098 stage="build_slot"
2026-09-09T19:23:31.550645Z DEBUG transparent_shard_server::memory: cold build admission wait seconds=7.916e-5 admitted=true
2026-09-09T19:23:31.554393Z DEBUG transparent_shard_server::runtime: construction stage geometry="recent-8k" table="pages" seconds=2.265102795 stage="pack_preprocessing"
2026-09-09T19:23:31.554705Z DEBUG transparent_shard_server::runtime: construction stage geometry="recent-8k" table="pages" seconds=0.000258001 stage="publish_parameters"
2026-09-09T19:23:31.555501Z DEBUG transparent_shard_server::runtime: runtime stage key=("1cd27964911287b2a127c1f8df5e6b0c19f5b4db309391c5adb2db3072bfec6e", Pages, 0) seconds=3.845706645 stage="runtime_build"
2026-09-09T19:23:31.555531Z DEBUG transparent_shard_server::runtime: runtime stage key=("1cd27964911287b2a127c1f8df5e6b0c19f5b4db309391c5adb2db3072bfec6e", Pages, 0) reserved_bytes=136314880 stage="serialization_handoff"
2026-09-09T19:23:31.557210Z DEBUG transparent_shard_server::runtime: runtime stage key=("27f56c565263ecffb8c7736d4e811665d81bf4ed71c7978431fcc4f45b645ee1", Pages, 0) seconds=2.058378095 stage="build_slot"
2026-09-09T19:23:31.557332Z DEBUG transparent_shard_server::memory: cold build admission wait seconds=9.5639e-5 admitted=true
2026-09-09T19:23:31.687748Z DEBUG transparent_shard_server::runtime: runtime stage key=("27f56c565263ecffb8c7736d4e811665d81bf4ed71c7978431fcc4f45b645ee1", Directory, 0) seconds=0.137082177 stage="source_load"
2026-09-09T19:23:31.694698Z DEBUG transparent_shard_server::runtime: runtime stage key=("27f56c565263ecffb8c7736d4e811665d81bf4ed71c7978431fcc4f45b645ee1", Pages, 0) seconds=0.137308884 stage="source_load"
2026-09-09T19:23:31.987028Z DEBUG transparent_shard_server::runtime: construction stage geometry="recent-8k" table="directory" seconds=0.299248748 stage="encode_database"
2026-09-09T19:23:31.987158Z DEBUG transparent_shard_server::runtime: construction stage geometry="recent-8k" table="directory" seconds=8.1357e-5 stage="public_setup"
2026-09-09T19:23:31.996204Z DEBUG transparent_shard_server::runtime: construction stage geometry="recent-8k" table="pages" seconds=0.301468855 stage="encode_database"
2026-09-09T19:23:31.996303Z DEBUG transparent_shard_server::runtime: construction stage geometry="recent-8k" table="pages" seconds=7.249e-5 stage="public_setup"
2026-09-09T19:23:32.276239Z DEBUG transparent_shard_server::runtime: runtime stage key=("1cd27964911287b2a127c1f8df5e6b0c19f5b4db309391c5adb2db3072bfec6e", Directory, 0) seconds=0.725732102 stage="disk_save"
2026-09-09T19:23:32.276324Z DEBUG transparent_shard_server::runtime: runtime stage key=("ced665ae1f1140944bcd0c9aa2b83c1019df768df87fa513f9509106fc5b88c1", Directory, 0) seconds=2.344e-6 stage="restore_slot"
2026-09-09T19:23:32.276449Z DEBUG transparent_shard_server::runtime: runtime stage key=("ced665ae1f1140944bcd0c9aa2b83c1019df768df87fa513f9509106fc5b88c1", Directory, 0) seconds=2.4494e-5 hit=false stage="disk_restore"
2026-09-09T19:23:33.299220Z DEBUG transparent_shard_server::runtime: construction stage geometry="recent-8k" table="pages" seconds=1.302910649 stage="hint_columns"
2026-09-09T19:23:33.305228Z DEBUG transparent_shard_server::runtime: construction stage geometry="recent-8k" table="directory" seconds=1.318038856 stage="hint_columns"
2026-09-09T19:23:33.502384Z DEBUG transparent_shard_server::runtime: runtime stage key=("1cd27964911287b2a127c1f8df5e6b0c19f5b4db309391c5adb2db3072bfec6e", Pages, 0) seconds=1.946844804 stage="disk_save"
2026-09-09T19:23:33.502472Z DEBUG transparent_shard_server::runtime: runtime stage key=("ced665ae1f1140944bcd0c9aa2b83c1019df768df87fa513f9509106fc5b88c1", Pages, 0) seconds=1.671e-6 stage="restore_slot"
2026-09-09T19:23:33.502644Z DEBUG transparent_shard_server::runtime: runtime stage key=("ced665ae1f1140944bcd0c9aa2b83c1019df768df87fa513f9509106fc5b88c1", Pages, 0) seconds=4.0376e-5 hit=false stage="disk_restore"
2026-09-09T19:23:35.466915Z DEBUG transparent_shard_server::runtime: construction stage geometry="recent-8k" table="directory" seconds=2.161652093 stage="pack_preprocessing"
2026-09-09T19:23:35.470232Z DEBUG transparent_shard_server::runtime: construction stage geometry="recent-8k" table="directory" seconds=0.003275036 stage="publish_parameters"
2026-09-09T19:23:35.471097Z DEBUG transparent_shard_server::runtime: runtime stage key=("27f56c565263ecffb8c7736d4e811665d81bf4ed71c7978431fcc4f45b645ee1", Directory, 0) seconds=3.783319408 stage="runtime_build"
2026-09-09T19:23:35.471127Z DEBUG transparent_shard_server::runtime: runtime stage key=("27f56c565263ecffb8c7736d4e811665d81bf4ed71c7978431fcc4f45b645ee1", Directory, 0) reserved_bytes=136314880 stage="serialization_handoff"
2026-09-09T19:23:35.471155Z DEBUG transparent_shard_server::runtime: runtime stage key=("ced665ae1f1140944bcd0c9aa2b83c1019df768df87fa513f9509106fc5b88c1", Directory, 0) seconds=3.194685906 stage="build_slot"
2026-09-09T19:23:35.471287Z DEBUG transparent_shard_server::memory: cold build admission wait seconds=8.6752e-5 admitted=true
2026-09-09T19:23:35.664926Z DEBUG transparent_shard_server::runtime: runtime stage key=("ced665ae1f1140944bcd0c9aa2b83c1019df768df87fa513f9509106fc5b88c1", Directory, 0) seconds=0.193608394 stage="source_load"
2026-09-09T19:23:35.955190Z DEBUG transparent_shard_server::runtime: construction stage geometry="recent-8k" table="directory" seconds=0.290226451 stage="encode_database"
2026-09-09T19:23:35.955323Z DEBUG transparent_shard_server::runtime: construction stage geometry="recent-8k" table="directory" seconds=7.1493e-5 stage="public_setup"
2026-09-09T19:23:36.265203Z DEBUG transparent_shard_server::runtime: runtime stage key=("27f56c565263ecffb8c7736d4e811665d81bf4ed71c7978431fcc4f45b645ee1", Directory, 0) seconds=0.794070229 stage="disk_save"
2026-09-09T19:23:36.265298Z DEBUG transparent_shard_server::runtime: runtime stage key=("2d4497bf9e8bafc6139ee4e57114238a7ecfa0782702939922bf2a79b1fe05bf", Directory, 0) seconds=2.426e-6 stage="restore_slot"
2026-09-09T19:23:36.268216Z DEBUG transparent_shard_server::runtime: runtime stage key=("2d4497bf9e8bafc6139ee4e57114238a7ecfa0782702939922bf2a79b1fe05bf", Directory, 0) seconds=4.3008e-5 hit=false stage="disk_restore"
2026-09-09T19:23:36.678679Z DEBUG transparent_shard_server::runtime: construction stage geometry="recent-8k" table="pages" seconds=3.37941471 stage="pack_preprocessing"
2026-09-09T19:23:36.679000Z DEBUG transparent_shard_server::runtime: construction stage geometry="recent-8k" table="pages" seconds=0.000279334 stage="publish_parameters"
2026-09-09T19:23:36.680710Z DEBUG transparent_shard_server::runtime: runtime stage key=("27f56c565263ecffb8c7736d4e811665d81bf4ed71c7978431fcc4f45b645ee1", Pages, 0) seconds=4.985975588 stage="runtime_build"
2026-09-09T19:23:36.680742Z DEBUG transparent_shard_server::runtime: runtime stage key=("27f56c565263ecffb8c7736d4e811665d81bf4ed71c7978431fcc4f45b645ee1", Pages, 0) reserved_bytes=136314880 stage="serialization_handoff"
2026-09-09T19:23:36.680765Z DEBUG transparent_shard_server::runtime: runtime stage key=("ced665ae1f1140944bcd0c9aa2b83c1019df768df87fa513f9509106fc5b88c1", Pages, 0) seconds=3.178091243 stage="build_slot"
2026-09-09T19:23:36.680878Z DEBUG transparent_shard_server::memory: cold build admission wait seconds=9.1192e-5 admitted=true
2026-09-09T19:23:36.935219Z DEBUG transparent_shard_server::runtime: construction stage geometry="recent-8k" table="directory" seconds=0.979887009 stage="hint_columns"
2026-09-09T19:23:36.945682Z DEBUG transparent_shard_server::runtime: runtime stage key=("ced665ae1f1140944bcd0c9aa2b83c1019df768df87fa513f9509106fc5b88c1", Pages, 0) seconds=0.262510504 stage="source_load"
2026-09-09T19:23:37.244014Z DEBUG transparent_shard_server::runtime: construction stage geometry="recent-8k" table="pages" seconds=0.298303898 stage="encode_database"
2026-09-09T19:23:37.244131Z DEBUG transparent_shard_server::runtime: construction stage geometry="recent-8k" table="pages" seconds=8.5707e-5 stage="public_setup"
2026-09-09T19:23:37.537635Z DEBUG transparent_shard_server::runtime: runtime stage key=("27f56c565263ecffb8c7736d4e811665d81bf4ed71c7978431fcc4f45b645ee1", Pages, 0) seconds=0.856885731 stage="disk_save"
2026-09-09T19:23:37.537719Z DEBUG transparent_shard_server::runtime: runtime stage key=("2d4497bf9e8bafc6139ee4e57114238a7ecfa0782702939922bf2a79b1fe05bf", Pages, 0) seconds=1.954e-6 stage="restore_slot"
2026-09-09T19:23:37.537877Z DEBUG transparent_shard_server::runtime: runtime stage key=("2d4497bf9e8bafc6139ee4e57114238a7ecfa0782702939922bf2a79b1fe05bf", Pages, 0) seconds=4.0723e-5 hit=false stage="disk_restore"
2026-09-09T19:23:38.095585Z DEBUG transparent_shard_server::runtime: construction stage geometry="recent-8k" table="pages" seconds=0.851447502 stage="hint_columns"
2026-09-09T19:23:39.305777Z DEBUG transparent_shard_server::runtime: construction stage geometry="recent-8k" table="directory" seconds=2.370523452 stage="pack_preprocessing"
2026-09-09T19:23:39.306069Z DEBUG transparent_shard_server::runtime: construction stage geometry="recent-8k" table="directory" seconds=0.000254992 stage="publish_parameters"
2026-09-09T19:23:39.309809Z DEBUG transparent_shard_server::runtime: runtime stage key=("ced665ae1f1140944bcd0c9aa2b83c1019df768df87fa513f9509106fc5b88c1", Directory, 0) seconds=3.64484648 stage="runtime_build"
2026-09-09T19:23:39.309854Z DEBUG transparent_shard_server::runtime: runtime stage key=("ced665ae1f1140944bcd0c9aa2b83c1019df768df87fa513f9509106fc5b88c1", Directory, 0) reserved_bytes=136314880 stage="serialization_handoff"
2026-09-09T19:23:39.309881Z DEBUG transparent_shard_server::runtime: runtime stage key=("2d4497bf9e8bafc6139ee4e57114238a7ecfa0782702939922bf2a79b1fe05bf", Directory, 0) seconds=3.041616872 stage="build_slot"
2026-09-09T19:23:39.309979Z DEBUG transparent_shard_server::memory: cold build admission wait seconds=7.5704e-5 admitted=true
2026-09-09T19:23:39.505502Z DEBUG transparent_shard_server::runtime: runtime stage key=("2d4497bf9e8bafc6139ee4e57114238a7ecfa0782702939922bf2a79b1fe05bf", Directory, 0) seconds=0.195494776 stage="source_load"
2026-09-09T19:23:39.808546Z DEBUG transparent_shard_server::runtime: construction stage geometry="recent-8k" table="directory" seconds=0.303002988 stage="encode_database"
2026-09-09T19:23:39.808653Z DEBUG transparent_shard_server::runtime: construction stage geometry="recent-8k" table="directory" seconds=7.543e-5 stage="public_setup"
2026-09-09T19:23:40.031192Z DEBUG transparent_shard_server::runtime: runtime stage key=("ced665ae1f1140944bcd0c9aa2b83c1019df768df87fa513f9509106fc5b88c1", Directory, 0) seconds=0.721331503 stage="disk_save"
2026-09-09T19:23:40.031277Z DEBUG transparent_shard_server::runtime: runtime stage key=("a4bd72b37c0aafb265c77bb09cbc402cf69b65a87a1fabc8a0f12614b35469be", Directory, 0) seconds=1.991e-6 stage="restore_slot"
2026-09-09T19:23:40.031429Z DEBUG transparent_shard_server::runtime: runtime stage key=("a4bd72b37c0aafb265c77bb09cbc402cf69b65a87a1fabc8a0f12614b35469be", Directory, 0) seconds=3.9983e-5 hit=false stage="disk_restore"
2026-09-09T19:23:40.694894Z DEBUG transparent_shard_server::runtime: construction stage geometry="recent-8k" table="directory" seconds=0.88623361 stage="hint_columns"
2026-09-09T19:23:40.697509Z DEBUG transparent_shard_server::runtime: construction stage geometry="recent-8k" table="pages" seconds=2.601880257 stage="pack_preprocessing"
2026-09-09T19:23:40.697801Z DEBUG transparent_shard_server::runtime: construction stage geometry="recent-8k" table="pages" seconds=0.000257941 stage="publish_parameters"
2026-09-09T19:23:40.698579Z DEBUG transparent_shard_server::runtime: runtime stage key=("ced665ae1f1140944bcd0c9aa2b83c1019df768df87fa513f9509106fc5b88c1", Pages, 0) seconds=3.752870713 stage="runtime_build"
2026-09-09T19:23:40.698623Z DEBUG transparent_shard_server::runtime: runtime stage key=("2d4497bf9e8bafc6139ee4e57114238a7ecfa0782702939922bf2a79b1fe05bf", Pages, 0) seconds=3.155417186 stage="build_slot"
2026-09-09T19:23:40.698709Z DEBUG transparent_shard_server::memory: cold build admission wait seconds=8.1166e-5 admitted=true
2026-09-09T19:23:40.698734Z DEBUG transparent_shard_server::runtime: runtime stage key=("ced665ae1f1140944bcd0c9aa2b83c1019df768df87fa513f9509106fc5b88c1", Pages, 0) reserved_bytes=136314880 stage="serialization_handoff"
2026-09-09T19:23:40.840284Z DEBUG transparent_shard_server::runtime: runtime stage key=("2d4497bf9e8bafc6139ee4e57114238a7ecfa0782702939922bf2a79b1fe05bf", Pages, 0) seconds=0.13910471 stage="source_load"
2026-09-09T19:23:41.139114Z DEBUG transparent_shard_server::runtime: construction stage geometry="recent-8k" table="pages" seconds=0.298794958 stage="encode_database"
2026-09-09T19:23:41.139233Z DEBUG transparent_shard_server::runtime: construction stage geometry="recent-8k" table="pages" seconds=8.3192e-5 stage="public_setup"
2026-09-09T19:23:41.414473Z DEBUG transparent_shard_server::runtime: runtime stage key=("ced665ae1f1140944bcd0c9aa2b83c1019df768df87fa513f9509106fc5b88c1", Pages, 0) seconds=0.715733633 stage="disk_save"
2026-09-09T19:23:41.414540Z DEBUG transparent_shard_server::runtime: runtime stage key=("a4bd72b37c0aafb265c77bb09cbc402cf69b65a87a1fabc8a0f12614b35469be", Pages, 0) seconds=1.964e-6 stage="restore_slot"
2026-09-09T19:23:41.414672Z DEBUG transparent_shard_server::runtime: runtime stage key=("a4bd72b37c0aafb265c77bb09cbc402cf69b65a87a1fabc8a0f12614b35469be", Pages, 0) seconds=4.3072e-5 hit=false stage="disk_restore"
2026-09-09T19:23:41.953351Z DEBUG transparent_shard_server::runtime: construction stage geometry="recent-8k" table="pages" seconds=0.814109821 stage="hint_columns"
2026-09-09T19:23:43.151948Z DEBUG transparent_shard_server::runtime: construction stage geometry="recent-8k" table="directory" seconds=2.457011051 stage="pack_preprocessing"
2026-09-09T19:23:43.152250Z DEBUG transparent_shard_server::runtime: construction stage geometry="recent-8k" table="directory" seconds=0.000263058 stage="publish_parameters"
2026-09-09T19:23:43.152987Z DEBUG transparent_shard_server::runtime: runtime stage key=("2d4497bf9e8bafc6139ee4e57114238a7ecfa0782702939922bf2a79b1fe05bf", Directory, 0) seconds=3.647446557 stage="runtime_build"
2026-09-09T19:23:43.153026Z DEBUG transparent_shard_server::runtime: runtime stage key=("2d4497bf9e8bafc6139ee4e57114238a7ecfa0782702939922bf2a79b1fe05bf", Directory, 0) reserved_bytes=136314880 stage="serialization_handoff"
2026-09-09T19:23:43.153053Z DEBUG transparent_shard_server::runtime: runtime stage key=("a4bd72b37c0aafb265c77bb09cbc402cf69b65a87a1fabc8a0f12614b35469be", Directory, 0) seconds=3.121595049 stage="build_slot"
2026-09-09T19:23:43.153168Z DEBUG transparent_shard_server::memory: cold build admission wait seconds=8.3249e-5 admitted=true
2026-09-09T19:23:43.337515Z DEBUG transparent_shard_server::runtime: runtime stage key=("a4bd72b37c0aafb265c77bb09cbc402cf69b65a87a1fabc8a0f12614b35469be", Directory, 0) seconds=0.184313718 stage="source_load"
2026-09-09T19:23:43.638080Z DEBUG transparent_shard_server::runtime: construction stage geometry="recent-8k" table="directory" seconds=0.30052423 stage="encode_database"
2026-09-09T19:23:43.638201Z DEBUG transparent_shard_server::runtime: construction stage geometry="recent-8k" table="directory" seconds=8.5532e-5 stage="public_setup"
2026-09-09T19:23:44.137183Z DEBUG transparent_shard_server::runtime: runtime stage key=("2d4497bf9e8bafc6139ee4e57114238a7ecfa0782702939922bf2a79b1fe05bf", Directory, 0) seconds=0.984150074 stage="disk_save"
2026-09-09T19:23:44.137265Z DEBUG transparent_shard_server::runtime: runtime stage key=("c907a0aa45b2551520863990845279fd25135889865e088c2dad6ea0d32b8fde", Directory, 0) seconds=1.728e-6 stage="restore_slot"
2026-09-09T19:23:44.137407Z DEBUG transparent_shard_server::runtime: runtime stage key=("c907a0aa45b2551520863990845279fd25135889865e088c2dad6ea0d32b8fde", Directory, 0) seconds=3.0621e-5 hit=false stage="disk_restore"
2026-09-09T19:23:44.265624Z DEBUG transparent_shard_server::runtime: construction stage geometry="recent-8k" table="pages" seconds=2.31223202 stage="pack_preprocessing"
2026-09-09T19:23:44.265915Z DEBUG transparent_shard_server::runtime: construction stage geometry="recent-8k" table="pages" seconds=0.000252705 stage="publish_parameters"
2026-09-09T19:23:44.269778Z DEBUG transparent_shard_server::runtime: runtime stage key=("2d4497bf9e8bafc6139ee4e57114238a7ecfa0782702939922bf2a79b1fe05bf", Pages, 0) seconds=3.429460637 stage="runtime_build"
2026-09-09T19:23:44.269822Z DEBUG transparent_shard_server::runtime: runtime stage key=("a4bd72b37c0aafb265c77bb09cbc402cf69b65a87a1fabc8a0f12614b35469be", Pages, 0) seconds=2.855115378 stage="build_slot"
2026-09-09T19:23:44.269913Z DEBUG transparent_shard_server::memory: cold build admission wait seconds=8.6792e-5 admitted=true
2026-09-09T19:23:44.269935Z DEBUG transparent_shard_server::runtime: runtime stage key=("2d4497bf9e8bafc6139ee4e57114238a7ecfa0782702939922bf2a79b1fe05bf", Pages, 0) reserved_bytes=136314880 stage="serialization_handoff"
2026-09-09T19:23:44.539413Z DEBUG transparent_shard_server::runtime: runtime stage key=("a4bd72b37c0aafb265c77bb09cbc402cf69b65a87a1fabc8a0f12614b35469be", Pages, 0) seconds=0.269473008 stage="source_load"
2026-09-09T19:23:44.634217Z DEBUG transparent_shard_server::runtime: construction stage geometry="recent-8k" table="directory" seconds=0.996002135 stage="hint_columns"
2026-09-09T19:23:44.870149Z DEBUG transparent_shard_server::runtime: construction stage geometry="recent-8k" table="pages" seconds=0.330697768 stage="encode_database"
2026-09-09T19:23:44.870257Z DEBUG transparent_shard_server::runtime: construction stage geometry="recent-8k" table="pages" seconds=7.5626e-5 stage="public_setup"
2026-09-09T19:23:45.169431Z DEBUG transparent_shard_server::runtime: runtime stage key=("2d4497bf9e8bafc6139ee4e57114238a7ecfa0782702939922bf2a79b1fe05bf", Pages, 0) seconds=0.899488711 stage="disk_save"
2026-09-09T19:23:45.169503Z DEBUG transparent_shard_server::runtime: runtime stage key=("c907a0aa45b2551520863990845279fd25135889865e088c2dad6ea0d32b8fde", Pages, 0) seconds=2.182e-6 stage="restore_slot"
2026-09-09T19:23:45.171251Z DEBUG transparent_shard_server::runtime: runtime stage key=("c907a0aa45b2551520863990845279fd25135889865e088c2dad6ea0d32b8fde", Pages, 0) seconds=4.5691e-5 hit=false stage="disk_restore"
2026-09-09T19:23:45.830467Z DEBUG transparent_shard_server::runtime: construction stage geometry="recent-8k" table="pages" seconds=0.960201768 stage="hint_columns"
2026-09-09T19:23:46.925871Z DEBUG transparent_shard_server::runtime: construction stage geometry="recent-8k" table="directory" seconds=2.291619645 stage="pack_preprocessing"
2026-09-09T19:23:46.929207Z DEBUG transparent_shard_server::runtime: construction stage geometry="recent-8k" table="directory" seconds=0.003293129 stage="publish_parameters"
2026-09-09T19:23:46.930016Z DEBUG transparent_shard_server::runtime: runtime stage key=("a4bd72b37c0aafb265c77bb09cbc402cf69b65a87a1fabc8a0f12614b35469be", Directory, 0) seconds=3.592461649 stage="runtime_build"
2026-09-09T19:23:46.930042Z DEBUG transparent_shard_server::runtime: runtime stage key=("a4bd72b37c0aafb265c77bb09cbc402cf69b65a87a1fabc8a0f12614b35469be", Directory, 0) reserved_bytes=136314880 stage="serialization_handoff"
2026-09-09T19:23:46.930074Z DEBUG transparent_shard_server::runtime: runtime stage key=("c907a0aa45b2551520863990845279fd25135889865e088c2dad6ea0d32b8fde", Directory, 0) seconds=2.792646788 stage="build_slot"
2026-09-09T19:23:46.930180Z DEBUG transparent_shard_server::memory: cold build admission wait seconds=8.346e-5 admitted=true
2026-09-09T19:23:47.159562Z DEBUG transparent_shard_server::runtime: runtime stage key=("c907a0aa45b2551520863990845279fd25135889865e088c2dad6ea0d32b8fde", Directory, 0) seconds=0.229351529 stage="source_load"
2026-09-09T19:23:47.466395Z DEBUG transparent_shard_server::runtime: construction stage geometry="recent-8k" table="directory" seconds=0.306800105 stage="encode_database"
2026-09-09T19:23:47.466497Z DEBUG transparent_shard_server::runtime: construction stage geometry="recent-8k" table="directory" seconds=7.0178e-5 stage="public_setup"
2026-09-09T19:23:47.705460Z DEBUG transparent_shard_server::runtime: runtime stage key=("a4bd72b37c0aafb265c77bb09cbc402cf69b65a87a1fabc8a0f12614b35469be", Directory, 0) seconds=0.775411027 stage="disk_save"
2026-09-09T19:23:47.705554Z DEBUG transparent_shard_server::runtime: runtime stage key=("67574e8d4c7f7c258f8c7488f73e80a9476f8074c3db3540325133ff25020c2b", Directory, 0) seconds=2.051e-6 stage="restore_slot"
2026-09-09T19:23:47.705697Z DEBUG transparent_shard_server::runtime: runtime stage key=("67574e8d4c7f7c258f8c7488f73e80a9476f8074c3db3540325133ff25020c2b", Directory, 0) seconds=3.6111e-5 hit=false stage="disk_restore"
2026-09-09T19:23:48.374141Z DEBUG transparent_shard_server::runtime: construction stage geometry="recent-8k" table="directory" seconds=0.907637617 stage="hint_columns"
2026-09-09T19:23:48.376731Z DEBUG transparent_shard_server::runtime: construction stage geometry="recent-8k" table="pages" seconds=2.546222184 stage="pack_preprocessing"
2026-09-09T19:23:48.377056Z DEBUG transparent_shard_server::runtime: construction stage geometry="recent-8k" table="pages" seconds=0.000290092 stage="publish_parameters"
2026-09-09T19:23:48.377826Z DEBUG transparent_shard_server::runtime: runtime stage key=("a4bd72b37c0aafb265c77bb09cbc402cf69b65a87a1fabc8a0f12614b35469be", Pages, 0) seconds=3.8383762839999997 stage="runtime_build"
2026-09-09T19:23:48.377861Z DEBUG transparent_shard_server::runtime: runtime stage key=("a4bd72b37c0aafb265c77bb09cbc402cf69b65a87a1fabc8a0f12614b35469be", Pages, 0) reserved_bytes=136314880 stage="serialization_handoff"
2026-09-09T19:23:48.380209Z DEBUG transparent_shard_server::runtime: runtime stage key=("c907a0aa45b2551520863990845279fd25135889865e088c2dad6ea0d32b8fde", Pages, 0) seconds=3.208900999 stage="build_slot"
2026-09-09T19:23:48.380315Z DEBUG transparent_shard_server::memory: cold build admission wait seconds=8.0794e-5 admitted=true
2026-09-09T19:23:48.523437Z DEBUG transparent_shard_server::runtime: runtime stage key=("c907a0aa45b2551520863990845279fd25135889865e088c2dad6ea0d32b8fde", Pages, 0) seconds=0.140247263 stage="source_load"
2026-09-09T19:23:48.831025Z DEBUG transparent_shard_server::runtime: construction stage geometry="recent-8k" table="pages" seconds=0.307529313 stage="encode_database"
2026-09-09T19:23:48.831141Z DEBUG transparent_shard_server::runtime: construction stage geometry="recent-8k" table="pages" seconds=7.8598e-5 stage="public_setup"
2026-09-09T19:23:49.104864Z DEBUG transparent_shard_server::runtime: runtime stage key=("a4bd72b37c0aafb265c77bb09cbc402cf69b65a87a1fabc8a0f12614b35469be", Pages, 0) seconds=0.726996469 stage="disk_save"
2026-09-09T19:23:49.104953Z DEBUG transparent_shard_server::runtime: runtime stage key=("67574e8d4c7f7c258f8c7488f73e80a9476f8074c3db3540325133ff25020c2b", Pages, 0) seconds=1.846e-6 stage="restore_slot"
2026-09-09T19:23:49.108224Z DEBUG transparent_shard_server::runtime: runtime stage key=("67574e8d4c7f7c258f8c7488f73e80a9476f8074c3db3540325133ff25020c2b", Pages, 0) seconds=4.9439e-5 hit=false stage="disk_restore"
2026-09-09T19:23:49.659194Z DEBUG transparent_shard_server::runtime: construction stage geometry="recent-8k" table="pages" seconds=0.828045996 stage="hint_columns"
2026-09-09T19:23:50.830798Z DEBUG transparent_shard_server::runtime: construction stage geometry="recent-8k" table="directory" seconds=2.456600944 stage="pack_preprocessing"
2026-09-09T19:23:50.831089Z DEBUG transparent_shard_server::runtime: construction stage geometry="recent-8k" table="directory" seconds=0.000251548 stage="publish_parameters"
2026-09-09T19:23:50.831763Z DEBUG transparent_shard_server::runtime: runtime stage key=("c907a0aa45b2551520863990845279fd25135889865e088c2dad6ea0d32b8fde", Directory, 0) seconds=3.672171092 stage="runtime_build"
2026-09-09T19:23:50.831805Z DEBUG transparent_shard_server::runtime: runtime stage key=("67574e8d4c7f7c258f8c7488f73e80a9476f8074c3db3540325133ff25020c2b", Directory, 0) seconds=3.126089487 stage="build_slot"
2026-09-09T19:23:50.831889Z DEBUG transparent_shard_server::memory: cold build admission wait seconds=7.7148e-5 admitted=true
2026-09-09T19:23:50.833667Z DEBUG transparent_shard_server::runtime: runtime stage key=("c907a0aa45b2551520863990845279fd25135889865e088c2dad6ea0d32b8fde", Directory, 0) reserved_bytes=136314880 stage="serialization_handoff"
2026-09-09T19:23:51.038154Z DEBUG transparent_shard_server::runtime: runtime stage key=("67574e8d4c7f7c258f8c7488f73e80a9476f8074c3db3540325133ff25020c2b", Directory, 0) seconds=0.204978183 stage="source_load"
2026-09-09T19:23:51.336029Z DEBUG transparent_shard_server::runtime: construction stage geometry="recent-8k" table="directory" seconds=0.297841405 stage="encode_database"
2026-09-09T19:23:51.336142Z DEBUG transparent_shard_server::runtime: construction stage geometry="recent-8k" table="directory" seconds=8.618e-5 stage="public_setup"
2026-09-09T19:23:51.569519Z DEBUG transparent_shard_server::runtime: runtime stage key=("c907a0aa45b2551520863990845279fd25135889865e088c2dad6ea0d32b8fde", Directory, 0) seconds=0.735836007 stage="disk_save"
2026-09-09T19:23:52.209533Z DEBUG transparent_shard_server::runtime: construction stage geometry="recent-8k" table="pages" seconds=2.5502940020000002 stage="pack_preprocessing"
2026-09-09T19:23:52.209831Z DEBUG transparent_shard_server::runtime: construction stage geometry="recent-8k" table="pages" seconds=0.000258815 stage="publish_parameters"
2026-09-09T19:23:52.209922Z DEBUG transparent_shard_server::runtime: construction stage geometry="recent-8k" table="directory" seconds=0.873773641 stage="hint_columns"
2026-09-09T19:23:52.210574Z DEBUG transparent_shard_server::runtime: runtime stage key=("c907a0aa45b2551520863990845279fd25135889865e088c2dad6ea0d32b8fde", Pages, 0) seconds=3.687080831 stage="runtime_build"
2026-09-09T19:23:52.210609Z DEBUG transparent_shard_server::runtime: runtime stage key=("c907a0aa45b2551520863990845279fd25135889865e088c2dad6ea0d32b8fde", Pages, 0) reserved_bytes=136314880 stage="serialization_handoff"
2026-09-09T19:23:52.210641Z DEBUG transparent_shard_server::runtime: runtime stage key=("67574e8d4c7f7c258f8c7488f73e80a9476f8074c3db3540325133ff25020c2b", Pages, 0) seconds=3.102366551 stage="build_slot"
2026-09-09T19:23:52.210739Z DEBUG transparent_shard_server::memory: cold build admission wait seconds=7.0101e-5 admitted=true
2026-09-09T19:23:52.377203Z DEBUG transparent_shard_server::runtime: runtime stage key=("67574e8d4c7f7c258f8c7488f73e80a9476f8074c3db3540325133ff25020c2b", Pages, 0) seconds=0.166440901 stage="source_load"
2026-09-09T19:23:52.673774Z DEBUG transparent_shard_server::runtime: construction stage geometry="recent-8k" table="pages" seconds=0.296539943 stage="encode_database"
2026-09-09T19:23:52.673880Z DEBUG transparent_shard_server::runtime: construction stage geometry="recent-8k" table="pages" seconds=7.7047e-5 stage="public_setup"
2026-09-09T19:23:52.926203Z DEBUG transparent_shard_server::runtime: runtime stage key=("c907a0aa45b2551520863990845279fd25135889865e088c2dad6ea0d32b8fde", Pages, 0) seconds=0.715586649 stage="disk_save"
2026-09-09T19:23:53.480214Z DEBUG transparent_shard_server::runtime: construction stage geometry="recent-8k" table="pages" seconds=0.806327504 stage="hint_columns"
test burst::publication_burst_under_exact_load has been running for over 60 seconds
2026-09-09T19:23:54.669594Z DEBUG transparent_shard_server::runtime: construction stage geometry="recent-8k" table="directory" seconds=2.459649139 stage="pack_preprocessing"
2026-09-09T19:23:54.669884Z DEBUG transparent_shard_server::runtime: construction stage geometry="recent-8k" table="directory" seconds=0.000250837 stage="publish_parameters"
2026-09-09T19:23:54.670585Z DEBUG transparent_shard_server::runtime: runtime stage key=("67574e8d4c7f7c258f8c7488f73e80a9476f8074c3db3540325133ff25020c2b", Directory, 0) seconds=3.632398471 stage="runtime_build"
2026-09-09T19:23:54.670603Z DEBUG transparent_shard_server::runtime: runtime stage key=("67574e8d4c7f7c258f8c7488f73e80a9476f8074c3db3540325133ff25020c2b", Directory, 0) reserved_bytes=136314880 stage="serialization_handoff"
2026-09-09T19:23:55.423696Z DEBUG transparent_shard_server::runtime: runtime stage key=("67574e8d4c7f7c258f8c7488f73e80a9476f8074c3db3540325133ff25020c2b", Directory, 0) seconds=0.753086628 stage="disk_save"
2026-09-09T19:23:55.706244Z DEBUG transparent_shard_server::runtime: construction stage geometry="recent-8k" table="pages" seconds=2.225989224 stage="pack_preprocessing"
2026-09-09T19:23:55.706520Z DEBUG transparent_shard_server::runtime: construction stage geometry="recent-8k" table="pages" seconds=0.000237972 stage="publish_parameters"
2026-09-09T19:23:55.707251Z DEBUG transparent_shard_server::runtime: runtime stage key=("67574e8d4c7f7c258f8c7488f73e80a9476f8074c3db3540325133ff25020c2b", Pages, 0) seconds=3.330018628 stage="runtime_build"
2026-09-09T19:23:55.707270Z DEBUG transparent_shard_server::runtime: runtime stage key=("67574e8d4c7f7c258f8c7488f73e80a9476f8074c3db3540325133ff25020c2b", Pages, 0) reserved_bytes=136314880 stage="serialization_handoff"
2026-09-09T19:23:56.415061Z DEBUG transparent_shard_server::runtime: runtime stage key=("67574e8d4c7f7c258f8c7488f73e80a9476f8074c3db3540325133ff25020c2b", Pages, 0) seconds=0.707784482 stage="disk_save"
2026-09-09T19:23:56.415133Z  INFO transparent_shard_server::service: prewarm finished warm=28 target=28 failed=0 seconds=56.919944832
2026-09-09T19:23:56.928049Z  INFO transparent_shard_server::runtime: retired runtime memory reclaimed rss_before=4981305344 rss_after=4432642048
2026-09-09T19:23:57.500454Z DEBUG transparent_shard_server::runtime: runtime stage key=("be059aab39ac34125e0452548d6fbcfb1e7cdb7237a597bd59ee86011ed4882b", Directory, 0) seconds=1.381e-6 stage="restore_slot"
2026-09-09T19:23:57.500572Z DEBUG transparent_shard_server::runtime: runtime stage key=("be059aab39ac34125e0452548d6fbcfb1e7cdb7237a597bd59ee86011ed4882b", Pages, 0) seconds=3.78e-7 stage="restore_slot"
2026-09-09T19:23:57.500645Z DEBUG transparent_shard_server::runtime: runtime stage key=("be059aab39ac34125e0452548d6fbcfb1e7cdb7237a597bd59ee86011ed4882b", Directory, 0) seconds=4.8083e-5 hit=false stage="disk_restore"
2026-09-09T19:23:57.500675Z DEBUG transparent_shard_server::runtime: runtime stage key=("be059aab39ac34125e0452548d6fbcfb1e7cdb7237a597bd59ee86011ed4882b", Directory, 0) seconds=6.72e-7 stage="build_slot"
2026-09-09T19:23:57.500674Z DEBUG transparent_shard_server::runtime: runtime stage key=("be059aab39ac34125e0452548d6fbcfb1e7cdb7237a597bd59ee86011ed4882b", Pages, 0) seconds=3.6405e-5 hit=false stage="disk_restore"
2026-09-09T19:23:57.500728Z DEBUG transparent_shard_server::memory: cold build admission wait seconds=2.8665e-5 admitted=true
2026-09-09T19:23:57.500738Z DEBUG transparent_shard_server::runtime: runtime stage key=("be059aab39ac34125e0452548d6fbcfb1e7cdb7237a597bd59ee86011ed4882b", Pages, 0) seconds=1.37e-7 stage="build_slot"
2026-09-09T19:23:57.500762Z DEBUG transparent_shard_server::memory: cold build admission wait seconds=2.114e-5 admitted=true
2026-09-09T19:23:57.649445Z DEBUG transparent_shard_server::runtime: runtime stage key=("be059aab39ac34125e0452548d6fbcfb1e7cdb7237a597bd59ee86011ed4882b", Directory, 0) seconds=0.148694428 stage="source_load"
2026-09-09T19:23:57.662612Z DEBUG transparent_shard_server::runtime: runtime stage key=("be059aab39ac34125e0452548d6fbcfb1e7cdb7237a597bd59ee86011ed4882b", Pages, 0) seconds=0.161826436 stage="source_load"
2026-09-09T19:23:57.949325Z DEBUG transparent_shard_server::runtime: construction stage geometry="recent-8k" table="directory" seconds=0.299844204 stage="encode_database"
2026-09-09T19:23:57.949438Z DEBUG transparent_shard_server::runtime: construction stage geometry="recent-8k" table="directory" seconds=7.7776e-5 stage="public_setup"
2026-09-09T19:23:57.961362Z DEBUG transparent_shard_server::runtime: construction stage geometry="recent-8k" table="pages" seconds=0.298720419 stage="encode_database"
2026-09-09T19:23:57.961466Z DEBUG transparent_shard_server::runtime: construction stage geometry="recent-8k" table="pages" seconds=7.8738e-5 stage="public_setup"
2026-09-09T19:23:59.068914Z DEBUG transparent_shard_server::runtime: construction stage geometry="recent-8k" table="pages" seconds=1.107440618 stage="hint_columns"
2026-09-09T19:23:59.089224Z DEBUG transparent_shard_server::runtime: construction stage geometry="recent-8k" table="directory" seconds=1.13977977 stage="hint_columns"
2026-09-09T19:24:01.436816Z DEBUG transparent_shard_server::runtime: construction stage geometry="recent-8k" table="directory" seconds=2.3475667270000002 stage="pack_preprocessing"
2026-09-09T19:24:01.437110Z DEBUG transparent_shard_server::runtime: construction stage geometry="recent-8k" table="directory" seconds=0.000263456 stage="publish_parameters"
2026-09-09T19:24:01.438019Z DEBUG transparent_shard_server::runtime: runtime stage key=("be059aab39ac34125e0452548d6fbcfb1e7cdb7237a597bd59ee86011ed4882b", Directory, 0) seconds=3.788540325 stage="runtime_build"
2026-09-09T19:24:01.438040Z DEBUG transparent_shard_server::runtime: runtime stage key=("be059aab39ac34125e0452548d6fbcfb1e7cdb7237a597bd59ee86011ed4882b", Directory, 0) reserved_bytes=136314880 stage="serialization_handoff"
2026-09-09T19:24:02.143433Z DEBUG transparent_shard_server::runtime: runtime stage key=("be059aab39ac34125e0452548d6fbcfb1e7cdb7237a597bd59ee86011ed4882b", Directory, 0) seconds=0.705385912 stage="disk_save"
2026-09-09T19:24:02.396519Z DEBUG transparent_shard_server::runtime: construction stage geometry="recent-8k" table="pages" seconds=3.327565151 stage="pack_preprocessing"
2026-09-09T19:24:02.396824Z DEBUG transparent_shard_server::runtime: construction stage geometry="recent-8k" table="pages" seconds=0.000266799 stage="publish_parameters"
2026-09-09T19:24:02.397548Z DEBUG transparent_shard_server::runtime: runtime stage key=("be059aab39ac34125e0452548d6fbcfb1e7cdb7237a597bd59ee86011ed4882b", Pages, 0) seconds=4.734906806 stage="runtime_build"
2026-09-09T19:24:02.397562Z DEBUG transparent_shard_server::runtime: runtime stage key=("be059aab39ac34125e0452548d6fbcfb1e7cdb7237a597bd59ee86011ed4882b", Pages, 0) reserved_bytes=136314880 stage="serialization_handoff"
2026-09-09T19:24:03.108604Z DEBUG transparent_shard_server::runtime: runtime stage key=("be059aab39ac34125e0452548d6fbcfb1e7cdb7237a597bd59ee86011ed4882b", Pages, 0) seconds=0.711036202 stage="disk_save"
2026-09-09T19:24:03.108765Z  INFO transparent_shard_server::service: prewarm finished warm=28 target=28 failed=0 seconds=5.608361727
2026-09-09T19:24:03.108851Z DEBUG transparent_shard_server::live: publication preparation stages map=32426d9e9300c44558210d8540b636402af2b3c322627f9e9f26e0082b489725 loading_seconds=0.625648435 warming_seconds=5.608560123
2026-09-09T19:24:03.161625Z  INFO transparent_shard_server::runtime: retired runtime memory reclaimed rss_before=4969672704 rss_after=4511211520
2026-09-09T19:24:03.181980Z DEBUG transparent_shard_server::runtime: runtime stage key=("5b7ee9849d47f5ee67d04eb6ca4588beacf42dce75e5a1b481dfd02607b1fb20", Directory, 0) seconds=1.158e-6 stage="restore_slot"
2026-09-09T19:24:03.738296Z DEBUG transparent_shard_server::runtime: runtime stage key=("268f5c527d35817d37919707b04a706c850d449156baa071b5438dbf8eb53aec", Directory, 0) seconds=1.638e-6 stage="restore_slot"
2026-09-09T19:24:03.738461Z DEBUG transparent_shard_server::runtime: runtime stage key=("268f5c527d35817d37919707b04a706c850d449156baa071b5438dbf8eb53aec", Directory, 0) seconds=5.2244e-5 hit=false stage="disk_restore"
2026-09-09T19:24:03.738500Z DEBUG transparent_shard_server::runtime: runtime stage key=("268f5c527d35817d37919707b04a706c850d449156baa071b5438dbf8eb53aec", Pages, 0) seconds=3.64e-7 stage="restore_slot"
2026-09-09T19:24:03.738588Z DEBUG transparent_shard_server::runtime: runtime stage key=("268f5c527d35817d37919707b04a706c850d449156baa071b5438dbf8eb53aec", Directory, 0) seconds=5.83e-7 stage="build_slot"
2026-09-09T19:24:03.738616Z DEBUG transparent_shard_server::memory: cold build admission wait seconds=2.3755e-5 admitted=true
2026-09-09T19:24:03.738612Z DEBUG transparent_shard_server::runtime: runtime stage key=("268f5c527d35817d37919707b04a706c850d449156baa071b5438dbf8eb53aec", Pages, 0) seconds=3.9838e-5 hit=false stage="disk_restore"
2026-09-09T19:24:03.738650Z DEBUG transparent_shard_server::runtime: runtime stage key=("268f5c527d35817d37919707b04a706c850d449156baa071b5438dbf8eb53aec", Pages, 0) seconds=1.91e-7 stage="build_slot"
2026-09-09T19:24:03.738675Z DEBUG transparent_shard_server::memory: cold build admission wait seconds=2.2596e-5 admitted=true
2026-09-09T19:24:03.880593Z DEBUG transparent_shard_server::runtime: runtime stage key=("268f5c527d35817d37919707b04a706c850d449156baa071b5438dbf8eb53aec", Directory, 0) seconds=0.14195583 stage="source_load"
2026-09-09T19:24:03.893314Z DEBUG transparent_shard_server::runtime: runtime stage key=("268f5c527d35817d37919707b04a706c850d449156baa071b5438dbf8eb53aec", Pages, 0) seconds=0.154629413 stage="source_load"
2026-09-09T19:24:04.102609Z DEBUG transparent_shard_server::runtime: runtime stage key=("5b7ee9849d47f5ee67d04eb6ca4588beacf42dce75e5a1b481dfd02607b1fb20", Directory, 0) seconds=0.920488643 hit=true stage="disk_restore"
2026-09-09T19:24:04.186367Z DEBUG transparent_shard_server::runtime: construction stage geometry="recent-8k" table="directory" seconds=0.3057378 stage="encode_database"
2026-09-09T19:24:04.186478Z DEBUG transparent_shard_server::runtime: construction stage geometry="recent-8k" table="directory" seconds=7.6386e-5 stage="public_setup"
2026-09-09T19:24:04.217175Z DEBUG transparent_shard_server::runtime: construction stage geometry="recent-8k" table="pages" seconds=0.323827798 stage="encode_database"
2026-09-09T19:24:04.217339Z DEBUG transparent_shard_server::runtime: construction stage geometry="recent-8k" table="pages" seconds=0.000131569 stage="public_setup"
2026-09-09T19:24:04.224243Z DEBUG transparent_shard_server::runtime: runtime stage key=("5b7ee9849d47f5ee67d04eb6ca4588beacf42dce75e5a1b481dfd02607b1fb20", Directory, 0) seconds=0.121592723 stage="source_verify"
2026-09-09T19:24:04.224265Z  INFO transparent_shard_server::runtime: restored runtime cache seconds=1.042151467
2026-09-09T19:24:05.305126Z DEBUG transparent_shard_server::runtime: construction stage geometry="recent-8k" table="pages" seconds=1.087781802 stage="hint_columns"
2026-09-09T19:24:05.308201Z DEBUG transparent_shard_server::runtime: construction stage geometry="recent-8k" table="directory" seconds=1.121717469 stage="hint_columns"
2026-09-09T19:24:06.456372Z DEBUG transparent_shard_server::memory: work memory admission denied current=5169172480 limit=7516192768 held=1342177280 requested=268435456
2026-09-09T19:24:06.661511Z DEBUG transparent_shard_server::memory: work memory admission denied current=5250625536 limit=7516192768 held=1342177280 requested=268435456
2026-09-09T19:24:06.865738Z DEBUG transparent_shard_server::memory: work memory admission denied current=5203771392 limit=7516192768 held=1342177280 requested=268435456
2026-09-09T19:24:07.067119Z DEBUG transparent_shard_server::memory: work memory admission denied current=5225570304 limit=7516192768 held=1342177280 requested=268435456
2026-09-09T19:24:07.271066Z DEBUG transparent_shard_server::memory: work memory admission denied current=5247602688 limit=7516192768 held=1342177280 requested=268435456
2026-09-09T19:24:07.475811Z DEBUG transparent_shard_server::memory: work memory admission denied current=5258874880 limit=7516192768 held=1342177280 requested=268435456
2026-09-09T19:24:07.617033Z DEBUG transparent_shard_server::runtime: construction stage geometry="recent-8k" table="directory" seconds=2.308807492 stage="pack_preprocessing"
2026-09-09T19:24:07.621621Z DEBUG transparent_shard_server::runtime: construction stage geometry="recent-8k" table="directory" seconds=0.004551976 stage="publish_parameters"
2026-09-09T19:24:07.622371Z DEBUG transparent_shard_server::runtime: runtime stage key=("268f5c527d35817d37919707b04a706c850d449156baa071b5438dbf8eb53aec", Directory, 0) seconds=3.741743561 stage="runtime_build"
2026-09-09T19:24:07.622387Z DEBUG transparent_shard_server::runtime: runtime stage key=("268f5c527d35817d37919707b04a706c850d449156baa071b5438dbf8eb53aec", Directory, 0) reserved_bytes=136314880 stage="serialization_handoff"
2026-09-09T19:24:08.319866Z DEBUG transparent_shard_server::runtime: runtime stage key=("268f5c527d35817d37919707b04a706c850d449156baa071b5438dbf8eb53aec", Directory, 0) seconds=0.697474265 stage="disk_save"
2026-09-09T19:24:08.569328Z DEBUG transparent_shard_server::runtime: construction stage geometry="recent-8k" table="pages" seconds=3.2641495 stage="pack_preprocessing"
2026-09-09T19:24:08.569616Z DEBUG transparent_shard_server::runtime: construction stage geometry="recent-8k" table="pages" seconds=0.000254802 stage="publish_parameters"
2026-09-09T19:24:08.570332Z DEBUG transparent_shard_server::runtime: runtime stage key=("268f5c527d35817d37919707b04a706c850d449156baa071b5438dbf8eb53aec", Pages, 0) seconds=4.676985766 stage="runtime_build"
2026-09-09T19:24:08.570350Z DEBUG transparent_shard_server::runtime: runtime stage key=("268f5c527d35817d37919707b04a706c850d449156baa071b5438dbf8eb53aec", Pages, 0) reserved_bytes=136314880 stage="serialization_handoff"
2026-09-09T19:24:09.286511Z DEBUG transparent_shard_server::runtime: runtime stage key=("268f5c527d35817d37919707b04a706c850d449156baa071b5438dbf8eb53aec", Pages, 0) seconds=0.716153922 stage="disk_save"
2026-09-09T19:24:09.286589Z  INFO transparent_shard_server::service: prewarm finished warm=28 target=28 failed=0 seconds=5.548342345
2026-09-09T19:24:09.286631Z DEBUG transparent_shard_server::live: publication preparation stages map=12cbb58695cd66166197842d179b61598c15effb06ad32efcd899a13e36e7b10 loading_seconds=0.628039935 warming_seconds=5.548435802
test burst::publication_burst_under_exact_load ... ok

test result: ok. 1 passed; 0 failed; 0 ignored; 0 measured; 14 filtered out; finished in 75.75s

Finished with result: success
Main processes terminated with: code=exited/status=0
Service runtime: 1min 15.816s
CPU time consumed: 3min 54.692s
Memory peak: 2.3M
Memory swap peak: 0B
