Running as unit: transparent-full-burst-ea95d521683f41e8b8865532972dce22.service

running 1 test
2026-09-09T19:19:55.511078Z DEBUG transparent_shard_server::runtime: runtime stage key=("5b7ee9849d47f5ee67d04eb6ca4588beacf42dce75e5a1b481dfd02607b1fb20", Directory, 0) seconds=9.212e-6 stage="restore_slot"
2026-09-09T19:19:55.511328Z DEBUG transparent_shard_server::runtime: runtime stage key=("5b7ee9849d47f5ee67d04eb6ca4588beacf42dce75e5a1b481dfd02607b1fb20", Pages, 0) seconds=5.46e-7 stage="restore_slot"
2026-09-09T19:19:55.511364Z DEBUG transparent_shard_server::runtime: runtime stage key=("1f5d7213a380745d83cc554ad16bdf9e039a0304d0de0b71376828e1838d0ea4", Directory, 0) seconds=1.307e-6 stage="restore_slot"
2026-09-09T19:19:55.511403Z DEBUG transparent_shard_server::runtime: runtime stage key=("1f5d7213a380745d83cc554ad16bdf9e039a0304d0de0b71376828e1838d0ea4", Pages, 0) seconds=2.58e-7 stage="restore_slot"
2026-09-09T19:19:55.511678Z DEBUG transparent_shard_server::runtime: runtime stage key=("5b7ee9849d47f5ee67d04eb6ca4588beacf42dce75e5a1b481dfd02607b1fb20", Directory, 0) seconds=4.0768e-5 hit=false stage="disk_restore"
2026-09-09T19:19:55.511715Z DEBUG transparent_shard_server::runtime: runtime stage key=("1f5d7213a380745d83cc554ad16bdf9e039a0304d0de0b71376828e1838d0ea4", Directory, 0) seconds=1.0604e-5 hit=false stage="disk_restore"
2026-09-09T19:19:55.511722Z DEBUG transparent_shard_server::runtime: runtime stage key=("5b7ee9849d47f5ee67d04eb6ca4588beacf42dce75e5a1b481dfd02607b1fb20", Pages, 0) seconds=2.9001e-5 hit=false stage="disk_restore"
2026-09-09T19:19:55.511729Z DEBUG transparent_shard_server::runtime: runtime stage key=("1f5d7213a380745d83cc554ad16bdf9e039a0304d0de0b71376828e1838d0ea4", Pages, 0) seconds=2.7371e-5 hit=false stage="disk_restore"
2026-09-09T19:19:55.511749Z DEBUG transparent_shard_server::runtime: runtime stage key=("5b7ee9849d47f5ee67d04eb6ca4588beacf42dce75e5a1b481dfd02607b1fb20", Directory, 0) seconds=1.242e-6 stage="build_slot"
2026-09-09T19:19:55.511783Z DEBUG transparent_shard_server::memory: cold build admission wait seconds=3.0304e-5 admitted=true
2026-09-09T19:19:55.657387Z DEBUG transparent_shard_server::runtime: runtime stage key=("5b7ee9849d47f5ee67d04eb6ca4588beacf42dce75e5a1b481dfd02607b1fb20", Directory, 0) seconds=0.145588196 stage="source_load"
2026-09-09T19:19:55.957117Z DEBUG transparent_shard_server::runtime: construction stage geometry="recent-8k" table="directory" seconds=0.299688081 stage="encode_database"
2026-09-09T19:19:55.957245Z DEBUG transparent_shard_server::runtime: construction stage geometry="recent-8k" table="directory" seconds=7.2378e-5 stage="public_setup"
2026-09-09T19:19:56.494429Z DEBUG transparent_shard_server::runtime: construction stage geometry="recent-8k" table="directory" seconds=0.537174491 stage="hint_columns"
2026-09-09T19:19:58.544018Z DEBUG transparent_shard_server::runtime: construction stage geometry="recent-8k" table="directory" seconds=2.049543055 stage="pack_preprocessing"
2026-09-09T19:19:58.544335Z DEBUG transparent_shard_server::runtime: construction stage geometry="recent-8k" table="directory" seconds=0.000275707 stage="publish_parameters"
2026-09-09T19:19:58.545875Z DEBUG transparent_shard_server::runtime: runtime stage key=("5b7ee9849d47f5ee67d04eb6ca4588beacf42dce75e5a1b481dfd02607b1fb20", Directory, 0) seconds=2.888447434 stage="runtime_build"
2026-09-09T19:19:58.547747Z DEBUG transparent_shard_server::runtime: runtime stage key=("5b7ee9849d47f5ee67d04eb6ca4588beacf42dce75e5a1b481dfd02607b1fb20", Directory, 0) reserved_bytes=136314880 stage="serialization_handoff"
2026-09-09T19:19:58.547792Z DEBUG transparent_shard_server::runtime: runtime stage key=("5b7ee9849d47f5ee67d04eb6ca4588beacf42dce75e5a1b481dfd02607b1fb20", Pages, 0) seconds=3.036027089 stage="build_slot"
2026-09-09T19:19:58.547928Z DEBUG transparent_shard_server::memory: cold build admission wait seconds=0.000105927 admitted=true
2026-09-09T19:19:58.694133Z DEBUG transparent_shard_server::runtime: runtime stage key=("5b7ee9849d47f5ee67d04eb6ca4588beacf42dce75e5a1b481dfd02607b1fb20", Pages, 0) seconds=0.146171621 stage="source_load"
2026-09-09T19:19:58.993857Z DEBUG transparent_shard_server::runtime: construction stage geometry="recent-8k" table="pages" seconds=0.299667198 stage="encode_database"
2026-09-09T19:19:58.993959Z DEBUG transparent_shard_server::runtime: construction stage geometry="recent-8k" table="pages" seconds=6.3508e-5 stage="public_setup"
2026-09-09T19:19:59.285699Z DEBUG transparent_shard_server::runtime: runtime stage key=("5b7ee9849d47f5ee67d04eb6ca4588beacf42dce75e5a1b481dfd02607b1fb20", Directory, 0) seconds=0.737927228 stage="disk_save"
2026-09-09T19:19:59.286204Z DEBUG transparent_shard_server::runtime: runtime stage key=("ca7afe810c988a8b4b561668f3456a9f38d1fdbb0776614e07ddfeb1a2132000", Directory, 0) seconds=1.529e-6 stage="restore_slot"
2026-09-09T19:19:59.286341Z DEBUG transparent_shard_server::runtime: runtime stage key=("ca7afe810c988a8b4b561668f3456a9f38d1fdbb0776614e07ddfeb1a2132000", Directory, 0) seconds=2.2595e-5 hit=false stage="disk_restore"
2026-09-09T19:19:59.607232Z DEBUG transparent_shard_server::runtime: construction stage geometry="recent-8k" table="pages" seconds=0.613266555 stage="hint_columns"
2026-09-09T19:20:01.700620Z DEBUG transparent_shard_server::runtime: construction stage geometry="recent-8k" table="pages" seconds=2.093343256 stage="pack_preprocessing"
2026-09-09T19:20:01.700934Z DEBUG transparent_shard_server::runtime: construction stage geometry="recent-8k" table="pages" seconds=0.000267814 stage="publish_parameters"
2026-09-09T19:20:01.701600Z DEBUG transparent_shard_server::runtime: runtime stage key=("5b7ee9849d47f5ee67d04eb6ca4588beacf42dce75e5a1b481dfd02607b1fb20", Pages, 0) seconds=3.00741415 stage="runtime_build"
2026-09-09T19:20:01.701650Z DEBUG transparent_shard_server::runtime: runtime stage key=("1f5d7213a380745d83cc554ad16bdf9e039a0304d0de0b71376828e1838d0ea4", Pages, 0) seconds=6.189882685 stage="build_slot"
2026-09-09T19:20:01.701750Z DEBUG transparent_shard_server::memory: cold build admission wait seconds=8.1105e-5 admitted=true
2026-09-09T19:20:01.701850Z DEBUG transparent_shard_server::runtime: runtime stage key=("5b7ee9849d47f5ee67d04eb6ca4588beacf42dce75e5a1b481dfd02607b1fb20", Pages, 0) reserved_bytes=136314880 stage="serialization_handoff"
2026-09-09T19:20:01.859106Z DEBUG transparent_shard_server::runtime: runtime stage key=("1f5d7213a380745d83cc554ad16bdf9e039a0304d0de0b71376828e1838d0ea4", Pages, 0) seconds=0.157327904 stage="source_load"
2026-09-09T19:20:02.164150Z DEBUG transparent_shard_server::runtime: construction stage geometry="recent-8k" table="pages" seconds=0.305006725 stage="encode_database"
2026-09-09T19:20:02.164253Z DEBUG transparent_shard_server::runtime: construction stage geometry="recent-8k" table="pages" seconds=6.4724e-5 stage="public_setup"
2026-09-09T19:20:02.442206Z DEBUG transparent_shard_server::runtime: runtime stage key=("5b7ee9849d47f5ee67d04eb6ca4588beacf42dce75e5a1b481dfd02607b1fb20", Pages, 0) seconds=0.740346596 stage="disk_save"
2026-09-09T19:20:02.442301Z DEBUG transparent_shard_server::runtime: runtime stage key=("ca7afe810c988a8b4b561668f3456a9f38d1fdbb0776614e07ddfeb1a2132000", Pages, 0) seconds=1.737e-6 stage="restore_slot"
2026-09-09T19:20:02.442538Z DEBUG transparent_shard_server::runtime: runtime stage key=("ca7afe810c988a8b4b561668f3456a9f38d1fdbb0776614e07ddfeb1a2132000", Pages, 0) seconds=0.000106941 hit=false stage="disk_restore"
2026-09-09T19:20:02.816605Z DEBUG transparent_shard_server::runtime: construction stage geometry="recent-8k" table="pages" seconds=0.652344853 stage="hint_columns"
2026-09-09T19:20:04.879567Z DEBUG transparent_shard_server::runtime: construction stage geometry="recent-8k" table="pages" seconds=2.062917773 stage="pack_preprocessing"
2026-09-09T19:20:04.879859Z DEBUG transparent_shard_server::runtime: construction stage geometry="recent-8k" table="pages" seconds=0.000251432 stage="publish_parameters"
2026-09-09T19:20:04.880571Z DEBUG transparent_shard_server::runtime: runtime stage key=("1f5d7213a380745d83cc554ad16bdf9e039a0304d0de0b71376828e1838d0ea4", Pages, 0) seconds=3.021428519 stage="runtime_build"
2026-09-09T19:20:04.880612Z DEBUG transparent_shard_server::runtime: runtime stage key=("1f5d7213a380745d83cc554ad16bdf9e039a0304d0de0b71376828e1838d0ea4", Pages, 0) reserved_bytes=136314880 stage="serialization_handoff"
2026-09-09T19:20:04.880646Z DEBUG transparent_shard_server::runtime: runtime stage key=("1f5d7213a380745d83cc554ad16bdf9e039a0304d0de0b71376828e1838d0ea4", Directory, 0) seconds=9.368878431 stage="build_slot"
2026-09-09T19:20:04.880756Z DEBUG transparent_shard_server::memory: cold build admission wait seconds=8.7802e-5 admitted=true
2026-09-09T19:20:05.026118Z DEBUG transparent_shard_server::runtime: runtime stage key=("1f5d7213a380745d83cc554ad16bdf9e039a0304d0de0b71376828e1838d0ea4", Directory, 0) seconds=0.145341959 stage="source_load"
2026-09-09T19:20:05.327413Z DEBUG transparent_shard_server::runtime: construction stage geometry="recent-8k" table="directory" seconds=0.301259466 stage="encode_database"
2026-09-09T19:20:05.327512Z DEBUG transparent_shard_server::runtime: construction stage geometry="recent-8k" table="directory" seconds=5.7409e-5 stage="public_setup"
2026-09-09T19:20:05.611192Z DEBUG transparent_shard_server::runtime: runtime stage key=("1f5d7213a380745d83cc554ad16bdf9e039a0304d0de0b71376828e1838d0ea4", Pages, 0) seconds=0.730572402 stage="disk_save"
2026-09-09T19:20:05.613202Z DEBUG transparent_shard_server::runtime: runtime stage key=("95df7205357fe2d9c962d2b41daded841e05afa7b6fc8d06dfec46ad04e15335", Directory, 0) seconds=1.902e-6 stage="restore_slot"
2026-09-09T19:20:05.613359Z DEBUG transparent_shard_server::runtime: runtime stage key=("95df7205357fe2d9c962d2b41daded841e05afa7b6fc8d06dfec46ad04e15335", Directory, 0) seconds=3.8379e-5 hit=false stage="disk_restore"
2026-09-09T19:20:05.929529Z DEBUG transparent_shard_server::runtime: construction stage geometry="recent-8k" table="directory" seconds=0.602010021 stage="hint_columns"
2026-09-09T19:20:07.970081Z DEBUG transparent_shard_server::runtime: construction stage geometry="recent-8k" table="directory" seconds=2.040510051 stage="pack_preprocessing"
2026-09-09T19:20:07.970392Z DEBUG transparent_shard_server::runtime: construction stage geometry="recent-8k" table="directory" seconds=0.000266369 stage="publish_parameters"
2026-09-09T19:20:07.971118Z DEBUG transparent_shard_server::runtime: runtime stage key=("1f5d7213a380745d83cc554ad16bdf9e039a0304d0de0b71376828e1838d0ea4", Directory, 0) seconds=2.944966399 stage="runtime_build"
2026-09-09T19:20:07.971149Z DEBUG transparent_shard_server::runtime: runtime stage key=("1f5d7213a380745d83cc554ad16bdf9e039a0304d0de0b71376828e1838d0ea4", Directory, 0) reserved_bytes=136314880 stage="serialization_handoff"
2026-09-09T19:20:07.971191Z DEBUG transparent_shard_server::runtime: runtime stage key=("ca7afe810c988a8b4b561668f3456a9f38d1fdbb0776614e07ddfeb1a2132000", Directory, 0) seconds=8.681996249 stage="build_slot"
2026-09-09T19:20:07.971306Z DEBUG transparent_shard_server::memory: cold build admission wait seconds=8.0454e-5 admitted=true
2026-09-09T19:20:08.115258Z DEBUG transparent_shard_server::runtime: runtime stage key=("ca7afe810c988a8b4b561668f3456a9f38d1fdbb0776614e07ddfeb1a2132000", Directory, 0) seconds=0.143879529 stage="source_load"
2026-09-09T19:20:08.423778Z DEBUG transparent_shard_server::runtime: construction stage geometry="recent-8k" table="directory" seconds=0.308484727 stage="encode_database"
2026-09-09T19:20:08.423878Z DEBUG transparent_shard_server::runtime: construction stage geometry="recent-8k" table="directory" seconds=7.0264e-5 stage="public_setup"
2026-09-09T19:20:08.696224Z DEBUG transparent_shard_server::runtime: runtime stage key=("1f5d7213a380745d83cc554ad16bdf9e039a0304d0de0b71376828e1838d0ea4", Directory, 0) seconds=0.725067316 stage="disk_save"
2026-09-09T19:20:08.698209Z DEBUG transparent_shard_server::runtime: runtime stage key=("95df7205357fe2d9c962d2b41daded841e05afa7b6fc8d06dfec46ad04e15335", Pages, 0) seconds=1.729e-6 stage="restore_slot"
2026-09-09T19:20:08.698361Z DEBUG transparent_shard_server::runtime: runtime stage key=("95df7205357fe2d9c962d2b41daded841e05afa7b6fc8d06dfec46ad04e15335", Pages, 0) seconds=3.0159e-5 hit=false stage="disk_restore"
2026-09-09T19:20:09.018247Z DEBUG transparent_shard_server::runtime: construction stage geometry="recent-8k" table="directory" seconds=0.59436203 stage="hint_columns"
2026-09-09T19:20:11.043701Z DEBUG transparent_shard_server::runtime: construction stage geometry="recent-8k" table="directory" seconds=2.02541398 stage="pack_preprocessing"
2026-09-09T19:20:11.043998Z DEBUG transparent_shard_server::runtime: construction stage geometry="recent-8k" table="directory" seconds=0.000255078 stage="publish_parameters"
2026-09-09T19:20:11.044741Z DEBUG transparent_shard_server::runtime: runtime stage key=("ca7afe810c988a8b4b561668f3456a9f38d1fdbb0776614e07ddfeb1a2132000", Directory, 0) seconds=2.929448652 stage="runtime_build"
2026-09-09T19:20:11.044778Z DEBUG transparent_shard_server::runtime: runtime stage key=("ca7afe810c988a8b4b561668f3456a9f38d1fdbb0776614e07ddfeb1a2132000", Directory, 0) reserved_bytes=136314880 stage="serialization_handoff"
2026-09-09T19:20:11.044816Z DEBUG transparent_shard_server::runtime: runtime stage key=("ca7afe810c988a8b4b561668f3456a9f38d1fdbb0776614e07ddfeb1a2132000", Pages, 0) seconds=8.600613372 stage="build_slot"
2026-09-09T19:20:11.044937Z DEBUG transparent_shard_server::memory: cold build admission wait seconds=9.8393e-5 admitted=true
2026-09-09T19:20:11.187625Z DEBUG transparent_shard_server::runtime: runtime stage key=("ca7afe810c988a8b4b561668f3456a9f38d1fdbb0776614e07ddfeb1a2132000", Pages, 0) seconds=0.142659745 stage="source_load"
2026-09-09T19:20:11.477398Z DEBUG transparent_shard_server::runtime: construction stage geometry="recent-8k" table="pages" seconds=0.289740778 stage="encode_database"
2026-09-09T19:20:11.477501Z DEBUG transparent_shard_server::runtime: construction stage geometry="recent-8k" table="pages" seconds=7.0068e-5 stage="public_setup"
2026-09-09T19:20:11.996355Z DEBUG transparent_shard_server::runtime: runtime stage key=("ca7afe810c988a8b4b561668f3456a9f38d1fdbb0776614e07ddfeb1a2132000", Directory, 0) seconds=0.951571219 stage="disk_save"
2026-09-09T19:20:11.997216Z DEBUG transparent_shard_server::runtime: runtime stage key=("73d46a59d0d03d7616f9a47e53b50448d4c5a3504e6e296600d8884c8c4403b8", Directory, 0) seconds=1.3966e-5 stage="restore_slot"
2026-09-09T19:20:11.997351Z DEBUG transparent_shard_server::runtime: runtime stage key=("73d46a59d0d03d7616f9a47e53b50448d4c5a3504e6e296600d8884c8c4403b8", Directory, 0) seconds=2.7754e-5 hit=false stage="disk_restore"
2026-09-09T19:20:12.122039Z DEBUG transparent_shard_server::runtime: construction stage geometry="recent-8k" table="pages" seconds=0.644531656 stage="hint_columns"
2026-09-09T19:20:14.164464Z DEBUG transparent_shard_server::runtime: construction stage geometry="recent-8k" table="pages" seconds=2.042380716 stage="pack_preprocessing"
2026-09-09T19:20:14.164808Z DEBUG transparent_shard_server::runtime: construction stage geometry="recent-8k" table="pages" seconds=0.000297366 stage="publish_parameters"
2026-09-09T19:20:14.165542Z DEBUG transparent_shard_server::runtime: runtime stage key=("ca7afe810c988a8b4b561668f3456a9f38d1fdbb0776614e07ddfeb1a2132000", Pages, 0) seconds=2.977885873 stage="runtime_build"
2026-09-09T19:20:14.165568Z DEBUG transparent_shard_server::runtime: runtime stage key=("ca7afe810c988a8b4b561668f3456a9f38d1fdbb0776614e07ddfeb1a2132000", Pages, 0) reserved_bytes=136314880 stage="serialization_handoff"
2026-09-09T19:20:14.165611Z DEBUG transparent_shard_server::runtime: runtime stage key=("95df7205357fe2d9c962d2b41daded841e05afa7b6fc8d06dfec46ad04e15335", Directory, 0) seconds=8.552222878 stage="build_slot"
2026-09-09T19:20:14.165718Z DEBUG transparent_shard_server::memory: cold build admission wait seconds=7.8142e-5 admitted=true
2026-09-09T19:20:14.303497Z DEBUG transparent_shard_server::runtime: runtime stage key=("95df7205357fe2d9c962d2b41daded841e05afa7b6fc8d06dfec46ad04e15335", Directory, 0) seconds=0.137750821 stage="source_load"
2026-09-09T19:20:14.595745Z DEBUG transparent_shard_server::runtime: construction stage geometry="recent-8k" table="directory" seconds=0.292212481 stage="encode_database"
2026-09-09T19:20:14.595860Z DEBUG transparent_shard_server::runtime: construction stage geometry="recent-8k" table="directory" seconds=7.0588e-5 stage="public_setup"
2026-09-09T19:20:14.898210Z DEBUG transparent_shard_server::runtime: runtime stage key=("ca7afe810c988a8b4b561668f3456a9f38d1fdbb0776614e07ddfeb1a2132000", Pages, 0) seconds=0.732635053 stage="disk_save"
2026-09-09T19:20:14.901208Z DEBUG transparent_shard_server::runtime: runtime stage key=("73d46a59d0d03d7616f9a47e53b50448d4c5a3504e6e296600d8884c8c4403b8", Pages, 0) seconds=1.748e-6 stage="restore_slot"
2026-09-09T19:20:14.901373Z DEBUG transparent_shard_server::runtime: runtime stage key=("73d46a59d0d03d7616f9a47e53b50448d4c5a3504e6e296600d8884c8c4403b8", Pages, 0) seconds=3.2302e-5 hit=false stage="disk_restore"
2026-09-09T19:20:15.202437Z DEBUG transparent_shard_server::runtime: construction stage geometry="recent-8k" table="directory" seconds=0.606569354 stage="hint_columns"
2026-09-09T19:20:17.220138Z DEBUG transparent_shard_server::runtime: construction stage geometry="recent-8k" table="directory" seconds=2.017658497 stage="pack_preprocessing"
2026-09-09T19:20:17.220423Z DEBUG transparent_shard_server::runtime: construction stage geometry="recent-8k" table="directory" seconds=0.000238959 stage="publish_parameters"
2026-09-09T19:20:17.221239Z DEBUG transparent_shard_server::runtime: runtime stage key=("95df7205357fe2d9c962d2b41daded841e05afa7b6fc8d06dfec46ad04e15335", Directory, 0) seconds=2.9177092350000002 stage="runtime_build"
2026-09-09T19:20:17.221281Z DEBUG transparent_shard_server::runtime: runtime stage key=("95df7205357fe2d9c962d2b41daded841e05afa7b6fc8d06dfec46ad04e15335", Pages, 0) seconds=8.522885474 stage="build_slot"
2026-09-09T19:20:17.221368Z DEBUG transparent_shard_server::memory: cold build admission wait seconds=8.225e-5 admitted=true
2026-09-09T19:20:17.221387Z DEBUG transparent_shard_server::runtime: runtime stage key=("95df7205357fe2d9c962d2b41daded841e05afa7b6fc8d06dfec46ad04e15335", Directory, 0) reserved_bytes=136314880 stage="serialization_handoff"
2026-09-09T19:20:17.358349Z DEBUG transparent_shard_server::runtime: runtime stage key=("95df7205357fe2d9c962d2b41daded841e05afa7b6fc8d06dfec46ad04e15335", Pages, 0) seconds=0.136954499 stage="source_load"
2026-09-09T19:20:17.646641Z DEBUG transparent_shard_server::runtime: construction stage geometry="recent-8k" table="pages" seconds=0.288256539 stage="encode_database"
2026-09-09T19:20:17.646738Z DEBUG transparent_shard_server::runtime: construction stage geometry="recent-8k" table="pages" seconds=6.5896e-5 stage="public_setup"
2026-09-09T19:20:17.945207Z DEBUG transparent_shard_server::runtime: runtime stage key=("95df7205357fe2d9c962d2b41daded841e05afa7b6fc8d06dfec46ad04e15335", Directory, 0) seconds=0.723814276 stage="disk_save"
2026-09-09T19:20:17.945278Z DEBUG transparent_shard_server::runtime: runtime stage key=("b16be2933ab920bc4745ea8917e5167a7a685c211e0b4febe88b4d3018f970bc", Directory, 0) seconds=1.577e-6 stage="restore_slot"
2026-09-09T19:20:17.945405Z DEBUG transparent_shard_server::runtime: runtime stage key=("b16be2933ab920bc4745ea8917e5167a7a685c211e0b4febe88b4d3018f970bc", Directory, 0) seconds=4.2323e-5 hit=false stage="disk_restore"
2026-09-09T19:20:18.294460Z DEBUG transparent_shard_server::runtime: construction stage geometry="recent-8k" table="pages" seconds=0.647716187 stage="hint_columns"
2026-09-09T19:20:20.288191Z DEBUG transparent_shard_server::runtime: construction stage geometry="recent-8k" table="pages" seconds=1.993684461 stage="pack_preprocessing"
2026-09-09T19:20:20.288479Z DEBUG transparent_shard_server::runtime: construction stage geometry="recent-8k" table="pages" seconds=0.000241691 stage="publish_parameters"
2026-09-09T19:20:20.289315Z DEBUG transparent_shard_server::runtime: runtime stage key=("95df7205357fe2d9c962d2b41daded841e05afa7b6fc8d06dfec46ad04e15335", Pages, 0) seconds=2.930932589 stage="runtime_build"
2026-09-09T19:20:20.289374Z DEBUG transparent_shard_server::runtime: runtime stage key=("73d46a59d0d03d7616f9a47e53b50448d4c5a3504e6e296600d8884c8c4403b8", Directory, 0) seconds=8.292001807 stage="build_slot"
2026-09-09T19:20:20.289461Z DEBUG transparent_shard_server::memory: cold build admission wait seconds=8.1589e-5 admitted=true
2026-09-09T19:20:20.289533Z DEBUG transparent_shard_server::runtime: runtime stage key=("95df7205357fe2d9c962d2b41daded841e05afa7b6fc8d06dfec46ad04e15335", Pages, 0) reserved_bytes=136314880 stage="serialization_handoff"
2026-09-09T19:20:20.436957Z DEBUG transparent_shard_server::runtime: runtime stage key=("73d46a59d0d03d7616f9a47e53b50448d4c5a3504e6e296600d8884c8c4403b8", Directory, 0) seconds=0.147474024 stage="source_load"
2026-09-09T19:20:20.723951Z DEBUG transparent_shard_server::runtime: construction stage geometry="recent-8k" table="directory" seconds=0.286950669 stage="encode_database"
2026-09-09T19:20:20.724058Z DEBUG transparent_shard_server::runtime: construction stage geometry="recent-8k" table="directory" seconds=7.277e-5 stage="public_setup"
2026-09-09T19:20:21.060196Z DEBUG transparent_shard_server::runtime: runtime stage key=("95df7205357fe2d9c962d2b41daded841e05afa7b6fc8d06dfec46ad04e15335", Pages, 0) seconds=0.770656909 stage="disk_save"
2026-09-09T19:20:21.060275Z DEBUG transparent_shard_server::runtime: runtime stage key=("b16be2933ab920bc4745ea8917e5167a7a685c211e0b4febe88b4d3018f970bc", Pages, 0) seconds=1.657e-6 stage="restore_slot"
2026-09-09T19:20:21.060461Z DEBUG transparent_shard_server::runtime: runtime stage key=("b16be2933ab920bc4745ea8917e5167a7a685c211e0b4febe88b4d3018f970bc", Pages, 0) seconds=5.8713e-5 hit=false stage="disk_restore"
2026-09-09T19:20:21.334011Z DEBUG transparent_shard_server::runtime: construction stage geometry="recent-8k" table="directory" seconds=0.609947084 stage="hint_columns"
2026-09-09T19:20:23.356514Z DEBUG transparent_shard_server::runtime: construction stage geometry="recent-8k" table="directory" seconds=2.022459101 stage="pack_preprocessing"
2026-09-09T19:20:23.356810Z DEBUG transparent_shard_server::runtime: construction stage geometry="recent-8k" table="directory" seconds=0.000254658 stage="publish_parameters"
2026-09-09T19:20:23.357639Z DEBUG transparent_shard_server::runtime: runtime stage key=("73d46a59d0d03d7616f9a47e53b50448d4c5a3504e6e296600d8884c8c4403b8", Directory, 0) seconds=2.920640206 stage="runtime_build"
2026-09-09T19:20:23.357671Z DEBUG transparent_shard_server::runtime: runtime stage key=("73d46a59d0d03d7616f9a47e53b50448d4c5a3504e6e296600d8884c8c4403b8", Directory, 0) reserved_bytes=136314880 stage="serialization_handoff"
2026-09-09T19:20:23.357718Z DEBUG transparent_shard_server::runtime: runtime stage key=("73d46a59d0d03d7616f9a47e53b50448d4c5a3504e6e296600d8884c8c4403b8", Pages, 0) seconds=8.45451867 stage="build_slot"
2026-09-09T19:20:23.357822Z DEBUG transparent_shard_server::memory: cold build admission wait seconds=8.1458e-5 admitted=true
2026-09-09T19:20:23.494157Z DEBUG transparent_shard_server::runtime: runtime stage key=("73d46a59d0d03d7616f9a47e53b50448d4c5a3504e6e296600d8884c8c4403b8", Pages, 0) seconds=0.136296516 stage="source_load"
2026-09-09T19:20:23.783308Z DEBUG transparent_shard_server::runtime: construction stage geometry="recent-8k" table="pages" seconds=0.289108725 stage="encode_database"
2026-09-09T19:20:23.783416Z DEBUG transparent_shard_server::runtime: construction stage geometry="recent-8k" table="pages" seconds=7.5074e-5 stage="public_setup"
2026-09-09T19:20:24.085191Z DEBUG transparent_shard_server::runtime: runtime stage key=("73d46a59d0d03d7616f9a47e53b50448d4c5a3504e6e296600d8884c8c4403b8", Directory, 0) seconds=0.727512735 stage="disk_save"
2026-09-09T19:20:24.087203Z DEBUG transparent_shard_server::runtime: runtime stage key=("16b8227360ce35dd2e111156f5e31fd5eb500ff877879a212fef6cf8471de8a5", Directory, 0) seconds=1.506e-6 stage="restore_slot"
2026-09-09T19:20:24.087372Z DEBUG transparent_shard_server::runtime: runtime stage key=("16b8227360ce35dd2e111156f5e31fd5eb500ff877879a212fef6cf8471de8a5", Directory, 0) seconds=5.1653e-5 hit=false stage="disk_restore"
2026-09-09T19:20:24.426132Z DEBUG transparent_shard_server::runtime: construction stage geometry="recent-8k" table="pages" seconds=0.642708107 stage="hint_columns"
2026-09-09T19:20:26.407141Z DEBUG transparent_shard_server::runtime: construction stage geometry="recent-8k" table="pages" seconds=1.9809549880000001 stage="pack_preprocessing"
2026-09-09T19:20:26.407451Z DEBUG transparent_shard_server::runtime: construction stage geometry="recent-8k" table="pages" seconds=0.000252939 stage="publish_parameters"
2026-09-09T19:20:26.408255Z DEBUG transparent_shard_server::runtime: runtime stage key=("73d46a59d0d03d7616f9a47e53b50448d4c5a3504e6e296600d8884c8c4403b8", Pages, 0) seconds=2.914057422 stage="runtime_build"
2026-09-09T19:20:26.408285Z DEBUG transparent_shard_server::runtime: runtime stage key=("73d46a59d0d03d7616f9a47e53b50448d4c5a3504e6e296600d8884c8c4403b8", Pages, 0) reserved_bytes=136314880 stage="serialization_handoff"
2026-09-09T19:20:26.408409Z DEBUG transparent_shard_server::runtime: runtime stage key=("b16be2933ab920bc4745ea8917e5167a7a685c211e0b4febe88b4d3018f970bc", Directory, 0) seconds=8.460225097 stage="build_slot"
2026-09-09T19:20:26.408518Z DEBUG transparent_shard_server::memory: cold build admission wait seconds=7.9848e-5 admitted=true
2026-09-09T19:20:26.544602Z DEBUG transparent_shard_server::runtime: runtime stage key=("b16be2933ab920bc4745ea8917e5167a7a685c211e0b4febe88b4d3018f970bc", Directory, 0) seconds=0.136055549 stage="source_load"
2026-09-09T19:20:26.832558Z DEBUG transparent_shard_server::runtime: construction stage geometry="recent-8k" table="directory" seconds=0.287918569 stage="encode_database"
2026-09-09T19:20:26.832663Z DEBUG transparent_shard_server::runtime: construction stage geometry="recent-8k" table="directory" seconds=6.8617e-5 stage="public_setup"
2026-09-09T19:20:27.135194Z DEBUG transparent_shard_server::runtime: runtime stage key=("73d46a59d0d03d7616f9a47e53b50448d4c5a3504e6e296600d8884c8c4403b8", Pages, 0) seconds=0.72690264 stage="disk_save"
2026-09-09T19:20:27.136201Z DEBUG transparent_shard_server::runtime: runtime stage key=("16b8227360ce35dd2e111156f5e31fd5eb500ff877879a212fef6cf8471de8a5", Pages, 0) seconds=1.58e-6 stage="restore_slot"
2026-09-09T19:20:27.136358Z DEBUG transparent_shard_server::runtime: runtime stage key=("16b8227360ce35dd2e111156f5e31fd5eb500ff877879a212fef6cf8471de8a5", Pages, 0) seconds=4.122e-5 hit=false stage="disk_restore"
2026-09-09T19:20:27.445654Z DEBUG transparent_shard_server::runtime: construction stage geometry="recent-8k" table="directory" seconds=0.612983424 stage="hint_columns"
2026-09-09T19:20:29.417747Z DEBUG transparent_shard_server::runtime: construction stage geometry="recent-8k" table="directory" seconds=1.972048076 stage="pack_preprocessing"
2026-09-09T19:20:29.418039Z DEBUG transparent_shard_server::runtime: construction stage geometry="recent-8k" table="directory" seconds=0.000252373 stage="publish_parameters"
2026-09-09T19:20:29.418851Z DEBUG transparent_shard_server::runtime: runtime stage key=("b16be2933ab920bc4745ea8917e5167a7a685c211e0b4febe88b4d3018f970bc", Directory, 0) seconds=2.874213189 stage="runtime_build"
2026-09-09T19:20:29.418881Z DEBUG transparent_shard_server::runtime: runtime stage key=("b16be2933ab920bc4745ea8917e5167a7a685c211e0b4febe88b4d3018f970bc", Directory, 0) reserved_bytes=136314880 stage="serialization_handoff"
2026-09-09T19:20:29.421190Z DEBUG transparent_shard_server::runtime: runtime stage key=("b16be2933ab920bc4745ea8917e5167a7a685c211e0b4febe88b4d3018f970bc", Pages, 0) seconds=8.36068495 stage="build_slot"
2026-09-09T19:20:29.421280Z DEBUG transparent_shard_server::memory: cold build admission wait seconds=7.2063e-5 admitted=true
2026-09-09T19:20:29.555751Z DEBUG transparent_shard_server::runtime: runtime stage key=("b16be2933ab920bc4745ea8917e5167a7a685c211e0b4febe88b4d3018f970bc", Pages, 0) seconds=0.134442049 stage="source_load"
2026-09-09T19:20:29.842051Z DEBUG transparent_shard_server::runtime: construction stage geometry="recent-8k" table="pages" seconds=0.286263497 stage="encode_database"
2026-09-09T19:20:29.842241Z DEBUG transparent_shard_server::runtime: construction stage geometry="recent-8k" table="pages" seconds=0.000132826 stage="public_setup"
2026-09-09T19:20:30.131387Z DEBUG transparent_shard_server::runtime: runtime stage key=("b16be2933ab920bc4745ea8917e5167a7a685c211e0b4febe88b4d3018f970bc", Directory, 0) seconds=0.712499385 stage="disk_save"
2026-09-09T19:20:30.131458Z DEBUG transparent_shard_server::runtime: runtime stage key=("1cd27964911287b2a127c1f8df5e6b0c19f5b4db309391c5adb2db3072bfec6e", Directory, 0) seconds=1.802e-6 stage="restore_slot"
2026-09-09T19:20:30.131582Z DEBUG transparent_shard_server::runtime: runtime stage key=("1cd27964911287b2a127c1f8df5e6b0c19f5b4db309391c5adb2db3072bfec6e", Directory, 0) seconds=4.0543e-5 hit=false stage="disk_restore"
2026-09-09T19:20:30.479702Z DEBUG transparent_shard_server::runtime: construction stage geometry="recent-8k" table="pages" seconds=0.637452258 stage="hint_columns"
2026-09-09T19:20:32.446985Z DEBUG transparent_shard_server::runtime: construction stage geometry="recent-8k" table="pages" seconds=1.9672386130000001 stage="pack_preprocessing"
2026-09-09T19:20:32.447304Z DEBUG transparent_shard_server::runtime: construction stage geometry="recent-8k" table="pages" seconds=0.000274893 stage="publish_parameters"
2026-09-09T19:20:32.448115Z DEBUG transparent_shard_server::runtime: runtime stage key=("b16be2933ab920bc4745ea8917e5167a7a685c211e0b4febe88b4d3018f970bc", Pages, 0) seconds=2.892330091 stage="runtime_build"
2026-09-09T19:20:32.448175Z DEBUG transparent_shard_server::runtime: runtime stage key=("16b8227360ce35dd2e111156f5e31fd5eb500ff877879a212fef6cf8471de8a5", Directory, 0) seconds=8.360759746 stage="build_slot"
2026-09-09T19:20:32.448287Z DEBUG transparent_shard_server::memory: cold build admission wait seconds=0.000103268 admitted=true
2026-09-09T19:20:32.448306Z DEBUG transparent_shard_server::runtime: runtime stage key=("b16be2933ab920bc4745ea8917e5167a7a685c211e0b4febe88b4d3018f970bc", Pages, 0) reserved_bytes=136314880 stage="serialization_handoff"
2026-09-09T19:20:32.584406Z DEBUG transparent_shard_server::runtime: runtime stage key=("16b8227360ce35dd2e111156f5e31fd5eb500ff877879a212fef6cf8471de8a5", Directory, 0) seconds=0.136090352 stage="source_load"
2026-09-09T19:20:32.883972Z DEBUG transparent_shard_server::runtime: construction stage geometry="recent-8k" table="directory" seconds=0.29952673 stage="encode_database"
2026-09-09T19:20:32.884109Z DEBUG transparent_shard_server::runtime: construction stage geometry="recent-8k" table="directory" seconds=0.000104379 stage="public_setup"
2026-09-09T19:20:33.166234Z DEBUG transparent_shard_server::runtime: runtime stage key=("b16be2933ab920bc4745ea8917e5167a7a685c211e0b4febe88b4d3018f970bc", Pages, 0) seconds=0.717920593 stage="disk_save"
2026-09-09T19:20:33.166307Z DEBUG transparent_shard_server::runtime: runtime stage key=("1cd27964911287b2a127c1f8df5e6b0c19f5b4db309391c5adb2db3072bfec6e", Pages, 0) seconds=2.136e-6 stage="restore_slot"
2026-09-09T19:20:33.166441Z DEBUG transparent_shard_server::runtime: runtime stage key=("1cd27964911287b2a127c1f8df5e6b0c19f5b4db309391c5adb2db3072bfec6e", Pages, 0) seconds=4.3714e-5 hit=false stage="disk_restore"
2026-09-09T19:20:33.490146Z DEBUG transparent_shard_server::runtime: construction stage geometry="recent-8k" table="directory" seconds=0.606026975 stage="hint_columns"
2026-09-09T19:20:35.494646Z DEBUG transparent_shard_server::runtime: construction stage geometry="recent-8k" table="directory" seconds=2.004444234 stage="pack_preprocessing"
2026-09-09T19:20:35.494950Z DEBUG transparent_shard_server::runtime: construction stage geometry="recent-8k" table="directory" seconds=0.00026596 stage="publish_parameters"
2026-09-09T19:20:35.495780Z DEBUG transparent_shard_server::runtime: runtime stage key=("16b8227360ce35dd2e111156f5e31fd5eb500ff877879a212fef6cf8471de8a5", Directory, 0) seconds=2.911337423 stage="runtime_build"
2026-09-09T19:20:35.495813Z DEBUG transparent_shard_server::runtime: runtime stage key=("16b8227360ce35dd2e111156f5e31fd5eb500ff877879a212fef6cf8471de8a5", Directory, 0) reserved_bytes=136314880 stage="serialization_handoff"
2026-09-09T19:20:35.495844Z DEBUG transparent_shard_server::runtime: runtime stage key=("16b8227360ce35dd2e111156f5e31fd5eb500ff877879a212fef6cf8471de8a5", Pages, 0) seconds=8.358661343 stage="build_slot"
2026-09-09T19:20:35.495948Z DEBUG transparent_shard_server::memory: cold build admission wait seconds=8.0646e-5 admitted=true
2026-09-09T19:20:35.629105Z DEBUG transparent_shard_server::runtime: runtime stage key=("16b8227360ce35dd2e111156f5e31fd5eb500ff877879a212fef6cf8471de8a5", Pages, 0) seconds=0.133109077 stage="source_load"
2026-09-09T19:20:35.916781Z DEBUG transparent_shard_server::runtime: construction stage geometry="recent-8k" table="pages" seconds=0.287637423 stage="encode_database"
2026-09-09T19:20:35.916902Z DEBUG transparent_shard_server::runtime: construction stage geometry="recent-8k" table="pages" seconds=8.9984e-5 stage="public_setup"
2026-09-09T19:20:36.225475Z DEBUG transparent_shard_server::runtime: runtime stage key=("16b8227360ce35dd2e111156f5e31fd5eb500ff877879a212fef6cf8471de8a5", Directory, 0) seconds=0.729641853 stage="disk_save"
2026-09-09T19:20:36.227202Z DEBUG transparent_shard_server::runtime: runtime stage key=("27f56c565263ecffb8c7736d4e811665d81bf4ed71c7978431fcc4f45b645ee1", Directory, 0) seconds=1.442e-6 stage="restore_slot"
2026-09-09T19:20:36.227365Z DEBUG transparent_shard_server::runtime: runtime stage key=("27f56c565263ecffb8c7736d4e811665d81bf4ed71c7978431fcc4f45b645ee1", Directory, 0) seconds=4.2521e-5 hit=false stage="disk_restore"
2026-09-09T19:20:36.562823Z DEBUG transparent_shard_server::runtime: construction stage geometry="recent-8k" table="pages" seconds=0.645913643 stage="hint_columns"
2026-09-09T19:20:38.575455Z DEBUG transparent_shard_server::runtime: construction stage geometry="recent-8k" table="pages" seconds=2.012586938 stage="pack_preprocessing"
2026-09-09T19:20:38.575753Z DEBUG transparent_shard_server::runtime: construction stage geometry="recent-8k" table="pages" seconds=0.000251783 stage="publish_parameters"
2026-09-09T19:20:38.576651Z DEBUG transparent_shard_server::runtime: runtime stage key=("16b8227360ce35dd2e111156f5e31fd5eb500ff877879a212fef6cf8471de8a5", Pages, 0) seconds=2.9475084799999998 stage="runtime_build"
2026-09-09T19:20:38.576687Z DEBUG transparent_shard_server::runtime: runtime stage key=("16b8227360ce35dd2e111156f5e31fd5eb500ff877879a212fef6cf8471de8a5", Pages, 0) reserved_bytes=136314880 stage="serialization_handoff"
2026-09-09T19:20:38.576797Z DEBUG transparent_shard_server::runtime: runtime stage key=("1cd27964911287b2a127c1f8df5e6b0c19f5b4db309391c5adb2db3072bfec6e", Directory, 0) seconds=8.442613304 stage="build_slot"
2026-09-09T19:20:38.576933Z DEBUG transparent_shard_server::memory: cold build admission wait seconds=0.00010873 admitted=true
2026-09-09T19:20:38.713424Z DEBUG transparent_shard_server::runtime: runtime stage key=("1cd27964911287b2a127c1f8df5e6b0c19f5b4db309391c5adb2db3072bfec6e", Directory, 0) seconds=0.13645292 stage="source_load"
2026-09-09T19:20:39.002961Z DEBUG transparent_shard_server::runtime: construction stage geometry="recent-8k" table="directory" seconds=0.28950052 stage="encode_database"
2026-09-09T19:20:39.003075Z DEBUG transparent_shard_server::runtime: construction stage geometry="recent-8k" table="directory" seconds=7.5052e-5 stage="public_setup"
2026-09-09T19:20:39.301922Z DEBUG transparent_shard_server::runtime: runtime stage key=("16b8227360ce35dd2e111156f5e31fd5eb500ff877879a212fef6cf8471de8a5", Pages, 0) seconds=0.725227926 stage="disk_save"
2026-09-09T19:20:39.304202Z DEBUG transparent_shard_server::runtime: runtime stage key=("27f56c565263ecffb8c7736d4e811665d81bf4ed71c7978431fcc4f45b645ee1", Pages, 0) seconds=1.539e-6 stage="restore_slot"
2026-09-09T19:20:39.304364Z DEBUG transparent_shard_server::runtime: runtime stage key=("27f56c565263ecffb8c7736d4e811665d81bf4ed71c7978431fcc4f45b645ee1", Pages, 0) seconds=4.181e-5 hit=false stage="disk_restore"
2026-09-09T19:20:39.603630Z DEBUG transparent_shard_server::runtime: construction stage geometry="recent-8k" table="directory" seconds=0.600547907 stage="hint_columns"
2026-09-09T19:20:41.606395Z DEBUG transparent_shard_server::runtime: construction stage geometry="recent-8k" table="directory" seconds=2.00271886 stage="pack_preprocessing"
2026-09-09T19:20:41.606694Z DEBUG transparent_shard_server::runtime: construction stage geometry="recent-8k" table="directory" seconds=0.000256564 stage="publish_parameters"
2026-09-09T19:20:41.607510Z DEBUG transparent_shard_server::runtime: runtime stage key=("1cd27964911287b2a127c1f8df5e6b0c19f5b4db309391c5adb2db3072bfec6e", Directory, 0) seconds=2.894051925 stage="runtime_build"
2026-09-09T19:20:41.607553Z DEBUG transparent_shard_server::runtime: runtime stage key=("1cd27964911287b2a127c1f8df5e6b0c19f5b4db309391c5adb2db3072bfec6e", Pages, 0) seconds=8.441064343 stage="build_slot"
2026-09-09T19:20:41.607640Z DEBUG transparent_shard_server::memory: cold build admission wait seconds=8.2051e-5 admitted=true
2026-09-09T19:20:41.607659Z DEBUG transparent_shard_server::runtime: runtime stage key=("1cd27964911287b2a127c1f8df5e6b0c19f5b4db309391c5adb2db3072bfec6e", Directory, 0) reserved_bytes=136314880 stage="serialization_handoff"
2026-09-09T19:20:41.743173Z DEBUG transparent_shard_server::runtime: runtime stage key=("1cd27964911287b2a127c1f8df5e6b0c19f5b4db309391c5adb2db3072bfec6e", Pages, 0) seconds=0.135510209 stage="source_load"
2026-09-09T19:20:42.032044Z DEBUG transparent_shard_server::runtime: construction stage geometry="recent-8k" table="pages" seconds=0.28883531 stage="encode_database"
2026-09-09T19:20:42.032146Z DEBUG transparent_shard_server::runtime: construction stage geometry="recent-8k" table="pages" seconds=7.3075e-5 stage="public_setup"
2026-09-09T19:20:42.420476Z DEBUG transparent_shard_server::runtime: runtime stage key=("1cd27964911287b2a127c1f8df5e6b0c19f5b4db309391c5adb2db3072bfec6e", Directory, 0) seconds=0.812810921 stage="disk_save"
2026-09-09T19:20:42.420555Z DEBUG transparent_shard_server::runtime: runtime stage key=("ced665ae1f1140944bcd0c9aa2b83c1019df768df87fa513f9509106fc5b88c1", Directory, 0) seconds=1.818e-6 stage="restore_slot"
2026-09-09T19:20:42.420726Z DEBUG transparent_shard_server::runtime: runtime stage key=("ced665ae1f1140944bcd0c9aa2b83c1019df768df87fa513f9509106fc5b88c1", Directory, 0) seconds=3.8753e-5 hit=false stage="disk_restore"
2026-09-09T19:20:42.734420Z DEBUG transparent_shard_server::runtime: construction stage geometry="recent-8k" table="pages" seconds=0.702267332 stage="hint_columns"
2026-09-09T19:20:44.729127Z DEBUG transparent_shard_server::runtime: construction stage geometry="recent-8k" table="pages" seconds=1.99466254 stage="pack_preprocessing"
2026-09-09T19:20:44.729435Z DEBUG transparent_shard_server::runtime: construction stage geometry="recent-8k" table="pages" seconds=0.000252222 stage="publish_parameters"
2026-09-09T19:20:44.730232Z DEBUG transparent_shard_server::runtime: runtime stage key=("1cd27964911287b2a127c1f8df5e6b0c19f5b4db309391c5adb2db3072bfec6e", Pages, 0) seconds=2.9870248310000003 stage="runtime_build"
2026-09-09T19:20:44.730256Z DEBUG transparent_shard_server::runtime: runtime stage key=("1cd27964911287b2a127c1f8df5e6b0c19f5b4db309391c5adb2db3072bfec6e", Pages, 0) reserved_bytes=136314880 stage="serialization_handoff"
2026-09-09T19:20:44.730428Z DEBUG transparent_shard_server::runtime: runtime stage key=("27f56c565263ecffb8c7736d4e811665d81bf4ed71c7978431fcc4f45b645ee1", Directory, 0) seconds=8.503026793 stage="build_slot"
2026-09-09T19:20:44.730538Z DEBUG transparent_shard_server::memory: cold build admission wait seconds=7.9555e-5 admitted=true
2026-09-09T19:20:44.866235Z DEBUG transparent_shard_server::runtime: runtime stage key=("27f56c565263ecffb8c7736d4e811665d81bf4ed71c7978431fcc4f45b645ee1", Directory, 0) seconds=0.135561396 stage="source_load"
2026-09-09T19:20:45.165313Z DEBUG transparent_shard_server::runtime: construction stage geometry="recent-8k" table="directory" seconds=0.299043577 stage="encode_database"
2026-09-09T19:20:45.165434Z DEBUG transparent_shard_server::runtime: construction stage geometry="recent-8k" table="directory" seconds=7.5309e-5 stage="public_setup"
2026-09-09T19:20:45.454193Z DEBUG transparent_shard_server::runtime: runtime stage key=("1cd27964911287b2a127c1f8df5e6b0c19f5b4db309391c5adb2db3072bfec6e", Pages, 0) seconds=0.723930913 stage="disk_save"
2026-09-09T19:20:45.455233Z DEBUG transparent_shard_server::runtime: runtime stage key=("ced665ae1f1140944bcd0c9aa2b83c1019df768df87fa513f9509106fc5b88c1", Pages, 0) seconds=1.843e-6 stage="restore_slot"
2026-09-09T19:20:45.455392Z DEBUG transparent_shard_server::runtime: runtime stage key=("ced665ae1f1140944bcd0c9aa2b83c1019df768df87fa513f9509106fc5b88c1", Pages, 0) seconds=4.0776e-5 hit=false stage="disk_restore"
2026-09-09T19:20:45.777458Z DEBUG transparent_shard_server::runtime: construction stage geometry="recent-8k" table="directory" seconds=0.612015951 stage="hint_columns"
2026-09-09T19:20:47.787028Z DEBUG transparent_shard_server::runtime: construction stage geometry="recent-8k" table="directory" seconds=2.00952658 stage="pack_preprocessing"
2026-09-09T19:20:47.787408Z DEBUG transparent_shard_server::runtime: construction stage geometry="recent-8k" table="directory" seconds=0.00033219 stage="publish_parameters"
2026-09-09T19:20:47.788239Z DEBUG transparent_shard_server::runtime: runtime stage key=("27f56c565263ecffb8c7736d4e811665d81bf4ed71c7978431fcc4f45b645ee1", Directory, 0) seconds=2.921971047 stage="runtime_build"
2026-09-09T19:20:47.788267Z DEBUG transparent_shard_server::runtime: runtime stage key=("27f56c565263ecffb8c7736d4e811665d81bf4ed71c7978431fcc4f45b645ee1", Directory, 0) reserved_bytes=136314880 stage="serialization_handoff"
2026-09-09T19:20:47.788322Z DEBUG transparent_shard_server::runtime: runtime stage key=("27f56c565263ecffb8c7736d4e811665d81bf4ed71c7978431fcc4f45b645ee1", Pages, 0) seconds=8.48112449 stage="build_slot"
2026-09-09T19:20:47.788427Z DEBUG transparent_shard_server::memory: cold build admission wait seconds=8.0618e-5 admitted=true
2026-09-09T19:20:47.924494Z DEBUG transparent_shard_server::runtime: runtime stage key=("27f56c565263ecffb8c7736d4e811665d81bf4ed71c7978431fcc4f45b645ee1", Pages, 0) seconds=0.136039544 stage="source_load"
2026-09-09T19:20:48.221415Z DEBUG transparent_shard_server::runtime: construction stage geometry="recent-8k" table="pages" seconds=0.296883493 stage="encode_database"
2026-09-09T19:20:48.221526Z DEBUG transparent_shard_server::runtime: construction stage geometry="recent-8k" table="pages" seconds=7.617e-5 stage="public_setup"
2026-09-09T19:20:48.515207Z DEBUG transparent_shard_server::runtime: runtime stage key=("27f56c565263ecffb8c7736d4e811665d81bf4ed71c7978431fcc4f45b645ee1", Directory, 0) seconds=0.726934078 stage="disk_save"
2026-09-09T19:20:48.516215Z DEBUG transparent_shard_server::runtime: runtime stage key=("2d4497bf9e8bafc6139ee4e57114238a7ecfa0782702939922bf2a79b1fe05bf", Directory, 0) seconds=2.113e-6 stage="restore_slot"
2026-09-09T19:20:48.516403Z DEBUG transparent_shard_server::runtime: runtime stage key=("2d4497bf9e8bafc6139ee4e57114238a7ecfa0782702939922bf2a79b1fe05bf", Directory, 0) seconds=3.9881e-5 hit=false stage="disk_restore"
2026-09-09T19:20:48.880759Z DEBUG transparent_shard_server::runtime: construction stage geometry="recent-8k" table="pages" seconds=0.659226592 stage="hint_columns"
test burst::publication_burst_under_exact_load has been running for over 60 seconds
2026-09-09T19:20:50.887489Z DEBUG transparent_shard_server::runtime: construction stage geometry="recent-8k" table="pages" seconds=2.006685004 stage="pack_preprocessing"
2026-09-09T19:20:50.887780Z DEBUG transparent_shard_server::runtime: construction stage geometry="recent-8k" table="pages" seconds=0.0002516 stage="publish_parameters"
2026-09-09T19:20:50.888612Z DEBUG transparent_shard_server::runtime: runtime stage key=("27f56c565263ecffb8c7736d4e811665d81bf4ed71c7978431fcc4f45b645ee1", Pages, 0) seconds=2.964082614 stage="runtime_build"
2026-09-09T19:20:50.888665Z DEBUG transparent_shard_server::runtime: runtime stage key=("ced665ae1f1140944bcd0c9aa2b83c1019df768df87fa513f9509106fc5b88c1", Directory, 0) seconds=8.465472429 stage="build_slot"
2026-09-09T19:20:50.888755Z DEBUG transparent_shard_server::memory: cold build admission wait seconds=8.4563e-5 admitted=true
2026-09-09T19:20:50.888775Z DEBUG transparent_shard_server::runtime: runtime stage key=("27f56c565263ecffb8c7736d4e811665d81bf4ed71c7978431fcc4f45b645ee1", Pages, 0) reserved_bytes=136314880 stage="serialization_handoff"
2026-09-09T19:20:51.024360Z DEBUG transparent_shard_server::runtime: runtime stage key=("ced665ae1f1140944bcd0c9aa2b83c1019df768df87fa513f9509106fc5b88c1", Directory, 0) seconds=0.135575076 stage="source_load"
2026-09-09T19:20:51.320501Z DEBUG transparent_shard_server::runtime: construction stage geometry="recent-8k" table="directory" seconds=0.296109636 stage="encode_database"
2026-09-09T19:20:51.320620Z DEBUG transparent_shard_server::runtime: construction stage geometry="recent-8k" table="directory" seconds=8.66e-5 stage="public_setup"
2026-09-09T19:20:51.613192Z DEBUG transparent_shard_server::runtime: runtime stage key=("27f56c565263ecffb8c7736d4e811665d81bf4ed71c7978431fcc4f45b645ee1", Pages, 0) seconds=0.724409014 stage="disk_save"
2026-09-09T19:20:51.613262Z DEBUG transparent_shard_server::runtime: runtime stage key=("2d4497bf9e8bafc6139ee4e57114238a7ecfa0782702939922bf2a79b1fe05bf", Pages, 0) seconds=1.644e-6 stage="restore_slot"
2026-09-09T19:20:51.613386Z DEBUG transparent_shard_server::runtime: runtime stage key=("2d4497bf9e8bafc6139ee4e57114238a7ecfa0782702939922bf2a79b1fe05bf", Pages, 0) seconds=3.8066e-5 hit=false stage="disk_restore"
2026-09-09T19:20:51.914996Z DEBUG transparent_shard_server::runtime: construction stage geometry="recent-8k" table="directory" seconds=0.594369683 stage="hint_columns"
2026-09-09T19:20:53.915775Z DEBUG transparent_shard_server::runtime: construction stage geometry="recent-8k" table="directory" seconds=2.00073974 stage="pack_preprocessing"
2026-09-09T19:20:53.916069Z DEBUG transparent_shard_server::runtime: construction stage geometry="recent-8k" table="directory" seconds=0.000252837 stage="publish_parameters"
2026-09-09T19:20:53.917125Z DEBUG transparent_shard_server::runtime: runtime stage key=("ced665ae1f1140944bcd0c9aa2b83c1019df768df87fa513f9509106fc5b88c1", Directory, 0) seconds=2.892735846 stage="runtime_build"
2026-09-09T19:20:53.917172Z DEBUG transparent_shard_server::runtime: runtime stage key=("ced665ae1f1140944bcd0c9aa2b83c1019df768df87fa513f9509106fc5b88c1", Directory, 0) reserved_bytes=136314880 stage="serialization_handoff"
2026-09-09T19:20:53.917196Z DEBUG transparent_shard_server::runtime: runtime stage key=("ced665ae1f1140944bcd0c9aa2b83c1019df768df87fa513f9509106fc5b88c1", Pages, 0) seconds=8.461774151 stage="build_slot"
2026-09-09T19:20:53.917297Z DEBUG transparent_shard_server::memory: cold build admission wait seconds=7.8933e-5 admitted=true
2026-09-09T19:20:54.055223Z DEBUG transparent_shard_server::runtime: runtime stage key=("ced665ae1f1140944bcd0c9aa2b83c1019df768df87fa513f9509106fc5b88c1", Pages, 0) seconds=0.13790903 stage="source_load"
2026-09-09T19:20:54.353742Z DEBUG transparent_shard_server::runtime: construction stage geometry="recent-8k" table="pages" seconds=0.298484993 stage="encode_database"
2026-09-09T19:20:54.353848Z DEBUG transparent_shard_server::runtime: construction stage geometry="recent-8k" table="pages" seconds=7.4869e-5 stage="public_setup"
2026-09-09T19:20:54.628861Z DEBUG transparent_shard_server::runtime: runtime stage key=("ced665ae1f1140944bcd0c9aa2b83c1019df768df87fa513f9509106fc5b88c1", Directory, 0) seconds=0.711681416 stage="disk_save"
2026-09-09T19:20:54.631199Z DEBUG transparent_shard_server::runtime: runtime stage key=("a4bd72b37c0aafb265c77bb09cbc402cf69b65a87a1fabc8a0f12614b35469be", Directory, 0) seconds=1.605e-6 stage="restore_slot"
2026-09-09T19:20:54.631354Z DEBUG transparent_shard_server::runtime: runtime stage key=("a4bd72b37c0aafb265c77bb09cbc402cf69b65a87a1fabc8a0f12614b35469be", Directory, 0) seconds=4.1876e-5 hit=false stage="disk_restore"
2026-09-09T19:20:54.989646Z DEBUG transparent_shard_server::runtime: construction stage geometry="recent-8k" table="pages" seconds=0.635791117 stage="hint_columns"
2026-09-09T19:20:56.998827Z DEBUG transparent_shard_server::runtime: construction stage geometry="recent-8k" table="pages" seconds=2.009138997 stage="pack_preprocessing"
2026-09-09T19:20:56.999136Z DEBUG transparent_shard_server::runtime: construction stage geometry="recent-8k" table="pages" seconds=0.000266865 stage="publish_parameters"
2026-09-09T19:20:56.999913Z DEBUG transparent_shard_server::runtime: runtime stage key=("ced665ae1f1140944bcd0c9aa2b83c1019df768df87fa513f9509106fc5b88c1", Pages, 0) seconds=2.9446589789999997 stage="runtime_build"
2026-09-09T19:20:56.999942Z DEBUG transparent_shard_server::runtime: runtime stage key=("ced665ae1f1140944bcd0c9aa2b83c1019df768df87fa513f9509106fc5b88c1", Pages, 0) reserved_bytes=136314880 stage="serialization_handoff"
2026-09-09T19:20:57.000091Z DEBUG transparent_shard_server::runtime: runtime stage key=("2d4497bf9e8bafc6139ee4e57114238a7ecfa0782702939922bf2a79b1fe05bf", Directory, 0) seconds=8.48366943 stage="build_slot"
2026-09-09T19:20:57.000224Z DEBUG transparent_shard_server::memory: cold build admission wait seconds=0.000104061 admitted=true
2026-09-09T19:20:57.139314Z DEBUG transparent_shard_server::runtime: runtime stage key=("2d4497bf9e8bafc6139ee4e57114238a7ecfa0782702939922bf2a79b1fe05bf", Directory, 0) seconds=0.139038944 stage="source_load"
2026-09-09T19:20:57.438269Z DEBUG transparent_shard_server::runtime: construction stage geometry="recent-8k" table="directory" seconds=0.298919739 stage="encode_database"
2026-09-09T19:20:57.438400Z DEBUG transparent_shard_server::runtime: construction stage geometry="recent-8k" table="directory" seconds=9.7999e-5 stage="public_setup"
2026-09-09T19:20:57.715132Z DEBUG transparent_shard_server::runtime: runtime stage key=("ced665ae1f1140944bcd0c9aa2b83c1019df768df87fa513f9509106fc5b88c1", Pages, 0) seconds=0.715183036 stage="disk_save"
2026-09-09T19:20:57.715220Z DEBUG transparent_shard_server::runtime: runtime stage key=("a4bd72b37c0aafb265c77bb09cbc402cf69b65a87a1fabc8a0f12614b35469be", Pages, 0) seconds=1.897e-6 stage="restore_slot"
2026-09-09T19:20:57.715379Z DEBUG transparent_shard_server::runtime: runtime stage key=("a4bd72b37c0aafb265c77bb09cbc402cf69b65a87a1fabc8a0f12614b35469be", Pages, 0) seconds=4.0153e-5 hit=false stage="disk_restore"
2026-09-09T19:20:58.032443Z DEBUG transparent_shard_server::runtime: construction stage geometry="recent-8k" table="directory" seconds=0.594036271 stage="hint_columns"
2026-09-09T19:21:00.026548Z DEBUG transparent_shard_server::runtime: construction stage geometry="recent-8k" table="directory" seconds=1.994060983 stage="pack_preprocessing"
2026-09-09T19:21:00.026828Z DEBUG transparent_shard_server::runtime: construction stage geometry="recent-8k" table="directory" seconds=0.000238427 stage="publish_parameters"
2026-09-09T19:21:00.027639Z DEBUG transparent_shard_server::runtime: runtime stage key=("2d4497bf9e8bafc6139ee4e57114238a7ecfa0782702939922bf2a79b1fe05bf", Directory, 0) seconds=2.888291311 stage="runtime_build"
2026-09-09T19:21:00.027664Z DEBUG transparent_shard_server::runtime: runtime stage key=("2d4497bf9e8bafc6139ee4e57114238a7ecfa0782702939922bf2a79b1fe05bf", Directory, 0) reserved_bytes=136314880 stage="serialization_handoff"
2026-09-09T19:21:00.027700Z DEBUG transparent_shard_server::runtime: runtime stage key=("2d4497bf9e8bafc6139ee4e57114238a7ecfa0782702939922bf2a79b1fe05bf", Pages, 0) seconds=8.412505771 stage="build_slot"
2026-09-09T19:21:00.027814Z DEBUG transparent_shard_server::memory: cold build admission wait seconds=8.3571e-5 admitted=true
2026-09-09T19:21:00.163538Z DEBUG transparent_shard_server::runtime: runtime stage key=("2d4497bf9e8bafc6139ee4e57114238a7ecfa0782702939922bf2a79b1fe05bf", Pages, 0) seconds=0.135694458 stage="source_load"
2026-09-09T19:21:00.465811Z DEBUG transparent_shard_server::runtime: construction stage geometry="recent-8k" table="pages" seconds=0.30223379 stage="encode_database"
2026-09-09T19:21:00.465928Z DEBUG transparent_shard_server::runtime: construction stage geometry="recent-8k" table="pages" seconds=7.4434e-5 stage="public_setup"
2026-09-09T19:21:00.758191Z DEBUG transparent_shard_server::runtime: runtime stage key=("2d4497bf9e8bafc6139ee4e57114238a7ecfa0782702939922bf2a79b1fe05bf", Directory, 0) seconds=0.730520539 stage="disk_save"
2026-09-09T19:21:00.761201Z DEBUG transparent_shard_server::runtime: runtime stage key=("c907a0aa45b2551520863990845279fd25135889865e088c2dad6ea0d32b8fde", Directory, 0) seconds=1.516e-6 stage="restore_slot"
2026-09-09T19:21:00.761361Z DEBUG transparent_shard_server::runtime: runtime stage key=("c907a0aa45b2551520863990845279fd25135889865e088c2dad6ea0d32b8fde", Directory, 0) seconds=4.1392e-5 hit=false stage="disk_restore"
2026-09-09T19:21:01.113453Z DEBUG transparent_shard_server::runtime: construction stage geometry="recent-8k" table="pages" seconds=0.647517694 stage="hint_columns"
2026-09-09T19:21:03.136566Z DEBUG transparent_shard_server::runtime: construction stage geometry="recent-8k" table="pages" seconds=2.023068762 stage="pack_preprocessing"
2026-09-09T19:21:03.136867Z DEBUG transparent_shard_server::runtime: construction stage geometry="recent-8k" table="pages" seconds=0.000261928 stage="publish_parameters"
2026-09-09T19:21:03.137646Z DEBUG transparent_shard_server::runtime: runtime stage key=("2d4497bf9e8bafc6139ee4e57114238a7ecfa0782702939922bf2a79b1fe05bf", Pages, 0) seconds=2.974072364 stage="runtime_build"
2026-09-09T19:21:03.137688Z DEBUG transparent_shard_server::runtime: runtime stage key=("a4bd72b37c0aafb265c77bb09cbc402cf69b65a87a1fabc8a0f12614b35469be", Directory, 0) seconds=8.506285763 stage="build_slot"
2026-09-09T19:21:03.137775Z DEBUG transparent_shard_server::memory: cold build admission wait seconds=8.1789e-5 admitted=true
2026-09-09T19:21:03.137793Z DEBUG transparent_shard_server::runtime: runtime stage key=("2d4497bf9e8bafc6139ee4e57114238a7ecfa0782702939922bf2a79b1fe05bf", Pages, 0) reserved_bytes=136314880 stage="serialization_handoff"
2026-09-09T19:21:03.273796Z DEBUG transparent_shard_server::runtime: runtime stage key=("a4bd72b37c0aafb265c77bb09cbc402cf69b65a87a1fabc8a0f12614b35469be", Directory, 0) seconds=0.135986613 stage="source_load"
2026-09-09T19:21:03.574753Z DEBUG transparent_shard_server::runtime: construction stage geometry="recent-8k" table="directory" seconds=0.300921308 stage="encode_database"
2026-09-09T19:21:03.574889Z DEBUG transparent_shard_server::runtime: construction stage geometry="recent-8k" table="directory" seconds=0.000106047 stage="public_setup"
2026-09-09T19:21:03.850992Z DEBUG transparent_shard_server::runtime: runtime stage key=("2d4497bf9e8bafc6139ee4e57114238a7ecfa0782702939922bf2a79b1fe05bf", Pages, 0) seconds=0.713193166 stage="disk_save"
2026-09-09T19:21:03.851056Z DEBUG transparent_shard_server::runtime: runtime stage key=("c907a0aa45b2551520863990845279fd25135889865e088c2dad6ea0d32b8fde", Pages, 0) seconds=1.44e-6 stage="restore_slot"
2026-09-09T19:21:03.851193Z DEBUG transparent_shard_server::runtime: runtime stage key=("c907a0aa45b2551520863990845279fd25135889865e088c2dad6ea0d32b8fde", Pages, 0) seconds=4.7352e-5 hit=false stage="disk_restore"
2026-09-09T19:21:04.170205Z DEBUG transparent_shard_server::runtime: construction stage geometry="recent-8k" table="directory" seconds=0.5953082 stage="hint_columns"
2026-09-09T19:21:06.174664Z DEBUG transparent_shard_server::runtime: construction stage geometry="recent-8k" table="directory" seconds=2.004414127 stage="pack_preprocessing"
2026-09-09T19:21:06.174975Z DEBUG transparent_shard_server::runtime: construction stage geometry="recent-8k" table="directory" seconds=0.000269451 stage="publish_parameters"
2026-09-09T19:21:06.175784Z DEBUG transparent_shard_server::runtime: runtime stage key=("a4bd72b37c0aafb265c77bb09cbc402cf69b65a87a1fabc8a0f12614b35469be", Directory, 0) seconds=2.901955107 stage="runtime_build"
2026-09-09T19:21:06.175815Z DEBUG transparent_shard_server::runtime: runtime stage key=("a4bd72b37c0aafb265c77bb09cbc402cf69b65a87a1fabc8a0f12614b35469be", Directory, 0) reserved_bytes=136314880 stage="serialization_handoff"
2026-09-09T19:21:06.175933Z DEBUG transparent_shard_server::runtime: runtime stage key=("a4bd72b37c0aafb265c77bb09cbc402cf69b65a87a1fabc8a0f12614b35469be", Pages, 0) seconds=8.45774511 stage="build_slot"
2026-09-09T19:21:06.176040Z DEBUG transparent_shard_server::memory: cold build admission wait seconds=8.3528e-5 admitted=true
2026-09-09T19:21:06.314200Z DEBUG transparent_shard_server::runtime: runtime stage key=("a4bd72b37c0aafb265c77bb09cbc402cf69b65a87a1fabc8a0f12614b35469be", Pages, 0) seconds=0.138139558 stage="source_load"
2026-09-09T19:21:06.616316Z DEBUG transparent_shard_server::runtime: construction stage geometry="recent-8k" table="pages" seconds=0.30207926 stage="encode_database"
2026-09-09T19:21:06.616425Z DEBUG transparent_shard_server::runtime: construction stage geometry="recent-8k" table="pages" seconds=7.3833e-5 stage="public_setup"
2026-09-09T19:21:06.909204Z DEBUG transparent_shard_server::runtime: runtime stage key=("a4bd72b37c0aafb265c77bb09cbc402cf69b65a87a1fabc8a0f12614b35469be", Directory, 0) seconds=0.7333704 stage="disk_save"
2026-09-09T19:21:06.911230Z DEBUG transparent_shard_server::runtime: runtime stage key=("67574e8d4c7f7c258f8c7488f73e80a9476f8074c3db3540325133ff25020c2b", Directory, 0) seconds=2.392e-6 stage="restore_slot"
2026-09-09T19:21:06.911410Z DEBUG transparent_shard_server::runtime: runtime stage key=("67574e8d4c7f7c258f8c7488f73e80a9476f8074c3db3540325133ff25020c2b", Directory, 0) seconds=4.5873e-5 hit=false stage="disk_restore"
2026-09-09T19:21:07.262691Z DEBUG transparent_shard_server::runtime: construction stage geometry="recent-8k" table="pages" seconds=0.646259815 stage="hint_columns"
2026-09-09T19:21:09.279771Z DEBUG transparent_shard_server::runtime: construction stage geometry="recent-8k" table="pages" seconds=2.017034804 stage="pack_preprocessing"
2026-09-09T19:21:09.280132Z DEBUG transparent_shard_server::runtime: construction stage geometry="recent-8k" table="pages" seconds=0.000319957 stage="publish_parameters"
2026-09-09T19:21:09.281080Z DEBUG transparent_shard_server::runtime: runtime stage key=("a4bd72b37c0aafb265c77bb09cbc402cf69b65a87a1fabc8a0f12614b35469be", Pages, 0) seconds=2.966844739 stage="runtime_build"
2026-09-09T19:21:09.281118Z DEBUG transparent_shard_server::runtime: runtime stage key=("a4bd72b37c0aafb265c77bb09cbc402cf69b65a87a1fabc8a0f12614b35469be", Pages, 0) reserved_bytes=136314880 stage="serialization_handoff"
2026-09-09T19:21:09.281153Z DEBUG transparent_shard_server::runtime: runtime stage key=("c907a0aa45b2551520863990845279fd25135889865e088c2dad6ea0d32b8fde", Directory, 0) seconds=8.516964123 stage="build_slot"
2026-09-09T19:21:09.281284Z DEBUG transparent_shard_server::memory: cold build admission wait seconds=9.0671e-5 admitted=true
2026-09-09T19:21:09.418783Z DEBUG transparent_shard_server::runtime: runtime stage key=("c907a0aa45b2551520863990845279fd25135889865e088c2dad6ea0d32b8fde", Directory, 0) seconds=0.137478196 stage="source_load"
2026-09-09T19:21:09.718983Z DEBUG transparent_shard_server::runtime: construction stage geometry="recent-8k" table="directory" seconds=0.300162039 stage="encode_database"
2026-09-09T19:21:09.719093Z DEBUG transparent_shard_server::runtime: construction stage geometry="recent-8k" table="directory" seconds=7.5175e-5 stage="public_setup"
2026-09-09T19:21:10.030201Z DEBUG transparent_shard_server::runtime: runtime stage key=("a4bd72b37c0aafb265c77bb09cbc402cf69b65a87a1fabc8a0f12614b35469be", Pages, 0) seconds=0.749075724 stage="disk_save"
2026-09-09T19:21:10.030279Z DEBUG transparent_shard_server::runtime: runtime stage key=("67574e8d4c7f7c258f8c7488f73e80a9476f8074c3db3540325133ff25020c2b", Pages, 0) seconds=1.791e-6 stage="restore_slot"
2026-09-09T19:21:10.030421Z DEBUG transparent_shard_server::runtime: runtime stage key=("67574e8d4c7f7c258f8c7488f73e80a9476f8074c3db3540325133ff25020c2b", Pages, 0) seconds=4.6303e-5 hit=false stage="disk_restore"
2026-09-09T19:21:10.318730Z DEBUG transparent_shard_server::runtime: construction stage geometry="recent-8k" table="directory" seconds=0.599631241 stage="hint_columns"
2026-09-09T19:21:12.324586Z DEBUG transparent_shard_server::runtime: construction stage geometry="recent-8k" table="directory" seconds=2.005816531 stage="pack_preprocessing"
2026-09-09T19:21:12.324898Z DEBUG transparent_shard_server::runtime: construction stage geometry="recent-8k" table="directory" seconds=0.000270491 stage="publish_parameters"
2026-09-09T19:21:12.325693Z DEBUG transparent_shard_server::runtime: runtime stage key=("c907a0aa45b2551520863990845279fd25135889865e088c2dad6ea0d32b8fde", Directory, 0) seconds=2.906874865 stage="runtime_build"
2026-09-09T19:21:12.325729Z DEBUG transparent_shard_server::runtime: runtime stage key=("c907a0aa45b2551520863990845279fd25135889865e088c2dad6ea0d32b8fde", Directory, 0) reserved_bytes=136314880 stage="serialization_handoff"
2026-09-09T19:21:12.325785Z DEBUG transparent_shard_server::runtime: runtime stage key=("c907a0aa45b2551520863990845279fd25135889865e088c2dad6ea0d32b8fde", Pages, 0) seconds=8.473604917 stage="build_slot"
2026-09-09T19:21:12.325892Z DEBUG transparent_shard_server::memory: cold build admission wait seconds=8.2768e-5 admitted=true
2026-09-09T19:21:12.461223Z DEBUG transparent_shard_server::runtime: runtime stage key=("c907a0aa45b2551520863990845279fd25135889865e088c2dad6ea0d32b8fde", Pages, 0) seconds=0.135290228 stage="source_load"
2026-09-09T19:21:12.763377Z DEBUG transparent_shard_server::runtime: construction stage geometry="recent-8k" table="pages" seconds=0.302119603 stage="encode_database"
2026-09-09T19:21:12.763487Z DEBUG transparent_shard_server::runtime: construction stage geometry="recent-8k" table="pages" seconds=7.4626e-5 stage="public_setup"
2026-09-09T19:21:13.059194Z DEBUG transparent_shard_server::runtime: runtime stage key=("c907a0aa45b2551520863990845279fd25135889865e088c2dad6ea0d32b8fde", Directory, 0) seconds=0.733457583 stage="disk_save"
2026-09-09T19:21:13.418405Z DEBUG transparent_shard_server::runtime: construction stage geometry="recent-8k" table="pages" seconds=0.654910027 stage="hint_columns"
2026-09-09T19:21:15.431400Z DEBUG transparent_shard_server::runtime: construction stage geometry="recent-8k" table="pages" seconds=2.012952068 stage="pack_preprocessing"
2026-09-09T19:21:15.431692Z DEBUG transparent_shard_server::runtime: construction stage geometry="recent-8k" table="pages" seconds=0.000251843 stage="publish_parameters"
2026-09-09T19:21:15.432464Z DEBUG transparent_shard_server::runtime: runtime stage key=("c907a0aa45b2551520863990845279fd25135889865e088c2dad6ea0d32b8fde", Pages, 0) seconds=2.971208674 stage="runtime_build"
2026-09-09T19:21:15.432490Z DEBUG transparent_shard_server::runtime: runtime stage key=("c907a0aa45b2551520863990845279fd25135889865e088c2dad6ea0d32b8fde", Pages, 0) reserved_bytes=136314880 stage="serialization_handoff"
2026-09-09T19:21:15.432534Z DEBUG transparent_shard_server::runtime: runtime stage key=("67574e8d4c7f7c258f8c7488f73e80a9476f8074c3db3540325133ff25020c2b", Directory, 0) seconds=8.518348239 stage="build_slot"
2026-09-09T19:21:15.432635Z DEBUG transparent_shard_server::memory: cold build admission wait seconds=7.9159e-5 admitted=true
2026-09-09T19:21:15.568815Z DEBUG transparent_shard_server::runtime: runtime stage key=("67574e8d4c7f7c258f8c7488f73e80a9476f8074c3db3540325133ff25020c2b", Directory, 0) seconds=0.136159918 stage="source_load"
2026-09-09T19:21:15.869580Z DEBUG transparent_shard_server::runtime: construction stage geometry="recent-8k" table="directory" seconds=0.300719826 stage="encode_database"
2026-09-09T19:21:15.869686Z DEBUG transparent_shard_server::runtime: construction stage geometry="recent-8k" table="directory" seconds=7.5596e-5 stage="public_setup"
2026-09-09T19:21:16.184230Z DEBUG transparent_shard_server::runtime: runtime stage key=("c907a0aa45b2551520863990845279fd25135889865e088c2dad6ea0d32b8fde", Pages, 0) seconds=0.751733382 stage="disk_save"
2026-09-09T19:21:16.477074Z DEBUG transparent_shard_server::runtime: construction stage geometry="recent-8k" table="directory" seconds=0.607381543 stage="hint_columns"
2026-09-09T19:21:18.495391Z DEBUG transparent_shard_server::runtime: construction stage geometry="recent-8k" table="directory" seconds=2.018258838 stage="pack_preprocessing"
2026-09-09T19:21:18.495694Z DEBUG transparent_shard_server::runtime: construction stage geometry="recent-8k" table="directory" seconds=0.000261958 stage="publish_parameters"
2026-09-09T19:21:18.496484Z DEBUG transparent_shard_server::runtime: runtime stage key=("67574e8d4c7f7c258f8c7488f73e80a9476f8074c3db3540325133ff25020c2b", Directory, 0) seconds=2.927625751 stage="runtime_build"
2026-09-09T19:21:18.496511Z DEBUG transparent_shard_server::runtime: runtime stage key=("67574e8d4c7f7c258f8c7488f73e80a9476f8074c3db3540325133ff25020c2b", Directory, 0) reserved_bytes=136314880 stage="serialization_handoff"
2026-09-09T19:21:18.496565Z DEBUG transparent_shard_server::runtime: runtime stage key=("67574e8d4c7f7c258f8c7488f73e80a9476f8074c3db3540325133ff25020c2b", Pages, 0) seconds=8.464379486 stage="build_slot"
2026-09-09T19:21:18.496687Z DEBUG transparent_shard_server::memory: cold build admission wait seconds=8.1339e-5 admitted=true
2026-09-09T19:21:18.632394Z DEBUG transparent_shard_server::runtime: runtime stage key=("67574e8d4c7f7c258f8c7488f73e80a9476f8074c3db3540325133ff25020c2b", Pages, 0) seconds=0.135654393 stage="source_load"
2026-09-09T19:21:18.931853Z DEBUG transparent_shard_server::runtime: construction stage geometry="recent-8k" table="pages" seconds=0.299422479 stage="encode_database"
2026-09-09T19:21:18.931971Z DEBUG transparent_shard_server::runtime: construction stage geometry="recent-8k" table="pages" seconds=8.7635e-5 stage="public_setup"
2026-09-09T19:21:19.229196Z DEBUG transparent_shard_server::runtime: runtime stage key=("67574e8d4c7f7c258f8c7488f73e80a9476f8074c3db3540325133ff25020c2b", Directory, 0) seconds=0.732677252 stage="disk_save"
2026-09-09T19:21:19.579916Z DEBUG transparent_shard_server::runtime: construction stage geometry="recent-8k" table="pages" seconds=0.6479369 stage="hint_columns"
2026-09-09T19:21:21.611932Z DEBUG transparent_shard_server::runtime: construction stage geometry="recent-8k" table="pages" seconds=2.0319726830000002 stage="pack_preprocessing"
2026-09-09T19:21:21.612230Z DEBUG transparent_shard_server::runtime: construction stage geometry="recent-8k" table="pages" seconds=0.000259024 stage="publish_parameters"
2026-09-09T19:21:21.613029Z DEBUG transparent_shard_server::runtime: runtime stage key=("67574e8d4c7f7c258f8c7488f73e80a9476f8074c3db3540325133ff25020c2b", Pages, 0) seconds=2.980601721 stage="runtime_build"
2026-09-09T19:21:21.613044Z DEBUG transparent_shard_server::runtime: runtime stage key=("67574e8d4c7f7c258f8c7488f73e80a9476f8074c3db3540325133ff25020c2b", Pages, 0) reserved_bytes=136314880 stage="serialization_handoff"
2026-09-09T19:21:22.312946Z DEBUG transparent_shard_server::runtime: runtime stage key=("67574e8d4c7f7c258f8c7488f73e80a9476f8074c3db3540325133ff25020c2b", Pages, 0) seconds=0.699895997 stage="disk_save"
2026-09-09T19:21:22.313066Z  INFO transparent_shard_server::service: prewarm finished warm=28 target=28 failed=0 seconds=86.802050205
2026-09-09T19:21:22.787473Z  INFO transparent_shard_server::runtime: retired runtime memory reclaimed rss_before=4792156160 rss_after=4397375488
2026-09-09T19:21:23.356351Z DEBUG transparent_shard_server::runtime: runtime stage key=("be059aab39ac34125e0452548d6fbcfb1e7cdb7237a597bd59ee86011ed4882b", Pages, 0) seconds=9.97e-7 stage="restore_slot"
2026-09-09T19:21:23.356350Z DEBUG transparent_shard_server::runtime: runtime stage key=("be059aab39ac34125e0452548d6fbcfb1e7cdb7237a597bd59ee86011ed4882b", Directory, 0) seconds=1.799e-6 stage="restore_slot"
2026-09-09T19:21:23.356505Z DEBUG transparent_shard_server::runtime: runtime stage key=("be059aab39ac34125e0452548d6fbcfb1e7cdb7237a597bd59ee86011ed4882b", Pages, 0) seconds=3.4278e-5 hit=false stage="disk_restore"
2026-09-09T19:21:23.356507Z DEBUG transparent_shard_server::runtime: runtime stage key=("be059aab39ac34125e0452548d6fbcfb1e7cdb7237a597bd59ee86011ed4882b", Directory, 0) seconds=2.8064e-5 hit=false stage="disk_restore"
2026-09-09T19:21:23.356522Z DEBUG transparent_shard_server::runtime: runtime stage key=("be059aab39ac34125e0452548d6fbcfb1e7cdb7237a597bd59ee86011ed4882b", Pages, 0) seconds=6.11e-7 stage="build_slot"
2026-09-09T19:21:23.356573Z DEBUG transparent_shard_server::memory: cold build admission wait seconds=2.7964e-5 admitted=true
2026-09-09T19:21:23.551384Z DEBUG transparent_shard_server::runtime: runtime stage key=("be059aab39ac34125e0452548d6fbcfb1e7cdb7237a597bd59ee86011ed4882b", Pages, 0) seconds=0.194786415 stage="source_load"
2026-09-09T19:21:23.869881Z DEBUG transparent_shard_server::runtime: construction stage geometry="recent-8k" table="pages" seconds=0.31845591 stage="encode_database"
2026-09-09T19:21:23.869993Z DEBUG transparent_shard_server::runtime: construction stage geometry="recent-8k" table="pages" seconds=7.3887e-5 stage="public_setup"
2026-09-09T19:21:24.490703Z DEBUG transparent_shard_server::runtime: construction stage geometry="recent-8k" table="pages" seconds=0.620704145 stage="hint_columns"
2026-09-09T19:21:26.581066Z DEBUG transparent_shard_server::runtime: construction stage geometry="recent-8k" table="pages" seconds=2.090326363 stage="pack_preprocessing"
2026-09-09T19:21:26.581415Z DEBUG transparent_shard_server::runtime: construction stage geometry="recent-8k" table="pages" seconds=0.000314351 stage="publish_parameters"
2026-09-09T19:21:26.582233Z DEBUG transparent_shard_server::runtime: runtime stage key=("be059aab39ac34125e0452548d6fbcfb1e7cdb7237a597bd59ee86011ed4882b", Pages, 0) seconds=3.030809131 stage="runtime_build"
2026-09-09T19:21:26.582249Z DEBUG transparent_shard_server::runtime: runtime stage key=("be059aab39ac34125e0452548d6fbcfb1e7cdb7237a597bd59ee86011ed4882b", Pages, 0) reserved_bytes=136314880 stage="serialization_handoff"
2026-09-09T19:21:26.582294Z DEBUG transparent_shard_server::runtime: runtime stage key=("be059aab39ac34125e0452548d6fbcfb1e7cdb7237a597bd59ee86011ed4882b", Directory, 0) seconds=3.225751685 stage="build_slot"
2026-09-09T19:21:26.582384Z DEBUG transparent_shard_server::memory: cold build admission wait seconds=7.0622e-5 admitted=true
2026-09-09T19:21:26.820513Z DEBUG transparent_shard_server::runtime: runtime stage key=("be059aab39ac34125e0452548d6fbcfb1e7cdb7237a597bd59ee86011ed4882b", Directory, 0) seconds=0.235310396 stage="source_load"
2026-09-09T19:21:27.126059Z DEBUG transparent_shard_server::runtime: construction stage geometry="recent-8k" table="directory" seconds=0.305511288 stage="encode_database"
2026-09-09T19:21:27.126157Z DEBUG transparent_shard_server::runtime: construction stage geometry="recent-8k" table="directory" seconds=7.0782e-5 stage="public_setup"
2026-09-09T19:21:27.306223Z DEBUG transparent_shard_server::runtime: runtime stage key=("be059aab39ac34125e0452548d6fbcfb1e7cdb7237a597bd59ee86011ed4882b", Pages, 0) seconds=0.723967888 stage="disk_save"
2026-09-09T19:21:27.719634Z DEBUG transparent_shard_server::runtime: construction stage geometry="recent-8k" table="directory" seconds=0.593438125 stage="hint_columns"
2026-09-09T19:21:29.792422Z DEBUG transparent_shard_server::runtime: construction stage geometry="recent-8k" table="directory" seconds=2.072758078 stage="pack_preprocessing"
2026-09-09T19:21:29.792697Z DEBUG transparent_shard_server::runtime: construction stage geometry="recent-8k" table="directory" seconds=0.000238198 stage="publish_parameters"
2026-09-09T19:21:29.793524Z DEBUG transparent_shard_server::runtime: runtime stage key=("be059aab39ac34125e0452548d6fbcfb1e7cdb7237a597bd59ee86011ed4882b", Directory, 0) seconds=2.972977866 stage="runtime_build"
2026-09-09T19:21:29.793541Z DEBUG transparent_shard_server::runtime: runtime stage key=("be059aab39ac34125e0452548d6fbcfb1e7cdb7237a597bd59ee86011ed4882b", Directory, 0) reserved_bytes=136314880 stage="serialization_handoff"
2026-09-09T19:21:30.506727Z DEBUG transparent_shard_server::runtime: runtime stage key=("be059aab39ac34125e0452548d6fbcfb1e7cdb7237a597bd59ee86011ed4882b", Directory, 0) seconds=0.713180137 stage="disk_save"
2026-09-09T19:21:30.506943Z  INFO transparent_shard_server::service: prewarm finished warm=28 target=28 failed=0 seconds=7.150641194
2026-09-09T19:21:30.506998Z DEBUG transparent_shard_server::live: publication preparation stages map=32426d9e9300c44558210d8540b636402af2b3c322627f9e9f26e0082b489725 loading_seconds=0.60467815 warming_seconds=7.15073318
2026-09-09T19:21:30.544790Z  INFO transparent_shard_server::runtime: retired runtime memory reclaimed rss_before=4919623680 rss_after=4503965696
2026-09-09T19:21:30.560587Z DEBUG transparent_shard_server::runtime: runtime stage key=("5b7ee9849d47f5ee67d04eb6ca4588beacf42dce75e5a1b481dfd02607b1fb20", Pages, 0) seconds=1.473e-6 stage="restore_slot"
2026-09-09T19:21:30.580287Z DEBUG transparent_shard_server::runtime: runtime stage key=("5b7ee9849d47f5ee67d04eb6ca4588beacf42dce75e5a1b481dfd02607b1fb20", Directory, 0) seconds=1.694e-6 stage="restore_slot"
2026-09-09T19:21:31.128173Z DEBUG transparent_shard_server::runtime: runtime stage key=("268f5c527d35817d37919707b04a706c850d449156baa071b5438dbf8eb53aec", Directory, 0) seconds=1.906e-6 stage="restore_slot"
2026-09-09T19:21:31.128294Z DEBUG transparent_shard_server::runtime: runtime stage key=("268f5c527d35817d37919707b04a706c850d449156baa071b5438dbf8eb53aec", Pages, 0) seconds=2.77e-7 stage="restore_slot"
2026-09-09T19:21:31.131225Z DEBUG transparent_shard_server::runtime: runtime stage key=("268f5c527d35817d37919707b04a706c850d449156baa071b5438dbf8eb53aec", Directory, 0) seconds=4.448e-5 hit=false stage="disk_restore"
2026-09-09T19:21:31.131253Z DEBUG transparent_shard_server::runtime: runtime stage key=("268f5c527d35817d37919707b04a706c850d449156baa071b5438dbf8eb53aec", Directory, 0) seconds=1.012e-6 stage="build_slot"
2026-09-09T19:21:31.131333Z DEBUG transparent_shard_server::memory: cold build admission wait seconds=6.3336e-5 admitted=true
2026-09-09T19:21:31.131350Z DEBUG transparent_shard_server::runtime: runtime stage key=("268f5c527d35817d37919707b04a706c850d449156baa071b5438dbf8eb53aec", Pages, 0) seconds=3.1254e-5 hit=false stage="disk_restore"
2026-09-09T19:21:31.278587Z DEBUG transparent_shard_server::runtime: runtime stage key=("268f5c527d35817d37919707b04a706c850d449156baa071b5438dbf8eb53aec", Directory, 0) seconds=0.14714766 stage="source_load"
2026-09-09T19:21:31.509193Z DEBUG transparent_shard_server::runtime: runtime stage key=("5b7ee9849d47f5ee67d04eb6ca4588beacf42dce75e5a1b481dfd02607b1fb20", Pages, 0) seconds=0.948466799 hit=true stage="disk_restore"
2026-09-09T19:21:31.531532Z DEBUG transparent_shard_server::runtime: runtime stage key=("5b7ee9849d47f5ee67d04eb6ca4588beacf42dce75e5a1b481dfd02607b1fb20", Directory, 0) seconds=0.950355058 hit=true stage="disk_restore"
2026-09-09T19:21:31.580796Z DEBUG transparent_shard_server::runtime: construction stage geometry="recent-8k" table="directory" seconds=0.302172047 stage="encode_database"
2026-09-09T19:21:31.580920Z DEBUG transparent_shard_server::runtime: construction stage geometry="recent-8k" table="directory" seconds=7.8424e-5 stage="public_setup"
2026-09-09T19:21:31.632736Z DEBUG transparent_shard_server::runtime: runtime stage key=("5b7ee9849d47f5ee67d04eb6ca4588beacf42dce75e5a1b481dfd02607b1fb20", Pages, 0) seconds=0.123504729 stage="source_verify"
2026-09-09T19:21:31.632771Z  INFO transparent_shard_server::runtime: restored runtime cache seconds=1.072047798
2026-09-09T19:21:31.699433Z DEBUG transparent_shard_server::runtime: runtime stage key=("5b7ee9849d47f5ee67d04eb6ca4588beacf42dce75e5a1b481dfd02607b1fb20", Directory, 0) seconds=0.167861833 stage="source_verify"
2026-09-09T19:21:31.699469Z  INFO transparent_shard_server::runtime: restored runtime cache seconds=1.118294255
2026-09-09T19:21:32.172137Z DEBUG transparent_shard_server::runtime: construction stage geometry="recent-8k" table="directory" seconds=0.59120832 stage="hint_columns"
2026-09-09T19:21:34.267256Z DEBUG transparent_shard_server::runtime: construction stage geometry="recent-8k" table="directory" seconds=2.095072168 stage="pack_preprocessing"
2026-09-09T19:21:34.267565Z DEBUG transparent_shard_server::runtime: construction stage geometry="recent-8k" table="directory" seconds=0.000255846 stage="publish_parameters"
2026-09-09T19:21:34.268093Z DEBUG transparent_shard_server::runtime: runtime stage key=("268f5c527d35817d37919707b04a706c850d449156baa071b5438dbf8eb53aec", Directory, 0) seconds=2.989471095 stage="runtime_build"
2026-09-09T19:21:34.268115Z DEBUG transparent_shard_server::runtime: runtime stage key=("268f5c527d35817d37919707b04a706c850d449156baa071b5438dbf8eb53aec", Directory, 0) reserved_bytes=136314880 stage="serialization_handoff"
2026-09-09T19:21:34.268241Z DEBUG transparent_shard_server::runtime: runtime stage key=("268f5c527d35817d37919707b04a706c850d449156baa071b5438dbf8eb53aec", Pages, 0) seconds=3.136808108 stage="build_slot"
2026-09-09T19:21:34.268348Z DEBUG transparent_shard_server::memory: cold build admission wait seconds=8.096e-5 admitted=true
2026-09-09T19:21:34.477450Z DEBUG transparent_shard_server::runtime: runtime stage key=("268f5c527d35817d37919707b04a706c850d449156baa071b5438dbf8eb53aec", Pages, 0) seconds=0.209067763 stage="source_load"
2026-09-09T19:21:34.788457Z DEBUG transparent_shard_server::runtime: construction stage geometry="recent-8k" table="pages" seconds=0.310975573 stage="encode_database"
2026-09-09T19:21:34.788568Z DEBUG transparent_shard_server::runtime: construction stage geometry="recent-8k" table="pages" seconds=8.1132e-5 stage="public_setup"
2026-09-09T19:21:34.915302Z DEBUG transparent_shard_server::runtime: runtime stage key=("268f5c527d35817d37919707b04a706c850d449156baa071b5438dbf8eb53aec", Directory, 0) seconds=0.647180172 stage="disk_save"
2026-09-09T19:21:35.414895Z DEBUG transparent_shard_server::runtime: construction stage geometry="recent-8k" table="pages" seconds=0.626320358 stage="hint_columns"
2026-09-09T19:21:37.481732Z DEBUG transparent_shard_server::runtime: construction stage geometry="recent-8k" table="pages" seconds=2.066806502 stage="pack_preprocessing"
2026-09-09T19:21:37.482025Z DEBUG transparent_shard_server::runtime: construction stage geometry="recent-8k" table="pages" seconds=0.000251859 stage="publish_parameters"
2026-09-09T19:21:37.482568Z DEBUG transparent_shard_server::runtime: runtime stage key=("268f5c527d35817d37919707b04a706c850d449156baa071b5438dbf8eb53aec", Pages, 0) seconds=3.005087698 stage="runtime_build"
2026-09-09T19:21:37.482584Z DEBUG transparent_shard_server::runtime: runtime stage key=("268f5c527d35817d37919707b04a706c850d449156baa071b5438dbf8eb53aec", Pages, 0) reserved_bytes=136314880 stage="serialization_handoff"
2026-09-09T19:21:38.176584Z DEBUG transparent_shard_server::runtime: runtime stage key=("268f5c527d35817d37919707b04a706c850d449156baa071b5438dbf8eb53aec", Pages, 0) seconds=0.693993846 stage="disk_save"
2026-09-09T19:21:38.176702Z  INFO transparent_shard_server::service: prewarm finished warm=28 target=28 failed=0 seconds=7.048586493
2026-09-09T19:21:38.176753Z DEBUG transparent_shard_server::live: publication preparation stages map=12cbb58695cd66166197842d179b61598c15effb06ad32efcd899a13e36e7b10 loading_seconds=0.619779914 warming_seconds=7.048672654
test burst::publication_burst_under_exact_load ... ok

test result: ok. 1 passed; 0 failed; 0 ignored; 0 measured; 14 filtered out; finished in 108.47s

Finished with result: success
Main processes terminated with: code=exited/status=0
Service runtime: 1min 48.521s
CPU time consumed: 3min 58.055s
Memory peak: 2.1M
Memory swap peak: 0B
