Running as unit: transparent-full-burst-da4e4f43417f4321a345fa428203bb9d.service; invocation ID: fe4f21b51a064086b05a4088b32e1e38

running 1 test
2026-09-09T19:24:15.452748Z DEBUG transparent_shard_server::runtime: runtime stage key=("5b7ee9849d47f5ee67d04eb6ca4588beacf42dce75e5a1b481dfd02607b1fb20", Directory, 0) seconds=9.425e-6 stage="restore_slot"
2026-09-09T19:24:15.452754Z DEBUG transparent_shard_server::runtime: runtime stage key=("5b7ee9849d47f5ee67d04eb6ca4588beacf42dce75e5a1b481dfd02607b1fb20", Pages, 0) seconds=4.176e-6 stage="restore_slot"
2026-09-09T19:24:15.452918Z DEBUG transparent_shard_server::runtime: runtime stage key=("1f5d7213a380745d83cc554ad16bdf9e039a0304d0de0b71376828e1838d0ea4", Directory, 0) seconds=1.052e-6 stage="restore_slot"
2026-09-09T19:24:15.453071Z DEBUG transparent_shard_server::runtime: runtime stage key=("1f5d7213a380745d83cc554ad16bdf9e039a0304d0de0b71376828e1838d0ea4", Pages, 0) seconds=8.7e-7 stage="restore_slot"
2026-09-09T19:24:15.453464Z DEBUG transparent_shard_server::runtime: runtime stage key=("5b7ee9849d47f5ee67d04eb6ca4588beacf42dce75e5a1b481dfd02607b1fb20", Directory, 0) seconds=3.2168e-5 hit=false stage="disk_restore"
2026-09-09T19:24:15.453484Z DEBUG transparent_shard_server::runtime: runtime stage key=("5b7ee9849d47f5ee67d04eb6ca4588beacf42dce75e5a1b481dfd02607b1fb20", Pages, 0) seconds=3.9212e-5 hit=false stage="disk_restore"
2026-09-09T19:24:15.453484Z DEBUG transparent_shard_server::runtime: runtime stage key=("1f5d7213a380745d83cc554ad16bdf9e039a0304d0de0b71376828e1838d0ea4", Directory, 0) seconds=3.399e-5 hit=false stage="disk_restore"
2026-09-09T19:24:15.453507Z DEBUG transparent_shard_server::runtime: runtime stage key=("1f5d7213a380745d83cc554ad16bdf9e039a0304d0de0b71376828e1838d0ea4", Pages, 0) seconds=1.3042e-5 hit=false stage="disk_restore"
2026-09-09T19:24:15.453519Z DEBUG transparent_shard_server::runtime: runtime stage key=("5b7ee9849d47f5ee67d04eb6ca4588beacf42dce75e5a1b481dfd02607b1fb20", Directory, 0) seconds=1.519e-6 stage="build_slot"
2026-09-09T19:24:15.453586Z DEBUG transparent_shard_server::memory: cold build admission wait seconds=5.9951e-5 admitted=true
2026-09-09T19:24:15.601371Z DEBUG transparent_shard_server::runtime: runtime stage key=("5b7ee9849d47f5ee67d04eb6ca4588beacf42dce75e5a1b481dfd02607b1fb20", Directory, 0) seconds=0.147768248 stage="source_load"
2026-09-09T19:24:15.903297Z DEBUG transparent_shard_server::runtime: construction stage geometry="recent-8k" table="directory" seconds=0.301884608 stage="encode_database"
2026-09-09T19:24:15.903401Z DEBUG transparent_shard_server::runtime: construction stage geometry="recent-8k" table="directory" seconds=6.268e-5 stage="public_setup"
2026-09-09T19:24:16.454564Z DEBUG transparent_shard_server::runtime: construction stage geometry="recent-8k" table="directory" seconds=0.551156361 stage="hint_columns"
2026-09-09T19:24:18.521324Z DEBUG transparent_shard_server::runtime: construction stage geometry="recent-8k" table="directory" seconds=2.066720681 stage="pack_preprocessing"
2026-09-09T19:24:18.521619Z DEBUG transparent_shard_server::runtime: construction stage geometry="recent-8k" table="directory" seconds=0.000250323 stage="publish_parameters"
2026-09-09T19:24:18.523108Z DEBUG transparent_shard_server::runtime: runtime stage key=("5b7ee9849d47f5ee67d04eb6ca4588beacf42dce75e5a1b481dfd02607b1fb20", Directory, 0) seconds=2.921696998 stage="runtime_build"
2026-09-09T19:24:18.524821Z DEBUG transparent_shard_server::runtime: runtime stage key=("5b7ee9849d47f5ee67d04eb6ca4588beacf42dce75e5a1b481dfd02607b1fb20", Pages, 0) seconds=3.071291464 stage="build_slot"
2026-09-09T19:24:18.524919Z DEBUG transparent_shard_server::memory: cold build admission wait seconds=8.0994e-5 admitted=true
2026-09-09T19:24:18.524940Z DEBUG transparent_shard_server::runtime: runtime stage key=("5b7ee9849d47f5ee67d04eb6ca4588beacf42dce75e5a1b481dfd02607b1fb20", Directory, 0) reserved_bytes=136314880 stage="serialization_handoff"
2026-09-09T19:24:18.673992Z DEBUG transparent_shard_server::runtime: runtime stage key=("5b7ee9849d47f5ee67d04eb6ca4588beacf42dce75e5a1b481dfd02607b1fb20", Pages, 0) seconds=0.149044142 stage="source_load"
2026-09-09T19:24:18.976229Z DEBUG transparent_shard_server::runtime: construction stage geometry="recent-8k" table="pages" seconds=0.302193069 stage="encode_database"
2026-09-09T19:24:18.976326Z DEBUG transparent_shard_server::runtime: construction stage geometry="recent-8k" table="pages" seconds=5.9452e-5 stage="public_setup"
2026-09-09T19:24:19.248661Z DEBUG transparent_shard_server::runtime: runtime stage key=("5b7ee9849d47f5ee67d04eb6ca4588beacf42dce75e5a1b481dfd02607b1fb20", Directory, 0) seconds=0.723714831 stage="disk_save"
2026-09-09T19:24:19.251195Z DEBUG transparent_shard_server::runtime: runtime stage key=("ca7afe810c988a8b4b561668f3456a9f38d1fdbb0776614e07ddfeb1a2132000", Directory, 0) seconds=2.152e-6 stage="restore_slot"
2026-09-09T19:24:19.253235Z DEBUG transparent_shard_server::runtime: runtime stage key=("ca7afe810c988a8b4b561668f3456a9f38d1fdbb0776614e07ddfeb1a2132000", Directory, 0) seconds=5.7892e-5 hit=false stage="disk_restore"
2026-09-09T19:24:19.582971Z DEBUG transparent_shard_server::runtime: construction stage geometry="recent-8k" table="pages" seconds=0.606638968 stage="hint_columns"
2026-09-09T19:24:21.587522Z DEBUG transparent_shard_server::runtime: construction stage geometry="recent-8k" table="pages" seconds=2.004509273 stage="pack_preprocessing"
2026-09-09T19:24:21.587820Z DEBUG transparent_shard_server::runtime: construction stage geometry="recent-8k" table="pages" seconds=0.000260554 stage="publish_parameters"
2026-09-09T19:24:21.588396Z DEBUG transparent_shard_server::runtime: runtime stage key=("5b7ee9849d47f5ee67d04eb6ca4588beacf42dce75e5a1b481dfd02607b1fb20", Pages, 0) seconds=2.91436211 stage="runtime_build"
2026-09-09T19:24:21.588433Z DEBUG transparent_shard_server::runtime: runtime stage key=("1f5d7213a380745d83cc554ad16bdf9e039a0304d0de0b71376828e1838d0ea4", Directory, 0) seconds=6.13490358 stage="build_slot"
2026-09-09T19:24:21.588514Z DEBUG transparent_shard_server::memory: cold build admission wait seconds=7.5715e-5 admitted=true
2026-09-09T19:24:21.588531Z DEBUG transparent_shard_server::runtime: runtime stage key=("5b7ee9849d47f5ee67d04eb6ca4588beacf42dce75e5a1b481dfd02607b1fb20", Pages, 0) reserved_bytes=136314880 stage="serialization_handoff"
2026-09-09T19:24:21.753323Z DEBUG transparent_shard_server::runtime: runtime stage key=("1f5d7213a380745d83cc554ad16bdf9e039a0304d0de0b71376828e1838d0ea4", Directory, 0) seconds=0.164773818 stage="source_load"
2026-09-09T19:24:22.062476Z DEBUG transparent_shard_server::runtime: construction stage geometry="recent-8k" table="directory" seconds=0.309120394 stage="encode_database"
2026-09-09T19:24:22.062563Z DEBUG transparent_shard_server::runtime: construction stage geometry="recent-8k" table="directory" seconds=5.7023e-5 stage="public_setup"
2026-09-09T19:24:22.315228Z DEBUG transparent_shard_server::runtime: runtime stage key=("5b7ee9849d47f5ee67d04eb6ca4588beacf42dce75e5a1b481dfd02607b1fb20", Pages, 0) seconds=0.726690867 stage="disk_save"
2026-09-09T19:24:22.315299Z DEBUG transparent_shard_server::runtime: runtime stage key=("ca7afe810c988a8b4b561668f3456a9f38d1fdbb0776614e07ddfeb1a2132000", Pages, 0) seconds=1.322e-6 stage="restore_slot"
2026-09-09T19:24:22.315461Z DEBUG transparent_shard_server::runtime: runtime stage key=("ca7afe810c988a8b4b561668f3456a9f38d1fdbb0776614e07ddfeb1a2132000", Pages, 0) seconds=4.575e-5 hit=false stage="disk_restore"
2026-09-09T19:24:22.684277Z DEBUG transparent_shard_server::runtime: construction stage geometry="recent-8k" table="directory" seconds=0.621707245 stage="hint_columns"
2026-09-09T19:24:24.713441Z DEBUG transparent_shard_server::runtime: construction stage geometry="recent-8k" table="directory" seconds=2.029119255 stage="pack_preprocessing"
2026-09-09T19:24:24.713737Z DEBUG transparent_shard_server::runtime: construction stage geometry="recent-8k" table="directory" seconds=0.000255661 stage="publish_parameters"
2026-09-09T19:24:24.714497Z DEBUG transparent_shard_server::runtime: runtime stage key=("1f5d7213a380745d83cc554ad16bdf9e039a0304d0de0b71376828e1838d0ea4", Directory, 0) seconds=2.961142896 stage="runtime_build"
2026-09-09T19:24:24.714543Z DEBUG transparent_shard_server::runtime: runtime stage key=("1f5d7213a380745d83cc554ad16bdf9e039a0304d0de0b71376828e1838d0ea4", Directory, 0) reserved_bytes=136314880 stage="serialization_handoff"
2026-09-09T19:24:24.714601Z DEBUG transparent_shard_server::runtime: runtime stage key=("1f5d7213a380745d83cc554ad16bdf9e039a0304d0de0b71376828e1838d0ea4", Pages, 0) seconds=9.261068764000001 stage="build_slot"
2026-09-09T19:24:24.714703Z DEBUG transparent_shard_server::memory: cold build admission wait seconds=7.7965e-5 admitted=true
2026-09-09T19:24:24.880264Z DEBUG transparent_shard_server::runtime: runtime stage key=("1f5d7213a380745d83cc554ad16bdf9e039a0304d0de0b71376828e1838d0ea4", Pages, 0) seconds=0.165534914 stage="source_load"
2026-09-09T19:24:25.180405Z DEBUG transparent_shard_server::runtime: construction stage geometry="recent-8k" table="pages" seconds=0.300095219 stage="encode_database"
2026-09-09T19:24:25.180502Z DEBUG transparent_shard_server::runtime: construction stage geometry="recent-8k" table="pages" seconds=5.9874e-5 stage="public_setup"
2026-09-09T19:24:25.484201Z DEBUG transparent_shard_server::runtime: runtime stage key=("1f5d7213a380745d83cc554ad16bdf9e039a0304d0de0b71376828e1838d0ea4", Directory, 0) seconds=0.769650824 stage="disk_save"
2026-09-09T19:24:25.487200Z DEBUG transparent_shard_server::runtime: runtime stage key=("95df7205357fe2d9c962d2b41daded841e05afa7b6fc8d06dfec46ad04e15335", Directory, 0) seconds=1.717e-6 stage="restore_slot"
2026-09-09T19:24:25.487370Z DEBUG transparent_shard_server::runtime: runtime stage key=("95df7205357fe2d9c962d2b41daded841e05afa7b6fc8d06dfec46ad04e15335", Directory, 0) seconds=5.3131e-5 hit=false stage="disk_restore"
2026-09-09T19:24:25.824522Z DEBUG transparent_shard_server::runtime: construction stage geometry="recent-8k" table="pages" seconds=0.644012735 stage="hint_columns"
2026-09-09T19:24:27.869231Z DEBUG transparent_shard_server::runtime: construction stage geometry="recent-8k" table="pages" seconds=2.04466496 stage="pack_preprocessing"
2026-09-09T19:24:27.869521Z DEBUG transparent_shard_server::runtime: construction stage geometry="recent-8k" table="pages" seconds=0.000249891 stage="publish_parameters"
2026-09-09T19:24:27.870215Z DEBUG transparent_shard_server::runtime: runtime stage key=("1f5d7213a380745d83cc554ad16bdf9e039a0304d0de0b71376828e1838d0ea4", Pages, 0) seconds=2.989907513 stage="runtime_build"
2026-09-09T19:24:27.870240Z DEBUG transparent_shard_server::runtime: runtime stage key=("1f5d7213a380745d83cc554ad16bdf9e039a0304d0de0b71376828e1838d0ea4", Pages, 0) reserved_bytes=136314880 stage="serialization_handoff"
2026-09-09T19:24:27.870270Z DEBUG transparent_shard_server::runtime: runtime stage key=("ca7afe810c988a8b4b561668f3456a9f38d1fdbb0776614e07ddfeb1a2132000", Directory, 0) seconds=8.616985214 stage="build_slot"
2026-09-09T19:24:27.870367Z DEBUG transparent_shard_server::memory: cold build admission wait seconds=7.4175e-5 admitted=true
2026-09-09T19:24:28.006385Z DEBUG transparent_shard_server::runtime: runtime stage key=("ca7afe810c988a8b4b561668f3456a9f38d1fdbb0776614e07ddfeb1a2132000", Directory, 0) seconds=0.135991765 stage="source_load"
2026-09-09T19:24:28.311462Z DEBUG transparent_shard_server::runtime: construction stage geometry="recent-8k" table="directory" seconds=0.305045664 stage="encode_database"
2026-09-09T19:24:28.311555Z DEBUG transparent_shard_server::runtime: construction stage geometry="recent-8k" table="directory" seconds=6.6238e-5 stage="public_setup"
2026-09-09T19:24:28.593870Z DEBUG transparent_shard_server::runtime: runtime stage key=("1f5d7213a380745d83cc554ad16bdf9e039a0304d0de0b71376828e1838d0ea4", Pages, 0) seconds=0.723624549 stage="disk_save"
2026-09-09T19:24:28.595202Z DEBUG transparent_shard_server::runtime: runtime stage key=("95df7205357fe2d9c962d2b41daded841e05afa7b6fc8d06dfec46ad04e15335", Pages, 0) seconds=2.035e-6 stage="restore_slot"
2026-09-09T19:24:28.595357Z DEBUG transparent_shard_server::runtime: runtime stage key=("95df7205357fe2d9c962d2b41daded841e05afa7b6fc8d06dfec46ad04e15335", Pages, 0) seconds=4.2207e-5 hit=false stage="disk_restore"
2026-09-09T19:24:28.907038Z DEBUG transparent_shard_server::runtime: construction stage geometry="recent-8k" table="directory" seconds=0.595477834 stage="hint_columns"
2026-09-09T19:24:30.919426Z DEBUG transparent_shard_server::runtime: construction stage geometry="recent-8k" table="directory" seconds=2.0123479 stage="pack_preprocessing"
2026-09-09T19:24:30.919691Z DEBUG transparent_shard_server::runtime: construction stage geometry="recent-8k" table="directory" seconds=0.000224819 stage="publish_parameters"
2026-09-09T19:24:30.920491Z DEBUG transparent_shard_server::runtime: runtime stage key=("ca7afe810c988a8b4b561668f3456a9f38d1fdbb0776614e07ddfeb1a2132000", Directory, 0) seconds=2.914075559 stage="runtime_build"
2026-09-09T19:24:30.920521Z DEBUG transparent_shard_server::runtime: runtime stage key=("ca7afe810c988a8b4b561668f3456a9f38d1fdbb0776614e07ddfeb1a2132000", Directory, 0) reserved_bytes=136314880 stage="serialization_handoff"
2026-09-09T19:24:30.923200Z DEBUG transparent_shard_server::runtime: runtime stage key=("ca7afe810c988a8b4b561668f3456a9f38d1fdbb0776614e07ddfeb1a2132000", Pages, 0) seconds=8.607696707 stage="build_slot"
2026-09-09T19:24:30.923290Z DEBUG transparent_shard_server::memory: cold build admission wait seconds=6.9508e-5 admitted=true
2026-09-09T19:24:31.057758Z DEBUG transparent_shard_server::runtime: runtime stage key=("ca7afe810c988a8b4b561668f3456a9f38d1fdbb0776614e07ddfeb1a2132000", Pages, 0) seconds=0.13444069 stage="source_load"
2026-09-09T19:24:31.341858Z DEBUG transparent_shard_server::runtime: construction stage geometry="recent-8k" table="pages" seconds=0.284071041 stage="encode_database"
2026-09-09T19:24:31.341960Z DEBUG transparent_shard_server::runtime: construction stage geometry="recent-8k" table="pages" seconds=7.5379e-5 stage="public_setup"
2026-09-09T19:24:31.641218Z DEBUG transparent_shard_server::runtime: runtime stage key=("ca7afe810c988a8b4b561668f3456a9f38d1fdbb0776614e07ddfeb1a2132000", Directory, 0) seconds=0.720690255 stage="disk_save"
2026-09-09T19:24:31.641297Z DEBUG transparent_shard_server::runtime: runtime stage key=("73d46a59d0d03d7616f9a47e53b50448d4c5a3504e6e296600d8884c8c4403b8", Directory, 0) seconds=1.761e-6 stage="restore_slot"
2026-09-09T19:24:31.641440Z DEBUG transparent_shard_server::runtime: runtime stage key=("73d46a59d0d03d7616f9a47e53b50448d4c5a3504e6e296600d8884c8c4403b8", Directory, 0) seconds=5.3732e-5 hit=false stage="disk_restore"
2026-09-09T19:24:31.991988Z DEBUG transparent_shard_server::runtime: construction stage geometry="recent-8k" table="pages" seconds=0.650021418 stage="hint_columns"
2026-09-09T19:24:33.991091Z DEBUG transparent_shard_server::runtime: construction stage geometry="recent-8k" table="pages" seconds=1.999062796 stage="pack_preprocessing"
2026-09-09T19:24:33.991776Z DEBUG transparent_shard_server::runtime: construction stage geometry="recent-8k" table="pages" seconds=0.000622455 stage="publish_parameters"
2026-09-09T19:24:33.993068Z DEBUG transparent_shard_server::runtime: runtime stage key=("ca7afe810c988a8b4b561668f3456a9f38d1fdbb0776614e07ddfeb1a2132000", Pages, 0) seconds=2.9352819500000003 stage="runtime_build"
2026-09-09T19:24:33.993116Z DEBUG transparent_shard_server::runtime: runtime stage key=("95df7205357fe2d9c962d2b41daded841e05afa7b6fc8d06dfec46ad04e15335", Directory, 0) seconds=8.505715296 stage="build_slot"
2026-09-09T19:24:33.993208Z DEBUG transparent_shard_server::memory: cold build admission wait seconds=8.6579e-5 admitted=true
2026-09-09T19:24:33.993230Z DEBUG transparent_shard_server::runtime: runtime stage key=("ca7afe810c988a8b4b561668f3456a9f38d1fdbb0776614e07ddfeb1a2132000", Pages, 0) reserved_bytes=136314880 stage="serialization_handoff"
2026-09-09T19:24:34.128850Z DEBUG transparent_shard_server::runtime: runtime stage key=("95df7205357fe2d9c962d2b41daded841e05afa7b6fc8d06dfec46ad04e15335", Directory, 0) seconds=0.135611957 stage="source_load"
2026-09-09T19:24:34.414214Z DEBUG transparent_shard_server::runtime: construction stage geometry="recent-8k" table="directory" seconds=0.285324423 stage="encode_database"
2026-09-09T19:24:34.414304Z DEBUG transparent_shard_server::runtime: construction stage geometry="recent-8k" table="directory" seconds=6.3916e-5 stage="public_setup"
2026-09-09T19:24:34.707703Z DEBUG transparent_shard_server::runtime: runtime stage key=("ca7afe810c988a8b4b561668f3456a9f38d1fdbb0776614e07ddfeb1a2132000", Pages, 0) seconds=0.714466829 stage="disk_save"
2026-09-09T19:24:34.707768Z DEBUG transparent_shard_server::runtime: runtime stage key=("73d46a59d0d03d7616f9a47e53b50448d4c5a3504e6e296600d8884c8c4403b8", Pages, 0) seconds=1.54e-6 stage="restore_slot"
2026-09-09T19:24:34.707885Z DEBUG transparent_shard_server::runtime: runtime stage key=("73d46a59d0d03d7616f9a47e53b50448d4c5a3504e6e296600d8884c8c4403b8", Pages, 0) seconds=3.9134e-5 hit=false stage="disk_restore"
2026-09-09T19:24:35.011916Z DEBUG transparent_shard_server::runtime: construction stage geometry="recent-8k" table="directory" seconds=0.597605012 stage="hint_columns"
