Running as unit: transparent-full-burst-74a4b38f3a844b7394d577c84e8cef32.service

running 1 test
2026-09-09T19:21:44.422871Z DEBUG transparent_shard_server::runtime: runtime stage key=("5b7ee9849d47f5ee67d04eb6ca4588beacf42dce75e5a1b481dfd02607b1fb20", Pages, 0) seconds=1.295e-6 stage="restore_slot"
2026-09-09T19:21:44.422932Z DEBUG transparent_shard_server::runtime: runtime stage key=("1f5d7213a380745d83cc554ad16bdf9e039a0304d0de0b71376828e1838d0ea4", Pages, 0) seconds=3.26e-7 stage="restore_slot"
2026-09-09T19:21:44.422864Z DEBUG transparent_shard_server::runtime: runtime stage key=("5b7ee9849d47f5ee67d04eb6ca4588beacf42dce75e5a1b481dfd02607b1fb20", Directory, 0) seconds=9.973e-6 stage="restore_slot"
2026-09-09T19:21:44.422897Z DEBUG transparent_shard_server::runtime: runtime stage key=("1f5d7213a380745d83cc554ad16bdf9e039a0304d0de0b71376828e1838d0ea4", Directory, 0) seconds=9.2e-7 stage="restore_slot"
2026-09-09T19:21:44.423265Z DEBUG transparent_shard_server::runtime: runtime stage key=("5b7ee9849d47f5ee67d04eb6ca4588beacf42dce75e5a1b481dfd02607b1fb20", Pages, 0) seconds=3.5218e-5 hit=false stage="disk_restore"
2026-09-09T19:21:44.423302Z DEBUG transparent_shard_server::runtime: runtime stage key=("5b7ee9849d47f5ee67d04eb6ca4588beacf42dce75e5a1b481dfd02607b1fb20", Pages, 0) seconds=1.255e-6 stage="build_slot"
2026-09-09T19:21:44.423305Z DEBUG transparent_shard_server::runtime: runtime stage key=("1f5d7213a380745d83cc554ad16bdf9e039a0304d0de0b71376828e1838d0ea4", Pages, 0) seconds=1.078e-5 hit=false stage="disk_restore"
2026-09-09T19:21:44.423331Z DEBUG transparent_shard_server::runtime: runtime stage key=("5b7ee9849d47f5ee67d04eb6ca4588beacf42dce75e5a1b481dfd02607b1fb20", Directory, 0) seconds=3.1617e-5 hit=false stage="disk_restore"
2026-09-09T19:21:44.423360Z DEBUG transparent_shard_server::runtime: runtime stage key=("1f5d7213a380745d83cc554ad16bdf9e039a0304d0de0b71376828e1838d0ea4", Pages, 0) seconds=7.15e-7 stage="build_slot"
2026-09-09T19:21:44.423364Z DEBUG transparent_shard_server::memory: cold build admission wait seconds=4.6741e-5 admitted=true
2026-09-09T19:21:44.423378Z DEBUG transparent_shard_server::runtime: runtime stage key=("1f5d7213a380745d83cc554ad16bdf9e039a0304d0de0b71376828e1838d0ea4", Directory, 0) seconds=1.3874e-5 hit=false stage="disk_restore"
2026-09-09T19:21:44.423420Z DEBUG transparent_shard_server::memory: cold build admission wait seconds=5.5046e-5 admitted=true
2026-09-09T19:21:44.570767Z DEBUG transparent_shard_server::runtime: runtime stage key=("5b7ee9849d47f5ee67d04eb6ca4588beacf42dce75e5a1b481dfd02607b1fb20", Pages, 0) seconds=0.147380018 stage="source_load"
2026-09-09T19:21:44.574429Z DEBUG transparent_shard_server::runtime: runtime stage key=("1f5d7213a380745d83cc554ad16bdf9e039a0304d0de0b71376828e1838d0ea4", Pages, 0) seconds=0.150988019 stage="source_load"
2026-09-09T19:21:44.870957Z DEBUG transparent_shard_server::runtime: construction stage geometry="recent-8k" table="pages" seconds=0.300148248 stage="encode_database"
2026-09-09T19:21:44.871061Z DEBUG transparent_shard_server::runtime: construction stage geometry="recent-8k" table="pages" seconds=6.0774e-5 stage="public_setup"
2026-09-09T19:21:44.881210Z DEBUG transparent_shard_server::runtime: construction stage geometry="recent-8k" table="pages" seconds=0.306749397 stage="encode_database"
2026-09-09T19:21:44.881306Z DEBUG transparent_shard_server::runtime: construction stage geometry="recent-8k" table="pages" seconds=5.6031e-5 stage="public_setup"
2026-09-09T19:21:46.027125Z DEBUG transparent_shard_server::runtime: construction stage geometry="recent-8k" table="pages" seconds=1.145813566 stage="hint_columns"
2026-09-09T19:21:46.027132Z DEBUG transparent_shard_server::runtime: construction stage geometry="recent-8k" table="pages" seconds=1.15606548 stage="hint_columns"
2026-09-09T19:21:48.361072Z DEBUG transparent_shard_server::runtime: construction stage geometry="recent-8k" table="pages" seconds=2.333874035 stage="pack_preprocessing"
2026-09-09T19:21:48.361393Z DEBUG transparent_shard_server::runtime: construction stage geometry="recent-8k" table="pages" seconds=0.000280116 stage="publish_parameters"
2026-09-09T19:21:48.361872Z DEBUG transparent_shard_server::runtime: runtime stage key=("5b7ee9849d47f5ee67d04eb6ca4588beacf42dce75e5a1b481dfd02607b1fb20", Pages, 0) seconds=3.791065333 stage="runtime_build"
2026-09-09T19:21:48.362688Z DEBUG transparent_shard_server::runtime: construction stage geometry="recent-8k" table="pages" seconds=2.335512024 stage="pack_preprocessing"
2026-09-09T19:21:48.362950Z DEBUG transparent_shard_server::runtime: construction stage geometry="recent-8k" table="pages" seconds=0.000234924 stage="publish_parameters"
2026-09-09T19:21:48.363464Z DEBUG transparent_shard_server::runtime: runtime stage key=("1f5d7213a380745d83cc554ad16bdf9e039a0304d0de0b71376828e1838d0ea4", Pages, 0) seconds=3.789005908 stage="runtime_build"
2026-09-09T19:21:48.364077Z DEBUG transparent_shard_server::runtime: runtime stage key=("5b7ee9849d47f5ee67d04eb6ca4588beacf42dce75e5a1b481dfd02607b1fb20", Pages, 0) reserved_bytes=136314880 stage="serialization_handoff"
2026-09-09T19:21:48.364122Z DEBUG transparent_shard_server::runtime: runtime stage key=("5b7ee9849d47f5ee67d04eb6ca4588beacf42dce75e5a1b481dfd02607b1fb20", Directory, 0) seconds=3.940755208 stage="build_slot"
2026-09-09T19:21:48.364230Z DEBUG transparent_shard_server::memory: cold build admission wait seconds=9.3137e-5 admitted=true
2026-09-09T19:21:48.365626Z DEBUG transparent_shard_server::runtime: runtime stage key=("1f5d7213a380745d83cc554ad16bdf9e039a0304d0de0b71376828e1838d0ea4", Pages, 0) reserved_bytes=136314880 stage="serialization_handoff"
2026-09-09T19:21:48.365643Z DEBUG transparent_shard_server::runtime: runtime stage key=("1f5d7213a380745d83cc554ad16bdf9e039a0304d0de0b71376828e1838d0ea4", Directory, 0) seconds=3.942211972 stage="build_slot"
2026-09-09T19:21:48.365681Z DEBUG transparent_shard_server::memory: cold build admission wait seconds=2.9659e-5 admitted=true
2026-09-09T19:21:48.530037Z DEBUG transparent_shard_server::runtime: runtime stage key=("1f5d7213a380745d83cc554ad16bdf9e039a0304d0de0b71376828e1838d0ea4", Directory, 0) seconds=0.16418153 stage="source_load"
2026-09-09T19:21:48.530097Z DEBUG transparent_shard_server::runtime: runtime stage key=("5b7ee9849d47f5ee67d04eb6ca4588beacf42dce75e5a1b481dfd02607b1fb20", Directory, 0) seconds=0.165814199 stage="source_load"
2026-09-09T19:21:48.834834Z DEBUG transparent_shard_server::runtime: construction stage geometry="recent-8k" table="directory" seconds=0.304714737 stage="encode_database"
2026-09-09T19:21:48.834931Z DEBUG transparent_shard_server::runtime: construction stage geometry="recent-8k" table="directory" seconds=6.0906e-5 stage="public_setup"
2026-09-09T19:21:48.843644Z DEBUG transparent_shard_server::runtime: construction stage geometry="recent-8k" table="directory" seconds=0.313570046 stage="encode_database"
2026-09-09T19:21:48.843727Z DEBUG transparent_shard_server::runtime: construction stage geometry="recent-8k" table="directory" seconds=5.3215e-5 stage="public_setup"
2026-09-09T19:21:49.142767Z DEBUG transparent_shard_server::runtime: runtime stage key=("5b7ee9849d47f5ee67d04eb6ca4588beacf42dce75e5a1b481dfd02607b1fb20", Pages, 0) seconds=0.778676889 stage="disk_save"
2026-09-09T19:21:49.145198Z DEBUG transparent_shard_server::runtime: runtime stage key=("ca7afe810c988a8b4b561668f3456a9f38d1fdbb0776614e07ddfeb1a2132000", Directory, 0) seconds=1.665e-6 stage="restore_slot"
2026-09-09T19:21:49.145328Z DEBUG transparent_shard_server::runtime: runtime stage key=("ca7afe810c988a8b4b561668f3456a9f38d1fdbb0776614e07ddfeb1a2132000", Directory, 0) seconds=2.4972e-5 hit=false stage="disk_restore"
2026-09-09T19:21:50.094243Z DEBUG transparent_shard_server::runtime: construction stage geometry="recent-8k" table="directory" seconds=1.250509528 stage="hint_columns"
2026-09-09T19:21:50.106198Z DEBUG transparent_shard_server::runtime: construction stage geometry="recent-8k" table="directory" seconds=1.27126016 stage="hint_columns"
2026-09-09T19:21:50.378113Z DEBUG transparent_shard_server::runtime: runtime stage key=("1f5d7213a380745d83cc554ad16bdf9e039a0304d0de0b71376828e1838d0ea4", Pages, 0) seconds=2.012468413 stage="disk_save"
2026-09-09T19:21:50.378207Z DEBUG transparent_shard_server::runtime: runtime stage key=("ca7afe810c988a8b4b561668f3456a9f38d1fdbb0776614e07ddfeb1a2132000", Pages, 0) seconds=2.149e-6 stage="restore_slot"
2026-09-09T19:21:50.378433Z DEBUG transparent_shard_server::runtime: runtime stage key=("ca7afe810c988a8b4b561668f3456a9f38d1fdbb0776614e07ddfeb1a2132000", Pages, 0) seconds=4.2582e-5 hit=false stage="disk_restore"
2026-09-09T19:21:52.420639Z DEBUG transparent_shard_server::runtime: construction stage geometry="recent-8k" table="directory" seconds=2.326355234 stage="pack_preprocessing"
2026-09-09T19:21:52.420989Z DEBUG transparent_shard_server::runtime: construction stage geometry="recent-8k" table="directory" seconds=0.000310006 stage="publish_parameters"
2026-09-09T19:21:52.421488Z DEBUG transparent_shard_server::runtime: runtime stage key=("1f5d7213a380745d83cc554ad16bdf9e039a0304d0de0b71376828e1838d0ea4", Directory, 0) seconds=3.891415183 stage="runtime_build"
2026-09-09T19:21:52.421515Z DEBUG transparent_shard_server::runtime: runtime stage key=("1f5d7213a380745d83cc554ad16bdf9e039a0304d0de0b71376828e1838d0ea4", Directory, 0) reserved_bytes=136314880 stage="serialization_handoff"
2026-09-09T19:21:52.421556Z DEBUG transparent_shard_server::runtime: runtime stage key=("ca7afe810c988a8b4b561668f3456a9f38d1fdbb0776614e07ddfeb1a2132000", Directory, 0) seconds=3.276204905 stage="build_slot"
2026-09-09T19:21:52.421656Z DEBUG transparent_shard_server::memory: cold build admission wait seconds=7.8478e-5 admitted=true
2026-09-09T19:21:52.427984Z DEBUG transparent_shard_server::runtime: construction stage geometry="recent-8k" table="directory" seconds=2.321758347 stage="pack_preprocessing"
2026-09-09T19:21:52.428283Z DEBUG transparent_shard_server::runtime: construction stage geometry="recent-8k" table="directory" seconds=0.000265281 stage="publish_parameters"
2026-09-09T19:21:52.429045Z DEBUG transparent_shard_server::runtime: runtime stage key=("5b7ee9849d47f5ee67d04eb6ca4588beacf42dce75e5a1b481dfd02607b1fb20", Directory, 0) seconds=3.898926958 stage="runtime_build"
2026-09-09T19:21:52.429072Z DEBUG transparent_shard_server::runtime: runtime stage key=("5b7ee9849d47f5ee67d04eb6ca4588beacf42dce75e5a1b481dfd02607b1fb20", Directory, 0) reserved_bytes=136314880 stage="serialization_handoff"
2026-09-09T19:21:52.432199Z DEBUG transparent_shard_server::runtime: runtime stage key=("ca7afe810c988a8b4b561668f3456a9f38d1fdbb0776614e07ddfeb1a2132000", Pages, 0) seconds=2.053724944 stage="build_slot"
2026-09-09T19:21:52.432300Z DEBUG transparent_shard_server::memory: cold build admission wait seconds=7.6438e-5 admitted=true
2026-09-09T19:21:52.558860Z DEBUG transparent_shard_server::runtime: runtime stage key=("ca7afe810c988a8b4b561668f3456a9f38d1fdbb0776614e07ddfeb1a2132000", Directory, 0) seconds=0.137181369 stage="source_load"
2026-09-09T19:21:52.577157Z DEBUG transparent_shard_server::runtime: runtime stage key=("ca7afe810c988a8b4b561668f3456a9f38d1fdbb0776614e07ddfeb1a2132000", Pages, 0) seconds=0.144817726 stage="source_load"
2026-09-09T19:21:52.859420Z DEBUG transparent_shard_server::runtime: construction stage geometry="recent-8k" table="directory" seconds=0.300525778 stage="encode_database"
2026-09-09T19:21:52.859528Z DEBUG transparent_shard_server::runtime: construction stage geometry="recent-8k" table="directory" seconds=7.437e-5 stage="public_setup"
2026-09-09T19:21:52.877394Z DEBUG transparent_shard_server::runtime: construction stage geometry="recent-8k" table="pages" seconds=0.300199786 stage="encode_database"
2026-09-09T19:21:52.877500Z DEBUG transparent_shard_server::runtime: construction stage geometry="recent-8k" table="pages" seconds=7.2472e-5 stage="public_setup"
2026-09-09T19:21:53.143536Z DEBUG transparent_shard_server::runtime: runtime stage key=("1f5d7213a380745d83cc554ad16bdf9e039a0304d0de0b71376828e1838d0ea4", Directory, 0) seconds=0.722014315 stage="disk_save"
2026-09-09T19:21:53.143632Z DEBUG transparent_shard_server::runtime: runtime stage key=("95df7205357fe2d9c962d2b41daded841e05afa7b6fc8d06dfec46ad04e15335", Directory, 0) seconds=2.07e-6 stage="restore_slot"
2026-09-09T19:21:53.143763Z DEBUG transparent_shard_server::runtime: runtime stage key=("95df7205357fe2d9c962d2b41daded841e05afa7b6fc8d06dfec46ad04e15335", Directory, 0) seconds=2.4779e-5 hit=false stage="disk_restore"
2026-09-09T19:21:54.184253Z DEBUG transparent_shard_server::runtime: construction stage geometry="recent-8k" table="pages" seconds=1.306747136 stage="hint_columns"
2026-09-09T19:21:54.193215Z DEBUG transparent_shard_server::runtime: construction stage geometry="recent-8k" table="directory" seconds=1.333680471 stage="hint_columns"
2026-09-09T19:21:54.398359Z DEBUG transparent_shard_server::runtime: runtime stage key=("5b7ee9849d47f5ee67d04eb6ca4588beacf42dce75e5a1b481dfd02607b1fb20", Directory, 0) seconds=1.969281063 stage="disk_save"
2026-09-09T19:21:54.398466Z DEBUG transparent_shard_server::runtime: runtime stage key=("95df7205357fe2d9c962d2b41daded841e05afa7b6fc8d06dfec46ad04e15335", Pages, 0) seconds=1.739e-6 stage="restore_slot"
2026-09-09T19:21:54.398634Z DEBUG transparent_shard_server::runtime: runtime stage key=("95df7205357fe2d9c962d2b41daded841e05afa7b6fc8d06dfec46ad04e15335", Pages, 0) seconds=3.8238e-5 hit=false stage="disk_restore"
2026-09-09T19:21:56.501884Z DEBUG transparent_shard_server::runtime: construction stage geometry="recent-8k" table="pages" seconds=2.317593469 stage="pack_preprocessing"
2026-09-09T19:21:56.502201Z DEBUG transparent_shard_server::runtime: construction stage geometry="recent-8k" table="pages" seconds=0.000272427 stage="publish_parameters"
2026-09-09T19:21:56.502713Z DEBUG transparent_shard_server::runtime: runtime stage key=("ca7afe810c988a8b4b561668f3456a9f38d1fdbb0776614e07ddfeb1a2132000", Pages, 0) seconds=3.925520302 stage="runtime_build"
2026-09-09T19:21:56.502738Z DEBUG transparent_shard_server::runtime: runtime stage key=("ca7afe810c988a8b4b561668f3456a9f38d1fdbb0776614e07ddfeb1a2132000", Pages, 0) reserved_bytes=136314880 stage="serialization_handoff"
2026-09-09T19:21:56.502847Z DEBUG transparent_shard_server::runtime: runtime stage key=("95df7205357fe2d9c962d2b41daded841e05afa7b6fc8d06dfec46ad04e15335", Directory, 0) seconds=3.359064264 stage="build_slot"
2026-09-09T19:21:56.502950Z DEBUG transparent_shard_server::memory: cold build admission wait seconds=7.5672e-5 admitted=true
2026-09-09T19:21:56.517655Z DEBUG transparent_shard_server::runtime: construction stage geometry="recent-8k" table="directory" seconds=2.324406955 stage="pack_preprocessing"
2026-09-09T19:21:56.517934Z DEBUG transparent_shard_server::runtime: construction stage geometry="recent-8k" table="directory" seconds=0.000249022 stage="publish_parameters"
2026-09-09T19:21:56.518685Z DEBUG transparent_shard_server::runtime: runtime stage key=("ca7afe810c988a8b4b561668f3456a9f38d1fdbb0776614e07ddfeb1a2132000", Directory, 0) seconds=3.959791722 stage="runtime_build"
2026-09-09T19:21:56.518716Z DEBUG transparent_shard_server::runtime: runtime stage key=("ca7afe810c988a8b4b561668f3456a9f38d1fdbb0776614e07ddfeb1a2132000", Directory, 0) reserved_bytes=136314880 stage="serialization_handoff"
2026-09-09T19:21:56.518768Z DEBUG transparent_shard_server::runtime: runtime stage key=("95df7205357fe2d9c962d2b41daded841e05afa7b6fc8d06dfec46ad04e15335", Pages, 0) seconds=2.120106846 stage="build_slot"
2026-09-09T19:21:56.518838Z DEBUG transparent_shard_server::memory: cold build admission wait seconds=6.4243e-5 admitted=true
2026-09-09T19:21:56.649036Z DEBUG transparent_shard_server::runtime: runtime stage key=("95df7205357fe2d9c962d2b41daded841e05afa7b6fc8d06dfec46ad04e15335", Directory, 0) seconds=0.14386069 stage="source_load"
2026-09-09T19:21:56.658706Z DEBUG transparent_shard_server::runtime: runtime stage key=("95df7205357fe2d9c962d2b41daded841e05afa7b6fc8d06dfec46ad04e15335", Pages, 0) seconds=0.139802396 stage="source_load"
2026-09-09T19:21:56.941258Z DEBUG transparent_shard_server::runtime: construction stage geometry="recent-8k" table="directory" seconds=0.292186905 stage="encode_database"
2026-09-09T19:21:56.941385Z DEBUG transparent_shard_server::runtime: construction stage geometry="recent-8k" table="directory" seconds=7.1693e-5 stage="public_setup"
2026-09-09T19:21:56.958982Z DEBUG transparent_shard_server::runtime: construction stage geometry="recent-8k" table="pages" seconds=0.300241984 stage="encode_database"
2026-09-09T19:21:56.959077Z DEBUG transparent_shard_server::runtime: construction stage geometry="recent-8k" table="pages" seconds=6.7205e-5 stage="public_setup"
2026-09-09T19:21:57.236775Z DEBUG transparent_shard_server::runtime: runtime stage key=("ca7afe810c988a8b4b561668f3456a9f38d1fdbb0776614e07ddfeb1a2132000", Pages, 0) seconds=0.734030266 stage="disk_save"
2026-09-09T19:21:57.243204Z DEBUG transparent_shard_server::runtime: runtime stage key=("73d46a59d0d03d7616f9a47e53b50448d4c5a3504e6e296600d8884c8c4403b8", Directory, 0) seconds=2.537e-6 stage="restore_slot"
2026-09-09T19:21:57.243361Z DEBUG transparent_shard_server::runtime: runtime stage key=("73d46a59d0d03d7616f9a47e53b50448d4c5a3504e6e296600d8884c8c4403b8", Directory, 0) seconds=3.1149e-5 hit=false stage="disk_restore"
2026-09-09T19:21:58.263306Z DEBUG transparent_shard_server::runtime: construction stage geometry="recent-8k" table="pages" seconds=1.304223192 stage="hint_columns"
2026-09-09T19:21:58.266222Z DEBUG transparent_shard_server::runtime: construction stage geometry="recent-8k" table="directory" seconds=1.324829669 stage="hint_columns"
2026-09-09T19:21:58.471399Z DEBUG transparent_shard_server::runtime: runtime stage key=("ca7afe810c988a8b4b561668f3456a9f38d1fdbb0776614e07ddfeb1a2132000", Directory, 0) seconds=1.952676278 stage="disk_save"
2026-09-09T19:21:58.471469Z DEBUG transparent_shard_server::runtime: runtime stage key=("73d46a59d0d03d7616f9a47e53b50448d4c5a3504e6e296600d8884c8c4403b8", Pages, 0) seconds=1.902e-6 stage="restore_slot"
2026-09-09T19:21:58.471684Z DEBUG transparent_shard_server::runtime: runtime stage key=("73d46a59d0d03d7616f9a47e53b50448d4c5a3504e6e296600d8884c8c4403b8", Pages, 0) seconds=4.1886e-5 hit=false stage="disk_restore"
2026-09-09T19:22:00.597509Z DEBUG transparent_shard_server::runtime: construction stage geometry="recent-8k" table="directory" seconds=2.331258157 stage="pack_preprocessing"
2026-09-09T19:22:00.597813Z DEBUG transparent_shard_server::runtime: construction stage geometry="recent-8k" table="directory" seconds=0.000260203 stage="publish_parameters"
2026-09-09T19:22:00.598719Z DEBUG transparent_shard_server::runtime: runtime stage key=("95df7205357fe2d9c962d2b41daded841e05afa7b6fc8d06dfec46ad04e15335", Directory, 0) seconds=3.949648912 stage="runtime_build"
2026-09-09T19:22:00.598758Z DEBUG transparent_shard_server::runtime: runtime stage key=("95df7205357fe2d9c962d2b41daded841e05afa7b6fc8d06dfec46ad04e15335", Directory, 0) reserved_bytes=136314880 stage="serialization_handoff"
2026-09-09T19:22:00.601190Z DEBUG transparent_shard_server::runtime: runtime stage key=("73d46a59d0d03d7616f9a47e53b50448d4c5a3504e6e296600d8884c8c4403b8", Directory, 0) seconds=3.357801645 stage="build_slot"
2026-09-09T19:22:00.601296Z DEBUG transparent_shard_server::memory: cold build admission wait seconds=7.8726e-5 admitted=true
2026-09-09T19:22:00.608936Z DEBUG transparent_shard_server::runtime: construction stage geometry="recent-8k" table="pages" seconds=2.34559591 stage="pack_preprocessing"
2026-09-09T19:22:00.609248Z DEBUG transparent_shard_server::runtime: construction stage geometry="recent-8k" table="pages" seconds=0.00027385 stage="publish_parameters"
2026-09-09T19:22:00.609799Z DEBUG transparent_shard_server::runtime: runtime stage key=("95df7205357fe2d9c962d2b41daded841e05afa7b6fc8d06dfec46ad04e15335", Pages, 0) seconds=3.95106045 stage="runtime_build"
2026-09-09T19:22:00.609822Z DEBUG transparent_shard_server::runtime: runtime stage key=("95df7205357fe2d9c962d2b41daded841e05afa7b6fc8d06dfec46ad04e15335", Pages, 0) reserved_bytes=136314880 stage="serialization_handoff"
2026-09-09T19:22:00.610935Z DEBUG transparent_shard_server::runtime: runtime stage key=("73d46a59d0d03d7616f9a47e53b50448d4c5a3504e6e296600d8884c8c4403b8", Pages, 0) seconds=2.139203024 stage="build_slot"
2026-09-09T19:22:00.611059Z DEBUG transparent_shard_server::memory: cold build admission wait seconds=9.2381e-5 admitted=true
2026-09-09T19:22:00.740920Z DEBUG transparent_shard_server::runtime: runtime stage key=("73d46a59d0d03d7616f9a47e53b50448d4c5a3504e6e296600d8884c8c4403b8", Directory, 0) seconds=0.139595664 stage="source_load"
2026-09-09T19:22:00.750669Z DEBUG transparent_shard_server::runtime: runtime stage key=("73d46a59d0d03d7616f9a47e53b50448d4c5a3504e6e296600d8884c8c4403b8", Pages, 0) seconds=0.139494563 stage="source_load"
2026-09-09T19:22:01.032373Z DEBUG transparent_shard_server::runtime: construction stage geometry="recent-8k" table="directory" seconds=0.29142092 stage="encode_database"
2026-09-09T19:22:01.032485Z DEBUG transparent_shard_server::runtime: construction stage geometry="recent-8k" table="directory" seconds=7.4209e-5 stage="public_setup"
2026-09-09T19:22:01.043080Z DEBUG transparent_shard_server::runtime: construction stage geometry="recent-8k" table="pages" seconds=0.292374144 stage="encode_database"
2026-09-09T19:22:01.043204Z DEBUG transparent_shard_server::runtime: construction stage geometry="recent-8k" table="pages" seconds=8.843e-5 stage="public_setup"
2026-09-09T19:22:01.343203Z DEBUG transparent_shard_server::runtime: runtime stage key=("95df7205357fe2d9c962d2b41daded841e05afa7b6fc8d06dfec46ad04e15335", Directory, 0) seconds=0.744438581 stage="disk_save"
2026-09-09T19:22:01.343301Z DEBUG transparent_shard_server::runtime: runtime stage key=("b16be2933ab920bc4745ea8917e5167a7a685c211e0b4febe88b4d3018f970bc", Directory, 0) seconds=2.396e-6 stage="restore_slot"
2026-09-09T19:22:01.343421Z DEBUG transparent_shard_server::runtime: runtime stage key=("b16be2933ab920bc4745ea8917e5167a7a685c211e0b4febe88b4d3018f970bc", Directory, 0) seconds=2.5234e-5 hit=false stage="disk_restore"
2026-09-09T19:22:02.367291Z DEBUG transparent_shard_server::runtime: construction stage geometry="recent-8k" table="pages" seconds=1.324077974 stage="hint_columns"
2026-09-09T19:22:02.382292Z DEBUG transparent_shard_server::runtime: construction stage geometry="recent-8k" table="directory" seconds=1.349798703 stage="hint_columns"
2026-09-09T19:22:02.585365Z DEBUG transparent_shard_server::runtime: runtime stage key=("95df7205357fe2d9c962d2b41daded841e05afa7b6fc8d06dfec46ad04e15335", Pages, 0) seconds=1.975536971 stage="disk_save"
2026-09-09T19:22:02.585453Z DEBUG transparent_shard_server::runtime: runtime stage key=("b16be2933ab920bc4745ea8917e5167a7a685c211e0b4febe88b4d3018f970bc", Pages, 0) seconds=1.982e-6 stage="restore_slot"
2026-09-09T19:22:02.585639Z DEBUG transparent_shard_server::runtime: runtime stage key=("b16be2933ab920bc4745ea8917e5167a7a685c211e0b4febe88b4d3018f970bc", Pages, 0) seconds=3.6749e-5 hit=false stage="disk_restore"
2026-09-09T19:22:04.690021Z DEBUG transparent_shard_server::runtime: construction stage geometry="recent-8k" table="pages" seconds=2.322686871 stage="pack_preprocessing"
2026-09-09T19:22:04.690337Z DEBUG transparent_shard_server::runtime: construction stage geometry="recent-8k" table="pages" seconds=0.000276909 stage="publish_parameters"
2026-09-09T19:22:04.690951Z DEBUG transparent_shard_server::runtime: runtime stage key=("73d46a59d0d03d7616f9a47e53b50448d4c5a3504e6e296600d8884c8c4403b8", Pages, 0) seconds=3.9402471180000003 stage="runtime_build"
2026-09-09T19:22:04.690981Z DEBUG transparent_shard_server::runtime: runtime stage key=("73d46a59d0d03d7616f9a47e53b50448d4c5a3504e6e296600d8884c8c4403b8", Pages, 0) reserved_bytes=136314880 stage="serialization_handoff"
2026-09-09T19:22:04.691094Z DEBUG transparent_shard_server::runtime: runtime stage key=("b16be2933ab920bc4745ea8917e5167a7a685c211e0b4febe88b4d3018f970bc", Directory, 0) seconds=3.347652242 stage="build_slot"
2026-09-09T19:22:04.691209Z DEBUG transparent_shard_server::memory: cold build admission wait seconds=8.6749e-5 admitted=true
2026-09-09T19:22:04.694483Z DEBUG transparent_shard_server::runtime: construction stage geometry="recent-8k" table="directory" seconds=2.312149833 stage="pack_preprocessing"
2026-09-09T19:22:04.694748Z DEBUG transparent_shard_server::runtime: construction stage geometry="recent-8k" table="directory" seconds=0.000237133 stage="publish_parameters"
2026-09-09T19:22:04.695527Z DEBUG transparent_shard_server::runtime: runtime stage key=("73d46a59d0d03d7616f9a47e53b50448d4c5a3504e6e296600d8884c8c4403b8", Directory, 0) seconds=3.954576271 stage="runtime_build"
2026-09-09T19:22:04.695547Z DEBUG transparent_shard_server::runtime: runtime stage key=("73d46a59d0d03d7616f9a47e53b50448d4c5a3504e6e296600d8884c8c4403b8", Directory, 0) reserved_bytes=136314880 stage="serialization_handoff"
2026-09-09T19:22:04.695585Z DEBUG transparent_shard_server::runtime: runtime stage key=("b16be2933ab920bc4745ea8917e5167a7a685c211e0b4febe88b4d3018f970bc", Pages, 0) seconds=2.109915056 stage="build_slot"
2026-09-09T19:22:04.695640Z DEBUG transparent_shard_server::memory: cold build admission wait seconds=5.0938e-5 admitted=true
2026-09-09T19:22:04.829019Z DEBUG transparent_shard_server::runtime: runtime stage key=("b16be2933ab920bc4745ea8917e5167a7a685c211e0b4febe88b4d3018f970bc", Directory, 0) seconds=0.137264595 stage="source_load"
2026-09-09T19:22:04.834766Z DEBUG transparent_shard_server::runtime: runtime stage key=("b16be2933ab920bc4745ea8917e5167a7a685c211e0b4febe88b4d3018f970bc", Pages, 0) seconds=0.139024033 stage="source_load"
2026-09-09T19:22:05.117973Z DEBUG transparent_shard_server::runtime: construction stage geometry="recent-8k" table="directory" seconds=0.288921252 stage="encode_database"
2026-09-09T19:22:05.118103Z DEBUG transparent_shard_server::runtime: construction stage geometry="recent-8k" table="directory" seconds=9.3962e-5 stage="public_setup"
2026-09-09T19:22:05.125148Z DEBUG transparent_shard_server::runtime: construction stage geometry="recent-8k" table="pages" seconds=0.290352622 stage="encode_database"
2026-09-09T19:22:05.125264Z DEBUG transparent_shard_server::runtime: construction stage geometry="recent-8k" table="pages" seconds=7.0946e-5 stage="public_setup"
2026-09-09T19:22:05.430138Z DEBUG transparent_shard_server::runtime: runtime stage key=("73d46a59d0d03d7616f9a47e53b50448d4c5a3504e6e296600d8884c8c4403b8", Pages, 0) seconds=0.739149738 stage="disk_save"
2026-09-09T19:22:05.434204Z DEBUG transparent_shard_server::runtime: runtime stage key=("16b8227360ce35dd2e111156f5e31fd5eb500ff877879a212fef6cf8471de8a5", Directory, 0) seconds=2.396e-6 stage="restore_slot"
2026-09-09T19:22:05.434363Z DEBUG transparent_shard_server::runtime: runtime stage key=("16b8227360ce35dd2e111156f5e31fd5eb500ff877879a212fef6cf8471de8a5", Directory, 0) seconds=3.3463e-5 hit=false stage="disk_restore"
2026-09-09T19:22:06.438795Z DEBUG transparent_shard_server::runtime: construction stage geometry="recent-8k" table="pages" seconds=1.313525265 stage="hint_columns"
2026-09-09T19:22:06.448300Z DEBUG transparent_shard_server::runtime: construction stage geometry="recent-8k" table="directory" seconds=1.330190713 stage="hint_columns"
2026-09-09T19:22:06.652700Z DEBUG transparent_shard_server::runtime: runtime stage key=("73d46a59d0d03d7616f9a47e53b50448d4c5a3504e6e296600d8884c8c4403b8", Directory, 0) seconds=1.95714631 stage="disk_save"
2026-09-09T19:22:06.652781Z DEBUG transparent_shard_server::runtime: runtime stage key=("16b8227360ce35dd2e111156f5e31fd5eb500ff877879a212fef6cf8471de8a5", Pages, 0) seconds=2.701e-6 stage="restore_slot"
2026-09-09T19:22:06.652970Z DEBUG transparent_shard_server::runtime: runtime stage key=("16b8227360ce35dd2e111156f5e31fd5eb500ff877879a212fef6cf8471de8a5", Pages, 0) seconds=4.9251e-5 hit=false stage="disk_restore"
2026-09-09T19:22:08.598436Z DEBUG transparent_shard_server::runtime: construction stage geometry="recent-8k" table="directory" seconds=2.150103214 stage="pack_preprocessing"
2026-09-09T19:22:08.598731Z DEBUG transparent_shard_server::runtime: construction stage geometry="recent-8k" table="directory" seconds=0.000254243 stage="publish_parameters"
2026-09-09T19:22:08.599499Z DEBUG transparent_shard_server::runtime: runtime stage key=("b16be2933ab920bc4745ea8917e5167a7a685c211e0b4febe88b4d3018f970bc", Directory, 0) seconds=3.770448657 stage="runtime_build"
2026-09-09T19:22:08.599543Z DEBUG transparent_shard_server::runtime: runtime stage key=("b16be2933ab920bc4745ea8917e5167a7a685c211e0b4febe88b4d3018f970bc", Directory, 0) reserved_bytes=136314880 stage="serialization_handoff"
2026-09-09T19:22:08.599590Z DEBUG transparent_shard_server::runtime: runtime stage key=("16b8227360ce35dd2e111156f5e31fd5eb500ff877879a212fef6cf8471de8a5", Directory, 0) seconds=3.165199375 stage="build_slot"
2026-09-09T19:22:08.599693Z DEBUG transparent_shard_server::memory: cold build admission wait seconds=7.9722e-5 admitted=true
2026-09-09T19:22:08.807050Z DEBUG transparent_shard_server::runtime: runtime stage key=("16b8227360ce35dd2e111156f5e31fd5eb500ff877879a212fef6cf8471de8a5", Directory, 0) seconds=0.207335989 stage="source_load"
2026-09-09T19:22:09.106490Z DEBUG transparent_shard_server::runtime: construction stage geometry="recent-8k" table="directory" seconds=0.299408509 stage="encode_database"
2026-09-09T19:22:09.106594Z DEBUG transparent_shard_server::runtime: construction stage geometry="recent-8k" table="directory" seconds=7.3925e-5 stage="public_setup"
2026-09-09T19:22:09.309571Z DEBUG transparent_shard_server::runtime: runtime stage key=("b16be2933ab920bc4745ea8917e5167a7a685c211e0b4febe88b4d3018f970bc", Directory, 0) seconds=0.710022277 stage="disk_save"
2026-09-09T19:22:09.312216Z DEBUG transparent_shard_server::runtime: runtime stage key=("1cd27964911287b2a127c1f8df5e6b0c19f5b4db309391c5adb2db3072bfec6e", Directory, 0) seconds=1.836e-6 stage="restore_slot"
2026-09-09T19:22:09.315229Z DEBUG transparent_shard_server::runtime: runtime stage key=("1cd27964911287b2a127c1f8df5e6b0c19f5b4db309391c5adb2db3072bfec6e", Directory, 0) seconds=3.9532e-5 hit=false stage="disk_restore"
2026-09-09T19:22:09.689881Z DEBUG transparent_shard_server::runtime: construction stage geometry="recent-8k" table="pages" seconds=3.251051412 stage="pack_preprocessing"
2026-09-09T19:22:09.693241Z DEBUG transparent_shard_server::runtime: construction stage geometry="recent-8k" table="pages" seconds=0.003317664 stage="publish_parameters"
2026-09-09T19:22:09.697741Z DEBUG transparent_shard_server::runtime: runtime stage key=("b16be2933ab920bc4745ea8917e5167a7a685c211e0b4febe88b4d3018f970bc", Pages, 0) seconds=4.862946689 stage="runtime_build"
2026-09-09T19:22:09.697788Z DEBUG transparent_shard_server::runtime: runtime stage key=("b16be2933ab920bc4745ea8917e5167a7a685c211e0b4febe88b4d3018f970bc", Pages, 0) reserved_bytes=136314880 stage="serialization_handoff"
2026-09-09T19:22:09.697809Z DEBUG transparent_shard_server::runtime: runtime stage key=("16b8227360ce35dd2e111156f5e31fd5eb500ff877879a212fef6cf8471de8a5", Pages, 0) seconds=3.044799385 stage="build_slot"
2026-09-09T19:22:09.697911Z DEBUG transparent_shard_server::memory: cold build admission wait seconds=8.1256e-5 admitted=true
2026-09-09T19:22:09.968239Z DEBUG transparent_shard_server::runtime: runtime stage key=("16b8227360ce35dd2e111156f5e31fd5eb500ff877879a212fef6cf8471de8a5", Pages, 0) seconds=0.268065258 stage="source_load"
2026-09-09T19:22:10.104223Z DEBUG transparent_shard_server::runtime: construction stage geometry="recent-8k" table="directory" seconds=0.997623151 stage="hint_columns"
2026-09-09T19:22:10.325679Z DEBUG transparent_shard_server::runtime: construction stage geometry="recent-8k" table="pages" seconds=0.357401581 stage="encode_database"
2026-09-09T19:22:10.325787Z DEBUG transparent_shard_server::runtime: construction stage geometry="recent-8k" table="pages" seconds=7.3561e-5 stage="public_setup"
2026-09-09T19:22:10.638214Z DEBUG transparent_shard_server::runtime: runtime stage key=("b16be2933ab920bc4745ea8917e5167a7a685c211e0b4febe88b4d3018f970bc", Pages, 0) seconds=0.940419471 stage="disk_save"
2026-09-09T19:22:10.638289Z DEBUG transparent_shard_server::runtime: runtime stage key=("1cd27964911287b2a127c1f8df5e6b0c19f5b4db309391c5adb2db3072bfec6e", Pages, 0) seconds=1.678e-6 stage="restore_slot"
2026-09-09T19:22:10.638427Z DEBUG transparent_shard_server::runtime: runtime stage key=("1cd27964911287b2a127c1f8df5e6b0c19f5b4db309391c5adb2db3072bfec6e", Pages, 0) seconds=4.259e-5 hit=false stage="disk_restore"
2026-09-09T19:22:11.209975Z DEBUG transparent_shard_server::runtime: construction stage geometry="recent-8k" table="pages" seconds=0.884181801 stage="hint_columns"
2026-09-09T19:22:12.411791Z DEBUG transparent_shard_server::runtime: construction stage geometry="recent-8k" table="directory" seconds=2.307535058 stage="pack_preprocessing"
2026-09-09T19:22:12.412085Z DEBUG transparent_shard_server::runtime: construction stage geometry="recent-8k" table="directory" seconds=0.000253832 stage="publish_parameters"
2026-09-09T19:22:12.412880Z DEBUG transparent_shard_server::runtime: runtime stage key=("16b8227360ce35dd2e111156f5e31fd5eb500ff877879a212fef6cf8471de8a5", Directory, 0) seconds=3.605799359 stage="runtime_build"
2026-09-09T19:22:12.412932Z DEBUG transparent_shard_server::runtime: runtime stage key=("16b8227360ce35dd2e111156f5e31fd5eb500ff877879a212fef6cf8471de8a5", Directory, 0) reserved_bytes=136314880 stage="serialization_handoff"
2026-09-09T19:22:12.412961Z DEBUG transparent_shard_server::runtime: runtime stage key=("1cd27964911287b2a127c1f8df5e6b0c19f5b4db309391c5adb2db3072bfec6e", Directory, 0) seconds=3.0947837910000002 stage="build_slot"
2026-09-09T19:22:12.413060Z DEBUG transparent_shard_server::memory: cold build admission wait seconds=7.8094e-5 admitted=true
2026-09-09T19:22:12.616441Z DEBUG transparent_shard_server::runtime: runtime stage key=("1cd27964911287b2a127c1f8df5e6b0c19f5b4db309391c5adb2db3072bfec6e", Directory, 0) seconds=0.203358598 stage="source_load"
2026-09-09T19:22:12.905299Z DEBUG transparent_shard_server::runtime: construction stage geometry="recent-8k" table="directory" seconds=0.28882485 stage="encode_database"
2026-09-09T19:22:12.905409Z DEBUG transparent_shard_server::runtime: construction stage geometry="recent-8k" table="directory" seconds=7.77e-5 stage="public_setup"
2026-09-09T19:22:13.195850Z DEBUG transparent_shard_server::runtime: runtime stage key=("16b8227360ce35dd2e111156f5e31fd5eb500ff877879a212fef6cf8471de8a5", Directory, 0) seconds=0.78291166 stage="disk_save"
2026-09-09T19:22:13.195934Z DEBUG transparent_shard_server::runtime: runtime stage key=("27f56c565263ecffb8c7736d4e811665d81bf4ed71c7978431fcc4f45b645ee1", Directory, 0) seconds=1.81e-6 stage="restore_slot"
2026-09-09T19:22:13.196085Z DEBUG transparent_shard_server::runtime: runtime stage key=("27f56c565263ecffb8c7736d4e811665d81bf4ed71c7978431fcc4f45b645ee1", Directory, 0) seconds=3.8949e-5 hit=false stage="disk_restore"
2026-09-09T19:22:13.809953Z DEBUG transparent_shard_server::runtime: construction stage geometry="recent-8k" table="directory" seconds=0.904536454 stage="hint_columns"
2026-09-09T19:22:13.812701Z DEBUG transparent_shard_server::runtime: construction stage geometry="recent-8k" table="pages" seconds=2.602687137 stage="pack_preprocessing"
2026-09-09T19:22:13.813003Z DEBUG transparent_shard_server::runtime: construction stage geometry="recent-8k" table="pages" seconds=0.000272597 stage="publish_parameters"
2026-09-09T19:22:13.813683Z DEBUG transparent_shard_server::runtime: runtime stage key=("16b8227360ce35dd2e111156f5e31fd5eb500ff877879a212fef6cf8471de8a5", Pages, 0) seconds=3.845407042 stage="runtime_build"
2026-09-09T19:22:13.813710Z DEBUG transparent_shard_server::runtime: runtime stage key=("16b8227360ce35dd2e111156f5e31fd5eb500ff877879a212fef6cf8471de8a5", Pages, 0) reserved_bytes=136314880 stage="serialization_handoff"
2026-09-09T19:22:13.816210Z DEBUG transparent_shard_server::runtime: runtime stage key=("1cd27964911287b2a127c1f8df5e6b0c19f5b4db309391c5adb2db3072bfec6e", Pages, 0) seconds=3.177747037 stage="build_slot"
2026-09-09T19:22:13.816323Z DEBUG transparent_shard_server::memory: cold build admission wait seconds=8.7748e-5 admitted=true
2026-09-09T19:22:13.953687Z DEBUG transparent_shard_server::runtime: runtime stage key=("1cd27964911287b2a127c1f8df5e6b0c19f5b4db309391c5adb2db3072bfec6e", Pages, 0) seconds=0.137324831 stage="source_load"
2026-09-09T19:22:14.258411Z DEBUG transparent_shard_server::runtime: construction stage geometry="recent-8k" table="pages" seconds=0.304679306 stage="encode_database"
2026-09-09T19:22:14.258538Z DEBUG transparent_shard_server::runtime: construction stage geometry="recent-8k" table="pages" seconds=9.174e-5 stage="public_setup"
2026-09-09T19:22:14.537601Z DEBUG transparent_shard_server::runtime: runtime stage key=("16b8227360ce35dd2e111156f5e31fd5eb500ff877879a212fef6cf8471de8a5", Pages, 0) seconds=0.723883664 stage="disk_save"
2026-09-09T19:22:14.537671Z DEBUG transparent_shard_server::runtime: runtime stage key=("27f56c565263ecffb8c7736d4e811665d81bf4ed71c7978431fcc4f45b645ee1", Pages, 0) seconds=1.526e-6 stage="restore_slot"
2026-09-09T19:22:14.537803Z DEBUG transparent_shard_server::runtime: runtime stage key=("27f56c565263ecffb8c7736d4e811665d81bf4ed71c7978431fcc4f45b645ee1", Pages, 0) seconds=4.3087e-5 hit=false stage="disk_restore"
2026-09-09T19:22:15.070635Z DEBUG transparent_shard_server::runtime: construction stage geometry="recent-8k" table="pages" seconds=0.812090789 stage="hint_columns"
2026-09-09T19:22:16.287202Z DEBUG transparent_shard_server::runtime: construction stage geometry="recent-8k" table="directory" seconds=2.477203878 stage="pack_preprocessing"
2026-09-09T19:22:16.287510Z DEBUG transparent_shard_server::runtime: construction stage geometry="recent-8k" table="directory" seconds=0.000268189 stage="publish_parameters"
2026-09-09T19:22:16.288259Z DEBUG transparent_shard_server::runtime: runtime stage key=("1cd27964911287b2a127c1f8df5e6b0c19f5b4db309391c5adb2db3072bfec6e", Directory, 0) seconds=3.671785523 stage="runtime_build"
2026-09-09T19:22:16.288303Z DEBUG transparent_shard_server::runtime: runtime stage key=("27f56c565263ecffb8c7736d4e811665d81bf4ed71c7978431fcc4f45b645ee1", Directory, 0) seconds=3.09218756 stage="build_slot"
2026-09-09T19:22:16.288386Z DEBUG transparent_shard_server::memory: cold build admission wait seconds=7.9567e-5 admitted=true
2026-09-09T19:22:16.288465Z DEBUG transparent_shard_server::runtime: runtime stage key=("1cd27964911287b2a127c1f8df5e6b0c19f5b4db309391c5adb2db3072bfec6e", Directory, 0) reserved_bytes=136314880 stage="serialization_handoff"
2026-09-09T19:22:16.491286Z DEBUG transparent_shard_server::runtime: runtime stage key=("27f56c565263ecffb8c7736d4e811665d81bf4ed71c7978431fcc4f45b645ee1", Directory, 0) seconds=0.202874379 stage="source_load"
2026-09-09T19:22:16.796741Z DEBUG transparent_shard_server::runtime: construction stage geometry="recent-8k" table="directory" seconds=0.305420228 stage="encode_database"
2026-09-09T19:22:16.796861Z DEBUG transparent_shard_server::runtime: construction stage geometry="recent-8k" table="directory" seconds=8.7342e-5 stage="public_setup"
2026-09-09T19:22:17.303207Z DEBUG transparent_shard_server::runtime: runtime stage key=("1cd27964911287b2a127c1f8df5e6b0c19f5b4db309391c5adb2db3072bfec6e", Directory, 0) seconds=1.014735193 stage="disk_save"
2026-09-09T19:22:17.303296Z DEBUG transparent_shard_server::runtime: runtime stage key=("ced665ae1f1140944bcd0c9aa2b83c1019df768df87fa513f9509106fc5b88c1", Directory, 0) seconds=2.21e-6 stage="restore_slot"
2026-09-09T19:22:17.303443Z DEBUG transparent_shard_server::runtime: runtime stage key=("ced665ae1f1140944bcd0c9aa2b83c1019df768df87fa513f9509106fc5b88c1", Directory, 0) seconds=3.6526e-5 hit=false stage="disk_restore"
2026-09-09T19:22:17.653945Z DEBUG transparent_shard_server::runtime: construction stage geometry="recent-8k" table="pages" seconds=2.583267067 stage="pack_preprocessing"
2026-09-09T19:22:17.659256Z DEBUG transparent_shard_server::runtime: construction stage geometry="recent-8k" table="pages" seconds=0.005268427 stage="publish_parameters"
2026-09-09T19:22:17.660104Z DEBUG transparent_shard_server::runtime: runtime stage key=("1cd27964911287b2a127c1f8df5e6b0c19f5b4db309391c5adb2db3072bfec6e", Pages, 0) seconds=3.706373757 stage="runtime_build"
2026-09-09T19:22:17.660131Z DEBUG transparent_shard_server::runtime: runtime stage key=("1cd27964911287b2a127c1f8df5e6b0c19f5b4db309391c5adb2db3072bfec6e", Pages, 0) reserved_bytes=136314880 stage="serialization_handoff"
2026-09-09T19:22:17.660155Z DEBUG transparent_shard_server::runtime: runtime stage key=("27f56c565263ecffb8c7736d4e811665d81bf4ed71c7978431fcc4f45b645ee1", Pages, 0) seconds=3.122314721 stage="build_slot"
2026-09-09T19:22:17.660275Z DEBUG transparent_shard_server::memory: cold build admission wait seconds=8.6484e-5 admitted=true
2026-09-09T19:22:17.702344Z DEBUG transparent_shard_server::runtime: construction stage geometry="recent-8k" table="directory" seconds=0.905475377 stage="hint_columns"
2026-09-09T19:22:17.812754Z DEBUG transparent_shard_server::runtime: runtime stage key=("27f56c565263ecffb8c7736d4e811665d81bf4ed71c7978431fcc4f45b645ee1", Pages, 0) seconds=0.152454174 stage="source_load"
2026-09-09T19:22:18.117982Z DEBUG transparent_shard_server::runtime: construction stage geometry="recent-8k" table="pages" seconds=0.305190025 stage="encode_database"
2026-09-09T19:22:18.118104Z DEBUG transparent_shard_server::runtime: construction stage geometry="recent-8k" table="pages" seconds=8.9623e-5 stage="public_setup"
2026-09-09T19:22:18.412296Z DEBUG transparent_shard_server::runtime: runtime stage key=("1cd27964911287b2a127c1f8df5e6b0c19f5b4db309391c5adb2db3072bfec6e", Pages, 0) seconds=0.752146606 stage="disk_save"
2026-09-09T19:22:18.412381Z DEBUG transparent_shard_server::runtime: runtime stage key=("ced665ae1f1140944bcd0c9aa2b83c1019df768df87fa513f9509106fc5b88c1", Pages, 0) seconds=1.864e-6 stage="restore_slot"
2026-09-09T19:22:18.412528Z DEBUG transparent_shard_server::runtime: runtime stage key=("ced665ae1f1140944bcd0c9aa2b83c1019df768df87fa513f9509106fc5b88c1", Pages, 0) seconds=3.924e-5 hit=false stage="disk_restore"
2026-09-09T19:22:18.961107Z DEBUG transparent_shard_server::runtime: construction stage geometry="recent-8k" table="pages" seconds=0.842995712 stage="hint_columns"
2026-09-09T19:22:20.158115Z DEBUG transparent_shard_server::runtime: construction stage geometry="recent-8k" table="directory" seconds=2.455739502 stage="pack_preprocessing"
2026-09-09T19:22:20.158415Z DEBUG transparent_shard_server::runtime: construction stage geometry="recent-8k" table="directory" seconds=0.000260044 stage="publish_parameters"
2026-09-09T19:22:20.159120Z DEBUG transparent_shard_server::runtime: runtime stage key=("27f56c565263ecffb8c7736d4e811665d81bf4ed71c7978431fcc4f45b645ee1", Directory, 0) seconds=3.667801226 stage="runtime_build"
2026-09-09T19:22:20.159149Z DEBUG transparent_shard_server::runtime: runtime stage key=("27f56c565263ecffb8c7736d4e811665d81bf4ed71c7978431fcc4f45b645ee1", Directory, 0) reserved_bytes=136314880 stage="serialization_handoff"
2026-09-09T19:22:20.159199Z DEBUG transparent_shard_server::runtime: runtime stage key=("ced665ae1f1140944bcd0c9aa2b83c1019df768df87fa513f9509106fc5b88c1", Directory, 0) seconds=2.855727706 stage="build_slot"
2026-09-09T19:22:20.159323Z DEBUG transparent_shard_server::memory: cold build admission wait seconds=9.5818e-5 admitted=true
2026-09-09T19:22:20.369706Z DEBUG transparent_shard_server::runtime: runtime stage key=("ced665ae1f1140944bcd0c9aa2b83c1019df768df87fa513f9509106fc5b88c1", Directory, 0) seconds=0.210359139 stage="source_load"
2026-09-09T19:22:20.665393Z DEBUG transparent_shard_server::runtime: construction stage geometry="recent-8k" table="directory" seconds=0.295655248 stage="encode_database"
2026-09-09T19:22:20.665498Z DEBUG transparent_shard_server::runtime: construction stage geometry="recent-8k" table="directory" seconds=7.8148e-5 stage="public_setup"
2026-09-09T19:22:20.973190Z DEBUG transparent_shard_server::runtime: runtime stage key=("27f56c565263ecffb8c7736d4e811665d81bf4ed71c7978431fcc4f45b645ee1", Directory, 0) seconds=0.814019934 stage="disk_save"
2026-09-09T19:22:20.974199Z DEBUG transparent_shard_server::runtime: runtime stage key=("2d4497bf9e8bafc6139ee4e57114238a7ecfa0782702939922bf2a79b1fe05bf", Directory, 0) seconds=1.812e-6 stage="restore_slot"
2026-09-09T19:22:20.974362Z DEBUG transparent_shard_server::runtime: runtime stage key=("2d4497bf9e8bafc6139ee4e57114238a7ecfa0782702939922bf2a79b1fe05bf", Directory, 0) seconds=4.3082e-5 hit=false stage="disk_restore"
2026-09-09T19:22:21.206820Z DEBUG transparent_shard_server::runtime: construction stage geometry="recent-8k" table="pages" seconds=2.245667218 stage="pack_preprocessing"
2026-09-09T19:22:21.207147Z DEBUG transparent_shard_server::runtime: construction stage geometry="recent-8k" table="pages" seconds=0.000290876 stage="publish_parameters"
2026-09-09T19:22:21.209395Z DEBUG transparent_shard_server::runtime: runtime stage key=("27f56c565263ecffb8c7736d4e811665d81bf4ed71c7978431fcc4f45b645ee1", Pages, 0) seconds=3.396604083 stage="runtime_build"
2026-09-09T19:22:21.209426Z DEBUG transparent_shard_server::runtime: runtime stage key=("27f56c565263ecffb8c7736d4e811665d81bf4ed71c7978431fcc4f45b645ee1", Pages, 0) reserved_bytes=136314880 stage="serialization_handoff"
2026-09-09T19:22:21.209449Z DEBUG transparent_shard_server::runtime: runtime stage key=("ced665ae1f1140944bcd0c9aa2b83c1019df768df87fa513f9509106fc5b88c1", Pages, 0) seconds=2.796892088 stage="build_slot"
2026-09-09T19:22:21.209542Z DEBUG transparent_shard_server::memory: cold build admission wait seconds=7.3614e-5 admitted=true
2026-09-09T19:22:21.478695Z DEBUG transparent_shard_server::runtime: runtime stage key=("ced665ae1f1140944bcd0c9aa2b83c1019df768df87fa513f9509106fc5b88c1", Pages, 0) seconds=0.269128024 stage="source_load"
2026-09-09T19:22:21.658288Z DEBUG transparent_shard_server::runtime: construction stage geometry="recent-8k" table="directory" seconds=0.992781758 stage="hint_columns"
2026-09-09T19:22:21.859883Z DEBUG transparent_shard_server::runtime: construction stage geometry="recent-8k" table="pages" seconds=0.381158574 stage="encode_database"
2026-09-09T19:22:21.860001Z DEBUG transparent_shard_server::runtime: construction stage geometry="recent-8k" table="pages" seconds=8.803e-5 stage="public_setup"
2026-09-09T19:22:22.148640Z DEBUG transparent_shard_server::runtime: runtime stage key=("27f56c565263ecffb8c7736d4e811665d81bf4ed71c7978431fcc4f45b645ee1", Pages, 0) seconds=0.939207247 stage="disk_save"
2026-09-09T19:22:22.148704Z DEBUG transparent_shard_server::runtime: runtime stage key=("2d4497bf9e8bafc6139ee4e57114238a7ecfa0782702939922bf2a79b1fe05bf", Pages, 0) seconds=1.475e-6 stage="restore_slot"
2026-09-09T19:22:22.148842Z DEBUG transparent_shard_server::runtime: runtime stage key=("2d4497bf9e8bafc6139ee4e57114238a7ecfa0782702939922bf2a79b1fe05bf", Pages, 0) seconds=5.8481e-5 hit=false stage="disk_restore"
2026-09-09T19:22:22.838904Z DEBUG transparent_shard_server::runtime: construction stage geometry="recent-8k" table="pages" seconds=0.978896543 stage="hint_columns"
2026-09-09T19:22:23.943887Z DEBUG transparent_shard_server::runtime: construction stage geometry="recent-8k" table="directory" seconds=2.2855550510000002 stage="pack_preprocessing"
2026-09-09T19:22:23.944200Z DEBUG transparent_shard_server::runtime: construction stage geometry="recent-8k" table="directory" seconds=0.000273881 stage="publish_parameters"
2026-09-09T19:22:23.944915Z DEBUG transparent_shard_server::runtime: runtime stage key=("ced665ae1f1140944bcd0c9aa2b83c1019df768df87fa513f9509106fc5b88c1", Directory, 0) seconds=3.5751790850000003 stage="runtime_build"
2026-09-09T19:22:23.944971Z DEBUG transparent_shard_server::runtime: runtime stage key=("ced665ae1f1140944bcd0c9aa2b83c1019df768df87fa513f9509106fc5b88c1", Directory, 0) reserved_bytes=136314880 stage="serialization_handoff"
2026-09-09T19:22:23.944997Z DEBUG transparent_shard_server::runtime: runtime stage key=("2d4497bf9e8bafc6139ee4e57114238a7ecfa0782702939922bf2a79b1fe05bf", Directory, 0) seconds=2.970606757 stage="build_slot"
2026-09-09T19:22:23.945094Z DEBUG transparent_shard_server::memory: cold build admission wait seconds=7.5094e-5 admitted=true
2026-09-09T19:22:24.145710Z DEBUG transparent_shard_server::runtime: runtime stage key=("2d4497bf9e8bafc6139ee4e57114238a7ecfa0782702939922bf2a79b1fe05bf", Directory, 0) seconds=0.200592911 stage="source_load"
2026-09-09T19:22:24.444379Z DEBUG transparent_shard_server::runtime: construction stage geometry="recent-8k" table="directory" seconds=0.298631922 stage="encode_database"
2026-09-09T19:22:24.444477Z DEBUG transparent_shard_server::runtime: construction stage geometry="recent-8k" table="directory" seconds=6.9298e-5 stage="public_setup"
2026-09-09T19:22:24.681708Z DEBUG transparent_shard_server::runtime: runtime stage key=("ced665ae1f1140944bcd0c9aa2b83c1019df768df87fa513f9509106fc5b88c1", Directory, 0) seconds=0.736730732 stage="disk_save"
2026-09-09T19:22:24.681783Z DEBUG transparent_shard_server::runtime: runtime stage key=("a4bd72b37c0aafb265c77bb09cbc402cf69b65a87a1fabc8a0f12614b35469be", Directory, 0) seconds=1.858e-6 stage="restore_slot"
2026-09-09T19:22:24.681909Z DEBUG transparent_shard_server::runtime: runtime stage key=("a4bd72b37c0aafb265c77bb09cbc402cf69b65a87a1fabc8a0f12614b35469be", Directory, 0) seconds=2.6739e-5 hit=false stage="disk_restore"
2026-09-09T19:22:25.337653Z DEBUG transparent_shard_server::runtime: construction stage geometry="recent-8k" table="directory" seconds=0.893168138 stage="hint_columns"
2026-09-09T19:22:25.340176Z DEBUG transparent_shard_server::runtime: construction stage geometry="recent-8k" table="pages" seconds=2.501228779 stage="pack_preprocessing"
2026-09-09T19:22:25.340477Z DEBUG transparent_shard_server::runtime: construction stage geometry="recent-8k" table="pages" seconds=0.000266711 stage="publish_parameters"
2026-09-09T19:22:25.341092Z DEBUG transparent_shard_server::runtime: runtime stage key=("ced665ae1f1140944bcd0c9aa2b83c1019df768df87fa513f9509106fc5b88c1", Pages, 0) seconds=3.862369985 stage="runtime_build"
2026-09-09T19:22:25.341116Z DEBUG transparent_shard_server::runtime: runtime stage key=("ced665ae1f1140944bcd0c9aa2b83c1019df768df87fa513f9509106fc5b88c1", Pages, 0) reserved_bytes=136314880 stage="serialization_handoff"
2026-09-09T19:22:25.341141Z DEBUG transparent_shard_server::runtime: runtime stage key=("2d4497bf9e8bafc6139ee4e57114238a7ecfa0782702939922bf2a79b1fe05bf", Pages, 0) seconds=3.192266806 stage="build_slot"
2026-09-09T19:22:25.341237Z DEBUG transparent_shard_server::memory: cold build admission wait seconds=8.1109e-5 admitted=true
2026-09-09T19:22:25.476502Z DEBUG transparent_shard_server::runtime: runtime stage key=("2d4497bf9e8bafc6139ee4e57114238a7ecfa0782702939922bf2a79b1fe05bf", Pages, 0) seconds=0.135234831 stage="source_load"
2026-09-09T19:22:25.775828Z DEBUG transparent_shard_server::runtime: construction stage geometry="recent-8k" table="pages" seconds=0.29929637 stage="encode_database"
2026-09-09T19:22:25.775928Z DEBUG transparent_shard_server::runtime: construction stage geometry="recent-8k" table="pages" seconds=7.2067e-5 stage="public_setup"
2026-09-09T19:22:26.071627Z DEBUG transparent_shard_server::runtime: runtime stage key=("ced665ae1f1140944bcd0c9aa2b83c1019df768df87fa513f9509106fc5b88c1", Pages, 0) seconds=0.730504652 stage="disk_save"
2026-09-09T19:22:26.071713Z DEBUG transparent_shard_server::runtime: runtime stage key=("a4bd72b37c0aafb265c77bb09cbc402cf69b65a87a1fabc8a0f12614b35469be", Pages, 0) seconds=2.219e-6 stage="restore_slot"
2026-09-09T19:22:26.071861Z DEBUG transparent_shard_server::runtime: runtime stage key=("a4bd72b37c0aafb265c77bb09cbc402cf69b65a87a1fabc8a0f12614b35469be", Pages, 0) seconds=3.788e-5 hit=false stage="disk_restore"
2026-09-09T19:22:26.687197Z DEBUG transparent_shard_server::runtime: construction stage geometry="recent-8k" table="pages" seconds=0.911262949 stage="hint_columns"
2026-09-09T19:22:27.769418Z DEBUG transparent_shard_server::runtime: construction stage geometry="recent-8k" table="directory" seconds=2.431726485 stage="pack_preprocessing"
2026-09-09T19:22:27.769712Z DEBUG transparent_shard_server::runtime: construction stage geometry="recent-8k" table="directory" seconds=0.000253452 stage="publish_parameters"
2026-09-09T19:22:27.773440Z DEBUG transparent_shard_server::runtime: runtime stage key=("2d4497bf9e8bafc6139ee4e57114238a7ecfa0782702939922bf2a79b1fe05bf", Directory, 0) seconds=3.627693141 stage="runtime_build"
2026-09-09T19:22:27.773492Z DEBUG transparent_shard_server::runtime: runtime stage key=("2d4497bf9e8bafc6139ee4e57114238a7ecfa0782702939922bf2a79b1fe05bf", Directory, 0) reserved_bytes=136314880 stage="serialization_handoff"
2026-09-09T19:22:27.776199Z DEBUG transparent_shard_server::runtime: runtime stage key=("a4bd72b37c0aafb265c77bb09cbc402cf69b65a87a1fabc8a0f12614b35469be", Directory, 0) seconds=3.094269631 stage="build_slot"
2026-09-09T19:22:27.776286Z DEBUG transparent_shard_server::memory: cold build admission wait seconds=7.1859e-5 admitted=true
2026-09-09T19:22:27.988759Z DEBUG transparent_shard_server::runtime: runtime stage key=("a4bd72b37c0aafb265c77bb09cbc402cf69b65a87a1fabc8a0f12614b35469be", Directory, 0) seconds=0.212444864 stage="source_load"
2026-09-09T19:22:28.290047Z DEBUG transparent_shard_server::runtime: construction stage geometry="recent-8k" table="directory" seconds=0.301254779 stage="encode_database"
2026-09-09T19:22:28.290158Z DEBUG transparent_shard_server::runtime: construction stage geometry="recent-8k" table="directory" seconds=7.5058e-5 stage="public_setup"
2026-09-09T19:22:28.577614Z DEBUG transparent_shard_server::runtime: runtime stage key=("2d4497bf9e8bafc6139ee4e57114238a7ecfa0782702939922bf2a79b1fe05bf", Directory, 0) seconds=0.804115653 stage="disk_save"
2026-09-09T19:22:28.577681Z DEBUG transparent_shard_server::runtime: runtime stage key=("c907a0aa45b2551520863990845279fd25135889865e088c2dad6ea0d32b8fde", Directory, 0) seconds=1.779e-6 stage="restore_slot"
2026-09-09T19:22:28.577804Z DEBUG transparent_shard_server::runtime: runtime stage key=("c907a0aa45b2551520863990845279fd25135889865e088c2dad6ea0d32b8fde", Directory, 0) seconds=4.0395e-5 hit=false stage="disk_restore"
2026-09-09T19:22:29.203378Z DEBUG transparent_shard_server::runtime: construction stage geometry="recent-8k" table="directory" seconds=0.913203901 stage="hint_columns"
2026-09-09T19:22:29.205844Z DEBUG transparent_shard_server::runtime: construction stage geometry="recent-8k" table="pages" seconds=2.5186020620000003 stage="pack_preprocessing"
2026-09-09T19:22:29.206141Z DEBUG transparent_shard_server::runtime: construction stage geometry="recent-8k" table="pages" seconds=0.000268193 stage="publish_parameters"
2026-09-09T19:22:29.206858Z DEBUG transparent_shard_server::runtime: runtime stage key=("2d4497bf9e8bafc6139ee4e57114238a7ecfa0782702939922bf2a79b1fe05bf", Pages, 0) seconds=3.730328703 stage="runtime_build"
2026-09-09T19:22:29.206885Z DEBUG transparent_shard_server::runtime: runtime stage key=("2d4497bf9e8bafc6139ee4e57114238a7ecfa0782702939922bf2a79b1fe05bf", Pages, 0) reserved_bytes=136314880 stage="serialization_handoff"
2026-09-09T19:22:29.206998Z DEBUG transparent_shard_server::runtime: runtime stage key=("a4bd72b37c0aafb265c77bb09cbc402cf69b65a87a1fabc8a0f12614b35469be", Pages, 0) seconds=3.135108845 stage="build_slot"
2026-09-09T19:22:29.207104Z DEBUG transparent_shard_server::memory: cold build admission wait seconds=9.0345e-5 admitted=true
2026-09-09T19:22:29.342688Z DEBUG transparent_shard_server::runtime: runtime stage key=("a4bd72b37c0aafb265c77bb09cbc402cf69b65a87a1fabc8a0f12614b35469be", Pages, 0) seconds=0.13556675 stage="source_load"
2026-09-09T19:22:29.638720Z DEBUG transparent_shard_server::runtime: construction stage geometry="recent-8k" table="pages" seconds=0.295996869 stage="encode_database"
2026-09-09T19:22:29.638832Z DEBUG transparent_shard_server::runtime: construction stage geometry="recent-8k" table="pages" seconds=7.9023e-5 stage="public_setup"
2026-09-09T19:22:29.939201Z DEBUG transparent_shard_server::runtime: runtime stage key=("2d4497bf9e8bafc6139ee4e57114238a7ecfa0782702939922bf2a79b1fe05bf", Pages, 0) seconds=0.732310757 stage="disk_save"
2026-09-09T19:22:29.940207Z DEBUG transparent_shard_server::runtime: runtime stage key=("c907a0aa45b2551520863990845279fd25135889865e088c2dad6ea0d32b8fde", Pages, 0) seconds=1.837e-6 stage="restore_slot"
2026-09-09T19:22:29.940333Z DEBUG transparent_shard_server::runtime: runtime stage key=("c907a0aa45b2551520863990845279fd25135889865e088c2dad6ea0d32b8fde", Pages, 0) seconds=2.8902e-5 hit=false stage="disk_restore"
2026-09-09T19:22:30.457138Z DEBUG transparent_shard_server::runtime: construction stage geometry="recent-8k" table="pages" seconds=0.818299532 stage="hint_columns"
2026-09-09T19:22:31.747094Z DEBUG transparent_shard_server::runtime: construction stage geometry="recent-8k" table="directory" seconds=2.543673186 stage="pack_preprocessing"
2026-09-09T19:22:31.747398Z DEBUG transparent_shard_server::runtime: construction stage geometry="recent-8k" table="directory" seconds=0.000264348 stage="publish_parameters"
2026-09-09T19:22:31.748020Z DEBUG transparent_shard_server::runtime: runtime stage key=("a4bd72b37c0aafb265c77bb09cbc402cf69b65a87a1fabc8a0f12614b35469be", Directory, 0) seconds=3.759229641 stage="runtime_build"
2026-09-09T19:22:31.748044Z DEBUG transparent_shard_server::runtime: runtime stage key=("a4bd72b37c0aafb265c77bb09cbc402cf69b65a87a1fabc8a0f12614b35469be", Directory, 0) reserved_bytes=136314880 stage="serialization_handoff"
2026-09-09T19:22:31.748105Z DEBUG transparent_shard_server::runtime: runtime stage key=("c907a0aa45b2551520863990845279fd25135889865e088c2dad6ea0d32b8fde", Directory, 0) seconds=3.170266345 stage="build_slot"
2026-09-09T19:22:31.748217Z DEBUG transparent_shard_server::memory: cold build admission wait seconds=8.9978e-5 admitted=true
2026-09-09T19:22:31.890111Z DEBUG transparent_shard_server::runtime: runtime stage key=("c907a0aa45b2551520863990845279fd25135889865e088c2dad6ea0d32b8fde", Directory, 0) seconds=0.138932975 stage="source_load"
2026-09-09T19:22:32.189271Z DEBUG transparent_shard_server::runtime: construction stage geometry="recent-8k" table="directory" seconds=0.299126869 stage="encode_database"
2026-09-09T19:22:32.189383Z DEBUG transparent_shard_server::runtime: construction stage geometry="recent-8k" table="directory" seconds=7.5946e-5 stage="public_setup"
2026-09-09T19:22:32.661418Z DEBUG transparent_shard_server::runtime: runtime stage key=("a4bd72b37c0aafb265c77bb09cbc402cf69b65a87a1fabc8a0f12614b35469be", Directory, 0) seconds=0.913366899 stage="disk_save"
2026-09-09T19:22:32.661509Z DEBUG transparent_shard_server::runtime: runtime stage key=("67574e8d4c7f7c258f8c7488f73e80a9476f8074c3db3540325133ff25020c2b", Directory, 0) seconds=1.837e-6 stage="restore_slot"
2026-09-09T19:22:32.661657Z DEBUG transparent_shard_server::runtime: runtime stage key=("67574e8d4c7f7c258f8c7488f73e80a9476f8074c3db3540325133ff25020c2b", Directory, 0) seconds=3.6045e-5 hit=false stage="disk_restore"
2026-09-09T19:22:33.029188Z DEBUG transparent_shard_server::runtime: construction stage geometry="recent-8k" table="directory" seconds=0.839796411 stage="hint_columns"
2026-09-09T19:22:33.031713Z DEBUG transparent_shard_server::runtime: construction stage geometry="recent-8k" table="pages" seconds=2.574523799 stage="pack_preprocessing"
2026-09-09T19:22:33.031998Z DEBUG transparent_shard_server::runtime: construction stage geometry="recent-8k" table="pages" seconds=0.000258853 stage="publish_parameters"
2026-09-09T19:22:33.032745Z DEBUG transparent_shard_server::runtime: runtime stage key=("a4bd72b37c0aafb265c77bb09cbc402cf69b65a87a1fabc8a0f12614b35469be", Pages, 0) seconds=3.690024006 stage="runtime_build"
2026-09-09T19:22:33.032772Z DEBUG transparent_shard_server::runtime: runtime stage key=("a4bd72b37c0aafb265c77bb09cbc402cf69b65a87a1fabc8a0f12614b35469be", Pages, 0) reserved_bytes=136314880 stage="serialization_handoff"
2026-09-09T19:22:33.035283Z DEBUG transparent_shard_server::runtime: runtime stage key=("c907a0aa45b2551520863990845279fd25135889865e088c2dad6ea0d32b8fde", Pages, 0) seconds=3.094912691 stage="build_slot"
2026-09-09T19:22:33.035717Z DEBUG transparent_shard_server::memory: cold build admission wait seconds=0.000334766 admitted=true
2026-09-09T19:22:33.181511Z DEBUG transparent_shard_server::runtime: runtime stage key=("c907a0aa45b2551520863990845279fd25135889865e088c2dad6ea0d32b8fde", Pages, 0) seconds=0.145670839 stage="source_load"
2026-09-09T19:22:33.481093Z DEBUG transparent_shard_server::runtime: construction stage geometry="recent-8k" table="pages" seconds=0.299534279 stage="encode_database"
2026-09-09T19:22:33.481214Z DEBUG transparent_shard_server::runtime: construction stage geometry="recent-8k" table="pages" seconds=8.4604e-5 stage="public_setup"
2026-09-09T19:22:33.771760Z DEBUG transparent_shard_server::runtime: runtime stage key=("a4bd72b37c0aafb265c77bb09cbc402cf69b65a87a1fabc8a0f12614b35469be", Pages, 0) seconds=0.738981094 stage="disk_save"
2026-09-09T19:22:33.771827Z DEBUG transparent_shard_server::runtime: runtime stage key=("67574e8d4c7f7c258f8c7488f73e80a9476f8074c3db3540325133ff25020c2b", Pages, 0) seconds=1.27e-6 stage="restore_slot"
2026-09-09T19:22:33.771964Z DEBUG transparent_shard_server::runtime: runtime stage key=("67574e8d4c7f7c258f8c7488f73e80a9476f8074c3db3540325133ff25020c2b", Pages, 0) seconds=4.558e-5 hit=false stage="disk_restore"
2026-09-09T19:22:34.309415Z DEBUG transparent_shard_server::runtime: construction stage geometry="recent-8k" table="pages" seconds=0.828193283 stage="hint_columns"
2026-09-09T19:22:35.509370Z DEBUG transparent_shard_server::runtime: construction stage geometry="recent-8k" table="directory" seconds=2.480133952 stage="pack_preprocessing"
2026-09-09T19:22:35.509674Z DEBUG transparent_shard_server::runtime: construction stage geometry="recent-8k" table="directory" seconds=0.000260607 stage="publish_parameters"
2026-09-09T19:22:35.510439Z DEBUG transparent_shard_server::runtime: runtime stage key=("c907a0aa45b2551520863990845279fd25135889865e088c2dad6ea0d32b8fde", Directory, 0) seconds=3.620294939 stage="runtime_build"
2026-09-09T19:22:35.510473Z DEBUG transparent_shard_server::runtime: runtime stage key=("c907a0aa45b2551520863990845279fd25135889865e088c2dad6ea0d32b8fde", Directory, 0) reserved_bytes=136314880 stage="serialization_handoff"
2026-09-09T19:22:35.513195Z DEBUG transparent_shard_server::runtime: runtime stage key=("67574e8d4c7f7c258f8c7488f73e80a9476f8074c3db3540325133ff25020c2b", Directory, 0) seconds=2.851506859 stage="build_slot"
2026-09-09T19:22:35.513303Z DEBUG transparent_shard_server::memory: cold build admission wait seconds=8.1153e-5 admitted=true
2026-09-09T19:22:35.702236Z DEBUG transparent_shard_server::runtime: runtime stage key=("67574e8d4c7f7c258f8c7488f73e80a9476f8074c3db3540325133ff25020c2b", Directory, 0) seconds=0.18890553 stage="source_load"
2026-09-09T19:22:36.005739Z DEBUG transparent_shard_server::runtime: construction stage geometry="recent-8k" table="directory" seconds=0.303470293 stage="encode_database"
2026-09-09T19:22:36.005846Z DEBUG transparent_shard_server::runtime: construction stage geometry="recent-8k" table="directory" seconds=7.3897e-5 stage="public_setup"
2026-09-09T19:22:36.501380Z DEBUG transparent_shard_server::runtime: runtime stage key=("c907a0aa45b2551520863990845279fd25135889865e088c2dad6ea0d32b8fde", Directory, 0) seconds=0.990899808 stage="disk_save"
2026-09-09T19:22:36.632061Z DEBUG transparent_shard_server::runtime: construction stage geometry="recent-8k" table="pages" seconds=2.322603179 stage="pack_preprocessing"
2026-09-09T19:22:36.632407Z DEBUG transparent_shard_server::runtime: construction stage geometry="recent-8k" table="pages" seconds=0.000298839 stage="publish_parameters"
2026-09-09T19:22:36.633142Z DEBUG transparent_shard_server::runtime: runtime stage key=("c907a0aa45b2551520863990845279fd25135889865e088c2dad6ea0d32b8fde", Pages, 0) seconds=3.451585031 stage="runtime_build"
2026-09-09T19:22:36.637186Z DEBUG transparent_shard_server::runtime: runtime stage key=("c907a0aa45b2551520863990845279fd25135889865e088c2dad6ea0d32b8fde", Pages, 0) reserved_bytes=136314880 stage="serialization_handoff"
2026-09-09T19:22:36.637210Z DEBUG transparent_shard_server::runtime: runtime stage key=("67574e8d4c7f7c258f8c7488f73e80a9476f8074c3db3540325133ff25020c2b", Pages, 0) seconds=2.865202614 stage="build_slot"
2026-09-09T19:22:36.637311Z DEBUG transparent_shard_server::memory: cold build admission wait seconds=7.5253e-5 admitted=true
2026-09-09T19:22:36.909468Z DEBUG transparent_shard_server::runtime: runtime stage key=("67574e8d4c7f7c258f8c7488f73e80a9476f8074c3db3540325133ff25020c2b", Pages, 0) seconds=0.27212105 stage="source_load"
2026-09-09T19:22:37.004220Z DEBUG transparent_shard_server::runtime: construction stage geometry="recent-8k" table="directory" seconds=0.99836691 stage="hint_columns"
2026-09-09T19:22:37.254342Z DEBUG transparent_shard_server::runtime: construction stage geometry="recent-8k" table="pages" seconds=0.344837007 stage="encode_database"
2026-09-09T19:22:37.254484Z DEBUG transparent_shard_server::runtime: construction stage geometry="recent-8k" table="pages" seconds=0.000107137 stage="public_setup"
2026-09-09T19:22:37.558584Z DEBUG transparent_shard_server::runtime: runtime stage key=("c907a0aa45b2551520863990845279fd25135889865e088c2dad6ea0d32b8fde", Pages, 0) seconds=0.921372862 stage="disk_save"
2026-09-09T19:22:38.135201Z DEBUG transparent_shard_server::runtime: construction stage geometry="recent-8k" table="pages" seconds=0.880707352 stage="hint_columns"
test burst::publication_burst_under_exact_load has been running for over 60 seconds
2026-09-09T19:22:39.357122Z DEBUG transparent_shard_server::runtime: construction stage geometry="recent-8k" table="directory" seconds=2.35286371 stage="pack_preprocessing"
2026-09-09T19:22:39.357431Z DEBUG transparent_shard_server::runtime: construction stage geometry="recent-8k" table="directory" seconds=0.00027193 stage="publish_parameters"
2026-09-09T19:22:39.358149Z DEBUG transparent_shard_server::runtime: runtime stage key=("67574e8d4c7f7c258f8c7488f73e80a9476f8074c3db3540325133ff25020c2b", Directory, 0) seconds=3.655882615 stage="runtime_build"
2026-09-09T19:22:39.358169Z DEBUG transparent_shard_server::runtime: runtime stage key=("67574e8d4c7f7c258f8c7488f73e80a9476f8074c3db3540325133ff25020c2b", Directory, 0) reserved_bytes=136314880 stage="serialization_handoff"
2026-09-09T19:22:40.116140Z DEBUG transparent_shard_server::runtime: runtime stage key=("67574e8d4c7f7c258f8c7488f73e80a9476f8074c3db3540325133ff25020c2b", Directory, 0) seconds=0.757965447 stage="disk_save"
2026-09-09T19:22:40.429331Z DEBUG transparent_shard_server::runtime: construction stage geometry="recent-8k" table="pages" seconds=2.294085573 stage="pack_preprocessing"
2026-09-09T19:22:40.429626Z DEBUG transparent_shard_server::runtime: construction stage geometry="recent-8k" table="pages" seconds=0.000254673 stage="publish_parameters"
2026-09-09T19:22:40.430322Z DEBUG transparent_shard_server::runtime: runtime stage key=("67574e8d4c7f7c258f8c7488f73e80a9476f8074c3db3540325133ff25020c2b", Pages, 0) seconds=3.520818918 stage="runtime_build"
2026-09-09T19:22:40.430339Z DEBUG transparent_shard_server::runtime: runtime stage key=("67574e8d4c7f7c258f8c7488f73e80a9476f8074c3db3540325133ff25020c2b", Pages, 0) reserved_bytes=136314880 stage="serialization_handoff"
2026-09-09T19:22:41.140865Z DEBUG transparent_shard_server::runtime: runtime stage key=("67574e8d4c7f7c258f8c7488f73e80a9476f8074c3db3540325133ff25020c2b", Pages, 0) seconds=0.710519873 stage="disk_save"
2026-09-09T19:22:41.140989Z  INFO transparent_shard_server::service: prewarm finished warm=28 target=28 failed=0 seconds=56.718199124
2026-09-09T19:22:41.637733Z  INFO transparent_shard_server::runtime: retired runtime memory reclaimed rss_before=4926844928 rss_after=4407357440
2026-09-09T19:22:42.197383Z DEBUG transparent_shard_server::runtime: runtime stage key=("be059aab39ac34125e0452548d6fbcfb1e7cdb7237a597bd59ee86011ed4882b", Pages, 0) seconds=1.073e-6 stage="restore_slot"
2026-09-09T19:22:42.197383Z DEBUG transparent_shard_server::runtime: runtime stage key=("be059aab39ac34125e0452548d6fbcfb1e7cdb7237a597bd59ee86011ed4882b", Directory, 0) seconds=2.405e-6 stage="restore_slot"
2026-09-09T19:22:42.197532Z DEBUG transparent_shard_server::runtime: runtime stage key=("be059aab39ac34125e0452548d6fbcfb1e7cdb7237a597bd59ee86011ed4882b", Pages, 0) seconds=3.1155e-5 hit=false stage="disk_restore"
2026-09-09T19:22:42.197547Z DEBUG transparent_shard_server::runtime: runtime stage key=("be059aab39ac34125e0452548d6fbcfb1e7cdb7237a597bd59ee86011ed4882b", Pages, 0) seconds=3.45e-7 stage="build_slot"
2026-09-09T19:22:42.197593Z DEBUG transparent_shard_server::memory: cold build admission wait seconds=2.7483e-5 admitted=true
2026-09-09T19:22:42.197625Z DEBUG transparent_shard_server::runtime: runtime stage key=("be059aab39ac34125e0452548d6fbcfb1e7cdb7237a597bd59ee86011ed4882b", Directory, 0) seconds=3.3979e-5 hit=false stage="disk_restore"
2026-09-09T19:22:42.197665Z DEBUG transparent_shard_server::runtime: runtime stage key=("be059aab39ac34125e0452548d6fbcfb1e7cdb7237a597bd59ee86011ed4882b", Directory, 0) seconds=2.09e-7 stage="build_slot"
2026-09-09T19:22:42.197696Z DEBUG transparent_shard_server::memory: cold build admission wait seconds=2.5756e-5 admitted=true
2026-09-09T19:22:42.343422Z DEBUG transparent_shard_server::runtime: runtime stage key=("be059aab39ac34125e0452548d6fbcfb1e7cdb7237a597bd59ee86011ed4882b", Pages, 0) seconds=0.145806435 stage="source_load"
2026-09-09T19:22:42.357862Z DEBUG transparent_shard_server::runtime: runtime stage key=("be059aab39ac34125e0452548d6fbcfb1e7cdb7237a597bd59ee86011ed4882b", Directory, 0) seconds=0.160147816 stage="source_load"
2026-09-09T19:22:42.642298Z DEBUG transparent_shard_server::runtime: construction stage geometry="recent-8k" table="pages" seconds=0.298837517 stage="encode_database"
2026-09-09T19:22:42.642404Z DEBUG transparent_shard_server::runtime: construction stage geometry="recent-8k" table="pages" seconds=7.141e-5 stage="public_setup"
2026-09-09T19:22:42.658824Z DEBUG transparent_shard_server::runtime: construction stage geometry="recent-8k" table="directory" seconds=0.300924645 stage="encode_database"
2026-09-09T19:22:42.658938Z DEBUG transparent_shard_server::runtime: construction stage geometry="recent-8k" table="directory" seconds=8.5834e-5 stage="public_setup"
2026-09-09T19:22:43.758193Z DEBUG transparent_shard_server::runtime: construction stage geometry="recent-8k" table="directory" seconds=1.099249597 stage="hint_columns"
2026-09-09T19:22:43.768208Z DEBUG transparent_shard_server::runtime: construction stage geometry="recent-8k" table="pages" seconds=1.125798764 stage="hint_columns"
2026-09-09T19:22:46.086882Z DEBUG transparent_shard_server::runtime: construction stage geometry="recent-8k" table="pages" seconds=2.318643192 stage="pack_preprocessing"
2026-09-09T19:22:46.087200Z DEBUG transparent_shard_server::runtime: construction stage geometry="recent-8k" table="pages" seconds=0.00028532 stage="publish_parameters"
2026-09-09T19:22:46.087994Z DEBUG transparent_shard_server::runtime: runtime stage key=("be059aab39ac34125e0452548d6fbcfb1e7cdb7237a597bd59ee86011ed4882b", Pages, 0) seconds=3.744534164 stage="runtime_build"
2026-09-09T19:22:46.088010Z DEBUG transparent_shard_server::runtime: runtime stage key=("be059aab39ac34125e0452548d6fbcfb1e7cdb7237a597bd59ee86011ed4882b", Pages, 0) reserved_bytes=136314880 stage="serialization_handoff"
2026-09-09T19:22:46.100103Z DEBUG transparent_shard_server::runtime: construction stage geometry="recent-8k" table="directory" seconds=2.341872612 stage="pack_preprocessing"
2026-09-09T19:22:46.100397Z DEBUG transparent_shard_server::runtime: construction stage geometry="recent-8k" table="directory" seconds=0.000274051 stage="publish_parameters"
2026-09-09T19:22:46.101440Z DEBUG transparent_shard_server::runtime: runtime stage key=("be059aab39ac34125e0452548d6fbcfb1e7cdb7237a597bd59ee86011ed4882b", Directory, 0) seconds=3.7435419789999997 stage="runtime_build"
2026-09-09T19:22:46.101457Z DEBUG transparent_shard_server::runtime: runtime stage key=("be059aab39ac34125e0452548d6fbcfb1e7cdb7237a597bd59ee86011ed4882b", Directory, 0) reserved_bytes=136314880 stage="serialization_handoff"
2026-09-09T19:22:46.795189Z DEBUG transparent_shard_server::runtime: runtime stage key=("be059aab39ac34125e0452548d6fbcfb1e7cdb7237a597bd59ee86011ed4882b", Pages, 0) seconds=0.707174347 stage="disk_save"
2026-09-09T19:22:47.528919Z DEBUG transparent_shard_server::runtime: runtime stage key=("be059aab39ac34125e0452548d6fbcfb1e7cdb7237a597bd59ee86011ed4882b", Directory, 0) seconds=1.427456507 stage="disk_save"
2026-09-09T19:22:47.529022Z  INFO transparent_shard_server::service: prewarm finished warm=28 target=28 failed=0 seconds=5.331690507
2026-09-09T19:22:47.529060Z DEBUG transparent_shard_server::live: publication preparation stages map=32426d9e9300c44558210d8540b636402af2b3c322627f9e9f26e0082b489725 loading_seconds=0.616874123 warming_seconds=5.331779365
2026-09-09T19:22:47.540489Z DEBUG transparent_shard_server::runtime: runtime stage key=("5b7ee9849d47f5ee67d04eb6ca4588beacf42dce75e5a1b481dfd02607b1fb20", Directory, 0) seconds=1.018e-6 stage="restore_slot"
2026-09-09T19:22:47.583677Z  INFO transparent_shard_server::runtime: retired runtime memory reclaimed rss_before=4960796672 rss_after=4481384448
2026-09-09T19:22:47.587290Z DEBUG transparent_shard_server::runtime: runtime stage key=("5b7ee9849d47f5ee67d04eb6ca4588beacf42dce75e5a1b481dfd02607b1fb20", Pages, 0) seconds=1.335e-6 stage="restore_slot"
2026-09-09T19:22:48.126829Z DEBUG transparent_shard_server::runtime: runtime stage key=("268f5c527d35817d37919707b04a706c850d449156baa071b5438dbf8eb53aec", Pages, 0) seconds=1.165e-6 stage="restore_slot"
2026-09-09T19:22:48.126827Z DEBUG transparent_shard_server::runtime: runtime stage key=("268f5c527d35817d37919707b04a706c850d449156baa071b5438dbf8eb53aec", Directory, 0) seconds=1.528e-6 stage="restore_slot"
2026-09-09T19:22:48.127218Z DEBUG transparent_shard_server::runtime: runtime stage key=("268f5c527d35817d37919707b04a706c850d449156baa071b5438dbf8eb53aec", Pages, 0) seconds=4.0437e-5 hit=false stage="disk_restore"
2026-09-09T19:22:48.127222Z DEBUG transparent_shard_server::runtime: runtime stage key=("268f5c527d35817d37919707b04a706c850d449156baa071b5438dbf8eb53aec", Directory, 0) seconds=2.7639e-5 hit=false stage="disk_restore"
2026-09-09T19:22:48.127255Z DEBUG transparent_shard_server::runtime: runtime stage key=("268f5c527d35817d37919707b04a706c850d449156baa071b5438dbf8eb53aec", Pages, 0) seconds=4.61e-7 stage="build_slot"
2026-09-09T19:22:48.127261Z DEBUG transparent_shard_server::runtime: runtime stage key=("268f5c527d35817d37919707b04a706c850d449156baa071b5438dbf8eb53aec", Directory, 0) seconds=3.71e-7 stage="build_slot"
2026-09-09T19:22:48.127287Z DEBUG transparent_shard_server::memory: cold build admission wait seconds=2.554e-5 admitted=true
2026-09-09T19:22:48.127331Z DEBUG transparent_shard_server::memory: cold build admission wait seconds=6.6344e-5 admitted=true
2026-09-09T19:22:48.276479Z DEBUG transparent_shard_server::runtime: runtime stage key=("268f5c527d35817d37919707b04a706c850d449156baa071b5438dbf8eb53aec", Directory, 0) seconds=0.1491371 stage="source_load"
2026-09-09T19:22:48.283093Z DEBUG transparent_shard_server::runtime: runtime stage key=("268f5c527d35817d37919707b04a706c850d449156baa071b5438dbf8eb53aec", Pages, 0) seconds=0.155781558 stage="source_load"
2026-09-09T19:22:48.465392Z DEBUG transparent_shard_server::runtime: runtime stage key=("5b7ee9849d47f5ee67d04eb6ca4588beacf42dce75e5a1b481dfd02607b1fb20", Directory, 0) seconds=0.924734994 hit=true stage="disk_restore"
2026-09-09T19:22:48.474231Z DEBUG transparent_shard_server::runtime: runtime stage key=("5b7ee9849d47f5ee67d04eb6ca4588beacf42dce75e5a1b481dfd02607b1fb20", Pages, 0) seconds=0.886841349 hit=true stage="disk_restore"
2026-09-09T19:22:48.585557Z DEBUG transparent_shard_server::runtime: construction stage geometry="recent-8k" table="pages" seconds=0.302432642 stage="encode_database"
2026-09-09T19:22:48.585728Z DEBUG transparent_shard_server::runtime: construction stage geometry="recent-8k" table="pages" seconds=0.000136754 stage="public_setup"
2026-09-09T19:22:48.594490Z DEBUG transparent_shard_server::runtime: runtime stage key=("5b7ee9849d47f5ee67d04eb6ca4588beacf42dce75e5a1b481dfd02607b1fb20", Directory, 0) seconds=0.129054972 stage="source_verify"
2026-09-09T19:22:48.594515Z  INFO transparent_shard_server::runtime: restored runtime cache seconds=1.053863688
2026-09-09T19:22:48.596018Z DEBUG transparent_shard_server::runtime: construction stage geometry="recent-8k" table="directory" seconds=0.319506137 stage="encode_database"
2026-09-09T19:22:48.596140Z DEBUG transparent_shard_server::runtime: construction stage geometry="recent-8k" table="directory" seconds=8.8601e-5 stage="public_setup"
2026-09-09T19:22:48.620308Z DEBUG transparent_shard_server::runtime: runtime stage key=("5b7ee9849d47f5ee67d04eb6ca4588beacf42dce75e5a1b481dfd02607b1fb20", Pages, 0) seconds=0.146045242 stage="source_verify"
2026-09-09T19:22:48.620333Z  INFO transparent_shard_server::runtime: restored runtime cache seconds=1.032945716
2026-09-09T19:22:49.697862Z DEBUG transparent_shard_server::runtime: construction stage geometry="recent-8k" table="directory" seconds=1.101715973 stage="hint_columns"
2026-09-09T19:22:49.700992Z DEBUG transparent_shard_server::runtime: construction stage geometry="recent-8k" table="pages" seconds=1.115258224 stage="hint_columns"
2026-09-09T19:22:49.871426Z DEBUG transparent_shard_server::memory: work memory admission denied current=5192716288 limit=7516192768 held=1342177280 requested=268435456
2026-09-09T19:22:50.576133Z DEBUG transparent_shard_server::memory: work memory admission denied current=5274275840 limit=7516192768 held=1342177280 requested=268435456
2026-09-09T19:22:50.824520Z DEBUG transparent_shard_server::memory: work memory admission denied current=5308870656 limit=7516192768 held=1342177280 requested=268435456
2026-09-09T19:22:51.027733Z DEBUG transparent_shard_server::memory: work memory admission denied current=5387980800 limit=7516192768 held=1342177280 requested=268435456
2026-09-09T19:22:51.234468Z DEBUG transparent_shard_server::memory: work memory admission denied current=5295276032 limit=7516192768 held=1342177280 requested=268435456
2026-09-09T19:22:51.441487Z DEBUG transparent_shard_server::memory: work memory admission denied current=5338824704 limit=7516192768 held=1342177280 requested=268435456
2026-09-09T19:22:51.647501Z DEBUG transparent_shard_server::memory: work memory admission denied current=5382856704 limit=7516192768 held=1342177280 requested=268435456
2026-09-09T19:22:51.851520Z DEBUG transparent_shard_server::memory: work memory admission denied current=5412294656 limit=7516192768 held=1342177280 requested=268435456
2026-09-09T19:22:51.995063Z DEBUG transparent_shard_server::runtime: construction stage geometry="recent-8k" table="directory" seconds=2.297167164 stage="pack_preprocessing"
2026-09-09T19:22:51.995377Z DEBUG transparent_shard_server::runtime: construction stage geometry="recent-8k" table="directory" seconds=0.000274648 stage="publish_parameters"
2026-09-09T19:22:51.996131Z DEBUG transparent_shard_server::runtime: runtime stage key=("268f5c527d35817d37919707b04a706c850d449156baa071b5438dbf8eb53aec", Directory, 0) seconds=3.719617427 stage="runtime_build"
2026-09-09T19:22:51.996148Z DEBUG transparent_shard_server::runtime: runtime stage key=("268f5c527d35817d37919707b04a706c850d449156baa071b5438dbf8eb53aec", Directory, 0) reserved_bytes=136314880 stage="serialization_handoff"
2026-09-09T19:22:52.014826Z DEBUG transparent_shard_server::runtime: construction stage geometry="recent-8k" table="pages" seconds=2.3138074140000002 stage="pack_preprocessing"
2026-09-09T19:22:52.015123Z DEBUG transparent_shard_server::runtime: construction stage geometry="recent-8k" table="pages" seconds=0.000270402 stage="publish_parameters"
2026-09-09T19:22:52.015812Z DEBUG transparent_shard_server::runtime: runtime stage key=("268f5c527d35817d37919707b04a706c850d449156baa071b5438dbf8eb53aec", Pages, 0) seconds=3.732690024 stage="runtime_build"
2026-09-09T19:22:52.015828Z DEBUG transparent_shard_server::runtime: runtime stage key=("268f5c527d35817d37919707b04a706c850d449156baa071b5438dbf8eb53aec", Pages, 0) reserved_bytes=136314880 stage="serialization_handoff"
2026-09-09T19:22:52.678182Z DEBUG transparent_shard_server::runtime: runtime stage key=("268f5c527d35817d37919707b04a706c850d449156baa071b5438dbf8eb53aec", Directory, 0) seconds=0.682027341 stage="disk_save"
2026-09-09T19:22:53.369485Z DEBUG transparent_shard_server::runtime: runtime stage key=("268f5c527d35817d37919707b04a706c850d449156baa071b5438dbf8eb53aec", Pages, 0) seconds=1.353650945 stage="disk_save"
2026-09-09T19:22:53.369610Z  INFO transparent_shard_server::service: prewarm finished warm=28 target=28 failed=0 seconds=5.242829302
2026-09-09T19:22:53.369675Z DEBUG transparent_shard_server::live: publication preparation stages map=12cbb58695cd66166197842d179b61598c15effb06ad32efcd899a13e36e7b10 loading_seconds=0.596384047 warming_seconds=5.243014455
test burst::publication_burst_under_exact_load ... ok

test result: ok. 1 passed; 0 failed; 0 ignored; 0 measured; 14 filtered out; finished in 74.93s

Finished with result: success
Main processes terminated with: code=exited/status=0
Service runtime: 1min 14.986s
CPU time consumed: 3min 56.724s
Memory peak: 2.4M
Memory swap peak: 0B
