   Compiling proc-macro2 v1.0.106
   Compiling quote v1.0.45
   Compiling unicode-ident v1.0.24
   Compiling cfg-if v1.0.4
   Compiling libc v0.2.184
   Compiling memchr v2.8.0
   Compiling version_check v0.9.5
   Compiling find-msvc-tools v0.1.9
   Compiling itoa v1.0.18
   Compiling shlex v1.3.0
   Compiling once_cell v1.21.4
   Compiling cc v1.2.59
   Compiling smallvec v1.15.1
   Compiling serde_core v1.0.228
   Compiling typenum v1.19.0
   Compiling generic-array v0.14.7
   Compiling zerocopy v0.8.48
   Compiling pin-project-lite v0.2.17
   Compiling bytes v1.11.1
   Compiling log v0.4.29
   Compiling syn v2.0.117
   Compiling futures-core v0.3.32
   Compiling parking_lot_core v0.9.12
   Compiling zmij v1.0.21
   Compiling getrandom v0.2.17
   Compiling scopeguard v1.2.0
   Compiling crossbeam-utils v0.8.22
   Compiling lock_api v0.4.14
   Compiling errno v0.3.14
   Compiling http v1.4.0
   Compiling tracing-core v0.1.36
   Compiling futures-sink v0.3.32
   Compiling serde_json v1.0.149
   Compiling crypto-common v0.1.7
   Compiling block-buffer v0.10.4
   Compiling cpufeatures v0.2.17
   Compiling digest v0.10.7
   Compiling subtle v2.6.1
   Compiling zeroize v1.8.2
   Compiling crossbeam-epoch v0.9.20
   Compiling parking_lot v0.12.5
   Compiling signal-hook-registry v1.4.8
   Compiling http-body v1.0.1
   Compiling socket2 v0.6.3
   Compiling mio v1.2.0
   Compiling crossbeam-deque v0.8.7
   Compiling serde v1.0.228
   Compiling sha2 v0.10.9
   Compiling rand_core v0.6.4
   Compiling aho-corasick v1.1.4
   Compiling bitcoin-io v0.1.101
   Compiling futures-task v0.3.32
   Compiling slab v0.4.12
   Compiling tower-service v0.3.3
   Compiling rayon-core v1.13.0
   Compiling futures-io v0.3.34
   Compiling regex-syntax v0.8.10
   Compiling futures-util v0.3.32
   Compiling arrayvec v0.7.6
   Compiling percent-encoding v2.3.2
   Compiling httparse v1.10.1
   Compiling utf8parse v0.2.2
   Compiling fastrand v2.4.1
   Compiling thiserror v1.0.69
   Compiling anstyle-parse v1.0.0
   Compiling hex-conservative v0.2.3
   Compiling regex-automata v0.4.14
   Compiling secp256k1-sys v0.10.1
   Compiling synstructure v0.13.2
   Compiling ppv-lite86 v0.2.21
   Compiling try-lock v0.2.5
   Compiling getrandom v0.3.4
   Compiling stable_deref_trait v1.2.1
   Compiling tower-layer v0.3.3
   Compiling colorchoice v1.0.5
   Compiling rand_chacha v0.3.1
   Compiling anstyle-query v1.1.5
   Compiling is_terminal_polyfill v1.70.2
   Compiling either v1.15.0
   Compiling anstyle v1.0.14
   Compiling rand v0.8.5
   Compiling bitflags v2.11.0
   Compiling anstream v1.0.0
   Compiling rayon v1.12.0
   Compiling want v0.3.1
   Compiling bitcoin_hashes v0.14.101
   Compiling futures-channel v0.3.32
   Compiling valar-spiral-rs v0.5.3-rc.1
   Compiling tracing-attributes v0.1.31
   Compiling tokio-macros v2.7.0
   Compiling serde_derive v1.0.228
   Compiling tokio v1.51.1
   Compiling zerofrom-derive v0.1.7
   Compiling tracing v0.1.44
   Compiling yoke-derive v0.8.2
   Compiling thiserror-impl v1.0.69
   Compiling memmap2 v0.9.11
   Compiling zerofrom v0.1.7
   Compiling sync_wrapper v1.0.2
   Compiling bytemuck v1.25.2
   Compiling hex_lit v0.1.1
   Compiling atomic-waker v1.1.2
   Compiling httpdate v1.0.3
   Compiling base64 v0.22.1
   Compiling thiserror v2.0.18
   Compiling yoke v0.8.2
   Compiling regex v1.12.3
   Compiling thiserror-impl v2.0.18
   Compiling zerovec-derive v0.11.3
   Compiling inspiring v0.1.0-rc.2 (https://github.com/valargroup/ipir-sp.git?tag=v0.1.0-rc.6#1f2aec65)
   Compiling form_urlencoded v1.2.2
   Compiling http-body-util v0.1.3
   Compiling ipnet v2.12.0
   Compiling bitcoin v0.32.102
   Compiling hex v0.4.3
   Compiling heck v0.5.0
   Compiling strsim v0.11.1
   Compiling clap_lex v1.1.0
   Compiling clap_derive v4.6.0
   Compiling clap_builder v4.6.0
   Compiling zerovec v0.11.6
   Compiling rand_core v0.9.5
   Compiling env_filter v1.0.1
   Compiling secp256k1 v0.29.1
   Compiling hyper v1.9.0
   Compiling tower v0.5.3
   Compiling base58ck v0.1.101
   Compiling displaydoc v0.2.5
   Compiling bech32 v0.11.1
   Compiling bitcoin-units v0.1.101
   Compiling jiff v0.2.23
   Compiling ryu v1.0.23
   Compiling hyper-util v0.1.20
   Compiling serde_urlencoded v0.7.1
   Compiling rand v0.9.2
   Compiling clap v4.6.0
   Compiling reinspiring v0.1.2 (https://github.com/valargroup/ipir-sp.git?tag=v0.1.0-rc.6#1f2aec65)
   Compiling simplepir-kernel v0.1.0-rc.3 (https://github.com/valargroup/ipir-sp.git?tag=v0.1.0-rc.6#1f2aec65)
   Compiling sha1 v0.10.6
   Compiling rustversion v1.0.22
   Compiling transparent-events v0.1.0 (/tmp/wallet-pir-v10-validation/transparent/crates/transparent-events)
   Compiling rustix v1.1.4
   Compiling tinystr v0.8.3
   Compiling async-trait v0.1.89
   Compiling ring v0.17.14
   Compiling linux-raw-sys v0.12.1
   Compiling lazy_static v1.5.0
   Compiling writeable v0.6.3
   Compiling mime v0.3.17
   Compiling litemap v0.8.2
   Compiling env_logger v0.11.10
   Compiling icu_locale_core v2.2.0
   Compiling axum-core v0.4.5
   Compiling ipir-sp v0.1.0-rc.6 (https://github.com/valargroup/ipir-sp.git?tag=v0.1.0-rc.6#1f2aec65)
   Compiling transparent-filter v0.1.0 (/tmp/wallet-pir-v10-validation/transparent/crates/transparent-filter)
   Compiling transparent-native v0.1.0 (/tmp/wallet-pir-v10-validation/transparent/crates/transparent-native)
   Compiling sharded-slab v0.1.7
   Compiling zerotrie v0.2.4
   Compiling transparent-shard v0.1.0 (/tmp/wallet-pir-v10-validation/transparent/crates/transparent-shard)
   Compiling potential_utf v0.1.5
   Compiling matchers v0.2.0
   Compiling serde_path_to_error v0.1.20
   Compiling tracing-log v0.2.0
   Compiling thread_local v1.1.9
   Compiling icu_properties_data v2.2.0
   Compiling icu_normalizer_data v2.2.0
   Compiling matchit v0.7.3
   Compiling utf8_iter v1.0.4
   Compiling nu-ansi-term v0.50.3
   Compiling axum v0.7.9
   Compiling icu_collections v2.2.0
   Compiling tracing-subscriber v0.3.23
   Compiling icu_provider v2.2.0
   Compiling tower-http v0.5.2
   Compiling rustls-pki-types v1.14.0
   Compiling sysinfo v0.36.1
   Compiling untrusted v0.9.0
   Compiling rustls v0.23.37
   Compiling icu_properties v2.2.0
   Compiling icu_normalizer v2.2.0
   Compiling ahash v0.8.12
   Compiling idna_adapter v1.2.1
   Compiling vcpkg v0.2.15
   Compiling pkg-config v0.3.34
   Compiling idna v1.1.0
   Compiling webpki-roots v1.0.6
   Compiling iri-string v0.7.12
   Compiling hashbrown v0.14.5
   Compiling libsqlite3-sys v0.30.1
   Compiling url v2.5.8
   Compiling getrandom v0.4.2
   Compiling transparent-shard-server v0.1.0 (/tmp/wallet-pir-v10-validation/transparent/services/transparent-shard-server)
   Compiling hashlink v0.9.1
   Compiling fallible-iterator v0.3.0
   Compiling fallible-streaming-iterator v0.1.9
   Compiling tempfile v3.27.0
   Compiling tower-http v0.6.8
   Compiling rustls-webpki v0.103.10
   Compiling tokio-rustls v0.26.4
   Compiling hyper-rustls v0.27.7
   Compiling reqwest v0.12.28
   Compiling transparent-wallet v0.1.0 (/tmp/wallet-pir-v10-validation/transparent/crates/transparent-wallet)
   Compiling rusqlite v0.32.1
   Compiling transparent-wallet-store v0.1.0 (/tmp/wallet-pir-v10-validation/transparent/crates/transparent-wallet-store)
    Finished `release` profile [optimized] target(s) in 2m 59s
     Running tests/wallet_sync.rs (/tmp/wallet-pir-v10-test-target/release/deps/wallet_sync-d7550508f7eaf015)

running 32 tests
test a_503_that_names_no_delay_is_not_retried ... ok
test a_birthday_that_omits_a_receive_cannot_report_complete ... ok
test a_choice_table_costs_one_query_per_script_whatever_the_script ... ok
test a_choice_table_sends_one_directory_query_per_matched_script ... ok
test a_corrupt_filter_with_an_unchanged_map_is_never_accepted ... ok
test a_failed_batch_falls_back_to_the_sequential_walk ... ok
test a_filter_replaced_after_the_map_was_read_refreshes_before_matching ... ok
test a_genuine_manifest_is_verified_once_per_matched_shard ... ok
test a_refresh_that_cannot_help_stops_a_concurrent_sync_too ... ok
test a_refresh_that_cannot_help_stops_the_sync_rather_than_looping ... ok
test a_replaced_tail_recovers_with_concurrent_requests ... ok
test a_server_refuses_a_choice_table_that_does_not_match ... ok
test a_service_serving_another_schema_is_refused ... ok
test a_set_under_the_v2_range_profile_syncs_exactly_with_smaller_filters ... ok
test a_shard_naming_an_unknown_geometry_stops_the_sync ... ok
test a_shard_whose_pages_need_two_segments_syncs_exactly ... ok
test a_tail_without_a_table_keeps_two_directory_queries ... ok
test a_wallet_holding_a_replaced_tail_revision_recovers_by_refreshing_the_map ... ok
test a_wallet_refuses_a_manifest_that_does_not_digest_to_the_map ... ok
test a_wallet_syncs_across_a_geometry_boundary_exactly ... ok
test a_wallet_syncs_from_its_birthday_and_matches_an_independent_traversal ... ok
test an_overload_during_concurrent_requests_is_retried_and_reconstructs_exactly ... ok
test an_overloaded_service_is_retried_and_the_sync_still_reconstructs_exactly ... ok
test an_unknown_range_profile_stops_the_sync_before_matching ... ok
test an_unrelenting_overload_stops_a_concurrent_sync_too ... ok
test an_unrelenting_overload_stops_the_sync_without_advancing_coverage ... ok
test an_unused_wallet_pays_only_the_public_floor ... ok
test concurrency_under_emulated_delay ... ignored, timing indication, about a minute
test concurrent_requests_change_nothing_but_when_they_are_sent ... ok
test coverage_does_not_advance_when_a_segment_is_missing ... ok
test init_declares_one_parameter_set_per_geometry ... ok
test scripts_sharing_a_row_still_cost_a_fetch_each ... ok

test result: ok. 31 passed; 0 failed; 1 ignored; 0 measured; 0 filtered out; finished in 323.91s

