   Compiling transparent-shard v0.1.0 (/Users/roman/projects/wallet-pir/transparent/crates/transparent-shard)
   Compiling transparent-shard-server v0.1.0 (/Users/roman/projects/wallet-pir/transparent/services/transparent-shard-server)
   Compiling transparent-wallet v0.1.0 (/Users/roman/projects/wallet-pir/transparent/crates/transparent-wallet)
   Compiling transparent-blocks v0.1.0 (/Users/roman/projects/wallet-pir/transparent/crates/transparent-blocks)
   Compiling transparent-wallet-store v0.1.0 (/Users/roman/projects/wallet-pir/transparent/crates/transparent-wallet-store)
   Compiling transparent-filter-server v0.1.0 (/Users/roman/projects/wallet-pir/transparent/services/transparent-filter-server)
    Finished `test` profile [optimized + debuginfo] target(s) in 26.63s
     Running unittests src/lib.rs (target/debug/deps/transparent_filter_server-715d4e50d7b9280e)

running 56 tests
test extract::tests::a_missing_previous_output_blocks_publication ... ok
test events::tests::opening_a_directory_with_no_journal_is_an_error ... ok
test extract::tests::a_nonstandard_script_is_still_an_element ... ok
test extract::tests::a_receive_only_block_yields_its_output_scripts ... ok
test extract::tests::a_repeated_script_appears_once ... ok
test extract::tests::a_same_block_spend_resolves_without_a_lookup ... ok
test extract::tests::a_receive_carries_its_value_outpoint_and_coinbase_status ... ok
test extract::tests::a_spend_is_indexed_under_the_consumed_outputs_script ... ok
test extract::tests::a_spend_with_no_matching_new_output_still_yields_the_spent_script ... ok
test extract::tests::an_unresolvable_previous_output_blocks_event_extraction_too ... ok
test extract::tests::an_empty_block_has_no_elements ... ok
test extract::tests::extracted_events_round_trip_through_their_encoding ... ok
test extract::tests::empty_scripts_are_not_elements ... ok
test extract::tests::op_return_outputs_are_excluded_but_a_later_0x6a_byte_is_not ... ok
test extract::tests::the_element_set_is_exactly_the_scripts_the_events_are_keyed_by ... ok
test extract::tests::the_element_set_is_order_independent ... ok
test prevout::tests::an_empty_cache_answers_nothing ... ok
test prevout::tests::eviction_bounds_the_cache_without_losing_recent_entries ... ok
test prevout::tests::eviction_is_by_output_count_not_transaction_count ... ok
test prevout::tests::one_huge_transaction_counts_for_all_its_outputs ... ok
test events::tests::a_version_1_journal_is_refused_and_left_in_place ... ok
test events::tests::appending_out_of_order_is_refused ... ok
test events::tests::an_empty_block_still_advances_coverage ... ok
test events::durability_tests::a_checkpoint_past_the_file_is_refused_not_zero_extended ... ok
test events::tests::opening_existing_never_moves_anything_aside ... ok
test events::tests::opening_existing_ignores_an_uncommitted_tail ... ok
test events::tests::events_round_trip_through_a_reopen ... ok
test events::durability_tests::a_second_writer_is_refused_without_touching_the_journal ... ok
test events::tests::an_uncommitted_append_is_discarded_on_reopen ... ok
test shard_matches::tests::a_script_in_both_tiers_is_priced_at_each_tiers_query_size_and_summed ... ok
test shard_matches::tests::a_script_outside_directory_coverage_is_not_counted ... ok
test shard_matches::tests::an_empty_journal_has_no_distribution ... ok
test events::tests::rolling_back_everything_empties_the_store ... ok
test events::tests::an_incompatible_store_is_set_aside_rather_than_refused ... ok
test shard_matches::tests::a_wholly_inline_script_costs_only_directory_queries ... ok
test events::durability_tests::crash_after_shorter_checkpoint_before_truncation_recovers ... ok
test shard_matches::tests::padding_does_not_merge_two_different_scripts ... ok
test events::tests::rollback_drops_events_above_the_kept_height_and_allows_reappending ... ok
test shard_matches::tests::fragments_accumulate_without_splitting_the_script ... ok
test store::tests::a_fresh_store_has_no_coverage ... ok
test store::tests::heights_must_be_contiguous ... ok
test shard_matches::tests::a_script_is_counted_once_per_shard_it_appears_in ... ok
test store::tests::a_different_chain_identity_sets_the_store_aside ... ok
test store::tests::appends_survive_reopening ... ok
test store::tests::the_same_block_hash_may_not_get_different_filter_bytes ... ok
test store::tests::an_incompatible_store_is_set_aside_rather_than_refusing_to_start ... ok
test store::tests::a_block_returning_to_the_best_chain_reuses_its_stored_filter ... ok
test store::tests::rolling_back_everything_empties_coverage ... ok
test store::tests::rollback_drops_coverage_but_keeps_filter_bytes ... ok
test store::tests::uncommitted_appends_are_discarded_on_reopen ... ok
test store::tests::a_replacement_branch_can_reuse_the_heights ... ok
test publication::tests::a_range_profile_change_is_a_new_publication ... ok
test publication::tests::sealed_reorg_builds_a_separate_suffix_and_snapshot_survives_rollback ... ok
test publication::tests::incremental_extension_reuses_sealed_prefix_and_matches_full_tables ... ok
test publication::tests::directory_choice_is_added_without_changing_published_digests ... ok
test controller::tests::rpc_follow_publishes_empty_blocks_and_recovers_a_sealed_reorg ... ok

test result: ok. 56 passed; 0 failed; 0 ignored; 0 measured; 0 filtered out; finished in 4.02s

     Running unittests src/bin/compact-export.rs (target/debug/deps/compact_export-26359b8349ecd531)

running 0 tests

test result: ok. 0 passed; 0 failed; 0 ignored; 0 measured; 0 filtered out; finished in 0.00s

     Running unittests src/bin/event-spotcheck.rs (target/debug/deps/event_spotcheck-97af907f2e4591dc)

running 3 tests
test tests::the_rule_indexes_every_nonempty_script_except_op_return ... ok
test tests::multiset_difference_keeps_repetition ... ok
test tests::verbose_values_prefer_the_integer_field ... ok

test result: ok. 3 passed; 0 failed; 0 ignored; 0 measured; 0 filtered out; finished in 0.00s

     Running unittests src/bin/filter-sweep.rs (target/debug/deps/filter_sweep-55c717fdeb042635)

running 0 tests

test result: ok. 0 passed; 0 failed; 0 ignored; 0 measured; 0 filtered out; finished in 0.00s

     Running unittests src/bin/journal-convert-v1.rs (target/debug/deps/journal_convert_v1-419824443e065ea8)

running 4 tests
test tests::dirty_v1_records_are_refused ... ok
test tests::a_range_too_close_to_the_tip_or_an_existing_target_is_refused ... ok
test tests::a_converted_journal_holds_the_same_events_and_blocks ... ok
test tests::the_bytes_match_what_the_v2_store_writes ... ok

test result: ok. 4 passed; 0 failed; 0 ignored; 0 measured; 0 filtered out; finished in 0.57s

     Running unittests src/bin/journal-inventory.rs (target/debug/deps/journal_inventory-655ff2253f5f228c)

running 0 tests

test result: ok. 0 passed; 0 failed; 0 ignored; 0 measured; 0 filtered out; finished in 0.00s

     Running unittests src/bin/sample-oracle.rs (target/debug/deps/sample_oracle-7e4a03044b463375)

running 0 tests

test result: ok. 0 passed; 0 failed; 0 ignored; 0 measured; 0 filtered out; finished in 0.00s

     Running unittests src/bin/script-sample.rs (target/debug/deps/script_sample-b2bf57483fb9c09e)

running 0 tests

test result: ok. 0 passed; 0 failed; 0 ignored; 0 measured; 0 filtered out; finished in 0.00s

     Running unittests src/bin/shard-census.rs (target/debug/deps/shard_census-22a4f8d9ddbe655b)

running 3 tests
test tests::the_default_sweep_is_unchanged_at_the_compiled_geometry ... ok
test tests::the_first_policy_is_the_one_the_publisher_would_use ... ok
test tests::the_sweep_follows_a_wider_geometry ... ok

test result: ok. 3 passed; 0 failed; 0 ignored; 0 measured; 0 filtered out; finished in 0.00s

     Running unittests src/bin/shard-cutoff.rs (target/debug/deps/shard_cutoff-04c0974ee20fe8ca)

running 5 tests
test tests::a_window_too_small_to_prove_the_boundary_is_refused ... ok
test tests::monotone_times_put_the_cutoff_at_the_first_crossing ... ok
test tests::the_calendar_rule_clamps_to_the_end_of_the_month ... ok
test tests::a_journal_that_begins_after_the_cutoff_time_is_refused ... ok
test tests::the_cutoff_is_past_the_last_early_stamped_block_not_the_first_crossing ... ok

test result: ok. 5 passed; 0 failed; 0 ignored; 0 measured; 0 filtered out; finished in 0.00s

     Running unittests src/bin/shard-publish.rs (target/debug/deps/shard_publish-442916661c1e2b3e)

running 0 tests

test result: ok. 0 passed; 0 failed; 0 ignored; 0 measured; 0 filtered out; finished in 0.00s

     Running unittests src/bin/shard-verify.rs (target/debug/deps/shard_verify-ac542721bf5683c2)

running 0 tests

test result: ok. 0 passed; 0 failed; 0 ignored; 0 measured; 0 filtered out; finished in 0.00s

     Running unittests src/bin/event-ingest.rs (target/debug/deps/transparent_event_ingest-bbd10efa351b8d58)

running 0 tests

test result: ok. 0 passed; 0 failed; 0 ignored; 0 measured; 0 filtered out; finished in 0.00s

     Running unittests src/bin/server.rs (target/debug/deps/transparent_filter_server-386f2cda24083b78)

running 0 tests

test result: ok. 0 passed; 0 failed; 0 ignored; 0 measured; 0 filtered out; finished in 0.00s

     Running unittests src/bin/transparent-publish-controller.rs (target/debug/deps/transparent_publish_controller-ecac53ed036d25ed)

running 0 tests

test result: ok. 0 passed; 0 failed; 0 ignored; 0 measured; 0 filtered out; finished in 0.00s

     Running tests/compact.rs (target/debug/deps/compact-075d2388c8190f57)

running 1 test
test raw_shielded_and_transparent_fields_round_trip_through_protoc ... ok

test result: ok. 1 passed; 0 failed; 0 ignored; 0 measured; 0 filtered out; finished in 0.08s

     Running tests/service_round_trip.rs (target/debug/deps/service_round_trip-9850de6bce38c995)

running 12 tests
test a_service_with_no_coverage_is_not_ready ... ok
test a_service_that_is_still_syncing_is_not_ready ... ok
test readiness_and_metrics_are_available_on_the_service_port ... ok
test an_uncovered_stop_hash_is_refused ... ok
test a_digest_request_past_coverage_returns_the_covered_prefix ... ok
test the_chain_endpoint_returns_the_covered_prefix_only ... ok
test a_wallet_on_a_different_branch_rejects_the_batch ... ok
test a_start_below_the_service_start_height_is_refused ... ok
test published_digests_match_the_served_filter_bytes ... ok
test info_reports_the_pinned_chain_identity_and_profile ... ok
test a_range_validates_and_the_active_block_matches ... ok
test a_batch_is_capped_and_the_client_accepts_the_bounded_prefix ... ok

test result: ok. 12 passed; 0 failed; 0 ignored; 0 measured; 0 filtered out; finished in 20.27s

     Running tests/shard_filters.rs (target/debug/deps/shard_filters-82902ce65afd5a94)

running 5 tests
test a_filter_that_does_not_match_its_published_digest_is_refused ... ok
test a_published_set_loads_and_keeps_every_filter ... ok
test a_set_missing_a_filter_is_refused ... ok
test without_a_set_the_shard_routes_are_not_found ... ok
test the_routes_serve_the_map_and_each_filter ... ok

test result: ok. 5 passed; 0 failed; 0 ignored; 0 measured; 0 filtered out; finished in 0.04s

     Running unittests src/lib.rs (target/debug/deps/transparent_shard_server-ac92ec21de4aff5c)

running 41 tests
test assignment::tests::replicas_in_one_group_must_hold_the_same_shards ... ok
test assignment::tests::overlapping_archive_owners_are_refused ... ok
test assignment::tests::tiers_are_enforced_by_role ... ok
test assignment::tests::a_shard_nobody_holds_must_be_listed_as_unassigned ... ok
test admission::tests::body_bytes_are_bounded_across_waiting_requests ... ok
test admission::tests::waiting_places_are_bounded_and_returned_on_drop ... ok
test assignment::tests::a_disjoint_covering_assignment_is_accepted_and_digests_stably ... ok
test assignment::tests::worker_identity_ignores_provenance_and_peers_but_binds_serving_state ... ok
test memory::tests::cancelling_a_queued_builder_releases_its_turn ... ok
test memory::tests::expired_or_cancelled_query_wait_does_not_leave_a_reservation ... ok
test memory::tests::cancelled_waiter_cannot_release_blocking_work_reservation ... ok
test admission::tests::a_dropped_wait_is_in_the_latency_histogram ... ok
test memory::tests::simultaneous_work_and_resident_memory_share_headroom ... ok
test memory::tests::phase_handoff_retains_remaining_work_and_other_owners ... ok
test filecache::tests::blocked_advice_does_not_block_consumers_or_grow_queue ... ok
test prewarm::tests::corruption_is_not_retried_and_permanent_pressure_is_bounded ... ok
test metrics::tests::timers_classify_success_error_and_dropped_handlers_once ... ok
test metrics::tests::labels_reach_every_series_and_the_histogram_is_cumulative ... ok
test router::tests::a_roster_that_cannot_hold_its_share_is_refused ... ok
test router::tests::the_archive_is_split_contiguously_and_balanced_by_reserved_bytes ... ok
test router::tests::a_saturated_pool_is_not_ejected_on_a_single_proxy_error ... ok
test router::tests::the_caddyfile_routes_each_shard_to_its_owners_and_nothing_else ... ok
test runtime::tests::failed_waiter_cannot_forget_a_replacement_slot ... ok
test runtime::disk::tests::batched_words_preserve_legacy_bytes_across_buffer_boundaries ... ok
test runtime::tests::only_the_database_term_follows_the_row_count ... ok
test runtime::tests::the_reservation_is_the_native_upper_bound ... ok
test filecache::tests::queued_descriptor_survives_source_removal_and_replacement ... ok
test filecache::tests::advice_preserves_contents_and_file_position ... ok
test runtime::disk::tests::busy_collection_defers_then_prunes_only_unretained_files ... ok
test memory::tests::admitted_query_waits_for_memory_without_exceeding_the_budget ... ok
test runtime::tests::every_registry_geometry_reserves_something_servable ... ok
test admission::tests::a_request_that_outwaits_its_deadline_is_refused_retryably ... ok
test prewarm::tests::cancellation_stops_retrying_an_obsolete_candidate ... ok
test runtime::disk::tests::incremental_snapshot_preserves_bytes_and_checksum_across_writeback ... ok
test prewarm::tests::transient_admission_does_not_permanently_lose_a_warm_target ... ok
test memory::tests::cold_builders_keep_fifo_order_until_memory_is_released ... ok
test runtime::disk::cache_integration_tests::blocked_snapshot_does_not_delay_serving_or_release_owned_memory ... ok
test runtime::disk::tests::a_restored_entry_must_publish_the_masks_it_stored ... ok
test runtime::tests::masks_rebuilt_from_row_bytes_equal_the_served_masks ... ok
test runtime::disk::cache_integration_tests::restart_coalesces_restore_and_corruption_falls_back_without_losing_budget ... ok
test runtime::disk::tests::restored_runtimes_answer_identically_at_deployed_geometries ... ok

test result: ok. 41 passed; 0 failed; 0 ignored; 0 measured; 0 filtered out; finished in 24.81s

     Running unittests src/bin/parent-evaluation-server.rs (target/debug/deps/parent_evaluation_server-4a21c2efabfb398e)

running 0 tests

test result: ok. 0 passed; 0 failed; 0 ignored; 0 measured; 0 filtered out; finished in 0.00s

     Running unittests src/bin/shard-assign.rs (target/debug/deps/shard_assign-5bb3bf1e61964cbd)

running 0 tests

test result: ok. 0 passed; 0 failed; 0 ignored; 0 measured; 0 filtered out; finished in 0.00s

     Running unittests src/bin/shard-control.rs (target/debug/deps/shard_control-cc07c8e3ba173dec)

running 0 tests

test result: ok. 0 passed; 0 failed; 0 ignored; 0 measured; 0 filtered out; finished in 0.00s

     Running unittests src/bin/shard-prune.rs (target/debug/deps/shard_prune-3051b795202375e0)

running 0 tests

test result: ok. 0 passed; 0 failed; 0 ignored; 0 measured; 0 filtered out; finished in 0.00s

     Running unittests src/bin/shard-residency.rs (target/debug/deps/shard_residency-b9e961d47acaf3d3)

running 0 tests

test result: ok. 0 passed; 0 failed; 0 ignored; 0 measured; 0 filtered out; finished in 0.00s

     Running unittests src/bin/shard-scaling.rs (target/debug/deps/shard_scaling-c183f5ffa16a1144)

running 0 tests

test result: ok. 0 passed; 0 failed; 0 ignored; 0 measured; 0 filtered out; finished in 0.00s

     Running unittests src/bin/server.rs (target/debug/deps/transparent_shard_server-cd8d26d99d049167)

running 0 tests

test result: ok. 0 passed; 0 failed; 0 ignored; 0 measured; 0 filtered out; finished in 0.00s

     Running tests/assignment.rs (target/debug/deps/assignment-2bc5f1189c137552)

running 8 tests
test a_hand_written_assignment_round_trips_and_checks_shape ... ok
test retention_by_bytes_keeps_newest_first_and_reports_the_rest_prunable ... ok
test the_plan_balances_owners_and_the_router_matches_the_golden_file ... ok
test an_assignment_for_another_map_is_refused ... ok
test a_subset_loads_only_assigned_tables_and_keeps_global_ids ... ok
test an_assignment_that_does_not_fit_the_cache_is_refused_in_warm_mode ... ok
test a_query_for_an_unassigned_shard_is_misdirected_and_public_bytes_are_served_for_all ... ok
test ready_waits_for_every_assigned_runtime_in_warm_mode_and_not_in_pilot_mode ... ok

test result: ok. 8 passed; 0 failed; 0 ignored; 0 measured; 0 filtered out; finished in 6.88s

     Running tests/geometry_costs.rs (target/debug/deps/geometry_costs-e16f574f9ba3f216)

running 5 tests
test a_narrower_table_buys_a_smaller_query_and_nothing_else ... ok
test the_pinned_geometry_costs_what_it_did ... ok
test the_selection_outgrows_the_packing_key_as_tables_grow ... ok
test the_archive_candidates_cost_what_the_plan_claims ... ok
test the_server_enforces_the_costed_sizes ... ok

test result: ok. 5 passed; 0 failed; 0 ignored; 0 measured; 0 filtered out; finished in 0.03s

     Running tests/operator_payloads.rs (target/debug/deps/operator_payloads-161c6f26c8727e67)

running 2 tests
test the_operator_payloads_match_what_ops_parses ... ok
test verify_only_stdout_is_machine_readable_and_checks_cache_capacity ... ok

test result: ok. 2 passed; 0 failed; 0 ignored; 0 measured; 0 filtered out; finished in 1.65s

     Running tests/revisions_and_cache.rs (target/debug/deps/revisions_and_cache-5d0efaccb6913697)

running 20 tests
test burst::external_query_clients ... ignored, manual external burst clients; started by the burst runner
test burst::publication_burst_under_exact_load ... ignored, manual recent-8k burst benchmark; use make transparent-burst
test burst::drained_external_errors_and_truncated_records_still_fail ... ok
test burst::external_records_drain_inflight_completion_after_stop ... ok
test superseded_revisions_beyond_the_bound_are_refused ... ok
test a_revision_ahead_of_the_map_is_refused ... ok
test blocked_collection_keeps_status_and_readiness_responsive ... ok
test a_pruned_revision_is_refused_with_the_current_map_digest ... ok
test a_request_that_cannot_fit_the_budget_is_refused_retryably ... ok
test a_set_holding_a_superseded_revision_loads ... ok
test a_segment_corrupted_after_loading_fails_its_build ... ok
test the_served_map_matches_its_advertised_digest ... ok
test blocked_invalidation_refuses_without_blocking_executor ... ok
test concurrent_cold_requests_build_once ... ok
test each_revision_is_answered_under_its_own_identity ... ok
test blocked_activation_keeps_executor_responsive ... ok
test a_second_runtime_evicts_the_first_rather_than_exceeding_the_budget ... ok
test a_runtime_in_use_is_not_evicted_to_make_room ... ok
test live_prepare_activate_and_invalidate ... ok
test revision_churn_bounds_runtimes_and_collects_idle_snapshots ... ok

test result: ok. 18 passed; 0 failed; 2 ignored; 0 measured; 0 filtered out; finished in 19.66s

     Running tests/round_trip.rs (target/debug/deps/round_trip-1a7395f6f2878fa0)

running 18 tests
test a_shard_set_missing_a_shard_is_refused ... ok
test a_tampered_table_is_refused_at_load ... ok
test a_slow_upload_times_out_without_holding_a_place ... ok
test a_request_that_outwaits_its_deadline_is_refused_retryably ... ok
test a_capacity_refusal_reads_the_upload_and_keeps_the_connection ... ok
test a_filter_for_a_shard_outside_the_set_is_refused ... ok
test a_truncated_query_is_refused_rather_than_padded ... ok
test the_manifest_route_serves_canonical_bytes_that_digest_to_the_path ... ok
test an_oversized_query_is_refused_before_any_work ... ok
test each_shards_published_filter_is_served_verbatim ... ok
test a_query_without_a_declared_length_is_refused ... ok
test the_map_is_identical_under_both_paths ... ok
test unknown_shards_and_tables_are_refused ... ok
test a_full_queue_refuses_retryably_and_a_cancelled_waiter_frees_its_place ... ok
test a_query_built_for_one_shard_is_refused_by_another ... ok
test a_query_built_for_one_table_is_refused_by_the_other ... ok
test every_shard_reports_the_same_scheme_but_its_own_setup ... ok
test rows_retrieved_from_each_shard_equal_that_shards_published_table ... ok

test result: ok. 18 passed; 0 failed; 0 ignored; 0 measured; 0 filtered out; finished in 8.78s

     Running tests/wallet_anchor.rs (target/debug/deps/wallet_anchor-2ef8551a451572c1)

running 6 tests
test unknown_rejected_and_unpublished_targets_do_not_commit_progress ... ok
test future_only_pages_do_not_advance_discovery ... ok
test pagination_progress_counts_future_records_and_restarts_on_a_new_target ... ok
test arbitrary_anchors_survive_restart_overlap_and_exact_rollback ... ok
test a_replaced_tail_rewinds_pending_events_without_completed_coverage ... ok
test an_exact_common_ancestor_inside_a_shard_survives_a_real_fork ... ok

test result: ok. 6 passed; 0 failed; 0 ignored; 0 measured; 0 filtered out; finished in 11.12s

     Running tests/wallet_continuation.rs (target/debug/deps/wallet_continuation-d62077f696d48e1e)

running 11 tests
test an_unused_wallet_persists_coverage_and_pays_only_cached_filters_next_time ... ok
test a_spend_synced_later_resolves_against_a_receive_persisted_earlier ... ok
test added_and_imported_scripts_are_discovered_over_their_earlier_ranges ... ok
test a_stale_refresh_that_names_a_lower_anchor_or_another_set_is_refused ... ok
test raising_required_from_after_the_fact_does_not_drop_retained_receives ... ok
test a_superseded_provisional_tail_is_truncated_and_replayed_not_appended ... ok
test a_query_budget_stops_between_pages_and_resumes_exactly ... ok
test an_unrelenting_overload_persists_pending_and_never_reports_a_balance_as_synced ... ok
test a_restarted_wallet_resumes_from_its_commits_without_refetching ... ok
test a_crash_around_the_pending_commit_resumes_without_duplicating_pages ... ok
test a_reorg_below_the_tier_boundary_rewinds_to_the_accepted_ancestor ... ok

test result: ok. 11 passed; 0 failed; 0 ignored; 0 measured; 0 filtered out; finished in 19.18s

     Running tests/wallet_sync.rs (target/debug/deps/wallet_sync-2dfbcb42d4be47ca)

running 32 tests
test a_service_serving_another_schema_is_refused ... ok
test a_503_that_names_no_delay_is_not_retried ... ok
test a_server_refuses_a_choice_table_that_does_not_match ... ok
test a_wallet_refuses_a_manifest_that_does_not_digest_to_the_map ... ok
test a_corrupt_filter_with_an_unchanged_map_is_never_accepted ... ok
test a_wallet_syncs_across_a_geometry_boundary_exactly ... ok
test a_wallet_holding_a_replaced_tail_revision_recovers_by_refreshing_the_map ... ok
test a_choice_table_costs_one_query_per_script_whatever_the_script ... ok
test a_wallet_syncs_from_its_birthday_and_matches_an_independent_traversal ... ok
test a_birthday_that_omits_a_receive_cannot_report_complete ... ok
test a_refresh_that_cannot_help_stops_the_sync_rather_than_looping ... ok
test a_shard_naming_an_unknown_geometry_stops_the_sync ... ok
test concurrency_under_emulated_delay ... ignored, timing indication, about a minute
test an_unknown_range_profile_stops_the_sync_before_matching ... ok
test a_tail_without_a_table_keeps_two_directory_queries ... ok
test an_unused_wallet_pays_only_the_public_floor ... ok
test init_declares_one_parameter_set_per_geometry ... ok
test an_unrelenting_overload_stops_the_sync_without_advancing_coverage ... ok
test a_failed_batch_falls_back_to_the_sequential_walk ... ok
test coverage_does_not_advance_when_a_segment_is_missing ... ok
test a_replaced_tail_recovers_with_concurrent_requests ... ok
test a_filter_replaced_after_the_map_was_read_refreshes_before_matching ... FAILED
test scripts_sharing_a_row_still_cost_a_fetch_each ... ok
test a_refresh_that_cannot_help_stops_a_concurrent_sync_too ... ok
test a_choice_table_sends_one_directory_query_per_matched_script ... ok
test an_overload_during_concurrent_requests_is_retried_and_reconstructs_exactly ... ok
test an_unrelenting_overload_stops_a_concurrent_sync_too ... ok
test a_shard_whose_pages_need_two_segments_syncs_exactly ... FAILED
test a_genuine_manifest_is_verified_once_per_matched_shard ... FAILED
test an_overloaded_service_is_retried_and_the_sync_still_reconstructs_exactly ... ok
test a_set_under_the_v2_range_profile_syncs_exactly_with_smaller_filters ... ok
test concurrent_requests_change_nothing_but_when_they_are_sent ... ok

failures:

---- a_filter_replaced_after_the_map_was_read_refreshes_before_matching stdout ----

thread 'tokio-rt-worker' (225983904) panicked at transparent/services/transparent-shard-server/tests/wallet_sync.rs:1586:10:
the sync must recover, not fail: Client(Transport("error sending request for url (http://127.0.0.1:61028/v1/shards/0/revisions/09e7dd605ceb0a77726eed0a6c528a3797362c7306a6831a07f52deb7f0c06e5/setup/directory/0): operation timed out"))

thread 'a_filter_replaced_after_the_map_was_read_refreshes_before_matching' (225983162) panicked at transparent/services/transparent-shard-server/tests/wallet_sync.rs:1589:6:
called `Result::unwrap()` on an `Err` value: JoinError::Panic(Id(383), "the sync must recover, not fail: Client(Transport(\"error sending request for url (http://127.0.0.1:61028/v1/shards/0/revisions/09e7dd605ceb0a77726eed0a6c528a3797362c7306a6831a07f52deb7f0c06e5/setup/directory/0): operation timed out\"))", ...)

---- a_shard_whose_pages_need_two_segments_syncs_exactly stdout ----

thread 'tokio-rt-worker' (225983559) panicked at transparent/services/transparent-shard-server/tests/wallet_sync.rs:628:10:
sync: Client(Transport("error sending request for url (http://127.0.0.1:60998/v1/shards/0/revisions/96e1193afacf41469eb921861c3b710a1d262b90d9d2b7e4f0985e8940385349/setup/pages/0): operation timed out"))

thread 'a_shard_whose_pages_need_two_segments_syncs_exactly' (225983173) panicked at transparent/services/transparent-shard-server/tests/wallet_sync.rs:631:6:
called `Result::unwrap()` on an `Err` value: JoinError::Panic(Id(251), "sync: Client(Transport(\"error sending request for url (http://127.0.0.1:60998/v1/shards/0/revisions/96e1193afacf41469eb921861c3b710a1d262b90d9d2b7e4f0985e8940385349/setup/pages/0): operation timed out\"))", ...)

---- a_genuine_manifest_is_verified_once_per_matched_shard stdout ----

thread 'tokio-rt-worker' (225983751) panicked at transparent/services/transparent-shard-server/tests/wallet_sync.rs:628:10:
sync: Client(Transport("error sending request for url (http://127.0.0.1:61014/v1/shards/0/revisions/09e7dd605ceb0a77726eed0a6c528a3797362c7306a6831a07f52deb7f0c06e5/setup/directory/0): operation timed out"))
note: run with `RUST_BACKTRACE=1` environment variable to display a backtrace

thread 'a_genuine_manifest_is_verified_once_per_matched_shard' (225983163) panicked at transparent/services/transparent-shard-server/tests/wallet_sync.rs:631:6:
called `Result::unwrap()` on an `Err` value: JoinError::Panic(Id(306), "sync: Client(Transport(\"error sending request for url (http://127.0.0.1:61014/v1/shards/0/revisions/09e7dd605ceb0a77726eed0a6c528a3797362c7306a6831a07f52deb7f0c06e5/setup/directory/0): operation timed out\"))", ...)


failures:
    a_filter_replaced_after_the_map_was_read_refreshes_before_matching
    a_genuine_manifest_is_verified_once_per_matched_shard
    a_shard_whose_pages_need_two_segments_syncs_exactly

test result: FAILED. 28 passed; 3 failed; 1 ignored; 0 measured; 0 filtered out; finished in 66.41s

error: test failed, to rerun pass `-p transparent-shard-server --test wallet_sync`
