Running as unit: transparent-full-burst-17f3571d025d47e2a802da38a3a19d34.service

running 1 test
2026-09-09T18:06:57.437027Z DEBUG transparent_shard_server::runtime: runtime stage key=("5b7ee9849d47f5ee67d04eb6ca4588beacf42dce75e5a1b481dfd02607b1fb20", Directory, 0) seconds=4.086e-6 stage="restore_slot"
2026-09-09T18:06:57.437290Z DEBUG transparent_shard_server::runtime: runtime stage key=("5b7ee9849d47f5ee67d04eb6ca4588beacf42dce75e5a1b481dfd02607b1fb20", Pages, 0) seconds=8.07e-7 stage="restore_slot"
2026-09-09T18:06:57.437389Z DEBUG transparent_shard_server::runtime: runtime stage key=("5b7ee9849d47f5ee67d04eb6ca4588beacf42dce75e5a1b481dfd02607b1fb20", Directory, 0) seconds=4.7096e-5 hit=false stage="disk_restore"
2026-09-09T18:06:57.437410Z DEBUG transparent_shard_server::runtime: runtime stage key=("1f5d7213a380745d83cc554ad16bdf9e039a0304d0de0b71376828e1838d0ea4", Directory, 0) seconds=3.75e-7 stage="restore_slot"
2026-09-09T18:06:57.437430Z DEBUG transparent_shard_server::runtime: runtime stage key=("5b7ee9849d47f5ee67d04eb6ca4588beacf42dce75e5a1b481dfd02607b1fb20", Pages, 0) seconds=1.0986e-5 hit=false stage="disk_restore"
2026-09-09T18:06:57.437464Z DEBUG transparent_shard_server::runtime: runtime stage key=("1f5d7213a380745d83cc554ad16bdf9e039a0304d0de0b71376828e1838d0ea4", Pages, 0) seconds=4.2e-7 stage="restore_slot"
2026-09-09T18:06:57.437478Z DEBUG transparent_shard_server::runtime: runtime stage key=("1f5d7213a380745d83cc554ad16bdf9e039a0304d0de0b71376828e1838d0ea4", Directory, 0) seconds=1.3523e-5 hit=false stage="disk_restore"
2026-09-09T18:06:57.437516Z DEBUG transparent_shard_server::runtime: runtime stage key=("5b7ee9849d47f5ee67d04eb6ca4588beacf42dce75e5a1b481dfd02607b1fb20", Directory, 0) seconds=1.133e-6 stage="build_slot"
2026-09-09T18:06:57.437531Z DEBUG transparent_shard_server::runtime: runtime stage key=("1f5d7213a380745d83cc554ad16bdf9e039a0304d0de0b71376828e1838d0ea4", Pages, 0) seconds=9.774e-6 hit=false stage="disk_restore"
2026-09-09T18:06:57.437556Z DEBUG transparent_shard_server::memory: cold build admission wait seconds=3.4078e-5 admitted=true
2026-09-09T18:06:57.570417Z DEBUG transparent_shard_server::runtime: runtime stage key=("5b7ee9849d47f5ee67d04eb6ca4588beacf42dce75e5a1b481dfd02607b1fb20", Directory, 0) seconds=0.132833162 stage="source_load"
2026-09-09T18:06:57.873795Z DEBUG transparent_shard_server::runtime: construction stage geometry="recent-8k" table="directory" seconds=0.303323496 stage="encode_database"
2026-09-09T18:06:57.873923Z DEBUG transparent_shard_server::runtime: construction stage geometry="recent-8k" table="directory" seconds=8.0666e-5 stage="public_setup"
2026-09-09T18:06:58.434398Z DEBUG transparent_shard_server::runtime: construction stage geometry="recent-8k" table="directory" seconds=0.560467813 stage="hint_columns"
2026-09-09T18:07:01.343516Z DEBUG transparent_shard_server::runtime: construction stage geometry="recent-8k" table="directory" seconds=2.909072167 stage="pack_preprocessing"
2026-09-09T18:07:01.343827Z DEBUG transparent_shard_server::runtime: construction stage geometry="recent-8k" table="directory" seconds=0.00026845 stage="publish_parameters"
2026-09-09T18:07:01.345915Z DEBUG transparent_shard_server::runtime: runtime stage key=("5b7ee9849d47f5ee67d04eb6ca4588beacf42dce75e5a1b481dfd02607b1fb20", Directory, 0) seconds=3.775445575 stage="runtime_build"
2026-09-09T18:07:02.076868Z DEBUG transparent_shard_server::runtime: runtime stage key=("5b7ee9849d47f5ee67d04eb6ca4588beacf42dce75e5a1b481dfd02607b1fb20", Directory, 0) seconds=0.729215296 stage="disk_save"
2026-09-09T18:07:02.076958Z DEBUG transparent_shard_server::runtime: runtime stage key=("5b7ee9849d47f5ee67d04eb6ca4588beacf42dce75e5a1b481dfd02607b1fb20", Pages, 0) seconds=4.6393895579999995 stage="build_slot"
2026-09-09T18:07:02.077056Z DEBUG transparent_shard_server::memory: cold build admission wait seconds=7.1591e-5 admitted=true
2026-09-09T18:07:02.077085Z DEBUG transparent_shard_server::runtime: runtime stage key=("ca7afe810c988a8b4b561668f3456a9f38d1fdbb0776614e07ddfeb1a2132000", Directory, 0) seconds=5.28e-7 stage="restore_slot"
2026-09-09T18:07:02.077174Z DEBUG transparent_shard_server::runtime: runtime stage key=("ca7afe810c988a8b4b561668f3456a9f38d1fdbb0776614e07ddfeb1a2132000", Directory, 0) seconds=3.6545e-5 hit=false stage="disk_restore"
2026-09-09T18:07:02.208994Z DEBUG transparent_shard_server::runtime: runtime stage key=("5b7ee9849d47f5ee67d04eb6ca4588beacf42dce75e5a1b481dfd02607b1fb20", Pages, 0) seconds=0.131905575 stage="source_load"
2026-09-09T18:07:02.511645Z DEBUG transparent_shard_server::runtime: construction stage geometry="recent-8k" table="pages" seconds=0.302603061 stage="encode_database"
2026-09-09T18:07:02.511750Z DEBUG transparent_shard_server::runtime: construction stage geometry="recent-8k" table="pages" seconds=6.0776e-5 stage="public_setup"
2026-09-09T18:07:03.042268Z DEBUG transparent_shard_server::runtime: construction stage geometry="recent-8k" table="pages" seconds=0.530511047 stage="hint_columns"
2026-09-09T18:07:05.877447Z DEBUG transparent_shard_server::runtime: construction stage geometry="recent-8k" table="pages" seconds=2.835137938 stage="pack_preprocessing"
2026-09-09T18:07:05.877765Z DEBUG transparent_shard_server::runtime: construction stage geometry="recent-8k" table="pages" seconds=0.000273885 stage="publish_parameters"
2026-09-09T18:07:05.878175Z DEBUG transparent_shard_server::runtime: runtime stage key=("5b7ee9849d47f5ee67d04eb6ca4588beacf42dce75e5a1b481dfd02607b1fb20", Pages, 0) seconds=3.669135269 stage="runtime_build"
2026-09-09T18:07:06.588650Z DEBUG transparent_shard_server::runtime: runtime stage key=("5b7ee9849d47f5ee67d04eb6ca4588beacf42dce75e5a1b481dfd02607b1fb20", Pages, 0) seconds=0.710462084 stage="disk_save"
2026-09-09T18:07:06.588749Z DEBUG transparent_shard_server::runtime: runtime stage key=("ca7afe810c988a8b4b561668f3456a9f38d1fdbb0776614e07ddfeb1a2132000", Pages, 0) seconds=2.179e-6 stage="restore_slot"
2026-09-09T18:07:06.588863Z DEBUG transparent_shard_server::runtime: runtime stage key=("1f5d7213a380745d83cc554ad16bdf9e039a0304d0de0b71376828e1838d0ea4", Directory, 0) seconds=9.151295389 stage="build_slot"
2026-09-09T18:07:06.588899Z DEBUG transparent_shard_server::memory: cold build admission wait seconds=2.865e-5 admitted=true
2026-09-09T18:07:06.588936Z DEBUG transparent_shard_server::runtime: runtime stage key=("ca7afe810c988a8b4b561668f3456a9f38d1fdbb0776614e07ddfeb1a2132000", Pages, 0) seconds=4.465e-5 hit=false stage="disk_restore"
2026-09-09T18:07:06.709604Z DEBUG transparent_shard_server::runtime: runtime stage key=("1f5d7213a380745d83cc554ad16bdf9e039a0304d0de0b71376828e1838d0ea4", Directory, 0) seconds=0.120680191 stage="source_load"
2026-09-09T18:07:07.014066Z DEBUG transparent_shard_server::runtime: construction stage geometry="recent-8k" table="directory" seconds=0.304417943 stage="encode_database"
2026-09-09T18:07:07.014175Z DEBUG transparent_shard_server::runtime: construction stage geometry="recent-8k" table="directory" seconds=6.7824e-5 stage="public_setup"
2026-09-09T18:07:07.561349Z DEBUG transparent_shard_server::runtime: construction stage geometry="recent-8k" table="directory" seconds=0.547165642 stage="hint_columns"
2026-09-09T18:07:10.406926Z DEBUG transparent_shard_server::runtime: construction stage geometry="recent-8k" table="directory" seconds=2.845530177 stage="pack_preprocessing"
2026-09-09T18:07:10.407235Z DEBUG transparent_shard_server::runtime: construction stage geometry="recent-8k" table="directory" seconds=0.000268046 stage="publish_parameters"
2026-09-09T18:07:10.407678Z DEBUG transparent_shard_server::runtime: runtime stage key=("1f5d7213a380745d83cc554ad16bdf9e039a0304d0de0b71376828e1838d0ea4", Directory, 0) seconds=3.698031221 stage="runtime_build"
2026-09-09T18:07:11.134820Z DEBUG transparent_shard_server::runtime: runtime stage key=("1f5d7213a380745d83cc554ad16bdf9e039a0304d0de0b71376828e1838d0ea4", Directory, 0) seconds=0.727121973 stage="disk_save"
2026-09-09T18:07:11.134935Z DEBUG transparent_shard_server::runtime: runtime stage key=("95df7205357fe2d9c962d2b41daded841e05afa7b6fc8d06dfec46ad04e15335", Directory, 0) seconds=1.608e-6 stage="restore_slot"
2026-09-09T18:07:11.135066Z DEBUG transparent_shard_server::runtime: runtime stage key=("1f5d7213a380745d83cc554ad16bdf9e039a0304d0de0b71376828e1838d0ea4", Pages, 0) seconds=13.697498184 stage="build_slot"
2026-09-09T18:07:11.135097Z DEBUG transparent_shard_server::memory: cold build admission wait seconds=2.3922e-5 admitted=true
2026-09-09T18:07:11.135140Z DEBUG transparent_shard_server::runtime: runtime stage key=("95df7205357fe2d9c962d2b41daded841e05afa7b6fc8d06dfec46ad04e15335", Directory, 0) seconds=4.1361e-5 hit=false stage="disk_restore"
2026-09-09T18:07:11.259231Z DEBUG transparent_shard_server::runtime: runtime stage key=("1f5d7213a380745d83cc554ad16bdf9e039a0304d0de0b71376828e1838d0ea4", Pages, 0) seconds=0.124113621 stage="source_load"
2026-09-09T18:07:11.565221Z DEBUG transparent_shard_server::runtime: construction stage geometry="recent-8k" table="pages" seconds=0.305935997 stage="encode_database"
2026-09-09T18:07:11.565338Z DEBUG transparent_shard_server::runtime: construction stage geometry="recent-8k" table="pages" seconds=7.5239e-5 stage="public_setup"
2026-09-09T18:07:12.133314Z DEBUG transparent_shard_server::runtime: construction stage geometry="recent-8k" table="pages" seconds=0.567969161 stage="hint_columns"
2026-09-09T18:07:15.059526Z DEBUG transparent_shard_server::runtime: construction stage geometry="recent-8k" table="pages" seconds=2.926145721 stage="pack_preprocessing"
2026-09-09T18:07:15.059861Z DEBUG transparent_shard_server::runtime: construction stage geometry="recent-8k" table="pages" seconds=0.000290098 stage="publish_parameters"
2026-09-09T18:07:15.060351Z DEBUG transparent_shard_server::runtime: runtime stage key=("1f5d7213a380745d83cc554ad16bdf9e039a0304d0de0b71376828e1838d0ea4", Pages, 0) seconds=3.801068291 stage="runtime_build"
2026-09-09T18:07:15.785643Z DEBUG transparent_shard_server::runtime: runtime stage key=("1f5d7213a380745d83cc554ad16bdf9e039a0304d0de0b71376828e1838d0ea4", Pages, 0) seconds=0.72526877 stage="disk_save"
2026-09-09T18:07:15.785844Z DEBUG transparent_shard_server::runtime: runtime stage key=("95df7205357fe2d9c962d2b41daded841e05afa7b6fc8d06dfec46ad04e15335", Pages, 0) seconds=1.742e-6 stage="restore_slot"
2026-09-09T18:07:15.785961Z DEBUG transparent_shard_server::runtime: runtime stage key=("ca7afe810c988a8b4b561668f3456a9f38d1fdbb0776614e07ddfeb1a2132000", Directory, 0) seconds=13.70875531 stage="build_slot"
2026-09-09T18:07:15.785995Z DEBUG transparent_shard_server::memory: cold build admission wait seconds=2.6844e-5 admitted=true
2026-09-09T18:07:15.786031Z DEBUG transparent_shard_server::runtime: runtime stage key=("95df7205357fe2d9c962d2b41daded841e05afa7b6fc8d06dfec46ad04e15335", Pages, 0) seconds=4.2811e-5 hit=false stage="disk_restore"
2026-09-09T18:07:15.913243Z DEBUG transparent_shard_server::runtime: runtime stage key=("ca7afe810c988a8b4b561668f3456a9f38d1fdbb0776614e07ddfeb1a2132000", Directory, 0) seconds=0.127228145 stage="source_load"
2026-09-09T18:07:16.218524Z DEBUG transparent_shard_server::runtime: construction stage geometry="recent-8k" table="directory" seconds=0.30523137 stage="encode_database"
2026-09-09T18:07:16.218641Z DEBUG transparent_shard_server::runtime: construction stage geometry="recent-8k" table="directory" seconds=7.3329e-5 stage="public_setup"
2026-09-09T18:07:16.778064Z DEBUG transparent_shard_server::runtime: construction stage geometry="recent-8k" table="directory" seconds=0.559414999 stage="hint_columns"
2026-09-09T18:07:19.621205Z DEBUG transparent_shard_server::runtime: construction stage geometry="recent-8k" table="directory" seconds=2.843089549 stage="pack_preprocessing"
2026-09-09T18:07:19.621520Z DEBUG transparent_shard_server::runtime: construction stage geometry="recent-8k" table="directory" seconds=0.000273385 stage="publish_parameters"
2026-09-09T18:07:19.621952Z DEBUG transparent_shard_server::runtime: runtime stage key=("ca7afe810c988a8b4b561668f3456a9f38d1fdbb0776614e07ddfeb1a2132000", Directory, 0) seconds=3.708661632 stage="runtime_build"
2026-09-09T18:07:20.334552Z DEBUG transparent_shard_server::runtime: runtime stage key=("ca7afe810c988a8b4b561668f3456a9f38d1fdbb0776614e07ddfeb1a2132000", Directory, 0) seconds=0.71258133 stage="disk_save"
2026-09-09T18:07:20.334669Z DEBUG transparent_shard_server::runtime: runtime stage key=("73d46a59d0d03d7616f9a47e53b50448d4c5a3504e6e296600d8884c8c4403b8", Directory, 0) seconds=1.851e-6 stage="restore_slot"
2026-09-09T18:07:20.334791Z DEBUG transparent_shard_server::runtime: runtime stage key=("ca7afe810c988a8b4b561668f3456a9f38d1fdbb0776614e07ddfeb1a2132000", Pages, 0) seconds=13.745792323 stage="build_slot"
2026-09-09T18:07:20.334820Z DEBUG transparent_shard_server::memory: cold build admission wait seconds=2.3151e-5 admitted=true
2026-09-09T18:07:20.334858Z DEBUG transparent_shard_server::runtime: runtime stage key=("73d46a59d0d03d7616f9a47e53b50448d4c5a3504e6e296600d8884c8c4403b8", Directory, 0) seconds=3.8963e-5 hit=false stage="disk_restore"
2026-09-09T18:07:20.454793Z DEBUG transparent_shard_server::runtime: runtime stage key=("ca7afe810c988a8b4b561668f3456a9f38d1fdbb0776614e07ddfeb1a2132000", Pages, 0) seconds=0.119953003 stage="source_load"
2026-09-09T18:07:20.756397Z DEBUG transparent_shard_server::runtime: construction stage geometry="recent-8k" table="pages" seconds=0.301561347 stage="encode_database"
2026-09-09T18:07:20.756539Z DEBUG transparent_shard_server::runtime: construction stage geometry="recent-8k" table="pages" seconds=9.4603e-5 stage="public_setup"
2026-09-09T18:07:21.333046Z DEBUG transparent_shard_server::runtime: construction stage geometry="recent-8k" table="pages" seconds=0.576498248 stage="hint_columns"
2026-09-09T18:07:24.188349Z DEBUG transparent_shard_server::runtime: construction stage geometry="recent-8k" table="pages" seconds=2.855259293 stage="pack_preprocessing"
2026-09-09T18:07:24.188677Z DEBUG transparent_shard_server::runtime: construction stage geometry="recent-8k" table="pages" seconds=0.000279915 stage="publish_parameters"
2026-09-09T18:07:24.189131Z DEBUG transparent_shard_server::runtime: runtime stage key=("ca7afe810c988a8b4b561668f3456a9f38d1fdbb0776614e07ddfeb1a2132000", Pages, 0) seconds=3.734296852 stage="runtime_build"
2026-09-09T18:07:24.918625Z DEBUG transparent_shard_server::runtime: runtime stage key=("ca7afe810c988a8b4b561668f3456a9f38d1fdbb0776614e07ddfeb1a2132000", Pages, 0) seconds=0.729476955 stage="disk_save"
2026-09-09T18:07:24.918734Z DEBUG transparent_shard_server::runtime: runtime stage key=("73d46a59d0d03d7616f9a47e53b50448d4c5a3504e6e296600d8884c8c4403b8", Pages, 0) seconds=1.571e-6 stage="restore_slot"
2026-09-09T18:07:24.918856Z DEBUG transparent_shard_server::runtime: runtime stage key=("95df7205357fe2d9c962d2b41daded841e05afa7b6fc8d06dfec46ad04e15335", Directory, 0) seconds=13.783674948 stage="build_slot"
2026-09-09T18:07:24.918889Z DEBUG transparent_shard_server::memory: cold build admission wait seconds=2.5019e-5 admitted=true
2026-09-09T18:07:24.918950Z DEBUG transparent_shard_server::runtime: runtime stage key=("73d46a59d0d03d7616f9a47e53b50448d4c5a3504e6e296600d8884c8c4403b8", Pages, 0) seconds=6.7172e-5 hit=false stage="disk_restore"
2026-09-09T18:07:25.043319Z DEBUG transparent_shard_server::runtime: runtime stage key=("95df7205357fe2d9c962d2b41daded841e05afa7b6fc8d06dfec46ad04e15335", Directory, 0) seconds=0.12440861 stage="source_load"
2026-09-09T18:07:25.347927Z DEBUG transparent_shard_server::runtime: construction stage geometry="recent-8k" table="directory" seconds=0.304559731 stage="encode_database"
2026-09-09T18:07:25.348050Z DEBUG transparent_shard_server::runtime: construction stage geometry="recent-8k" table="directory" seconds=7.782e-5 stage="public_setup"
2026-09-09T18:07:25.868130Z DEBUG transparent_shard_server::runtime: construction stage geometry="recent-8k" table="directory" seconds=0.52007108 stage="hint_columns"
2026-09-09T18:07:28.709027Z DEBUG transparent_shard_server::runtime: construction stage geometry="recent-8k" table="directory" seconds=2.840845613 stage="pack_preprocessing"
2026-09-09T18:07:28.709349Z DEBUG transparent_shard_server::runtime: construction stage geometry="recent-8k" table="directory" seconds=0.000279421 stage="publish_parameters"
2026-09-09T18:07:28.709815Z DEBUG transparent_shard_server::runtime: runtime stage key=("95df7205357fe2d9c962d2b41daded841e05afa7b6fc8d06dfec46ad04e15335", Directory, 0) seconds=3.66645001 stage="runtime_build"
2026-09-09T18:07:29.422072Z DEBUG transparent_shard_server::runtime: runtime stage key=("95df7205357fe2d9c962d2b41daded841e05afa7b6fc8d06dfec46ad04e15335", Directory, 0) seconds=0.712240403 stage="disk_save"
2026-09-09T18:07:29.422209Z DEBUG transparent_shard_server::runtime: runtime stage key=("b16be2933ab920bc4745ea8917e5167a7a685c211e0b4febe88b4d3018f970bc", Directory, 0) seconds=1.869e-6 stage="restore_slot"
2026-09-09T18:07:29.422355Z DEBUG transparent_shard_server::runtime: runtime stage key=("95df7205357fe2d9c962d2b41daded841e05afa7b6fc8d06dfec46ad04e15335", Pages, 0) seconds=13.636283336 stage="build_slot"
2026-09-09T18:07:29.422388Z DEBUG transparent_shard_server::memory: cold build admission wait seconds=2.489e-5 admitted=true
2026-09-09T18:07:29.422489Z DEBUG transparent_shard_server::runtime: runtime stage key=("b16be2933ab920bc4745ea8917e5167a7a685c211e0b4febe88b4d3018f970bc", Directory, 0) seconds=4.5541e-5 hit=false stage="disk_restore"
2026-09-09T18:07:29.544178Z DEBUG transparent_shard_server::runtime: runtime stage key=("95df7205357fe2d9c962d2b41daded841e05afa7b6fc8d06dfec46ad04e15335", Pages, 0) seconds=0.121708961 stage="source_load"
2026-09-09T18:07:29.845258Z DEBUG transparent_shard_server::runtime: construction stage geometry="recent-8k" table="pages" seconds=0.301027829 stage="encode_database"
2026-09-09T18:07:29.845376Z DEBUG transparent_shard_server::runtime: construction stage geometry="recent-8k" table="pages" seconds=7.7639e-5 stage="public_setup"
2026-09-09T18:07:30.413726Z DEBUG transparent_shard_server::runtime: construction stage geometry="recent-8k" table="pages" seconds=0.568341652 stage="hint_columns"
2026-09-09T18:07:33.248831Z DEBUG transparent_shard_server::runtime: construction stage geometry="recent-8k" table="pages" seconds=2.835059965 stage="pack_preprocessing"
2026-09-09T18:07:33.249143Z DEBUG transparent_shard_server::runtime: construction stage geometry="recent-8k" table="pages" seconds=0.000272521 stage="publish_parameters"
2026-09-09T18:07:33.249588Z DEBUG transparent_shard_server::runtime: runtime stage key=("95df7205357fe2d9c962d2b41daded841e05afa7b6fc8d06dfec46ad04e15335", Pages, 0) seconds=3.705359415 stage="runtime_build"
2026-09-09T18:07:33.969057Z DEBUG transparent_shard_server::runtime: runtime stage key=("95df7205357fe2d9c962d2b41daded841e05afa7b6fc8d06dfec46ad04e15335", Pages, 0) seconds=0.719446807 stage="disk_save"
2026-09-09T18:07:33.969153Z DEBUG transparent_shard_server::runtime: runtime stage key=("b16be2933ab920bc4745ea8917e5167a7a685c211e0b4febe88b4d3018f970bc", Pages, 0) seconds=1.597e-6 stage="restore_slot"
2026-09-09T18:07:33.969288Z DEBUG transparent_shard_server::runtime: runtime stage key=("73d46a59d0d03d7616f9a47e53b50448d4c5a3504e6e296600d8884c8c4403b8", Directory, 0) seconds=13.634395595 stage="build_slot"
2026-09-09T18:07:33.969325Z DEBUG transparent_shard_server::memory: cold build admission wait seconds=2.9483e-5 admitted=true
2026-09-09T18:07:33.969354Z DEBUG transparent_shard_server::runtime: runtime stage key=("b16be2933ab920bc4745ea8917e5167a7a685c211e0b4febe88b4d3018f970bc", Pages, 0) seconds=4.388e-5 hit=false stage="disk_restore"
2026-09-09T18:07:34.091560Z DEBUG transparent_shard_server::runtime: runtime stage key=("73d46a59d0d03d7616f9a47e53b50448d4c5a3504e6e296600d8884c8c4403b8", Directory, 0) seconds=0.122217659 stage="source_load"
2026-09-09T18:07:34.388411Z DEBUG transparent_shard_server::runtime: construction stage geometry="recent-8k" table="directory" seconds=0.296808949 stage="encode_database"
2026-09-09T18:07:34.388557Z DEBUG transparent_shard_server::runtime: construction stage geometry="recent-8k" table="directory" seconds=9.5179e-5 stage="public_setup"
2026-09-09T18:07:34.907047Z DEBUG transparent_shard_server::runtime: construction stage geometry="recent-8k" table="directory" seconds=0.518483133 stage="hint_columns"
2026-09-09T18:07:37.748706Z DEBUG transparent_shard_server::runtime: construction stage geometry="recent-8k" table="directory" seconds=2.841597415 stage="pack_preprocessing"
2026-09-09T18:07:37.749012Z DEBUG transparent_shard_server::runtime: construction stage geometry="recent-8k" table="directory" seconds=0.000265622 stage="publish_parameters"
2026-09-09T18:07:37.749455Z DEBUG transparent_shard_server::runtime: runtime stage key=("73d46a59d0d03d7616f9a47e53b50448d4c5a3504e6e296600d8884c8c4403b8", Directory, 0) seconds=3.65785365 stage="runtime_build"
2026-09-09T18:07:38.471239Z DEBUG transparent_shard_server::runtime: runtime stage key=("73d46a59d0d03d7616f9a47e53b50448d4c5a3504e6e296600d8884c8c4403b8", Directory, 0) seconds=0.721764167 stage="disk_save"
2026-09-09T18:07:38.471416Z DEBUG transparent_shard_server::runtime: runtime stage key=("16b8227360ce35dd2e111156f5e31fd5eb500ff877879a212fef6cf8471de8a5", Directory, 0) seconds=1.817e-6 stage="restore_slot"
2026-09-09T18:07:38.471529Z DEBUG transparent_shard_server::runtime: runtime stage key=("73d46a59d0d03d7616f9a47e53b50448d4c5a3504e6e296600d8884c8c4403b8", Pages, 0) seconds=13.552537812 stage="build_slot"
2026-09-09T18:07:38.471561Z DEBUG transparent_shard_server::memory: cold build admission wait seconds=2.605e-5 admitted=true
2026-09-09T18:07:38.471596Z DEBUG transparent_shard_server::runtime: runtime stage key=("16b8227360ce35dd2e111156f5e31fd5eb500ff877879a212fef6cf8471de8a5", Directory, 0) seconds=4.0447e-5 hit=false stage="disk_restore"
2026-09-09T18:07:38.595531Z DEBUG transparent_shard_server::runtime: runtime stage key=("73d46a59d0d03d7616f9a47e53b50448d4c5a3504e6e296600d8884c8c4403b8", Pages, 0) seconds=0.123955812 stage="source_load"
2026-09-09T18:07:38.898031Z DEBUG transparent_shard_server::runtime: construction stage geometry="recent-8k" table="pages" seconds=0.302451103 stage="encode_database"
2026-09-09T18:07:38.898154Z DEBUG transparent_shard_server::runtime: construction stage geometry="recent-8k" table="pages" seconds=7.9032e-5 stage="public_setup"
2026-09-09T18:07:39.469918Z DEBUG transparent_shard_server::runtime: construction stage geometry="recent-8k" table="pages" seconds=0.57175653 stage="hint_columns"
2026-09-09T18:07:42.333714Z DEBUG transparent_shard_server::runtime: construction stage geometry="recent-8k" table="pages" seconds=2.86374979 stage="pack_preprocessing"
2026-09-09T18:07:42.334045Z DEBUG transparent_shard_server::runtime: construction stage geometry="recent-8k" table="pages" seconds=0.000282629 stage="publish_parameters"
2026-09-09T18:07:42.334504Z DEBUG transparent_shard_server::runtime: runtime stage key=("73d46a59d0d03d7616f9a47e53b50448d4c5a3504e6e296600d8884c8c4403b8", Pages, 0) seconds=3.738925246 stage="runtime_build"
2026-09-09T18:07:43.050672Z DEBUG transparent_shard_server::runtime: runtime stage key=("73d46a59d0d03d7616f9a47e53b50448d4c5a3504e6e296600d8884c8c4403b8", Pages, 0) seconds=0.716144363 stage="disk_save"
2026-09-09T18:07:43.050776Z DEBUG transparent_shard_server::runtime: runtime stage key=("16b8227360ce35dd2e111156f5e31fd5eb500ff877879a212fef6cf8471de8a5", Pages, 0) seconds=2.26e-6 stage="restore_slot"
2026-09-09T18:07:43.050889Z DEBUG transparent_shard_server::runtime: runtime stage key=("b16be2933ab920bc4745ea8917e5167a7a685c211e0b4febe88b4d3018f970bc", Directory, 0) seconds=13.628364011 stage="build_slot"
2026-09-09T18:07:43.050921Z DEBUG transparent_shard_server::memory: cold build admission wait seconds=2.4491e-5 admitted=true
2026-09-09T18:07:43.050958Z DEBUG transparent_shard_server::runtime: runtime stage key=("16b8227360ce35dd2e111156f5e31fd5eb500ff877879a212fef6cf8471de8a5", Pages, 0) seconds=4.1631e-5 hit=false stage="disk_restore"
2026-09-09T18:07:43.171205Z DEBUG transparent_shard_server::runtime: runtime stage key=("b16be2933ab920bc4745ea8917e5167a7a685c211e0b4febe88b4d3018f970bc", Directory, 0) seconds=0.120264158 stage="source_load"
2026-09-09T18:07:43.473357Z DEBUG transparent_shard_server::runtime: construction stage geometry="recent-8k" table="directory" seconds=0.302101694 stage="encode_database"
2026-09-09T18:07:43.473486Z DEBUG transparent_shard_server::runtime: construction stage geometry="recent-8k" table="directory" seconds=7.7538e-5 stage="public_setup"
2026-09-09T18:07:44.026628Z DEBUG transparent_shard_server::runtime: construction stage geometry="recent-8k" table="directory" seconds=0.553134293 stage="hint_columns"
2026-09-09T18:07:46.854720Z DEBUG transparent_shard_server::runtime: construction stage geometry="recent-8k" table="directory" seconds=2.8280548850000002 stage="pack_preprocessing"
2026-09-09T18:07:46.855058Z DEBUG transparent_shard_server::runtime: construction stage geometry="recent-8k" table="directory" seconds=0.000297739 stage="publish_parameters"
2026-09-09T18:07:46.855508Z DEBUG transparent_shard_server::runtime: runtime stage key=("b16be2933ab920bc4745ea8917e5167a7a685c211e0b4febe88b4d3018f970bc", Directory, 0) seconds=3.6842556220000002 stage="runtime_build"
2026-09-09T18:07:47.563669Z DEBUG transparent_shard_server::runtime: runtime stage key=("b16be2933ab920bc4745ea8917e5167a7a685c211e0b4febe88b4d3018f970bc", Directory, 0) seconds=0.708141507 stage="disk_save"
2026-09-09T18:07:47.563894Z DEBUG transparent_shard_server::runtime: runtime stage key=("1cd27964911287b2a127c1f8df5e6b0c19f5b4db309391c5adb2db3072bfec6e", Directory, 0) seconds=1.678e-6 stage="restore_slot"
2026-09-09T18:07:47.564001Z DEBUG transparent_shard_server::runtime: runtime stage key=("b16be2933ab920bc4745ea8917e5167a7a685c211e0b4febe88b4d3018f970bc", Pages, 0) seconds=13.594604229 stage="build_slot"
2026-09-09T18:07:47.564034Z DEBUG transparent_shard_server::memory: cold build admission wait seconds=2.6685e-5 admitted=true
2026-09-09T18:07:47.564155Z DEBUG transparent_shard_server::runtime: runtime stage key=("1cd27964911287b2a127c1f8df5e6b0c19f5b4db309391c5adb2db3072bfec6e", Directory, 0) seconds=3.9005e-5 hit=false stage="disk_restore"
2026-09-09T18:07:47.685546Z DEBUG transparent_shard_server::runtime: runtime stage key=("b16be2933ab920bc4745ea8917e5167a7a685c211e0b4febe88b4d3018f970bc", Pages, 0) seconds=0.121405393 stage="source_load"
2026-09-09T18:07:47.982919Z DEBUG transparent_shard_server::runtime: construction stage geometry="recent-8k" table="pages" seconds=0.297327796 stage="encode_database"
2026-09-09T18:07:47.983037Z DEBUG transparent_shard_server::runtime: construction stage geometry="recent-8k" table="pages" seconds=7.3484e-5 stage="public_setup"
2026-09-09T18:07:48.536118Z DEBUG transparent_shard_server::runtime: construction stage geometry="recent-8k" table="pages" seconds=0.553072876 stage="hint_columns"
2026-09-09T18:07:51.344122Z DEBUG transparent_shard_server::runtime: construction stage geometry="recent-8k" table="pages" seconds=2.8079513929999997 stage="pack_preprocessing"
2026-09-09T18:07:51.344452Z DEBUG transparent_shard_server::runtime: construction stage geometry="recent-8k" table="pages" seconds=0.000280925 stage="publish_parameters"
2026-09-09T18:07:51.344912Z DEBUG transparent_shard_server::runtime: runtime stage key=("b16be2933ab920bc4745ea8917e5167a7a685c211e0b4febe88b4d3018f970bc", Pages, 0) seconds=3.659323508 stage="runtime_build"
2026-09-09T18:07:52.054981Z DEBUG transparent_shard_server::runtime: runtime stage key=("b16be2933ab920bc4745ea8917e5167a7a685c211e0b4febe88b4d3018f970bc", Pages, 0) seconds=0.710034826 stage="disk_save"
2026-09-09T18:07:52.055109Z DEBUG transparent_shard_server::runtime: runtime stage key=("1cd27964911287b2a127c1f8df5e6b0c19f5b4db309391c5adb2db3072bfec6e", Pages, 0) seconds=1.609e-6 stage="restore_slot"
2026-09-09T18:07:52.055290Z DEBUG transparent_shard_server::runtime: runtime stage key=("16b8227360ce35dd2e111156f5e31fd5eb500ff877879a212fef6cf8471de8a5", Directory, 0) seconds=13.58365465 stage="build_slot"
2026-09-09T18:07:52.055330Z DEBUG transparent_shard_server::memory: cold build admission wait seconds=2.8172e-5 admitted=true
2026-09-09T18:07:52.055351Z DEBUG transparent_shard_server::runtime: runtime stage key=("1cd27964911287b2a127c1f8df5e6b0c19f5b4db309391c5adb2db3072bfec6e", Pages, 0) seconds=3.9382e-5 hit=false stage="disk_restore"
2026-09-09T18:07:52.175464Z DEBUG transparent_shard_server::runtime: runtime stage key=("16b8227360ce35dd2e111156f5e31fd5eb500ff877879a212fef6cf8471de8a5", Directory, 0) seconds=0.120113209 stage="source_load"
2026-09-09T18:07:52.475486Z DEBUG transparent_shard_server::runtime: construction stage geometry="recent-8k" table="directory" seconds=0.299972247 stage="encode_database"
2026-09-09T18:07:52.475608Z DEBUG transparent_shard_server::runtime: construction stage geometry="recent-8k" table="directory" seconds=7.9481e-5 stage="public_setup"
test burst::publication_burst_under_exact_load has been running for over 60 seconds
2026-09-09T18:07:53.000800Z DEBUG transparent_shard_server::runtime: construction stage geometry="recent-8k" table="directory" seconds=0.525185283 stage="hint_columns"
2026-09-09T18:07:55.845894Z DEBUG transparent_shard_server::runtime: construction stage geometry="recent-8k" table="directory" seconds=2.845049007 stage="pack_preprocessing"
2026-09-09T18:07:55.846218Z DEBUG transparent_shard_server::runtime: construction stage geometry="recent-8k" table="directory" seconds=0.000275282 stage="publish_parameters"
2026-09-09T18:07:55.846655Z DEBUG transparent_shard_server::runtime: runtime stage key=("16b8227360ce35dd2e111156f5e31fd5eb500ff877879a212fef6cf8471de8a5", Directory, 0) seconds=3.671144081 stage="runtime_build"
2026-09-09T18:07:56.568932Z DEBUG transparent_shard_server::runtime: runtime stage key=("16b8227360ce35dd2e111156f5e31fd5eb500ff877879a212fef6cf8471de8a5", Directory, 0) seconds=0.722260587 stage="disk_save"
2026-09-09T18:07:56.569041Z DEBUG transparent_shard_server::runtime: runtime stage key=("27f56c565263ecffb8c7736d4e811665d81bf4ed71c7978431fcc4f45b645ee1", Directory, 0) seconds=1.612e-6 stage="restore_slot"
2026-09-09T18:07:56.569195Z DEBUG transparent_shard_server::runtime: runtime stage key=("16b8227360ce35dd2e111156f5e31fd5eb500ff877879a212fef6cf8471de8a5", Pages, 0) seconds=13.518196325 stage="build_slot"
2026-09-09T18:07:56.569253Z DEBUG transparent_shard_server::memory: cold build admission wait seconds=4.7255e-5 admitted=true
2026-09-09T18:07:56.569356Z DEBUG transparent_shard_server::runtime: runtime stage key=("27f56c565263ecffb8c7736d4e811665d81bf4ed71c7978431fcc4f45b645ee1", Directory, 0) seconds=3.1467e-5 hit=false stage="disk_restore"
2026-09-09T18:07:56.702425Z DEBUG transparent_shard_server::runtime: runtime stage key=("16b8227360ce35dd2e111156f5e31fd5eb500ff877879a212fef6cf8471de8a5", Pages, 0) seconds=0.133116851 stage="source_load"
2026-09-09T18:07:57.001452Z DEBUG transparent_shard_server::runtime: construction stage geometry="recent-8k" table="pages" seconds=0.298974079 stage="encode_database"
2026-09-09T18:07:57.001570Z DEBUG transparent_shard_server::runtime: construction stage geometry="recent-8k" table="pages" seconds=7.4743e-5 stage="public_setup"
2026-09-09T18:07:57.559408Z DEBUG transparent_shard_server::runtime: construction stage geometry="recent-8k" table="pages" seconds=0.557829389 stage="hint_columns"
2026-09-09T18:08:00.416948Z DEBUG transparent_shard_server::runtime: construction stage geometry="recent-8k" table="pages" seconds=2.857493856 stage="pack_preprocessing"
2026-09-09T18:08:00.417266Z DEBUG transparent_shard_server::runtime: construction stage geometry="recent-8k" table="pages" seconds=0.000273687 stage="publish_parameters"
2026-09-09T18:08:00.417708Z DEBUG transparent_shard_server::runtime: runtime stage key=("16b8227360ce35dd2e111156f5e31fd5eb500ff877879a212fef6cf8471de8a5", Pages, 0) seconds=3.715233032 stage="runtime_build"
2026-09-09T18:08:01.148948Z DEBUG transparent_shard_server::runtime: runtime stage key=("16b8227360ce35dd2e111156f5e31fd5eb500ff877879a212fef6cf8471de8a5", Pages, 0) seconds=0.731221495 stage="disk_save"
2026-09-09T18:08:01.149066Z DEBUG transparent_shard_server::runtime: runtime stage key=("27f56c565263ecffb8c7736d4e811665d81bf4ed71c7978431fcc4f45b645ee1", Pages, 0) seconds=1.722e-6 stage="restore_slot"
2026-09-09T18:08:01.149216Z DEBUG transparent_shard_server::runtime: runtime stage key=("1cd27964911287b2a127c1f8df5e6b0c19f5b4db309391c5adb2db3072bfec6e", Directory, 0) seconds=13.5850172 stage="build_slot"
2026-09-09T18:08:01.149252Z DEBUG transparent_shard_server::memory: cold build admission wait seconds=2.6785e-5 admitted=true
2026-09-09T18:08:01.149252Z DEBUG transparent_shard_server::runtime: runtime stage key=("27f56c565263ecffb8c7736d4e811665d81bf4ed71c7978431fcc4f45b645ee1", Pages, 0) seconds=3.7667e-5 hit=false stage="disk_restore"
2026-09-09T18:08:01.286813Z DEBUG transparent_shard_server::runtime: runtime stage key=("1cd27964911287b2a127c1f8df5e6b0c19f5b4db309391c5adb2db3072bfec6e", Directory, 0) seconds=0.137541989 stage="source_load"
2026-09-09T18:08:01.594756Z DEBUG transparent_shard_server::runtime: construction stage geometry="recent-8k" table="directory" seconds=0.307886814 stage="encode_database"
2026-09-09T18:08:01.594878Z DEBUG transparent_shard_server::runtime: construction stage geometry="recent-8k" table="directory" seconds=7.8163e-5 stage="public_setup"
2026-09-09T18:08:02.147480Z DEBUG transparent_shard_server::runtime: construction stage geometry="recent-8k" table="directory" seconds=0.552593836 stage="hint_columns"
2026-09-09T18:08:05.011121Z DEBUG transparent_shard_server::runtime: construction stage geometry="recent-8k" table="directory" seconds=2.863591675 stage="pack_preprocessing"
2026-09-09T18:08:05.011446Z DEBUG transparent_shard_server::runtime: construction stage geometry="recent-8k" table="directory" seconds=0.000277737 stage="publish_parameters"
2026-09-09T18:08:05.011890Z DEBUG transparent_shard_server::runtime: runtime stage key=("1cd27964911287b2a127c1f8df5e6b0c19f5b4db309391c5adb2db3072bfec6e", Directory, 0) seconds=3.7250227540000003 stage="runtime_build"
2026-09-09T18:08:05.721077Z DEBUG transparent_shard_server::runtime: runtime stage key=("1cd27964911287b2a127c1f8df5e6b0c19f5b4db309391c5adb2db3072bfec6e", Directory, 0) seconds=0.709169541 stage="disk_save"
2026-09-09T18:08:05.721212Z DEBUG transparent_shard_server::runtime: runtime stage key=("ced665ae1f1140944bcd0c9aa2b83c1019df768df87fa513f9509106fc5b88c1", Directory, 0) seconds=1.602e-6 stage="restore_slot"
2026-09-09T18:08:05.721323Z DEBUG transparent_shard_server::runtime: runtime stage key=("1cd27964911287b2a127c1f8df5e6b0c19f5b4db309391c5adb2db3072bfec6e", Pages, 0) seconds=13.665918814 stage="build_slot"
2026-09-09T18:08:05.721353Z DEBUG transparent_shard_server::memory: cold build admission wait seconds=2.4755e-5 admitted=true
2026-09-09T18:08:05.721358Z DEBUG transparent_shard_server::runtime: runtime stage key=("ced665ae1f1140944bcd0c9aa2b83c1019df768df87fa513f9509106fc5b88c1", Directory, 0) seconds=3.6285e-5 hit=false stage="disk_restore"
2026-09-09T18:08:05.842483Z DEBUG transparent_shard_server::runtime: runtime stage key=("1cd27964911287b2a127c1f8df5e6b0c19f5b4db309391c5adb2db3072bfec6e", Pages, 0) seconds=0.121111284 stage="source_load"
2026-09-09T18:08:06.136226Z DEBUG transparent_shard_server::runtime: construction stage geometry="recent-8k" table="pages" seconds=0.293702178 stage="encode_database"
2026-09-09T18:08:06.136349Z DEBUG transparent_shard_server::runtime: construction stage geometry="recent-8k" table="pages" seconds=7.875e-5 stage="public_setup"
2026-09-09T18:08:06.692109Z DEBUG transparent_shard_server::runtime: construction stage geometry="recent-8k" table="pages" seconds=0.55575377 stage="hint_columns"
2026-09-09T18:08:09.513601Z DEBUG transparent_shard_server::runtime: construction stage geometry="recent-8k" table="pages" seconds=2.821448045 stage="pack_preprocessing"
2026-09-09T18:08:09.513937Z DEBUG transparent_shard_server::runtime: construction stage geometry="recent-8k" table="pages" seconds=0.00028028 stage="publish_parameters"
2026-09-09T18:08:09.514386Z DEBUG transparent_shard_server::runtime: runtime stage key=("1cd27964911287b2a127c1f8df5e6b0c19f5b4db309391c5adb2db3072bfec6e", Pages, 0) seconds=3.671864121 stage="runtime_build"
2026-09-09T18:08:10.245861Z DEBUG transparent_shard_server::runtime: runtime stage key=("1cd27964911287b2a127c1f8df5e6b0c19f5b4db309391c5adb2db3072bfec6e", Pages, 0) seconds=0.731455157 stage="disk_save"
2026-09-09T18:08:10.245989Z DEBUG transparent_shard_server::runtime: runtime stage key=("ced665ae1f1140944bcd0c9aa2b83c1019df768df87fa513f9509106fc5b88c1", Pages, 0) seconds=1.99e-6 stage="restore_slot"
2026-09-09T18:08:10.246123Z DEBUG transparent_shard_server::runtime: runtime stage key=("27f56c565263ecffb8c7736d4e811665d81bf4ed71c7978431fcc4f45b645ee1", Directory, 0) seconds=13.676735962 stage="build_slot"
2026-09-09T18:08:10.246157Z DEBUG transparent_shard_server::memory: cold build admission wait seconds=2.6382e-5 admitted=true
2026-09-09T18:08:10.246169Z DEBUG transparent_shard_server::runtime: runtime stage key=("ced665ae1f1140944bcd0c9aa2b83c1019df768df87fa513f9509106fc5b88c1", Pages, 0) seconds=3.9374e-5 hit=false stage="disk_restore"
2026-09-09T18:08:10.370252Z DEBUG transparent_shard_server::runtime: runtime stage key=("27f56c565263ecffb8c7736d4e811665d81bf4ed71c7978431fcc4f45b645ee1", Directory, 0) seconds=0.124059917 stage="source_load"
2026-09-09T18:08:10.673678Z DEBUG transparent_shard_server::runtime: construction stage geometry="recent-8k" table="directory" seconds=0.303379731 stage="encode_database"
2026-09-09T18:08:10.673821Z DEBUG transparent_shard_server::runtime: construction stage geometry="recent-8k" table="directory" seconds=7.8931e-5 stage="public_setup"
2026-09-09T18:08:11.198421Z DEBUG transparent_shard_server::runtime: construction stage geometry="recent-8k" table="directory" seconds=0.524591998 stage="hint_columns"
2026-09-09T18:08:14.061476Z DEBUG transparent_shard_server::runtime: construction stage geometry="recent-8k" table="directory" seconds=2.86300985 stage="pack_preprocessing"
2026-09-09T18:08:14.061785Z DEBUG transparent_shard_server::runtime: construction stage geometry="recent-8k" table="directory" seconds=0.000264797 stage="publish_parameters"
2026-09-09T18:08:14.062258Z DEBUG transparent_shard_server::runtime: runtime stage key=("27f56c565263ecffb8c7736d4e811665d81bf4ed71c7978431fcc4f45b645ee1", Directory, 0) seconds=3.691962256 stage="runtime_build"
2026-09-09T18:08:14.798006Z DEBUG transparent_shard_server::runtime: runtime stage key=("27f56c565263ecffb8c7736d4e811665d81bf4ed71c7978431fcc4f45b645ee1", Directory, 0) seconds=0.735727112 stage="disk_save"
2026-09-09T18:08:14.798122Z DEBUG transparent_shard_server::runtime: runtime stage key=("2d4497bf9e8bafc6139ee4e57114238a7ecfa0782702939922bf2a79b1fe05bf", Directory, 0) seconds=1.78e-6 stage="restore_slot"
2026-09-09T18:08:14.798249Z DEBUG transparent_shard_server::runtime: runtime stage key=("27f56c565263ecffb8c7736d4e811665d81bf4ed71c7978431fcc4f45b645ee1", Pages, 0) seconds=13.64895366 stage="build_slot"
2026-09-09T18:08:14.798285Z DEBUG transparent_shard_server::memory: cold build admission wait seconds=2.4932e-5 admitted=true
2026-09-09T18:08:14.798289Z DEBUG transparent_shard_server::runtime: runtime stage key=("2d4497bf9e8bafc6139ee4e57114238a7ecfa0782702939922bf2a79b1fe05bf", Directory, 0) seconds=3.9298e-5 hit=false stage="disk_restore"
2026-09-09T18:08:14.921191Z DEBUG transparent_shard_server::runtime: runtime stage key=("27f56c565263ecffb8c7736d4e811665d81bf4ed71c7978431fcc4f45b645ee1", Pages, 0) seconds=0.122885756 stage="source_load"
2026-09-09T18:08:15.224754Z DEBUG transparent_shard_server::runtime: construction stage geometry="recent-8k" table="pages" seconds=0.30351563 stage="encode_database"
2026-09-09T18:08:15.224875Z DEBUG transparent_shard_server::runtime: construction stage geometry="recent-8k" table="pages" seconds=8.0935e-5 stage="public_setup"
2026-09-09T18:08:15.794779Z DEBUG transparent_shard_server::runtime: construction stage geometry="recent-8k" table="pages" seconds=0.569896235 stage="hint_columns"
2026-09-09T18:08:18.662916Z DEBUG transparent_shard_server::runtime: construction stage geometry="recent-8k" table="pages" seconds=2.868089058 stage="pack_preprocessing"
2026-09-09T18:08:18.663242Z DEBUG transparent_shard_server::runtime: construction stage geometry="recent-8k" table="pages" seconds=0.000278508 stage="publish_parameters"
2026-09-09T18:08:18.663711Z DEBUG transparent_shard_server::runtime: runtime stage key=("27f56c565263ecffb8c7736d4e811665d81bf4ed71c7978431fcc4f45b645ee1", Pages, 0) seconds=3.742475421 stage="runtime_build"
2026-09-09T18:08:19.382827Z DEBUG transparent_shard_server::runtime: runtime stage key=("27f56c565263ecffb8c7736d4e811665d81bf4ed71c7978431fcc4f45b645ee1", Pages, 0) seconds=0.719092224 stage="disk_save"
2026-09-09T18:08:19.382947Z DEBUG transparent_shard_server::runtime: runtime stage key=("2d4497bf9e8bafc6139ee4e57114238a7ecfa0782702939922bf2a79b1fe05bf", Pages, 0) seconds=1.842e-6 stage="restore_slot"
2026-09-09T18:08:19.383061Z DEBUG transparent_shard_server::runtime: runtime stage key=("ced665ae1f1140944bcd0c9aa2b83c1019df768df87fa513f9509106fc5b88c1", Directory, 0) seconds=13.661668376 stage="build_slot"
2026-09-09T18:08:19.383094Z DEBUG transparent_shard_server::memory: cold build admission wait seconds=2.6242e-5 admitted=true
2026-09-09T18:08:19.383095Z DEBUG transparent_shard_server::runtime: runtime stage key=("2d4497bf9e8bafc6139ee4e57114238a7ecfa0782702939922bf2a79b1fe05bf", Pages, 0) seconds=3.7753e-5 hit=false stage="disk_restore"
2026-09-09T18:08:19.507019Z DEBUG transparent_shard_server::runtime: runtime stage key=("ced665ae1f1140944bcd0c9aa2b83c1019df768df87fa513f9509106fc5b88c1", Directory, 0) seconds=0.1239057 stage="source_load"
2026-09-09T18:08:19.806682Z DEBUG transparent_shard_server::runtime: construction stage geometry="recent-8k" table="directory" seconds=0.299611319 stage="encode_database"
2026-09-09T18:08:19.806813Z DEBUG transparent_shard_server::runtime: construction stage geometry="recent-8k" table="directory" seconds=8.312e-5 stage="public_setup"
2026-09-09T18:08:20.335214Z DEBUG transparent_shard_server::runtime: construction stage geometry="recent-8k" table="directory" seconds=0.528393171 stage="hint_columns"
2026-09-09T18:08:23.192339Z DEBUG transparent_shard_server::runtime: construction stage geometry="recent-8k" table="directory" seconds=2.857060233 stage="pack_preprocessing"
2026-09-09T18:08:23.192668Z DEBUG transparent_shard_server::runtime: construction stage geometry="recent-8k" table="directory" seconds=0.000285632 stage="publish_parameters"
2026-09-09T18:08:23.193139Z DEBUG transparent_shard_server::runtime: runtime stage key=("ced665ae1f1140944bcd0c9aa2b83c1019df768df87fa513f9509106fc5b88c1", Directory, 0) seconds=3.686071173 stage="runtime_build"
2026-09-09T18:08:23.911107Z DEBUG transparent_shard_server::runtime: runtime stage key=("ced665ae1f1140944bcd0c9aa2b83c1019df768df87fa513f9509106fc5b88c1", Directory, 0) seconds=0.717951268 stage="disk_save"
2026-09-09T18:08:23.911278Z DEBUG transparent_shard_server::runtime: runtime stage key=("a4bd72b37c0aafb265c77bb09cbc402cf69b65a87a1fabc8a0f12614b35469be", Directory, 0) seconds=1.56e-6 stage="restore_slot"
2026-09-09T18:08:23.911397Z DEBUG transparent_shard_server::runtime: runtime stage key=("ced665ae1f1140944bcd0c9aa2b83c1019df768df87fa513f9509106fc5b88c1", Pages, 0) seconds=13.665197108 stage="build_slot"
2026-09-09T18:08:23.911431Z DEBUG transparent_shard_server::memory: cold build admission wait seconds=2.6723e-5 admitted=true
2026-09-09T18:08:23.911439Z DEBUG transparent_shard_server::runtime: runtime stage key=("a4bd72b37c0aafb265c77bb09cbc402cf69b65a87a1fabc8a0f12614b35469be", Directory, 0) seconds=4.5761e-5 hit=false stage="disk_restore"
2026-09-09T18:08:24.034939Z DEBUG transparent_shard_server::runtime: runtime stage key=("ced665ae1f1140944bcd0c9aa2b83c1019df768df87fa513f9509106fc5b88c1", Pages, 0) seconds=0.123487277 stage="source_load"
2026-09-09T18:08:24.339436Z DEBUG transparent_shard_server::runtime: construction stage geometry="recent-8k" table="pages" seconds=0.304447797 stage="encode_database"
2026-09-09T18:08:24.339552Z DEBUG transparent_shard_server::runtime: construction stage geometry="recent-8k" table="pages" seconds=7.6997e-5 stage="public_setup"
2026-09-09T18:08:24.911964Z DEBUG transparent_shard_server::runtime: construction stage geometry="recent-8k" table="pages" seconds=0.57240573 stage="hint_columns"
2026-09-09T18:08:27.761117Z DEBUG transparent_shard_server::runtime: construction stage geometry="recent-8k" table="pages" seconds=2.849096195 stage="pack_preprocessing"
2026-09-09T18:08:27.761434Z DEBUG transparent_shard_server::runtime: construction stage geometry="recent-8k" table="pages" seconds=0.000274842 stage="publish_parameters"
2026-09-09T18:08:27.761869Z DEBUG transparent_shard_server::runtime: runtime stage key=("ced665ae1f1140944bcd0c9aa2b83c1019df768df87fa513f9509106fc5b88c1", Pages, 0) seconds=3.726883303 stage="runtime_build"
2026-09-09T18:08:28.484808Z DEBUG transparent_shard_server::runtime: runtime stage key=("ced665ae1f1140944bcd0c9aa2b83c1019df768df87fa513f9509106fc5b88c1", Pages, 0) seconds=0.722921971 stage="disk_save"
2026-09-09T18:08:28.484929Z DEBUG transparent_shard_server::runtime: runtime stage key=("a4bd72b37c0aafb265c77bb09cbc402cf69b65a87a1fabc8a0f12614b35469be", Pages, 0) seconds=1.657e-6 stage="restore_slot"
2026-09-09T18:08:28.485038Z DEBUG transparent_shard_server::runtime: runtime stage key=("2d4497bf9e8bafc6139ee4e57114238a7ecfa0782702939922bf2a79b1fe05bf", Directory, 0) seconds=13.686712532 stage="build_slot"
2026-09-09T18:08:28.485072Z DEBUG transparent_shard_server::memory: cold build admission wait seconds=2.7066e-5 admitted=true
2026-09-09T18:08:28.485080Z DEBUG transparent_shard_server::runtime: runtime stage key=("a4bd72b37c0aafb265c77bb09cbc402cf69b65a87a1fabc8a0f12614b35469be", Pages, 0) seconds=4.3896e-5 hit=false stage="disk_restore"
2026-09-09T18:08:28.605406Z DEBUG transparent_shard_server::runtime: runtime stage key=("2d4497bf9e8bafc6139ee4e57114238a7ecfa0782702939922bf2a79b1fe05bf", Directory, 0) seconds=0.120314538 stage="source_load"
2026-09-09T18:08:28.905856Z DEBUG transparent_shard_server::runtime: construction stage geometry="recent-8k" table="directory" seconds=0.300407415 stage="encode_database"
2026-09-09T18:08:28.905999Z DEBUG transparent_shard_server::runtime: construction stage geometry="recent-8k" table="directory" seconds=0.000103038 stage="public_setup"
2026-09-09T18:08:29.423721Z DEBUG transparent_shard_server::runtime: construction stage geometry="recent-8k" table="directory" seconds=0.517715234 stage="hint_columns"
2026-09-09T18:08:32.258993Z DEBUG transparent_shard_server::runtime: construction stage geometry="recent-8k" table="directory" seconds=2.83523124 stage="pack_preprocessing"
2026-09-09T18:08:32.259314Z DEBUG transparent_shard_server::runtime: construction stage geometry="recent-8k" table="directory" seconds=0.000278182 stage="publish_parameters"
2026-09-09T18:08:32.259751Z DEBUG transparent_shard_server::runtime: runtime stage key=("2d4497bf9e8bafc6139ee4e57114238a7ecfa0782702939922bf2a79b1fe05bf", Directory, 0) seconds=3.654304632 stage="runtime_build"
2026-09-09T18:08:32.980848Z DEBUG transparent_shard_server::runtime: runtime stage key=("2d4497bf9e8bafc6139ee4e57114238a7ecfa0782702939922bf2a79b1fe05bf", Directory, 0) seconds=0.721079403 stage="disk_save"
2026-09-09T18:08:32.980954Z DEBUG transparent_shard_server::runtime: runtime stage key=("c907a0aa45b2551520863990845279fd25135889865e088c2dad6ea0d32b8fde", Directory, 0) seconds=1.749e-6 stage="restore_slot"
2026-09-09T18:08:32.981058Z DEBUG transparent_shard_server::runtime: runtime stage key=("2d4497bf9e8bafc6139ee4e57114238a7ecfa0782702939922bf2a79b1fe05bf", Pages, 0) seconds=13.597929324 stage="build_slot"
2026-09-09T18:08:32.981089Z DEBUG transparent_shard_server::memory: cold build admission wait seconds=2.4802e-5 admitted=true
2026-09-09T18:08:32.981091Z DEBUG transparent_shard_server::runtime: runtime stage key=("c907a0aa45b2551520863990845279fd25135889865e088c2dad6ea0d32b8fde", Directory, 0) seconds=3.6377e-5 hit=false stage="disk_restore"
2026-09-09T18:08:33.102965Z DEBUG transparent_shard_server::runtime: runtime stage key=("2d4497bf9e8bafc6139ee4e57114238a7ecfa0782702939922bf2a79b1fe05bf", Pages, 0) seconds=0.121856459 stage="source_load"
2026-09-09T18:08:33.405580Z DEBUG transparent_shard_server::runtime: construction stage geometry="recent-8k" table="pages" seconds=0.302559903 stage="encode_database"
2026-09-09T18:08:33.405774Z DEBUG transparent_shard_server::runtime: construction stage geometry="recent-8k" table="pages" seconds=0.000138204 stage="public_setup"
2026-09-09T18:08:33.965383Z DEBUG transparent_shard_server::runtime: construction stage geometry="recent-8k" table="pages" seconds=0.559601547 stage="hint_columns"
2026-09-09T18:08:36.816329Z DEBUG transparent_shard_server::runtime: construction stage geometry="recent-8k" table="pages" seconds=2.85089769 stage="pack_preprocessing"
2026-09-09T18:08:36.816664Z DEBUG transparent_shard_server::runtime: construction stage geometry="recent-8k" table="pages" seconds=0.000287535 stage="publish_parameters"
2026-09-09T18:08:36.817118Z DEBUG transparent_shard_server::runtime: runtime stage key=("2d4497bf9e8bafc6139ee4e57114238a7ecfa0782702939922bf2a79b1fe05bf", Pages, 0) seconds=3.714101886 stage="runtime_build"
2026-09-09T18:08:37.542949Z DEBUG transparent_shard_server::runtime: runtime stage key=("2d4497bf9e8bafc6139ee4e57114238a7ecfa0782702939922bf2a79b1fe05bf", Pages, 0) seconds=0.725809628 stage="disk_save"
2026-09-09T18:08:37.543036Z DEBUG transparent_shard_server::runtime: runtime stage key=("a4bd72b37c0aafb265c77bb09cbc402cf69b65a87a1fabc8a0f12614b35469be", Directory, 0) seconds=13.631558913 stage="build_slot"
2026-09-09T18:08:37.543136Z DEBUG transparent_shard_server::memory: cold build admission wait seconds=7.378e-5 admitted=true
2026-09-09T18:08:37.543173Z DEBUG transparent_shard_server::runtime: runtime stage key=("c907a0aa45b2551520863990845279fd25135889865e088c2dad6ea0d32b8fde", Pages, 0) seconds=6.33e-7 stage="restore_slot"
2026-09-09T18:08:37.543245Z DEBUG transparent_shard_server::runtime: runtime stage key=("c907a0aa45b2551520863990845279fd25135889865e088c2dad6ea0d32b8fde", Pages, 0) seconds=2.8314e-5 hit=false stage="disk_restore"
2026-09-09T18:08:37.667952Z DEBUG transparent_shard_server::runtime: runtime stage key=("a4bd72b37c0aafb265c77bb09cbc402cf69b65a87a1fabc8a0f12614b35469be", Directory, 0) seconds=0.124774659 stage="source_load"
2026-09-09T18:08:37.977680Z DEBUG transparent_shard_server::runtime: construction stage geometry="recent-8k" table="directory" seconds=0.30967598 stage="encode_database"
2026-09-09T18:08:37.977821Z DEBUG transparent_shard_server::runtime: construction stage geometry="recent-8k" table="directory" seconds=9.4546e-5 stage="public_setup"
2026-09-09T18:08:38.531305Z DEBUG transparent_shard_server::runtime: construction stage geometry="recent-8k" table="directory" seconds=0.553473928 stage="hint_columns"
2026-09-09T18:08:41.419537Z DEBUG transparent_shard_server::runtime: construction stage geometry="recent-8k" table="directory" seconds=2.8881828179999998 stage="pack_preprocessing"
2026-09-09T18:08:41.419850Z DEBUG transparent_shard_server::runtime: construction stage geometry="recent-8k" table="directory" seconds=0.000266985 stage="publish_parameters"
2026-09-09T18:08:41.420296Z DEBUG transparent_shard_server::runtime: runtime stage key=("a4bd72b37c0aafb265c77bb09cbc402cf69b65a87a1fabc8a0f12614b35469be", Directory, 0) seconds=3.752294395 stage="runtime_build"
2026-09-09T18:08:42.150010Z DEBUG transparent_shard_server::runtime: runtime stage key=("a4bd72b37c0aafb265c77bb09cbc402cf69b65a87a1fabc8a0f12614b35469be", Directory, 0) seconds=0.72969241 stage="disk_save"
2026-09-09T18:08:42.150093Z DEBUG transparent_shard_server::runtime: runtime stage key=("a4bd72b37c0aafb265c77bb09cbc402cf69b65a87a1fabc8a0f12614b35469be", Pages, 0) seconds=13.6649717 stage="build_slot"
2026-09-09T18:08:42.150140Z DEBUG transparent_shard_server::runtime: runtime stage key=("67574e8d4c7f7c258f8c7488f73e80a9476f8074c3db3540325133ff25020c2b", Directory, 0) seconds=1.137e-6 stage="restore_slot"
2026-09-09T18:08:42.150201Z DEBUG transparent_shard_server::memory: cold build admission wait seconds=8.1863e-5 admitted=true
2026-09-09T18:08:42.150436Z DEBUG transparent_shard_server::runtime: runtime stage key=("67574e8d4c7f7c258f8c7488f73e80a9476f8074c3db3540325133ff25020c2b", Directory, 0) seconds=2.9508e-5 hit=false stage="disk_restore"
2026-09-09T18:08:42.273182Z DEBUG transparent_shard_server::runtime: runtime stage key=("a4bd72b37c0aafb265c77bb09cbc402cf69b65a87a1fabc8a0f12614b35469be", Pages, 0) seconds=0.122802538 stage="source_load"
2026-09-09T18:08:42.580681Z DEBUG transparent_shard_server::runtime: construction stage geometry="recent-8k" table="pages" seconds=0.307448884 stage="encode_database"
2026-09-09T18:08:42.580807Z DEBUG transparent_shard_server::runtime: construction stage geometry="recent-8k" table="pages" seconds=8.1811e-5 stage="public_setup"
2026-09-09T18:08:43.149657Z DEBUG transparent_shard_server::runtime: construction stage geometry="recent-8k" table="pages" seconds=0.568842672 stage="hint_columns"
2026-09-09T18:08:46.017697Z DEBUG transparent_shard_server::runtime: construction stage geometry="recent-8k" table="pages" seconds=2.867993235 stage="pack_preprocessing"
2026-09-09T18:08:46.018009Z DEBUG transparent_shard_server::runtime: construction stage geometry="recent-8k" table="pages" seconds=0.000269263 stage="publish_parameters"
2026-09-09T18:08:46.018521Z DEBUG transparent_shard_server::runtime: runtime stage key=("a4bd72b37c0aafb265c77bb09cbc402cf69b65a87a1fabc8a0f12614b35469be", Pages, 0) seconds=3.745289612 stage="runtime_build"
2026-09-09T18:08:46.753008Z DEBUG transparent_shard_server::runtime: runtime stage key=("a4bd72b37c0aafb265c77bb09cbc402cf69b65a87a1fabc8a0f12614b35469be", Pages, 0) seconds=0.73446577 stage="disk_save"
2026-09-09T18:08:46.753108Z DEBUG transparent_shard_server::runtime: runtime stage key=("c907a0aa45b2551520863990845279fd25135889865e088c2dad6ea0d32b8fde", Directory, 0) seconds=13.771979246 stage="build_slot"
2026-09-09T18:08:46.753182Z DEBUG transparent_shard_server::runtime: runtime stage key=("67574e8d4c7f7c258f8c7488f73e80a9476f8074c3db3540325133ff25020c2b", Pages, 0) seconds=1.384e-6 stage="restore_slot"
2026-09-09T18:08:46.753230Z DEBUG transparent_shard_server::memory: cold build admission wait seconds=9.9504e-5 admitted=true
2026-09-09T18:08:46.753306Z DEBUG transparent_shard_server::runtime: runtime stage key=("67574e8d4c7f7c258f8c7488f73e80a9476f8074c3db3540325133ff25020c2b", Pages, 0) seconds=3.2239e-5 hit=false stage="disk_restore"
2026-09-09T18:08:46.876654Z DEBUG transparent_shard_server::runtime: runtime stage key=("c907a0aa45b2551520863990845279fd25135889865e088c2dad6ea0d32b8fde", Directory, 0) seconds=0.123398468 stage="source_load"
2026-09-09T18:08:47.182219Z DEBUG transparent_shard_server::runtime: construction stage geometry="recent-8k" table="directory" seconds=0.305515388 stage="encode_database"
2026-09-09T18:08:47.182339Z DEBUG transparent_shard_server::runtime: construction stage geometry="recent-8k" table="directory" seconds=7.425e-5 stage="public_setup"
2026-09-09T18:08:47.697955Z DEBUG transparent_shard_server::runtime: construction stage geometry="recent-8k" table="directory" seconds=0.515591116 stage="hint_columns"
2026-09-09T18:08:50.602664Z DEBUG transparent_shard_server::runtime: construction stage geometry="recent-8k" table="directory" seconds=2.90466209 stage="pack_preprocessing"
2026-09-09T18:08:50.602985Z DEBUG transparent_shard_server::runtime: construction stage geometry="recent-8k" table="directory" seconds=0.000275304 stage="publish_parameters"
2026-09-09T18:08:50.603441Z DEBUG transparent_shard_server::runtime: runtime stage key=("c907a0aa45b2551520863990845279fd25135889865e088c2dad6ea0d32b8fde", Directory, 0) seconds=3.726739637 stage="runtime_build"
2026-09-09T18:08:51.349442Z DEBUG transparent_shard_server::runtime: runtime stage key=("c907a0aa45b2551520863990845279fd25135889865e088c2dad6ea0d32b8fde", Directory, 0) seconds=0.745980702 stage="disk_save"
2026-09-09T18:08:51.349541Z DEBUG transparent_shard_server::runtime: runtime stage key=("c907a0aa45b2551520863990845279fd25135889865e088c2dad6ea0d32b8fde", Pages, 0) seconds=13.806261158 stage="build_slot"
2026-09-09T18:08:51.349647Z DEBUG transparent_shard_server::memory: cold build admission wait seconds=8.1788e-5 admitted=true
2026-09-09T18:08:51.470040Z DEBUG transparent_shard_server::runtime: runtime stage key=("c907a0aa45b2551520863990845279fd25135889865e088c2dad6ea0d32b8fde", Pages, 0) seconds=0.120337482 stage="source_load"
2026-09-09T18:08:51.776762Z DEBUG transparent_shard_server::runtime: construction stage geometry="recent-8k" table="pages" seconds=0.306669799 stage="encode_database"
2026-09-09T18:08:51.776892Z DEBUG transparent_shard_server::runtime: construction stage geometry="recent-8k" table="pages" seconds=8.2997e-5 stage="public_setup"
2026-09-09T18:08:52.343932Z DEBUG transparent_shard_server::runtime: construction stage geometry="recent-8k" table="pages" seconds=0.567032774 stage="hint_columns"
2026-09-09T18:08:55.201329Z DEBUG transparent_shard_server::runtime: construction stage geometry="recent-8k" table="pages" seconds=2.857346329 stage="pack_preprocessing"
2026-09-09T18:08:55.201658Z DEBUG transparent_shard_server::runtime: construction stage geometry="recent-8k" table="pages" seconds=0.000284096 stage="publish_parameters"
2026-09-09T18:08:55.202167Z DEBUG transparent_shard_server::runtime: runtime stage key=("c907a0aa45b2551520863990845279fd25135889865e088c2dad6ea0d32b8fde", Pages, 0) seconds=3.732077169 stage="runtime_build"
2026-09-09T18:08:55.938484Z DEBUG transparent_shard_server::runtime: runtime stage key=("c907a0aa45b2551520863990845279fd25135889865e088c2dad6ea0d32b8fde", Pages, 0) seconds=0.736300317 stage="disk_save"
2026-09-09T18:08:55.938585Z DEBUG transparent_shard_server::runtime: runtime stage key=("67574e8d4c7f7c258f8c7488f73e80a9476f8074c3db3540325133ff25020c2b", Directory, 0) seconds=13.788109655 stage="build_slot"
2026-09-09T18:08:55.938802Z DEBUG transparent_shard_server::memory: cold build admission wait seconds=0.000190527 admitted=true
2026-09-09T18:08:56.064888Z DEBUG transparent_shard_server::runtime: runtime stage key=("67574e8d4c7f7c258f8c7488f73e80a9476f8074c3db3540325133ff25020c2b", Directory, 0) seconds=0.126059497 stage="source_load"
2026-09-09T18:08:56.381003Z DEBUG transparent_shard_server::runtime: construction stage geometry="recent-8k" table="directory" seconds=0.316061345 stage="encode_database"
2026-09-09T18:08:56.381124Z DEBUG transparent_shard_server::runtime: construction stage geometry="recent-8k" table="directory" seconds=7.7157e-5 stage="public_setup"
2026-09-09T18:08:56.903981Z DEBUG transparent_shard_server::runtime: construction stage geometry="recent-8k" table="directory" seconds=0.522849651 stage="hint_columns"
2026-09-09T18:08:59.811583Z DEBUG transparent_shard_server::runtime: construction stage geometry="recent-8k" table="directory" seconds=2.907556245 stage="pack_preprocessing"
2026-09-09T18:08:59.811878Z DEBUG transparent_shard_server::runtime: construction stage geometry="recent-8k" table="directory" seconds=0.00025243 stage="publish_parameters"
2026-09-09T18:08:59.812344Z DEBUG transparent_shard_server::runtime: runtime stage key=("67574e8d4c7f7c258f8c7488f73e80a9476f8074c3db3540325133ff25020c2b", Directory, 0) seconds=3.747406014 stage="runtime_build"
2026-09-09T18:09:00.564995Z DEBUG transparent_shard_server::runtime: runtime stage key=("67574e8d4c7f7c258f8c7488f73e80a9476f8074c3db3540325133ff25020c2b", Directory, 0) seconds=0.752630838 stage="disk_save"
2026-09-09T18:09:00.565086Z DEBUG transparent_shard_server::runtime: runtime stage key=("67574e8d4c7f7c258f8c7488f73e80a9476f8074c3db3540325133ff25020c2b", Pages, 0) seconds=13.811747896 stage="build_slot"
2026-09-09T18:09:00.565196Z DEBUG transparent_shard_server::memory: cold build admission wait seconds=8.6552e-5 admitted=true
2026-09-09T18:09:00.689358Z DEBUG transparent_shard_server::runtime: runtime stage key=("67574e8d4c7f7c258f8c7488f73e80a9476f8074c3db3540325133ff25020c2b", Pages, 0) seconds=0.124103998 stage="source_load"
2026-09-09T18:09:01.002795Z DEBUG transparent_shard_server::runtime: construction stage geometry="recent-8k" table="pages" seconds=0.313382939 stage="encode_database"
2026-09-09T18:09:01.002917Z DEBUG transparent_shard_server::runtime: construction stage geometry="recent-8k" table="pages" seconds=7.8308e-5 stage="public_setup"
2026-09-09T18:09:01.583215Z DEBUG transparent_shard_server::runtime: construction stage geometry="recent-8k" table="pages" seconds=0.580276307 stage="hint_columns"
2026-09-09T18:09:04.470429Z DEBUG transparent_shard_server::runtime: construction stage geometry="recent-8k" table="pages" seconds=2.887169142 stage="pack_preprocessing"
2026-09-09T18:09:04.470721Z DEBUG transparent_shard_server::runtime: construction stage geometry="recent-8k" table="pages" seconds=0.000252247 stage="publish_parameters"
2026-09-09T18:09:04.471155Z DEBUG transparent_shard_server::runtime: runtime stage key=("67574e8d4c7f7c258f8c7488f73e80a9476f8074c3db3540325133ff25020c2b", Pages, 0) seconds=3.781745825 stage="runtime_build"
2026-09-09T18:09:05.179307Z DEBUG transparent_shard_server::runtime: runtime stage key=("67574e8d4c7f7c258f8c7488f73e80a9476f8074c3db3540325133ff25020c2b", Pages, 0) seconds=0.708120591 stage="disk_save"
2026-09-09T18:09:05.179401Z  INFO transparent_shard_server::service: prewarm finished warm=28 target=28 failed=0 seconds=127.74244281
2026-09-09T18:09:05.586251Z  INFO transparent_shard_server::runtime: retired runtime memory reclaimed rss_before=4474478592 rss_after=4353052672
2026-09-09T18:09:06.151868Z DEBUG transparent_shard_server::runtime: runtime stage key=("be059aab39ac34125e0452548d6fbcfb1e7cdb7237a597bd59ee86011ed4882b", Directory, 0) seconds=1.925e-6 stage="restore_slot"
2026-09-09T18:09:06.151868Z DEBUG transparent_shard_server::runtime: runtime stage key=("be059aab39ac34125e0452548d6fbcfb1e7cdb7237a597bd59ee86011ed4882b", Pages, 0) seconds=1.547e-6 stage="restore_slot"
2026-09-09T18:09:06.152048Z DEBUG transparent_shard_server::runtime: runtime stage key=("be059aab39ac34125e0452548d6fbcfb1e7cdb7237a597bd59ee86011ed4882b", Directory, 0) seconds=4.1117e-5 hit=false stage="disk_restore"
2026-09-09T18:09:06.152061Z DEBUG transparent_shard_server::runtime: runtime stage key=("be059aab39ac34125e0452548d6fbcfb1e7cdb7237a597bd59ee86011ed4882b", Pages, 0) seconds=3.168e-5 hit=false stage="disk_restore"
2026-09-09T18:09:06.152089Z DEBUG transparent_shard_server::runtime: runtime stage key=("be059aab39ac34125e0452548d6fbcfb1e7cdb7237a597bd59ee86011ed4882b", Directory, 0) seconds=7.75e-7 stage="build_slot"
2026-09-09T18:09:06.152133Z DEBUG transparent_shard_server::memory: cold build admission wait seconds=3.6342e-5 admitted=true
2026-09-09T18:09:06.293134Z DEBUG transparent_shard_server::runtime: runtime stage key=("be059aab39ac34125e0452548d6fbcfb1e7cdb7237a597bd59ee86011ed4882b", Directory, 0) seconds=0.140982957 stage="source_load"
2026-09-09T18:09:06.599657Z DEBUG transparent_shard_server::runtime: construction stage geometry="recent-8k" table="directory" seconds=0.306470115 stage="encode_database"
2026-09-09T18:09:06.599768Z DEBUG transparent_shard_server::runtime: construction stage geometry="recent-8k" table="directory" seconds=7.1729e-5 stage="public_setup"
2026-09-09T18:09:06.803805Z DEBUG transparent_shard_server::memory: work memory admission denied current=5904924672 limit=7516192768 held=805306368 requested=268435456
2026-09-09T18:09:07.013591Z DEBUG transparent_shard_server::memory: work memory admission denied current=5904916480 limit=7516192768 held=805306368 requested=268435456
2026-09-09T18:09:07.154114Z DEBUG transparent_shard_server::runtime: construction stage geometry="recent-8k" table="directory" seconds=0.554338798 stage="hint_columns"
2026-09-09T18:09:08.052249Z DEBUG transparent_shard_server::memory: work memory admission denied current=5905420288 limit=7516192768 held=805306368 requested=268435456
2026-09-09T18:09:08.283665Z DEBUG transparent_shard_server::memory: work memory admission denied current=5905260544 limit=7516192768 held=805306368 requested=268435456
2026-09-09T18:09:10.156180Z DEBUG transparent_shard_server::runtime: construction stage geometry="recent-8k" table="directory" seconds=3.002023258 stage="pack_preprocessing"
2026-09-09T18:09:10.156506Z DEBUG transparent_shard_server::runtime: construction stage geometry="recent-8k" table="directory" seconds=0.000286393 stage="publish_parameters"
2026-09-09T18:09:10.156991Z DEBUG transparent_shard_server::runtime: runtime stage key=("be059aab39ac34125e0452548d6fbcfb1e7cdb7237a597bd59ee86011ed4882b", Directory, 0) seconds=3.86380543 stage="runtime_build"
2026-09-09T18:09:10.923366Z DEBUG transparent_shard_server::runtime: runtime stage key=("be059aab39ac34125e0452548d6fbcfb1e7cdb7237a597bd59ee86011ed4882b", Directory, 0) seconds=0.766357415 stage="disk_save"
2026-09-09T18:09:10.923461Z DEBUG transparent_shard_server::runtime: runtime stage key=("be059aab39ac34125e0452548d6fbcfb1e7cdb7237a597bd59ee86011ed4882b", Pages, 0) seconds=4.771353973 stage="build_slot"
2026-09-09T18:09:10.923594Z DEBUG transparent_shard_server::memory: cold build admission wait seconds=7.9698e-5 admitted=true
2026-09-09T18:09:11.073904Z DEBUG transparent_shard_server::runtime: runtime stage key=("be059aab39ac34125e0452548d6fbcfb1e7cdb7237a597bd59ee86011ed4882b", Pages, 0) seconds=0.150288272 stage="source_load"
2026-09-09T18:09:11.390330Z DEBUG transparent_shard_server::runtime: construction stage geometry="recent-8k" table="pages" seconds=0.316379355 stage="encode_database"
2026-09-09T18:09:11.390433Z DEBUG transparent_shard_server::runtime: construction stage geometry="recent-8k" table="pages" seconds=7.4207e-5 stage="public_setup"
2026-09-09T18:09:11.544593Z DEBUG transparent_shard_server::memory: work memory admission denied current=5905342464 limit=7516192768 held=805306368 requested=268435456
2026-09-09T18:09:11.751552Z DEBUG transparent_shard_server::memory: work memory admission denied current=5904801792 limit=7516192768 held=805306368 requested=268435456
2026-09-09T18:09:11.946023Z DEBUG transparent_shard_server::runtime: construction stage geometry="recent-8k" table="pages" seconds=0.555582717 stage="hint_columns"
2026-09-09T18:09:12.820054Z DEBUG transparent_shard_server::memory: work memory admission denied current=5905276928 limit=7516192768 held=805306368 requested=268435456
2026-09-09T18:09:13.061315Z DEBUG transparent_shard_server::memory: work memory admission denied current=5905330176 limit=7516192768 held=805306368 requested=268435456
2026-09-09T18:09:13.265506Z DEBUG transparent_shard_server::memory: work memory admission denied current=5838422016 limit=7516192768 held=805306368 requested=268435456
2026-09-09T18:09:14.918103Z DEBUG transparent_shard_server::runtime: construction stage geometry="recent-8k" table="pages" seconds=2.972024625 stage="pack_preprocessing"
2026-09-09T18:09:14.918445Z DEBUG transparent_shard_server::runtime: construction stage geometry="recent-8k" table="pages" seconds=0.000300824 stage="publish_parameters"
2026-09-09T18:09:14.918908Z DEBUG transparent_shard_server::runtime: runtime stage key=("be059aab39ac34125e0452548d6fbcfb1e7cdb7237a597bd59ee86011ed4882b", Pages, 0) seconds=3.844958368 stage="runtime_build"
2026-09-09T18:09:15.660122Z DEBUG transparent_shard_server::runtime: runtime stage key=("be059aab39ac34125e0452548d6fbcfb1e7cdb7237a597bd59ee86011ed4882b", Pages, 0) seconds=0.741194049 stage="disk_save"
2026-09-09T18:09:15.660226Z  INFO transparent_shard_server::service: prewarm finished warm=28 target=28 failed=0 seconds=9.508421744
2026-09-09T18:09:15.660279Z DEBUG transparent_shard_server::live: publication preparation stages map=32426d9e9300c44558210d8540b636402af2b3c322627f9e9f26e0082b489725 loading_seconds=0.575085023 warming_seconds=9.508528719
2026-09-09T18:09:15.676630Z  INFO transparent_shard_server::runtime: retired runtime memory reclaimed rss_before=4724162560 rss_after=4555255808
2026-09-09T18:09:16.223660Z DEBUG transparent_shard_server::runtime: runtime stage key=("268f5c527d35817d37919707b04a706c850d449156baa071b5438dbf8eb53aec", Directory, 0) seconds=1.856e-6 stage="restore_slot"
2026-09-09T18:09:16.223672Z DEBUG transparent_shard_server::runtime: runtime stage key=("268f5c527d35817d37919707b04a706c850d449156baa071b5438dbf8eb53aec", Pages, 0) seconds=1.319e-6 stage="restore_slot"
2026-09-09T18:09:16.223822Z DEBUG transparent_shard_server::runtime: runtime stage key=("268f5c527d35817d37919707b04a706c850d449156baa071b5438dbf8eb53aec", Directory, 0) seconds=3.4054e-5 hit=false stage="disk_restore"
2026-09-09T18:09:16.223874Z DEBUG transparent_shard_server::runtime: runtime stage key=("268f5c527d35817d37919707b04a706c850d449156baa071b5438dbf8eb53aec", Directory, 0) seconds=4.37e-7 stage="build_slot"
2026-09-09T18:09:16.223912Z DEBUG transparent_shard_server::memory: cold build admission wait seconds=3.0392e-5 admitted=true
2026-09-09T18:09:16.223923Z DEBUG transparent_shard_server::runtime: runtime stage key=("268f5c527d35817d37919707b04a706c850d449156baa071b5438dbf8eb53aec", Pages, 0) seconds=2.9888e-5 hit=false stage="disk_restore"
2026-09-09T18:09:16.366962Z DEBUG transparent_shard_server::runtime: runtime stage key=("268f5c527d35817d37919707b04a706c850d449156baa071b5438dbf8eb53aec", Directory, 0) seconds=0.143027874 stage="source_load"
2026-09-09T18:09:16.692654Z DEBUG transparent_shard_server::runtime: construction stage geometry="recent-8k" table="directory" seconds=0.32563683 stage="encode_database"
2026-09-09T18:09:16.692818Z DEBUG transparent_shard_server::runtime: construction stage geometry="recent-8k" table="directory" seconds=0.000122967 stage="public_setup"
2026-09-09T18:09:16.809510Z DEBUG transparent_shard_server::memory: work memory admission denied current=5834125312 limit=7516192768 held=805306368 requested=268435456
2026-09-09T18:09:17.018178Z DEBUG transparent_shard_server::memory: work memory admission denied current=5834211328 limit=7516192768 held=805306368 requested=268435456
2026-09-09T18:09:17.245876Z DEBUG transparent_shard_server::runtime: construction stage geometry="recent-8k" table="directory" seconds=0.553046337 stage="hint_columns"
2026-09-09T18:09:18.052972Z DEBUG transparent_shard_server::memory: work memory admission denied current=5905395712 limit=7516192768 held=805306368 requested=268435456
2026-09-09T18:09:20.146607Z DEBUG transparent_shard_server::runtime: construction stage geometry="recent-8k" table="directory" seconds=2.900698361 stage="pack_preprocessing"
2026-09-09T18:09:20.146916Z DEBUG transparent_shard_server::runtime: construction stage geometry="recent-8k" table="directory" seconds=0.000267858 stage="publish_parameters"
2026-09-09T18:09:20.147379Z DEBUG transparent_shard_server::runtime: runtime stage key=("268f5c527d35817d37919707b04a706c850d449156baa071b5438dbf8eb53aec", Directory, 0) seconds=3.780364033 stage="runtime_build"
2026-09-09T18:09:20.988732Z DEBUG transparent_shard_server::runtime: runtime stage key=("268f5c527d35817d37919707b04a706c850d449156baa071b5438dbf8eb53aec", Directory, 0) seconds=0.841336346 stage="disk_save"
2026-09-09T18:09:20.988802Z DEBUG transparent_shard_server::runtime: runtime stage key=("268f5c527d35817d37919707b04a706c850d449156baa071b5438dbf8eb53aec", Pages, 0) seconds=4.764850479 stage="build_slot"
2026-09-09T18:09:20.988908Z DEBUG transparent_shard_server::memory: cold build admission wait seconds=8.3795e-5 admitted=true
2026-09-09T18:09:21.134821Z DEBUG transparent_shard_server::runtime: runtime stage key=("268f5c527d35817d37919707b04a706c850d449156baa071b5438dbf8eb53aec", Pages, 0) seconds=0.145869815 stage="source_load"
2026-09-09T18:09:21.446482Z DEBUG transparent_shard_server::runtime: construction stage geometry="recent-8k" table="pages" seconds=0.311615987 stage="encode_database"
2026-09-09T18:09:21.446605Z DEBUG transparent_shard_server::runtime: construction stage geometry="recent-8k" table="pages" seconds=8.5509e-5 stage="public_setup"
2026-09-09T18:09:21.473636Z DEBUG transparent_shard_server::memory: work memory admission denied current=5905367040 limit=7516192768 held=805306368 requested=268435456
2026-09-09T18:09:21.679440Z DEBUG transparent_shard_server::memory: work memory admission denied current=5905154048 limit=7516192768 held=805306368 requested=268435456
2026-09-09T18:09:21.887543Z DEBUG transparent_shard_server::memory: work memory admission denied current=5905154048 limit=7516192768 held=805306368 requested=268435456
2026-09-09T18:09:21.995648Z DEBUG transparent_shard_server::runtime: construction stage geometry="recent-8k" table="pages" seconds=0.54903508 stage="hint_columns"
2026-09-09T18:09:24.928572Z DEBUG transparent_shard_server::runtime: construction stage geometry="recent-8k" table="pages" seconds=2.932861759 stage="pack_preprocessing"
2026-09-09T18:09:24.928884Z DEBUG transparent_shard_server::runtime: construction stage geometry="recent-8k" table="pages" seconds=0.000269173 stage="publish_parameters"
2026-09-09T18:09:24.929335Z DEBUG transparent_shard_server::runtime: runtime stage key=("268f5c527d35817d37919707b04a706c850d449156baa071b5438dbf8eb53aec", Pages, 0) seconds=3.794470222 stage="runtime_build"
2026-09-09T18:09:24.993565Z DEBUG transparent_shard_server::memory: work memory admission denied current=5847453696 limit=7516192768 held=805306368 requested=268435456
2026-09-09T18:09:25.667442Z DEBUG transparent_shard_server::runtime: runtime stage key=("268f5c527d35817d37919707b04a706c850d449156baa071b5438dbf8eb53aec", Pages, 0) seconds=0.73809082 stage="disk_save"
2026-09-09T18:09:25.669257Z  INFO transparent_shard_server::service: prewarm finished warm=28 target=28 failed=0 seconds=9.445637992
2026-09-09T18:09:25.669309Z DEBUG transparent_shard_server::live: publication preparation stages map=12cbb58695cd66166197842d179b61598c15effb06ad32efcd899a13e36e7b10 loading_seconds=0.561552378 warming_seconds=9.445739493
test burst::publication_burst_under_exact_load ... ok

test result: ok. 1 passed; 0 failed; 0 ignored; 0 measured; 14 filtered out; finished in 153.67s

Finished with result: success
Main processes terminated with: code=exited/status=0
Service runtime: 2min 33.711s
CPU time consumed: 3min 51.375s
Memory peak: 2.3M
Memory swap peak: 0B
