Running as unit: transparent-full-burst-cac99221283d4f38a64437a073c8817e.service; invocation ID: d080edc18307429c923018570ddef306

running 1 test
2026-09-09T18:12:04.869909Z DEBUG transparent_shard_server::runtime: runtime stage key=("5b7ee9849d47f5ee67d04eb6ca4588beacf42dce75e5a1b481dfd02607b1fb20", Directory, 0) seconds=3.848e-6 stage="restore_slot"
2026-09-09T18:12:04.870018Z DEBUG transparent_shard_server::runtime: runtime stage key=("5b7ee9849d47f5ee67d04eb6ca4588beacf42dce75e5a1b481dfd02607b1fb20", Pages, 0) seconds=1.101e-6 stage="restore_slot"
2026-09-09T18:12:04.870043Z DEBUG transparent_shard_server::runtime: runtime stage key=("1f5d7213a380745d83cc554ad16bdf9e039a0304d0de0b71376828e1838d0ea4", Directory, 0) seconds=6.11e-7 stage="restore_slot"
2026-09-09T18:12:04.870213Z DEBUG transparent_shard_server::runtime: runtime stage key=("1f5d7213a380745d83cc554ad16bdf9e039a0304d0de0b71376828e1838d0ea4", Pages, 0) seconds=6.11e-7 stage="restore_slot"
2026-09-09T18:12:04.870388Z DEBUG transparent_shard_server::runtime: runtime stage key=("1f5d7213a380745d83cc554ad16bdf9e039a0304d0de0b71376828e1838d0ea4", Directory, 0) seconds=3.2728e-5 hit=false stage="disk_restore"
2026-09-09T18:12:04.870394Z DEBUG transparent_shard_server::runtime: runtime stage key=("5b7ee9849d47f5ee67d04eb6ca4588beacf42dce75e5a1b481dfd02607b1fb20", Directory, 0) seconds=4.3204e-5 hit=false stage="disk_restore"
2026-09-09T18:12:04.870411Z DEBUG transparent_shard_server::runtime: runtime stage key=("1f5d7213a380745d83cc554ad16bdf9e039a0304d0de0b71376828e1838d0ea4", Directory, 0) seconds=7.34e-7 stage="build_slot"
2026-09-09T18:12:04.870459Z DEBUG transparent_shard_server::runtime: runtime stage key=("1f5d7213a380745d83cc554ad16bdf9e039a0304d0de0b71376828e1838d0ea4", Pages, 0) seconds=1.5546e-5 hit=false stage="disk_restore"
2026-09-09T18:12:04.870466Z DEBUG transparent_shard_server::runtime: runtime stage key=("5b7ee9849d47f5ee67d04eb6ca4588beacf42dce75e5a1b481dfd02607b1fb20", Pages, 0) seconds=2.7783e-5 hit=false stage="disk_restore"
2026-09-09T18:12:04.870489Z DEBUG transparent_shard_server::memory: cold build admission wait seconds=7.2852e-5 admitted=true
2026-09-09T18:12:05.004686Z DEBUG transparent_shard_server::runtime: runtime stage key=("1f5d7213a380745d83cc554ad16bdf9e039a0304d0de0b71376828e1838d0ea4", Directory, 0) seconds=0.134180989 stage="source_load"
2026-09-09T18:12:05.307414Z DEBUG transparent_shard_server::runtime: construction stage geometry="recent-8k" table="directory" seconds=0.302678193 stage="encode_database"
2026-09-09T18:12:05.307533Z DEBUG transparent_shard_server::runtime: construction stage geometry="recent-8k" table="directory" seconds=6.1166e-5 stage="public_setup"
2026-09-09T18:12:05.865364Z DEBUG transparent_shard_server::runtime: construction stage geometry="recent-8k" table="directory" seconds=0.55782345 stage="hint_columns"
2026-09-09T18:12:08.767060Z DEBUG transparent_shard_server::runtime: construction stage geometry="recent-8k" table="directory" seconds=2.901652322 stage="pack_preprocessing"
2026-09-09T18:12:08.767380Z DEBUG transparent_shard_server::runtime: construction stage geometry="recent-8k" table="directory" seconds=0.00027627 stage="publish_parameters"
2026-09-09T18:12:08.769309Z DEBUG transparent_shard_server::runtime: runtime stage key=("1f5d7213a380745d83cc554ad16bdf9e039a0304d0de0b71376828e1838d0ea4", Directory, 0) seconds=3.764574986 stage="runtime_build"
2026-09-09T18:12:09.501581Z DEBUG transparent_shard_server::runtime: runtime stage key=("1f5d7213a380745d83cc554ad16bdf9e039a0304d0de0b71376828e1838d0ea4", Directory, 0) seconds=0.73078961 stage="disk_save"
2026-09-09T18:12:09.501648Z DEBUG transparent_shard_server::runtime: runtime stage key=("5b7ee9849d47f5ee67d04eb6ca4588beacf42dce75e5a1b481dfd02607b1fb20", Directory, 0) seconds=4.631226259 stage="build_slot"
2026-09-09T18:12:09.501720Z DEBUG transparent_shard_server::memory: cold build admission wait seconds=6.6255e-5 admitted=true
2026-09-09T18:12:09.501723Z DEBUG transparent_shard_server::runtime: runtime stage key=("ca7afe810c988a8b4b561668f3456a9f38d1fdbb0776614e07ddfeb1a2132000", Directory, 0) seconds=1.647e-6 stage="restore_slot"
2026-09-09T18:12:09.501929Z DEBUG transparent_shard_server::runtime: runtime stage key=("ca7afe810c988a8b4b561668f3456a9f38d1fdbb0776614e07ddfeb1a2132000", Directory, 0) seconds=3.4427e-5 hit=false stage="disk_restore"
2026-09-09T18:12:09.634665Z DEBUG transparent_shard_server::runtime: runtime stage key=("5b7ee9849d47f5ee67d04eb6ca4588beacf42dce75e5a1b481dfd02607b1fb20", Directory, 0) seconds=0.132799298 stage="source_load"
2026-09-09T18:12:09.938299Z DEBUG transparent_shard_server::runtime: construction stage geometry="recent-8k" table="directory" seconds=0.303583309 stage="encode_database"
2026-09-09T18:12:09.938404Z DEBUG transparent_shard_server::runtime: construction stage geometry="recent-8k" table="directory" seconds=6.1328e-5 stage="public_setup"
2026-09-09T18:12:10.464476Z DEBUG transparent_shard_server::runtime: construction stage geometry="recent-8k" table="directory" seconds=0.526064404 stage="hint_columns"
2026-09-09T18:12:13.352233Z DEBUG transparent_shard_server::runtime: construction stage geometry="recent-8k" table="directory" seconds=2.887705896 stage="pack_preprocessing"
2026-09-09T18:12:13.352546Z DEBUG transparent_shard_server::runtime: construction stage geometry="recent-8k" table="directory" seconds=0.00027385 stage="publish_parameters"
2026-09-09T18:12:13.353017Z DEBUG transparent_shard_server::runtime: runtime stage key=("5b7ee9849d47f5ee67d04eb6ca4588beacf42dce75e5a1b481dfd02607b1fb20", Directory, 0) seconds=3.718302897 stage="runtime_build"
2026-09-09T18:12:14.134465Z DEBUG transparent_shard_server::runtime: runtime stage key=("5b7ee9849d47f5ee67d04eb6ca4588beacf42dce75e5a1b481dfd02607b1fb20", Directory, 0) seconds=0.781426055 stage="disk_save"
2026-09-09T18:12:14.134580Z DEBUG transparent_shard_server::runtime: runtime stage key=("1f5d7213a380745d83cc554ad16bdf9e039a0304d0de0b71376828e1838d0ea4", Pages, 0) seconds=9.264081192999999 stage="build_slot"
2026-09-09T18:12:14.134650Z DEBUG transparent_shard_server::runtime: runtime stage key=("ca7afe810c988a8b4b561668f3456a9f38d1fdbb0776614e07ddfeb1a2132000", Pages, 0) seconds=1.423e-6 stage="restore_slot"
2026-09-09T18:12:14.134685Z DEBUG transparent_shard_server::memory: cold build admission wait seconds=7.6913e-5 admitted=true
2026-09-09T18:12:14.138258Z DEBUG transparent_shard_server::runtime: runtime stage key=("ca7afe810c988a8b4b561668f3456a9f38d1fdbb0776614e07ddfeb1a2132000", Pages, 0) seconds=3.3658e-5 hit=false stage="disk_restore"
2026-09-09T18:12:14.269643Z DEBUG transparent_shard_server::runtime: runtime stage key=("1f5d7213a380745d83cc554ad16bdf9e039a0304d0de0b71376828e1838d0ea4", Pages, 0) seconds=0.13489998 stage="source_load"
2026-09-09T18:12:14.571003Z DEBUG transparent_shard_server::runtime: construction stage geometry="recent-8k" table="pages" seconds=0.301307715 stage="encode_database"
2026-09-09T18:12:14.571109Z DEBUG transparent_shard_server::runtime: construction stage geometry="recent-8k" table="pages" seconds=6.153e-5 stage="public_setup"
2026-09-09T18:12:15.140786Z DEBUG transparent_shard_server::runtime: construction stage geometry="recent-8k" table="pages" seconds=0.569668674 stage="hint_columns"
2026-09-09T18:12:18.035278Z DEBUG transparent_shard_server::runtime: construction stage geometry="recent-8k" table="pages" seconds=2.8944494130000002 stage="pack_preprocessing"
2026-09-09T18:12:18.035614Z DEBUG transparent_shard_server::runtime: construction stage geometry="recent-8k" table="pages" seconds=0.000282614 stage="publish_parameters"
2026-09-09T18:12:18.036029Z DEBUG transparent_shard_server::runtime: runtime stage key=("1f5d7213a380745d83cc554ad16bdf9e039a0304d0de0b71376828e1838d0ea4", Pages, 0) seconds=3.766336572 stage="runtime_build"
2026-09-09T18:12:18.761876Z DEBUG transparent_shard_server::runtime: runtime stage key=("1f5d7213a380745d83cc554ad16bdf9e039a0304d0de0b71376828e1838d0ea4", Pages, 0) seconds=0.725826609 stage="disk_save"
2026-09-09T18:12:18.761994Z DEBUG transparent_shard_server::runtime: runtime stage key=("5b7ee9849d47f5ee67d04eb6ca4588beacf42dce75e5a1b481dfd02607b1fb20", Pages, 0) seconds=13.891493732 stage="build_slot"
2026-09-09T18:12:18.762017Z DEBUG transparent_shard_server::runtime: runtime stage key=("95df7205357fe2d9c962d2b41daded841e05afa7b6fc8d06dfec46ad04e15335", Directory, 0) seconds=1.516e-6 stage="restore_slot"
2026-09-09T18:12:18.762113Z DEBUG transparent_shard_server::memory: cold build admission wait seconds=7.8106e-5 admitted=true
2026-09-09T18:12:18.762190Z DEBUG transparent_shard_server::runtime: runtime stage key=("95df7205357fe2d9c962d2b41daded841e05afa7b6fc8d06dfec46ad04e15335", Directory, 0) seconds=7.0306e-5 hit=false stage="disk_restore"
2026-09-09T18:12:18.884541Z DEBUG transparent_shard_server::runtime: runtime stage key=("5b7ee9849d47f5ee67d04eb6ca4588beacf42dce75e5a1b481dfd02607b1fb20", Pages, 0) seconds=0.122345647 stage="source_load"
2026-09-09T18:12:19.183201Z DEBUG transparent_shard_server::runtime: construction stage geometry="recent-8k" table="pages" seconds=0.298604962 stage="encode_database"
2026-09-09T18:12:19.183311Z DEBUG transparent_shard_server::runtime: construction stage geometry="recent-8k" table="pages" seconds=7.0602e-5 stage="public_setup"
2026-09-09T18:12:19.712848Z DEBUG transparent_shard_server::runtime: construction stage geometry="recent-8k" table="pages" seconds=0.529530136 stage="hint_columns"
2026-09-09T18:12:22.544415Z DEBUG transparent_shard_server::runtime: construction stage geometry="recent-8k" table="pages" seconds=2.831525344 stage="pack_preprocessing"
2026-09-09T18:12:22.544745Z DEBUG transparent_shard_server::runtime: construction stage geometry="recent-8k" table="pages" seconds=0.000286998 stage="publish_parameters"
2026-09-09T18:12:22.545163Z DEBUG transparent_shard_server::runtime: runtime stage key=("5b7ee9849d47f5ee67d04eb6ca4588beacf42dce75e5a1b481dfd02607b1fb20", Pages, 0) seconds=3.660569346 stage="runtime_build"
2026-09-09T18:12:23.257893Z DEBUG transparent_shard_server::runtime: runtime stage key=("5b7ee9849d47f5ee67d04eb6ca4588beacf42dce75e5a1b481dfd02607b1fb20", Pages, 0) seconds=0.712715692 stage="disk_save"
2026-09-09T18:12:23.258051Z DEBUG transparent_shard_server::runtime: runtime stage key=("ca7afe810c988a8b4b561668f3456a9f38d1fdbb0776614e07ddfeb1a2132000", Directory, 0) seconds=13.756093807 stage="build_slot"
2026-09-09T18:12:23.258151Z DEBUG transparent_shard_server::memory: cold build admission wait seconds=7.7522e-5 admitted=true
2026-09-09T18:12:23.258196Z DEBUG transparent_shard_server::runtime: runtime stage key=("95df7205357fe2d9c962d2b41daded841e05afa7b6fc8d06dfec46ad04e15335", Pages, 0) seconds=1.785e-6 stage="restore_slot"
2026-09-09T18:12:23.258347Z DEBUG transparent_shard_server::runtime: runtime stage key=("95df7205357fe2d9c962d2b41daded841e05afa7b6fc8d06dfec46ad04e15335", Pages, 0) seconds=3.5496e-5 hit=false stage="disk_restore"
2026-09-09T18:12:23.389978Z DEBUG transparent_shard_server::runtime: runtime stage key=("ca7afe810c988a8b4b561668f3456a9f38d1fdbb0776614e07ddfeb1a2132000", Directory, 0) seconds=0.131759005 stage="source_load"
2026-09-09T18:12:23.688323Z DEBUG transparent_shard_server::runtime: construction stage geometry="recent-8k" table="directory" seconds=0.29829143 stage="encode_database"
2026-09-09T18:12:23.688456Z DEBUG transparent_shard_server::runtime: construction stage geometry="recent-8k" table="directory" seconds=8.892e-5 stage="public_setup"
2026-09-09T18:12:24.210363Z DEBUG transparent_shard_server::runtime: construction stage geometry="recent-8k" table="directory" seconds=0.521898613 stage="hint_columns"
2026-09-09T18:12:27.058129Z DEBUG transparent_shard_server::runtime: construction stage geometry="recent-8k" table="directory" seconds=2.847723195 stage="pack_preprocessing"
2026-09-09T18:12:27.058456Z DEBUG transparent_shard_server::runtime: construction stage geometry="recent-8k" table="directory" seconds=0.00026677 stage="publish_parameters"
2026-09-09T18:12:27.058909Z DEBUG transparent_shard_server::runtime: runtime stage key=("ca7afe810c988a8b4b561668f3456a9f38d1fdbb0776614e07ddfeb1a2132000", Directory, 0) seconds=3.6688795560000003 stage="runtime_build"
2026-09-09T18:12:27.767868Z DEBUG transparent_shard_server::runtime: runtime stage key=("ca7afe810c988a8b4b561668f3456a9f38d1fdbb0776614e07ddfeb1a2132000", Directory, 0) seconds=0.708906716 stage="disk_save"
2026-09-09T18:12:27.767977Z DEBUG transparent_shard_server::runtime: runtime stage key=("ca7afe810c988a8b4b561668f3456a9f38d1fdbb0776614e07ddfeb1a2132000", Pages, 0) seconds=13.629682444 stage="build_slot"
2026-09-09T18:12:27.768070Z DEBUG transparent_shard_server::memory: cold build admission wait seconds=7.3705e-5 admitted=true
2026-09-09T18:12:27.768098Z DEBUG transparent_shard_server::runtime: runtime stage key=("73d46a59d0d03d7616f9a47e53b50448d4c5a3504e6e296600d8884c8c4403b8", Directory, 0) seconds=4.58e-7 stage="restore_slot"
2026-09-09T18:12:27.768232Z DEBUG transparent_shard_server::runtime: runtime stage key=("73d46a59d0d03d7616f9a47e53b50448d4c5a3504e6e296600d8884c8c4403b8", Directory, 0) seconds=7.4769e-5 hit=false stage="disk_restore"
2026-09-09T18:12:27.900119Z DEBUG transparent_shard_server::runtime: runtime stage key=("ca7afe810c988a8b4b561668f3456a9f38d1fdbb0776614e07ddfeb1a2132000", Pages, 0) seconds=0.132021066 stage="source_load"
2026-09-09T18:12:28.200727Z DEBUG transparent_shard_server::runtime: construction stage geometry="recent-8k" table="pages" seconds=0.300553468 stage="encode_database"
2026-09-09T18:12:28.200833Z DEBUG transparent_shard_server::runtime: construction stage geometry="recent-8k" table="pages" seconds=6.1101e-5 stage="public_setup"
2026-09-09T18:12:28.770003Z DEBUG transparent_shard_server::runtime: construction stage geometry="recent-8k" table="pages" seconds=0.569162683 stage="hint_columns"
2026-09-09T18:12:31.617377Z DEBUG transparent_shard_server::runtime: construction stage geometry="recent-8k" table="pages" seconds=2.8473294449999997 stage="pack_preprocessing"
2026-09-09T18:12:31.617698Z DEBUG transparent_shard_server::runtime: construction stage geometry="recent-8k" table="pages" seconds=0.000274121 stage="publish_parameters"
2026-09-09T18:12:31.618138Z DEBUG transparent_shard_server::runtime: runtime stage key=("ca7afe810c988a8b4b561668f3456a9f38d1fdbb0776614e07ddfeb1a2132000", Pages, 0) seconds=3.717966235 stage="runtime_build"
2026-09-09T18:12:32.322619Z DEBUG transparent_shard_server::runtime: runtime stage key=("ca7afe810c988a8b4b561668f3456a9f38d1fdbb0776614e07ddfeb1a2132000", Pages, 0) seconds=0.704462959 stage="disk_save"
2026-09-09T18:12:32.322756Z DEBUG transparent_shard_server::runtime: runtime stage key=("73d46a59d0d03d7616f9a47e53b50448d4c5a3504e6e296600d8884c8c4403b8", Pages, 0) seconds=1.4714e-5 stage="restore_slot"
2026-09-09T18:12:32.322868Z DEBUG transparent_shard_server::runtime: runtime stage key=("95df7205357fe2d9c962d2b41daded841e05afa7b6fc8d06dfec46ad04e15335", Directory, 0) seconds=13.560639217 stage="build_slot"
2026-09-09T18:12:32.322901Z DEBUG transparent_shard_server::memory: cold build admission wait seconds=2.4449e-5 admitted=true
2026-09-09T18:12:32.322915Z DEBUG transparent_shard_server::runtime: runtime stage key=("73d46a59d0d03d7616f9a47e53b50448d4c5a3504e6e296600d8884c8c4403b8", Pages, 0) seconds=4.4267e-5 hit=false stage="disk_restore"
2026-09-09T18:12:32.443443Z DEBUG transparent_shard_server::runtime: runtime stage key=("95df7205357fe2d9c962d2b41daded841e05afa7b6fc8d06dfec46ad04e15335", Directory, 0) seconds=0.120518767 stage="source_load"
2026-09-09T18:12:32.740660Z DEBUG transparent_shard_server::runtime: construction stage geometry="recent-8k" table="directory" seconds=0.297168645 stage="encode_database"
2026-09-09T18:12:32.740781Z DEBUG transparent_shard_server::runtime: construction stage geometry="recent-8k" table="directory" seconds=7.7941e-5 stage="public_setup"
2026-09-09T18:12:33.272203Z DEBUG transparent_shard_server::runtime: construction stage geometry="recent-8k" table="directory" seconds=0.531414912 stage="hint_columns"
2026-09-09T18:12:36.124743Z DEBUG transparent_shard_server::runtime: construction stage geometry="recent-8k" table="directory" seconds=2.852494434 stage="pack_preprocessing"
2026-09-09T18:12:36.125071Z DEBUG transparent_shard_server::runtime: construction stage geometry="recent-8k" table="directory" seconds=0.00026957 stage="publish_parameters"
2026-09-09T18:12:36.125566Z DEBUG transparent_shard_server::runtime: runtime stage key=("95df7205357fe2d9c962d2b41daded841e05afa7b6fc8d06dfec46ad04e15335", Directory, 0) seconds=3.682076728 stage="runtime_build"
2026-09-09T18:12:36.838626Z DEBUG transparent_shard_server::runtime: runtime stage key=("95df7205357fe2d9c962d2b41daded841e05afa7b6fc8d06dfec46ad04e15335", Directory, 0) seconds=0.713035026 stage="disk_save"
2026-09-09T18:12:36.838830Z DEBUG transparent_shard_server::runtime: runtime stage key=("b16be2933ab920bc4745ea8917e5167a7a685c211e0b4febe88b4d3018f970bc", Directory, 0) seconds=2.129e-6 stage="restore_slot"
2026-09-09T18:12:36.838951Z DEBUG transparent_shard_server::runtime: runtime stage key=("95df7205357fe2d9c962d2b41daded841e05afa7b6fc8d06dfec46ad04e15335", Pages, 0) seconds=13.580558603 stage="build_slot"
2026-09-09T18:12:36.839016Z DEBUG transparent_shard_server::memory: cold build admission wait seconds=5.8058e-5 admitted=true
2026-09-09T18:12:36.839021Z DEBUG transparent_shard_server::runtime: runtime stage key=("b16be2933ab920bc4745ea8917e5167a7a685c211e0b4febe88b4d3018f970bc", Directory, 0) seconds=5.973e-5 hit=false stage="disk_restore"
2026-09-09T18:12:36.960284Z DEBUG transparent_shard_server::runtime: runtime stage key=("95df7205357fe2d9c962d2b41daded841e05afa7b6fc8d06dfec46ad04e15335", Pages, 0) seconds=0.121244026 stage="source_load"
2026-09-09T18:12:37.262070Z DEBUG transparent_shard_server::runtime: construction stage geometry="recent-8k" table="pages" seconds=0.301734592 stage="encode_database"
2026-09-09T18:12:37.262196Z DEBUG transparent_shard_server::runtime: construction stage geometry="recent-8k" table="pages" seconds=7.8846e-5 stage="public_setup"
2026-09-09T18:12:37.841079Z DEBUG transparent_shard_server::runtime: construction stage geometry="recent-8k" table="pages" seconds=0.578873711 stage="hint_columns"
2026-09-09T18:12:40.693822Z DEBUG transparent_shard_server::runtime: construction stage geometry="recent-8k" table="pages" seconds=2.852693775 stage="pack_preprocessing"
2026-09-09T18:12:40.694133Z DEBUG transparent_shard_server::runtime: construction stage geometry="recent-8k" table="pages" seconds=0.000265431 stage="publish_parameters"
2026-09-09T18:12:40.694605Z DEBUG transparent_shard_server::runtime: runtime stage key=("95df7205357fe2d9c962d2b41daded841e05afa7b6fc8d06dfec46ad04e15335", Pages, 0) seconds=3.734272603 stage="runtime_build"
2026-09-09T18:12:41.419736Z DEBUG transparent_shard_server::runtime: runtime stage key=("95df7205357fe2d9c962d2b41daded841e05afa7b6fc8d06dfec46ad04e15335", Pages, 0) seconds=0.725106949 stage="disk_save"
2026-09-09T18:12:41.419871Z DEBUG transparent_shard_server::runtime: runtime stage key=("b16be2933ab920bc4745ea8917e5167a7a685c211e0b4febe88b4d3018f970bc", Pages, 0) seconds=2.312e-6 stage="restore_slot"
2026-09-09T18:12:41.420000Z DEBUG transparent_shard_server::runtime: runtime stage key=("73d46a59d0d03d7616f9a47e53b50448d4c5a3504e6e296600d8884c8c4403b8", Directory, 0) seconds=13.651710705 stage="build_slot"
2026-09-09T18:12:41.420033Z DEBUG transparent_shard_server::memory: cold build admission wait seconds=2.4338e-5 admitted=true
2026-09-09T18:12:41.420030Z DEBUG transparent_shard_server::runtime: runtime stage key=("b16be2933ab920bc4745ea8917e5167a7a685c211e0b4febe88b4d3018f970bc", Pages, 0) seconds=3.1167e-5 hit=false stage="disk_restore"
2026-09-09T18:12:41.545656Z DEBUG transparent_shard_server::runtime: runtime stage key=("73d46a59d0d03d7616f9a47e53b50448d4c5a3504e6e296600d8884c8c4403b8", Directory, 0) seconds=0.125566115 stage="source_load"
2026-09-09T18:12:41.850988Z DEBUG transparent_shard_server::runtime: construction stage geometry="recent-8k" table="directory" seconds=0.305281912 stage="encode_database"
2026-09-09T18:12:41.851107Z DEBUG transparent_shard_server::runtime: construction stage geometry="recent-8k" table="directory" seconds=7.4136e-5 stage="public_setup"
2026-09-09T18:12:42.377071Z DEBUG transparent_shard_server::runtime: construction stage geometry="recent-8k" table="directory" seconds=0.525945386 stage="hint_columns"
2026-09-09T18:12:45.254335Z DEBUG transparent_shard_server::runtime: construction stage geometry="recent-8k" table="directory" seconds=2.877212643 stage="pack_preprocessing"
2026-09-09T18:12:45.254670Z DEBUG transparent_shard_server::runtime: construction stage geometry="recent-8k" table="directory" seconds=0.000291338 stage="publish_parameters"
2026-09-09T18:12:45.255256Z DEBUG transparent_shard_server::runtime: runtime stage key=("73d46a59d0d03d7616f9a47e53b50448d4c5a3504e6e296600d8884c8c4403b8", Directory, 0) seconds=3.709549762 stage="runtime_build"
2026-09-09T18:12:45.985854Z DEBUG transparent_shard_server::runtime: runtime stage key=("73d46a59d0d03d7616f9a47e53b50448d4c5a3504e6e296600d8884c8c4403b8", Directory, 0) seconds=0.730569341 stage="disk_save"
2026-09-09T18:12:45.986045Z DEBUG transparent_shard_server::runtime: runtime stage key=("16b8227360ce35dd2e111156f5e31fd5eb500ff877879a212fef6cf8471de8a5", Directory, 0) seconds=2.165e-6 stage="restore_slot"
2026-09-09T18:12:45.986180Z DEBUG transparent_shard_server::runtime: runtime stage key=("73d46a59d0d03d7616f9a47e53b50448d4c5a3504e6e296600d8884c8c4403b8", Pages, 0) seconds=13.663221679 stage="build_slot"
2026-09-09T18:12:45.986217Z DEBUG transparent_shard_server::memory: cold build admission wait seconds=2.8246e-5 admitted=true
2026-09-09T18:12:45.986214Z DEBUG transparent_shard_server::runtime: runtime stage key=("16b8227360ce35dd2e111156f5e31fd5eb500ff877879a212fef6cf8471de8a5", Directory, 0) seconds=3.9973e-5 hit=false stage="disk_restore"
2026-09-09T18:12:46.111064Z DEBUG transparent_shard_server::runtime: runtime stage key=("73d46a59d0d03d7616f9a47e53b50448d4c5a3504e6e296600d8884c8c4403b8", Pages, 0) seconds=0.124825463 stage="source_load"
2026-09-09T18:12:46.429607Z DEBUG transparent_shard_server::runtime: construction stage geometry="recent-8k" table="pages" seconds=0.318491653 stage="encode_database"
2026-09-09T18:12:46.429727Z DEBUG transparent_shard_server::runtime: construction stage geometry="recent-8k" table="pages" seconds=7.432e-5 stage="public_setup"
2026-09-09T18:12:47.007969Z DEBUG transparent_shard_server::runtime: construction stage geometry="recent-8k" table="pages" seconds=0.578215359 stage="hint_columns"
2026-09-09T18:12:49.883118Z DEBUG transparent_shard_server::runtime: construction stage geometry="recent-8k" table="pages" seconds=2.875100305 stage="pack_preprocessing"
2026-09-09T18:12:49.883430Z DEBUG transparent_shard_server::runtime: construction stage geometry="recent-8k" table="pages" seconds=0.00025105 stage="publish_parameters"
2026-09-09T18:12:49.883877Z DEBUG transparent_shard_server::runtime: runtime stage key=("73d46a59d0d03d7616f9a47e53b50448d4c5a3504e6e296600d8884c8c4403b8", Pages, 0) seconds=3.772762951 stage="runtime_build"
2026-09-09T18:12:50.612327Z DEBUG transparent_shard_server::runtime: runtime stage key=("73d46a59d0d03d7616f9a47e53b50448d4c5a3504e6e296600d8884c8c4403b8", Pages, 0) seconds=0.728427959 stage="disk_save"
2026-09-09T18:12:50.612458Z DEBUG transparent_shard_server::runtime: runtime stage key=("16b8227360ce35dd2e111156f5e31fd5eb500ff877879a212fef6cf8471de8a5", Pages, 0) seconds=1.974e-6 stage="restore_slot"
2026-09-09T18:12:50.612587Z DEBUG transparent_shard_server::runtime: runtime stage key=("b16be2933ab920bc4745ea8917e5167a7a685c211e0b4febe88b4d3018f970bc", Directory, 0) seconds=13.773536994 stage="build_slot"
2026-09-09T18:12:50.612621Z DEBUG transparent_shard_server::memory: cold build admission wait seconds=2.6166e-5 admitted=true
2026-09-09T18:12:50.612628Z DEBUG transparent_shard_server::runtime: runtime stage key=("16b8227360ce35dd2e111156f5e31fd5eb500ff877879a212fef6cf8471de8a5", Pages, 0) seconds=3.8566e-5 hit=false stage="disk_restore"
2026-09-09T18:12:50.735402Z DEBUG transparent_shard_server::runtime: runtime stage key=("b16be2933ab920bc4745ea8917e5167a7a685c211e0b4febe88b4d3018f970bc", Directory, 0) seconds=0.122758538 stage="source_load"
2026-09-09T18:12:51.038546Z DEBUG transparent_shard_server::runtime: construction stage geometry="recent-8k" table="directory" seconds=0.303069373 stage="encode_database"
2026-09-09T18:12:51.038661Z DEBUG transparent_shard_server::runtime: construction stage geometry="recent-8k" table="directory" seconds=7.2582e-5 stage="public_setup"
2026-09-09T18:12:51.572081Z DEBUG transparent_shard_server::runtime: construction stage geometry="recent-8k" table="directory" seconds=0.533413048 stage="hint_columns"
2026-09-09T18:12:54.455758Z DEBUG transparent_shard_server::runtime: construction stage geometry="recent-8k" table="directory" seconds=2.8836296089999998 stage="pack_preprocessing"
2026-09-09T18:12:54.456049Z DEBUG transparent_shard_server::runtime: construction stage geometry="recent-8k" table="directory" seconds=0.000250097 stage="publish_parameters"
2026-09-09T18:12:54.456482Z DEBUG transparent_shard_server::runtime: runtime stage key=("b16be2933ab920bc4745ea8917e5167a7a685c211e0b4febe88b4d3018f970bc", Directory, 0) seconds=3.7210073809999997 stage="runtime_build"
2026-09-09T18:12:55.195348Z DEBUG transparent_shard_server::runtime: runtime stage key=("b16be2933ab920bc4745ea8917e5167a7a685c211e0b4febe88b4d3018f970bc", Directory, 0) seconds=0.738848643 stage="disk_save"
2026-09-09T18:12:55.195501Z DEBUG transparent_shard_server::runtime: runtime stage key=("1cd27964911287b2a127c1f8df5e6b0c19f5b4db309391c5adb2db3072bfec6e", Directory, 0) seconds=1.877e-6 stage="restore_slot"
2026-09-09T18:12:55.195616Z DEBUG transparent_shard_server::runtime: runtime stage key=("b16be2933ab920bc4745ea8917e5167a7a685c211e0b4febe88b4d3018f970bc", Pages, 0) seconds=13.775533838 stage="build_slot"
2026-09-09T18:12:55.195661Z DEBUG transparent_shard_server::memory: cold build admission wait seconds=3.3743e-5 admitted=true
2026-09-09T18:12:55.195670Z DEBUG transparent_shard_server::runtime: runtime stage key=("1cd27964911287b2a127c1f8df5e6b0c19f5b4db309391c5adb2db3072bfec6e", Directory, 0) seconds=4.1843e-5 hit=false stage="disk_restore"
2026-09-09T18:12:55.318723Z DEBUG transparent_shard_server::runtime: runtime stage key=("b16be2933ab920bc4745ea8917e5167a7a685c211e0b4febe88b4d3018f970bc", Pages, 0) seconds=0.123036913 stage="source_load"
2026-09-09T18:12:55.620254Z DEBUG transparent_shard_server::runtime: construction stage geometry="recent-8k" table="pages" seconds=0.301476263 stage="encode_database"
2026-09-09T18:12:55.620377Z DEBUG transparent_shard_server::runtime: construction stage geometry="recent-8k" table="pages" seconds=7.4171e-5 stage="public_setup"
2026-09-09T18:12:56.195377Z DEBUG transparent_shard_server::runtime: construction stage geometry="recent-8k" table="pages" seconds=0.574991857 stage="hint_columns"
2026-09-09T18:12:59.108777Z DEBUG transparent_shard_server::runtime: construction stage geometry="recent-8k" table="pages" seconds=2.913352599 stage="pack_preprocessing"
2026-09-09T18:12:59.109088Z DEBUG transparent_shard_server::runtime: construction stage geometry="recent-8k" table="pages" seconds=0.000265174 stage="publish_parameters"
2026-09-09T18:12:59.109527Z DEBUG transparent_shard_server::runtime: runtime stage key=("b16be2933ab920bc4745ea8917e5167a7a685c211e0b4febe88b4d3018f970bc", Pages, 0) seconds=3.790751492 stage="runtime_build"
2026-09-09T18:12:59.834054Z DEBUG transparent_shard_server::runtime: runtime stage key=("b16be2933ab920bc4745ea8917e5167a7a685c211e0b4febe88b4d3018f970bc", Pages, 0) seconds=0.724507734 stage="disk_save"
2026-09-09T18:12:59.834196Z DEBUG transparent_shard_server::runtime: runtime stage key=("1cd27964911287b2a127c1f8df5e6b0c19f5b4db309391c5adb2db3072bfec6e", Pages, 0) seconds=2.148e-6 stage="restore_slot"
2026-09-09T18:12:59.834306Z DEBUG transparent_shard_server::runtime: runtime stage key=("16b8227360ce35dd2e111156f5e31fd5eb500ff877879a212fef6cf8471de8a5", Directory, 0) seconds=13.848057564 stage="build_slot"
2026-09-09T18:12:59.834339Z DEBUG transparent_shard_server::memory: cold build admission wait seconds=2.4973e-5 admitted=true
2026-09-09T18:12:59.834347Z DEBUG transparent_shard_server::runtime: runtime stage key=("1cd27964911287b2a127c1f8df5e6b0c19f5b4db309391c5adb2db3072bfec6e", Pages, 0) seconds=3.8445e-5 hit=false stage="disk_restore"
2026-09-09T18:12:59.959750Z DEBUG transparent_shard_server::runtime: runtime stage key=("16b8227360ce35dd2e111156f5e31fd5eb500ff877879a212fef6cf8471de8a5", Directory, 0) seconds=0.125387818 stage="source_load"
test burst::publication_burst_under_exact_load has been running for over 60 seconds
2026-09-09T18:13:00.268114Z DEBUG transparent_shard_server::runtime: construction stage geometry="recent-8k" table="directory" seconds=0.308315366 stage="encode_database"
2026-09-09T18:13:00.268241Z DEBUG transparent_shard_server::runtime: construction stage geometry="recent-8k" table="directory" seconds=8.5286e-5 stage="public_setup"
2026-09-09T18:13:00.810138Z DEBUG transparent_shard_server::runtime: construction stage geometry="recent-8k" table="directory" seconds=0.541887398 stage="hint_columns"
2026-09-09T18:13:03.746905Z DEBUG transparent_shard_server::runtime: construction stage geometry="recent-8k" table="directory" seconds=2.936701334 stage="pack_preprocessing"
2026-09-09T18:13:03.747226Z DEBUG transparent_shard_server::runtime: construction stage geometry="recent-8k" table="directory" seconds=0.000275754 stage="publish_parameters"
2026-09-09T18:13:03.747649Z DEBUG transparent_shard_server::runtime: runtime stage key=("16b8227360ce35dd2e111156f5e31fd5eb500ff877879a212fef6cf8471de8a5", Directory, 0) seconds=3.787854179 stage="runtime_build"
2026-09-09T18:13:04.469571Z DEBUG transparent_shard_server::runtime: runtime stage key=("16b8227360ce35dd2e111156f5e31fd5eb500ff877879a212fef6cf8471de8a5", Directory, 0) seconds=0.721905398 stage="disk_save"
2026-09-09T18:13:04.469701Z DEBUG transparent_shard_server::runtime: runtime stage key=("27f56c565263ecffb8c7736d4e811665d81bf4ed71c7978431fcc4f45b645ee1", Directory, 0) seconds=1.824e-6 stage="restore_slot"
2026-09-09T18:13:04.469833Z DEBUG transparent_shard_server::runtime: runtime stage key=("16b8227360ce35dd2e111156f5e31fd5eb500ff877879a212fef6cf8471de8a5", Pages, 0) seconds=13.857164437 stage="build_slot"
2026-09-09T18:13:04.469869Z DEBUG transparent_shard_server::memory: cold build admission wait seconds=2.6979e-5 admitted=true
2026-09-09T18:13:04.469885Z DEBUG transparent_shard_server::runtime: runtime stage key=("27f56c565263ecffb8c7736d4e811665d81bf4ed71c7978431fcc4f45b645ee1", Directory, 0) seconds=3.9638e-5 hit=false stage="disk_restore"
2026-09-09T18:13:04.594313Z DEBUG transparent_shard_server::runtime: runtime stage key=("16b8227360ce35dd2e111156f5e31fd5eb500ff877879a212fef6cf8471de8a5", Pages, 0) seconds=0.124415257 stage="source_load"
2026-09-09T18:13:04.895808Z DEBUG transparent_shard_server::runtime: construction stage geometry="recent-8k" table="pages" seconds=0.301441038 stage="encode_database"
2026-09-09T18:13:04.895968Z DEBUG transparent_shard_server::runtime: construction stage geometry="recent-8k" table="pages" seconds=9.3258e-5 stage="public_setup"
2026-09-09T18:13:05.458754Z DEBUG transparent_shard_server::runtime: construction stage geometry="recent-8k" table="pages" seconds=0.562775255 stage="hint_columns"
2026-09-09T18:13:08.358371Z DEBUG transparent_shard_server::runtime: construction stage geometry="recent-8k" table="pages" seconds=2.899570186 stage="pack_preprocessing"
2026-09-09T18:13:08.358685Z DEBUG transparent_shard_server::runtime: construction stage geometry="recent-8k" table="pages" seconds=0.00026794 stage="publish_parameters"
2026-09-09T18:13:08.359123Z DEBUG transparent_shard_server::runtime: runtime stage key=("16b8227360ce35dd2e111156f5e31fd5eb500ff877879a212fef6cf8471de8a5", Pages, 0) seconds=3.764759311 stage="runtime_build"
2026-09-09T18:13:09.085158Z DEBUG transparent_shard_server::runtime: runtime stage key=("16b8227360ce35dd2e111156f5e31fd5eb500ff877879a212fef6cf8471de8a5", Pages, 0) seconds=0.726015922 stage="disk_save"
2026-09-09T18:13:09.085302Z DEBUG transparent_shard_server::runtime: runtime stage key=("27f56c565263ecffb8c7736d4e811665d81bf4ed71c7978431fcc4f45b645ee1", Pages, 0) seconds=2.077e-6 stage="restore_slot"
2026-09-09T18:13:09.085427Z DEBUG transparent_shard_server::runtime: runtime stage key=("1cd27964911287b2a127c1f8df5e6b0c19f5b4db309391c5adb2db3072bfec6e", Directory, 0) seconds=13.889726476 stage="build_slot"
2026-09-09T18:13:09.085493Z DEBUG transparent_shard_server::memory: cold build admission wait seconds=5.8912e-5 admitted=true
2026-09-09T18:13:09.085490Z DEBUG transparent_shard_server::runtime: runtime stage key=("27f56c565263ecffb8c7736d4e811665d81bf4ed71c7978431fcc4f45b645ee1", Pages, 0) seconds=6.0189e-5 hit=false stage="disk_restore"
2026-09-09T18:13:09.207824Z DEBUG transparent_shard_server::runtime: runtime stage key=("1cd27964911287b2a127c1f8df5e6b0c19f5b4db309391c5adb2db3072bfec6e", Directory, 0) seconds=0.122313645 stage="source_load"
2026-09-09T18:13:09.508202Z DEBUG transparent_shard_server::runtime: construction stage geometry="recent-8k" table="directory" seconds=0.300327336 stage="encode_database"
2026-09-09T18:13:09.508335Z DEBUG transparent_shard_server::runtime: construction stage geometry="recent-8k" table="directory" seconds=7.3703e-5 stage="public_setup"
2026-09-09T18:13:10.071663Z DEBUG transparent_shard_server::runtime: construction stage geometry="recent-8k" table="directory" seconds=0.563319255 stage="hint_columns"
2026-09-09T18:13:12.914702Z DEBUG transparent_shard_server::runtime: construction stage geometry="recent-8k" table="directory" seconds=2.8429935459999998 stage="pack_preprocessing"
2026-09-09T18:13:12.915066Z DEBUG transparent_shard_server::runtime: construction stage geometry="recent-8k" table="directory" seconds=0.000321207 stage="publish_parameters"
2026-09-09T18:13:12.915507Z DEBUG transparent_shard_server::runtime: runtime stage key=("1cd27964911287b2a127c1f8df5e6b0c19f5b4db309391c5adb2db3072bfec6e", Directory, 0) seconds=3.707636134 stage="runtime_build"
2026-09-09T18:13:13.631267Z DEBUG transparent_shard_server::runtime: runtime stage key=("1cd27964911287b2a127c1f8df5e6b0c19f5b4db309391c5adb2db3072bfec6e", Directory, 0) seconds=0.715740915 stage="disk_save"
2026-09-09T18:13:13.631373Z DEBUG transparent_shard_server::runtime: runtime stage key=("1cd27964911287b2a127c1f8df5e6b0c19f5b4db309391c5adb2db3072bfec6e", Pages, 0) seconds=13.796970845 stage="build_slot"
2026-09-09T18:13:13.631476Z DEBUG transparent_shard_server::memory: cold build admission wait seconds=7.9848e-5 admitted=true
2026-09-09T18:13:13.631501Z DEBUG transparent_shard_server::runtime: runtime stage key=("ced665ae1f1140944bcd0c9aa2b83c1019df768df87fa513f9509106fc5b88c1", Directory, 0) seconds=4.2e-7 stage="restore_slot"
2026-09-09T18:13:13.631610Z DEBUG transparent_shard_server::runtime: runtime stage key=("ced665ae1f1140944bcd0c9aa2b83c1019df768df87fa513f9509106fc5b88c1", Directory, 0) seconds=3.9596e-5 hit=false stage="disk_restore"
2026-09-09T18:13:13.755188Z DEBUG transparent_shard_server::runtime: runtime stage key=("1cd27964911287b2a127c1f8df5e6b0c19f5b4db309391c5adb2db3072bfec6e", Pages, 0) seconds=0.123674057 stage="source_load"
2026-09-09T18:13:14.059415Z DEBUG transparent_shard_server::runtime: construction stage geometry="recent-8k" table="pages" seconds=0.304183452 stage="encode_database"
2026-09-09T18:13:14.059527Z DEBUG transparent_shard_server::runtime: construction stage geometry="recent-8k" table="pages" seconds=7.2436e-5 stage="public_setup"
2026-09-09T18:13:14.654484Z DEBUG transparent_shard_server::runtime: construction stage geometry="recent-8k" table="pages" seconds=0.594949339 stage="hint_columns"
2026-09-09T18:13:17.520004Z DEBUG transparent_shard_server::runtime: construction stage geometry="recent-8k" table="pages" seconds=2.865478337 stage="pack_preprocessing"
2026-09-09T18:13:17.520341Z DEBUG transparent_shard_server::runtime: construction stage geometry="recent-8k" table="pages" seconds=0.000293119 stage="publish_parameters"
2026-09-09T18:13:17.520791Z DEBUG transparent_shard_server::runtime: runtime stage key=("1cd27964911287b2a127c1f8df5e6b0c19f5b4db309391c5adb2db3072bfec6e", Pages, 0) seconds=3.7655621310000003 stage="runtime_build"
2026-09-09T18:13:18.252084Z DEBUG transparent_shard_server::runtime: runtime stage key=("1cd27964911287b2a127c1f8df5e6b0c19f5b4db309391c5adb2db3072bfec6e", Pages, 0) seconds=0.731261225 stage="disk_save"
2026-09-09T18:13:18.252227Z DEBUG transparent_shard_server::runtime: runtime stage key=("ced665ae1f1140944bcd0c9aa2b83c1019df768df87fa513f9509106fc5b88c1", Pages, 0) seconds=1.746e-6 stage="restore_slot"
2026-09-09T18:13:18.252338Z DEBUG transparent_shard_server::runtime: runtime stage key=("27f56c565263ecffb8c7736d4e811665d81bf4ed71c7978431fcc4f45b645ee1", Directory, 0) seconds=13.782411217 stage="build_slot"
2026-09-09T18:13:18.252369Z DEBUG transparent_shard_server::memory: cold build admission wait seconds=2.4569e-5 admitted=true
2026-09-09T18:13:18.252480Z DEBUG transparent_shard_server::runtime: runtime stage key=("ced665ae1f1140944bcd0c9aa2b83c1019df768df87fa513f9509106fc5b88c1", Pages, 0) seconds=4.4506e-5 hit=false stage="disk_restore"
2026-09-09T18:13:18.376021Z DEBUG transparent_shard_server::runtime: runtime stage key=("27f56c565263ecffb8c7736d4e811665d81bf4ed71c7978431fcc4f45b645ee1", Directory, 0) seconds=0.123558231 stage="source_load"
2026-09-09T18:13:18.683107Z DEBUG transparent_shard_server::runtime: construction stage geometry="recent-8k" table="directory" seconds=0.307033761 stage="encode_database"
2026-09-09T18:13:18.683236Z DEBUG transparent_shard_server::runtime: construction stage geometry="recent-8k" table="directory" seconds=8.1575e-5 stage="public_setup"
2026-09-09T18:13:19.239072Z DEBUG transparent_shard_server::runtime: construction stage geometry="recent-8k" table="directory" seconds=0.555827891 stage="hint_columns"
2026-09-09T18:13:22.106220Z DEBUG transparent_shard_server::runtime: construction stage geometry="recent-8k" table="directory" seconds=2.867101421 stage="pack_preprocessing"
2026-09-09T18:13:22.106547Z DEBUG transparent_shard_server::runtime: construction stage geometry="recent-8k" table="directory" seconds=0.000277722 stage="publish_parameters"
2026-09-09T18:13:22.106968Z DEBUG transparent_shard_server::runtime: runtime stage key=("27f56c565263ecffb8c7736d4e811665d81bf4ed71c7978431fcc4f45b645ee1", Directory, 0) seconds=3.730897191 stage="runtime_build"
2026-09-09T18:13:22.834648Z DEBUG transparent_shard_server::runtime: runtime stage key=("27f56c565263ecffb8c7736d4e811665d81bf4ed71c7978431fcc4f45b645ee1", Directory, 0) seconds=0.727667112 stage="disk_save"
2026-09-09T18:13:22.834854Z DEBUG transparent_shard_server::runtime: runtime stage key=("2d4497bf9e8bafc6139ee4e57114238a7ecfa0782702939922bf2a79b1fe05bf", Directory, 0) seconds=1.646e-6 stage="restore_slot"
2026-09-09T18:13:22.834970Z DEBUG transparent_shard_server::runtime: runtime stage key=("27f56c565263ecffb8c7736d4e811665d81bf4ed71c7978431fcc4f45b645ee1", Pages, 0) seconds=13.749454440000001 stage="build_slot"
2026-09-09T18:13:22.835004Z DEBUG transparent_shard_server::memory: cold build admission wait seconds=2.7732e-5 admitted=true
2026-09-09T18:13:22.835047Z DEBUG transparent_shard_server::runtime: runtime stage key=("2d4497bf9e8bafc6139ee4e57114238a7ecfa0782702939922bf2a79b1fe05bf", Directory, 0) seconds=5.3741e-5 hit=false stage="disk_restore"
2026-09-09T18:13:22.958805Z DEBUG transparent_shard_server::runtime: runtime stage key=("27f56c565263ecffb8c7736d4e811665d81bf4ed71c7978431fcc4f45b645ee1", Pages, 0) seconds=0.123780521 stage="source_load"
2026-09-09T18:13:23.261648Z DEBUG transparent_shard_server::runtime: construction stage geometry="recent-8k" table="pages" seconds=0.302790542 stage="encode_database"
2026-09-09T18:13:23.261774Z DEBUG transparent_shard_server::runtime: construction stage geometry="recent-8k" table="pages" seconds=7.8538e-5 stage="public_setup"
2026-09-09T18:13:23.823785Z DEBUG transparent_shard_server::runtime: construction stage geometry="recent-8k" table="pages" seconds=0.562003622 stage="hint_columns"
2026-09-09T18:13:26.682134Z DEBUG transparent_shard_server::runtime: construction stage geometry="recent-8k" table="pages" seconds=2.858302892 stage="pack_preprocessing"
2026-09-09T18:13:26.682439Z DEBUG transparent_shard_server::runtime: construction stage geometry="recent-8k" table="pages" seconds=0.000249514 stage="publish_parameters"
2026-09-09T18:13:26.682856Z DEBUG transparent_shard_server::runtime: runtime stage key=("27f56c565263ecffb8c7736d4e811665d81bf4ed71c7978431fcc4f45b645ee1", Pages, 0) seconds=3.724002649 stage="runtime_build"
2026-09-09T18:13:27.404911Z DEBUG transparent_shard_server::runtime: runtime stage key=("27f56c565263ecffb8c7736d4e811665d81bf4ed71c7978431fcc4f45b645ee1", Pages, 0) seconds=0.722039931 stage="disk_save"
2026-09-09T18:13:27.405043Z DEBUG transparent_shard_server::runtime: runtime stage key=("2d4497bf9e8bafc6139ee4e57114238a7ecfa0782702939922bf2a79b1fe05bf", Pages, 0) seconds=1.888e-6 stage="restore_slot"
2026-09-09T18:13:27.405173Z DEBUG transparent_shard_server::runtime: runtime stage key=("ced665ae1f1140944bcd0c9aa2b83c1019df768df87fa513f9509106fc5b88c1", Directory, 0) seconds=13.773526078 stage="build_slot"
2026-09-09T18:13:27.405216Z DEBUG transparent_shard_server::memory: cold build admission wait seconds=2.9974e-5 admitted=true
2026-09-09T18:13:27.405218Z DEBUG transparent_shard_server::runtime: runtime stage key=("2d4497bf9e8bafc6139ee4e57114238a7ecfa0782702939922bf2a79b1fe05bf", Pages, 0) seconds=4.2217e-5 hit=false stage="disk_restore"
2026-09-09T18:13:27.528495Z DEBUG transparent_shard_server::runtime: runtime stage key=("ced665ae1f1140944bcd0c9aa2b83c1019df768df87fa513f9509106fc5b88c1", Directory, 0) seconds=0.123256381 stage="source_load"
2026-09-09T18:13:27.832677Z DEBUG transparent_shard_server::runtime: construction stage geometry="recent-8k" table="directory" seconds=0.304131293 stage="encode_database"
2026-09-09T18:13:27.832797Z DEBUG transparent_shard_server::runtime: construction stage geometry="recent-8k" table="directory" seconds=7.5243e-5 stage="public_setup"
2026-09-09T18:13:28.388785Z DEBUG transparent_shard_server::runtime: construction stage geometry="recent-8k" table="directory" seconds=0.555980756 stage="hint_columns"
2026-09-09T18:13:31.251336Z DEBUG transparent_shard_server::runtime: construction stage geometry="recent-8k" table="directory" seconds=2.862504548 stage="pack_preprocessing"
2026-09-09T18:13:31.251664Z DEBUG transparent_shard_server::runtime: construction stage geometry="recent-8k" table="directory" seconds=0.000286271 stage="publish_parameters"
2026-09-09T18:13:31.252078Z DEBUG transparent_shard_server::runtime: runtime stage key=("ced665ae1f1140944bcd0c9aa2b83c1019df768df87fa513f9509106fc5b88c1", Directory, 0) seconds=3.72353442 stage="runtime_build"
2026-09-09T18:13:31.981827Z DEBUG transparent_shard_server::runtime: runtime stage key=("ced665ae1f1140944bcd0c9aa2b83c1019df768df87fa513f9509106fc5b88c1", Directory, 0) seconds=0.72973577 stage="disk_save"
2026-09-09T18:13:31.982051Z DEBUG transparent_shard_server::runtime: runtime stage key=("a4bd72b37c0aafb265c77bb09cbc402cf69b65a87a1fabc8a0f12614b35469be", Directory, 0) seconds=1.869e-6 stage="restore_slot"
2026-09-09T18:13:31.982118Z DEBUG transparent_shard_server::runtime: runtime stage key=("ced665ae1f1140944bcd0c9aa2b83c1019df768df87fa513f9509106fc5b88c1", Pages, 0) seconds=13.72959989 stage="build_slot"
2026-09-09T18:13:31.982347Z DEBUG transparent_shard_server::memory: cold build admission wait seconds=0.000222915 admitted=true
2026-09-09T18:13:31.982553Z DEBUG transparent_shard_server::runtime: runtime stage key=("a4bd72b37c0aafb265c77bb09cbc402cf69b65a87a1fabc8a0f12614b35469be", Directory, 0) seconds=2.7222e-5 hit=false stage="disk_restore"
2026-09-09T18:13:32.103781Z DEBUG transparent_shard_server::runtime: runtime stage key=("ced665ae1f1140944bcd0c9aa2b83c1019df768df87fa513f9509106fc5b88c1", Pages, 0) seconds=0.121403886 stage="source_load"
2026-09-09T18:13:32.408519Z DEBUG transparent_shard_server::runtime: construction stage geometry="recent-8k" table="pages" seconds=0.304689012 stage="encode_database"
2026-09-09T18:13:32.408663Z DEBUG transparent_shard_server::runtime: construction stage geometry="recent-8k" table="pages" seconds=0.000104834 stage="public_setup"
2026-09-09T18:13:32.977891Z DEBUG transparent_shard_server::runtime: construction stage geometry="recent-8k" table="pages" seconds=0.569207582 stage="hint_columns"
2026-09-09T18:13:35.880381Z DEBUG transparent_shard_server::runtime: construction stage geometry="recent-8k" table="pages" seconds=2.902443961 stage="pack_preprocessing"
2026-09-09T18:13:35.880762Z DEBUG transparent_shard_server::runtime: construction stage geometry="recent-8k" table="pages" seconds=0.000324046 stage="publish_parameters"
2026-09-09T18:13:35.881244Z DEBUG transparent_shard_server::runtime: runtime stage key=("ced665ae1f1140944bcd0c9aa2b83c1019df768df87fa513f9509106fc5b88c1", Pages, 0) seconds=3.777415551 stage="runtime_build"
2026-09-09T18:13:36.616484Z DEBUG transparent_shard_server::runtime: runtime stage key=("ced665ae1f1140944bcd0c9aa2b83c1019df768df87fa513f9509106fc5b88c1", Pages, 0) seconds=0.735216143 stage="disk_save"
2026-09-09T18:13:36.616645Z DEBUG transparent_shard_server::runtime: runtime stage key=("a4bd72b37c0aafb265c77bb09cbc402cf69b65a87a1fabc8a0f12614b35469be", Pages, 0) seconds=1.992e-6 stage="restore_slot"
2026-09-09T18:13:36.616901Z DEBUG transparent_shard_server::runtime: runtime stage key=("2d4497bf9e8bafc6139ee4e57114238a7ecfa0782702939922bf2a79b1fe05bf", Directory, 0) seconds=13.781814866 stage="build_slot"
2026-09-09T18:13:36.616929Z DEBUG transparent_shard_server::runtime: runtime stage key=("a4bd72b37c0aafb265c77bb09cbc402cf69b65a87a1fabc8a0f12614b35469be", Pages, 0) seconds=2.802e-5 hit=false stage="disk_restore"
2026-09-09T18:13:36.616935Z DEBUG transparent_shard_server::memory: cold build admission wait seconds=2.5361e-5 admitted=true
2026-09-09T18:13:36.739949Z DEBUG transparent_shard_server::runtime: runtime stage key=("2d4497bf9e8bafc6139ee4e57114238a7ecfa0782702939922bf2a79b1fe05bf", Directory, 0) seconds=0.123003009 stage="source_load"
2026-09-09T18:13:37.045104Z DEBUG transparent_shard_server::runtime: construction stage geometry="recent-8k" table="directory" seconds=0.305104713 stage="encode_database"
2026-09-09T18:13:37.045241Z DEBUG transparent_shard_server::runtime: construction stage geometry="recent-8k" table="directory" seconds=9.4615e-5 stage="public_setup"
2026-09-09T18:13:37.573569Z DEBUG transparent_shard_server::runtime: construction stage geometry="recent-8k" table="directory" seconds=0.528320329 stage="hint_columns"
2026-09-09T18:13:40.421874Z DEBUG transparent_shard_server::runtime: construction stage geometry="recent-8k" table="directory" seconds=2.848261975 stage="pack_preprocessing"
2026-09-09T18:13:40.422202Z DEBUG transparent_shard_server::runtime: construction stage geometry="recent-8k" table="directory" seconds=0.0002699 stage="publish_parameters"
2026-09-09T18:13:40.422649Z DEBUG transparent_shard_server::runtime: runtime stage key=("2d4497bf9e8bafc6139ee4e57114238a7ecfa0782702939922bf2a79b1fe05bf", Directory, 0) seconds=3.682651658 stage="runtime_build"
2026-09-09T18:13:41.144826Z DEBUG transparent_shard_server::runtime: runtime stage key=("2d4497bf9e8bafc6139ee4e57114238a7ecfa0782702939922bf2a79b1fe05bf", Directory, 0) seconds=0.722159842 stage="disk_save"
2026-09-09T18:13:41.144969Z DEBUG transparent_shard_server::runtime: runtime stage key=("c907a0aa45b2551520863990845279fd25135889865e088c2dad6ea0d32b8fde", Directory, 0) seconds=1.745e-6 stage="restore_slot"
2026-09-09T18:13:41.145038Z DEBUG transparent_shard_server::runtime: runtime stage key=("2d4497bf9e8bafc6139ee4e57114238a7ecfa0782702939922bf2a79b1fe05bf", Pages, 0) seconds=13.739777873 stage="build_slot"
2026-09-09T18:13:41.145246Z DEBUG transparent_shard_server::memory: cold build admission wait seconds=0.000201756 admitted=true
2026-09-09T18:13:41.145490Z DEBUG transparent_shard_server::runtime: runtime stage key=("c907a0aa45b2551520863990845279fd25135889865e088c2dad6ea0d32b8fde", Directory, 0) seconds=5.3182e-5 hit=false stage="disk_restore"
2026-09-09T18:13:41.266593Z DEBUG transparent_shard_server::runtime: runtime stage key=("2d4497bf9e8bafc6139ee4e57114238a7ecfa0782702939922bf2a79b1fe05bf", Pages, 0) seconds=0.121313991 stage="source_load"
2026-09-09T18:13:41.571621Z DEBUG transparent_shard_server::runtime: construction stage geometry="recent-8k" table="pages" seconds=0.304960421 stage="encode_database"
2026-09-09T18:13:41.571741Z DEBUG transparent_shard_server::runtime: construction stage geometry="recent-8k" table="pages" seconds=7.616e-5 stage="public_setup"
2026-09-09T18:13:42.151659Z DEBUG transparent_shard_server::runtime: construction stage geometry="recent-8k" table="pages" seconds=0.579911372 stage="hint_columns"
2026-09-09T18:13:45.017698Z DEBUG transparent_shard_server::runtime: construction stage geometry="recent-8k" table="pages" seconds=2.865989482 stage="pack_preprocessing"
2026-09-09T18:13:45.018014Z DEBUG transparent_shard_server::runtime: construction stage geometry="recent-8k" table="pages" seconds=0.000267889 stage="publish_parameters"
2026-09-09T18:13:45.018456Z DEBUG transparent_shard_server::runtime: runtime stage key=("2d4497bf9e8bafc6139ee4e57114238a7ecfa0782702939922bf2a79b1fe05bf", Pages, 0) seconds=3.751798159 stage="runtime_build"
2026-09-09T18:13:45.746131Z DEBUG transparent_shard_server::runtime: runtime stage key=("2d4497bf9e8bafc6139ee4e57114238a7ecfa0782702939922bf2a79b1fe05bf", Pages, 0) seconds=0.727660108 stage="disk_save"
2026-09-09T18:13:45.747197Z DEBUG transparent_shard_server::runtime: runtime stage key=("a4bd72b37c0aafb265c77bb09cbc402cf69b65a87a1fabc8a0f12614b35469be", Directory, 0) seconds=13.764613713 stage="build_slot"
2026-09-09T18:13:45.747244Z DEBUG transparent_shard_server::runtime: runtime stage key=("c907a0aa45b2551520863990845279fd25135889865e088c2dad6ea0d32b8fde", Pages, 0) seconds=1.728e-6 stage="restore_slot"
2026-09-09T18:13:45.747284Z DEBUG transparent_shard_server::memory: cold build admission wait seconds=7.6334e-5 admitted=true
2026-09-09T18:13:45.747516Z DEBUG transparent_shard_server::runtime: runtime stage key=("c907a0aa45b2551520863990845279fd25135889865e088c2dad6ea0d32b8fde", Pages, 0) seconds=5.1054e-5 hit=false stage="disk_restore"
2026-09-09T18:13:45.873727Z DEBUG transparent_shard_server::runtime: runtime stage key=("a4bd72b37c0aafb265c77bb09cbc402cf69b65a87a1fabc8a0f12614b35469be", Directory, 0) seconds=0.126419131 stage="source_load"
2026-09-09T18:13:46.180639Z DEBUG transparent_shard_server::runtime: construction stage geometry="recent-8k" table="directory" seconds=0.306869291 stage="encode_database"
2026-09-09T18:13:46.180758Z DEBUG transparent_shard_server::runtime: construction stage geometry="recent-8k" table="directory" seconds=7.5549e-5 stage="public_setup"
2026-09-09T18:13:46.732056Z DEBUG transparent_shard_server::runtime: construction stage geometry="recent-8k" table="directory" seconds=0.551289527 stage="hint_columns"
2026-09-09T18:13:49.586948Z DEBUG transparent_shard_server::runtime: construction stage geometry="recent-8k" table="directory" seconds=2.854844832 stage="pack_preprocessing"
2026-09-09T18:13:49.587256Z DEBUG transparent_shard_server::runtime: construction stage geometry="recent-8k" table="directory" seconds=0.000262891 stage="publish_parameters"
2026-09-09T18:13:49.587670Z DEBUG transparent_shard_server::runtime: runtime stage key=("a4bd72b37c0aafb265c77bb09cbc402cf69b65a87a1fabc8a0f12614b35469be", Directory, 0) seconds=3.713904547 stage="runtime_build"
2026-09-09T18:13:50.305571Z DEBUG transparent_shard_server::runtime: runtime stage key=("a4bd72b37c0aafb265c77bb09cbc402cf69b65a87a1fabc8a0f12614b35469be", Directory, 0) seconds=0.717885136 stage="disk_save"
2026-09-09T18:13:50.305625Z DEBUG transparent_shard_server::runtime: runtime stage key=("a4bd72b37c0aafb265c77bb09cbc402cf69b65a87a1fabc8a0f12614b35469be", Pages, 0) seconds=13.6886762 stage="build_slot"
2026-09-09T18:13:50.305683Z DEBUG transparent_shard_server::memory: work memory admission denied current=5904994304 limit=7516192768 held=536870912 requested=536870912
2026-09-09T18:13:50.305721Z DEBUG transparent_shard_server::runtime: runtime stage key=("67574e8d4c7f7c258f8c7488f73e80a9476f8074c3db3540325133ff25020c2b", Directory, 0) seconds=5.68e-7 stage="restore_slot"
2026-09-09T18:13:50.305824Z DEBUG transparent_shard_server::runtime: runtime stage key=("67574e8d4c7f7c258f8c7488f73e80a9476f8074c3db3540325133ff25020c2b", Directory, 0) seconds=4.0706e-5 hit=false stage="disk_restore"
2026-09-09T18:13:50.407190Z DEBUG transparent_shard_server::memory: cold build admission wait seconds=0.101557374 admitted=true
2026-09-09T18:13:50.527539Z DEBUG transparent_shard_server::runtime: runtime stage key=("a4bd72b37c0aafb265c77bb09cbc402cf69b65a87a1fabc8a0f12614b35469be", Pages, 0) seconds=0.120269361 stage="source_load"
2026-09-09T18:13:50.823356Z DEBUG transparent_shard_server::runtime: construction stage geometry="recent-8k" table="pages" seconds=0.295772559 stage="encode_database"
2026-09-09T18:13:50.823482Z DEBUG transparent_shard_server::runtime: construction stage geometry="recent-8k" table="pages" seconds=8.8655e-5 stage="public_setup"
2026-09-09T18:13:51.391306Z DEBUG transparent_shard_server::runtime: construction stage geometry="recent-8k" table="pages" seconds=0.567817167 stage="hint_columns"
2026-09-09T18:13:54.229269Z DEBUG transparent_shard_server::runtime: construction stage geometry="recent-8k" table="pages" seconds=2.83792129 stage="pack_preprocessing"
2026-09-09T18:13:54.229574Z DEBUG transparent_shard_server::runtime: construction stage geometry="recent-8k" table="pages" seconds=0.000264184 stage="publish_parameters"
2026-09-09T18:13:54.229995Z DEBUG transparent_shard_server::runtime: runtime stage key=("a4bd72b37c0aafb265c77bb09cbc402cf69b65a87a1fabc8a0f12614b35469be", Pages, 0) seconds=3.702413789 stage="runtime_build"
2026-09-09T18:13:54.944693Z DEBUG transparent_shard_server::runtime: runtime stage key=("a4bd72b37c0aafb265c77bb09cbc402cf69b65a87a1fabc8a0f12614b35469be", Pages, 0) seconds=0.714684415 stage="disk_save"
2026-09-09T18:13:54.944791Z DEBUG transparent_shard_server::runtime: runtime stage key=("c907a0aa45b2551520863990845279fd25135889865e088c2dad6ea0d32b8fde", Directory, 0) seconds=13.799226722 stage="build_slot"
2026-09-09T18:13:54.944812Z DEBUG transparent_shard_server::runtime: runtime stage key=("67574e8d4c7f7c258f8c7488f73e80a9476f8074c3db3540325133ff25020c2b", Pages, 0) seconds=1.281e-6 stage="restore_slot"
2026-09-09T18:13:54.944876Z DEBUG transparent_shard_server::memory: cold build admission wait seconds=6.1346e-5 admitted=true
2026-09-09T18:13:54.944921Z DEBUG transparent_shard_server::runtime: runtime stage key=("67574e8d4c7f7c258f8c7488f73e80a9476f8074c3db3540325133ff25020c2b", Pages, 0) seconds=2.7597e-5 hit=false stage="disk_restore"
2026-09-09T18:13:55.064683Z DEBUG transparent_shard_server::runtime: runtime stage key=("c907a0aa45b2551520863990845279fd25135889865e088c2dad6ea0d32b8fde", Directory, 0) seconds=0.119728505 stage="source_load"
2026-09-09T18:13:55.364579Z DEBUG transparent_shard_server::runtime: construction stage geometry="recent-8k" table="directory" seconds=0.29985012 stage="encode_database"
2026-09-09T18:13:55.364743Z DEBUG transparent_shard_server::runtime: construction stage geometry="recent-8k" table="directory" seconds=0.000114767 stage="public_setup"
2026-09-09T18:13:55.882922Z DEBUG transparent_shard_server::runtime: construction stage geometry="recent-8k" table="directory" seconds=0.518172062 stage="hint_columns"
2026-09-09T18:13:58.750556Z DEBUG transparent_shard_server::runtime: construction stage geometry="recent-8k" table="directory" seconds=2.867591495 stage="pack_preprocessing"
2026-09-09T18:13:58.750893Z DEBUG transparent_shard_server::runtime: construction stage geometry="recent-8k" table="directory" seconds=0.000297266 stage="publish_parameters"
2026-09-09T18:13:58.751325Z DEBUG transparent_shard_server::runtime: runtime stage key=("c907a0aa45b2551520863990845279fd25135889865e088c2dad6ea0d32b8fde", Directory, 0) seconds=3.6865979749999997 stage="runtime_build"
2026-09-09T18:13:59.493799Z DEBUG transparent_shard_server::runtime: runtime stage key=("c907a0aa45b2551520863990845279fd25135889865e088c2dad6ea0d32b8fde", Directory, 0) seconds=0.742439607 stage="disk_save"
2026-09-09T18:13:59.493895Z DEBUG transparent_shard_server::runtime: runtime stage key=("c907a0aa45b2551520863990845279fd25135889865e088c2dad6ea0d32b8fde", Pages, 0) seconds=13.74469532 stage="build_slot"
2026-09-09T18:13:59.493986Z DEBUG transparent_shard_server::memory: cold build admission wait seconds=6.1266e-5 admitted=true
2026-09-09T18:13:59.616083Z DEBUG transparent_shard_server::runtime: runtime stage key=("c907a0aa45b2551520863990845279fd25135889865e088c2dad6ea0d32b8fde", Pages, 0) seconds=0.122072888 stage="source_load"
2026-09-09T18:13:59.919511Z DEBUG transparent_shard_server::runtime: construction stage geometry="recent-8k" table="pages" seconds=0.30338032 stage="encode_database"
2026-09-09T18:13:59.919624Z DEBUG transparent_shard_server::runtime: construction stage geometry="recent-8k" table="pages" seconds=7.628e-5 stage="public_setup"
2026-09-09T18:14:00.483419Z DEBUG transparent_shard_server::runtime: construction stage geometry="recent-8k" table="pages" seconds=0.563788482 stage="hint_columns"
2026-09-09T18:14:03.369770Z DEBUG transparent_shard_server::runtime: construction stage geometry="recent-8k" table="pages" seconds=2.8863078079999998 stage="pack_preprocessing"
2026-09-09T18:14:03.370109Z DEBUG transparent_shard_server::runtime: construction stage geometry="recent-8k" table="pages" seconds=0.00028463 stage="publish_parameters"
2026-09-09T18:14:03.370529Z DEBUG transparent_shard_server::runtime: runtime stage key=("c907a0aa45b2551520863990845279fd25135889865e088c2dad6ea0d32b8fde", Pages, 0) seconds=3.754400455 stage="runtime_build"
2026-09-09T18:14:04.109541Z DEBUG transparent_shard_server::runtime: runtime stage key=("c907a0aa45b2551520863990845279fd25135889865e088c2dad6ea0d32b8fde", Pages, 0) seconds=0.738993917 stage="disk_save"
2026-09-09T18:14:04.109632Z DEBUG transparent_shard_server::runtime: runtime stage key=("67574e8d4c7f7c258f8c7488f73e80a9476f8074c3db3540325133ff25020c2b", Directory, 0) seconds=13.803767429 stage="build_slot"
2026-09-09T18:14:04.109719Z DEBUG transparent_shard_server::memory: cold build admission wait seconds=6.5937e-5 admitted=true
2026-09-09T18:14:04.234826Z DEBUG transparent_shard_server::runtime: runtime stage key=("67574e8d4c7f7c258f8c7488f73e80a9476f8074c3db3540325133ff25020c2b", Directory, 0) seconds=0.125079597 stage="source_load"
2026-09-09T18:14:04.542196Z DEBUG transparent_shard_server::runtime: construction stage geometry="recent-8k" table="directory" seconds=0.30732505 stage="encode_database"
2026-09-09T18:14:04.542305Z DEBUG transparent_shard_server::runtime: construction stage geometry="recent-8k" table="directory" seconds=7.2699e-5 stage="public_setup"
2026-09-09T18:14:05.059419Z DEBUG transparent_shard_server::runtime: construction stage geometry="recent-8k" table="directory" seconds=0.517107391 stage="hint_columns"
2026-09-09T18:14:07.984585Z DEBUG transparent_shard_server::runtime: construction stage geometry="recent-8k" table="directory" seconds=2.925100326 stage="pack_preprocessing"
2026-09-09T18:14:07.984931Z DEBUG transparent_shard_server::runtime: construction stage geometry="recent-8k" table="directory" seconds=0.000286689 stage="publish_parameters"
2026-09-09T18:14:07.985376Z DEBUG transparent_shard_server::runtime: runtime stage key=("67574e8d4c7f7c258f8c7488f73e80a9476f8074c3db3540325133ff25020c2b", Directory, 0) seconds=3.750507501 stage="runtime_build"
2026-09-09T18:14:08.731136Z DEBUG transparent_shard_server::runtime: runtime stage key=("67574e8d4c7f7c258f8c7488f73e80a9476f8074c3db3540325133ff25020c2b", Directory, 0) seconds=0.745740216 stage="disk_save"
2026-09-09T18:14:08.731257Z DEBUG transparent_shard_server::runtime: runtime stage key=("67574e8d4c7f7c258f8c7488f73e80a9476f8074c3db3540325133ff25020c2b", Pages, 0) seconds=13.786307505 stage="build_slot"
2026-09-09T18:14:08.731350Z DEBUG transparent_shard_server::memory: cold build admission wait seconds=6.8519e-5 admitted=true
2026-09-09T18:14:08.855607Z DEBUG transparent_shard_server::runtime: runtime stage key=("67574e8d4c7f7c258f8c7488f73e80a9476f8074c3db3540325133ff25020c2b", Pages, 0) seconds=0.124232595 stage="source_load"
2026-09-09T18:14:09.164150Z DEBUG transparent_shard_server::runtime: construction stage geometry="recent-8k" table="pages" seconds=0.30847592 stage="encode_database"
2026-09-09T18:14:09.164288Z DEBUG transparent_shard_server::runtime: construction stage geometry="recent-8k" table="pages" seconds=8.5528e-5 stage="public_setup"
2026-09-09T18:14:09.740235Z DEBUG transparent_shard_server::runtime: construction stage geometry="recent-8k" table="pages" seconds=0.575939231 stage="hint_columns"
2026-09-09T18:14:12.661271Z DEBUG transparent_shard_server::runtime: construction stage geometry="recent-8k" table="pages" seconds=2.920991744 stage="pack_preprocessing"
2026-09-09T18:14:12.661582Z DEBUG transparent_shard_server::runtime: construction stage geometry="recent-8k" table="pages" seconds=0.000266127 stage="publish_parameters"
2026-09-09T18:14:12.662047Z DEBUG transparent_shard_server::runtime: runtime stage key=("67574e8d4c7f7c258f8c7488f73e80a9476f8074c3db3540325133ff25020c2b", Pages, 0) seconds=3.8063758979999998 stage="runtime_build"
2026-09-09T18:14:13.408068Z DEBUG transparent_shard_server::runtime: runtime stage key=("67574e8d4c7f7c258f8c7488f73e80a9476f8074c3db3540325133ff25020c2b", Pages, 0) seconds=0.745986779 stage="disk_save"
2026-09-09T18:14:13.408233Z  INFO transparent_shard_server::service: prewarm finished warm=28 target=28 failed=0 seconds=128.538398066
2026-09-09T18:14:13.792425Z  INFO transparent_shard_server::runtime: retired runtime memory reclaimed rss_before=4527108096 rss_after=4355854336
2026-09-09T18:14:14.368871Z DEBUG transparent_shard_server::runtime: runtime stage key=("be059aab39ac34125e0452548d6fbcfb1e7cdb7237a597bd59ee86011ed4882b", Pages, 0) seconds=3.862e-6 stage="restore_slot"
2026-09-09T18:14:14.368867Z DEBUG transparent_shard_server::runtime: runtime stage key=("be059aab39ac34125e0452548d6fbcfb1e7cdb7237a597bd59ee86011ed4882b", Directory, 0) seconds=2.073e-6 stage="restore_slot"
2026-09-09T18:14:14.369047Z DEBUG transparent_shard_server::runtime: runtime stage key=("be059aab39ac34125e0452548d6fbcfb1e7cdb7237a597bd59ee86011ed4882b", Pages, 0) seconds=3.2349e-5 hit=false stage="disk_restore"
2026-09-09T18:14:14.369130Z DEBUG transparent_shard_server::runtime: runtime stage key=("be059aab39ac34125e0452548d6fbcfb1e7cdb7237a597bd59ee86011ed4882b", Directory, 0) seconds=3.4601e-5 hit=false stage="disk_restore"
2026-09-09T18:14:14.369084Z DEBUG transparent_shard_server::runtime: runtime stage key=("be059aab39ac34125e0452548d6fbcfb1e7cdb7237a597bd59ee86011ed4882b", Pages, 0) seconds=6.99e-7 stage="build_slot"
2026-09-09T18:14:14.369193Z DEBUG transparent_shard_server::memory: cold build admission wait seconds=3.9604e-5 admitted=true
2026-09-09T18:14:14.451618Z DEBUG transparent_shard_server::memory: work memory admission denied current=5832507392 limit=7516192768 held=805306368 requested=268435456
2026-09-09T18:14:14.505828Z DEBUG transparent_shard_server::runtime: runtime stage key=("be059aab39ac34125e0452548d6fbcfb1e7cdb7237a597bd59ee86011ed4882b", Pages, 0) seconds=0.136605802 stage="source_load"
2026-09-09T18:14:14.811042Z DEBUG transparent_shard_server::runtime: construction stage geometry="recent-8k" table="pages" seconds=0.305177645 stage="encode_database"
2026-09-09T18:14:14.811216Z DEBUG transparent_shard_server::runtime: construction stage geometry="recent-8k" table="pages" seconds=0.000138546 stage="public_setup"
2026-09-09T18:14:14.947359Z DEBUG transparent_shard_server::memory: work memory admission denied current=5866770432 limit=7516192768 held=805306368 requested=268435456
2026-09-09T18:14:15.154578Z DEBUG transparent_shard_server::memory: work memory admission denied current=5866856448 limit=7516192768 held=805306368 requested=268435456
2026-09-09T18:14:15.365534Z DEBUG transparent_shard_server::memory: work memory admission denied current=5866987520 limit=7516192768 held=805306368 requested=268435456
2026-09-09T18:14:15.384275Z DEBUG transparent_shard_server::runtime: construction stage geometry="recent-8k" table="pages" seconds=0.57304994 stage="hint_columns"
2026-09-09T18:14:16.240180Z DEBUG transparent_shard_server::memory: work memory admission denied current=5905281024 limit=7516192768 held=805306368 requested=268435456
2026-09-09T18:14:18.399934Z DEBUG transparent_shard_server::runtime: construction stage geometry="recent-8k" table="pages" seconds=3.015610585 stage="pack_preprocessing"
2026-09-09T18:14:18.400258Z DEBUG transparent_shard_server::runtime: construction stage geometry="recent-8k" table="pages" seconds=0.000283379 stage="publish_parameters"
2026-09-09T18:14:18.400712Z DEBUG transparent_shard_server::runtime: runtime stage key=("be059aab39ac34125e0452548d6fbcfb1e7cdb7237a597bd59ee86011ed4882b", Pages, 0) seconds=3.894851366 stage="runtime_build"
2026-09-09T18:14:19.169793Z DEBUG transparent_shard_server::runtime: runtime stage key=("be059aab39ac34125e0452548d6fbcfb1e7cdb7237a597bd59ee86011ed4882b", Pages, 0) seconds=0.769063801 stage="disk_save"
2026-09-09T18:14:19.169880Z DEBUG transparent_shard_server::runtime: runtime stage key=("be059aab39ac34125e0452548d6fbcfb1e7cdb7237a597bd59ee86011ed4882b", Directory, 0) seconds=4.80071253 stage="build_slot"
2026-09-09T18:14:19.169963Z DEBUG transparent_shard_server::memory: cold build admission wait seconds=7.1308e-5 admitted=true
2026-09-09T18:14:19.315760Z DEBUG transparent_shard_server::runtime: runtime stage key=("be059aab39ac34125e0452548d6fbcfb1e7cdb7237a597bd59ee86011ed4882b", Directory, 0) seconds=0.1457381 stage="source_load"
2026-09-09T18:14:19.627288Z DEBUG transparent_shard_server::runtime: construction stage geometry="recent-8k" table="directory" seconds=0.311485875 stage="encode_database"
2026-09-09T18:14:19.627441Z DEBUG transparent_shard_server::runtime: construction stage geometry="recent-8k" table="directory" seconds=0.000110976 stage="public_setup"
2026-09-09T18:14:19.787545Z DEBUG transparent_shard_server::memory: work memory admission denied current=5905174528 limit=7516192768 held=805306368 requested=268435456
2026-09-09T18:14:19.994542Z DEBUG transparent_shard_server::memory: work memory admission denied current=5905240064 limit=7516192768 held=805306368 requested=268435456
2026-09-09T18:14:20.171411Z DEBUG transparent_shard_server::runtime: construction stage geometry="recent-8k" table="directory" seconds=0.54396407 stage="hint_columns"
2026-09-09T18:14:21.039558Z DEBUG transparent_shard_server::memory: work memory admission denied current=5905383424 limit=7516192768 held=805306368 requested=268435456
2026-09-09T18:14:21.243940Z DEBUG transparent_shard_server::memory: work memory admission denied current=5905338368 limit=7516192768 held=805306368 requested=268435456
2026-09-09T18:14:21.450080Z DEBUG transparent_shard_server::memory: work memory admission denied current=5838413824 limit=7516192768 held=805306368 requested=268435456
2026-09-09T18:14:23.152387Z DEBUG transparent_shard_server::runtime: construction stage geometry="recent-8k" table="directory" seconds=2.980938185 stage="pack_preprocessing"
2026-09-09T18:14:23.152705Z DEBUG transparent_shard_server::runtime: construction stage geometry="recent-8k" table="directory" seconds=0.000279966 stage="publish_parameters"
2026-09-09T18:14:23.153120Z DEBUG transparent_shard_server::runtime: runtime stage key=("be059aab39ac34125e0452548d6fbcfb1e7cdb7237a597bd59ee86011ed4882b", Directory, 0) seconds=3.837320822 stage="runtime_build"
2026-09-09T18:14:23.935541Z DEBUG transparent_shard_server::runtime: runtime stage key=("be059aab39ac34125e0452548d6fbcfb1e7cdb7237a597bd59ee86011ed4882b", Directory, 0) seconds=0.78240815 stage="disk_save"
2026-09-09T18:14:23.935658Z  INFO transparent_shard_server::service: prewarm finished warm=28 target=28 failed=0 seconds=9.566852846
2026-09-09T18:14:23.935733Z DEBUG transparent_shard_server::live: publication preparation stages map=32426d9e9300c44558210d8540b636402af2b3c322627f9e9f26e0082b489725 loading_seconds=0.591207147 warming_seconds=9.566991927
2026-09-09T18:14:23.952712Z DEBUG transparent_shard_server::runtime: runtime stage key=("5b7ee9849d47f5ee67d04eb6ca4588beacf42dce75e5a1b481dfd02607b1fb20", Pages, 0) seconds=7.39e-7 stage="restore_slot"
2026-09-09T18:14:23.961450Z  INFO transparent_shard_server::runtime: retired runtime memory reclaimed rss_before=4708913152 rss_after=4423966720
2026-09-09T18:14:24.510675Z DEBUG transparent_shard_server::runtime: runtime stage key=("268f5c527d35817d37919707b04a706c850d449156baa071b5438dbf8eb53aec", Directory, 0) seconds=1.658e-6 stage="restore_slot"
2026-09-09T18:14:24.510806Z DEBUG transparent_shard_server::runtime: runtime stage key=("268f5c527d35817d37919707b04a706c850d449156baa071b5438dbf8eb53aec", Pages, 0) seconds=4.24e-7 stage="restore_slot"
2026-09-09T18:14:24.510888Z DEBUG transparent_shard_server::runtime: runtime stage key=("268f5c527d35817d37919707b04a706c850d449156baa071b5438dbf8eb53aec", Directory, 0) seconds=4.9681e-5 hit=false stage="disk_restore"
2026-09-09T18:14:24.510908Z DEBUG transparent_shard_server::runtime: runtime stage key=("268f5c527d35817d37919707b04a706c850d449156baa071b5438dbf8eb53aec", Directory, 0) seconds=4.01e-7 stage="build_slot"
2026-09-09T18:14:24.510902Z DEBUG transparent_shard_server::runtime: runtime stage key=("268f5c527d35817d37919707b04a706c850d449156baa071b5438dbf8eb53aec", Pages, 0) seconds=3.2817e-5 hit=false stage="disk_restore"
2026-09-09T18:14:24.510950Z DEBUG transparent_shard_server::memory: cold build admission wait seconds=3.1831e-5 admitted=true
2026-09-09T18:14:24.645543Z DEBUG transparent_shard_server::runtime: runtime stage key=("268f5c527d35817d37919707b04a706c850d449156baa071b5438dbf8eb53aec", Directory, 0) seconds=0.134565933 stage="source_load"
2026-09-09T18:14:24.854666Z DEBUG transparent_shard_server::runtime: runtime stage key=("5b7ee9849d47f5ee67d04eb6ca4588beacf42dce75e5a1b481dfd02607b1fb20", Pages, 0) seconds=0.90182675 hit=true stage="disk_restore"
2026-09-09T18:14:24.948632Z DEBUG transparent_shard_server::runtime: construction stage geometry="recent-8k" table="directory" seconds=0.30304683 stage="encode_database"
2026-09-09T18:14:24.948814Z DEBUG transparent_shard_server::runtime: construction stage geometry="recent-8k" table="directory" seconds=0.000140424 stage="public_setup"
2026-09-09T18:14:24.984830Z DEBUG transparent_shard_server::runtime: runtime stage key=("5b7ee9849d47f5ee67d04eb6ca4588beacf42dce75e5a1b481dfd02607b1fb20", Pages, 0) seconds=0.130124882 stage="source_verify"
2026-09-09T18:14:24.984864Z  INFO transparent_shard_server::runtime: restored runtime cache seconds=1.032028466
2026-09-09T18:14:25.019902Z DEBUG transparent_shard_server::memory: work memory admission denied current=5905059840 limit=7516192768 held=805306368 requested=268435456
2026-09-09T18:14:25.223660Z DEBUG transparent_shard_server::memory: work memory admission denied current=5904736256 limit=7516192768 held=805306368 requested=268435456
2026-09-09T18:14:25.432523Z DEBUG transparent_shard_server::memory: work memory admission denied current=5905342464 limit=7516192768 held=805306368 requested=268435456
2026-09-09T18:14:25.512354Z DEBUG transparent_shard_server::runtime: construction stage geometry="recent-8k" table="directory" seconds=0.563532957 stage="hint_columns"
2026-09-09T18:14:25.641217Z DEBUG transparent_shard_server::memory: work memory admission denied current=5905100800 limit=7516192768 held=805306368 requested=268435456
2026-09-09T18:14:26.349555Z DEBUG transparent_shard_server::memory: work memory admission denied current=5905551360 limit=7516192768 held=805306368 requested=268435456
2026-09-09T18:14:26.574967Z DEBUG transparent_shard_server::memory: work memory admission denied current=5905453056 limit=7516192768 held=805306368 requested=268435456
2026-09-09T18:14:27.130751Z DEBUG transparent_shard_server::memory: work memory admission denied current=5838577664 limit=7516192768 held=805306368 requested=268435456
2026-09-09T18:14:28.433790Z DEBUG transparent_shard_server::runtime: construction stage geometry="recent-8k" table="directory" seconds=2.9213935920000003 stage="pack_preprocessing"
2026-09-09T18:14:28.434100Z DEBUG transparent_shard_server::runtime: construction stage geometry="recent-8k" table="directory" seconds=0.000266525 stage="publish_parameters"
2026-09-09T18:14:28.434564Z DEBUG transparent_shard_server::runtime: runtime stage key=("268f5c527d35817d37919707b04a706c850d449156baa071b5438dbf8eb53aec", Directory, 0) seconds=3.788981457 stage="runtime_build"
2026-09-09T18:14:29.176399Z DEBUG transparent_shard_server::runtime: runtime stage key=("268f5c527d35817d37919707b04a706c850d449156baa071b5438dbf8eb53aec", Directory, 0) seconds=0.741813466 stage="disk_save"
2026-09-09T18:14:29.176469Z DEBUG transparent_shard_server::runtime: runtime stage key=("268f5c527d35817d37919707b04a706c850d449156baa071b5438dbf8eb53aec", Pages, 0) seconds=4.665512925 stage="build_slot"
2026-09-09T18:14:29.176562Z DEBUG transparent_shard_server::memory: cold build admission wait seconds=7.4772e-5 admitted=true
2026-09-09T18:14:29.324620Z DEBUG transparent_shard_server::runtime: runtime stage key=("268f5c527d35817d37919707b04a706c850d449156baa071b5438dbf8eb53aec", Pages, 0) seconds=0.148007614 stage="source_load"
2026-09-09T18:14:29.645187Z DEBUG transparent_shard_server::runtime: construction stage geometry="recent-8k" table="pages" seconds=0.320521351 stage="encode_database"
2026-09-09T18:14:29.645301Z DEBUG transparent_shard_server::runtime: construction stage geometry="recent-8k" table="pages" seconds=6.857e-5 stage="public_setup"
2026-09-09T18:14:29.743628Z DEBUG transparent_shard_server::memory: work memory admission denied current=5905350656 limit=7516192768 held=805306368 requested=268435456
2026-09-09T18:14:29.951197Z DEBUG transparent_shard_server::memory: work memory admission denied current=5905350656 limit=7516192768 held=805306368 requested=268435456
2026-09-09T18:14:30.157332Z DEBUG transparent_shard_server::memory: work memory admission denied current=5905088512 limit=7516192768 held=805306368 requested=268435456
2026-09-09T18:14:30.190199Z DEBUG transparent_shard_server::runtime: construction stage geometry="recent-8k" table="pages" seconds=0.544890838 stage="hint_columns"
2026-09-09T18:14:30.691091Z DEBUG transparent_shard_server::memory: work memory admission denied current=5905260544 limit=7516192768 held=805306368 requested=268435456
2026-09-09T18:14:31.063008Z DEBUG transparent_shard_server::memory: work memory admission denied current=5905481728 limit=7516192768 held=805306368 requested=268435456
2026-09-09T18:14:31.272015Z DEBUG transparent_shard_server::memory: work memory admission denied current=5905190912 limit=7516192768 held=805306368 requested=268435456
2026-09-09T18:14:31.808531Z DEBUG transparent_shard_server::memory: work memory admission denied current=5838282752 limit=7516192768 held=805306368 requested=268435456
2026-09-09T18:14:33.101642Z DEBUG transparent_shard_server::runtime: construction stage geometry="recent-8k" table="pages" seconds=2.911400414 stage="pack_preprocessing"
2026-09-09T18:14:33.101953Z DEBUG transparent_shard_server::runtime: construction stage geometry="recent-8k" table="pages" seconds=0.000270293 stage="publish_parameters"
2026-09-09T18:14:33.102394Z DEBUG transparent_shard_server::runtime: runtime stage key=("268f5c527d35817d37919707b04a706c850d449156baa071b5438dbf8eb53aec", Pages, 0) seconds=3.777731354 stage="runtime_build"
2026-09-09T18:14:33.853928Z DEBUG transparent_shard_server::runtime: runtime stage key=("268f5c527d35817d37919707b04a706c850d449156baa071b5438dbf8eb53aec", Pages, 0) seconds=0.751518006 stage="disk_save"
2026-09-09T18:14:33.854032Z  INFO transparent_shard_server::service: prewarm finished warm=28 target=28 failed=0 seconds=9.343405143
2026-09-09T18:14:33.854072Z DEBUG transparent_shard_server::live: publication preparation stages map=12cbb58695cd66166197842d179b61598c15effb06ad32efcd899a13e36e7b10 loading_seconds=0.57343151 warming_seconds=9.343621947
test burst::publication_burst_under_exact_load ... ok

test result: ok. 1 passed; 0 failed; 0 ignored; 0 measured; 14 filtered out; finished in 154.60s

Finished with result: success
Main processes terminated with: code=exited/status=0
Service runtime: 2min 34.630s
CPU time consumed: 3min 53.157s
Memory peak: 520.0K
Memory swap peak: 0B
