Running as unit: transparent-full-burst-95108f94abf148a1b60cb3449d0af9d4.service

running 1 test
2026-09-09T18:09:31.176889Z DEBUG transparent_shard_server::runtime: runtime stage key=("5b7ee9849d47f5ee67d04eb6ca4588beacf42dce75e5a1b481dfd02607b1fb20", Directory, 0) seconds=4.518e-6 stage="restore_slot"
2026-09-09T18:09:31.176896Z DEBUG transparent_shard_server::runtime: runtime stage key=("5b7ee9849d47f5ee67d04eb6ca4588beacf42dce75e5a1b481dfd02607b1fb20", Pages, 0) seconds=1.101e-6 stage="restore_slot"
2026-09-09T18:09:31.176924Z DEBUG transparent_shard_server::runtime: runtime stage key=("1f5d7213a380745d83cc554ad16bdf9e039a0304d0de0b71376828e1838d0ea4", Directory, 0) seconds=6.64e-7 stage="restore_slot"
2026-09-09T18:09:31.177110Z DEBUG transparent_shard_server::runtime: runtime stage key=("1f5d7213a380745d83cc554ad16bdf9e039a0304d0de0b71376828e1838d0ea4", Pages, 0) seconds=3.72e-7 stage="restore_slot"
2026-09-09T18:09:31.177255Z DEBUG transparent_shard_server::runtime: runtime stage key=("5b7ee9849d47f5ee67d04eb6ca4588beacf42dce75e5a1b481dfd02607b1fb20", Directory, 0) seconds=3.5498e-5 hit=false stage="disk_restore"
2026-09-09T18:09:31.177295Z DEBUG transparent_shard_server::runtime: runtime stage key=("5b7ee9849d47f5ee67d04eb6ca4588beacf42dce75e5a1b481dfd02607b1fb20", Directory, 0) seconds=1.4e-6 stage="build_slot"
2026-09-09T18:09:31.177303Z DEBUG transparent_shard_server::runtime: runtime stage key=("1f5d7213a380745d83cc554ad16bdf9e039a0304d0de0b71376828e1838d0ea4", Directory, 0) seconds=1.1446e-5 hit=false stage="disk_restore"
2026-09-09T18:09:31.177314Z DEBUG transparent_shard_server::runtime: runtime stage key=("5b7ee9849d47f5ee67d04eb6ca4588beacf42dce75e5a1b481dfd02607b1fb20", Pages, 0) seconds=3.8069e-5 hit=false stage="disk_restore"
2026-09-09T18:09:31.177346Z DEBUG transparent_shard_server::memory: cold build admission wait seconds=4.253e-5 admitted=true
2026-09-09T18:09:31.177367Z DEBUG transparent_shard_server::runtime: runtime stage key=("1f5d7213a380745d83cc554ad16bdf9e039a0304d0de0b71376828e1838d0ea4", Pages, 0) seconds=1.0485e-5 hit=false stage="disk_restore"
2026-09-09T18:09:31.307239Z DEBUG transparent_shard_server::runtime: runtime stage key=("5b7ee9849d47f5ee67d04eb6ca4588beacf42dce75e5a1b481dfd02607b1fb20", Directory, 0) seconds=0.129881978 stage="source_load"
2026-09-09T18:09:31.603523Z DEBUG transparent_shard_server::runtime: construction stage geometry="recent-8k" table="directory" seconds=0.296234344 stage="encode_database"
2026-09-09T18:09:31.603631Z DEBUG transparent_shard_server::runtime: construction stage geometry="recent-8k" table="directory" seconds=6.093e-5 stage="public_setup"
2026-09-09T18:09:32.159872Z DEBUG transparent_shard_server::runtime: construction stage geometry="recent-8k" table="directory" seconds=0.55623493 stage="hint_columns"
2026-09-09T18:09:35.006111Z DEBUG transparent_shard_server::runtime: construction stage geometry="recent-8k" table="directory" seconds=2.8461947800000003 stage="pack_preprocessing"
2026-09-09T18:09:35.006428Z DEBUG transparent_shard_server::runtime: construction stage geometry="recent-8k" table="directory" seconds=0.000274947 stage="publish_parameters"
2026-09-09T18:09:35.008359Z DEBUG transparent_shard_server::runtime: runtime stage key=("5b7ee9849d47f5ee67d04eb6ca4588beacf42dce75e5a1b481dfd02607b1fb20", Directory, 0) seconds=3.701072092 stage="runtime_build"
2026-09-09T18:09:35.734195Z DEBUG transparent_shard_server::runtime: runtime stage key=("5b7ee9849d47f5ee67d04eb6ca4588beacf42dce75e5a1b481dfd02607b1fb20", Directory, 0) seconds=0.723946245 stage="disk_save"
2026-09-09T18:09:35.734297Z DEBUG transparent_shard_server::runtime: runtime stage key=("1f5d7213a380745d83cc554ad16bdf9e039a0304d0de0b71376828e1838d0ea4", Directory, 0) seconds=4.556949433 stage="build_slot"
2026-09-09T18:09:35.734415Z DEBUG transparent_shard_server::memory: cold build admission wait seconds=9.0355e-5 admitted=true
2026-09-09T18:09:35.734443Z DEBUG transparent_shard_server::runtime: runtime stage key=("ca7afe810c988a8b4b561668f3456a9f38d1fdbb0776614e07ddfeb1a2132000", Directory, 0) seconds=5.57e-7 stage="restore_slot"
2026-09-09T18:09:35.734616Z DEBUG transparent_shard_server::runtime: runtime stage key=("ca7afe810c988a8b4b561668f3456a9f38d1fdbb0776614e07ddfeb1a2132000", Directory, 0) seconds=2.7745e-5 hit=false stage="disk_restore"
2026-09-09T18:09:35.865704Z DEBUG transparent_shard_server::runtime: runtime stage key=("1f5d7213a380745d83cc554ad16bdf9e039a0304d0de0b71376828e1838d0ea4", Directory, 0) seconds=0.131134842 stage="source_load"
2026-09-09T18:09:36.168267Z DEBUG transparent_shard_server::runtime: construction stage geometry="recent-8k" table="directory" seconds=0.302500469 stage="encode_database"
2026-09-09T18:09:36.168393Z DEBUG transparent_shard_server::runtime: construction stage geometry="recent-8k" table="directory" seconds=7.735e-5 stage="public_setup"
2026-09-09T18:09:36.697570Z DEBUG transparent_shard_server::runtime: construction stage geometry="recent-8k" table="directory" seconds=0.529170193 stage="hint_columns"
2026-09-09T18:09:39.551803Z DEBUG transparent_shard_server::runtime: construction stage geometry="recent-8k" table="directory" seconds=2.854177011 stage="pack_preprocessing"
2026-09-09T18:09:39.552111Z DEBUG transparent_shard_server::runtime: construction stage geometry="recent-8k" table="directory" seconds=0.000251182 stage="publish_parameters"
2026-09-09T18:09:39.552605Z DEBUG transparent_shard_server::runtime: runtime stage key=("1f5d7213a380745d83cc554ad16bdf9e039a0304d0de0b71376828e1838d0ea4", Directory, 0) seconds=3.686840544 stage="runtime_build"
2026-09-09T18:09:40.274408Z DEBUG transparent_shard_server::runtime: runtime stage key=("1f5d7213a380745d83cc554ad16bdf9e039a0304d0de0b71376828e1838d0ea4", Directory, 0) seconds=0.721779618 stage="disk_save"
2026-09-09T18:09:40.274534Z DEBUG transparent_shard_server::runtime: runtime stage key=("ca7afe810c988a8b4b561668f3456a9f38d1fdbb0776614e07ddfeb1a2132000", Pages, 0) seconds=2.579e-6 stage="restore_slot"
2026-09-09T18:09:40.274650Z DEBUG transparent_shard_server::runtime: runtime stage key=("5b7ee9849d47f5ee67d04eb6ca4588beacf42dce75e5a1b481dfd02607b1fb20", Pages, 0) seconds=9.097303168 stage="build_slot"
2026-09-09T18:09:40.274683Z DEBUG transparent_shard_server::memory: cold build admission wait seconds=2.4287e-5 admitted=true
2026-09-09T18:09:40.274693Z DEBUG transparent_shard_server::runtime: runtime stage key=("ca7afe810c988a8b4b561668f3456a9f38d1fdbb0776614e07ddfeb1a2132000", Pages, 0) seconds=3.7099e-5 hit=false stage="disk_restore"
2026-09-09T18:09:40.396679Z DEBUG transparent_shard_server::runtime: runtime stage key=("5b7ee9849d47f5ee67d04eb6ca4588beacf42dce75e5a1b481dfd02607b1fb20", Pages, 0) seconds=0.121977428 stage="source_load"
2026-09-09T18:09:40.698192Z DEBUG transparent_shard_server::runtime: construction stage geometry="recent-8k" table="pages" seconds=0.301458787 stage="encode_database"
2026-09-09T18:09:40.698332Z DEBUG transparent_shard_server::runtime: construction stage geometry="recent-8k" table="pages" seconds=9.6988e-5 stage="public_setup"
2026-09-09T18:09:41.219767Z DEBUG transparent_shard_server::runtime: construction stage geometry="recent-8k" table="pages" seconds=0.521426019 stage="hint_columns"
2026-09-09T18:09:44.048740Z DEBUG transparent_shard_server::runtime: construction stage geometry="recent-8k" table="pages" seconds=2.828921936 stage="pack_preprocessing"
2026-09-09T18:09:44.049061Z DEBUG transparent_shard_server::runtime: construction stage geometry="recent-8k" table="pages" seconds=0.000274898 stage="publish_parameters"
2026-09-09T18:09:44.049563Z DEBUG transparent_shard_server::runtime: runtime stage key=("5b7ee9849d47f5ee67d04eb6ca4588beacf42dce75e5a1b481dfd02607b1fb20", Pages, 0) seconds=3.652832975 stage="runtime_build"
2026-09-09T18:09:44.766357Z DEBUG transparent_shard_server::runtime: runtime stage key=("5b7ee9849d47f5ee67d04eb6ca4588beacf42dce75e5a1b481dfd02607b1fb20", Pages, 0) seconds=0.71676723 stage="disk_save"
2026-09-09T18:09:44.766467Z DEBUG transparent_shard_server::runtime: runtime stage key=("95df7205357fe2d9c962d2b41daded841e05afa7b6fc8d06dfec46ad04e15335", Directory, 0) seconds=2.158e-6 stage="restore_slot"
2026-09-09T18:09:44.766586Z DEBUG transparent_shard_server::runtime: runtime stage key=("1f5d7213a380745d83cc554ad16bdf9e039a0304d0de0b71376828e1838d0ea4", Pages, 0) seconds=13.588404598 stage="build_slot"
2026-09-09T18:09:44.766626Z DEBUG transparent_shard_server::memory: cold build admission wait seconds=3.3807e-5 admitted=true
2026-09-09T18:09:44.766629Z DEBUG transparent_shard_server::runtime: runtime stage key=("95df7205357fe2d9c962d2b41daded841e05afa7b6fc8d06dfec46ad04e15335", Directory, 0) seconds=3.6184e-5 hit=false stage="disk_restore"
2026-09-09T18:09:44.886103Z DEBUG transparent_shard_server::runtime: runtime stage key=("1f5d7213a380745d83cc554ad16bdf9e039a0304d0de0b71376828e1838d0ea4", Pages, 0) seconds=0.119459751 stage="source_load"
2026-09-09T18:09:45.184205Z DEBUG transparent_shard_server::runtime: construction stage geometry="recent-8k" table="pages" seconds=0.298062292 stage="encode_database"
2026-09-09T18:09:45.184341Z DEBUG transparent_shard_server::runtime: construction stage geometry="recent-8k" table="pages" seconds=9.3471e-5 stage="public_setup"
2026-09-09T18:09:45.747973Z DEBUG transparent_shard_server::runtime: construction stage geometry="recent-8k" table="pages" seconds=0.56362481 stage="hint_columns"
2026-09-09T18:09:48.595410Z DEBUG transparent_shard_server::runtime: construction stage geometry="recent-8k" table="pages" seconds=2.847389967 stage="pack_preprocessing"
2026-09-09T18:09:48.595700Z DEBUG transparent_shard_server::runtime: construction stage geometry="recent-8k" table="pages" seconds=0.000249639 stage="publish_parameters"
2026-09-09T18:09:48.596122Z DEBUG transparent_shard_server::runtime: runtime stage key=("1f5d7213a380745d83cc554ad16bdf9e039a0304d0de0b71376828e1838d0ea4", Pages, 0) seconds=3.70998132 stage="runtime_build"
2026-09-09T18:09:49.302262Z DEBUG transparent_shard_server::runtime: runtime stage key=("1f5d7213a380745d83cc554ad16bdf9e039a0304d0de0b71376828e1838d0ea4", Pages, 0) seconds=0.706124426 stage="disk_save"
2026-09-09T18:09:49.302475Z DEBUG transparent_shard_server::runtime: runtime stage key=("95df7205357fe2d9c962d2b41daded841e05afa7b6fc8d06dfec46ad04e15335", Pages, 0) seconds=2.369e-6 stage="restore_slot"
2026-09-09T18:09:49.302598Z DEBUG transparent_shard_server::runtime: runtime stage key=("ca7afe810c988a8b4b561668f3456a9f38d1fdbb0776614e07ddfeb1a2132000", Directory, 0) seconds=13.567951764 stage="build_slot"
2026-09-09T18:09:49.302635Z DEBUG transparent_shard_server::memory: cold build admission wait seconds=2.8293e-5 admitted=true
2026-09-09T18:09:49.302644Z DEBUG transparent_shard_server::runtime: runtime stage key=("95df7205357fe2d9c962d2b41daded841e05afa7b6fc8d06dfec46ad04e15335", Pages, 0) seconds=4.1064e-5 hit=false stage="disk_restore"
2026-09-09T18:09:49.422206Z DEBUG transparent_shard_server::runtime: runtime stage key=("ca7afe810c988a8b4b561668f3456a9f38d1fdbb0776614e07ddfeb1a2132000", Directory, 0) seconds=0.119551521 stage="source_load"
2026-09-09T18:09:49.719607Z DEBUG transparent_shard_server::runtime: construction stage geometry="recent-8k" table="directory" seconds=0.297349543 stage="encode_database"
2026-09-09T18:09:49.719726Z DEBUG transparent_shard_server::runtime: construction stage geometry="recent-8k" table="directory" seconds=7.5039e-5 stage="public_setup"
2026-09-09T18:09:50.272989Z DEBUG transparent_shard_server::runtime: construction stage geometry="recent-8k" table="directory" seconds=0.553255042 stage="hint_columns"
2026-09-09T18:09:53.124081Z DEBUG transparent_shard_server::runtime: construction stage geometry="recent-8k" table="directory" seconds=2.851043457 stage="pack_preprocessing"
2026-09-09T18:09:53.124371Z DEBUG transparent_shard_server::runtime: construction stage geometry="recent-8k" table="directory" seconds=0.000248267 stage="publish_parameters"
2026-09-09T18:09:53.124847Z DEBUG transparent_shard_server::runtime: runtime stage key=("ca7afe810c988a8b4b561668f3456a9f38d1fdbb0776614e07ddfeb1a2132000", Directory, 0) seconds=3.702590497 stage="runtime_build"
2026-09-09T18:09:53.835587Z DEBUG transparent_shard_server::runtime: runtime stage key=("ca7afe810c988a8b4b561668f3456a9f38d1fdbb0776614e07ddfeb1a2132000", Directory, 0) seconds=0.710718827 stage="disk_save"
2026-09-09T18:09:53.835710Z DEBUG transparent_shard_server::runtime: runtime stage key=("73d46a59d0d03d7616f9a47e53b50448d4c5a3504e6e296600d8884c8c4403b8", Directory, 0) seconds=1.891e-6 stage="restore_slot"
2026-09-09T18:09:53.835833Z DEBUG transparent_shard_server::runtime: runtime stage key=("ca7afe810c988a8b4b561668f3456a9f38d1fdbb0776614e07ddfeb1a2132000", Pages, 0) seconds=13.561095391 stage="build_slot"
2026-09-09T18:09:53.835862Z DEBUG transparent_shard_server::memory: cold build admission wait seconds=2.3337e-5 admitted=true
2026-09-09T18:09:53.835876Z DEBUG transparent_shard_server::runtime: runtime stage key=("73d46a59d0d03d7616f9a47e53b50448d4c5a3504e6e296600d8884c8c4403b8", Directory, 0) seconds=3.8197e-5 hit=false stage="disk_restore"
2026-09-09T18:09:53.957443Z DEBUG transparent_shard_server::runtime: runtime stage key=("ca7afe810c988a8b4b561668f3456a9f38d1fdbb0776614e07ddfeb1a2132000", Pages, 0) seconds=0.121562602 stage="source_load"
2026-09-09T18:09:54.255458Z DEBUG transparent_shard_server::runtime: construction stage geometry="recent-8k" table="pages" seconds=0.297965883 stage="encode_database"
2026-09-09T18:09:54.255577Z DEBUG transparent_shard_server::runtime: construction stage geometry="recent-8k" table="pages" seconds=7.4485e-5 stage="public_setup"
2026-09-09T18:09:54.825871Z DEBUG transparent_shard_server::runtime: construction stage geometry="recent-8k" table="pages" seconds=0.570286822 stage="hint_columns"
2026-09-09T18:09:57.696355Z DEBUG transparent_shard_server::runtime: construction stage geometry="recent-8k" table="pages" seconds=2.870433597 stage="pack_preprocessing"
2026-09-09T18:09:57.696680Z DEBUG transparent_shard_server::runtime: construction stage geometry="recent-8k" table="pages" seconds=0.000281813 stage="publish_parameters"
2026-09-09T18:09:57.697124Z DEBUG transparent_shard_server::runtime: runtime stage key=("ca7afe810c988a8b4b561668f3456a9f38d1fdbb0776614e07ddfeb1a2132000", Pages, 0) seconds=3.739634212 stage="runtime_build"
2026-09-09T18:09:58.421432Z DEBUG transparent_shard_server::runtime: runtime stage key=("ca7afe810c988a8b4b561668f3456a9f38d1fdbb0776614e07ddfeb1a2132000", Pages, 0) seconds=0.724286559 stage="disk_save"
2026-09-09T18:09:58.421555Z DEBUG transparent_shard_server::runtime: runtime stage key=("73d46a59d0d03d7616f9a47e53b50448d4c5a3504e6e296600d8884c8c4403b8", Pages, 0) seconds=1.809e-6 stage="restore_slot"
2026-09-09T18:09:58.421682Z DEBUG transparent_shard_server::runtime: runtime stage key=("95df7205357fe2d9c962d2b41daded841e05afa7b6fc8d06dfec46ad04e15335", Directory, 0) seconds=13.655014487999999 stage="build_slot"
2026-09-09T18:09:58.421723Z DEBUG transparent_shard_server::memory: cold build admission wait seconds=3.4396e-5 admitted=true
2026-09-09T18:09:58.421730Z DEBUG transparent_shard_server::runtime: runtime stage key=("73d46a59d0d03d7616f9a47e53b50448d4c5a3504e6e296600d8884c8c4403b8", Pages, 0) seconds=4.0347e-5 hit=false stage="disk_restore"
2026-09-09T18:09:58.544776Z DEBUG transparent_shard_server::runtime: runtime stage key=("95df7205357fe2d9c962d2b41daded841e05afa7b6fc8d06dfec46ad04e15335", Directory, 0) seconds=0.123029126 stage="source_load"
2026-09-09T18:09:58.848623Z DEBUG transparent_shard_server::runtime: construction stage geometry="recent-8k" table="directory" seconds=0.303792892 stage="encode_database"
2026-09-09T18:09:58.848745Z DEBUG transparent_shard_server::runtime: construction stage geometry="recent-8k" table="directory" seconds=7.586e-5 stage="public_setup"
2026-09-09T18:09:59.415089Z DEBUG transparent_shard_server::runtime: construction stage geometry="recent-8k" table="directory" seconds=0.566336523 stage="hint_columns"
2026-09-09T18:10:02.299137Z DEBUG transparent_shard_server::runtime: construction stage geometry="recent-8k" table="directory" seconds=2.883999013 stage="pack_preprocessing"
2026-09-09T18:10:02.299457Z DEBUG transparent_shard_server::runtime: construction stage geometry="recent-8k" table="directory" seconds=0.000266513 stage="publish_parameters"
2026-09-09T18:10:02.299911Z DEBUG transparent_shard_server::runtime: runtime stage key=("95df7205357fe2d9c962d2b41daded841e05afa7b6fc8d06dfec46ad04e15335", Directory, 0) seconds=3.7550833040000002 stage="runtime_build"
2026-09-09T18:10:03.042784Z DEBUG transparent_shard_server::runtime: runtime stage key=("95df7205357fe2d9c962d2b41daded841e05afa7b6fc8d06dfec46ad04e15335", Directory, 0) seconds=0.742858253 stage="disk_save"
2026-09-09T18:10:03.043004Z DEBUG transparent_shard_server::runtime: runtime stage key=("b16be2933ab920bc4745ea8917e5167a7a685c211e0b4febe88b4d3018f970bc", Directory, 0) seconds=1.489e-6 stage="restore_slot"
2026-09-09T18:10:03.043120Z DEBUG transparent_shard_server::runtime: runtime stage key=("95df7205357fe2d9c962d2b41daded841e05afa7b6fc8d06dfec46ad04e15335", Pages, 0) seconds=13.740434121 stage="build_slot"
2026-09-09T18:10:03.043153Z DEBUG transparent_shard_server::memory: cold build admission wait seconds=2.592e-5 admitted=true
2026-09-09T18:10:03.043181Z DEBUG transparent_shard_server::runtime: runtime stage key=("b16be2933ab920bc4745ea8917e5167a7a685c211e0b4febe88b4d3018f970bc", Directory, 0) seconds=5.4466e-5 hit=false stage="disk_restore"
2026-09-09T18:10:03.167615Z DEBUG transparent_shard_server::runtime: runtime stage key=("95df7205357fe2d9c962d2b41daded841e05afa7b6fc8d06dfec46ad04e15335", Pages, 0) seconds=0.124433003 stage="source_load"
2026-09-09T18:10:03.474655Z DEBUG transparent_shard_server::runtime: construction stage geometry="recent-8k" table="pages" seconds=0.306989148 stage="encode_database"
2026-09-09T18:10:03.474781Z DEBUG transparent_shard_server::runtime: construction stage geometry="recent-8k" table="pages" seconds=8.0295e-5 stage="public_setup"
2026-09-09T18:10:04.042147Z DEBUG transparent_shard_server::runtime: construction stage geometry="recent-8k" table="pages" seconds=0.567358352 stage="hint_columns"
2026-09-09T18:10:06.900112Z DEBUG transparent_shard_server::runtime: construction stage geometry="recent-8k" table="pages" seconds=2.857900422 stage="pack_preprocessing"
2026-09-09T18:10:06.900438Z DEBUG transparent_shard_server::runtime: construction stage geometry="recent-8k" table="pages" seconds=0.000281496 stage="publish_parameters"
2026-09-09T18:10:06.900897Z DEBUG transparent_shard_server::runtime: runtime stage key=("95df7205357fe2d9c962d2b41daded841e05afa7b6fc8d06dfec46ad04e15335", Pages, 0) seconds=3.733233109 stage="runtime_build"
2026-09-09T18:10:07.620329Z DEBUG transparent_shard_server::runtime: runtime stage key=("95df7205357fe2d9c962d2b41daded841e05afa7b6fc8d06dfec46ad04e15335", Pages, 0) seconds=0.719413576 stage="disk_save"
2026-09-09T18:10:07.620454Z DEBUG transparent_shard_server::runtime: runtime stage key=("b16be2933ab920bc4745ea8917e5167a7a685c211e0b4febe88b4d3018f970bc", Pages, 0) seconds=1.743e-6 stage="restore_slot"
2026-09-09T18:10:07.620585Z DEBUG transparent_shard_server::runtime: runtime stage key=("73d46a59d0d03d7616f9a47e53b50448d4c5a3504e6e296600d8884c8c4403b8", Directory, 0) seconds=13.784658519 stage="build_slot"
2026-09-09T18:10:07.620622Z DEBUG transparent_shard_server::memory: cold build admission wait seconds=2.6773e-5 admitted=true
2026-09-09T18:10:07.620633Z DEBUG transparent_shard_server::runtime: runtime stage key=("b16be2933ab920bc4745ea8917e5167a7a685c211e0b4febe88b4d3018f970bc", Pages, 0) seconds=3.9741e-5 hit=false stage="disk_restore"
2026-09-09T18:10:07.740354Z DEBUG transparent_shard_server::runtime: runtime stage key=("73d46a59d0d03d7616f9a47e53b50448d4c5a3504e6e296600d8884c8c4403b8", Directory, 0) seconds=0.119713093 stage="source_load"
2026-09-09T18:10:08.042258Z DEBUG transparent_shard_server::runtime: construction stage geometry="recent-8k" table="directory" seconds=0.301859207 stage="encode_database"
2026-09-09T18:10:08.042380Z DEBUG transparent_shard_server::runtime: construction stage geometry="recent-8k" table="directory" seconds=8.0558e-5 stage="public_setup"
2026-09-09T18:10:08.570481Z DEBUG transparent_shard_server::runtime: construction stage geometry="recent-8k" table="directory" seconds=0.528093291 stage="hint_columns"
2026-09-09T18:10:11.396951Z DEBUG transparent_shard_server::runtime: construction stage geometry="recent-8k" table="directory" seconds=2.826405186 stage="pack_preprocessing"
2026-09-09T18:10:11.397266Z DEBUG transparent_shard_server::runtime: construction stage geometry="recent-8k" table="directory" seconds=0.000272973 stage="publish_parameters"
2026-09-09T18:10:11.397696Z DEBUG transparent_shard_server::runtime: runtime stage key=("73d46a59d0d03d7616f9a47e53b50448d4c5a3504e6e296600d8884c8c4403b8", Directory, 0) seconds=3.657299885 stage="runtime_build"
2026-09-09T18:10:12.110431Z DEBUG transparent_shard_server::runtime: runtime stage key=("73d46a59d0d03d7616f9a47e53b50448d4c5a3504e6e296600d8884c8c4403b8", Directory, 0) seconds=0.712703745 stage="disk_save"
2026-09-09T18:10:12.110547Z DEBUG transparent_shard_server::runtime: runtime stage key=("16b8227360ce35dd2e111156f5e31fd5eb500ff877879a212fef6cf8471de8a5", Directory, 0) seconds=2.077e-6 stage="restore_slot"
2026-09-09T18:10:12.110654Z DEBUG transparent_shard_server::runtime: runtime stage key=("73d46a59d0d03d7616f9a47e53b50448d4c5a3504e6e296600d8884c8c4403b8", Pages, 0) seconds=13.688888362 stage="build_slot"
2026-09-09T18:10:12.110685Z DEBUG transparent_shard_server::memory: cold build admission wait seconds=2.483e-5 admitted=true
2026-09-09T18:10:12.110702Z DEBUG transparent_shard_server::runtime: runtime stage key=("16b8227360ce35dd2e111156f5e31fd5eb500ff877879a212fef6cf8471de8a5", Directory, 0) seconds=3.9002e-5 hit=false stage="disk_restore"
2026-09-09T18:10:12.232888Z DEBUG transparent_shard_server::runtime: runtime stage key=("73d46a59d0d03d7616f9a47e53b50448d4c5a3504e6e296600d8884c8c4403b8", Pages, 0) seconds=0.122185145 stage="source_load"
2026-09-09T18:10:12.529484Z DEBUG transparent_shard_server::runtime: construction stage geometry="recent-8k" table="pages" seconds=0.296552557 stage="encode_database"
2026-09-09T18:10:12.529607Z DEBUG transparent_shard_server::runtime: construction stage geometry="recent-8k" table="pages" seconds=8.1608e-5 stage="public_setup"
2026-09-09T18:10:13.099846Z DEBUG transparent_shard_server::runtime: construction stage geometry="recent-8k" table="pages" seconds=0.570231583 stage="hint_columns"
2026-09-09T18:10:15.936971Z DEBUG transparent_shard_server::runtime: construction stage geometry="recent-8k" table="pages" seconds=2.837074806 stage="pack_preprocessing"
2026-09-09T18:10:15.937288Z DEBUG transparent_shard_server::runtime: construction stage geometry="recent-8k" table="pages" seconds=0.00027527 stage="publish_parameters"
2026-09-09T18:10:15.937736Z DEBUG transparent_shard_server::runtime: runtime stage key=("73d46a59d0d03d7616f9a47e53b50448d4c5a3504e6e296600d8884c8c4403b8", Pages, 0) seconds=3.704806414 stage="runtime_build"
2026-09-09T18:10:16.668944Z DEBUG transparent_shard_server::runtime: runtime stage key=("73d46a59d0d03d7616f9a47e53b50448d4c5a3504e6e296600d8884c8c4403b8", Pages, 0) seconds=0.731189086 stage="disk_save"
2026-09-09T18:10:16.669055Z DEBUG transparent_shard_server::runtime: runtime stage key=("16b8227360ce35dd2e111156f5e31fd5eb500ff877879a212fef6cf8471de8a5", Pages, 0) seconds=1.795e-6 stage="restore_slot"
2026-09-09T18:10:16.669200Z DEBUG transparent_shard_server::runtime: runtime stage key=("b16be2933ab920bc4745ea8917e5167a7a685c211e0b4febe88b4d3018f970bc", Directory, 0) seconds=13.625977568 stage="build_slot"
2026-09-09T18:10:16.669238Z DEBUG transparent_shard_server::memory: cold build admission wait seconds=2.732e-5 admitted=true
2026-09-09T18:10:16.669325Z DEBUG transparent_shard_server::runtime: runtime stage key=("16b8227360ce35dd2e111156f5e31fd5eb500ff877879a212fef6cf8471de8a5", Pages, 0) seconds=2.7088e-5 hit=false stage="disk_restore"
2026-09-09T18:10:16.801819Z DEBUG transparent_shard_server::runtime: runtime stage key=("b16be2933ab920bc4745ea8917e5167a7a685c211e0b4febe88b4d3018f970bc", Directory, 0) seconds=0.132542604 stage="source_load"
2026-09-09T18:10:17.102631Z DEBUG transparent_shard_server::runtime: construction stage geometry="recent-8k" table="directory" seconds=0.30076443 stage="encode_database"
2026-09-09T18:10:17.102768Z DEBUG transparent_shard_server::runtime: construction stage geometry="recent-8k" table="directory" seconds=7.3302e-5 stage="public_setup"
2026-09-09T18:10:17.630399Z DEBUG transparent_shard_server::runtime: construction stage geometry="recent-8k" table="directory" seconds=0.527623152 stage="hint_columns"
2026-09-09T18:10:20.486436Z DEBUG transparent_shard_server::runtime: construction stage geometry="recent-8k" table="directory" seconds=2.855990818 stage="pack_preprocessing"
2026-09-09T18:10:20.486785Z DEBUG transparent_shard_server::runtime: construction stage geometry="recent-8k" table="directory" seconds=0.000302722 stage="publish_parameters"
2026-09-09T18:10:20.487226Z DEBUG transparent_shard_server::runtime: runtime stage key=("b16be2933ab920bc4745ea8917e5167a7a685c211e0b4febe88b4d3018f970bc", Directory, 0) seconds=3.6853618949999998 stage="runtime_build"
2026-09-09T18:10:21.209761Z DEBUG transparent_shard_server::runtime: runtime stage key=("b16be2933ab920bc4745ea8917e5167a7a685c211e0b4febe88b4d3018f970bc", Directory, 0) seconds=0.722516336 stage="disk_save"
2026-09-09T18:10:21.209897Z DEBUG transparent_shard_server::runtime: runtime stage key=("1cd27964911287b2a127c1f8df5e6b0c19f5b4db309391c5adb2db3072bfec6e", Directory, 0) seconds=1.571e-6 stage="restore_slot"
2026-09-09T18:10:21.210012Z DEBUG transparent_shard_server::runtime: runtime stage key=("b16be2933ab920bc4745ea8917e5167a7a685c211e0b4febe88b4d3018f970bc", Pages, 0) seconds=13.58933885 stage="build_slot"
2026-09-09T18:10:21.210050Z DEBUG transparent_shard_server::memory: cold build admission wait seconds=2.9638e-5 admitted=true
2026-09-09T18:10:21.210064Z DEBUG transparent_shard_server::runtime: runtime stage key=("1cd27964911287b2a127c1f8df5e6b0c19f5b4db309391c5adb2db3072bfec6e", Directory, 0) seconds=4.9989e-5 hit=false stage="disk_restore"
2026-09-09T18:10:21.333180Z DEBUG transparent_shard_server::runtime: runtime stage key=("b16be2933ab920bc4745ea8917e5167a7a685c211e0b4febe88b4d3018f970bc", Pages, 0) seconds=0.123108511 stage="source_load"
2026-09-09T18:10:21.633831Z DEBUG transparent_shard_server::runtime: construction stage geometry="recent-8k" table="pages" seconds=0.300604417 stage="encode_database"
2026-09-09T18:10:21.633949Z DEBUG transparent_shard_server::runtime: construction stage geometry="recent-8k" table="pages" seconds=7.7356e-5 stage="public_setup"
2026-09-09T18:10:22.195937Z DEBUG transparent_shard_server::runtime: construction stage geometry="recent-8k" table="pages" seconds=0.561979868 stage="hint_columns"
2026-09-09T18:10:25.011638Z DEBUG transparent_shard_server::runtime: construction stage geometry="recent-8k" table="pages" seconds=2.815658047 stage="pack_preprocessing"
2026-09-09T18:10:25.011941Z DEBUG transparent_shard_server::runtime: construction stage geometry="recent-8k" table="pages" seconds=0.000267274 stage="publish_parameters"
2026-09-09T18:10:25.012369Z DEBUG transparent_shard_server::runtime: runtime stage key=("b16be2933ab920bc4745ea8917e5167a7a685c211e0b4febe88b4d3018f970bc", Pages, 0) seconds=3.679143486 stage="runtime_build"
2026-09-09T18:10:25.719083Z DEBUG transparent_shard_server::runtime: runtime stage key=("b16be2933ab920bc4745ea8917e5167a7a685c211e0b4febe88b4d3018f970bc", Pages, 0) seconds=0.706696589 stage="disk_save"
2026-09-09T18:10:25.719199Z DEBUG transparent_shard_server::runtime: runtime stage key=("1cd27964911287b2a127c1f8df5e6b0c19f5b4db309391c5adb2db3072bfec6e", Pages, 0) seconds=2.123e-6 stage="restore_slot"
2026-09-09T18:10:25.719302Z DEBUG transparent_shard_server::runtime: runtime stage key=("16b8227360ce35dd2e111156f5e31fd5eb500ff877879a212fef6cf8471de8a5", Directory, 0) seconds=13.608565795 stage="build_slot"
2026-09-09T18:10:25.719334Z DEBUG transparent_shard_server::memory: cold build admission wait seconds=2.4537e-5 admitted=true
2026-09-09T18:10:25.719340Z DEBUG transparent_shard_server::runtime: runtime stage key=("1cd27964911287b2a127c1f8df5e6b0c19f5b4db309391c5adb2db3072bfec6e", Pages, 0) seconds=3.645e-5 hit=false stage="disk_restore"
2026-09-09T18:10:25.838887Z DEBUG transparent_shard_server::runtime: runtime stage key=("16b8227360ce35dd2e111156f5e31fd5eb500ff877879a212fef6cf8471de8a5", Directory, 0) seconds=0.11953294 stage="source_load"
2026-09-09T18:10:26.137946Z DEBUG transparent_shard_server::runtime: construction stage geometry="recent-8k" table="directory" seconds=0.299013169 stage="encode_database"
2026-09-09T18:10:26.138065Z DEBUG transparent_shard_server::runtime: construction stage geometry="recent-8k" table="directory" seconds=7.8364e-5 stage="public_setup"
test burst::publication_burst_under_exact_load has been running for over 60 seconds
2026-09-09T18:10:26.672569Z DEBUG transparent_shard_server::runtime: construction stage geometry="recent-8k" table="directory" seconds=0.5344972 stage="hint_columns"
2026-09-09T18:10:29.495168Z DEBUG transparent_shard_server::runtime: construction stage geometry="recent-8k" table="directory" seconds=2.822536962 stage="pack_preprocessing"
2026-09-09T18:10:29.495451Z DEBUG transparent_shard_server::runtime: construction stage geometry="recent-8k" table="directory" seconds=0.000237116 stage="publish_parameters"
2026-09-09T18:10:29.495888Z DEBUG transparent_shard_server::runtime: runtime stage key=("16b8227360ce35dd2e111156f5e31fd5eb500ff877879a212fef6cf8471de8a5", Directory, 0) seconds=3.656957254 stage="runtime_build"
2026-09-09T18:10:30.189287Z DEBUG transparent_shard_server::runtime: runtime stage key=("16b8227360ce35dd2e111156f5e31fd5eb500ff877879a212fef6cf8471de8a5", Directory, 0) seconds=0.693382301 stage="disk_save"
2026-09-09T18:10:30.189394Z DEBUG transparent_shard_server::runtime: runtime stage key=("27f56c565263ecffb8c7736d4e811665d81bf4ed71c7978431fcc4f45b645ee1", Directory, 0) seconds=1.586e-6 stage="restore_slot"
2026-09-09T18:10:30.189506Z DEBUG transparent_shard_server::runtime: runtime stage key=("16b8227360ce35dd2e111156f5e31fd5eb500ff877879a212fef6cf8471de8a5", Pages, 0) seconds=13.520152524 stage="build_slot"
2026-09-09T18:10:30.189540Z DEBUG transparent_shard_server::memory: cold build admission wait seconds=2.6988e-5 admitted=true
2026-09-09T18:10:30.189555Z DEBUG transparent_shard_server::runtime: runtime stage key=("27f56c565263ecffb8c7736d4e811665d81bf4ed71c7978431fcc4f45b645ee1", Directory, 0) seconds=4.477e-5 hit=false stage="disk_restore"
2026-09-09T18:10:30.309153Z DEBUG transparent_shard_server::runtime: runtime stage key=("16b8227360ce35dd2e111156f5e31fd5eb500ff877879a212fef6cf8471de8a5", Pages, 0) seconds=0.1195944 stage="source_load"
2026-09-09T18:10:30.606698Z DEBUG transparent_shard_server::runtime: construction stage geometry="recent-8k" table="pages" seconds=0.297497945 stage="encode_database"
2026-09-09T18:10:30.606821Z DEBUG transparent_shard_server::runtime: construction stage geometry="recent-8k" table="pages" seconds=7.9183e-5 stage="public_setup"
2026-09-09T18:10:31.160664Z DEBUG transparent_shard_server::runtime: construction stage geometry="recent-8k" table="pages" seconds=0.553835896 stage="hint_columns"
2026-09-09T18:10:33.973018Z DEBUG transparent_shard_server::runtime: construction stage geometry="recent-8k" table="pages" seconds=2.812306843 stage="pack_preprocessing"
2026-09-09T18:10:33.973331Z DEBUG transparent_shard_server::runtime: construction stage geometry="recent-8k" table="pages" seconds=0.0002733 stage="publish_parameters"
2026-09-09T18:10:33.973770Z DEBUG transparent_shard_server::runtime: runtime stage key=("16b8227360ce35dd2e111156f5e31fd5eb500ff877879a212fef6cf8471de8a5", Pages, 0) seconds=3.664571454 stage="runtime_build"
2026-09-09T18:10:34.673915Z DEBUG transparent_shard_server::runtime: runtime stage key=("16b8227360ce35dd2e111156f5e31fd5eb500ff877879a212fef6cf8471de8a5", Pages, 0) seconds=0.700112235 stage="disk_save"
2026-09-09T18:10:34.674022Z DEBUG transparent_shard_server::runtime: runtime stage key=("27f56c565263ecffb8c7736d4e811665d81bf4ed71c7978431fcc4f45b645ee1", Pages, 0) seconds=2.075e-6 stage="restore_slot"
2026-09-09T18:10:34.674147Z DEBUG transparent_shard_server::runtime: runtime stage key=("1cd27964911287b2a127c1f8df5e6b0c19f5b4db309391c5adb2db3072bfec6e", Directory, 0) seconds=13.464043115 stage="build_slot"
2026-09-09T18:10:34.674192Z DEBUG transparent_shard_server::memory: cold build admission wait seconds=3.9429e-5 admitted=true
2026-09-09T18:10:34.674204Z DEBUG transparent_shard_server::runtime: runtime stage key=("27f56c565263ecffb8c7736d4e811665d81bf4ed71c7978431fcc4f45b645ee1", Pages, 0) seconds=5.4679e-5 hit=false stage="disk_restore"
2026-09-09T18:10:34.794159Z DEBUG transparent_shard_server::runtime: runtime stage key=("1cd27964911287b2a127c1f8df5e6b0c19f5b4db309391c5adb2db3072bfec6e", Directory, 0) seconds=0.11994642 stage="source_load"
2026-09-09T18:10:35.091853Z DEBUG transparent_shard_server::runtime: construction stage geometry="recent-8k" table="directory" seconds=0.297647738 stage="encode_database"
2026-09-09T18:10:35.091966Z DEBUG transparent_shard_server::runtime: construction stage geometry="recent-8k" table="directory" seconds=7.3677e-5 stage="public_setup"
2026-09-09T18:10:35.609068Z DEBUG transparent_shard_server::runtime: construction stage geometry="recent-8k" table="directory" seconds=0.51709438 stage="hint_columns"
2026-09-09T18:10:38.457136Z DEBUG transparent_shard_server::runtime: construction stage geometry="recent-8k" table="directory" seconds=2.8480235990000002 stage="pack_preprocessing"
2026-09-09T18:10:38.457455Z DEBUG transparent_shard_server::runtime: construction stage geometry="recent-8k" table="directory" seconds=0.000266371 stage="publish_parameters"
2026-09-09T18:10:38.457933Z DEBUG transparent_shard_server::runtime: runtime stage key=("1cd27964911287b2a127c1f8df5e6b0c19f5b4db309391c5adb2db3072bfec6e", Directory, 0) seconds=3.663730095 stage="runtime_build"
2026-09-09T18:10:39.178862Z DEBUG transparent_shard_server::runtime: runtime stage key=("1cd27964911287b2a127c1f8df5e6b0c19f5b4db309391c5adb2db3072bfec6e", Directory, 0) seconds=0.720909582 stage="disk_save"
2026-09-09T18:10:39.179088Z DEBUG transparent_shard_server::runtime: runtime stage key=("ced665ae1f1140944bcd0c9aa2b83c1019df768df87fa513f9509106fc5b88c1", Directory, 0) seconds=1.848e-6 stage="restore_slot"
2026-09-09T18:10:39.179221Z DEBUG transparent_shard_server::runtime: runtime stage key=("1cd27964911287b2a127c1f8df5e6b0c19f5b4db309391c5adb2db3072bfec6e", Pages, 0) seconds=13.459836581 stage="build_slot"
2026-09-09T18:10:39.179260Z DEBUG transparent_shard_server::memory: cold build admission wait seconds=2.6677e-5 admitted=true
2026-09-09T18:10:39.179261Z DEBUG transparent_shard_server::runtime: runtime stage key=("ced665ae1f1140944bcd0c9aa2b83c1019df768df87fa513f9509106fc5b88c1", Directory, 0) seconds=3.6184e-5 hit=false stage="disk_restore"
2026-09-09T18:10:39.301477Z DEBUG transparent_shard_server::runtime: runtime stage key=("1cd27964911287b2a127c1f8df5e6b0c19f5b4db309391c5adb2db3072bfec6e", Pages, 0) seconds=0.122159284 stage="source_load"
2026-09-09T18:10:39.599490Z DEBUG transparent_shard_server::runtime: construction stage geometry="recent-8k" table="pages" seconds=0.29796235 stage="encode_database"
2026-09-09T18:10:39.599608Z DEBUG transparent_shard_server::runtime: construction stage geometry="recent-8k" table="pages" seconds=7.6983e-5 stage="public_setup"
2026-09-09T18:10:40.159929Z DEBUG transparent_shard_server::runtime: construction stage geometry="recent-8k" table="pages" seconds=0.560312393 stage="hint_columns"
2026-09-09T18:10:43.020658Z DEBUG transparent_shard_server::runtime: construction stage geometry="recent-8k" table="pages" seconds=2.860681561 stage="pack_preprocessing"
2026-09-09T18:10:43.020966Z DEBUG transparent_shard_server::runtime: construction stage geometry="recent-8k" table="pages" seconds=0.000264527 stage="publish_parameters"
2026-09-09T18:10:43.021436Z DEBUG transparent_shard_server::runtime: runtime stage key=("1cd27964911287b2a127c1f8df5e6b0c19f5b4db309391c5adb2db3072bfec6e", Pages, 0) seconds=3.7199103129999997 stage="runtime_build"
2026-09-09T18:10:43.733858Z DEBUG transparent_shard_server::runtime: runtime stage key=("1cd27964911287b2a127c1f8df5e6b0c19f5b4db309391c5adb2db3072bfec6e", Pages, 0) seconds=0.712400414 stage="disk_save"
2026-09-09T18:10:43.734124Z DEBUG transparent_shard_server::runtime: runtime stage key=("ced665ae1f1140944bcd0c9aa2b83c1019df768df87fa513f9509106fc5b88c1", Pages, 0) seconds=1.834e-6 stage="restore_slot"
2026-09-09T18:10:43.734274Z DEBUG transparent_shard_server::runtime: runtime stage key=("27f56c565263ecffb8c7736d4e811665d81bf4ed71c7978431fcc4f45b645ee1", Directory, 0) seconds=13.544683385999999 stage="build_slot"
2026-09-09T18:10:43.734317Z DEBUG transparent_shard_server::memory: cold build admission wait seconds=2.9571e-5 admitted=true
2026-09-09T18:10:43.734313Z DEBUG transparent_shard_server::runtime: runtime stage key=("ced665ae1f1140944bcd0c9aa2b83c1019df768df87fa513f9509106fc5b88c1", Pages, 0) seconds=3.8529e-5 hit=false stage="disk_restore"
2026-09-09T18:10:43.856056Z DEBUG transparent_shard_server::runtime: runtime stage key=("27f56c565263ecffb8c7736d4e811665d81bf4ed71c7978431fcc4f45b645ee1", Directory, 0) seconds=0.121720625 stage="source_load"
2026-09-09T18:10:44.158203Z DEBUG transparent_shard_server::runtime: construction stage geometry="recent-8k" table="directory" seconds=0.302096312 stage="encode_database"
2026-09-09T18:10:44.158330Z DEBUG transparent_shard_server::runtime: construction stage geometry="recent-8k" table="directory" seconds=8.2653e-5 stage="public_setup"
2026-09-09T18:10:44.682892Z DEBUG transparent_shard_server::runtime: construction stage geometry="recent-8k" table="directory" seconds=0.524553938 stage="hint_columns"
2026-09-09T18:10:47.556683Z DEBUG transparent_shard_server::runtime: construction stage geometry="recent-8k" table="directory" seconds=2.87374447 stage="pack_preprocessing"
2026-09-09T18:10:47.556993Z DEBUG transparent_shard_server::runtime: construction stage geometry="recent-8k" table="directory" seconds=0.000266125 stage="publish_parameters"
2026-09-09T18:10:47.557445Z DEBUG transparent_shard_server::runtime: runtime stage key=("27f56c565263ecffb8c7736d4e811665d81bf4ed71c7978431fcc4f45b645ee1", Directory, 0) seconds=3.701340274 stage="runtime_build"
2026-09-09T18:10:48.290400Z DEBUG transparent_shard_server::runtime: runtime stage key=("27f56c565263ecffb8c7736d4e811665d81bf4ed71c7978431fcc4f45b645ee1", Directory, 0) seconds=0.73293783 stage="disk_save"
2026-09-09T18:10:48.290510Z DEBUG transparent_shard_server::runtime: runtime stage key=("2d4497bf9e8bafc6139ee4e57114238a7ecfa0782702939922bf2a79b1fe05bf", Directory, 0) seconds=2.076e-6 stage="restore_slot"
2026-09-09T18:10:48.290616Z DEBUG transparent_shard_server::runtime: runtime stage key=("27f56c565263ecffb8c7736d4e811665d81bf4ed71c7978431fcc4f45b645ee1", Pages, 0) seconds=13.616370666 stage="build_slot"
2026-09-09T18:10:48.290645Z DEBUG transparent_shard_server::memory: cold build admission wait seconds=2.2296e-5 admitted=true
2026-09-09T18:10:48.290675Z DEBUG transparent_shard_server::runtime: runtime stage key=("2d4497bf9e8bafc6139ee4e57114238a7ecfa0782702939922bf2a79b1fe05bf", Directory, 0) seconds=4.271e-5 hit=false stage="disk_restore"
2026-09-09T18:10:48.412602Z DEBUG transparent_shard_server::runtime: runtime stage key=("27f56c565263ecffb8c7736d4e811665d81bf4ed71c7978431fcc4f45b645ee1", Pages, 0) seconds=0.121939119 stage="source_load"
2026-09-09T18:10:48.717076Z DEBUG transparent_shard_server::runtime: construction stage geometry="recent-8k" table="pages" seconds=0.304419933 stage="encode_database"
2026-09-09T18:10:48.717215Z DEBUG transparent_shard_server::runtime: construction stage geometry="recent-8k" table="pages" seconds=9.3605e-5 stage="public_setup"
2026-09-09T18:10:49.294550Z DEBUG transparent_shard_server::runtime: construction stage geometry="recent-8k" table="pages" seconds=0.577325632 stage="hint_columns"
2026-09-09T18:10:52.156031Z DEBUG transparent_shard_server::runtime: construction stage geometry="recent-8k" table="pages" seconds=2.8614305939999998 stage="pack_preprocessing"
2026-09-09T18:10:52.156337Z DEBUG transparent_shard_server::runtime: construction stage geometry="recent-8k" table="pages" seconds=0.000261976 stage="publish_parameters"
2026-09-09T18:10:52.156821Z DEBUG transparent_shard_server::runtime: runtime stage key=("27f56c565263ecffb8c7736d4e811665d81bf4ed71c7978431fcc4f45b645ee1", Pages, 0) seconds=3.744167769 stage="runtime_build"
2026-09-09T18:10:52.875038Z DEBUG transparent_shard_server::runtime: runtime stage key=("27f56c565263ecffb8c7736d4e811665d81bf4ed71c7978431fcc4f45b645ee1", Pages, 0) seconds=0.7181978 stage="disk_save"
2026-09-09T18:10:52.875191Z DEBUG transparent_shard_server::runtime: runtime stage key=("2d4497bf9e8bafc6139ee4e57114238a7ecfa0782702939922bf2a79b1fe05bf", Pages, 0) seconds=1.536e-6 stage="restore_slot"
2026-09-09T18:10:52.875333Z DEBUG transparent_shard_server::runtime: runtime stage key=("ced665ae1f1140944bcd0c9aa2b83c1019df768df87fa513f9509106fc5b88c1", Directory, 0) seconds=13.696045162 stage="build_slot"
2026-09-09T18:10:52.875410Z DEBUG transparent_shard_server::memory: cold build admission wait seconds=6.127e-5 admitted=true
2026-09-09T18:10:52.875454Z DEBUG transparent_shard_server::runtime: runtime stage key=("2d4497bf9e8bafc6139ee4e57114238a7ecfa0782702939922bf2a79b1fe05bf", Pages, 0) seconds=3.1092e-5 hit=false stage="disk_restore"
2026-09-09T18:10:52.996320Z DEBUG transparent_shard_server::runtime: runtime stage key=("ced665ae1f1140944bcd0c9aa2b83c1019df768df87fa513f9509106fc5b88c1", Directory, 0) seconds=0.120831364 stage="source_load"
2026-09-09T18:10:53.298778Z DEBUG transparent_shard_server::runtime: construction stage geometry="recent-8k" table="directory" seconds=0.30241349 stage="encode_database"
2026-09-09T18:10:53.298903Z DEBUG transparent_shard_server::runtime: construction stage geometry="recent-8k" table="directory" seconds=7.7798e-5 stage="public_setup"
2026-09-09T18:10:53.817926Z DEBUG transparent_shard_server::runtime: construction stage geometry="recent-8k" table="directory" seconds=0.519014957 stage="hint_columns"
2026-09-09T18:10:56.666539Z DEBUG transparent_shard_server::runtime: construction stage geometry="recent-8k" table="directory" seconds=2.848566521 stage="pack_preprocessing"
2026-09-09T18:10:56.666852Z DEBUG transparent_shard_server::runtime: construction stage geometry="recent-8k" table="directory" seconds=0.000267182 stage="publish_parameters"
2026-09-09T18:10:56.667312Z DEBUG transparent_shard_server::runtime: runtime stage key=("ced665ae1f1140944bcd0c9aa2b83c1019df768df87fa513f9509106fc5b88c1", Directory, 0) seconds=3.670949836 stage="runtime_build"
2026-09-09T18:10:57.393251Z DEBUG transparent_shard_server::runtime: runtime stage key=("ced665ae1f1140944bcd0c9aa2b83c1019df768df87fa513f9509106fc5b88c1", Directory, 0) seconds=0.725918448 stage="disk_save"
2026-09-09T18:10:57.393354Z DEBUG transparent_shard_server::runtime: runtime stage key=("ced665ae1f1140944bcd0c9aa2b83c1019df768df87fa513f9509106fc5b88c1", Pages, 0) seconds=13.659009932 stage="build_slot"
2026-09-09T18:10:57.393402Z DEBUG transparent_shard_server::runtime: runtime stage key=("a4bd72b37c0aafb265c77bb09cbc402cf69b65a87a1fabc8a0f12614b35469be", Directory, 0) seconds=1.474e-6 stage="restore_slot"
2026-09-09T18:10:57.393458Z DEBUG transparent_shard_server::memory: cold build admission wait seconds=7.9725e-5 admitted=true
2026-09-09T18:10:57.393517Z DEBUG transparent_shard_server::runtime: runtime stage key=("a4bd72b37c0aafb265c77bb09cbc402cf69b65a87a1fabc8a0f12614b35469be", Directory, 0) seconds=2.7082e-5 hit=false stage="disk_restore"
2026-09-09T18:10:57.515686Z DEBUG transparent_shard_server::runtime: runtime stage key=("ced665ae1f1140944bcd0c9aa2b83c1019df768df87fa513f9509106fc5b88c1", Pages, 0) seconds=0.122207937 stage="source_load"
2026-09-09T18:10:57.820231Z DEBUG transparent_shard_server::runtime: construction stage geometry="recent-8k" table="pages" seconds=0.304495179 stage="encode_database"
2026-09-09T18:10:57.820348Z DEBUG transparent_shard_server::runtime: construction stage geometry="recent-8k" table="pages" seconds=7.6097e-5 stage="public_setup"
2026-09-09T18:10:58.390139Z DEBUG transparent_shard_server::runtime: construction stage geometry="recent-8k" table="pages" seconds=0.569782916 stage="hint_columns"
2026-09-09T18:11:01.278444Z DEBUG transparent_shard_server::runtime: construction stage geometry="recent-8k" table="pages" seconds=2.888229983 stage="pack_preprocessing"
2026-09-09T18:11:01.278750Z DEBUG transparent_shard_server::runtime: construction stage geometry="recent-8k" table="pages" seconds=0.000264699 stage="publish_parameters"
2026-09-09T18:11:01.279194Z DEBUG transparent_shard_server::runtime: runtime stage key=("ced665ae1f1140944bcd0c9aa2b83c1019df768df87fa513f9509106fc5b88c1", Pages, 0) seconds=3.763460403 stage="runtime_build"
2026-09-09T18:11:02.020247Z DEBUG transparent_shard_server::runtime: runtime stage key=("ced665ae1f1140944bcd0c9aa2b83c1019df768df87fa513f9509106fc5b88c1", Pages, 0) seconds=0.741035647 stage="disk_save"
2026-09-09T18:11:02.020356Z DEBUG transparent_shard_server::runtime: runtime stage key=("2d4497bf9e8bafc6139ee4e57114238a7ecfa0782702939922bf2a79b1fe05bf", Directory, 0) seconds=13.7296455 stage="build_slot"
2026-09-09T18:11:02.020413Z DEBUG transparent_shard_server::runtime: runtime stage key=("a4bd72b37c0aafb265c77bb09cbc402cf69b65a87a1fabc8a0f12614b35469be", Pages, 0) seconds=1.225e-6 stage="restore_slot"
2026-09-09T18:11:02.020457Z DEBUG transparent_shard_server::memory: cold build admission wait seconds=7.4727e-5 admitted=true
2026-09-09T18:11:02.021251Z DEBUG transparent_shard_server::runtime: runtime stage key=("a4bd72b37c0aafb265c77bb09cbc402cf69b65a87a1fabc8a0f12614b35469be", Pages, 0) seconds=3.1973e-5 hit=false stage="disk_restore"
2026-09-09T18:11:02.143508Z DEBUG transparent_shard_server::runtime: runtime stage key=("2d4497bf9e8bafc6139ee4e57114238a7ecfa0782702939922bf2a79b1fe05bf", Directory, 0) seconds=0.123004891 stage="source_load"
2026-09-09T18:11:02.451909Z DEBUG transparent_shard_server::runtime: construction stage geometry="recent-8k" table="directory" seconds=0.308350039 stage="encode_database"
2026-09-09T18:11:02.452034Z DEBUG transparent_shard_server::runtime: construction stage geometry="recent-8k" table="directory" seconds=8.0783e-5 stage="public_setup"
2026-09-09T18:11:03.014576Z DEBUG transparent_shard_server::runtime: construction stage geometry="recent-8k" table="directory" seconds=0.562533557 stage="hint_columns"
2026-09-09T18:11:05.888145Z DEBUG transparent_shard_server::runtime: construction stage geometry="recent-8k" table="directory" seconds=2.873523018 stage="pack_preprocessing"
2026-09-09T18:11:05.888478Z DEBUG transparent_shard_server::runtime: construction stage geometry="recent-8k" table="directory" seconds=0.000282408 stage="publish_parameters"
2026-09-09T18:11:05.888925Z DEBUG transparent_shard_server::runtime: runtime stage key=("2d4497bf9e8bafc6139ee4e57114238a7ecfa0782702939922bf2a79b1fe05bf", Directory, 0) seconds=3.745367754 stage="runtime_build"
2026-09-09T18:11:06.637054Z DEBUG transparent_shard_server::runtime: runtime stage key=("2d4497bf9e8bafc6139ee4e57114238a7ecfa0782702939922bf2a79b1fe05bf", Directory, 0) seconds=0.748107856 stage="disk_save"
2026-09-09T18:11:06.637114Z DEBUG transparent_shard_server::runtime: runtime stage key=("2d4497bf9e8bafc6139ee4e57114238a7ecfa0782702939922bf2a79b1fe05bf", Pages, 0) seconds=13.761633795 stage="build_slot"
2026-09-09T18:11:06.637200Z DEBUG transparent_shard_server::memory: cold build admission wait seconds=7.9784e-5 admitted=true
2026-09-09T18:11:06.637226Z DEBUG transparent_shard_server::runtime: runtime stage key=("c907a0aa45b2551520863990845279fd25135889865e088c2dad6ea0d32b8fde", Directory, 0) seconds=5.89e-7 stage="restore_slot"
2026-09-09T18:11:06.637290Z DEBUG transparent_shard_server::runtime: runtime stage key=("c907a0aa45b2551520863990845279fd25135889865e088c2dad6ea0d32b8fde", Directory, 0) seconds=2.5846e-5 hit=false stage="disk_restore"
2026-09-09T18:11:06.759505Z DEBUG transparent_shard_server::runtime: runtime stage key=("2d4497bf9e8bafc6139ee4e57114238a7ecfa0782702939922bf2a79b1fe05bf", Pages, 0) seconds=0.122256839 stage="source_load"
2026-09-09T18:11:07.065386Z DEBUG transparent_shard_server::runtime: construction stage geometry="recent-8k" table="pages" seconds=0.305830813 stage="encode_database"
2026-09-09T18:11:07.065528Z DEBUG transparent_shard_server::runtime: construction stage geometry="recent-8k" table="pages" seconds=8.0379e-5 stage="public_setup"
2026-09-09T18:11:07.626562Z DEBUG transparent_shard_server::runtime: construction stage geometry="recent-8k" table="pages" seconds=0.561026614 stage="hint_columns"
2026-09-09T18:11:10.542287Z DEBUG transparent_shard_server::runtime: construction stage geometry="recent-8k" table="pages" seconds=2.915678005 stage="pack_preprocessing"
2026-09-09T18:11:10.542657Z DEBUG transparent_shard_server::runtime: construction stage geometry="recent-8k" table="pages" seconds=0.000325935 stage="publish_parameters"
2026-09-09T18:11:10.543091Z DEBUG transparent_shard_server::runtime: runtime stage key=("2d4497bf9e8bafc6139ee4e57114238a7ecfa0782702939922bf2a79b1fe05bf", Pages, 0) seconds=3.7835385280000002 stage="runtime_build"
2026-09-09T18:11:11.277126Z DEBUG transparent_shard_server::runtime: runtime stage key=("2d4497bf9e8bafc6139ee4e57114238a7ecfa0782702939922bf2a79b1fe05bf", Pages, 0) seconds=0.734019469 stage="disk_save"
2026-09-09T18:11:11.277241Z DEBUG transparent_shard_server::runtime: runtime stage key=("a4bd72b37c0aafb265c77bb09cbc402cf69b65a87a1fabc8a0f12614b35469be", Directory, 0) seconds=13.883696479 stage="build_slot"
2026-09-09T18:11:11.277335Z DEBUG transparent_shard_server::memory: cold build admission wait seconds=6.694e-5 admitted=true
2026-09-09T18:11:11.277362Z DEBUG transparent_shard_server::runtime: runtime stage key=("c907a0aa45b2551520863990845279fd25135889865e088c2dad6ea0d32b8fde", Pages, 0) seconds=4.37e-7 stage="restore_slot"
2026-09-09T18:11:11.278230Z DEBUG transparent_shard_server::runtime: runtime stage key=("c907a0aa45b2551520863990845279fd25135889865e088c2dad6ea0d32b8fde", Pages, 0) seconds=3.1718e-5 hit=false stage="disk_restore"
2026-09-09T18:11:11.401778Z DEBUG transparent_shard_server::runtime: runtime stage key=("a4bd72b37c0aafb265c77bb09cbc402cf69b65a87a1fabc8a0f12614b35469be", Directory, 0) seconds=0.124368592 stage="source_load"
2026-09-09T18:11:11.731861Z DEBUG transparent_shard_server::runtime: construction stage geometry="recent-8k" table="directory" seconds=0.330031306 stage="encode_database"
2026-09-09T18:11:11.731984Z DEBUG transparent_shard_server::runtime: construction stage geometry="recent-8k" table="directory" seconds=7.7841e-5 stage="public_setup"
2026-09-09T18:11:12.262022Z DEBUG transparent_shard_server::runtime: construction stage geometry="recent-8k" table="directory" seconds=0.530030794 stage="hint_columns"
2026-09-09T18:11:15.158197Z DEBUG transparent_shard_server::runtime: construction stage geometry="recent-8k" table="directory" seconds=2.896108774 stage="pack_preprocessing"
2026-09-09T18:11:15.158695Z DEBUG transparent_shard_server::runtime: construction stage geometry="recent-8k" table="directory" seconds=0.000453603 stage="publish_parameters"
2026-09-09T18:11:15.159349Z DEBUG transparent_shard_server::runtime: runtime stage key=("a4bd72b37c0aafb265c77bb09cbc402cf69b65a87a1fabc8a0f12614b35469be", Directory, 0) seconds=3.7575222029999997 stage="runtime_build"
2026-09-09T18:11:15.899198Z DEBUG transparent_shard_server::runtime: runtime stage key=("a4bd72b37c0aafb265c77bb09cbc402cf69b65a87a1fabc8a0f12614b35469be", Directory, 0) seconds=0.739820641 stage="disk_save"
2026-09-09T18:11:15.899256Z DEBUG transparent_shard_server::runtime: runtime stage key=("a4bd72b37c0aafb265c77bb09cbc402cf69b65a87a1fabc8a0f12614b35469be", Pages, 0) seconds=13.877976684 stage="build_slot"
2026-09-09T18:11:15.899321Z DEBUG transparent_shard_server::memory: work memory admission denied current=5904953344 limit=7516192768 held=536870912 requested=536870912
2026-09-09T18:11:15.899366Z DEBUG transparent_shard_server::runtime: runtime stage key=("67574e8d4c7f7c258f8c7488f73e80a9476f8074c3db3540325133ff25020c2b", Directory, 0) seconds=4.72e-7 stage="restore_slot"
2026-09-09T18:11:15.899466Z DEBUG transparent_shard_server::runtime: runtime stage key=("67574e8d4c7f7c258f8c7488f73e80a9476f8074c3db3540325133ff25020c2b", Directory, 0) seconds=4.0617e-5 hit=false stage="disk_restore"
2026-09-09T18:11:15.999771Z DEBUG transparent_shard_server::memory: cold build admission wait seconds=0.100503602 admitted=true
2026-09-09T18:11:16.125077Z DEBUG transparent_shard_server::runtime: runtime stage key=("a4bd72b37c0aafb265c77bb09cbc402cf69b65a87a1fabc8a0f12614b35469be", Pages, 0) seconds=0.125206607 stage="source_load"
2026-09-09T18:11:16.437338Z DEBUG transparent_shard_server::runtime: construction stage geometry="recent-8k" table="pages" seconds=0.312208317 stage="encode_database"
2026-09-09T18:11:16.437463Z DEBUG transparent_shard_server::runtime: construction stage geometry="recent-8k" table="pages" seconds=7.9396e-5 stage="public_setup"
2026-09-09T18:11:17.012816Z DEBUG transparent_shard_server::runtime: construction stage geometry="recent-8k" table="pages" seconds=0.575346641 stage="hint_columns"
2026-09-09T18:11:19.886546Z DEBUG transparent_shard_server::runtime: construction stage geometry="recent-8k" table="pages" seconds=2.873688135 stage="pack_preprocessing"
2026-09-09T18:11:19.886838Z DEBUG transparent_shard_server::runtime: construction stage geometry="recent-8k" table="pages" seconds=0.000250574 stage="publish_parameters"
2026-09-09T18:11:19.887304Z DEBUG transparent_shard_server::runtime: runtime stage key=("a4bd72b37c0aafb265c77bb09cbc402cf69b65a87a1fabc8a0f12614b35469be", Pages, 0) seconds=3.762176394 stage="runtime_build"
2026-09-09T18:11:20.637883Z DEBUG transparent_shard_server::runtime: runtime stage key=("a4bd72b37c0aafb265c77bb09cbc402cf69b65a87a1fabc8a0f12614b35469be", Pages, 0) seconds=0.750558781 stage="disk_save"
2026-09-09T18:11:20.638014Z DEBUG transparent_shard_server::runtime: runtime stage key=("67574e8d4c7f7c258f8c7488f73e80a9476f8074c3db3540325133ff25020c2b", Pages, 0) seconds=1.349e-6 stage="restore_slot"
2026-09-09T18:11:20.637989Z DEBUG transparent_shard_server::runtime: runtime stage key=("c907a0aa45b2551520863990845279fd25135889865e088c2dad6ea0d32b8fde", Directory, 0) seconds=14.000684442 stage="build_slot"
2026-09-09T18:11:20.638114Z DEBUG transparent_shard_server::memory: cold build admission wait seconds=8.5391e-5 admitted=true
2026-09-09T18:11:20.638157Z DEBUG transparent_shard_server::runtime: runtime stage key=("67574e8d4c7f7c258f8c7488f73e80a9476f8074c3db3540325133ff25020c2b", Pages, 0) seconds=2.9779e-5 hit=false stage="disk_restore"
2026-09-09T18:11:20.759486Z DEBUG transparent_shard_server::runtime: runtime stage key=("c907a0aa45b2551520863990845279fd25135889865e088c2dad6ea0d32b8fde", Directory, 0) seconds=0.121291212 stage="source_load"
2026-09-09T18:11:21.063527Z DEBUG transparent_shard_server::runtime: construction stage geometry="recent-8k" table="directory" seconds=0.303990976 stage="encode_database"
2026-09-09T18:11:21.063644Z DEBUG transparent_shard_server::runtime: construction stage geometry="recent-8k" table="directory" seconds=7.4833e-5 stage="public_setup"
2026-09-09T18:11:21.581135Z DEBUG transparent_shard_server::runtime: construction stage geometry="recent-8k" table="directory" seconds=0.517483887 stage="hint_columns"
2026-09-09T18:11:24.452121Z DEBUG transparent_shard_server::runtime: construction stage geometry="recent-8k" table="directory" seconds=2.870929153 stage="pack_preprocessing"
2026-09-09T18:11:24.452478Z DEBUG transparent_shard_server::runtime: construction stage geometry="recent-8k" table="directory" seconds=0.000297057 stage="publish_parameters"
2026-09-09T18:11:24.452952Z DEBUG transparent_shard_server::runtime: runtime stage key=("c907a0aa45b2551520863990845279fd25135889865e088c2dad6ea0d32b8fde", Directory, 0) seconds=3.693419305 stage="runtime_build"
2026-09-09T18:11:25.188412Z DEBUG transparent_shard_server::runtime: runtime stage key=("c907a0aa45b2551520863990845279fd25135889865e088c2dad6ea0d32b8fde", Directory, 0) seconds=0.735439356 stage="disk_save"
2026-09-09T18:11:25.188504Z DEBUG transparent_shard_server::runtime: runtime stage key=("c907a0aa45b2551520863990845279fd25135889865e088c2dad6ea0d32b8fde", Pages, 0) seconds=13.910247396 stage="build_slot"
2026-09-09T18:11:25.188632Z DEBUG transparent_shard_server::memory: cold build admission wait seconds=7.7676e-5 admitted=true
2026-09-09T18:11:25.311450Z DEBUG transparent_shard_server::runtime: runtime stage key=("c907a0aa45b2551520863990845279fd25135889865e088c2dad6ea0d32b8fde", Pages, 0) seconds=0.12278615 stage="source_load"
2026-09-09T18:11:25.618195Z DEBUG transparent_shard_server::runtime: construction stage geometry="recent-8k" table="pages" seconds=0.306691557 stage="encode_database"
2026-09-09T18:11:25.618317Z DEBUG transparent_shard_server::runtime: construction stage geometry="recent-8k" table="pages" seconds=7.7054e-5 stage="public_setup"
2026-09-09T18:11:26.179045Z DEBUG transparent_shard_server::runtime: construction stage geometry="recent-8k" table="pages" seconds=0.56072047 stage="hint_columns"
2026-09-09T18:11:29.050235Z DEBUG transparent_shard_server::runtime: construction stage geometry="recent-8k" table="pages" seconds=2.8711427880000002 stage="pack_preprocessing"
2026-09-09T18:11:29.050546Z DEBUG transparent_shard_server::runtime: construction stage geometry="recent-8k" table="pages" seconds=0.000267048 stage="publish_parameters"
2026-09-09T18:11:29.050980Z DEBUG transparent_shard_server::runtime: runtime stage key=("c907a0aa45b2551520863990845279fd25135889865e088c2dad6ea0d32b8fde", Pages, 0) seconds=3.73947918 stage="runtime_build"
2026-09-09T18:11:29.773568Z DEBUG transparent_shard_server::runtime: runtime stage key=("c907a0aa45b2551520863990845279fd25135889865e088c2dad6ea0d32b8fde", Pages, 0) seconds=0.722574039 stage="disk_save"
2026-09-09T18:11:29.773650Z DEBUG transparent_shard_server::runtime: runtime stage key=("67574e8d4c7f7c258f8c7488f73e80a9476f8074c3db3540325133ff25020c2b", Directory, 0) seconds=13.874132718 stage="build_slot"
2026-09-09T18:11:29.773737Z DEBUG transparent_shard_server::memory: cold build admission wait seconds=6.5072e-5 admitted=true
2026-09-09T18:11:29.894710Z DEBUG transparent_shard_server::runtime: runtime stage key=("67574e8d4c7f7c258f8c7488f73e80a9476f8074c3db3540325133ff25020c2b", Directory, 0) seconds=0.120945252 stage="source_load"
2026-09-09T18:11:30.200393Z DEBUG transparent_shard_server::runtime: construction stage geometry="recent-8k" table="directory" seconds=0.30563814 stage="encode_database"
2026-09-09T18:11:30.200511Z DEBUG transparent_shard_server::runtime: construction stage geometry="recent-8k" table="directory" seconds=7.6374e-5 stage="public_setup"
2026-09-09T18:11:30.712981Z DEBUG transparent_shard_server::runtime: construction stage geometry="recent-8k" table="directory" seconds=0.512463007 stage="hint_columns"
2026-09-09T18:11:33.562902Z DEBUG transparent_shard_server::runtime: construction stage geometry="recent-8k" table="directory" seconds=2.8498781859999998 stage="pack_preprocessing"
2026-09-09T18:11:33.563238Z DEBUG transparent_shard_server::runtime: construction stage geometry="recent-8k" table="directory" seconds=0.000279866 stage="publish_parameters"
2026-09-09T18:11:33.563687Z DEBUG transparent_shard_server::runtime: runtime stage key=("67574e8d4c7f7c258f8c7488f73e80a9476f8074c3db3540325133ff25020c2b", Directory, 0) seconds=3.66893399 stage="runtime_build"
2026-09-09T18:11:34.275549Z DEBUG transparent_shard_server::runtime: runtime stage key=("67574e8d4c7f7c258f8c7488f73e80a9476f8074c3db3540325133ff25020c2b", Directory, 0) seconds=0.711843071 stage="disk_save"
2026-09-09T18:11:34.275615Z DEBUG transparent_shard_server::runtime: runtime stage key=("67574e8d4c7f7c258f8c7488f73e80a9476f8074c3db3540325133ff25020c2b", Pages, 0) seconds=13.637426706 stage="build_slot"
2026-09-09T18:11:34.275677Z DEBUG transparent_shard_server::memory: cold build admission wait seconds=5.6267e-5 admitted=true
2026-09-09T18:11:34.397700Z DEBUG transparent_shard_server::runtime: runtime stage key=("67574e8d4c7f7c258f8c7488f73e80a9476f8074c3db3540325133ff25020c2b", Pages, 0) seconds=0.121904391 stage="source_load"
2026-09-09T18:11:34.701085Z DEBUG transparent_shard_server::runtime: construction stage geometry="recent-8k" table="pages" seconds=0.303336984 stage="encode_database"
2026-09-09T18:11:34.701230Z DEBUG transparent_shard_server::runtime: construction stage geometry="recent-8k" table="pages" seconds=8.8312e-5 stage="public_setup"
2026-09-09T18:11:35.256452Z DEBUG transparent_shard_server::runtime: construction stage geometry="recent-8k" table="pages" seconds=0.555213574 stage="hint_columns"
2026-09-09T18:11:38.169961Z DEBUG transparent_shard_server::runtime: construction stage geometry="recent-8k" table="pages" seconds=2.9134634139999998 stage="pack_preprocessing"
2026-09-09T18:11:38.170286Z DEBUG transparent_shard_server::runtime: construction stage geometry="recent-8k" table="pages" seconds=0.000282754 stage="publish_parameters"
2026-09-09T18:11:38.170757Z DEBUG transparent_shard_server::runtime: runtime stage key=("67574e8d4c7f7c258f8c7488f73e80a9476f8074c3db3540325133ff25020c2b", Pages, 0) seconds=3.773010625 stage="runtime_build"
2026-09-09T18:11:38.899952Z DEBUG transparent_shard_server::runtime: runtime stage key=("67574e8d4c7f7c258f8c7488f73e80a9476f8074c3db3540325133ff25020c2b", Pages, 0) seconds=0.729173894 stage="disk_save"
2026-09-09T18:11:38.900033Z  INFO transparent_shard_server::service: prewarm finished warm=28 target=28 failed=0 seconds=127.723207988
2026-09-09T18:11:39.274483Z  INFO transparent_shard_server::runtime: retired runtime memory reclaimed rss_before=4437348352 rss_after=4352614400
2026-09-09T18:11:39.825245Z DEBUG transparent_shard_server::runtime: runtime stage key=("be059aab39ac34125e0452548d6fbcfb1e7cdb7237a597bd59ee86011ed4882b", Pages, 0) seconds=1.11e-6 stage="restore_slot"
2026-09-09T18:11:39.825244Z DEBUG transparent_shard_server::runtime: runtime stage key=("be059aab39ac34125e0452548d6fbcfb1e7cdb7237a597bd59ee86011ed4882b", Directory, 0) seconds=1.689e-6 stage="restore_slot"
2026-09-09T18:11:39.825409Z DEBUG transparent_shard_server::runtime: runtime stage key=("be059aab39ac34125e0452548d6fbcfb1e7cdb7237a597bd59ee86011ed4882b", Pages, 0) seconds=3.024e-5 hit=false stage="disk_restore"
2026-09-09T18:11:39.825413Z DEBUG transparent_shard_server::runtime: runtime stage key=("be059aab39ac34125e0452548d6fbcfb1e7cdb7237a597bd59ee86011ed4882b", Directory, 0) seconds=2.6903e-5 hit=false stage="disk_restore"
2026-09-09T18:11:39.825427Z DEBUG transparent_shard_server::runtime: runtime stage key=("be059aab39ac34125e0452548d6fbcfb1e7cdb7237a597bd59ee86011ed4882b", Pages, 0) seconds=3.63e-7 stage="build_slot"
2026-09-09T18:11:39.825458Z DEBUG transparent_shard_server::memory: cold build admission wait seconds=2.67e-5 admitted=true
2026-09-09T18:11:39.928646Z DEBUG transparent_shard_server::memory: work memory admission denied current=5905465344 limit=7516192768 held=805306368 requested=268435456
2026-09-09T18:11:39.960932Z DEBUG transparent_shard_server::runtime: runtime stage key=("be059aab39ac34125e0452548d6fbcfb1e7cdb7237a597bd59ee86011ed4882b", Pages, 0) seconds=0.135453422 stage="source_load"
2026-09-09T18:11:40.269409Z DEBUG transparent_shard_server::runtime: construction stage geometry="recent-8k" table="pages" seconds=0.308437155 stage="encode_database"
2026-09-09T18:11:40.269526Z DEBUG transparent_shard_server::runtime: construction stage geometry="recent-8k" table="pages" seconds=7.9029e-5 stage="public_setup"
2026-09-09T18:11:40.307435Z DEBUG transparent_shard_server::memory: work memory admission denied current=5905367040 limit=7516192768 held=805306368 requested=268435456
2026-09-09T18:11:40.518594Z DEBUG transparent_shard_server::memory: work memory admission denied current=5905149952 limit=7516192768 held=805306368 requested=268435456
2026-09-09T18:11:40.724636Z DEBUG transparent_shard_server::memory: work memory admission denied current=5905285120 limit=7516192768 held=805306368 requested=268435456
2026-09-09T18:11:40.828296Z DEBUG transparent_shard_server::runtime: construction stage geometry="recent-8k" table="pages" seconds=0.558762212 stage="hint_columns"
2026-09-09T18:11:43.685353Z DEBUG transparent_shard_server::memory: work memory admission denied current=5861044224 limit=7516192768 held=805306368 requested=268435456
2026-09-09T18:11:43.742718Z DEBUG transparent_shard_server::runtime: construction stage geometry="recent-8k" table="pages" seconds=2.914387422 stage="pack_preprocessing"
2026-09-09T18:11:43.743018Z DEBUG transparent_shard_server::runtime: construction stage geometry="recent-8k" table="pages" seconds=0.00026813 stage="publish_parameters"
2026-09-09T18:11:43.743456Z DEBUG transparent_shard_server::runtime: runtime stage key=("be059aab39ac34125e0452548d6fbcfb1e7cdb7237a597bd59ee86011ed4882b", Pages, 0) seconds=3.782485844 stage="runtime_build"
2026-09-09T18:11:44.478504Z DEBUG transparent_shard_server::runtime: runtime stage key=("be059aab39ac34125e0452548d6fbcfb1e7cdb7237a597bd59ee86011ed4882b", Pages, 0) seconds=0.735027927 stage="disk_save"
2026-09-09T18:11:44.478607Z DEBUG transparent_shard_server::runtime: runtime stage key=("be059aab39ac34125e0452548d6fbcfb1e7cdb7237a597bd59ee86011ed4882b", Directory, 0) seconds=4.653175342 stage="build_slot"
2026-09-09T18:11:44.478704Z DEBUG transparent_shard_server::memory: cold build admission wait seconds=7.2163e-5 admitted=true
2026-09-09T18:11:44.623315Z DEBUG transparent_shard_server::runtime: runtime stage key=("be059aab39ac34125e0452548d6fbcfb1e7cdb7237a597bd59ee86011ed4882b", Directory, 0) seconds=0.144588591 stage="source_load"
2026-09-09T18:11:44.934721Z DEBUG transparent_shard_server::runtime: construction stage geometry="recent-8k" table="directory" seconds=0.311362148 stage="encode_database"
2026-09-09T18:11:44.934838Z DEBUG transparent_shard_server::runtime: construction stage geometry="recent-8k" table="directory" seconds=7.2108e-5 stage="public_setup"
2026-09-09T18:11:45.062082Z DEBUG transparent_shard_server::memory: work memory admission denied current=5905022976 limit=7516192768 held=805306368 requested=268435456
2026-09-09T18:11:45.266676Z DEBUG transparent_shard_server::memory: work memory admission denied current=5904793600 limit=7516192768 held=805306368 requested=268435456
2026-09-09T18:11:45.474806Z DEBUG transparent_shard_server::memory: work memory admission denied current=5904793600 limit=7516192768 held=805306368 requested=268435456
2026-09-09T18:11:45.479586Z DEBUG transparent_shard_server::runtime: construction stage geometry="recent-8k" table="directory" seconds=0.54474129 stage="hint_columns"
2026-09-09T18:11:46.353031Z DEBUG transparent_shard_server::memory: work memory admission denied current=5905420288 limit=7516192768 held=805306368 requested=268435456
2026-09-09T18:11:46.563812Z DEBUG transparent_shard_server::memory: work memory admission denied current=5905158144 limit=7516192768 held=805306368 requested=268435456
2026-09-09T18:11:46.935417Z DEBUG transparent_shard_server::memory: work memory admission denied current=5838282752 limit=7516192768 held=805306368 requested=268435456
2026-09-09T18:11:48.408216Z DEBUG transparent_shard_server::runtime: construction stage geometry="recent-8k" table="directory" seconds=2.92859286 stage="pack_preprocessing"
2026-09-09T18:11:48.408589Z DEBUG transparent_shard_server::runtime: construction stage geometry="recent-8k" table="directory" seconds=0.000327007 stage="publish_parameters"
2026-09-09T18:11:48.409086Z DEBUG transparent_shard_server::runtime: runtime stage key=("be059aab39ac34125e0452548d6fbcfb1e7cdb7237a597bd59ee86011ed4882b", Directory, 0) seconds=3.785729088 stage="runtime_build"
2026-09-09T18:11:49.165009Z DEBUG transparent_shard_server::runtime: runtime stage key=("be059aab39ac34125e0452548d6fbcfb1e7cdb7237a597bd59ee86011ed4882b", Directory, 0) seconds=0.755905954 stage="disk_save"
2026-09-09T18:11:49.165078Z  INFO transparent_shard_server::service: prewarm finished warm=28 target=28 failed=0 seconds=9.339896562
2026-09-09T18:11:49.165125Z DEBUG transparent_shard_server::live: publication preparation stages map=32426d9e9300c44558210d8540b636402af2b3c322627f9e9f26e0082b489725 loading_seconds=0.557910997 warming_seconds=9.340006188
2026-09-09T18:11:49.187011Z  INFO transparent_shard_server::runtime: retired runtime memory reclaimed rss_before=4691148800 rss_after=4420907008
2026-09-09T18:11:49.252405Z DEBUG transparent_shard_server::runtime: runtime stage key=("5b7ee9849d47f5ee67d04eb6ca4588beacf42dce75e5a1b481dfd02607b1fb20", Pages, 0) seconds=1.351e-6 stage="restore_slot"
2026-09-09T18:11:49.733303Z DEBUG transparent_shard_server::runtime: runtime stage key=("268f5c527d35817d37919707b04a706c850d449156baa071b5438dbf8eb53aec", Directory, 0) seconds=1.765e-6 stage="restore_slot"
2026-09-09T18:11:49.733468Z DEBUG transparent_shard_server::runtime: runtime stage key=("268f5c527d35817d37919707b04a706c850d449156baa071b5438dbf8eb53aec", Directory, 0) seconds=3.4785e-5 hit=false stage="disk_restore"
2026-09-09T18:11:49.733503Z DEBUG transparent_shard_server::runtime: runtime stage key=("268f5c527d35817d37919707b04a706c850d449156baa071b5438dbf8eb53aec", Pages, 0) seconds=4.07e-7 stage="restore_slot"
2026-09-09T18:11:49.733579Z DEBUG transparent_shard_server::runtime: runtime stage key=("268f5c527d35817d37919707b04a706c850d449156baa071b5438dbf8eb53aec", Pages, 0) seconds=3.008e-5 hit=false stage="disk_restore"
2026-09-09T18:11:49.733590Z DEBUG transparent_shard_server::runtime: runtime stage key=("268f5c527d35817d37919707b04a706c850d449156baa071b5438dbf8eb53aec", Directory, 0) seconds=4.32e-7 stage="build_slot"
2026-09-09T18:11:49.733643Z DEBUG transparent_shard_server::memory: cold build admission wait seconds=2.4739e-5 admitted=true
2026-09-09T18:11:49.829471Z DEBUG transparent_shard_server::memory: work memory admission denied current=5821976576 limit=7516192768 held=805306368 requested=268435456
2026-09-09T18:11:49.868178Z DEBUG transparent_shard_server::runtime: runtime stage key=("268f5c527d35817d37919707b04a706c850d449156baa071b5438dbf8eb53aec", Directory, 0) seconds=0.134524268 stage="source_load"
2026-09-09T18:11:50.038724Z DEBUG transparent_shard_server::memory: work memory admission denied current=5905006592 limit=7516192768 held=805306368 requested=268435456
2026-09-09T18:11:50.148371Z DEBUG transparent_shard_server::runtime: runtime stage key=("5b7ee9849d47f5ee67d04eb6ca4588beacf42dce75e5a1b481dfd02607b1fb20", Pages, 0) seconds=0.895837924 hit=true stage="disk_restore"
2026-09-09T18:11:50.177789Z DEBUG transparent_shard_server::runtime: construction stage geometry="recent-8k" table="directory" seconds=0.309577202 stage="encode_database"
2026-09-09T18:11:50.177937Z DEBUG transparent_shard_server::runtime: construction stage geometry="recent-8k" table="directory" seconds=0.000114373 stage="public_setup"
2026-09-09T18:11:50.247776Z DEBUG transparent_shard_server::memory: work memory admission denied current=5905481728 limit=7516192768 held=805306368 requested=268435456
2026-09-09T18:11:50.306901Z DEBUG transparent_shard_server::runtime: runtime stage key=("5b7ee9849d47f5ee67d04eb6ca4588beacf42dce75e5a1b481dfd02607b1fb20", Pages, 0) seconds=0.158496313 stage="source_verify"
2026-09-09T18:11:50.306935Z  INFO transparent_shard_server::runtime: restored runtime cache seconds=1.054404558
2026-09-09T18:11:50.472452Z DEBUG transparent_shard_server::memory: work memory admission denied current=5905416192 limit=7516192768 held=805306368 requested=268435456
2026-09-09T18:11:50.677393Z DEBUG transparent_shard_server::memory: work memory admission denied current=5905281024 limit=7516192768 held=805306368 requested=268435456
2026-09-09T18:11:50.742665Z DEBUG transparent_shard_server::runtime: construction stage geometry="recent-8k" table="directory" seconds=0.564720997 stage="hint_columns"
2026-09-09T18:11:51.589583Z DEBUG transparent_shard_server::memory: work memory admission denied current=5905473536 limit=7516192768 held=805306368 requested=268435456
2026-09-09T18:11:51.841786Z DEBUG transparent_shard_server::memory: work memory admission denied current=5905256448 limit=7516192768 held=805306368 requested=268435456
2026-09-09T18:11:52.047364Z DEBUG transparent_shard_server::memory: work memory admission denied current=5838471168 limit=7516192768 held=805306368 requested=268435456
2026-09-09T18:11:53.682393Z DEBUG transparent_shard_server::runtime: construction stage geometry="recent-8k" table="directory" seconds=2.939691486 stage="pack_preprocessing"
2026-09-09T18:11:53.682701Z DEBUG transparent_shard_server::runtime: construction stage geometry="recent-8k" table="directory" seconds=0.000253323 stage="publish_parameters"
2026-09-09T18:11:53.683140Z DEBUG transparent_shard_server::runtime: runtime stage key=("268f5c527d35817d37919707b04a706c850d449156baa071b5438dbf8eb53aec", Directory, 0) seconds=3.81493032 stage="runtime_build"
2026-09-09T18:11:54.420529Z DEBUG transparent_shard_server::runtime: runtime stage key=("268f5c527d35817d37919707b04a706c850d449156baa071b5438dbf8eb53aec", Directory, 0) seconds=0.73737594 stage="disk_save"
2026-09-09T18:11:54.420605Z DEBUG transparent_shard_server::runtime: runtime stage key=("268f5c527d35817d37919707b04a706c850d449156baa071b5438dbf8eb53aec", Pages, 0) seconds=4.686990713 stage="build_slot"
2026-09-09T18:11:54.420695Z DEBUG transparent_shard_server::memory: cold build admission wait seconds=7.1756e-5 admitted=true
2026-09-09T18:11:54.567056Z DEBUG transparent_shard_server::runtime: runtime stage key=("268f5c527d35817d37919707b04a706c850d449156baa071b5438dbf8eb53aec", Pages, 0) seconds=0.146303474 stage="source_load"
2026-09-09T18:11:54.873979Z DEBUG transparent_shard_server::runtime: construction stage geometry="recent-8k" table="pages" seconds=0.306882571 stage="encode_database"
2026-09-09T18:11:54.874162Z DEBUG transparent_shard_server::runtime: construction stage geometry="recent-8k" table="pages" seconds=0.000125263 stage="public_setup"
2026-09-09T18:11:54.989601Z DEBUG transparent_shard_server::memory: work memory admission denied current=5905551360 limit=7516192768 held=805306368 requested=268435456
2026-09-09T18:11:55.198136Z DEBUG transparent_shard_server::memory: work memory admission denied current=5905317888 limit=7516192768 held=805306368 requested=268435456
2026-09-09T18:11:55.401606Z DEBUG transparent_shard_server::memory: work memory admission denied current=5905305600 limit=7516192768 held=805306368 requested=268435456
2026-09-09T18:11:55.449236Z DEBUG transparent_shard_server::runtime: construction stage geometry="recent-8k" table="pages" seconds=0.575067095 stage="hint_columns"
2026-09-09T18:11:56.267704Z DEBUG transparent_shard_server::memory: work memory admission denied current=5905301504 limit=7516192768 held=805306368 requested=268435456
2026-09-09T18:11:56.542574Z DEBUG transparent_shard_server::memory: work memory admission denied current=5905285120 limit=7516192768 held=805306368 requested=268435456
2026-09-09T18:11:56.763353Z DEBUG transparent_shard_server::memory: work memory admission denied current=5837996032 limit=7516192768 held=805306368 requested=268435456
2026-09-09T18:11:58.420488Z DEBUG transparent_shard_server::runtime: construction stage geometry="recent-8k" table="pages" seconds=2.9712079989999998 stage="pack_preprocessing"
2026-09-09T18:11:58.420817Z DEBUG transparent_shard_server::runtime: construction stage geometry="recent-8k" table="pages" seconds=0.000290357 stage="publish_parameters"
2026-09-09T18:11:58.421276Z DEBUG transparent_shard_server::runtime: runtime stage key=("268f5c527d35817d37919707b04a706c850d449156baa071b5438dbf8eb53aec", Pages, 0) seconds=3.854181466 stage="runtime_build"
2026-09-09T18:11:59.161242Z DEBUG transparent_shard_server::runtime: runtime stage key=("268f5c527d35817d37919707b04a706c850d449156baa071b5438dbf8eb53aec", Pages, 0) seconds=0.73994416 stage="disk_save"
2026-09-09T18:11:59.161362Z  INFO transparent_shard_server::service: prewarm finished warm=28 target=28 failed=0 seconds=9.428113086
2026-09-09T18:11:59.161421Z DEBUG transparent_shard_server::live: publication preparation stages map=12cbb58695cd66166197842d179b61598c15effb06ad32efcd899a13e36e7b10 loading_seconds=0.566935162 warming_seconds=9.428227428
test burst::publication_burst_under_exact_load ... ok

test result: ok. 1 passed; 0 failed; 0 ignored; 0 measured; 14 filtered out; finished in 153.56s

Finished with result: success
Main processes terminated with: code=exited/status=0
Service runtime: 2min 33.595s
CPU time consumed: 3min 51.613s
Memory peak: 2.3M
Memory swap peak: 0B
