Sep 08 13:13:59 enhance-pir-coordinator-01 systemd[1]: Started transparent-publish-controller.service - Continuous transparent PIR publication.
Sep 08 13:14:00 enhance-pir-coordinator-01 transparent-publish-controller[1058844]: assignment 478440cb2d1401dd7764f8b5a88ab6badd030c9f0c14408551b57d75b7efc9b0 written to /opt/transparent-publisher/state/7b7021eb48d77671380369f897b327ac58347ca132028804a4a2efc1e7ac34ba.assignment.json
Sep 08 13:14:00 enhance-pir-coordinator-01 transparent-publish-controller[1058844]:   transparent-pir-archive-01 archive-owner     80 shards   48318382080 bytes reserved of   51539607552 cache  0-79
Sep 08 13:14:00 enhance-pir-coordinator-01 transparent-publish-controller[1058844]:   transparent-pir-archive-02 archive-owner     80 shards   48318382080 bytes reserved of   51539607552 cache  80-159
Sep 08 13:14:00 enhance-pir-coordinator-01 transparent-publish-controller[1058844]:   transparent-pir-recent-01 recent-replica    14 shards    3758096384 bytes reserved of    5368709120 cache  160-173
Sep 08 13:14:00 enhance-pir-coordinator-01 transparent-publish-controller[1058844]:   transparent-pir-recent-02 recent-replica    14 shards    3758096384 bytes reserved of    5368709120 cache  160-173
Sep 08 13:14:00 enhance-pir-coordinator-01 transparent-publish-controller[1058844]:   transparent-pir-recent-03 recent-replica    14 shards    3758096384 bytes reserved of    5368709120 cache  160-173
Sep 08 13:14:00 enhance-pir-coordinator-01 transparent-publish-controller[1058844]:   transparent-pir-recent-04 recent-replica    14 shards    3758096384 bytes reserved of    5368709120 cache  160-173
Sep 08 13:14:04 enhance-pir-coordinator-01 transparent-publish-controller[1058834]: journal 0-3473770, archive-wide below 3262749 at SealPolicy { scripts: Limit { target: 393216, capacity: 458752 }, page_rows: Limit { target: 63488, capacity: 65536 } }, recent-8k from 3262749 at SealPolicy { scripts: Limit { target: 98304, capacity: 114688 }, page_rows: Limit { target: 7936, capacity: 8192 } }
Sep 08 13:14:05 enhance-pir-coordinator-01 transparent-publish-controller[1058834]: shard 173 3473055-3473770 (716 blocks) scripts 5947 pages 457 events 23412 segments 1/1 TAIL r1
Sep 08 13:14:05 enhance-pir-coordinator-01 transparent-publish-controller[1058834]: published 174 shards covering 0-3473770; filters ~60.05 MB
Sep 08 13:14:05 enhance-pir-coordinator-01 transparent-publish-controller[1058898]: assignment d26882e77b4b9e70b3f4cb7a0fedf1a0ef754a21f5a2c6576c04b3ae9c70619b written to /opt/transparent-publisher/state/cef70baa1d42361f6ea1eb4434fd5159444ece0994825e49bde0a26bf0190439.assignment.json
Sep 08 13:14:05 enhance-pir-coordinator-01 transparent-publish-controller[1058898]:   transparent-pir-archive-01 archive-owner     80 shards   48318382080 bytes reserved of   51539607552 cache  0-79
Sep 08 13:14:05 enhance-pir-coordinator-01 transparent-publish-controller[1058898]:   transparent-pir-archive-02 archive-owner     80 shards   48318382080 bytes reserved of   51539607552 cache  80-159
Sep 08 13:14:05 enhance-pir-coordinator-01 transparent-publish-controller[1058898]:   transparent-pir-recent-01 recent-replica    14 shards    3758096384 bytes reserved of    5368709120 cache  160-173
Sep 08 13:14:05 enhance-pir-coordinator-01 transparent-publish-controller[1058898]:   transparent-pir-recent-02 recent-replica    14 shards    3758096384 bytes reserved of    5368709120 cache  160-173
Sep 08 13:14:05 enhance-pir-coordinator-01 transparent-publish-controller[1058898]:   transparent-pir-recent-03 recent-replica    14 shards    3758096384 bytes reserved of    5368709120 cache  160-173
Sep 08 13:14:05 enhance-pir-coordinator-01 transparent-publish-controller[1058898]:   transparent-pir-recent-04 recent-replica    14 shards    3758096384 bytes reserved of    5368709120 cache  160-173
Sep 08 13:14:22 enhance-pir-coordinator-01 transparent-publish-controller[1058834]: journal 0-3474205, archive-wide below 3262749 at SealPolicy { scripts: Limit { target: 393216, capacity: 458752 }, page_rows: Limit { target: 63488, capacity: 65536 } }, recent-8k from 3262749 at SealPolicy { scripts: Limit { target: 98304, capacity: 114688 }, page_rows: Limit { target: 7936, capacity: 8192 } }
Sep 08 13:14:23 enhance-pir-coordinator-01 transparent-publish-controller[1058834]: shard 173 3473055-3474205 (1151 blocks) scripts 9587 pages 899 events 43671 segments 1/1 TAIL r1
Sep 08 13:14:23 enhance-pir-coordinator-01 transparent-publish-controller[1058834]: published 174 shards covering 0-3474205; filters ~60.06 MB
Sep 08 13:14:24 enhance-pir-coordinator-01 transparent-publish-controller[1059141]: assignment cd51156a26f33ebf3a01d9e3293ea3b4054354c8ef1e189d65c89ab4fd0e482b written to /opt/transparent-publisher/state/6e79cd32f13693942c7b02e30f6b74f074b546f2b04290f5650691f84c35cee4.assignment.json
Sep 08 13:14:24 enhance-pir-coordinator-01 transparent-publish-controller[1059141]:   transparent-pir-archive-01 archive-owner     80 shards   48318382080 bytes reserved of   51539607552 cache  0-79
Sep 08 13:14:24 enhance-pir-coordinator-01 transparent-publish-controller[1059141]:   transparent-pir-archive-02 archive-owner     80 shards   48318382080 bytes reserved of   51539607552 cache  80-159
Sep 08 13:14:24 enhance-pir-coordinator-01 transparent-publish-controller[1059141]:   transparent-pir-recent-01 recent-replica    14 shards    3758096384 bytes reserved of    5368709120 cache  160-173
Sep 08 13:14:24 enhance-pir-coordinator-01 transparent-publish-controller[1059141]:   transparent-pir-recent-02 recent-replica    14 shards    3758096384 bytes reserved of    5368709120 cache  160-173
Sep 08 13:14:24 enhance-pir-coordinator-01 transparent-publish-controller[1059141]:   transparent-pir-recent-03 recent-replica    14 shards    3758096384 bytes reserved of    5368709120 cache  160-173
Sep 08 13:14:24 enhance-pir-coordinator-01 transparent-publish-controller[1059141]:   transparent-pir-recent-04 recent-replica    14 shards    3758096384 bytes reserved of    5368709120 cache  160-173
Sep 08 13:14:41 enhance-pir-coordinator-01 transparent-publish-controller[1058834]: 2026-09-08T13:14:41.235976Z ERROR transparent_filter_server::controller: publication freshness target exceeded alert="transparent_publication_stale" oldest_unpublished_seconds=41
Sep 08 13:14:41 enhance-pir-coordinator-01 transparent-publish-controller[1058834]: journal 0-3474976, archive-wide below 3262749 at SealPolicy { scripts: Limit { target: 393216, capacity: 458752 }, page_rows: Limit { target: 63488, capacity: 65536 } }, recent-8k from 3262749 at SealPolicy { scripts: Limit { target: 98304, capacity: 114688 }, page_rows: Limit { target: 7936, capacity: 8192 } }
Sep 08 13:14:41 enhance-pir-coordinator-01 transparent-publish-controller[1058834]: shard 173 3473055-3474976 (1922 blocks) scripts 15491 pages 1612 events 76526 segments 1/1 TAIL r1
Sep 08 13:14:42 enhance-pir-coordinator-01 transparent-publish-controller[1058834]: published 174 shards covering 0-3474976; filters ~60.08 MB
Sep 08 13:14:42 enhance-pir-coordinator-01 transparent-publish-controller[1059285]: assignment fefb733858c3bc3035ff07f33d0faff3e7a719bbdbfc7f29b5d94c40a85c1df7 written to /opt/transparent-publisher/state/bc6badcfdf3c2ab8f29f82383eef965fb721e206d8a0ad59eec409cf918fa1c2.assignment.json
Sep 08 13:14:42 enhance-pir-coordinator-01 transparent-publish-controller[1059285]:   transparent-pir-archive-01 archive-owner     80 shards   48318382080 bytes reserved of   51539607552 cache  0-79
Sep 08 13:14:42 enhance-pir-coordinator-01 transparent-publish-controller[1059285]:   transparent-pir-archive-02 archive-owner     80 shards   48318382080 bytes reserved of   51539607552 cache  80-159
Sep 08 13:14:42 enhance-pir-coordinator-01 transparent-publish-controller[1059285]:   transparent-pir-recent-01 recent-replica    14 shards    3758096384 bytes reserved of    5368709120 cache  160-173
Sep 08 13:14:42 enhance-pir-coordinator-01 transparent-publish-controller[1059285]:   transparent-pir-recent-02 recent-replica    14 shards    3758096384 bytes reserved of    5368709120 cache  160-173
Sep 08 13:14:42 enhance-pir-coordinator-01 transparent-publish-controller[1059285]:   transparent-pir-recent-03 recent-replica    14 shards    3758096384 bytes reserved of    5368709120 cache  160-173
Sep 08 13:14:42 enhance-pir-coordinator-01 transparent-publish-controller[1059285]:   transparent-pir-recent-04 recent-replica    14 shards    3758096384 bytes reserved of    5368709120 cache  160-173
Sep 08 13:14:59 enhance-pir-coordinator-01 transparent-publish-controller[1058834]: 2026-09-08T13:14:59.720917Z ERROR transparent_filter_server::controller: publication freshness target exceeded alert="transparent_publication_stale" oldest_unpublished_seconds=59
Sep 08 13:14:59 enhance-pir-coordinator-01 transparent-publish-controller[1058834]: journal 0-3475593, archive-wide below 3262749 at SealPolicy { scripts: Limit { target: 393216, capacity: 458752 }, page_rows: Limit { target: 63488, capacity: 65536 } }, recent-8k from 3262749 at SealPolicy { scripts: Limit { target: 98304, capacity: 114688 }, page_rows: Limit { target: 7936, capacity: 8192 } }
Sep 08 13:15:00 enhance-pir-coordinator-01 transparent-publish-controller[1058834]: shard 173 3473055-3475593 (2539 blocks) scripts 19010 pages 2106 events 98332 segments 1/1 TAIL r1
Sep 08 13:15:00 enhance-pir-coordinator-01 transparent-publish-controller[1058834]: published 174 shards covering 0-3475593; filters ~60.09 MB
Sep 08 13:15:01 enhance-pir-coordinator-01 transparent-publish-controller[1059347]: assignment 22c8d5aa548aa2fc7b02b0fe8a1d54b30e7919a9c9877b32a443aecdebebca47 written to /opt/transparent-publisher/state/94813de313a4a82c7144380973be28d45688bf712de621ee0ba7deb56eb0a9b3.assignment.json
Sep 08 13:15:01 enhance-pir-coordinator-01 transparent-publish-controller[1059347]:   transparent-pir-archive-01 archive-owner     80 shards   48318382080 bytes reserved of   51539607552 cache  0-79
Sep 08 13:15:01 enhance-pir-coordinator-01 transparent-publish-controller[1059347]:   transparent-pir-archive-02 archive-owner     80 shards   48318382080 bytes reserved of   51539607552 cache  80-159
Sep 08 13:15:01 enhance-pir-coordinator-01 transparent-publish-controller[1059347]:   transparent-pir-recent-01 recent-replica    14 shards    3758096384 bytes reserved of    5368709120 cache  160-173
Sep 08 13:15:01 enhance-pir-coordinator-01 transparent-publish-controller[1059347]:   transparent-pir-recent-02 recent-replica    14 shards    3758096384 bytes reserved of    5368709120 cache  160-173
Sep 08 13:15:01 enhance-pir-coordinator-01 transparent-publish-controller[1059347]:   transparent-pir-recent-03 recent-replica    14 shards    3758096384 bytes reserved of    5368709120 cache  160-173
Sep 08 13:15:01 enhance-pir-coordinator-01 transparent-publish-controller[1059347]:   transparent-pir-recent-04 recent-replica    14 shards    3758096384 bytes reserved of    5368709120 cache  160-173
Sep 08 13:15:20 enhance-pir-coordinator-01 transparent-publish-controller[1058834]: 2026-09-08T13:15:20.307405Z ERROR transparent_filter_server::controller: publication freshness target exceeded alert="transparent_publication_stale" oldest_unpublished_seconds=80
Sep 08 13:15:20 enhance-pir-coordinator-01 transparent-publish-controller[1058834]: journal 0-3476259, archive-wide below 3262749 at SealPolicy { scripts: Limit { target: 393216, capacity: 458752 }, page_rows: Limit { target: 63488, capacity: 65536 } }, recent-8k from 3262749 at SealPolicy { scripts: Limit { target: 98304, capacity: 114688 }, page_rows: Limit { target: 7936, capacity: 8192 } }
Sep 08 13:15:20 enhance-pir-coordinator-01 transparent-publish-controller[1058834]: shard 173 3473055-3476259 (3205 blocks) scripts 21783 pages 2582 events 118647 segments 1/1 TAIL r1
Sep 08 13:15:21 enhance-pir-coordinator-01 transparent-publish-controller[1058834]: published 174 shards covering 0-3476259; filters ~60.09 MB
Sep 08 13:15:21 enhance-pir-coordinator-01 transparent-publish-controller[1059474]: assignment b835e21a6583000fb5bd695e77fe43f90b9590ff99433f56428a00eb0fab5e92 written to /opt/transparent-publisher/state/81682bb293c2a8d965a54bb701647848e50fa195391cf36bfbe52ef3342aa985.assignment.json
Sep 08 13:15:21 enhance-pir-coordinator-01 transparent-publish-controller[1059474]:   transparent-pir-archive-01 archive-owner     80 shards   48318382080 bytes reserved of   51539607552 cache  0-79
Sep 08 13:15:21 enhance-pir-coordinator-01 transparent-publish-controller[1059474]:   transparent-pir-archive-02 archive-owner     80 shards   48318382080 bytes reserved of   51539607552 cache  80-159
Sep 08 13:15:21 enhance-pir-coordinator-01 transparent-publish-controller[1059474]:   transparent-pir-recent-01 recent-replica    14 shards    3758096384 bytes reserved of    5368709120 cache  160-173
Sep 08 13:15:21 enhance-pir-coordinator-01 transparent-publish-controller[1059474]:   transparent-pir-recent-02 recent-replica    14 shards    3758096384 bytes reserved of    5368709120 cache  160-173
Sep 08 13:15:21 enhance-pir-coordinator-01 transparent-publish-controller[1059474]:   transparent-pir-recent-03 recent-replica    14 shards    3758096384 bytes reserved of    5368709120 cache  160-173
Sep 08 13:15:21 enhance-pir-coordinator-01 transparent-publish-controller[1059474]:   transparent-pir-recent-04 recent-replica    14 shards    3758096384 bytes reserved of    5368709120 cache  160-173
Sep 08 13:15:38 enhance-pir-coordinator-01 transparent-publish-controller[1058834]: 2026-09-08T13:15:38.827821Z ERROR transparent_filter_server::controller: publication freshness target exceeded alert="transparent_publication_stale" oldest_unpublished_seconds=98
Sep 08 13:15:39 enhance-pir-coordinator-01 transparent-publish-controller[1058834]: 2026-09-08T13:15:39.862866Z ERROR transparent_filter_server::controller: publication freshness target exceeded alert="transparent_publication_stale" oldest_unpublished_seconds=99
Sep 08 13:15:40 enhance-pir-coordinator-01 transparent-publish-controller[1058834]: 2026-09-08T13:15:40.880981Z ERROR transparent_filter_server::controller: publication freshness target exceeded alert="transparent_publication_stale" oldest_unpublished_seconds=100
Sep 08 13:15:41 enhance-pir-coordinator-01 transparent-publish-controller[1058834]: 2026-09-08T13:15:41.898997Z ERROR transparent_filter_server::controller: publication freshness target exceeded alert="transparent_publication_stale" oldest_unpublished_seconds=101
Sep 08 13:15:42 enhance-pir-coordinator-01 transparent-publish-controller[1058834]: 2026-09-08T13:15:42.917468Z ERROR transparent_filter_server::controller: publication freshness target exceeded alert="transparent_publication_stale" oldest_unpublished_seconds=102
Sep 08 13:15:43 enhance-pir-coordinator-01 transparent-publish-controller[1058834]: 2026-09-08T13:15:43.935071Z ERROR transparent_filter_server::controller: publication freshness target exceeded alert="transparent_publication_stale" oldest_unpublished_seconds=103
Sep 08 13:15:44 enhance-pir-coordinator-01 transparent-publish-controller[1058834]: 2026-09-08T13:15:44.953378Z ERROR transparent_filter_server::controller: publication freshness target exceeded alert="transparent_publication_stale" oldest_unpublished_seconds=104
Sep 08 13:15:45 enhance-pir-coordinator-01 transparent-publish-controller[1058834]: 2026-09-08T13:15:45.971747Z ERROR transparent_filter_server::controller: publication freshness target exceeded alert="transparent_publication_stale" oldest_unpublished_seconds=105
Sep 08 13:15:46 enhance-pir-coordinator-01 transparent-publish-controller[1058834]: 2026-09-08T13:15:46.990200Z ERROR transparent_filter_server::controller: publication freshness target exceeded alert="transparent_publication_stale" oldest_unpublished_seconds=106
Sep 08 13:15:48 enhance-pir-coordinator-01 transparent-publish-controller[1058834]: 2026-09-08T13:15:48.009306Z ERROR transparent_filter_server::controller: publication freshness target exceeded alert="transparent_publication_stale" oldest_unpublished_seconds=107
Sep 08 13:15:49 enhance-pir-coordinator-01 transparent-publish-controller[1058834]: 2026-09-08T13:15:49.029063Z ERROR transparent_filter_server::controller: publication freshness target exceeded alert="transparent_publication_stale" oldest_unpublished_seconds=108
Sep 08 13:15:50 enhance-pir-coordinator-01 transparent-publish-controller[1058834]: 2026-09-08T13:15:50.047512Z ERROR transparent_filter_server::controller: publication freshness target exceeded alert="transparent_publication_stale" oldest_unpublished_seconds=109
Sep 08 13:15:51 enhance-pir-coordinator-01 transparent-publish-controller[1058834]: 2026-09-08T13:15:51.065102Z ERROR transparent_filter_server::controller: publication freshness target exceeded alert="transparent_publication_stale" oldest_unpublished_seconds=110
Sep 08 13:15:52 enhance-pir-coordinator-01 transparent-publish-controller[1058834]: 2026-09-08T13:15:52.083528Z ERROR transparent_filter_server::controller: publication freshness target exceeded alert="transparent_publication_stale" oldest_unpublished_seconds=111
Sep 08 13:15:53 enhance-pir-coordinator-01 transparent-publish-controller[1058834]: 2026-09-08T13:15:53.101785Z ERROR transparent_filter_server::controller: publication freshness target exceeded alert="transparent_publication_stale" oldest_unpublished_seconds=112
Sep 08 13:15:54 enhance-pir-coordinator-01 transparent-publish-controller[1058834]: 2026-09-08T13:15:54.120421Z ERROR transparent_filter_server::controller: publication freshness target exceeded alert="transparent_publication_stale" oldest_unpublished_seconds=113
Sep 08 13:15:55 enhance-pir-coordinator-01 transparent-publish-controller[1058834]: 2026-09-08T13:15:55.137797Z ERROR transparent_filter_server::controller: publication freshness target exceeded alert="transparent_publication_stale" oldest_unpublished_seconds=114
Sep 08 13:15:56 enhance-pir-coordinator-01 transparent-publish-controller[1058834]: 2026-09-08T13:15:56.156277Z ERROR transparent_filter_server::controller: publication freshness target exceeded alert="transparent_publication_stale" oldest_unpublished_seconds=116
Sep 08 13:15:57 enhance-pir-coordinator-01 transparent-publish-controller[1058834]: 2026-09-08T13:15:57.173786Z ERROR transparent_filter_server::controller: publication freshness target exceeded alert="transparent_publication_stale" oldest_unpublished_seconds=117
Sep 08 13:15:58 enhance-pir-coordinator-01 transparent-publish-controller[1058834]: 2026-09-08T13:15:58.192254Z ERROR transparent_filter_server::controller: publication freshness target exceeded alert="transparent_publication_stale" oldest_unpublished_seconds=118
Sep 08 13:15:59 enhance-pir-coordinator-01 transparent-publish-controller[1058834]: 2026-09-08T13:15:59.215289Z ERROR transparent_filter_server::controller: publication freshness target exceeded alert="transparent_publication_stale" oldest_unpublished_seconds=119
Sep 08 13:16:00 enhance-pir-coordinator-01 transparent-publish-controller[1058834]: 2026-09-08T13:16:00.235119Z ERROR transparent_filter_server::controller: publication freshness target exceeded alert="transparent_publication_stale" oldest_unpublished_seconds=120
Sep 08 13:16:01 enhance-pir-coordinator-01 transparent-publish-controller[1058834]: 2026-09-08T13:16:01.255440Z ERROR transparent_filter_server::controller: publication freshness target exceeded alert="transparent_publication_stale" oldest_unpublished_seconds=121
Sep 08 13:16:02 enhance-pir-coordinator-01 transparent-publish-controller[1058834]: 2026-09-08T13:16:02.274572Z ERROR transparent_filter_server::controller: publication freshness target exceeded alert="transparent_publication_stale" oldest_unpublished_seconds=122
Sep 08 13:16:03 enhance-pir-coordinator-01 transparent-publish-controller[1058834]: 2026-09-08T13:16:03.293248Z ERROR transparent_filter_server::controller: publication freshness target exceeded alert="transparent_publication_stale" oldest_unpublished_seconds=123
Sep 08 13:16:03 enhance-pir-coordinator-01 systemd[1]: Stopping transparent-publish-controller.service - Continuous transparent PIR publication...
Sep 08 13:16:03 enhance-pir-coordinator-01 systemd[1]: transparent-publish-controller.service: Deactivated successfully.
Sep 08 13:16:03 enhance-pir-coordinator-01 systemd[1]: Stopped transparent-publish-controller.service - Continuous transparent PIR publication.
Sep 08 13:16:03 enhance-pir-coordinator-01 systemd[1]: transparent-publish-controller.service: Consumed 41.859s CPU time.
Sep 08 13:16:03 enhance-pir-coordinator-01 systemd[1]: Started transparent-publish-controller.service - Continuous transparent PIR publication.
Sep 08 13:16:04 enhance-pir-coordinator-01 transparent-publish-controller[1060156]: journal 0-3476259, archive-wide below 3262749 at SealPolicy { scripts: Limit { target: 393216, capacity: 458752 }, page_rows: Limit { target: 63488, capacity: 65536 } }, recent-8k from 3262749 at SealPolicy { scripts: Limit { target: 98304, capacity: 114688 }, page_rows: Limit { target: 7936, capacity: 8192 } }
Sep 08 13:16:05 enhance-pir-coordinator-01 transparent-publish-controller[1060156]: shard 173 3473055-3476259 (3205 blocks) scripts 21783 pages 2582 events 118647 segments 1/1 TAIL r1
Sep 08 13:16:05 enhance-pir-coordinator-01 transparent-publish-controller[1060156]: published 174 shards covering 0-3476259; filters ~60.09 MB
Sep 08 13:16:12 enhance-pir-coordinator-01 transparent-publish-controller[1060217]: {"level":"info","ts":1788873372.696867,"msg":"using provided configuration","config_file":"/etc/caddy/Caddyfile.live-next","config_adapter":"caddyfile"}
Sep 08 13:16:12 enhance-pir-coordinator-01 transparent-publish-controller[1060217]: {"level":"info","ts":1788873372.7034457,"logger":"http","msg":"server is listening only on the HTTPS port but has no TLS connection policies; adding one to enable TLS","server_name":"srv0","https_port":443}
Sep 08 13:16:12 enhance-pir-coordinator-01 transparent-publish-controller[1060217]: {"level":"info","ts":1788873372.7034934,"logger":"http","msg":"enabling automatic HTTP->HTTPS redirects","server_name":"srv0"}
Sep 08 13:16:12 enhance-pir-coordinator-01 transparent-publish-controller[1060217]: {"level":"info","ts":1788873372.70376,"logger":"tls.cache.maintenance","msg":"started background certificate maintenance","cache":"0xc0001dacb0"}
Sep 08 13:16:12 enhance-pir-coordinator-01 transparent-publish-controller[1060217]: {"level":"info","ts":1788873372.7105324,"logger":"tls.cache.maintenance","msg":"stopped background certificate maintenance","cache":"0xc0001dacb0"}
Sep 08 13:16:12 enhance-pir-coordinator-01 transparent-publish-controller[1060217]: Valid configuration
Sep 08 13:16:12 enhance-pir-coordinator-01 transparent-publish-controller[1060156]: 2026-09-08T13:16:12.889510Z  INFO transparent_filter_server::controller: activated warm publication height=3476259 hash="00000000004205394a0a850064613ced628fb4ea09f4e1d1f51ca4b29b03db16" freshness_seconds=8.389985487 seconds=8.375776286
Sep 08 13:16:56 enhance-pir-coordinator-01 transparent-publish-controller[1060156]: journal 0-3476260, archive-wide below 3262749 at SealPolicy { scripts: Limit { target: 393216, capacity: 458752 }, page_rows: Limit { target: 63488, capacity: 65536 } }, recent-8k from 3262749 at SealPolicy { scripts: Limit { target: 98304, capacity: 114688 }, page_rows: Limit { target: 7936, capacity: 8192 } }
Sep 08 13:16:57 enhance-pir-coordinator-01 transparent-publish-controller[1060156]: shard 173 3473055-3476260 (3206 blocks) scripts 21799 pages 2581 events 118698 segments 1/1 TAIL r2
Sep 08 13:16:57 enhance-pir-coordinator-01 transparent-publish-controller[1060156]: published 174 shards covering 0-3476260; filters ~60.09 MB
Sep 08 13:16:57 enhance-pir-coordinator-01 transparent-publish-controller[1060386]: assignment 558bc1b3e03e6ebaffc8b5b3041010dd18492125b303559cf6d1445f5ff24daf written to /opt/transparent-publisher/state/267ea8b4a9caf3d1e4f3d395f89c868f585a6144cbb50569e44d09d990853e98.assignment.json
Sep 08 13:16:57 enhance-pir-coordinator-01 transparent-publish-controller[1060386]:   transparent-pir-archive-01 archive-owner     80 shards   48318382080 bytes reserved of   51539607552 cache  0-79
Sep 08 13:16:57 enhance-pir-coordinator-01 transparent-publish-controller[1060386]:   transparent-pir-archive-02 archive-owner     80 shards   48318382080 bytes reserved of   51539607552 cache  80-159
Sep 08 13:16:57 enhance-pir-coordinator-01 transparent-publish-controller[1060386]:   transparent-pir-recent-01 recent-replica    14 shards    3758096384 bytes reserved of    5368709120 cache  160-173
Sep 08 13:16:57 enhance-pir-coordinator-01 transparent-publish-controller[1060386]:   transparent-pir-recent-02 recent-replica    14 shards    3758096384 bytes reserved of    5368709120 cache  160-173
Sep 08 13:16:57 enhance-pir-coordinator-01 transparent-publish-controller[1060386]:   transparent-pir-recent-03 recent-replica    14 shards    3758096384 bytes reserved of    5368709120 cache  160-173
Sep 08 13:16:57 enhance-pir-coordinator-01 transparent-publish-controller[1060386]:   transparent-pir-recent-04 recent-replica    14 shards    3758096384 bytes reserved of    5368709120 cache  160-173
Sep 08 13:17:21 enhance-pir-coordinator-01 transparent-publish-controller[1060452]: {"level":"info","ts":1788873441.2155144,"msg":"using provided configuration","config_file":"/etc/caddy/Caddyfile.live-next","config_adapter":"caddyfile"}
Sep 08 13:17:21 enhance-pir-coordinator-01 transparent-publish-controller[1060452]: {"level":"info","ts":1788873441.223944,"logger":"http","msg":"server is listening only on the HTTPS port but has no TLS connection policies; adding one to enable TLS","server_name":"srv0","https_port":443}
Sep 08 13:17:21 enhance-pir-coordinator-01 transparent-publish-controller[1060452]: {"level":"info","ts":1788873441.2240098,"logger":"http","msg":"enabling automatic HTTP->HTTPS redirects","server_name":"srv0"}
Sep 08 13:17:21 enhance-pir-coordinator-01 transparent-publish-controller[1060452]: {"level":"info","ts":1788873441.2265239,"logger":"tls.cache.maintenance","msg":"started background certificate maintenance","cache":"0xc0001d8620"}
Sep 08 13:17:21 enhance-pir-coordinator-01 transparent-publish-controller[1060452]: {"level":"info","ts":1788873441.2304888,"logger":"tls.cache.maintenance","msg":"stopped background certificate maintenance","cache":"0xc0001d8620"}
Sep 08 13:17:21 enhance-pir-coordinator-01 transparent-publish-controller[1060452]: Valid configuration
Sep 08 13:17:21 enhance-pir-coordinator-01 transparent-publish-controller[1060156]: 2026-09-08T13:17:21.379358Z  INFO transparent_filter_server::controller: activated warm publication height=3476260 hash="00000000000c66468c89c5c767ddde075e3dd7fa113f63c662b308abfaf9e48a" freshness_seconds=24.744743151 seconds=24.658780802
Sep 08 13:17:21 enhance-pir-coordinator-01 transparent-publish-controller[1060156]: journal 0-3476261, archive-wide below 3262749 at SealPolicy { scripts: Limit { target: 393216, capacity: 458752 }, page_rows: Limit { target: 63488, capacity: 65536 } }, recent-8k from 3262749 at SealPolicy { scripts: Limit { target: 98304, capacity: 114688 }, page_rows: Limit { target: 7936, capacity: 8192 } }
Sep 08 13:17:22 enhance-pir-coordinator-01 transparent-publish-controller[1060156]: shard 173 3473055-3476261 (3207 blocks) scripts 21799 pages 2582 events 118699 segments 1/1 TAIL r3
Sep 08 13:17:22 enhance-pir-coordinator-01 transparent-publish-controller[1060156]: published 174 shards covering 0-3476261; filters ~60.09 MB
Sep 08 13:17:22 enhance-pir-coordinator-01 transparent-publish-controller[1060462]: assignment 80ffbd1b37db99e42b67b7ff2aa717553fdbba44eb507e50eb03ae44cd3b73f8 written to /opt/transparent-publisher/state/10f55420668610b9689ef9d07df0a4a8df460b2a10d3e3d3988f7a9dc195ccbf.assignment.json
Sep 08 13:17:22 enhance-pir-coordinator-01 transparent-publish-controller[1060462]:   transparent-pir-archive-01 archive-owner     80 shards   48318382080 bytes reserved of   51539607552 cache  0-79
Sep 08 13:17:22 enhance-pir-coordinator-01 transparent-publish-controller[1060462]:   transparent-pir-archive-02 archive-owner     80 shards   48318382080 bytes reserved of   51539607552 cache  80-159
Sep 08 13:17:22 enhance-pir-coordinator-01 transparent-publish-controller[1060462]:   transparent-pir-recent-01 recent-replica    14 shards    3758096384 bytes reserved of    5368709120 cache  160-173
Sep 08 13:17:22 enhance-pir-coordinator-01 transparent-publish-controller[1060462]:   transparent-pir-recent-02 recent-replica    14 shards    3758096384 bytes reserved of    5368709120 cache  160-173
Sep 08 13:17:22 enhance-pir-coordinator-01 transparent-publish-controller[1060462]:   transparent-pir-recent-03 recent-replica    14 shards    3758096384 bytes reserved of    5368709120 cache  160-173
Sep 08 13:17:22 enhance-pir-coordinator-01 transparent-publish-controller[1060462]:   transparent-pir-recent-04 recent-replica    14 shards    3758096384 bytes reserved of    5368709120 cache  160-173
Sep 08 13:17:42 enhance-pir-coordinator-01 transparent-publish-controller[1060573]: {"level":"info","ts":1788873462.3790138,"msg":"using provided configuration","config_file":"/etc/caddy/Caddyfile.live-next","config_adapter":"caddyfile"}
Sep 08 13:17:42 enhance-pir-coordinator-01 transparent-publish-controller[1060573]: {"level":"info","ts":1788873462.3883834,"logger":"http","msg":"server is listening only on the HTTPS port but has no TLS connection policies; adding one to enable TLS","server_name":"srv0","https_port":443}
Sep 08 13:17:42 enhance-pir-coordinator-01 transparent-publish-controller[1060573]: {"level":"info","ts":1788873462.3886335,"logger":"http","msg":"enabling automatic HTTP->HTTPS redirects","server_name":"srv0"}
Sep 08 13:17:42 enhance-pir-coordinator-01 transparent-publish-controller[1060573]: {"level":"info","ts":1788873462.388756,"logger":"tls.cache.maintenance","msg":"started background certificate maintenance","cache":"0xc0001db500"}
Sep 08 13:17:42 enhance-pir-coordinator-01 transparent-publish-controller[1060573]: {"level":"info","ts":1788873462.4058738,"logger":"tls.cache.maintenance","msg":"stopped background certificate maintenance","cache":"0xc0001db500"}
Sep 08 13:17:42 enhance-pir-coordinator-01 transparent-publish-controller[1060573]: Valid configuration
Sep 08 13:17:42 enhance-pir-coordinator-01 transparent-publish-controller[1060156]: 2026-09-08T13:17:42.591448Z  INFO transparent_filter_server::controller: activated warm publication height=3476261 hash="00000000001137e1419993d1db7a3d4ac8e43b87e8a2c1c44b0739645b06a7be" freshness_seconds=28.864111376 seconds=21.071437417
Sep 08 13:21:37 enhance-pir-coordinator-01 systemd[1]: Stopping transparent-publish-controller.service - Continuous transparent PIR publication...
Sep 08 13:21:37 enhance-pir-coordinator-01 systemd[1]: transparent-publish-controller.service: Deactivated successfully.
Sep 08 13:21:37 enhance-pir-coordinator-01 systemd[1]: Stopped transparent-publish-controller.service - Continuous transparent PIR publication.
Sep 08 13:21:37 enhance-pir-coordinator-01 systemd[1]: transparent-publish-controller.service: Consumed 20.164s CPU time.
Sep 08 13:21:37 enhance-pir-coordinator-01 systemd[1]: Started transparent-publish-controller.service - Continuous transparent PIR publication.
Sep 08 13:21:46 enhance-pir-coordinator-01 transparent-publish-controller[1061613]: {"level":"info","ts":1788873706.0781956,"msg":"using provided configuration","config_file":"/etc/caddy/Caddyfile.live-next","config_adapter":"caddyfile"}
Sep 08 13:21:46 enhance-pir-coordinator-01 transparent-publish-controller[1061613]: {"level":"info","ts":1788873706.0892005,"logger":"tls.cache.maintenance","msg":"started background certificate maintenance","cache":"0xc0001d3650"}
Sep 08 13:21:46 enhance-pir-coordinator-01 transparent-publish-controller[1061613]: {"level":"info","ts":1788873706.0893383,"logger":"http","msg":"server is listening only on the HTTPS port but has no TLS connection policies; adding one to enable TLS","server_name":"srv0","https_port":443}
Sep 08 13:21:46 enhance-pir-coordinator-01 transparent-publish-controller[1061613]: {"level":"info","ts":1788873706.0893571,"logger":"http","msg":"enabling automatic HTTP->HTTPS redirects","server_name":"srv0"}
Sep 08 13:21:46 enhance-pir-coordinator-01 transparent-publish-controller[1061613]: {"level":"info","ts":1788873706.1009464,"logger":"tls.cache.maintenance","msg":"stopped background certificate maintenance","cache":"0xc0001d3650"}
Sep 08 13:21:46 enhance-pir-coordinator-01 transparent-publish-controller[1061613]: Valid configuration
Sep 08 13:21:46 enhance-pir-coordinator-01 transparent-publish-controller[1061551]: 2026-09-08T13:21:46.291247Z  INFO transparent_filter_server::controller: activated warm publication height=3476261 hash="00000000001137e1419993d1db7a3d4ac8e43b87e8a2c1c44b0739645b06a7be" freshness_seconds=0.0 seconds=7.666879767
