    Checking enhance-pir v0.0.1 (/Users/roman/projects/wallet-pir/enhance/crates/enhance-pir)
    Checking enhance-pir-server v0.0.1 (/Users/roman/projects/wallet-pir/enhance/services/enhance-pir-server)
error: this `if` has identical blocks
   --> enhance/services/enhance-pir-server/src/control.rs:156:27
    |
156 |           Ok(if growing > 0 {
    |  ___________________________^
157 | |             Role::Active
158 | |         } else if active {
    | |_________^
    |
note: same as this
   --> enhance/services/enhance-pir-server/src/control.rs:158:26
    |
158 |           } else if active {
    |  __________________________^
159 | |             Role::Active
160 | |         } else if shards.is_empty() {
    | |_________^
    = help: for further information visit https://rust-lang.github.io/rust-clippy/rust-1.91.0/index.html#if_same_then_else
    = note: `-D clippy::if-same-then-else` implied by `-D warnings`
    = help: to override `-D warnings` add `#[allow(clippy::if_same_then_else)]`

error: could not compile `enhance-pir-server` (lib) due to 1 previous error
