=== Enhance PIR load test ===
server:      https://enhance-pir.valargroup.dev
parallelism: 4
duration:    1m
warmup:      10s
seed:        42

Connecting and validating public parameters...
generation=3483569 anchor_height=3483569 positions=319789
Running preflight query...
Preflight query succeeded.

Warming up for 10s...
elapsed=5s requests=48 in_flight=4

Applying measured load for 1m...
elapsed=5s requests=50 in_flight=4
elapsed=10s requests=104 in_flight=4
elapsed=15s requests=156 in_flight=4
elapsed=20s requests=208 in_flight=4
elapsed=25s requests=259 in_flight=4
elapsed=30s requests=311 in_flight=4
elapsed=35s requests=362 in_flight=4
elapsed=40s requests=414 in_flight=4
elapsed=45s requests=466 in_flight=4
elapsed=50s requests=517 in_flight=4
elapsed=55s requests=569 in_flight=4

=== Load-test report ===
server=https://enhance-pir.valargroup.dev generation=3483569 anchor_height=3483569 positions=319789
duration=60.0s parallelism=4 completed=621 succeeded=621 errors=0 (0.00%) throughput=10.35 req/s
         stage        p50        p90        p95        p99      p99.9        max        n
    end-to-end    381.7ms    401.4ms    416.5ms    515.8ms      1.22s      1.22s      621
       prepare     28.8ms     30.2ms     30.8ms     33.3ms     68.3ms     68.3ms      621
          http    351.7ms    370.7ms    386.6ms    486.9ms      1.19s      1.19s      621
        decode      0.9ms      0.9ms      0.9ms      1.1ms     35.7ms     35.7ms      621

JSON report: /Users/roman/projects/wallet-pir/enhance/evidence/public-baseline-2026-09-14/c4-summary.json
