=== Enhance PIR load test ===
server:      https://enhance-pir.valargroup.dev
parallelism: 8
duration:    1m
warmup:      10s
seed:        42

Connecting and validating public parameters...
generation=3483569 anchor_height=3483569 positions=319789
Running preflight query...
Preflight query succeeded.

Warming up for 10s...
elapsed=5s requests=88 in_flight=8

Applying measured load for 1m...
elapsed=5s requests=94 in_flight=8
elapsed=10s requests=191 in_flight=8
elapsed=15s requests=289 in_flight=8
elapsed=20s requests=388 in_flight=8
elapsed=25s requests=473 in_flight=8
elapsed=30s requests=569 in_flight=8
elapsed=35s requests=667 in_flight=8
elapsed=40s requests=765 in_flight=8
elapsed=45s requests=865 in_flight=8
elapsed=50s requests=965 in_flight=8
elapsed=55s requests=1065 in_flight=8

=== Load-test report ===
server=https://enhance-pir.valargroup.dev generation=3483569 anchor_height=3483569 positions=319789
duration=60.0s parallelism=8 completed=1164 succeeded=1164 errors=0 (0.00%) throughput=19.40 req/s
         stage        p50        p90        p95        p99      p99.9        max        n
    end-to-end    394.5ms    432.4ms    524.8ms    965.1ms      1.40s      1.69s     1164
       prepare     28.5ms     29.6ms     30.6ms     40.6ms     79.6ms     94.8ms     1164
          http    364.8ms    401.2ms    495.1ms    935.4ms      1.38s      1.66s     1164
        decode      0.9ms      0.9ms      0.9ms      1.2ms     15.0ms     16.4ms     1164

JSON report: /Users/roman/projects/wallet-pir/enhance/evidence/public-baseline-2026-09-14/c8-summary.json
