1790521003 1.11 2245988352 616083456 0 0 4792976
1790521008 1.50 2246156288 738586624 0 0 4775104
1790521013 1.46 2246737920 717312000 0 0 4779924
1790521018 1.74 2196549632 684498944 0 0 4879516
1790521023 1.68 2348163072 617230336 0 0 4693456
1790521028 1.71 2373144576 617521152 0 0 4701180
1790521033 2.05 2499657728 719011840 0 0 4519496
1790521039 1.97 2651312128 718110720 0 0 4383356
1790521044 1.89 2684289024 719060992 0 0 4374660
1790521049 1.90 2583367680 618479616 0 0 4500688
1790521054 1.75 2583420928 584826880 0 0 4569072
1790521059 1.61 2583441408 584867840 0 0 4575396
1790521064 1.48 2684628992 584843264 0 0 4445288
1790521069 1.52 2583396352 584581120 0 0 4503456
1790521074 1.48 2684850176 686252032 0 0 4401236
1790521079 1.44 2525863936 585408512 0 0 4606036
1790521084 1.32 2525917184 585359360 0 0 4634456
1790521090 1.22 2627117056 585338880 0 0 4505104
1790521095 1.28 2626854912 619081728 0 0 4471668
1790521100 1.34 2803814400 719949824 0 0 4252296
1790521105 1.39 2804039680 720404480 0 0 4257328
1790521110 1.44 2869108736 619626496 0 0 4239236
1790521115 1.81 2703273984 585936896 0 0 4444604
1790521120 1.98 2703220736 585908224 0 0 4466232
1790521125 1.98 2703278080 585908224 0 0 4470972
1790521130 1.90 2955747328 686706688 0 0 4139812
1790521135 2.23 2854825984 618029056 0 0 4252860
1790521141 2.37 2854825984 584400896 0 0 4314848
1790521146 2.34 2854825984 584712192 0 0 4332428
1790521151 2.32 2854830080 584392704 0 0 4331196
1790521156 2.21 2955751424 687013888 0 0 4122504
1790521161 2.51 3074744320 585932800 0 0 3981196
1790521166 2.71 3027828736 620507136 0 0 4066352
1790521171 2.82 3006410752 586784768 0 0 4142996
1790521176 2.91 3149615104 585240576 0 0 3914696
1790521181 3.08 3174596608 617787392 0 0 3953964
1790521186 3.23 3755634688 719572992 0 0 3313816
1790521191 3.54 3755638784 718729216 0 0 3256084
1790521197 3.81 3755884544 618074112 0 0 3363280
1790521202 3.83 3755593728 744611840 0 0 3286892
1790521207 4.82 3705884672 619966464 0 0 3394520
1790521212 4.91 3643768832 620118016 0 0 3479736
1790521217 5.00 3744690176 720670720 0 0 3336328
1790521222 4.68 4051017728 681639936 0 0 3050704
1790521227 4.71 3971665920 620421120 0 0 3197256
1790521232 4.81 4098093056 721399808 0 0 2982284
1790521238 4.51 4122931200 720289792 0 0 2961568
1790521243 4.22 4249612288 619565056 0 0 2893808
1790521248 4.53 4249731072 618360832 0 0 2854348
1790521253 4.65 4249563136 719482880 0 0 2826292
1790521258 4.91 4249616384 721563648 0 0 2833008
1790521263 5.16 4148695040 587333632 0 0 2967252
1790521268 4.83 4249563136 587067392 0 0 3008488
1790521273 4.92 4249559040 753811456 0 0 2837464
1790521278 4.77 4249559040 721002496 0 0 2825876
1790521284 4.39 4249563136 586428416 0 0 2939240
1790521289 4.52 4249559040 715501568 0 0 2838472
1790521294 4.23 4249600000 721543168 0 0 2835540
1790521299 3.89 4249559040 586223616 0 0 2928352
1790521304 4.06 4047777792 586125312 0 0 3114624
1790521309 3.74 4143091712 586104832 0 0 3012932
1790521314 3.60 4047536128 585969664 0 0 3063572
1790521319 3.39 4148453376 686583808 0 0 2946404
1790521324 3.36 4047585280 586047488 0 0 3116104
1790521329 3.17 4148453376 687054848 0 0 2948896
1790521335 3.08 4148400128 585138176 0 0 3028692
1790521340 2.91 4148457472 687583232 0 0 2946024
1790521345 2.76 4148457472 686391296 0 0 2950204
1790521350 2.70 4047536128 619266048 0 0 3066000
1790521355 2.56 4047536128 585375744 0 0 3140684
1790521360 2.43 4148465664 585371648 0 0 3060836
1790521365 2.40 4148592640 703139840 0 0 2915032
1790521370 2.29 4148645888 720031744 0 0 2925912
1790521376 2.82 4252569600 610803712 0 0 2878888
1790521381 3.16 4047589376 587321344 0 0 3096480
1790521386 3.39 4148457472 689135616 0 0 2950872
1790521391 3.60 4047540224 587628544 0 0 3131632
1790521396 3.47 4147331072 587878400 0 0 3041592
1790521401 3.51 4133285888 618225664 0 0 3023440
1790521406 3.63 4148408320 720568320 0 0 2924676
1790521411 3.82 4148453376 718839808 0 0 2925348
1790521416 4.08 4148404224 617975808 0 0 2950908
1790521421 4.15 4047532032 584663040 0 0 3078796
1790521426 4.22 4148400128 686575616 0 0 2960812
1790521432 4.36 4274839552 720752640 0 0 2792936
1790521437 4.49 4174020608 586928128 0 0 2968976
1790521442 4.45 4173971456 586924032 0 0 3009936
1790521447 4.68 4173967360 586928128 0 0 3021480
1790521452 4.54 4274896896 686624768 0 0 2827180
1790521457 4.58 4275097600 619274240 0 0 2927616
1790521462 5.17 4047589376 618549248 0 0 3090384
1790521467 4.76 4047532032 618672128 0 0 3113560
1790521472 5.02 4148400128 720424960 0 0 2925800
1790521477 5.02 4148404224 721469440 0 0 2917124
1790521483 4.62 4047536128 588369920 0 0 3087216
1790521488 4.41 4148703232 687755264 0 0 2962232
1790521493 4.05 4047589376 585728000 0 0 3125044
1790521498 3.73 4047536128 585498624 0 0 3133660
1790521503 3.43 4047585280 585568256 0 0 3147872
1790521508 3.15 4047777792 585760768 0 0 3155468
1790521513 2.90 4047532032 585539584 0 0 3155276
1790521518 3.23 4148457472 687136768 0 0 2964888
1790521523 2.97 4047532032 587767808 0 0 3124832
1790521528 2.81 4148453376 688582656 0 0 2944580
1790521533 2.59 4148510720 586985472 0 0 3037888
1790521538 2.54 4148400128 687833088 0 0 2956388
1790521544 2.74 4148457472 687259648 0 0 2941120
1790521549 2.52 4148965376 587423744 0 0 3037244
1790521554 2.48 4047532032 586674176 0 0 3082492
1790521559 2.68 4148400128 687468544 0 0 2960888
1790521564 2.46 4047536128 586338304 0 0 3135784
1790521569 2.27 4047589376 586354688 0 0 3145360
1790521574 2.08 4148473856 586510336 0 0 3062600
1790521579 2.08 4148453376 620072960 0 0 3031408
1790521584 2.07 4085669888 653623296 0 0 3110524
1790521589 1.91 4047532032 586067968 0 0 3142432
1790521594 1.75 4148477952 586276864 0 0 3037584
1790521600 2.49 4047532032 622235648 0 0 3003420
1790521605 2.37 4148400128 721231872 0 0 2937848
1790521610 2.42 4047532032 585486336 0 0 3094904
1790521615 2.31 4047532032 585531392 0 0 3138408
1790521620 2.53 4148453376 687198208 0 0 2946884
1790521625 2.80 4169469952 619937792 0 0 2898604
1790521630 2.82 4047532032 587976704 0 0 3100700
1790521635 2.99 4148404224 689090560 0 0 2934528
1790521640 2.75 4047532032 586911744 0 0 3136536
1790521645 2.93 4047532032 586932224 0 0 3147892
1790521650 3.34 4148404224 686620672 0 0 2964516
1790521656 3.47 4275027968 721006592 0 0 2794480
1790521661 3.68 4275027968 619266048 0 0 2840760
1790521666 4.02 4275027968 620904448 0 0 2872592
1790521671 4.10 4275023872 721797120 0 0 2793312
1790521676 4.01 4174106624 587735040 0 0 3000760
1790521681 4.01 4174102528 587345920 0 0 3020892
1790521686 4.01 4174155776 587296768 0 0 3033464
1790521691 4.01 4174110720 587280384 0 0 3034300
1790521696 4.01 4275027968 688766976 0 0 2831428
1790521701 3.93 4148781056 687140864 0 0 2935664
1790521706 4.09 4047618048 586371072 0 0 3107144
1790521712 4.09 4148740096 586358784 0 0 3032512
1790521717 4.08 4047671296 587911168 0 0 3057760
1790521722 3.75 4148609024 587886592 0 0 3034900
1790521727 3.85 4148486144 755490816 0 0 2877148
1790521732 4.70 4148789248 720904192 0 0 2908704
1790521737 4.33 4047626240 586719232 0 0 3104844
1790521742 3.98 4047675392 586739712 0 0 3133688
1790521747 3.66 4047622144 586948608 0 0 3148420
1790521752 3.45 4148547584 689209344 0 0 2956132
1790521757 3.17 4047675392 588288000 0 0 3096088
1790521762 2.92 4047626240 588337152 0 0 3133804
1790521767 2.68 4047675392 588283904 0 0 3140456
1790521773 2.55 4148490240 687382528 0 0 2960656
1790521778 2.34 4047622144 587681792 0 0 3126500
1790521783 2.32 4148490240 689131520 0 0 2955560
1790521788 2.13 4047622144 586629120 0 0 3115696
1790521793 2.12 4148682752 687759360 0 0 2747200
1790521798 2.03 4148490240 586944512 0 0 2915684
1790521803 2.35 4148494336 688259072 0 0 2941012
1790521808 2.24 4148547584 720179200 0 0 2918600
1790521814 2.14 4222935040 619323392 0 0 2894140
1790521819 2.13 4148547584 619438080 0 0 3006280
1790521824 2.12 4148543488 719523840 0 0 2917936
1790521829 2.51 4148490240 721920000 0 0 2903692
1790521834 2.31 4148543488 587120640 0 0 3011156
1790521839 2.28 4047622144 586272768 0 0 3117264
1790521844 2.26 4148490240 687398912 0 0 2888880
1790521849 2.16 4148789248 687046656 0 0 2946236
1790521854 2.39 4047675392 586592256 0 0 3099172
1790521859 2.52 4047622144 586592256 0 0 3142276
1790521864 2.64 4047679488 586645504 0 0 3146544
1790521870 2.74 4047622144 586584064 0 0 3143816
1790521875 2.85 4047675392 586584064 0 0 3156148
1790521880 2.94 4047622144 586563584 0 0 3155152
1790521885 2.94 4047626240 586592256 0 0 3155208
1790521890 3.11 4148543488 688467968 0 0 2949372
1790521895 3.34 4047622144 585277440 0 0 3080236
1790521900 3.15 4148727808 585252864 0 0 3012264
1790521905 3.38 4047884288 587169792 0 0 3110508
1790521910 3.43 4077821952 587169792 0 0 3071204
1790521915 3.64 4148551680 686854144 0 0 2950036
1790521921 3.67 4047679488 584790016 0 0 3124256
1790521926 3.69 4047622144 584769536 0 0 3151564
1790521931 3.48 4047626240 584577024 0 0 3151120
1790521936 3.60 4148494336 685449216 0 0 2953924
1790521941 3.79 4148543488 584978432 0 0 3022324
1790521946 4.13 4148740096 618405888 0 0 2982804
1790521951 4.12 4148494336 741871616 0 0 2889252
1790521956 4.19 4257935360 720166912 0 0 2811056
1790521961 4.33 4257935360 585068544 0 0 2890904
1790521966 4.07 4157087744 618663936 0 0 3040552
1790521971 4.14 4257939456 686088192 0 0 2838984
1790521977 4.29 4257882112 686272512 0 0 2850264
1790521982 4.51 4257992704 585965568 0 0 2925796
1790521987 4.23 4257939456 687890432 0 0 2840644
1790521992 4.37 4257935360 687808512 0 0 2822216
1790521997 4.07 4157014016 588283904 0 0 3019316
1790522002 4.38 4257890304 687681536 0 0 2801776
1790522007 4.03 4157018112 586846208 0 0 3003176
1790522012 3.71 4157071360 587091968 0 0 3026680
1790522017 3.49 4257939456 586846208 0 0 2951936
1790522022 3.37 4257939456 709611520 0 0 2807388
1790522028 3.18 4148490240 722485248 0 0 2918344
1790522033 3.01 4068188160 620748800 0 0 2945468
1790522038 3.41 4047622144 586862592 0 0 3092504
1790522043 3.21 4148494336 688324608 0 0 2941972
1790522048 3.04 4148547584 586567680 0 0 2998944
1790522053 2.95 4048195584 619167744 0 0 3019160
1790522058 2.80 4148547584 721010688 0 0 2913664
1790522063 2.73 4148498432 721891328 0 0 2910976
1790522068 2.67 4275052544 621023232 0 0 2866584
1790522073 2.94 4174114816 588357632 0 0 2981504
1790522078 2.70 4174057472 588357632 0 0 3010772
1790522084 2.81 4274929664 588546048 0 0 2925048
1790522089 2.82 4174057472 586342400 0 0 2942000
1790522094 3.00 4274925568 688852992 0 0 2830756
1790522099 3.08 4115369984 587894784 0 0 3059408
1790522104 3.07 4115369984 587894784 0 0 2948840
1790522109 3.31 4115378176 586235904 0 0 3035708
1790522114 3.44 4216295424 687816704 0 0 2882020
1790522119 3.25 4115369984 587087872 0 0 3038700
1790522124 3.23 4216487936 686882816 0 0 2890516
1790522129 3.29 4216291328 585797632 0 0 2930220
1790522134 3.51 4216238080 787722240 0 0 2860872
1790522140 3.55 4115374080 585945088 0 0 3036476
1790522145 3.58 4216242176 585928704 0 0 2960748
1790522150 3.70 4216561664 687263744 0 0 2882112
1790522155 3.80 4216291328 720678912 0 0 2820772
1790522160 3.90 4148543488 586190848 0 0 3003892
1790522165 3.74 4148547584 687366144 0 0 2928552
1790522170 3.85 4148514816 687362048 0 0 2932596
1790522175 4.18 4159246336 619036672 0 0 2924836
1790522180 4.32 4148494336 587726848 0 0 3031344
1790522186 4.06 4148494336 712994816 0 0 2930548
1790522191 3.73 4047630336 587571200 0 0 3119344
1790522196 3.43 4047626240 587546624 0 0 3121900
1790522201 3.16 4148551680 587567104 0 0 3032804
1790522206 3.14 4148551680 686882816 0 0 2930760
1790522211 2.89 4047679488 586137600 0 0 3140372
1790522216 2.66 4148551680 687767552 0 0 2952944
1790522221 2.61 4047630336 586895360 0 0 3103476
1790522226 2.64 4148551680 586891264 0 0 3002600
1790522231 2.51 4047630336 588468224 0 0 3078308
1790522236 2.31 4047630336 588513280 0 0 3108644
1790522242 2.12 4148621312 588562432 0 0 3036144
1790522247 2.03 4148555776 690130944 0 0 2952256
1790522252 1.95 4047679488 587591680 0 0 3099864
1790522257 1.87 4148551680 687173632 0 0 2946528
1790522262 1.88 4148498432 586170368 0 0 3040964
1790522267 1.89 4148555776 621232128 0 0 3099220
1790522272 1.90 4148498432 721633280 0 0 2923064
1790522277 1.75 4047630336 586416128 0 0 3112540
1790522282 1.61 4047630336 586436608 0 0 3128408
1790522287 1.48 4047818752 586436608 0 0 3133816
1790522292 1.44 4148682752 686530560 0 0 2949352
1790522298 1.41 4148621312 619405312 0 0 2976084
1790522303 1.29 4148621312 619794432 0 0 2982104
1790522308 1.35 4148678656 720875520 0 0 2924524
1790522313 1.40 4148674560 586338304 0 0 3050628
1790522318 2.01 4148678656 687935488 0 0 2895588
1790522323 2.17 4047949824 587083776 0 0 3115344
1790522328 2.00 4047806464 587067392 0 0 3133816
1790522333 2.16 4047753216 587087872 0 0 3136452
1790522338 2.31 4047753216 587079680 0 0 3135356
1790522343 2.44 4148674560 686804992 0 0 2961148
1790522349 2.57 4047753216 585146368 0 0 3098860
1790522354 2.52 4047806464 585162752 0 0 3137980
1790522359 2.72 4148621312 687210496 0 0 2946740
1790522364 2.90 4148846592 586346496 0 0 3038272
1790522369 3.15 4047753216 587722752 0 0 3117820
1790522374 3.06 4148674560 688132096 0 0 2962848
1790522379 2.89 4148936704 622182400 0 0 3007760
1790522384 3.14 4047753216 620339200 0 0 2954716
1790522389 3.29 4148871168 722612224 0 0 2928752
1790522394 3.35 4047753216 588746752 0 0 3132140
1790522399 3.40 4148625408 588722176 0 0 2998344
1790522405 3.93 4047757312 587235328 0 0 3103956
1790522410 3.94 4148871168 688742400 0 0 2935892
1790522415 4.02 4148678656 620765184 0 0 3012256
1790522420 4.18 4107972608 618819584 0 0 3000356
1790522425 4.00 4148625408 720769024 0 0 2904232
1790522430 3.92 4148682752 720314368 0 0 2914484
1790522435 4.09 4148686848 619421696 0 0 2989208
1790522440 4.16 4148625408 780214272 0 0 2832156
1790522446 3.99 4148748288 719613952 0 0 2916172
1790522451 4.07 4148621312 584646656 0 0 2986360
1790522456 4.79 4047757312 585641984 0 0 3096608
1790522461 4.48 4148621312 686678016 0 0 2939092
1790522466 4.68 4148674560 585711616 0 0 3029360
1790522471 4.39 4047806464 620351488 0 0 3045748
1790522476 4.12 4148674560 720572416 0 0 2920108
1790522481 3.95 4148674560 720957440 0 0 2928976
1790522486 3.79 4047753216 586063872 0 0 3067816
1790522491 3.57 4148867072 686530560 0 0 2935352
1790522497 3.76 4047757312 586641408 0 0 3113016
1790522502 3.46 4047757312 586641408 0 0 3133488
1790522507 3.18 4047810560 586866688 0 0 3136432
1790522512 2.93 4047753216 586637312 0 0 3143812
1790522517 2.69 4047753216 586649600 0 0 3157844
1790522522 2.48 4047753216 586657792 0 0 3156976
1790522527 2.64 4148621312 686997504 0 0 2948328
1790522532 2.51 4148871168 585101312 0 0 2989120
1790522537 2.31 4047757312 585715712 0 0 3081212
1790522542 2.29 4148678656 687140864 0 0 2940264
1790522548 2.18 4148621312 721428480 0 0 2912380
1790522553 2.09 4148621312 620371968 0 0 2997212
1790522558 2.00 4047806464 618115072 0 0 3051772
1790522563 2.00 4148625408 718708736 0 0 2936084
1790522568 1.92 4148678656 720404480 0 0 2928856
1790522573 1.77 4047945728 585916416 0 0 3132828
1790522578 1.79 4148867072 687644672 0 0 2947508
1790522583 2.04 4148621312 620236800 0 0 2942448
1790522588 2.04 4127252480 620441600 0 0 2980872
1790522593 2.12 4148690944 721559552 0 0 2918876
1790522599 2.03 4148678656 721055744 0 0 2931040
1790522604 2.18 4047753216 586330112 0 0 3131452
1790522609 2.33 4047806464 586280960 0 0 3145476
1790522614 2.46 4047753216 586260480 0 0 3153044
1790522619 2.27 4047753216 586280960 0 0 3153092
1790522624 2.08 4047753216 586461184 0 0 3160040
1790522629 2.24 4047753216 586272768 0 0 3163496
1790522634 2.38 4057456640 586252288 0 0 3097088
1790522639 2.27 4148674560 686096384 0 0 2949664
1790522644 2.41 4098351104 719802368 0 0 2969608
1790522649 2.78 3997536256 585068544 0 0 3160168
1790522655 2.95 4098408448 687542272 0 0 2999544
1790522660 3.20 4098404352 587038720 0 0 3070440
1790522665 3.50 4098355200 731242496 0 0 2930812
1790522670 3.38 4098351104 687267840 0 0 2999676
1790522675 3.51 4098588672 586424320 0 0 3048340
1790522680 3.71 3997483008 585568256 0 0 3149016
1790522685 3.41 3997487104 585342976 0 0 3183828
1790522690 3.54 4098355200 686850048 0 0 3004428
1790522695 3.74 3997487104 586072064 0 0 3143068
1790522700 3.44 3997491200 585981952 0 0 3177696
1790522706 3.24 3997544448 586006528 0 0 3199004
1790522711 2.98 4098404352 687398912 0 0 2996872
1790522716 3.71 4098519040 620158976 0 0 3056420
1790522721 3.49 4098351104 788275200 0 0 2881824
1790522726 3.21 3997483008 586530816 0 0 3171160
1790522731 2.95 3997483008 586551296 0 0 3194428
1790522736 2.72 4098408448 687407104 0 0 2999392
1790522741 2.98 3997487104 586608640 0 0 3135936
1790522746 2.74 3997675520 586563584 0 0 3170636
1790522751 2.52 4098351104 686333952 0 0 3000292
1790522756 2.80 3997491200 586031104 0 0 3132956
1790522761 2.57 4098408448 687476736 0 0 3006224
1790522767 2.45 4098408448 619683840 0 0 3073292
1790522772 2.33 3997745152 647917568 0 0 3095548
1790522777 2.14 3997487104 584876032 0 0 3178664
1790522782 1.97 4098408448 686555136 0 0 2996676
1790522787 1.97 3997683712 586551296 0 0 3181064
1790522792 1.82 3997483008 586551296 0 0 3194640
1790522797 1.67 3997487104 585289728 0 0 3201360
1790522802 1.56 3997483008 585297920 0 0 3204884
1790522807 1.52 3997675520 585273344 0 0 3204208
1790522812 1.39 3997483008 585277440 0 0 3203288
1790522817 1.76 4098351104 686964736 0 0 2950280
1790522823 1.70 4098461696 586588160 0 0 3083080
1790522828 1.81 4098408448 688001024 0 0 3002036
1790522833 1.98 4098547712 688328704 0 0 2998172
1790522838 1.90 3997536256 587055104 0 0 3163928
1790522843 1.83 4006400000 587038720 0 0 3097944
1790522848 2.16 4098654208 686698496 0 0 3000464
1790522853 2.31 3997487104 586108928 0 0 3160400
1790522858 2.53 4098351104 688517120 0 0 3003752
1790522863 2.64 4098408448 587649024 0 0 3081112
1790522868 2.91 4098404352 753078272 0 0 2929612
1790522874 3.08 4098355200 685170688 0 0 3011524
1790522879 3.24 4098404352 719646720 0 0 2960748
1790522884 3.30 4098461696 618758144 0 0 3058784
1790522889 3.51 3997675520 585760768 0 0 3081848
1790522894 3.63 4109680640 585740288 0 0 2994548
1790522899 3.82 4098355200 618151936 0 0 3037860
1790522904 3.68 4098351104 740945920 0 0 2942744
1790522909 3.38 4098351104 585461760 0 0 3060196
1790522914 3.27 4098355200 619216896 0 0 2932792
1790522919 3.17 4098359296 677662720 0 0 3029392
1790522924 3.00 4098347008 718880768 0 0 2922748
1790522929 2.76 3997478912 584339456 0 0 3150972
1790522935 2.53 3803533312 584310784 0 0 3357752
1790522940 2.33 3225919488 665817088 0 0 3971200
1790522945 2.30 3020591104 583385088 0 0 4076220
1790522950 2.20 3222339584 684490752 0 0 3815832
1790522955 2.02 3121475584 584527872 0 0 3932312
1790522960 1.86 3121471488 584523776 0 0 3974900
1790522965 1.71 3121475584 584527872 0 0 4014724
1790522970 1.58 3222343680 684261376 0 0 3875068
1790522975 1.61 3424501760 617476096 0 0 3583292
