=== Enhance PIR load test ===
server:      https://enhance-pir.valargroup.dev
parallelism: 1
duration:    1m
warmup:      10s
seed:        42

Connecting and validating public parameters...
generation=3489208 anchor_height=3489208 positions=450506
Running preflight query...
Preflight query succeeded.

Warming up for 10s...
elapsed=5s requests=7 in_flight=1

Applying measured load for 1m...
elapsed=5s requests=3 in_flight=1
elapsed=10s requests=6 in_flight=1
elapsed=15s requests=11 in_flight=1
elapsed=20s requests=15 in_flight=1
elapsed=25s requests=17 in_flight=1
elapsed=30s requests=21 in_flight=1
elapsed=35s requests=26 in_flight=1
elapsed=40s requests=29 in_flight=1
elapsed=45s requests=32 in_flight=1
elapsed=50s requests=36 in_flight=1
elapsed=55s requests=40 in_flight=1

=== Load-test report ===
server=https://enhance-pir.valargroup.dev generation=3489208 anchor_height=3489208 positions=450506
duration=60.0s parallelism=1 completed=43 succeeded=43 errors=0 (0.00%) throughput=0.72 req/s
         stage        p50        p90        p95        p99      p99.9        max        n
    end-to-end      1.29s      2.09s      2.12s      2.60s      2.60s      2.60s       43
       prepare     30.2ms     32.2ms     33.2ms     34.1ms     34.1ms     34.1ms       43
          http      1.26s      2.05s      2.08s      2.57s      2.57s      2.57s       43
        decode      0.9ms      5.3ms      6.0ms      7.3ms      7.3ms      7.3ms       43

JSON report: /Users/roman/projects/wallet-pir/evidence/live-pir-2026-09-20/load-c1-summary.json
