python3 tools/ci/fast.py --base "031a23cb" 
{
  "packages": [
    "enhance-pir-server"
  ],
  "helpers": [
    "check-docs"
  ],
  "groups": [
    "enhance",
    "ops"
  ],
  "reasons": [
    "enhance/CHANGELOG.md: check-docs",
    "enhance/docs/architecture.md: check-docs",
    "enhance/docs/deployment.md: check-docs",
    "enhance/services/enhance-pir-server/src/bin/server.rs: package enhance-pir-server and reverse dependencies",
    "enhance/services/enhance-pir-server/src/fee.rs: package enhance-pir-server and reverse dependencies",
    "enhance/services/enhance-pir-server/src/lib.rs: package enhance-pir-server and reverse dependencies",
    "enhance/services/enhance-pir-server/src/rebuild.rs: package enhance-pir-server and reverse dependencies",
    "enhance/services/enhance-pir-server/src/store.rs: package enhance-pir-server and reverse dependencies",
    "enhance/services/enhance-pir-server/src/zakura.rs: package enhance-pir-server and reverse dependencies",
    "enhance/services/enhance-pir-server/tests/canonical_record.rs: package enhance-pir-server and reverse dependencies",
    "enhance/services/enhance-pir-server/tests/fixtures/sapling-v5-1687106.hex: package enhance-pir-server and reverse dependencies",
    "enhance/services/enhance-pir-server/tests/fixtures/sapling-v5-1687106.md: package enhance-pir-server and reverse dependencies",
    "enhance/services/enhance-pir-server/tests/rpc.rs: package enhance-pir-server and reverse dependencies",
    "enhance/services/enhance-pir-server/tests/rpc/mixed_fee.rs: package enhance-pir-server and reverse dependencies",
    "enhance/services/enhance-pir-server/tests/rpc/rebuild.rs: package enhance-pir-server and reverse dependencies",
    "enhance/services/enhance-pir-server/tests/support/mod.rs: package enhance-pir-server and reverse dependencies"
  ]
}
TARGET_LEASE {"target": "/var/lib/ai-dev/cache/build/t-90bf9210cb4247c9/a1/wallet-pir/dev-lanes/cab3e3274349c9d5b86e/lane-0", "compatibility": "cab3e3274349c9d5b86e", "owner_pid": 1733983}
+ make -j4 check-docs
make[1]: Entering directory '/var/lib/ai-dev/workspaces/t-90bf9210cb4247c9/a1/repos/wallet-pir'
tools/check-doc-links.sh
+ cargo fmt --all --check
check-doc-links: 244 files, no broken links
make[1]: Leaving directory '/var/lib/ai-dev/workspaces/t-90bf9210cb4247c9/a1/repos/wallet-pir'
CHECK_STAGE {"stage": "helpers", "seconds": 0.227, "exit": 0}
CHECK_STAGE {"stage": "format", "seconds": 2.167, "exit": 0}
+ cargo test --locked --profile release-fast -p enhance-pir-server --lib --bins --no-run
    Finished `release-fast` profile [optimized] target(s) in 0.44s
warning: the following packages contain code that will be rejected by a future version of Rust: proc-macro-error2 v2.0.1
note: to see what the problems were, use the option `--future-incompat-report`, or run `cargo report future-incompatibilities --id 1`
  Executable unittests src/lib.rs (/var/lib/ai-dev/cache/build/t-90bf9210cb4247c9/a1/wallet-pir/dev-lanes/cab3e3274349c9d5b86e/lane-0/release-fast/deps/enhance_pir_server-6ced68bb7c275bb6)
  Executable unittests src/bin/server.rs (/var/lib/ai-dev/cache/build/t-90bf9210cb4247c9/a1/wallet-pir/dev-lanes/cab3e3274349c9d5b86e/lane-0/release-fast/deps/enhance_pir_server-3af028c0e706e067)
  Executable unittests src/bin/status.rs (/var/lib/ai-dev/cache/build/t-90bf9210cb4247c9/a1/wallet-pir/dev-lanes/cab3e3274349c9d5b86e/lane-0/release-fast/deps/status_pir-06108526f37d67a8)
CHECK_STAGE {"stage": "compile:enhance-pir-server", "seconds": 0.494, "exit": 0}
    Finished `release-fast` profile [optimized] target(s) in 0.46s
warning: the following packages contain code that will be rejected by a future version of Rust: proc-macro-error2 v2.0.1
note: to see what the problems were, use the option `--future-incompat-report`, or run `cargo report future-incompatibilities --id 1`
     Running unittests src/lib.rs (/var/lib/ai-dev/cache/build/t-90bf9210cb4247c9/a1/wallet-pir/dev-lanes/cab3e3274349c9d5b86e/lane-0/release-fast/deps/enhance_pir_server-6ced68bb7c275bb6)
     Running unittests src/bin/server.rs (/var/lib/ai-dev/cache/build/t-90bf9210cb4247c9/a1/wallet-pir/dev-lanes/cab3e3274349c9d5b86e/lane-0/release-fast/deps/enhance_pir_server-3af028c0e706e067)
     Running unittests src/bin/status.rs (/var/lib/ai-dev/cache/build/t-90bf9210cb4247c9/a1/wallet-pir/dev-lanes/cab3e3274349c9d5b86e/lane-0/release-fast/deps/status_pir-06108526f37d67a8)
+ cargo test --locked --profile release-fast -p enhance-pir-server --lib --bins -- --skip runtime::tests::partial_preparation_failure_preserves_published_and_retries --skip runtime::tests::tail_domain_reuses_b_units_and_decodes_b_at_unchanged_coordinates --skip runtime::tests::unequal_units_match_monolithic_preprocessing_and_evaluation --skip runtime::tests::encrypted_bootstrap_round_trip_and_cached_restart --skip worker::tests::restart_rebuilds_lost_cache_only_from_verified_durable_rows --skip coordinator::admission_tests::full_queue_and_expired_wait_return_retryable_429 --skip status::incremental_tests::sparse_hint_matches_full_reconstruction_for_signed_negacyclic_boundaries --skip status::source::tests::live_rpc_candidate_revalidates_before_durable_publication --skip worker::tests::backend_evaluation_failure_over_http_releases_permit_and_recovers
    Finished `release-fast` profile [optimized] target(s) in 0.43s
warning: the following packages contain code that will be rejected by a future version of Rust: proc-macro-error2 v2.0.1
note: to see what the problems were, use the option `--future-incompat-report`, or run `cargo report future-incompatibilities --id 1`
     Running unittests src/lib.rs (/var/lib/ai-dev/cache/build/t-90bf9210cb4247c9/a1/wallet-pir/dev-lanes/cab3e3274349c9d5b86e/lane-0/release-fast/deps/enhance_pir_server-6ced68bb7c275bb6)

running 169 tests
test admission::tests::a_waiter_gets_a_released_permit ... ok
test admission::tests::a_waiter_times_out_and_frees_its_slot ... ok
test admission::tests::bodies_over_the_limit_or_deadline_are_refused ... ok
test admission::tests::client_keys_prefer_forwarded_headers_then_the_peer ... ok
test admission::tests::client_slots_cap_each_client_and_forget_idle_ones ... ok
test admission::tests::without_a_fast_path_a_full_queue_refuses_even_with_a_free_permit ... ok
test artifact::tests::cold_artifact_remains_durable_and_verified ... ok
test artifact::tests::failed_atomic_write_keeps_previous_file_and_cleans_temporary ... ok
test artifact::tests::failure_is_shared_but_partial_reads_and_interrupts_do_not_invalidate ... ok
test artifact::tests::pinned_files_survive_replacement_and_have_independent_readers ... ok
test artifact::tests::slow_consumer_bounds_read_ahead_and_cancellation_stops_reader ... ok
test artifact::tests::stream_keeps_pin_after_eviction_and_reports_final_corruption ... ok
test artifact::tests::verification_rejects_corruption_truncation_and_trailing_data ... ok
test capacity::pool_tests::worker_demand_is_single_and_survives_observation_retries ... ok
test capacity::tests::ceiling_never_requests_a_fifth_pair ... ok
test capacity::tests::clock_resolution_and_restarts_preserve_growth_and_demand ... ok
test capacity::tests::forecasts_placement_limit_and_uses_existing_spare_pair ... ok
test capacity::tests::memory_limit_requests_once_survives_restart_and_expires_for_larger_fleet ... ok
test capacity::tests::missing_growth_is_nonzero_and_requests_survive_serialization ... ok
test capacity::tests::provisional_burst_forecast_preserves_active_limit ... ok
test capacity::tests::requests_pair_at_inclusive_readiness_threshold_before_successor ... ok
test control::legacy::tests::rollback_refuses_pending_decisions_and_split_pairs_without_rewriting_state ... ok
test control::tests::abort_intent_survives_restart_without_overwriting_older_decisions ... ok
test control::tests::consolidation_converges_across_multiple_boundaries_without_active_sixth_slot ... ok
test control::tests::durable_epoch_fences_restarts_and_failed_transactions ... ok
test control::tests::legacy_notification_gets_an_operational_timestamp_without_changing_identity ... ok
test control::tests::provisional_ranges_and_new_successor_cannot_be_sixth_active_shard ... ok
test control::tests::publication_commits_manifest_placement_and_outcome_together ... ok
test control::tests::q46_controller_state_is_rejected_without_rewriting_it ... ok
test control::tests::reorg_move_into_existing_group_requires_both_destination_replicas ... ok
test control::tests::reservations_materialize_once_and_pins_block_reclamation ... ok
test control::tests::restart_at_every_phase_preserves_decision_and_fences_old_writer ... ok
test control::tests::seven_sealed_policy_preserves_active_limit_and_reorg_relocation ... ok
test coordinator::admission_tests::cancelled_waiter_releases_capacity ... ok
test coordinator::admission_tests::compatibility_evaluation_preserves_attempt_metrics_without_ambiguous_replay ... ok
test coordinator::admission_tests::compatibility_response_holds_admission_and_rechecks_durable_revocation ... ok
test coordinator::admission_tests::elective_consolidation_requires_both_admissions_and_does_not_reserve ... ok
test coordinator::admission_tests::poisoned_journal_cannot_publish_even_empty_coverage ... ok
test coordinator::admission_tests::preparation_outlives_default_http_deadline ... ok
test coordinator::admission_tests::public_reads_are_bounded_and_released ... ok
test coordinator::admission_tests::queue_waits_for_a_slot_and_releases_it ... ok
test coordinator::admission_tests::reorg_destination_memory_refusal_replans_to_complete_spare_pair ... ok
test coordinator::admission_tests::restart_rejects_changed_placement_policy ... ok
test exercise::tests::exact_probes_include_borrowed_owned_and_unit_boundaries ... ok
test exercise::tests::full_profiles_preserve_assignment_limits_across_cycles ... ok
test exercise::tests::host_identity_matches_raw_linux_sampler_digest ... ok
test fee::tests::cache_evicts_whole_transactions_by_output_budget ... ok
test fee::tests::coinbase_has_no_fee_and_reads_no_utxos ... ok
test fee::tests::missing_duplicate_and_overspent_inputs_are_errors ... ok
test fee::tests::pure_ironwood_fixture_keeps_its_fee ... ok
test fee::tests::transparent_into_ironwood_publishes_the_whole_fee ... ok
test http_metrics::arrival_tests::complete_seconds_cold_start_wrap_and_idle ... ok
test http_metrics::tests::early_rejection_has_no_processing_sample_and_no_invented_upload ... ok
test http_metrics::tests::errored_upload_is_not_a_completed_body ... ok
test http_metrics::tests::init_and_unmatched_paths_have_bounded_labels ... ok
test http_metrics::tests::response_guard_survives_end_of_stream_until_drop ... ok
test http_metrics::tests::slow_upload_is_excluded_and_bytes_are_streamed ... ok
test ingest::tests::appends_only_the_active_enhancement_journal ... ok
test internal_auth::tests::client_builder_sends_the_bearer_header ... ok
test internal_auth::tests::configured_token_is_required_and_unset_token_is_open ... ok
test ipir::persistence_tests::legacy_v7_artifacts_are_rejected_and_streamed_persistence_preserves_queries_and_bytes ... ok
test ipir::persistence_tests::streamed_database_rejects_short_corrupt_and_failed_reads_without_panicking ... ok
test ipir::tests::enhance_rows_use_six_ipir_instances ... ok
test ipir::tests::every_layout_has_the_expected_instance_count ... ok
test ipir::tests::shard_combiners_reject_malformed_contributions ... ok
test ipir::tests::shard_sum_wraps_without_u64_overflow ... ok
test ipir::tests::sixteen_bit_row_encoding_preserves_the_odd_tail_byte_and_zero_padding ... ok
test matvec::tests::cuda_without_feature_fails_before_creating_worker_state ... ok
test matvec::tests::explicit_configuration_validation ... ok
test packing_budget::tests::cancellation_keeps_detached_construction_charged_until_it_finishes ... ok
test packing_budget::tests::charges_follow_shared_ownership_and_release_preparation ... ok
test packing_budget::tests::concurrent_admission_cannot_exceed_limit ... ok
test packing_budget::tests::failed_preparation_releases_its_charge ... ok
test packing_budget::tests::mapped_replacement_fits_six_live_objects_without_reducing_request_reserve ... ok
test packing_budget::tests::physical_headroom_counts_retained_heap_and_allows_reclaimable_file_pages ... ok
test packing_router::tests::preferred_worker_is_skipped_when_unhealthy_or_busy ... ok
test packing_router::tests::restart_requires_fresh_incarnation_readiness_and_revocations_are_durable ... ok
test packing_router::tests::selection_counts_outstanding_and_rotates_ties ... ok
test packing_router::tests::watchdog_stops_admission_without_authorizing_recovery ... ok
test pool::tests::individual_workers_support_frontier_replication_and_repair ... ok
test pool::tests::missing_replication_is_refused_instead_of_publishing_partial_placement ... ok
test pool::tests::optional_gpu_mirrors_cpu_without_entering_required_quorum ... ok
test prepared_packing::tests::corrupt_and_truncated_files_fail_verification ... ok
test prepared_packing::tests::identities_bind_parameters_and_metadata_is_checked_before_loading ... ok
test query_ingress::tests::ambiguous_router_failure_is_never_replayed ... ok
test query_ingress::tests::fragmented_prefix_forwards_exact_bytes_without_crypto ... ok
test query_ingress::tests::upload_caps_reject_before_admission_is_charged ... ok
test query_serving::tests::binding_mismatch_never_replays_even_with_matching_metadata ... ok
test query_serving::tests::cancelled_caller_keeps_admitted_capacity_until_work_completes ... ok
test query_serving::tests::connection_refusal_allows_one_retry ... ok
test query_serving::tests::disconnect_after_receiving_request_never_replays ... ok
test query_serving::tests::malformed_or_oversized_success_never_replays ... ok
test query_serving::tests::only_explicit_nonacceptance_allows_replay ... ok
test query_serving::tests::public_errors_never_echo_upstream_transport_text ... ok
test query_serving::tests::worker_timing_is_optional_and_comes_from_the_successful_attempt ... ok
test query_timing::tests::matched_samples_exclude_upload_and_reject_missing_timing ... ok
test rebuild::tests::oracle_accepts_only_added_fees ... ok
test response_body::tests::admission_lasts_until_transport_drops_body ... ok
test response_body::tests::revocation_after_packing_prevents_response_release ... ok
test serving_control::tests::successful_refresh_restores_readiness ... ok
test serving_fence::tests::an_activation_must_name_this_process_epoch_view_and_fence ... ok
test serving_fence::tests::the_fence_only_moves_forward ... ok
test shutdown::tests::stopping_refuses_new_connections_and_finishes_accepted_requests ... ok
test status::admission::tests::bounded_queue_cancellation_timeout_and_recovery ... ok
test status::admission::tests::cancelled_blocking_work_keeps_execution_permit ... ok
test status::artifact::tests::sparse_roundtrip_is_bound_to_base_and_result ... ok
test status::authority::tests::restart_fences_prior_sessions_and_never_reuses_generation ... ok
test status::authority::tests::wrong_network_and_corruption_fail_closed ... ok
test status::controller_tests::authority_is_rechecked_after_admission_wait ... ok
test status::controller_tests::deferred_activation_hands_back_unpinned_generations_only ... ok
test status::controller_tests::rapid_activation_bounds_retention_and_recovery_fences_old_sessions ... ok
test status::controller_tests::serving_client_clones_reuse_forwarding_connection ... ok
test status::controller_tests::source_freshness_is_rechecked_after_admission_wait ... ok
test status::controller_tests::stale_candidate_cannot_be_activated ... ok
test status::distributed::tests::distributed_http_telemetry_counts_rejected_queries_on_both_listener_layouts ... ok
test status::distributed::tests::fence_revokes_already_pinned_controller_and_rejects_old_activation ... ok
test status::distributed::tests::preparation_rejects_unbounded_threads ... ok
test status::distributed::tests::preparation_threads_run_below_query_priority ... ok
test status::distributed::tests::preparation_uses_its_own_bounded_pool ... ok
test status::distributed::tests::private_peers_reject_external_or_credentialed_origins ... ok
test status::distributed::tests::refresh_cannot_launder_changed_source_or_coverage ... ok
test status::distributed::tests::restart_changes_incarnation_and_never_restores_readiness ... ok
test status::distributed::tests::split_listeners_keep_query_route_off_the_control_router ... ok
test status::distributed::tests::stale_source_does_not_revoke_valid_control_authority ... ok
test status::distributed::tests::watchdog_does_not_renew_source_freshness ... ok
test status::distributed::tests::wrong_digest_activation_is_rejected_and_repeat_is_idempotent ... ok
test status::fixture::tests::small_fixture_oracle_uses_the_actual_mined_height ... ok
test status::index::tests::broken_chain_and_duplicate_canonical_txid_rejected ... ok
test status::index::tests::fork_selection_is_deterministic_and_hashes_stay_internal ... ok
test status::index::tests::overflow_evicts_whole_blocks_and_mandatory_overflow_fails ... ok
test status::index::tests::precedence_and_missing_coverage ... ok
test status::publisher::query_transport_tests::client_key_prefers_first_forwarded_address ... ok
test status::publisher::query_transport_tests::optional_query_transport_is_loopback_only ... ok
test status::publisher::query_transport_tests::per_client_slots_cap_concurrency_and_evict_idle_keys ... ok
test status::publisher::query_transport_tests::publisher_init_rejections_are_observed_as_http_server_errors ... ok
test status::source::tests::canonical_observation_indexes_every_transaction_type ... ok
test status::source::tests::changing_tip_discards_candidate ... ok
test status::source::tests::checkpoint_recovers_only_as_a_cache_and_reobserves_canonical_source ... ok
test status::source::tests::compact_wire_preserves_stsobs01_checkpoint_bytes ... ok
test status::source::tests::damaged_or_incompatible_checkpoint_fails_closed ... ok
test status::source::tests::disconnected_block_becomes_fork_observation ... ok
test status::source::tests::noncanonical_raw_block_is_rejected ... ok
test status::telemetry::http_tests::http_outcomes_distinguish_client_errors_and_record_latency_once ... ok
test status::telemetry::tests::counts_one_ingress_and_exports_no_request_identity ... ok
test store::tests::append_failures_reopen_to_a_complete_committed_prefix ... ok
test store::tests::append_restart_and_padding_are_deterministic ... ok
test store::tests::empty_blocks_and_rewind_to_empty_survive_restart ... ok
test store::tests::incompatible_journals_are_rejected_without_mutation ... ok
test store::tests::ingest_cannot_acknowledge_a_duplicate_after_io_failure ... ok
test store::tests::journal_refuses_concurrent_writers ... ok
test store::tests::records_must_match_the_layout ... ok
test store::tests::rewind_failures_never_remove_committed_records ... ok
test store::tests::rewind_truncates_records_and_allows_replacement_blocks ... ok
test telemetry::tests::geometry_roles_and_escaped_labels_survive_composition_transition ... ok
test telemetry::tests::publication_targets_detect_reorg_and_preserve_retry_age ... ok
test wire::streaming_tests::streaming_codec_matches_legacy_mph1_bytes ... ok
test wire::streaming_tests::validation_reads_payload_in_bounded_chunks ... ok
test wire::tests::crs_hint_round_trips_and_is_shape_strict ... ok
test wire::tests::evaluate_request_rejects_bad_magic_truncation_and_shard_count ... ok
test wire::tests::evaluate_response_round_trips_and_rejects_malformed_input ... ok
test wire::tests::evaluate_wire_round_trips_and_rejects_trailing_bytes ... ok
test worker::tests::abort_before_reserve_fences_delayed_attempt ... ok
test worker::tests::aborted_attempts_conflicting_payloads_and_stale_epochs_are_fenced_over_http ... ok
test worker::tests::device_errors_are_unavailable_without_exposing_details ... ok
test worker::tests::metrics_do_not_block_preparation_or_invent_zero_memory ... ok
test worker::tests::offline_repair_includes_durable_candidate_and_rejects_missing_journal ... ok
test worker::tests::placement_policy_is_persisted_and_fences_reservations ... ok
test worker::tests::q46_worker_state_is_rejected_without_rewriting_it ... ok
test zakura::tests::canonical_ironwood_transaction_has_actual_fee_and_expiry ... ok

test result: ok. 169 passed; 0 failed; 0 ignored; 0 measured; 9 filtered out; finished in 15.11s

     Running unittests src/bin/server.rs (/var/lib/ai-dev/cache/build/t-90bf9210cb4247c9/a1/wallet-pir/dev-lanes/cab3e3274349c9d5b86e/lane-0/release-fast/deps/enhance_pir_server-3af028c0e706e067)

running 0 tests

test result: ok. 0 passed; 0 failed; 0 ignored; 0 measured; 0 filtered out; finished in 0.00s

     Running unittests src/bin/status.rs (/var/lib/ai-dev/cache/build/t-90bf9210cb4247c9/a1/wallet-pir/dev-lanes/cab3e3274349c9d5b86e/lane-0/release-fast/deps/status_pir-06108526f37d67a8)

running 2 tests
test live_candidate_tests::changed_source_keeps_original_age_and_reorg_rejects_candidate ... ok
test live_candidate_tests::identical_source_can_refresh_timestamp_but_stale_candidate_cannot_publish ... ok

test result: ok. 2 passed; 0 failed; 0 ignored; 0 measured; 0 filtered out; finished in 0.00s

CHECK_STAGE {"stage": "tests:enhance-pir-server", "seconds": 15.606, "exit": 0}
+ python3 tools/ci/enhance_tests.py --tier fast
Enhance integration target classification is complete
+ bash /var/lib/ai-dev/workspaces/t-90bf9210cb4247c9/a1/repos/wallet-pir/tools/ci/full-test.sh --locked --profile release-fast -p enhance-pir-server --test boundary_recovery_model --test record_layout --test schema11_cutover
+ cargo test --no-run --locked --profile release-fast -p enhance-pir-server --test boundary_recovery_model --test record_layout --test schema11_cutover
   Compiling enhance-pir-server v0.0.1 (/var/lib/ai-dev/workspaces/t-90bf9210cb4247c9/a1/repos/wallet-pir/enhance/services/enhance-pir-server)
    Finished `release-fast` profile [optimized] target(s) in 42.29s
warning: the following packages contain code that will be rejected by a future version of Rust: proc-macro-error2 v2.0.1
note: to see what the problems were, use the option `--future-incompat-report`, or run `cargo report future-incompatibilities --id 1`
  Executable tests/boundary_recovery_model.rs (/var/lib/ai-dev/cache/build/t-90bf9210cb4247c9/a1/wallet-pir/dev-lanes/cab3e3274349c9d5b86e/lane-0/release-fast/deps/boundary_recovery_model-e95ab85ee6f7ece6)
  Executable tests/record_layout.rs (/var/lib/ai-dev/cache/build/t-90bf9210cb4247c9/a1/wallet-pir/dev-lanes/cab3e3274349c9d5b86e/lane-0/release-fast/deps/record_layout-47fb2702d17d416a)
  Executable tests/schema11_cutover.rs (/var/lib/ai-dev/cache/build/t-90bf9210cb4247c9/a1/wallet-pir/dev-lanes/cab3e3274349c9d5b86e/lane-0/release-fast/deps/schema11_cutover-73ae0f2c865ae9d4)
CHECK_STAGE {"stage": "compile", "seconds": 42.362, "exit": 0}
+ python3 /var/lib/ai-dev/workspaces/t-90bf9210cb4247c9/a1/repos/wallet-pir/tools/ci/reclaim-build-cache.py
Advised reclaim of clean build cache pages in 3257 files
CHECK_STAGE {"stage": "reclaim", "seconds": 0.57, "exit": 0}
+ cargo test --locked --profile release-fast -p enhance-pir-server --test boundary_recovery_model --test record_layout --test schema11_cutover
    Finished `release-fast` profile [optimized] target(s) in 0.58s
warning: the following packages contain code that will be rejected by a future version of Rust: proc-macro-error2 v2.0.1
note: to see what the problems were, use the option `--future-incompat-report`, or run `cargo report future-incompatibilities --id 1`
     Running tests/boundary_recovery_model.rs (/var/lib/ai-dev/cache/build/t-90bf9210cb4247c9/a1/wallet-pir/dev-lanes/cab3e3274349c9d5b86e/lane-0/release-fast/deps/boundary_recovery_model-e95ab85ee6f7ece6)

running 5 tests
test confirmation_can_promote_a_successor_while_its_tail_is_still_open ... ok
test crossing_opens_provisional_tail_then_plain_successor_before_confirmation ... ok
test provisional_rollback_and_multi_boundary_block_preserve_complete_coverage ... ok
test reorg_across_sealed_boundary_revokes_affected_sessions_even_for_identical_replay ... ok
test zakura_window_seals_at_1000_and_preserves_a_surviving_finalized_boundary ... ok

test result: ok. 5 passed; 0 failed; 0 ignored; 0 measured; 0 filtered out; finished in 0.00s

     Running tests/record_layout.rs (/var/lib/ai-dev/cache/build/t-90bf9210cb4247c9/a1/wallet-pir/dev-lanes/cab3e3274349c9d5b86e/lane-0/release-fast/deps/record_layout-47fb2702d17d416a)

running 2 tests
test field_offsets_are_pinned ... ok
test records_survive_the_journal_and_padded_shard_read ... ok

test result: ok. 2 passed; 0 failed; 0 ignored; 0 measured; 0 filtered out; finished in 0.20s

     Running tests/schema11_cutover.rs (/var/lib/ai-dev/cache/build/t-90bf9210cb4247c9/a1/wallet-pir/dev-lanes/cab3e3274349c9d5b86e/lane-0/release-fast/deps/schema11_cutover-73ae0f2c865ae9d4)

running 2 tests
test full_ciphertext_journal_is_rejected_without_truncation ... ok
test old_controller_and_worker_state_are_rejected_without_rewrite ... ok

test result: ok. 2 passed; 0 failed; 0 ignored; 0 measured; 0 filtered out; finished in 0.01s

CHECK_STAGE {"stage": "tests", "seconds": 0.874, "exit": 0}
CHECK_STAGE {"stage": "integration:enhance-fast", "seconds": 44.05, "exit": 0}

real	1m3.257s
user	2m13.879s
sys	0m6.544s
exit=0
