   Compiling futures-util v0.3.32
   Compiling ipir-sp v0.1.0-rc.6 (https://github.com/valargroup/ipir-sp.git?tag=v0.1.0-rc.6#1f2aec65)
   Compiling pir-native v0.1.0 (/var/lib/ai-dev/workspaces/t-90bf9210cb4247c9/a1/repos/wallet-pir/shared/pir-native)
   Compiling tower v0.5.3
   Compiling hyper-util v0.1.20
   Compiling tower-http v0.6.8
   Compiling futures-executor v0.3.32
   Compiling futures v0.3.32
   Compiling axum-core v0.4.5
   Compiling hyper-rustls v0.27.7
   Compiling reqwest v0.12.28
   Compiling zakura-chain v6.0.0 (https://github.com/zakura-core/zakura.git?rev=1faf150fc3648aae22c55a6b30f8f5a9b9ce934e#1faf150f)
   Compiling enhance-pir v0.0.1 (/var/lib/ai-dev/workspaces/t-90bf9210cb4247c9/a1/repos/wallet-pir/enhance/crates/enhance-pir)
   Compiling axum v0.7.9
   Compiling enhance-pir-server v0.0.1 (/var/lib/ai-dev/workspaces/t-90bf9210cb4247c9/a1/repos/wallet-pir/enhance/services/enhance-pir-server)
    Finished `release-fast` profile [optimized] target(s) in 1m 50s
warning: the following packages contain code that will be rejected by a future version of Rust: proc-macro-error2 v2.0.1
note: to see what the problems were, use the option `--future-incompat-report`, or run `cargo report future-incompatibilities --id 1`

real	1m50.921s
user	5m4.577s
sys	0m10.046s
exit=0
