    Updating crates.io index
 Downloading crates ...
  Downloaded serde_derive v1.0.229
  Downloaded thiserror-impl v2.0.20
  Downloaded env_filter v2.0.0
  Downloaded zmij v1.0.23
  Downloaded unicode-ident v1.0.26
  Downloaded serde_core v1.0.229
  Downloaded log v0.4.34
  Downloaded rand v0.8.8
  Downloaded typenum v1.20.1
  Downloaded clap_builder v4.6.7
  Downloaded regex v1.13.1
  Downloaded serde_json v1.0.151
  Downloaded memchr v2.8.3
  Downloaded jiff-core v0.1.1
  Downloaded aho-corasick v1.1.5
  Downloaded serde v1.0.229
  Downloaded proc-macro2 v1.0.107
  Downloaded quote v1.0.47
  Downloaded zerocopy v0.8.57
  Downloaded syn v2.0.119
  Downloaded env_logger v0.11.11
  Downloaded syn v3.0.6
  Downloaded regex-syntax v0.8.11
  Downloaded either v1.18.0
  Downloaded defmt v1.1.1
  Downloaded crossbeam-epoch v0.9.21
  Downloaded clap_derive v4.6.7
  Downloaded clap v4.6.7
  Downloaded thiserror v2.0.20
  Downloaded defmt-parser v1.0.0
  Downloaded crossbeam-deque v0.8.8
  Downloaded clap_lex v1.1.1
  Downloaded cfg-if v1.0.5
  Downloaded bitflags v1.3.2
  Downloaded sha1 v0.10.7
  Downloaded regex-automata v0.4.18
  Downloaded fastrand v2.5.0
  Downloaded defmt-macros v1.1.1
  Downloaded crossbeam-utils v0.8.23
  Downloaded jiff v0.2.37
  Downloaded libc v0.2.189
   Compiling proc-macro2 v1.0.107
   Compiling quote v1.0.47
   Compiling unicode-ident v1.0.26
   Compiling version_check v0.9.5
   Compiling memchr v2.8.3
   Compiling typenum v1.20.1
   Compiling generic-array v0.14.7
   Compiling cfg-if v1.0.5
   Compiling libc v0.2.189
   Compiling crossbeam-utils v0.8.23
   Compiling zerocopy v0.8.57
   Compiling serde_core v1.0.229
   Compiling crossbeam-epoch v0.9.21
   Compiling block-buffer v0.10.4
   Compiling crypto-common v0.1.7
   Compiling syn v3.0.6
   Compiling crossbeam-deque v0.8.8
   Compiling getrandom v0.2.17
   Compiling zmij v1.0.23
   Compiling rand_core v0.6.4
   Compiling digest v0.10.7
   Compiling rayon-core v1.13.0
   Compiling utf8parse v0.2.2
   Compiling cpufeatures v0.2.17
   Compiling serde_json v1.0.151
   Compiling anstyle-parse v1.0.0
   Compiling syn v2.0.119
   Compiling aho-corasick v1.1.5
   Compiling thiserror v1.0.69
   Compiling ppv-lite86 v0.2.21
   Compiling anstyle-query v1.1.5
   Compiling is_terminal_polyfill v1.70.2
   Compiling anstyle v1.0.14
   Compiling rand_chacha v0.3.1
   Compiling regex-syntax v0.8.11
   Compiling itoa v1.0.18
   Compiling colorchoice v1.0.5
   Compiling anstream v1.0.0
   Compiling thiserror-impl v1.0.69
   Compiling regex-automata v0.4.18
   Compiling rand v0.8.8
   Compiling sha2 v0.10.9
   Compiling fastrand v2.5.0
   Compiling either v1.18.0
   Compiling subtle v2.6.1
   Compiling valar-spiral-rs v0.5.2 (https://github.com/valargroup/spiral-rs.git?rev=584fee3893b1d2d17b5d774c83bd801fb70d5ace#584fee38)
   Compiling rayon v1.12.0
   Compiling regex v1.13.1
   Compiling serde v1.0.229
   Compiling strsim v0.11.1
   Compiling log v0.4.34
   Compiling heck v0.5.0
   Compiling clap_lex v1.1.1
   Compiling jiff-core v0.1.1
   Compiling clap_builder v4.6.7
   Compiling clap_derive v4.6.7
   Compiling jiff v0.2.37
   Compiling env_filter v2.0.0
   Compiling inspiring v0.1.0 (https://github.com/valargroup/ipir-sp.git?rev=accc424e879d8da425fa620aad80f0f2c4e0defd#accc424e)
   Compiling serde_derive v1.0.229
   Compiling thiserror v2.0.20
   Compiling env_logger v0.11.11
   Compiling simplepir-kernel v0.1.0 (https://github.com/valargroup/ipir-sp.git?rev=accc424e879d8da425fa620aad80f0f2c4e0defd#accc424e)
   Compiling clap v4.6.7
   Compiling thiserror-impl v2.0.20
   Compiling sha1 v0.10.7
   Compiling ipir-sp v0.1.0 (https://github.com/valargroup/ipir-sp.git?rev=accc424e879d8da425fa620aad80f0f2c4e0defd#accc424e)
   Compiling base64 v0.22.1
   Compiling hex v0.4.3
   Compiling enhance-layout-benchmark v0.1.0 (/tmp/wallet-pir-layout-20260920/enhance/evidence/layout-benchmark-2026-09-20)
    Finished `release` profile [optimized] target(s) in 28.76s
