Running as unit: transparent-full-burst-3e37ff3185694355ad190123153b824a.service; invocation ID: a4b79cf86bd547d28171d32db0801e5d

running 1 test
2026-09-09T08:45:21.183651Z DEBUG transparent_shard_server::runtime: runtime stage key=("5b7ee9849d47f5ee67d04eb6ca4588beacf42dce75e5a1b481dfd02607b1fb20", Directory, 0) seconds=3.73e-6 stage="restore_slot"
2026-09-09T08:45:21.183850Z DEBUG transparent_shard_server::runtime: runtime stage key=("5b7ee9849d47f5ee67d04eb6ca4588beacf42dce75e5a1b481dfd02607b1fb20", Pages, 0) seconds=3.68e-7 stage="restore_slot"
2026-09-09T08:45:21.183942Z DEBUG transparent_shard_server::runtime: runtime stage key=("1f5d7213a380745d83cc554ad16bdf9e039a0304d0de0b71376828e1838d0ea4", Directory, 0) seconds=2.04e-7 stage="restore_slot"
2026-09-09T08:45:21.183971Z DEBUG transparent_shard_server::runtime: runtime stage key=("1f5d7213a380745d83cc554ad16bdf9e039a0304d0de0b71376828e1838d0ea4", Pages, 0) seconds=1.208e-6 stage="restore_slot"
2026-09-09T08:45:21.184205Z DEBUG transparent_shard_server::runtime: runtime stage key=("5b7ee9849d47f5ee67d04eb6ca4588beacf42dce75e5a1b481dfd02607b1fb20", Pages, 0) seconds=5.5376e-5 hit=false stage="disk_restore"
2026-09-09T08:45:21.184205Z DEBUG transparent_shard_server::runtime: runtime stage key=("1f5d7213a380745d83cc554ad16bdf9e039a0304d0de0b71376828e1838d0ea4", Directory, 0) seconds=4.7591e-5 hit=false stage="disk_restore"
2026-09-09T08:45:21.184240Z DEBUG transparent_shard_server::runtime: runtime stage key=("5b7ee9849d47f5ee67d04eb6ca4588beacf42dce75e5a1b481dfd02607b1fb20", Pages, 0) seconds=8.83e-7 stage="build_slot"
2026-09-09T08:45:21.184253Z DEBUG transparent_shard_server::runtime: runtime stage key=("1f5d7213a380745d83cc554ad16bdf9e039a0304d0de0b71376828e1838d0ea4", Pages, 0) seconds=1.4809e-5 hit=false stage="disk_restore"
2026-09-09T08:45:21.184206Z DEBUG transparent_shard_server::runtime: runtime stage key=("5b7ee9849d47f5ee67d04eb6ca4588beacf42dce75e5a1b481dfd02607b1fb20", Directory, 0) seconds=5.3312e-5 hit=false stage="disk_restore"
2026-09-09T08:45:21.316003Z DEBUG transparent_shard_server::runtime: runtime stage key=("5b7ee9849d47f5ee67d04eb6ca4588beacf42dce75e5a1b481dfd02607b1fb20", Pages, 0) seconds=0.131691182 stage="source_load"
2026-09-09T08:45:25.450751Z DEBUG transparent_shard_server::runtime: runtime stage key=("5b7ee9849d47f5ee67d04eb6ca4588beacf42dce75e5a1b481dfd02607b1fb20", Pages, 0) seconds=4.134706167 stage="runtime_build"
2026-09-09T08:45:26.168738Z DEBUG transparent_shard_server::runtime: runtime stage key=("5b7ee9849d47f5ee67d04eb6ca4588beacf42dce75e5a1b481dfd02607b1fb20", Pages, 0) seconds=0.716677563 stage="disk_save"
2026-09-09T08:45:26.168843Z DEBUG transparent_shard_server::runtime: runtime stage key=("1f5d7213a380745d83cc554ad16bdf9e039a0304d0de0b71376828e1838d0ea4", Directory, 0) seconds=4.9845398979999995 stage="build_slot"
2026-09-09T08:45:26.168909Z DEBUG transparent_shard_server::runtime: runtime stage key=("ca7afe810c988a8b4b561668f3456a9f38d1fdbb0776614e07ddfeb1a2132000", Directory, 0) seconds=1.223e-6 stage="restore_slot"
2026-09-09T08:45:26.169061Z DEBUG transparent_shard_server::runtime: runtime stage key=("ca7afe810c988a8b4b561668f3456a9f38d1fdbb0776614e07ddfeb1a2132000", Directory, 0) seconds=3.3416e-5 hit=false stage="disk_restore"
2026-09-09T08:45:26.301631Z DEBUG transparent_shard_server::runtime: runtime stage key=("1f5d7213a380745d83cc554ad16bdf9e039a0304d0de0b71376828e1838d0ea4", Directory, 0) seconds=0.132678562 stage="source_load"
2026-09-09T08:45:30.486130Z DEBUG transparent_shard_server::runtime: runtime stage key=("1f5d7213a380745d83cc554ad16bdf9e039a0304d0de0b71376828e1838d0ea4", Directory, 0) seconds=4.184458884 stage="runtime_build"
2026-09-09T08:45:31.200671Z DEBUG transparent_shard_server::runtime: runtime stage key=("1f5d7213a380745d83cc554ad16bdf9e039a0304d0de0b71376828e1838d0ea4", Directory, 0) seconds=0.714484696 stage="disk_save"
2026-09-09T08:45:31.200723Z DEBUG transparent_shard_server::runtime: runtime stage key=("1f5d7213a380745d83cc554ad16bdf9e039a0304d0de0b71376828e1838d0ea4", Pages, 0) seconds=10.016420594 stage="build_slot"
2026-09-09T08:45:31.200832Z DEBUG transparent_shard_server::runtime: runtime stage key=("ca7afe810c988a8b4b561668f3456a9f38d1fdbb0776614e07ddfeb1a2132000", Pages, 0) seconds=6.86e-7 stage="restore_slot"
2026-09-09T08:45:31.200902Z DEBUG transparent_shard_server::runtime: runtime stage key=("ca7afe810c988a8b4b561668f3456a9f38d1fdbb0776614e07ddfeb1a2132000", Pages, 0) seconds=2.3338e-5 hit=false stage="disk_restore"
2026-09-09T08:45:31.321223Z DEBUG transparent_shard_server::runtime: runtime stage key=("1f5d7213a380745d83cc554ad16bdf9e039a0304d0de0b71376828e1838d0ea4", Pages, 0) seconds=0.120374594 stage="source_load"
2026-09-09T08:45:35.434265Z DEBUG transparent_shard_server::runtime: runtime stage key=("1f5d7213a380745d83cc554ad16bdf9e039a0304d0de0b71376828e1838d0ea4", Pages, 0) seconds=4.11298979 stage="runtime_build"
2026-09-09T08:45:36.159606Z DEBUG transparent_shard_server::runtime: runtime stage key=("1f5d7213a380745d83cc554ad16bdf9e039a0304d0de0b71376828e1838d0ea4", Pages, 0) seconds=0.725294254 stage="disk_save"
2026-09-09T08:45:36.159708Z DEBUG transparent_shard_server::runtime: runtime stage key=("5b7ee9849d47f5ee67d04eb6ca4588beacf42dce75e5a1b481dfd02607b1fb20", Directory, 0) seconds=14.975170445 stage="build_slot"
2026-09-09T08:45:36.159749Z DEBUG transparent_shard_server::runtime: runtime stage key=("95df7205357fe2d9c962d2b41daded841e05afa7b6fc8d06dfec46ad04e15335", Directory, 0) seconds=1.364e-6 stage="restore_slot"
2026-09-09T08:45:36.163290Z DEBUG transparent_shard_server::runtime: runtime stage key=("95df7205357fe2d9c962d2b41daded841e05afa7b6fc8d06dfec46ad04e15335", Directory, 0) seconds=5.2123e-5 hit=false stage="disk_restore"
2026-09-09T08:45:36.282702Z DEBUG transparent_shard_server::runtime: runtime stage key=("5b7ee9849d47f5ee67d04eb6ca4588beacf42dce75e5a1b481dfd02607b1fb20", Directory, 0) seconds=0.122860404 stage="source_load"
2026-09-09T08:45:40.263428Z DEBUG transparent_shard_server::runtime: runtime stage key=("5b7ee9849d47f5ee67d04eb6ca4588beacf42dce75e5a1b481dfd02607b1fb20", Directory, 0) seconds=3.980676091 stage="runtime_build"
2026-09-09T08:45:40.969651Z DEBUG transparent_shard_server::runtime: runtime stage key=("5b7ee9849d47f5ee67d04eb6ca4588beacf42dce75e5a1b481dfd02607b1fb20", Directory, 0) seconds=0.706180392 stage="disk_save"
2026-09-09T08:45:40.969745Z DEBUG transparent_shard_server::runtime: runtime stage key=("ca7afe810c988a8b4b561668f3456a9f38d1fdbb0776614e07ddfeb1a2132000", Directory, 0) seconds=14.800641661 stage="build_slot"
2026-09-09T08:45:40.969771Z DEBUG transparent_shard_server::runtime: runtime stage key=("95df7205357fe2d9c962d2b41daded841e05afa7b6fc8d06dfec46ad04e15335", Pages, 0) seconds=1.116e-6 stage="restore_slot"
2026-09-09T08:45:40.970063Z DEBUG transparent_shard_server::runtime: runtime stage key=("95df7205357fe2d9c962d2b41daded841e05afa7b6fc8d06dfec46ad04e15335", Pages, 0) seconds=4.6191e-5 hit=false stage="disk_restore"
2026-09-09T08:45:41.088359Z DEBUG transparent_shard_server::runtime: runtime stage key=("ca7afe810c988a8b4b561668f3456a9f38d1fdbb0776614e07ddfeb1a2132000", Directory, 0) seconds=0.118460185 stage="source_load"
2026-09-09T08:45:45.115437Z DEBUG transparent_shard_server::runtime: runtime stage key=("ca7afe810c988a8b4b561668f3456a9f38d1fdbb0776614e07ddfeb1a2132000", Directory, 0) seconds=4.02703554 stage="runtime_build"
2026-09-09T08:45:45.826502Z DEBUG transparent_shard_server::runtime: runtime stage key=("ca7afe810c988a8b4b561668f3456a9f38d1fdbb0776614e07ddfeb1a2132000", Directory, 0) seconds=0.711021917 stage="disk_save"
2026-09-09T08:45:45.826626Z DEBUG transparent_shard_server::runtime: runtime stage key=("ca7afe810c988a8b4b561668f3456a9f38d1fdbb0776614e07ddfeb1a2132000", Pages, 0) seconds=14.625711261 stage="build_slot"
2026-09-09T08:45:45.826689Z DEBUG transparent_shard_server::runtime: runtime stage key=("73d46a59d0d03d7616f9a47e53b50448d4c5a3504e6e296600d8884c8c4403b8", Directory, 0) seconds=1.4323e-5 stage="restore_slot"
2026-09-09T08:45:45.830301Z DEBUG transparent_shard_server::runtime: runtime stage key=("73d46a59d0d03d7616f9a47e53b50448d4c5a3504e6e296600d8884c8c4403b8", Directory, 0) seconds=4.4191e-5 hit=false stage="disk_restore"
2026-09-09T08:45:45.947765Z DEBUG transparent_shard_server::runtime: runtime stage key=("ca7afe810c988a8b4b561668f3456a9f38d1fdbb0776614e07ddfeb1a2132000", Pages, 0) seconds=0.120980648 stage="source_load"
2026-09-09T08:45:49.984815Z DEBUG transparent_shard_server::runtime: runtime stage key=("ca7afe810c988a8b4b561668f3456a9f38d1fdbb0776614e07ddfeb1a2132000", Pages, 0) seconds=4.037007394 stage="runtime_build"
2026-09-09T08:45:50.690749Z DEBUG transparent_shard_server::runtime: runtime stage key=("ca7afe810c988a8b4b561668f3456a9f38d1fdbb0776614e07ddfeb1a2132000", Pages, 0) seconds=0.705886476 stage="disk_save"
2026-09-09T08:45:50.690867Z DEBUG transparent_shard_server::runtime: runtime stage key=("95df7205357fe2d9c962d2b41daded841e05afa7b6fc8d06dfec46ad04e15335", Directory, 0) seconds=14.527526306 stage="build_slot"
2026-09-09T08:45:50.690906Z DEBUG transparent_shard_server::runtime: runtime stage key=("73d46a59d0d03d7616f9a47e53b50448d4c5a3504e6e296600d8884c8c4403b8", Pages, 0) seconds=1.255e-6 stage="restore_slot"
2026-09-09T08:45:50.691077Z DEBUG transparent_shard_server::runtime: runtime stage key=("73d46a59d0d03d7616f9a47e53b50448d4c5a3504e6e296600d8884c8c4403b8", Pages, 0) seconds=2.5693e-5 hit=false stage="disk_restore"
2026-09-09T08:45:50.811096Z DEBUG transparent_shard_server::runtime: runtime stage key=("95df7205357fe2d9c962d2b41daded841e05afa7b6fc8d06dfec46ad04e15335", Directory, 0) seconds=0.120065058 stage="source_load"
2026-09-09T08:45:54.804213Z DEBUG transparent_shard_server::runtime: runtime stage key=("95df7205357fe2d9c962d2b41daded841e05afa7b6fc8d06dfec46ad04e15335", Directory, 0) seconds=3.993070639 stage="runtime_build"
2026-09-09T08:45:55.504991Z DEBUG transparent_shard_server::runtime: runtime stage key=("95df7205357fe2d9c962d2b41daded841e05afa7b6fc8d06dfec46ad04e15335", Directory, 0) seconds=0.700734578 stage="disk_save"
2026-09-09T08:45:55.505082Z DEBUG transparent_shard_server::runtime: runtime stage key=("95df7205357fe2d9c962d2b41daded841e05afa7b6fc8d06dfec46ad04e15335", Pages, 0) seconds=14.53498501 stage="build_slot"
2026-09-09T08:45:55.505135Z DEBUG transparent_shard_server::runtime: runtime stage key=("b16be2933ab920bc4745ea8917e5167a7a685c211e0b4febe88b4d3018f970bc", Directory, 0) seconds=1.162e-6 stage="restore_slot"
2026-09-09T08:45:55.505285Z DEBUG transparent_shard_server::runtime: runtime stage key=("b16be2933ab920bc4745ea8917e5167a7a685c211e0b4febe88b4d3018f970bc", Directory, 0) seconds=3.6579e-5 hit=false stage="disk_restore"
2026-09-09T08:45:55.626351Z DEBUG transparent_shard_server::runtime: runtime stage key=("95df7205357fe2d9c962d2b41daded841e05afa7b6fc8d06dfec46ad04e15335", Pages, 0) seconds=0.121114161 stage="source_load"
2026-09-09T08:45:59.660047Z DEBUG transparent_shard_server::runtime: runtime stage key=("95df7205357fe2d9c962d2b41daded841e05afa7b6fc8d06dfec46ad04e15335", Pages, 0) seconds=4.033647908 stage="runtime_build"
2026-09-09T08:46:00.374505Z DEBUG transparent_shard_server::runtime: runtime stage key=("95df7205357fe2d9c962d2b41daded841e05afa7b6fc8d06dfec46ad04e15335", Pages, 0) seconds=0.71440909 stage="disk_save"
2026-09-09T08:46:00.374592Z DEBUG transparent_shard_server::runtime: runtime stage key=("73d46a59d0d03d7616f9a47e53b50448d4c5a3504e6e296600d8884c8c4403b8", Directory, 0) seconds=14.544234722 stage="build_slot"
2026-09-09T08:46:00.374654Z DEBUG transparent_shard_server::runtime: runtime stage key=("b16be2933ab920bc4745ea8917e5167a7a685c211e0b4febe88b4d3018f970bc", Pages, 0) seconds=1.096e-6 stage="restore_slot"
2026-09-09T08:46:00.374788Z DEBUG transparent_shard_server::runtime: runtime stage key=("b16be2933ab920bc4745ea8917e5167a7a685c211e0b4febe88b4d3018f970bc", Pages, 0) seconds=2.7659e-5 hit=false stage="disk_restore"
2026-09-09T08:46:00.498888Z DEBUG transparent_shard_server::runtime: runtime stage key=("73d46a59d0d03d7616f9a47e53b50448d4c5a3504e6e296600d8884c8c4403b8", Directory, 0) seconds=0.124145392 stage="source_load"
2026-09-09T08:46:04.589659Z DEBUG transparent_shard_server::runtime: runtime stage key=("73d46a59d0d03d7616f9a47e53b50448d4c5a3504e6e296600d8884c8c4403b8", Directory, 0) seconds=4.090694785 stage="runtime_build"
2026-09-09T08:46:05.311203Z DEBUG transparent_shard_server::runtime: runtime stage key=("73d46a59d0d03d7616f9a47e53b50448d4c5a3504e6e296600d8884c8c4403b8", Directory, 0) seconds=0.721499199 stage="disk_save"
2026-09-09T08:46:05.311295Z DEBUG transparent_shard_server::runtime: runtime stage key=("73d46a59d0d03d7616f9a47e53b50448d4c5a3504e6e296600d8884c8c4403b8", Pages, 0) seconds=14.620194213 stage="build_slot"
2026-09-09T08:46:05.311355Z DEBUG transparent_shard_server::runtime: runtime stage key=("16b8227360ce35dd2e111156f5e31fd5eb500ff877879a212fef6cf8471de8a5", Directory, 0) seconds=1.557e-6 stage="restore_slot"
2026-09-09T08:46:05.311483Z DEBUG transparent_shard_server::runtime: runtime stage key=("16b8227360ce35dd2e111156f5e31fd5eb500ff877879a212fef6cf8471de8a5", Directory, 0) seconds=2.7017e-5 hit=false stage="disk_restore"
2026-09-09T08:46:05.433184Z DEBUG transparent_shard_server::runtime: runtime stage key=("73d46a59d0d03d7616f9a47e53b50448d4c5a3504e6e296600d8884c8c4403b8", Pages, 0) seconds=0.121759531 stage="source_load"
2026-09-09T08:46:09.554831Z DEBUG transparent_shard_server::runtime: runtime stage key=("73d46a59d0d03d7616f9a47e53b50448d4c5a3504e6e296600d8884c8c4403b8", Pages, 0) seconds=4.121603977 stage="runtime_build"
2026-09-09T08:46:10.271864Z DEBUG transparent_shard_server::runtime: runtime stage key=("73d46a59d0d03d7616f9a47e53b50448d4c5a3504e6e296600d8884c8c4403b8", Pages, 0) seconds=0.716977342 stage="disk_save"
2026-09-09T08:46:10.271960Z DEBUG transparent_shard_server::runtime: runtime stage key=("b16be2933ab920bc4745ea8917e5167a7a685c211e0b4febe88b4d3018f970bc", Directory, 0) seconds=14.766656661 stage="build_slot"
2026-09-09T08:46:10.272024Z DEBUG transparent_shard_server::runtime: runtime stage key=("16b8227360ce35dd2e111156f5e31fd5eb500ff877879a212fef6cf8471de8a5", Pages, 0) seconds=1.248e-6 stage="restore_slot"
2026-09-09T08:46:10.272182Z DEBUG transparent_shard_server::runtime: runtime stage key=("16b8227360ce35dd2e111156f5e31fd5eb500ff877879a212fef6cf8471de8a5", Pages, 0) seconds=3.9434e-5 hit=false stage="disk_restore"
2026-09-09T08:46:10.393161Z DEBUG transparent_shard_server::runtime: runtime stage key=("b16be2933ab920bc4745ea8917e5167a7a685c211e0b4febe88b4d3018f970bc", Directory, 0) seconds=0.121048168 stage="source_load"
2026-09-09T08:46:14.411699Z DEBUG transparent_shard_server::runtime: runtime stage key=("b16be2933ab920bc4745ea8917e5167a7a685c211e0b4febe88b4d3018f970bc", Directory, 0) seconds=4.018476171 stage="runtime_build"
2026-09-09T08:46:15.132070Z DEBUG transparent_shard_server::runtime: runtime stage key=("b16be2933ab920bc4745ea8917e5167a7a685c211e0b4febe88b4d3018f970bc", Directory, 0) seconds=0.720320513 stage="disk_save"
2026-09-09T08:46:15.132179Z DEBUG transparent_shard_server::runtime: runtime stage key=("b16be2933ab920bc4745ea8917e5167a7a685c211e0b4febe88b4d3018f970bc", Pages, 0) seconds=14.757356128 stage="build_slot"
2026-09-09T08:46:15.132246Z DEBUG transparent_shard_server::runtime: runtime stage key=("1cd27964911287b2a127c1f8df5e6b0c19f5b4db309391c5adb2db3072bfec6e", Directory, 0) seconds=1.271e-6 stage="restore_slot"
2026-09-09T08:46:15.132408Z DEBUG transparent_shard_server::runtime: runtime stage key=("1cd27964911287b2a127c1f8df5e6b0c19f5b4db309391c5adb2db3072bfec6e", Directory, 0) seconds=4.4948e-5 hit=false stage="disk_restore"
2026-09-09T08:46:15.258250Z DEBUG transparent_shard_server::runtime: runtime stage key=("b16be2933ab920bc4745ea8917e5167a7a685c211e0b4febe88b4d3018f970bc", Pages, 0) seconds=0.125937454 stage="source_load"
test burst::publication_burst_under_exact_load has been running for over 60 seconds
2026-09-09T08:46:19.386549Z DEBUG transparent_shard_server::runtime: runtime stage key=("b16be2933ab920bc4745ea8917e5167a7a685c211e0b4febe88b4d3018f970bc", Pages, 0) seconds=4.128247718 stage="runtime_build"
2026-09-09T08:46:20.092965Z DEBUG transparent_shard_server::runtime: runtime stage key=("b16be2933ab920bc4745ea8917e5167a7a685c211e0b4febe88b4d3018f970bc", Pages, 0) seconds=0.706373593 stage="disk_save"
2026-09-09T08:46:20.093068Z DEBUG transparent_shard_server::runtime: runtime stage key=("16b8227360ce35dd2e111156f5e31fd5eb500ff877879a212fef6cf8471de8a5", Directory, 0) seconds=14.781552218 stage="build_slot"
2026-09-09T08:46:20.093135Z DEBUG transparent_shard_server::runtime: runtime stage key=("1cd27964911287b2a127c1f8df5e6b0c19f5b4db309391c5adb2db3072bfec6e", Pages, 0) seconds=6.671e-6 stage="restore_slot"
2026-09-09T08:46:20.093270Z DEBUG transparent_shard_server::runtime: runtime stage key=("1cd27964911287b2a127c1f8df5e6b0c19f5b4db309391c5adb2db3072bfec6e", Pages, 0) seconds=2.679e-5 hit=false stage="disk_restore"
2026-09-09T08:46:20.215240Z DEBUG transparent_shard_server::runtime: runtime stage key=("16b8227360ce35dd2e111156f5e31fd5eb500ff877879a212fef6cf8471de8a5", Directory, 0) seconds=0.122016934 stage="source_load"
2026-09-09T08:46:24.221121Z DEBUG transparent_shard_server::runtime: runtime stage key=("16b8227360ce35dd2e111156f5e31fd5eb500ff877879a212fef6cf8471de8a5", Directory, 0) seconds=4.005837203 stage="runtime_build"
2026-09-09T08:46:24.938158Z DEBUG transparent_shard_server::runtime: runtime stage key=("16b8227360ce35dd2e111156f5e31fd5eb500ff877879a212fef6cf8471de8a5", Directory, 0) seconds=0.716980459 stage="disk_save"
2026-09-09T08:46:24.938276Z DEBUG transparent_shard_server::runtime: runtime stage key=("16b8227360ce35dd2e111156f5e31fd5eb500ff877879a212fef6cf8471de8a5", Pages, 0) seconds=14.666032818 stage="build_slot"
2026-09-09T08:46:24.938351Z DEBUG transparent_shard_server::runtime: runtime stage key=("27f56c565263ecffb8c7736d4e811665d81bf4ed71c7978431fcc4f45b645ee1", Directory, 0) seconds=1.125e-6 stage="restore_slot"
2026-09-09T08:46:24.938504Z DEBUG transparent_shard_server::runtime: runtime stage key=("27f56c565263ecffb8c7736d4e811665d81bf4ed71c7978431fcc4f45b645ee1", Directory, 0) seconds=4.3431e-5 hit=false stage="disk_restore"
2026-09-09T08:46:25.061836Z DEBUG transparent_shard_server::runtime: runtime stage key=("16b8227360ce35dd2e111156f5e31fd5eb500ff877879a212fef6cf8471de8a5", Pages, 0) seconds=0.123417084 stage="source_load"
2026-09-09T08:46:29.148433Z DEBUG transparent_shard_server::runtime: runtime stage key=("16b8227360ce35dd2e111156f5e31fd5eb500ff877879a212fef6cf8471de8a5", Pages, 0) seconds=4.086549973 stage="runtime_build"
2026-09-09T08:46:29.868722Z DEBUG transparent_shard_server::runtime: runtime stage key=("16b8227360ce35dd2e111156f5e31fd5eb500ff877879a212fef6cf8471de8a5", Pages, 0) seconds=0.72022906 stage="disk_save"
2026-09-09T08:46:29.868807Z DEBUG transparent_shard_server::runtime: runtime stage key=("1cd27964911287b2a127c1f8df5e6b0c19f5b4db309391c5adb2db3072bfec6e", Directory, 0) seconds=14.736352861 stage="build_slot"
2026-09-09T08:46:29.868868Z DEBUG transparent_shard_server::runtime: runtime stage key=("27f56c565263ecffb8c7736d4e811665d81bf4ed71c7978431fcc4f45b645ee1", Pages, 0) seconds=1.148e-6 stage="restore_slot"
2026-09-09T08:46:29.869022Z DEBUG transparent_shard_server::runtime: runtime stage key=("27f56c565263ecffb8c7736d4e811665d81bf4ed71c7978431fcc4f45b645ee1", Pages, 0) seconds=2.6719e-5 hit=false stage="disk_restore"
2026-09-09T08:46:29.990175Z DEBUG transparent_shard_server::runtime: runtime stage key=("1cd27964911287b2a127c1f8df5e6b0c19f5b4db309391c5adb2db3072bfec6e", Directory, 0) seconds=0.121208138 stage="source_load"
2026-09-09T08:46:33.946728Z DEBUG transparent_shard_server::runtime: runtime stage key=("1cd27964911287b2a127c1f8df5e6b0c19f5b4db309391c5adb2db3072bfec6e", Directory, 0) seconds=3.956510572 stage="runtime_build"
2026-09-09T08:46:34.646359Z DEBUG transparent_shard_server::runtime: runtime stage key=("1cd27964911287b2a127c1f8df5e6b0c19f5b4db309391c5adb2db3072bfec6e", Directory, 0) seconds=0.69958618 stage="disk_save"
2026-09-09T08:46:34.646461Z DEBUG transparent_shard_server::runtime: runtime stage key=("1cd27964911287b2a127c1f8df5e6b0c19f5b4db309391c5adb2db3072bfec6e", Pages, 0) seconds=14.553154702 stage="build_slot"
2026-09-09T08:46:34.646522Z DEBUG transparent_shard_server::runtime: runtime stage key=("ced665ae1f1140944bcd0c9aa2b83c1019df768df87fa513f9509106fc5b88c1", Directory, 0) seconds=1.023e-6 stage="restore_slot"
2026-09-09T08:46:34.646670Z DEBUG transparent_shard_server::runtime: runtime stage key=("ced665ae1f1140944bcd0c9aa2b83c1019df768df87fa513f9509106fc5b88c1", Directory, 0) seconds=3.5701e-5 hit=false stage="disk_restore"
2026-09-09T08:46:34.766668Z DEBUG transparent_shard_server::runtime: runtime stage key=("1cd27964911287b2a127c1f8df5e6b0c19f5b4db309391c5adb2db3072bfec6e", Pages, 0) seconds=0.120060833 stage="source_load"
2026-09-09T08:46:38.856467Z DEBUG transparent_shard_server::runtime: runtime stage key=("1cd27964911287b2a127c1f8df5e6b0c19f5b4db309391c5adb2db3072bfec6e", Pages, 0) seconds=4.089754034 stage="runtime_build"
2026-09-09T08:46:39.558009Z DEBUG transparent_shard_server::runtime: runtime stage key=("1cd27964911287b2a127c1f8df5e6b0c19f5b4db309391c5adb2db3072bfec6e", Pages, 0) seconds=0.701500178 stage="disk_save"
2026-09-09T08:46:39.558158Z DEBUG transparent_shard_server::runtime: runtime stage key=("27f56c565263ecffb8c7736d4e811665d81bf4ed71c7978431fcc4f45b645ee1", Directory, 0) seconds=14.619608192 stage="build_slot"
2026-09-09T08:46:39.558238Z DEBUG transparent_shard_server::runtime: runtime stage key=("ced665ae1f1140944bcd0c9aa2b83c1019df768df87fa513f9509106fc5b88c1", Pages, 0) seconds=1.067e-6 stage="restore_slot"
2026-09-09T08:46:39.558397Z DEBUG transparent_shard_server::runtime: runtime stage key=("ced665ae1f1140944bcd0c9aa2b83c1019df768df87fa513f9509106fc5b88c1", Pages, 0) seconds=2.7625e-5 hit=false stage="disk_restore"
2026-09-09T08:46:39.678883Z DEBUG transparent_shard_server::runtime: runtime stage key=("27f56c565263ecffb8c7736d4e811665d81bf4ed71c7978431fcc4f45b645ee1", Directory, 0) seconds=0.120543506 stage="source_load"
2026-09-09T08:46:43.630825Z DEBUG transparent_shard_server::runtime: runtime stage key=("27f56c565263ecffb8c7736d4e811665d81bf4ed71c7978431fcc4f45b645ee1", Directory, 0) seconds=3.951897818 stage="runtime_build"
2026-09-09T08:46:44.345109Z DEBUG transparent_shard_server::runtime: runtime stage key=("27f56c565263ecffb8c7736d4e811665d81bf4ed71c7978431fcc4f45b645ee1", Directory, 0) seconds=0.714239784 stage="disk_save"
2026-09-09T08:46:44.345201Z DEBUG transparent_shard_server::runtime: runtime stage key=("27f56c565263ecffb8c7736d4e811665d81bf4ed71c7978431fcc4f45b645ee1", Pages, 0) seconds=14.476143587 stage="build_slot"
2026-09-09T08:46:44.345261Z DEBUG transparent_shard_server::runtime: runtime stage key=("2d4497bf9e8bafc6139ee4e57114238a7ecfa0782702939922bf2a79b1fe05bf", Directory, 0) seconds=1.338e-6 stage="restore_slot"
2026-09-09T08:46:44.345451Z DEBUG transparent_shard_server::runtime: runtime stage key=("2d4497bf9e8bafc6139ee4e57114238a7ecfa0782702939922bf2a79b1fe05bf", Directory, 0) seconds=2.4464e-5 hit=false stage="disk_restore"
2026-09-09T08:46:44.464625Z DEBUG transparent_shard_server::runtime: runtime stage key=("27f56c565263ecffb8c7736d4e811665d81bf4ed71c7978431fcc4f45b645ee1", Pages, 0) seconds=0.119225377 stage="source_load"
2026-09-09T08:46:48.592285Z DEBUG transparent_shard_server::runtime: runtime stage key=("27f56c565263ecffb8c7736d4e811665d81bf4ed71c7978431fcc4f45b645ee1", Pages, 0) seconds=4.127619239 stage="runtime_build"
2026-09-09T08:46:49.318974Z DEBUG transparent_shard_server::runtime: runtime stage key=("27f56c565263ecffb8c7736d4e811665d81bf4ed71c7978431fcc4f45b645ee1", Pages, 0) seconds=0.72664793 stage="disk_save"
2026-09-09T08:46:49.319070Z DEBUG transparent_shard_server::runtime: runtime stage key=("ced665ae1f1140944bcd0c9aa2b83c1019df768df87fa513f9509106fc5b88c1", Directory, 0) seconds=14.672368467 stage="build_slot"
2026-09-09T08:46:49.319136Z DEBUG transparent_shard_server::runtime: runtime stage key=("2d4497bf9e8bafc6139ee4e57114238a7ecfa0782702939922bf2a79b1fe05bf", Pages, 0) seconds=1.044e-6 stage="restore_slot"
2026-09-09T08:46:49.319305Z DEBUG transparent_shard_server::runtime: runtime stage key=("2d4497bf9e8bafc6139ee4e57114238a7ecfa0782702939922bf2a79b1fe05bf", Pages, 0) seconds=2.9031e-5 hit=false stage="disk_restore"
2026-09-09T08:46:49.437838Z DEBUG transparent_shard_server::runtime: runtime stage key=("ced665ae1f1140944bcd0c9aa2b83c1019df768df87fa513f9509106fc5b88c1", Directory, 0) seconds=0.118591271 stage="source_load"
2026-09-09T08:46:53.462617Z DEBUG transparent_shard_server::runtime: runtime stage key=("ced665ae1f1140944bcd0c9aa2b83c1019df768df87fa513f9509106fc5b88c1", Directory, 0) seconds=4.024733344 stage="runtime_build"
2026-09-09T08:46:54.192143Z DEBUG transparent_shard_server::runtime: runtime stage key=("ced665ae1f1140944bcd0c9aa2b83c1019df768df87fa513f9509106fc5b88c1", Directory, 0) seconds=0.729477972 stage="disk_save"
2026-09-09T08:46:54.192354Z DEBUG transparent_shard_server::runtime: runtime stage key=("ced665ae1f1140944bcd0c9aa2b83c1019df768df87fa513f9509106fc5b88c1", Pages, 0) seconds=14.633928805 stage="build_slot"
2026-09-09T08:46:54.192415Z DEBUG transparent_shard_server::runtime: runtime stage key=("a4bd72b37c0aafb265c77bb09cbc402cf69b65a87a1fabc8a0f12614b35469be", Directory, 0) seconds=1.248e-6 stage="restore_slot"
2026-09-09T08:46:54.192566Z DEBUG transparent_shard_server::runtime: runtime stage key=("a4bd72b37c0aafb265c77bb09cbc402cf69b65a87a1fabc8a0f12614b35469be", Directory, 0) seconds=3.1626e-5 hit=false stage="disk_restore"
2026-09-09T08:46:54.315658Z DEBUG transparent_shard_server::runtime: runtime stage key=("ced665ae1f1140944bcd0c9aa2b83c1019df768df87fa513f9509106fc5b88c1", Pages, 0) seconds=0.123152618 stage="source_load"
2026-09-09T08:46:58.446106Z DEBUG transparent_shard_server::runtime: runtime stage key=("ced665ae1f1140944bcd0c9aa2b83c1019df768df87fa513f9509106fc5b88c1", Pages, 0) seconds=4.130395606 stage="runtime_build"
2026-09-09T08:46:59.174095Z DEBUG transparent_shard_server::runtime: runtime stage key=("ced665ae1f1140944bcd0c9aa2b83c1019df768df87fa513f9509106fc5b88c1", Pages, 0) seconds=0.727942231 stage="disk_save"
2026-09-09T08:46:59.174192Z DEBUG transparent_shard_server::runtime: runtime stage key=("2d4497bf9e8bafc6139ee4e57114238a7ecfa0782702939922bf2a79b1fe05bf", Directory, 0) seconds=14.828714153 stage="build_slot"
2026-09-09T08:46:59.174251Z DEBUG transparent_shard_server::runtime: runtime stage key=("a4bd72b37c0aafb265c77bb09cbc402cf69b65a87a1fabc8a0f12614b35469be", Pages, 0) seconds=1.064e-6 stage="restore_slot"
2026-09-09T08:46:59.174377Z DEBUG transparent_shard_server::runtime: runtime stage key=("a4bd72b37c0aafb265c77bb09cbc402cf69b65a87a1fabc8a0f12614b35469be", Pages, 0) seconds=3.7235e-5 hit=false stage="disk_restore"
2026-09-09T08:46:59.296439Z DEBUG transparent_shard_server::runtime: runtime stage key=("2d4497bf9e8bafc6139ee4e57114238a7ecfa0782702939922bf2a79b1fe05bf", Directory, 0) seconds=0.122129844 stage="source_load"
2026-09-09T08:47:03.360198Z DEBUG transparent_shard_server::runtime: runtime stage key=("2d4497bf9e8bafc6139ee4e57114238a7ecfa0782702939922bf2a79b1fe05bf", Directory, 0) seconds=4.063712575 stage="runtime_build"
2026-09-09T08:47:04.132200Z DEBUG transparent_shard_server::runtime: runtime stage key=("2d4497bf9e8bafc6139ee4e57114238a7ecfa0782702939922bf2a79b1fe05bf", Directory, 0) seconds=0.771960576 stage="disk_save"
2026-09-09T08:47:04.132332Z DEBUG transparent_shard_server::runtime: runtime stage key=("2d4497bf9e8bafc6139ee4e57114238a7ecfa0782702939922bf2a79b1fe05bf", Pages, 0) seconds=14.812984014 stage="build_slot"
2026-09-09T08:47:04.132395Z DEBUG transparent_shard_server::runtime: runtime stage key=("c907a0aa45b2551520863990845279fd25135889865e088c2dad6ea0d32b8fde", Directory, 0) seconds=1.042e-6 stage="restore_slot"
2026-09-09T08:47:04.132615Z DEBUG transparent_shard_server::runtime: runtime stage key=("c907a0aa45b2551520863990845279fd25135889865e088c2dad6ea0d32b8fde", Directory, 0) seconds=2.8444e-5 hit=false stage="disk_restore"
2026-09-09T08:47:04.253651Z DEBUG transparent_shard_server::runtime: runtime stage key=("2d4497bf9e8bafc6139ee4e57114238a7ecfa0782702939922bf2a79b1fe05bf", Pages, 0) seconds=0.121190262 stage="source_load"
2026-09-09T08:47:08.331531Z DEBUG transparent_shard_server::runtime: runtime stage key=("2d4497bf9e8bafc6139ee4e57114238a7ecfa0782702939922bf2a79b1fe05bf", Pages, 0) seconds=4.077803123 stage="runtime_build"
2026-09-09T08:47:09.064082Z DEBUG transparent_shard_server::runtime: runtime stage key=("2d4497bf9e8bafc6139ee4e57114238a7ecfa0782702939922bf2a79b1fe05bf", Pages, 0) seconds=0.732507703 stage="disk_save"
2026-09-09T08:47:09.064194Z DEBUG transparent_shard_server::runtime: runtime stage key=("a4bd72b37c0aafb265c77bb09cbc402cf69b65a87a1fabc8a0f12614b35469be", Directory, 0) seconds=14.871597687 stage="build_slot"
2026-09-09T08:47:09.064221Z DEBUG transparent_shard_server::runtime: runtime stage key=("c907a0aa45b2551520863990845279fd25135889865e088c2dad6ea0d32b8fde", Pages, 0) seconds=9.78e-7 stage="restore_slot"
2026-09-09T08:47:09.064473Z DEBUG transparent_shard_server::runtime: runtime stage key=("c907a0aa45b2551520863990845279fd25135889865e088c2dad6ea0d32b8fde", Pages, 0) seconds=0.000135211 hit=false stage="disk_restore"
2026-09-09T08:47:09.200054Z DEBUG transparent_shard_server::runtime: runtime stage key=("a4bd72b37c0aafb265c77bb09cbc402cf69b65a87a1fabc8a0f12614b35469be", Directory, 0) seconds=0.135691792 stage="source_load"
2026-09-09T08:47:13.374666Z DEBUG transparent_shard_server::runtime: runtime stage key=("a4bd72b37c0aafb265c77bb09cbc402cf69b65a87a1fabc8a0f12614b35469be", Directory, 0) seconds=4.174568673 stage="runtime_build"
2026-09-09T08:47:14.110019Z DEBUG transparent_shard_server::runtime: runtime stage key=("a4bd72b37c0aafb265c77bb09cbc402cf69b65a87a1fabc8a0f12614b35469be", Directory, 0) seconds=0.735311402 stage="disk_save"
2026-09-09T08:47:14.110114Z DEBUG transparent_shard_server::runtime: runtime stage key=("a4bd72b37c0aafb265c77bb09cbc402cf69b65a87a1fabc8a0f12614b35469be", Pages, 0) seconds=14.935704394 stage="build_slot"
2026-09-09T08:47:14.110191Z DEBUG transparent_shard_server::runtime: runtime stage key=("67574e8d4c7f7c258f8c7488f73e80a9476f8074c3db3540325133ff25020c2b", Directory, 0) seconds=1.45e-6 stage="restore_slot"
2026-09-09T08:47:14.110389Z DEBUG transparent_shard_server::runtime: runtime stage key=("67574e8d4c7f7c258f8c7488f73e80a9476f8074c3db3540325133ff25020c2b", Directory, 0) seconds=2.9004e-5 hit=false stage="disk_restore"
2026-09-09T08:47:14.231622Z DEBUG transparent_shard_server::runtime: runtime stage key=("a4bd72b37c0aafb265c77bb09cbc402cf69b65a87a1fabc8a0f12614b35469be", Pages, 0) seconds=0.121195808 stage="source_load"
2026-09-09T08:47:18.348976Z DEBUG transparent_shard_server::runtime: runtime stage key=("a4bd72b37c0aafb265c77bb09cbc402cf69b65a87a1fabc8a0f12614b35469be", Pages, 0) seconds=4.11731171 stage="runtime_build"
2026-09-09T08:47:19.097150Z DEBUG transparent_shard_server::runtime: runtime stage key=("a4bd72b37c0aafb265c77bb09cbc402cf69b65a87a1fabc8a0f12614b35469be", Pages, 0) seconds=0.74812648 stage="disk_save"
2026-09-09T08:47:19.097235Z DEBUG transparent_shard_server::runtime: runtime stage key=("c907a0aa45b2551520863990845279fd25135889865e088c2dad6ea0d32b8fde", Directory, 0) seconds=14.964550503 stage="build_slot"
2026-09-09T08:47:19.097350Z DEBUG transparent_shard_server::runtime: runtime stage key=("67574e8d4c7f7c258f8c7488f73e80a9476f8074c3db3540325133ff25020c2b", Pages, 0) seconds=5.71e-7 stage="restore_slot"
2026-09-09T08:47:19.097536Z DEBUG transparent_shard_server::runtime: runtime stage key=("67574e8d4c7f7c258f8c7488f73e80a9476f8074c3db3540325133ff25020c2b", Pages, 0) seconds=4.6928e-5 hit=false stage="disk_restore"
2026-09-09T08:47:19.216877Z DEBUG transparent_shard_server::runtime: runtime stage key=("c907a0aa45b2551520863990845279fd25135889865e088c2dad6ea0d32b8fde", Directory, 0) seconds=0.119413355 stage="source_load"
2026-09-09T08:47:23.221185Z DEBUG transparent_shard_server::runtime: runtime stage key=("c907a0aa45b2551520863990845279fd25135889865e088c2dad6ea0d32b8fde", Directory, 0) seconds=4.004259391 stage="runtime_build"
2026-09-09T08:47:23.944903Z DEBUG transparent_shard_server::runtime: runtime stage key=("c907a0aa45b2551520863990845279fd25135889865e088c2dad6ea0d32b8fde", Directory, 0) seconds=0.723671103 stage="disk_save"
2026-09-09T08:47:23.945056Z DEBUG transparent_shard_server::runtime: runtime stage key=("c907a0aa45b2551520863990845279fd25135889865e088c2dad6ea0d32b8fde", Pages, 0) seconds=14.879815949 stage="build_slot"
2026-09-09T08:47:24.063909Z DEBUG transparent_shard_server::runtime: runtime stage key=("c907a0aa45b2551520863990845279fd25135889865e088c2dad6ea0d32b8fde", Pages, 0) seconds=0.118719033 stage="source_load"
2026-09-09T08:47:28.087603Z DEBUG transparent_shard_server::runtime: runtime stage key=("c907a0aa45b2551520863990845279fd25135889865e088c2dad6ea0d32b8fde", Pages, 0) seconds=4.0236503 stage="runtime_build"
2026-09-09T08:47:28.820007Z DEBUG transparent_shard_server::runtime: runtime stage key=("c907a0aa45b2551520863990845279fd25135889865e088c2dad6ea0d32b8fde", Pages, 0) seconds=0.732361341 stage="disk_save"
2026-09-09T08:47:28.820101Z DEBUG transparent_shard_server::runtime: runtime stage key=("67574e8d4c7f7c258f8c7488f73e80a9476f8074c3db3540325133ff25020c2b", Directory, 0) seconds=14.709686568 stage="build_slot"
2026-09-09T08:47:28.937101Z DEBUG transparent_shard_server::runtime: runtime stage key=("67574e8d4c7f7c258f8c7488f73e80a9476f8074c3db3540325133ff25020c2b", Directory, 0) seconds=0.116855885 stage="source_load"
2026-09-09T08:47:32.935317Z DEBUG transparent_shard_server::runtime: runtime stage key=("67574e8d4c7f7c258f8c7488f73e80a9476f8074c3db3540325133ff25020c2b", Directory, 0) seconds=3.998176301 stage="runtime_build"
2026-09-09T08:47:33.635853Z DEBUG transparent_shard_server::runtime: runtime stage key=("67574e8d4c7f7c258f8c7488f73e80a9476f8074c3db3540325133ff25020c2b", Directory, 0) seconds=0.700492729 stage="disk_save"
2026-09-09T08:47:33.635947Z DEBUG transparent_shard_server::runtime: runtime stage key=("67574e8d4c7f7c258f8c7488f73e80a9476f8074c3db3540325133ff25020c2b", Pages, 0) seconds=14.538370208 stage="build_slot"
2026-09-09T08:47:33.756889Z DEBUG transparent_shard_server::runtime: runtime stage key=("67574e8d4c7f7c258f8c7488f73e80a9476f8074c3db3540325133ff25020c2b", Pages, 0) seconds=0.120836993 stage="source_load"
2026-09-09T08:47:37.801700Z DEBUG transparent_shard_server::runtime: runtime stage key=("67574e8d4c7f7c258f8c7488f73e80a9476f8074c3db3540325133ff25020c2b", Pages, 0) seconds=4.044750486 stage="runtime_build"
2026-09-09T08:47:38.505794Z DEBUG transparent_shard_server::runtime: runtime stage key=("67574e8d4c7f7c258f8c7488f73e80a9476f8074c3db3540325133ff25020c2b", Pages, 0) seconds=0.704050628 stage="disk_save"
2026-09-09T08:47:38.505866Z  INFO transparent_shard_server::service: prewarm finished warm=28 target=28 failed=0 seconds=137.322277465
2026-09-09T08:47:38.937533Z  INFO transparent_shard_server::runtime: retired runtime memory reclaimed rss_before=5164351488 rss_after=4351229952
2026-09-09T08:47:39.479629Z DEBUG transparent_shard_server::runtime: runtime stage key=("be059aab39ac34125e0452548d6fbcfb1e7cdb7237a597bd59ee86011ed4882b", Pages, 0) seconds=1.349e-6 stage="restore_slot"
2026-09-09T08:47:39.479629Z DEBUG transparent_shard_server::runtime: runtime stage key=("be059aab39ac34125e0452548d6fbcfb1e7cdb7237a597bd59ee86011ed4882b", Directory, 0) seconds=1.963e-6 stage="restore_slot"
2026-09-09T08:47:39.479825Z DEBUG transparent_shard_server::runtime: runtime stage key=("be059aab39ac34125e0452548d6fbcfb1e7cdb7237a597bd59ee86011ed4882b", Directory, 0) seconds=2.7777e-5 hit=false stage="disk_restore"
2026-09-09T08:47:39.479846Z DEBUG transparent_shard_server::runtime: runtime stage key=("be059aab39ac34125e0452548d6fbcfb1e7cdb7237a597bd59ee86011ed4882b", Directory, 0) seconds=3.4e-7 stage="build_slot"
2026-09-09T08:47:39.479824Z DEBUG transparent_shard_server::runtime: runtime stage key=("be059aab39ac34125e0452548d6fbcfb1e7cdb7237a597bd59ee86011ed4882b", Pages, 0) seconds=4.2568e-5 hit=false stage="disk_restore"
2026-09-09T08:47:39.610805Z DEBUG transparent_shard_server::runtime: runtime stage key=("be059aab39ac34125e0452548d6fbcfb1e7cdb7237a597bd59ee86011ed4882b", Directory, 0) seconds=0.130908539 stage="source_load"
2026-09-09T08:47:43.809832Z DEBUG transparent_shard_server::runtime: runtime stage key=("be059aab39ac34125e0452548d6fbcfb1e7cdb7237a597bd59ee86011ed4882b", Directory, 0) seconds=4.198971689 stage="runtime_build"
2026-09-09T08:47:44.539907Z DEBUG transparent_shard_server::runtime: runtime stage key=("be059aab39ac34125e0452548d6fbcfb1e7cdb7237a597bd59ee86011ed4882b", Directory, 0) seconds=0.730030105 stage="disk_save"
2026-09-09T08:47:44.539992Z DEBUG transparent_shard_server::runtime: runtime stage key=("be059aab39ac34125e0452548d6fbcfb1e7cdb7237a597bd59ee86011ed4882b", Pages, 0) seconds=5.060111169 stage="build_slot"
2026-09-09T08:47:44.677302Z DEBUG transparent_shard_server::runtime: runtime stage key=("be059aab39ac34125e0452548d6fbcfb1e7cdb7237a597bd59ee86011ed4882b", Pages, 0) seconds=0.137202284 stage="source_load"
2026-09-09T08:47:45.006517Z DEBUG transparent_shard_server::memory: work memory admission denied current=5779087360 limit=7516192768 held=805306368 requested=268435456
2026-09-09T08:47:45.219179Z DEBUG transparent_shard_server::memory: work memory admission denied current=5779083264 limit=7516192768 held=805306368 requested=268435456
2026-09-09T08:47:45.425792Z DEBUG transparent_shard_server::memory: work memory admission denied current=5779087360 limit=7516192768 held=805306368 requested=268435456
2026-09-09T08:47:46.461215Z DEBUG transparent_shard_server::memory: work memory admission denied current=5905502208 limit=7516192768 held=805306368 requested=268435456
2026-09-09T08:47:46.668046Z DEBUG transparent_shard_server::memory: work memory admission denied current=5905092608 limit=7516192768 held=805306368 requested=268435456
2026-09-09T08:47:48.170715Z DEBUG transparent_shard_server::memory: work memory admission denied current=5905412096 limit=7516192768 held=805306368 requested=268435456
2026-09-09T08:47:48.981270Z DEBUG transparent_shard_server::runtime: runtime stage key=("be059aab39ac34125e0452548d6fbcfb1e7cdb7237a597bd59ee86011ed4882b", Pages, 0) seconds=4.303922509 stage="runtime_build"
2026-09-09T08:47:49.704499Z DEBUG transparent_shard_server::runtime: runtime stage key=("be059aab39ac34125e0452548d6fbcfb1e7cdb7237a597bd59ee86011ed4882b", Pages, 0) seconds=0.723171173 stage="disk_save"
2026-09-09T08:47:49.705687Z  INFO transparent_shard_server::service: prewarm finished warm=28 target=28 failed=0 seconds=10.226102616
2026-09-09T08:47:49.705759Z DEBUG transparent_shard_server::live: publication preparation stages map=32426d9e9300c44558210d8540b636402af2b3c322627f9e9f26e0082b489725 loading_seconds=0.584020145 warming_seconds=10.226205126
2026-09-09T08:47:49.753430Z  INFO transparent_shard_server::runtime: retired runtime memory reclaimed rss_before=5185150976 rss_after=4419043328
2026-09-09T08:47:49.789856Z DEBUG transparent_shard_server::runtime: runtime stage key=("5b7ee9849d47f5ee67d04eb6ca4588beacf42dce75e5a1b481dfd02607b1fb20", Pages, 0) seconds=1.046e-6 stage="restore_slot"
2026-09-09T08:47:50.300275Z DEBUG transparent_shard_server::runtime: runtime stage key=("268f5c527d35817d37919707b04a706c850d449156baa071b5438dbf8eb53aec", Directory, 0) seconds=1.993e-6 stage="restore_slot"
2026-09-09T08:47:50.300295Z DEBUG transparent_shard_server::runtime: runtime stage key=("268f5c527d35817d37919707b04a706c850d449156baa071b5438dbf8eb53aec", Pages, 0) seconds=1.441e-6 stage="restore_slot"
2026-09-09T08:47:50.300451Z DEBUG transparent_shard_server::runtime: runtime stage key=("268f5c527d35817d37919707b04a706c850d449156baa071b5438dbf8eb53aec", Directory, 0) seconds=4.7163e-5 hit=false stage="disk_restore"
2026-09-09T08:47:50.300491Z DEBUG transparent_shard_server::runtime: runtime stage key=("268f5c527d35817d37919707b04a706c850d449156baa071b5438dbf8eb53aec", Directory, 0) seconds=4.75e-7 stage="build_slot"
2026-09-09T08:47:50.300503Z DEBUG transparent_shard_server::runtime: runtime stage key=("268f5c527d35817d37919707b04a706c850d449156baa071b5438dbf8eb53aec", Pages, 0) seconds=3.3439e-5 hit=false stage="disk_restore"
2026-09-09T08:47:50.446393Z DEBUG transparent_shard_server::runtime: runtime stage key=("268f5c527d35817d37919707b04a706c850d449156baa071b5438dbf8eb53aec", Directory, 0) seconds=0.145849108 stage="source_load"
2026-09-09T08:47:50.695313Z DEBUG transparent_shard_server::runtime: runtime stage key=("5b7ee9849d47f5ee67d04eb6ca4588beacf42dce75e5a1b481dfd02607b1fb20", Pages, 0) seconds=0.905313448 hit=true stage="disk_restore"
2026-09-09T08:47:50.815473Z DEBUG transparent_shard_server::runtime: runtime stage key=("5b7ee9849d47f5ee67d04eb6ca4588beacf42dce75e5a1b481dfd02607b1fb20", Pages, 0) seconds=0.120119711 stage="source_verify"
2026-09-09T08:47:50.815510Z  INFO transparent_shard_server::runtime: restored runtime cache seconds=1.025512954
2026-09-09T08:47:52.374781Z DEBUG transparent_shard_server::memory: work memory admission denied current=5692022784 limit=7516192768 held=805306368 requested=268435456
2026-09-09T08:47:54.273538Z DEBUG transparent_shard_server::memory: work memory admission denied current=5847523328 limit=7516192768 held=805306368 requested=268435456
2026-09-09T08:47:54.696223Z DEBUG transparent_shard_server::runtime: runtime stage key=("268f5c527d35817d37919707b04a706c850d449156baa071b5438dbf8eb53aec", Directory, 0) seconds=4.249776757 stage="runtime_build"
2026-09-09T08:47:55.393675Z DEBUG transparent_shard_server::runtime: runtime stage key=("268f5c527d35817d37919707b04a706c850d449156baa071b5438dbf8eb53aec", Directory, 0) seconds=0.697416386 stage="disk_save"
2026-09-09T08:47:55.393748Z DEBUG transparent_shard_server::runtime: runtime stage key=("268f5c527d35817d37919707b04a706c850d449156baa071b5438dbf8eb53aec", Pages, 0) seconds=5.093225604 stage="build_slot"
2026-09-09T08:47:55.535160Z DEBUG transparent_shard_server::runtime: runtime stage key=("268f5c527d35817d37919707b04a706c850d449156baa071b5438dbf8eb53aec", Pages, 0) seconds=0.141292126 stage="source_load"
2026-09-09T08:47:56.008468Z DEBUG transparent_shard_server::memory: work memory admission denied current=5905235968 limit=7516192768 held=805306368 requested=268435456
2026-09-09T08:47:56.212661Z DEBUG transparent_shard_server::memory: work memory admission denied current=5905235968 limit=7516192768 held=805306368 requested=268435456
2026-09-09T08:47:56.423129Z DEBUG transparent_shard_server::memory: work memory admission denied current=5905235968 limit=7516192768 held=805306368 requested=268435456
2026-09-09T08:47:57.291483Z DEBUG transparent_shard_server::memory: work memory admission denied current=5905252352 limit=7516192768 held=805306368 requested=268435456
2026-09-09T08:47:57.500468Z DEBUG transparent_shard_server::memory: work memory admission denied current=5905227776 limit=7516192768 held=805306368 requested=268435456
2026-09-09T08:47:59.819554Z DEBUG transparent_shard_server::runtime: runtime stage key=("268f5c527d35817d37919707b04a706c850d449156baa071b5438dbf8eb53aec", Pages, 0) seconds=4.284339109 stage="runtime_build"
2026-09-09T08:48:00.540872Z DEBUG transparent_shard_server::runtime: runtime stage key=("268f5c527d35817d37919707b04a706c850d449156baa071b5438dbf8eb53aec", Pages, 0) seconds=0.721279543 stage="disk_save"
2026-09-09T08:48:00.541199Z  INFO transparent_shard_server::service: prewarm finished warm=28 target=28 failed=0 seconds=10.240966608
2026-09-09T08:48:00.541248Z DEBUG transparent_shard_server::live: publication preparation stages map=12cbb58695cd66166197842d179b61598c15effb06ad32efcd899a13e36e7b10 loading_seconds=0.593056688 warming_seconds=10.241040042
test burst::publication_burst_under_exact_load ... ok

test result: ok. 1 passed; 0 failed; 0 ignored; 0 measured; 14 filtered out; finished in 164.79s

Finished with result: success
Main processes terminated with: code=exited/status=0
Service runtime: 2min 44.842s
CPU time consumed: 4min 6.075s
Memory peak: 512.0K
Memory swap peak: 0B
