Running as unit: transparent-full-burst-cb9d8a53a91a479d981a93cfe901f45b.service; invocation ID: 9f85b0e0e81d477e8cf1cdabc89402ce

running 1 test
2026-09-09T08:38:26.679327Z DEBUG transparent_shard_server::runtime: runtime stage key=("5b7ee9849d47f5ee67d04eb6ca4588beacf42dce75e5a1b481dfd02607b1fb20", Directory, 0) seconds=4.594e-6 stage="restore_slot"
2026-09-09T08:38:26.679340Z DEBUG transparent_shard_server::runtime: runtime stage key=("5b7ee9849d47f5ee67d04eb6ca4588beacf42dce75e5a1b481dfd02607b1fb20", Pages, 0) seconds=1.098e-6 stage="restore_slot"
2026-09-09T08:38:26.679569Z DEBUG transparent_shard_server::runtime: runtime stage key=("1f5d7213a380745d83cc554ad16bdf9e039a0304d0de0b71376828e1838d0ea4", Directory, 0) seconds=4.4e-7 stage="restore_slot"
2026-09-09T08:38:26.679636Z DEBUG transparent_shard_server::runtime: runtime stage key=("1f5d7213a380745d83cc554ad16bdf9e039a0304d0de0b71376828e1838d0ea4", Pages, 0) seconds=2.19e-7 stage="restore_slot"
2026-09-09T08:38:26.679700Z DEBUG transparent_shard_server::runtime: runtime stage key=("5b7ee9849d47f5ee67d04eb6ca4588beacf42dce75e5a1b481dfd02607b1fb20", Directory, 0) seconds=4.3241e-5 hit=false stage="disk_restore"
2026-09-09T08:38:26.679739Z DEBUG transparent_shard_server::runtime: runtime stage key=("5b7ee9849d47f5ee67d04eb6ca4588beacf42dce75e5a1b481dfd02607b1fb20", Directory, 0) seconds=1.064e-6 stage="build_slot"
2026-09-09T08:38:26.679925Z DEBUG transparent_shard_server::runtime: runtime stage key=("5b7ee9849d47f5ee67d04eb6ca4588beacf42dce75e5a1b481dfd02607b1fb20", Pages, 0) seconds=1.7515e-5 hit=false stage="disk_restore"
2026-09-09T08:38:26.679952Z DEBUG transparent_shard_server::runtime: runtime stage key=("1f5d7213a380745d83cc554ad16bdf9e039a0304d0de0b71376828e1838d0ea4", Directory, 0) seconds=9.506e-6 hit=false stage="disk_restore"
2026-09-09T08:38:26.679970Z DEBUG transparent_shard_server::runtime: runtime stage key=("1f5d7213a380745d83cc554ad16bdf9e039a0304d0de0b71376828e1838d0ea4", Pages, 0) seconds=3.1035e-5 hit=false stage="disk_restore"
2026-09-09T08:38:26.811771Z DEBUG transparent_shard_server::runtime: runtime stage key=("5b7ee9849d47f5ee67d04eb6ca4588beacf42dce75e5a1b481dfd02607b1fb20", Directory, 0) seconds=0.131796745 stage="source_load"
2026-09-09T08:38:30.926177Z DEBUG transparent_shard_server::runtime: runtime stage key=("5b7ee9849d47f5ee67d04eb6ca4588beacf42dce75e5a1b481dfd02607b1fb20", Directory, 0) seconds=4.114353375 stage="runtime_build"
2026-09-09T08:38:31.647270Z DEBUG transparent_shard_server::runtime: runtime stage key=("5b7ee9849d47f5ee67d04eb6ca4588beacf42dce75e5a1b481dfd02607b1fb20", Directory, 0) seconds=0.719791594 stage="disk_save"
2026-09-09T08:38:31.647366Z DEBUG transparent_shard_server::runtime: runtime stage key=("5b7ee9849d47f5ee67d04eb6ca4588beacf42dce75e5a1b481dfd02607b1fb20", Pages, 0) seconds=4.967415998 stage="build_slot"
2026-09-09T08:38:31.647389Z DEBUG transparent_shard_server::runtime: runtime stage key=("ca7afe810c988a8b4b561668f3456a9f38d1fdbb0776614e07ddfeb1a2132000", Directory, 0) seconds=9.32e-7 stage="restore_slot"
2026-09-09T08:38:31.648338Z DEBUG transparent_shard_server::runtime: runtime stage key=("ca7afe810c988a8b4b561668f3456a9f38d1fdbb0776614e07ddfeb1a2132000", Directory, 0) seconds=4.1814e-5 hit=false stage="disk_restore"
2026-09-09T08:38:31.777312Z DEBUG transparent_shard_server::runtime: runtime stage key=("5b7ee9849d47f5ee67d04eb6ca4588beacf42dce75e5a1b481dfd02607b1fb20", Pages, 0) seconds=0.129836978 stage="source_load"
2026-09-09T08:38:35.866170Z DEBUG transparent_shard_server::runtime: runtime stage key=("5b7ee9849d47f5ee67d04eb6ca4588beacf42dce75e5a1b481dfd02607b1fb20", Pages, 0) seconds=4.088803727 stage="runtime_build"
2026-09-09T08:38:36.591516Z DEBUG transparent_shard_server::runtime: runtime stage key=("5b7ee9849d47f5ee67d04eb6ca4588beacf42dce75e5a1b481dfd02607b1fb20", Pages, 0) seconds=0.725303311 stage="disk_save"
2026-09-09T08:38:36.591617Z DEBUG transparent_shard_server::runtime: runtime stage key=("1f5d7213a380745d83cc554ad16bdf9e039a0304d0de0b71376828e1838d0ea4", Directory, 0) seconds=9.911631528000001 stage="build_slot"
2026-09-09T08:38:36.591669Z DEBUG transparent_shard_server::runtime: runtime stage key=("ca7afe810c988a8b4b561668f3456a9f38d1fdbb0776614e07ddfeb1a2132000", Pages, 0) seconds=1.261e-6 stage="restore_slot"
2026-09-09T08:38:36.591816Z DEBUG transparent_shard_server::runtime: runtime stage key=("ca7afe810c988a8b4b561668f3456a9f38d1fdbb0776614e07ddfeb1a2132000", Pages, 0) seconds=2.9717e-5 hit=false stage="disk_restore"
2026-09-09T08:38:36.723141Z DEBUG transparent_shard_server::runtime: runtime stage key=("1f5d7213a380745d83cc554ad16bdf9e039a0304d0de0b71376828e1838d0ea4", Directory, 0) seconds=0.131377274 stage="source_load"
2026-09-09T08:38:40.882821Z DEBUG transparent_shard_server::runtime: runtime stage key=("1f5d7213a380745d83cc554ad16bdf9e039a0304d0de0b71376828e1838d0ea4", Directory, 0) seconds=4.159631452 stage="runtime_build"
2026-09-09T08:38:41.588821Z DEBUG transparent_shard_server::runtime: runtime stage key=("1f5d7213a380745d83cc554ad16bdf9e039a0304d0de0b71376828e1838d0ea4", Directory, 0) seconds=0.705953941 stage="disk_save"
2026-09-09T08:38:41.588953Z DEBUG transparent_shard_server::runtime: runtime stage key=("95df7205357fe2d9c962d2b41daded841e05afa7b6fc8d06dfec46ad04e15335", Directory, 0) seconds=1.8824e-5 stage="restore_slot"
2026-09-09T08:38:41.589060Z DEBUG transparent_shard_server::runtime: runtime stage key=("1f5d7213a380745d83cc554ad16bdf9e039a0304d0de0b71376828e1838d0ea4", Pages, 0) seconds=14.905872945 stage="build_slot"
2026-09-09T08:38:41.589122Z DEBUG transparent_shard_server::runtime: runtime stage key=("95df7205357fe2d9c962d2b41daded841e05afa7b6fc8d06dfec46ad04e15335", Directory, 0) seconds=2.622e-5 hit=false stage="disk_restore"
2026-09-09T08:38:41.710203Z DEBUG transparent_shard_server::runtime: runtime stage key=("1f5d7213a380745d83cc554ad16bdf9e039a0304d0de0b71376828e1838d0ea4", Pages, 0) seconds=0.120964136 stage="source_load"
2026-09-09T08:38:45.772377Z DEBUG transparent_shard_server::runtime: runtime stage key=("1f5d7213a380745d83cc554ad16bdf9e039a0304d0de0b71376828e1838d0ea4", Pages, 0) seconds=4.062125858 stage="runtime_build"
2026-09-09T08:38:46.482812Z DEBUG transparent_shard_server::runtime: runtime stage key=("1f5d7213a380745d83cc554ad16bdf9e039a0304d0de0b71376828e1838d0ea4", Pages, 0) seconds=0.71038232 stage="disk_save"
2026-09-09T08:38:46.482937Z DEBUG transparent_shard_server::runtime: runtime stage key=("95df7205357fe2d9c962d2b41daded841e05afa7b6fc8d06dfec46ad04e15335", Pages, 0) seconds=1.369e-6 stage="restore_slot"
2026-09-09T08:38:46.483049Z DEBUG transparent_shard_server::runtime: runtime stage key=("ca7afe810c988a8b4b561668f3456a9f38d1fdbb0776614e07ddfeb1a2132000", Directory, 0) seconds=14.834679245 stage="build_slot"
2026-09-09T08:38:46.483092Z DEBUG transparent_shard_server::runtime: runtime stage key=("95df7205357fe2d9c962d2b41daded841e05afa7b6fc8d06dfec46ad04e15335", Pages, 0) seconds=3.9313e-5 hit=false stage="disk_restore"
2026-09-09T08:38:46.604185Z DEBUG transparent_shard_server::runtime: runtime stage key=("ca7afe810c988a8b4b561668f3456a9f38d1fdbb0776614e07ddfeb1a2132000", Directory, 0) seconds=0.121058475 stage="source_load"
2026-09-09T08:38:50.639440Z DEBUG transparent_shard_server::runtime: runtime stage key=("ca7afe810c988a8b4b561668f3456a9f38d1fdbb0776614e07ddfeb1a2132000", Directory, 0) seconds=4.035206234 stage="runtime_build"
2026-09-09T08:38:51.351743Z DEBUG transparent_shard_server::runtime: runtime stage key=("ca7afe810c988a8b4b561668f3456a9f38d1fdbb0776614e07ddfeb1a2132000", Directory, 0) seconds=0.712258034 stage="disk_save"
2026-09-09T08:38:51.351947Z DEBUG transparent_shard_server::runtime: runtime stage key=("73d46a59d0d03d7616f9a47e53b50448d4c5a3504e6e296600d8884c8c4403b8", Directory, 0) seconds=1.47e-6 stage="restore_slot"
2026-09-09T08:38:51.352095Z DEBUG transparent_shard_server::runtime: runtime stage key=("ca7afe810c988a8b4b561668f3456a9f38d1fdbb0776614e07ddfeb1a2132000", Pages, 0) seconds=14.760247405 stage="build_slot"
2026-09-09T08:38:51.352162Z DEBUG transparent_shard_server::runtime: runtime stage key=("73d46a59d0d03d7616f9a47e53b50448d4c5a3504e6e296600d8884c8c4403b8", Directory, 0) seconds=2.6912e-5 hit=false stage="disk_restore"
2026-09-09T08:38:51.471724Z DEBUG transparent_shard_server::runtime: runtime stage key=("ca7afe810c988a8b4b561668f3456a9f38d1fdbb0776614e07ddfeb1a2132000", Pages, 0) seconds=0.119459828 stage="source_load"
2026-09-09T08:38:55.478079Z DEBUG transparent_shard_server::runtime: runtime stage key=("ca7afe810c988a8b4b561668f3456a9f38d1fdbb0776614e07ddfeb1a2132000", Pages, 0) seconds=4.006310278 stage="runtime_build"
2026-09-09T08:38:56.202893Z DEBUG transparent_shard_server::runtime: runtime stage key=("ca7afe810c988a8b4b561668f3456a9f38d1fdbb0776614e07ddfeb1a2132000", Pages, 0) seconds=0.724766357 stage="disk_save"
2026-09-09T08:38:56.203001Z DEBUG transparent_shard_server::runtime: runtime stage key=("95df7205357fe2d9c962d2b41daded841e05afa7b6fc8d06dfec46ad04e15335", Directory, 0) seconds=14.613857497 stage="build_slot"
2026-09-09T08:38:56.203050Z DEBUG transparent_shard_server::runtime: runtime stage key=("73d46a59d0d03d7616f9a47e53b50448d4c5a3504e6e296600d8884c8c4403b8", Pages, 0) seconds=1.078e-6 stage="restore_slot"
2026-09-09T08:38:56.203216Z DEBUG transparent_shard_server::runtime: runtime stage key=("73d46a59d0d03d7616f9a47e53b50448d4c5a3504e6e296600d8884c8c4403b8", Pages, 0) seconds=3.1943e-5 hit=false stage="disk_restore"
2026-09-09T08:38:56.325802Z DEBUG transparent_shard_server::runtime: runtime stage key=("95df7205357fe2d9c962d2b41daded841e05afa7b6fc8d06dfec46ad04e15335", Directory, 0) seconds=0.122646011 stage="source_load"
2026-09-09T08:39:00.383076Z DEBUG transparent_shard_server::runtime: runtime stage key=("95df7205357fe2d9c962d2b41daded841e05afa7b6fc8d06dfec46ad04e15335", Directory, 0) seconds=4.057226271 stage="runtime_build"
2026-09-09T08:39:01.115229Z DEBUG transparent_shard_server::runtime: runtime stage key=("95df7205357fe2d9c962d2b41daded841e05afa7b6fc8d06dfec46ad04e15335", Directory, 0) seconds=0.732104336 stage="disk_save"
2026-09-09T08:39:01.115325Z DEBUG transparent_shard_server::runtime: runtime stage key=("95df7205357fe2d9c962d2b41daded841e05afa7b6fc8d06dfec46ad04e15335", Pages, 0) seconds=14.632185468 stage="build_slot"
2026-09-09T08:39:01.115377Z DEBUG transparent_shard_server::runtime: runtime stage key=("b16be2933ab920bc4745ea8917e5167a7a685c211e0b4febe88b4d3018f970bc", Directory, 0) seconds=1.085e-6 stage="restore_slot"
2026-09-09T08:39:01.115552Z DEBUG transparent_shard_server::runtime: runtime stage key=("b16be2933ab920bc4745ea8917e5167a7a685c211e0b4febe88b4d3018f970bc", Directory, 0) seconds=6.1382e-5 hit=false stage="disk_restore"
2026-09-09T08:39:01.247864Z DEBUG transparent_shard_server::runtime: runtime stage key=("95df7205357fe2d9c962d2b41daded841e05afa7b6fc8d06dfec46ad04e15335", Pages, 0) seconds=0.132413638 stage="source_load"
2026-09-09T08:39:05.430606Z DEBUG transparent_shard_server::runtime: runtime stage key=("95df7205357fe2d9c962d2b41daded841e05afa7b6fc8d06dfec46ad04e15335", Pages, 0) seconds=4.182678863 stage="runtime_build"
2026-09-09T08:39:06.153773Z DEBUG transparent_shard_server::runtime: runtime stage key=("95df7205357fe2d9c962d2b41daded841e05afa7b6fc8d06dfec46ad04e15335", Pages, 0) seconds=0.723118907 stage="disk_save"
2026-09-09T08:39:06.153872Z DEBUG transparent_shard_server::runtime: runtime stage key=("73d46a59d0d03d7616f9a47e53b50448d4c5a3504e6e296600d8884c8c4403b8", Directory, 0) seconds=14.801652083 stage="build_slot"
2026-09-09T08:39:06.153914Z DEBUG transparent_shard_server::runtime: runtime stage key=("b16be2933ab920bc4745ea8917e5167a7a685c211e0b4febe88b4d3018f970bc", Pages, 0) seconds=1.024e-6 stage="restore_slot"
2026-09-09T08:39:06.157494Z DEBUG transparent_shard_server::runtime: runtime stage key=("b16be2933ab920bc4745ea8917e5167a7a685c211e0b4febe88b4d3018f970bc", Pages, 0) seconds=5.8147e-5 hit=false stage="disk_restore"
2026-09-09T08:39:06.275701Z DEBUG transparent_shard_server::runtime: runtime stage key=("73d46a59d0d03d7616f9a47e53b50448d4c5a3504e6e296600d8884c8c4403b8", Directory, 0) seconds=0.12169812 stage="source_load"
2026-09-09T08:39:10.291361Z DEBUG transparent_shard_server::runtime: runtime stage key=("73d46a59d0d03d7616f9a47e53b50448d4c5a3504e6e296600d8884c8c4403b8", Directory, 0) seconds=4.01557496 stage="runtime_build"
2026-09-09T08:39:11.005252Z DEBUG transparent_shard_server::runtime: runtime stage key=("73d46a59d0d03d7616f9a47e53b50448d4c5a3504e6e296600d8884c8c4403b8", Directory, 0) seconds=0.713847226 stage="disk_save"
2026-09-09T08:39:11.005308Z DEBUG transparent_shard_server::runtime: runtime stage key=("73d46a59d0d03d7616f9a47e53b50448d4c5a3504e6e296600d8884c8c4403b8", Pages, 0) seconds=14.802069179 stage="build_slot"
2026-09-09T08:39:11.005416Z DEBUG transparent_shard_server::runtime: runtime stage key=("16b8227360ce35dd2e111156f5e31fd5eb500ff877879a212fef6cf8471de8a5", Directory, 0) seconds=9.12e-7 stage="restore_slot"
2026-09-09T08:39:11.005494Z DEBUG transparent_shard_server::runtime: runtime stage key=("16b8227360ce35dd2e111156f5e31fd5eb500ff877879a212fef6cf8471de8a5", Directory, 0) seconds=3.6109e-5 hit=false stage="disk_restore"
2026-09-09T08:39:11.126991Z DEBUG transparent_shard_server::runtime: runtime stage key=("73d46a59d0d03d7616f9a47e53b50448d4c5a3504e6e296600d8884c8c4403b8", Pages, 0) seconds=0.121553979 stage="source_load"
2026-09-09T08:39:15.195879Z DEBUG transparent_shard_server::runtime: runtime stage key=("73d46a59d0d03d7616f9a47e53b50448d4c5a3504e6e296600d8884c8c4403b8", Pages, 0) seconds=4.068842122 stage="runtime_build"
2026-09-09T08:39:15.929020Z DEBUG transparent_shard_server::runtime: runtime stage key=("73d46a59d0d03d7616f9a47e53b50448d4c5a3504e6e296600d8884c8c4403b8", Pages, 0) seconds=0.733091451 stage="disk_save"
2026-09-09T08:39:15.929149Z DEBUG transparent_shard_server::runtime: runtime stage key=("16b8227360ce35dd2e111156f5e31fd5eb500ff877879a212fef6cf8471de8a5", Pages, 0) seconds=1.664e-6 stage="restore_slot"
2026-09-09T08:39:15.929280Z DEBUG transparent_shard_server::runtime: runtime stage key=("b16be2933ab920bc4745ea8917e5167a7a685c211e0b4febe88b4d3018f970bc", Directory, 0) seconds=14.813686839 stage="build_slot"
2026-09-09T08:39:15.929334Z DEBUG transparent_shard_server::runtime: runtime stage key=("16b8227360ce35dd2e111156f5e31fd5eb500ff877879a212fef6cf8471de8a5", Pages, 0) seconds=4.105e-5 hit=false stage="disk_restore"
2026-09-09T08:39:16.052805Z DEBUG transparent_shard_server::runtime: runtime stage key=("b16be2933ab920bc4745ea8917e5167a7a685c211e0b4febe88b4d3018f970bc", Directory, 0) seconds=0.123446919 stage="source_load"
2026-09-09T08:39:20.082537Z DEBUG transparent_shard_server::runtime: runtime stage key=("b16be2933ab920bc4745ea8917e5167a7a685c211e0b4febe88b4d3018f970bc", Directory, 0) seconds=4.029670587 stage="runtime_build"
2026-09-09T08:39:20.794298Z DEBUG transparent_shard_server::runtime: runtime stage key=("b16be2933ab920bc4745ea8917e5167a7a685c211e0b4febe88b4d3018f970bc", Directory, 0) seconds=0.711696004 stage="disk_save"
2026-09-09T08:39:20.794428Z DEBUG transparent_shard_server::runtime: runtime stage key=("1cd27964911287b2a127c1f8df5e6b0c19f5b4db309391c5adb2db3072bfec6e", Directory, 0) seconds=1.579e-6 stage="restore_slot"
2026-09-09T08:39:20.794616Z DEBUG transparent_shard_server::runtime: runtime stage key=("1cd27964911287b2a127c1f8df5e6b0c19f5b4db309391c5adb2db3072bfec6e", Directory, 0) seconds=6.0079e-5 hit=false stage="disk_restore"
2026-09-09T08:39:20.794651Z DEBUG transparent_shard_server::runtime: runtime stage key=("b16be2933ab920bc4745ea8917e5167a7a685c211e0b4febe88b4d3018f970bc", Pages, 0) seconds=14.637085095 stage="build_slot"
2026-09-09T08:39:20.915464Z DEBUG transparent_shard_server::runtime: runtime stage key=("b16be2933ab920bc4745ea8917e5167a7a685c211e0b4febe88b4d3018f970bc", Pages, 0) seconds=0.120751765 stage="source_load"
test burst::publication_burst_under_exact_load has been running for over 60 seconds
2026-09-09T08:39:24.983296Z DEBUG transparent_shard_server::runtime: runtime stage key=("b16be2933ab920bc4745ea8917e5167a7a685c211e0b4febe88b4d3018f970bc", Pages, 0) seconds=4.06778294 stage="runtime_build"
2026-09-09T08:39:25.689942Z DEBUG transparent_shard_server::runtime: runtime stage key=("b16be2933ab920bc4745ea8917e5167a7a685c211e0b4febe88b4d3018f970bc", Pages, 0) seconds=0.706602961 stage="disk_save"
2026-09-09T08:39:25.690062Z DEBUG transparent_shard_server::runtime: runtime stage key=("16b8227360ce35dd2e111156f5e31fd5eb500ff877879a212fef6cf8471de8a5", Directory, 0) seconds=14.684550871999999 stage="build_slot"
2026-09-09T08:39:25.690091Z DEBUG transparent_shard_server::runtime: runtime stage key=("1cd27964911287b2a127c1f8df5e6b0c19f5b4db309391c5adb2db3072bfec6e", Pages, 0) seconds=1.26e-6 stage="restore_slot"
2026-09-09T08:39:25.690269Z DEBUG transparent_shard_server::runtime: runtime stage key=("1cd27964911287b2a127c1f8df5e6b0c19f5b4db309391c5adb2db3072bfec6e", Pages, 0) seconds=4.0112e-5 hit=false stage="disk_restore"
2026-09-09T08:39:25.810556Z DEBUG transparent_shard_server::runtime: runtime stage key=("16b8227360ce35dd2e111156f5e31fd5eb500ff877879a212fef6cf8471de8a5", Directory, 0) seconds=0.120273156 stage="source_load"
2026-09-09T08:39:29.784581Z DEBUG transparent_shard_server::runtime: runtime stage key=("16b8227360ce35dd2e111156f5e31fd5eb500ff877879a212fef6cf8471de8a5", Directory, 0) seconds=3.973959874 stage="runtime_build"
2026-09-09T08:39:30.484068Z DEBUG transparent_shard_server::runtime: runtime stage key=("16b8227360ce35dd2e111156f5e31fd5eb500ff877879a212fef6cf8471de8a5", Directory, 0) seconds=0.699436327 stage="disk_save"
2026-09-09T08:39:30.484223Z DEBUG transparent_shard_server::runtime: runtime stage key=("16b8227360ce35dd2e111156f5e31fd5eb500ff877879a212fef6cf8471de8a5", Pages, 0) seconds=14.554843129 stage="build_slot"
2026-09-09T08:39:30.484280Z DEBUG transparent_shard_server::runtime: runtime stage key=("27f56c565263ecffb8c7736d4e811665d81bf4ed71c7978431fcc4f45b645ee1", Directory, 0) seconds=1.698e-6 stage="restore_slot"
2026-09-09T08:39:30.485249Z DEBUG transparent_shard_server::runtime: runtime stage key=("27f56c565263ecffb8c7736d4e811665d81bf4ed71c7978431fcc4f45b645ee1", Directory, 0) seconds=2.8233e-5 hit=false stage="disk_restore"
2026-09-09T08:39:30.605113Z DEBUG transparent_shard_server::runtime: runtime stage key=("16b8227360ce35dd2e111156f5e31fd5eb500ff877879a212fef6cf8471de8a5", Pages, 0) seconds=0.120739579 stage="source_load"
2026-09-09T08:39:34.613828Z DEBUG transparent_shard_server::runtime: runtime stage key=("16b8227360ce35dd2e111156f5e31fd5eb500ff877879a212fef6cf8471de8a5", Pages, 0) seconds=4.008661702 stage="runtime_build"
2026-09-09T08:39:35.316066Z DEBUG transparent_shard_server::runtime: runtime stage key=("16b8227360ce35dd2e111156f5e31fd5eb500ff877879a212fef6cf8471de8a5", Pages, 0) seconds=0.702193865 stage="disk_save"
2026-09-09T08:39:35.316179Z DEBUG transparent_shard_server::runtime: runtime stage key=("1cd27964911287b2a127c1f8df5e6b0c19f5b4db309391c5adb2db3072bfec6e", Directory, 0) seconds=14.521534502 stage="build_slot"
2026-09-09T08:39:35.316301Z DEBUG transparent_shard_server::runtime: runtime stage key=("27f56c565263ecffb8c7736d4e811665d81bf4ed71c7978431fcc4f45b645ee1", Pages, 0) seconds=5.79e-7 stage="restore_slot"
2026-09-09T08:39:35.316392Z DEBUG transparent_shard_server::runtime: runtime stage key=("27f56c565263ecffb8c7736d4e811665d81bf4ed71c7978431fcc4f45b645ee1", Pages, 0) seconds=4.2237e-5 hit=false stage="disk_restore"
2026-09-09T08:39:35.435332Z DEBUG transparent_shard_server::runtime: runtime stage key=("1cd27964911287b2a127c1f8df5e6b0c19f5b4db309391c5adb2db3072bfec6e", Directory, 0) seconds=0.119025289 stage="source_load"
2026-09-09T08:39:39.465673Z DEBUG transparent_shard_server::runtime: runtime stage key=("1cd27964911287b2a127c1f8df5e6b0c19f5b4db309391c5adb2db3072bfec6e", Directory, 0) seconds=4.030294391 stage="runtime_build"
2026-09-09T08:39:40.177702Z DEBUG transparent_shard_server::runtime: runtime stage key=("1cd27964911287b2a127c1f8df5e6b0c19f5b4db309391c5adb2db3072bfec6e", Directory, 0) seconds=0.711983957 stage="disk_save"
2026-09-09T08:39:40.177757Z DEBUG transparent_shard_server::runtime: runtime stage key=("1cd27964911287b2a127c1f8df5e6b0c19f5b4db309391c5adb2db3072bfec6e", Pages, 0) seconds=14.487451415 stage="build_slot"
2026-09-09T08:39:40.177824Z DEBUG transparent_shard_server::runtime: runtime stage key=("ced665ae1f1140944bcd0c9aa2b83c1019df768df87fa513f9509106fc5b88c1", Directory, 0) seconds=1.112e-6 stage="restore_slot"
2026-09-09T08:39:40.181402Z DEBUG transparent_shard_server::runtime: runtime stage key=("ced665ae1f1140944bcd0c9aa2b83c1019df768df87fa513f9509106fc5b88c1", Directory, 0) seconds=5.6827e-5 hit=false stage="disk_restore"
2026-09-09T08:39:40.300492Z DEBUG transparent_shard_server::runtime: runtime stage key=("1cd27964911287b2a127c1f8df5e6b0c19f5b4db309391c5adb2db3072bfec6e", Pages, 0) seconds=0.122641647 stage="source_load"
2026-09-09T08:39:44.362999Z DEBUG transparent_shard_server::runtime: runtime stage key=("1cd27964911287b2a127c1f8df5e6b0c19f5b4db309391c5adb2db3072bfec6e", Pages, 0) seconds=4.062463155 stage="runtime_build"
2026-09-09T08:39:45.086017Z DEBUG transparent_shard_server::runtime: runtime stage key=("1cd27964911287b2a127c1f8df5e6b0c19f5b4db309391c5adb2db3072bfec6e", Pages, 0) seconds=0.72297531 stage="disk_save"
2026-09-09T08:39:45.086122Z DEBUG transparent_shard_server::runtime: runtime stage key=("27f56c565263ecffb8c7736d4e811665d81bf4ed71c7978431fcc4f45b645ee1", Directory, 0) seconds=14.600849584 stage="build_slot"
2026-09-09T08:39:45.086177Z DEBUG transparent_shard_server::runtime: runtime stage key=("ced665ae1f1140944bcd0c9aa2b83c1019df768df87fa513f9509106fc5b88c1", Pages, 0) seconds=1.072e-6 stage="restore_slot"
2026-09-09T08:39:45.087275Z DEBUG transparent_shard_server::runtime: runtime stage key=("ced665ae1f1140944bcd0c9aa2b83c1019df768df87fa513f9509106fc5b88c1", Pages, 0) seconds=3.8349e-5 hit=false stage="disk_restore"
2026-09-09T08:39:45.206264Z DEBUG transparent_shard_server::runtime: runtime stage key=("27f56c565263ecffb8c7736d4e811665d81bf4ed71c7978431fcc4f45b645ee1", Directory, 0) seconds=0.120001664 stage="source_load"
2026-09-09T08:39:49.272646Z DEBUG transparent_shard_server::runtime: runtime stage key=("27f56c565263ecffb8c7736d4e811665d81bf4ed71c7978431fcc4f45b645ee1", Directory, 0) seconds=4.066339265 stage="runtime_build"
2026-09-09T08:39:50.007435Z DEBUG transparent_shard_server::runtime: runtime stage key=("27f56c565263ecffb8c7736d4e811665d81bf4ed71c7978431fcc4f45b645ee1", Directory, 0) seconds=0.734741776 stage="disk_save"
2026-09-09T08:39:50.007500Z DEBUG transparent_shard_server::runtime: runtime stage key=("27f56c565263ecffb8c7736d4e811665d81bf4ed71c7978431fcc4f45b645ee1", Pages, 0) seconds=14.691071672 stage="build_slot"
2026-09-09T08:39:50.007703Z DEBUG transparent_shard_server::memory: work memory admission denied current=5905043456 limit=7516192768 held=536870912 requested=536870912
2026-09-09T08:39:50.007721Z DEBUG transparent_shard_server::prewarm: prewarm admission retry; sleeping 100ms
2026-09-09T08:39:50.007743Z DEBUG transparent_shard_server::runtime: runtime stage key=("ced665ae1f1140944bcd0c9aa2b83c1019df768df87fa513f9509106fc5b88c1", Directory, 0) seconds=9.826298466 stage="build_slot"
2026-09-09T08:39:50.007803Z DEBUG transparent_shard_server::runtime: runtime stage key=("2d4497bf9e8bafc6139ee4e57114238a7ecfa0782702939922bf2a79b1fe05bf", Directory, 0) seconds=1.03e-6 stage="restore_slot"
2026-09-09T08:39:50.011317Z DEBUG transparent_shard_server::runtime: runtime stage key=("2d4497bf9e8bafc6139ee4e57114238a7ecfa0782702939922bf2a79b1fe05bf", Directory, 0) seconds=5.3053e-5 hit=false stage="disk_restore"
2026-09-09T08:39:50.109018Z DEBUG transparent_shard_server::runtime: runtime stage key=("27f56c565263ecffb8c7736d4e811665d81bf4ed71c7978431fcc4f45b645ee1", Pages, 0) seconds=1.955e-6 stage="restore_slot"
2026-09-09T08:39:50.109327Z DEBUG transparent_shard_server::runtime: runtime stage key=("27f56c565263ecffb8c7736d4e811665d81bf4ed71c7978431fcc4f45b645ee1", Pages, 0) seconds=3.6892e-5 hit=false stage="disk_restore"
2026-09-09T08:39:50.130757Z DEBUG transparent_shard_server::runtime: runtime stage key=("ced665ae1f1140944bcd0c9aa2b83c1019df768df87fa513f9509106fc5b88c1", Directory, 0) seconds=0.122865909 stage="source_load"
2026-09-09T08:39:54.127140Z DEBUG transparent_shard_server::runtime: runtime stage key=("ced665ae1f1140944bcd0c9aa2b83c1019df768df87fa513f9509106fc5b88c1", Directory, 0) seconds=3.996318357 stage="runtime_build"
2026-09-09T08:39:54.856186Z DEBUG transparent_shard_server::runtime: runtime stage key=("ced665ae1f1140944bcd0c9aa2b83c1019df768df87fa513f9509106fc5b88c1", Directory, 0) seconds=0.728996665 stage="disk_save"
2026-09-09T08:39:54.856240Z DEBUG transparent_shard_server::runtime: runtime stage key=("ced665ae1f1140944bcd0c9aa2b83c1019df768df87fa513f9509106fc5b88c1", Pages, 0) seconds=9.768926309 stage="build_slot"
2026-09-09T08:39:54.856296Z DEBUG transparent_shard_server::memory: work memory admission denied current=5904957440 limit=7516192768 held=536870912 requested=536870912
2026-09-09T08:39:54.856303Z DEBUG transparent_shard_server::prewarm: prewarm admission retry; sleeping 100ms
2026-09-09T08:39:54.856308Z DEBUG transparent_shard_server::runtime: runtime stage key=("2d4497bf9e8bafc6139ee4e57114238a7ecfa0782702939922bf2a79b1fe05bf", Directory, 0) seconds=4.844933039 stage="build_slot"
2026-09-09T08:39:54.856330Z DEBUG transparent_shard_server::memory: work memory admission denied current=5904957440 limit=7516192768 held=536870912 requested=536870912
2026-09-09T08:39:54.856334Z DEBUG transparent_shard_server::prewarm: prewarm admission retry; sleeping 100ms
2026-09-09T08:39:54.856336Z DEBUG transparent_shard_server::runtime: runtime stage key=("27f56c565263ecffb8c7736d4e811665d81bf4ed71c7978431fcc4f45b645ee1", Pages, 0) seconds=4.74695114 stage="build_slot"
2026-09-09T08:39:54.856358Z DEBUG transparent_shard_server::memory: work memory admission denied current=5904957440 limit=7516192768 held=536870912 requested=536870912
2026-09-09T08:39:54.856362Z DEBUG transparent_shard_server::prewarm: prewarm admission retry; sleeping 100ms
2026-09-09T08:39:54.856388Z DEBUG transparent_shard_server::runtime: runtime stage key=("2d4497bf9e8bafc6139ee4e57114238a7ecfa0782702939922bf2a79b1fe05bf", Pages, 0) seconds=5.8e-7 stage="restore_slot"
2026-09-09T08:39:54.856494Z DEBUG transparent_shard_server::runtime: runtime stage key=("2d4497bf9e8bafc6139ee4e57114238a7ecfa0782702939922bf2a79b1fe05bf", Pages, 0) seconds=3.5665e-5 hit=false stage="disk_restore"
2026-09-09T08:39:54.856530Z DEBUG transparent_shard_server::runtime: runtime stage key=("2d4497bf9e8bafc6139ee4e57114238a7ecfa0782702939922bf2a79b1fe05bf", Pages, 0) seconds=1.28e-7 stage="build_slot"
2026-09-09T08:39:54.956848Z DEBUG transparent_shard_server::runtime: runtime stage key=("27f56c565263ecffb8c7736d4e811665d81bf4ed71c7978431fcc4f45b645ee1", Pages, 0) seconds=1.897e-6 stage="restore_slot"
2026-09-09T08:39:54.956883Z DEBUG transparent_shard_server::runtime: runtime stage key=("ced665ae1f1140944bcd0c9aa2b83c1019df768df87fa513f9509106fc5b88c1", Pages, 0) seconds=1.34e-6 stage="restore_slot"
2026-09-09T08:39:54.956976Z DEBUG transparent_shard_server::memory: work memory admission denied current=5904957440 limit=7516192768 held=805306368 requested=268435456
2026-09-09T08:39:54.956981Z DEBUG transparent_shard_server::runtime: runtime stage key=("2d4497bf9e8bafc6139ee4e57114238a7ecfa0782702939922bf2a79b1fe05bf", Directory, 0) seconds=2.87e-7 stage="restore_slot"
2026-09-09T08:39:54.956985Z DEBUG transparent_shard_server::prewarm: prewarm admission retry; sleeping 100ms
2026-09-09T08:39:54.957007Z DEBUG transparent_shard_server::memory: work memory admission denied current=5904957440 limit=7516192768 held=805306368 requested=268435456
2026-09-09T08:39:54.957012Z DEBUG transparent_shard_server::prewarm: prewarm admission retry; sleeping 100ms
2026-09-09T08:39:54.957095Z DEBUG transparent_shard_server::runtime: runtime stage key=("ced665ae1f1140944bcd0c9aa2b83c1019df768df87fa513f9509106fc5b88c1", Pages, 0) seconds=3.2263e-5 hit=false stage="disk_restore"
2026-09-09T08:39:54.975928Z DEBUG transparent_shard_server::runtime: runtime stage key=("2d4497bf9e8bafc6139ee4e57114238a7ecfa0782702939922bf2a79b1fe05bf", Pages, 0) seconds=0.119238958 stage="source_load"
2026-09-09T08:39:55.058331Z DEBUG transparent_shard_server::runtime: runtime stage key=("2d4497bf9e8bafc6139ee4e57114238a7ecfa0782702939922bf2a79b1fe05bf", Directory, 0) seconds=2.341e-6 stage="restore_slot"
2026-09-09T08:39:55.058473Z DEBUG transparent_shard_server::runtime: runtime stage key=("27f56c565263ecffb8c7736d4e811665d81bf4ed71c7978431fcc4f45b645ee1", Pages, 0) seconds=2.87e-7 stage="restore_slot"
2026-09-09T08:39:55.058500Z DEBUG transparent_shard_server::memory: work memory admission denied current=5905219584 limit=7516192768 held=805306368 requested=268435456
2026-09-09T08:39:55.058507Z DEBUG transparent_shard_server::prewarm: prewarm admission retry; sleeping 100ms
2026-09-09T08:39:55.058545Z DEBUG transparent_shard_server::runtime: runtime stage key=("2d4497bf9e8bafc6139ee4e57114238a7ecfa0782702939922bf2a79b1fe05bf", Directory, 0) seconds=4.0866e-5 hit=false stage="disk_restore"
2026-09-09T08:39:55.158835Z DEBUG transparent_shard_server::runtime: runtime stage key=("27f56c565263ecffb8c7736d4e811665d81bf4ed71c7978431fcc4f45b645ee1", Pages, 0) seconds=2.084e-6 stage="restore_slot"
2026-09-09T08:39:55.158994Z DEBUG transparent_shard_server::runtime: runtime stage key=("27f56c565263ecffb8c7736d4e811665d81bf4ed71c7978431fcc4f45b645ee1", Pages, 0) seconds=2.0296e-5 hit=false stage="disk_restore"
2026-09-09T08:39:59.105200Z DEBUG transparent_shard_server::runtime: runtime stage key=("2d4497bf9e8bafc6139ee4e57114238a7ecfa0782702939922bf2a79b1fe05bf", Pages, 0) seconds=4.1292485469999995 stage="runtime_build"
2026-09-09T08:39:59.853655Z DEBUG transparent_shard_server::runtime: runtime stage key=("2d4497bf9e8bafc6139ee4e57114238a7ecfa0782702939922bf2a79b1fe05bf", Pages, 0) seconds=0.7484119 stage="disk_save"
2026-09-09T08:39:59.853782Z DEBUG transparent_shard_server::runtime: runtime stage key=("a4bd72b37c0aafb265c77bb09cbc402cf69b65a87a1fabc8a0f12614b35469be", Directory, 0) seconds=1.851e-6 stage="restore_slot"
2026-09-09T08:39:59.853891Z DEBUG transparent_shard_server::runtime: runtime stage key=("ced665ae1f1140944bcd0c9aa2b83c1019df768df87fa513f9509106fc5b88c1", Pages, 0) seconds=4.8967600650000005 stage="build_slot"
2026-09-09T08:39:59.853950Z DEBUG transparent_shard_server::runtime: runtime stage key=("a4bd72b37c0aafb265c77bb09cbc402cf69b65a87a1fabc8a0f12614b35469be", Directory, 0) seconds=4.3503e-5 hit=false stage="disk_restore"
2026-09-09T08:39:59.974565Z DEBUG transparent_shard_server::runtime: runtime stage key=("ced665ae1f1140944bcd0c9aa2b83c1019df768df87fa513f9509106fc5b88c1", Pages, 0) seconds=0.120615805 stage="source_load"
2026-09-09T08:40:04.150044Z DEBUG transparent_shard_server::runtime: runtime stage key=("ced665ae1f1140944bcd0c9aa2b83c1019df768df87fa513f9509106fc5b88c1", Pages, 0) seconds=4.17542691 stage="runtime_build"
2026-09-09T08:40:04.907042Z DEBUG transparent_shard_server::runtime: runtime stage key=("ced665ae1f1140944bcd0c9aa2b83c1019df768df87fa513f9509106fc5b88c1", Pages, 0) seconds=0.756952164 stage="disk_save"
2026-09-09T08:40:04.907192Z DEBUG transparent_shard_server::runtime: runtime stage key=("2d4497bf9e8bafc6139ee4e57114238a7ecfa0782702939922bf2a79b1fe05bf", Directory, 0) seconds=9.848572473 stage="build_slot"
2026-09-09T08:40:04.907334Z DEBUG transparent_shard_server::runtime: runtime stage key=("a4bd72b37c0aafb265c77bb09cbc402cf69b65a87a1fabc8a0f12614b35469be", Pages, 0) seconds=6.37e-7 stage="restore_slot"
2026-09-09T08:40:04.908412Z DEBUG transparent_shard_server::runtime: runtime stage key=("a4bd72b37c0aafb265c77bb09cbc402cf69b65a87a1fabc8a0f12614b35469be", Pages, 0) seconds=0.000145577 hit=false stage="disk_restore"
2026-09-09T08:40:05.030733Z DEBUG transparent_shard_server::runtime: runtime stage key=("2d4497bf9e8bafc6139ee4e57114238a7ecfa0782702939922bf2a79b1fe05bf", Directory, 0) seconds=0.123355011 stage="source_load"
2026-09-09T08:40:09.021702Z DEBUG transparent_shard_server::runtime: runtime stage key=("2d4497bf9e8bafc6139ee4e57114238a7ecfa0782702939922bf2a79b1fe05bf", Directory, 0) seconds=3.990921075 stage="runtime_build"
2026-09-09T08:40:09.757474Z DEBUG transparent_shard_server::runtime: runtime stage key=("2d4497bf9e8bafc6139ee4e57114238a7ecfa0782702939922bf2a79b1fe05bf", Directory, 0) seconds=0.735717255 stage="disk_save"
2026-09-09T08:40:09.757575Z DEBUG transparent_shard_server::runtime: runtime stage key=("27f56c565263ecffb8c7736d4e811665d81bf4ed71c7978431fcc4f45b645ee1", Pages, 0) seconds=14.598549462 stage="build_slot"
2026-09-09T08:40:09.757612Z DEBUG transparent_shard_server::runtime: runtime stage key=("c907a0aa45b2551520863990845279fd25135889865e088c2dad6ea0d32b8fde", Directory, 0) seconds=1.338e-6 stage="restore_slot"
2026-09-09T08:40:09.757867Z DEBUG transparent_shard_server::runtime: runtime stage key=("c907a0aa45b2551520863990845279fd25135889865e088c2dad6ea0d32b8fde", Directory, 0) seconds=4.8716e-5 hit=false stage="disk_restore"
2026-09-09T08:40:09.879496Z DEBUG transparent_shard_server::runtime: runtime stage key=("27f56c565263ecffb8c7736d4e811665d81bf4ed71c7978431fcc4f45b645ee1", Pages, 0) seconds=0.121695563 stage="source_load"
2026-09-09T08:40:13.930406Z DEBUG transparent_shard_server::runtime: runtime stage key=("27f56c565263ecffb8c7736d4e811665d81bf4ed71c7978431fcc4f45b645ee1", Pages, 0) seconds=4.050866972 stage="runtime_build"
2026-09-09T08:40:14.663277Z DEBUG transparent_shard_server::runtime: runtime stage key=("27f56c565263ecffb8c7736d4e811665d81bf4ed71c7978431fcc4f45b645ee1", Pages, 0) seconds=0.732833409 stage="disk_save"
2026-09-09T08:40:14.663395Z DEBUG transparent_shard_server::runtime: runtime stage key=("c907a0aa45b2551520863990845279fd25135889865e088c2dad6ea0d32b8fde", Pages, 0) seconds=1.801e-6 stage="restore_slot"
2026-09-09T08:40:14.663494Z DEBUG transparent_shard_server::runtime: runtime stage key=("a4bd72b37c0aafb265c77bb09cbc402cf69b65a87a1fabc8a0f12614b35469be", Directory, 0) seconds=14.809504396 stage="build_slot"
2026-09-09T08:40:14.663536Z DEBUG transparent_shard_server::runtime: runtime stage key=("c907a0aa45b2551520863990845279fd25135889865e088c2dad6ea0d32b8fde", Pages, 0) seconds=3.8868e-5 hit=false stage="disk_restore"
2026-09-09T08:40:14.784771Z DEBUG transparent_shard_server::runtime: runtime stage key=("a4bd72b37c0aafb265c77bb09cbc402cf69b65a87a1fabc8a0f12614b35469be", Directory, 0) seconds=0.121204386 stage="source_load"
2026-09-09T08:40:18.942262Z DEBUG transparent_shard_server::runtime: runtime stage key=("a4bd72b37c0aafb265c77bb09cbc402cf69b65a87a1fabc8a0f12614b35469be", Directory, 0) seconds=4.157445046 stage="runtime_build"
2026-09-09T08:40:19.673740Z DEBUG transparent_shard_server::runtime: runtime stage key=("a4bd72b37c0aafb265c77bb09cbc402cf69b65a87a1fabc8a0f12614b35469be", Directory, 0) seconds=0.731420165 stage="disk_save"
2026-09-09T08:40:19.673874Z DEBUG transparent_shard_server::runtime: runtime stage key=("67574e8d4c7f7c258f8c7488f73e80a9476f8074c3db3540325133ff25020c2b", Directory, 0) seconds=1.739e-6 stage="restore_slot"
2026-09-09T08:40:19.673976Z DEBUG transparent_shard_server::runtime: runtime stage key=("a4bd72b37c0aafb265c77bb09cbc402cf69b65a87a1fabc8a0f12614b35469be", Pages, 0) seconds=14.765518192 stage="build_slot"
2026-09-09T08:40:19.674041Z DEBUG transparent_shard_server::runtime: runtime stage key=("67574e8d4c7f7c258f8c7488f73e80a9476f8074c3db3540325133ff25020c2b", Directory, 0) seconds=2.9727e-5 hit=false stage="disk_restore"
2026-09-09T08:40:19.795210Z DEBUG transparent_shard_server::runtime: runtime stage key=("a4bd72b37c0aafb265c77bb09cbc402cf69b65a87a1fabc8a0f12614b35469be", Pages, 0) seconds=0.121125042 stage="source_load"
2026-09-09T08:40:23.842248Z DEBUG transparent_shard_server::runtime: runtime stage key=("a4bd72b37c0aafb265c77bb09cbc402cf69b65a87a1fabc8a0f12614b35469be", Pages, 0) seconds=4.046990091 stage="runtime_build"
2026-09-09T08:40:24.568457Z DEBUG transparent_shard_server::runtime: runtime stage key=("a4bd72b37c0aafb265c77bb09cbc402cf69b65a87a1fabc8a0f12614b35469be", Pages, 0) seconds=0.726167735 stage="disk_save"
2026-09-09T08:40:24.568581Z DEBUG transparent_shard_server::runtime: runtime stage key=("67574e8d4c7f7c258f8c7488f73e80a9476f8074c3db3540325133ff25020c2b", Pages, 0) seconds=1.634e-6 stage="restore_slot"
2026-09-09T08:40:24.568713Z DEBUG transparent_shard_server::runtime: runtime stage key=("c907a0aa45b2551520863990845279fd25135889865e088c2dad6ea0d32b8fde", Directory, 0) seconds=14.810825814 stage="build_slot"
2026-09-09T08:40:24.568872Z DEBUG transparent_shard_server::runtime: runtime stage key=("67574e8d4c7f7c258f8c7488f73e80a9476f8074c3db3540325133ff25020c2b", Pages, 0) seconds=0.000126103 hit=false stage="disk_restore"
2026-09-09T08:40:24.688915Z DEBUG transparent_shard_server::runtime: runtime stage key=("c907a0aa45b2551520863990845279fd25135889865e088c2dad6ea0d32b8fde", Directory, 0) seconds=0.12014369 stage="source_load"
2026-09-09T08:40:28.761681Z DEBUG transparent_shard_server::runtime: runtime stage key=("c907a0aa45b2551520863990845279fd25135889865e088c2dad6ea0d32b8fde", Directory, 0) seconds=4.072724301 stage="runtime_build"
2026-09-09T08:40:29.500128Z DEBUG transparent_shard_server::runtime: runtime stage key=("c907a0aa45b2551520863990845279fd25135889865e088c2dad6ea0d32b8fde", Directory, 0) seconds=0.738400613 stage="disk_save"
2026-09-09T08:40:29.500388Z DEBUG transparent_shard_server::runtime: runtime stage key=("c907a0aa45b2551520863990845279fd25135889865e088c2dad6ea0d32b8fde", Pages, 0) seconds=14.836804995 stage="build_slot"
2026-09-09T08:40:29.623136Z DEBUG transparent_shard_server::runtime: runtime stage key=("c907a0aa45b2551520863990845279fd25135889865e088c2dad6ea0d32b8fde", Pages, 0) seconds=0.122644741 stage="source_load"
2026-09-09T08:40:33.722654Z DEBUG transparent_shard_server::runtime: runtime stage key=("c907a0aa45b2551520863990845279fd25135889865e088c2dad6ea0d32b8fde", Pages, 0) seconds=4.099463873 stage="runtime_build"
2026-09-09T08:40:34.407063Z DEBUG transparent_shard_server::runtime: runtime stage key=("c907a0aa45b2551520863990845279fd25135889865e088c2dad6ea0d32b8fde", Pages, 0) seconds=0.684360073 stage="disk_save"
2026-09-09T08:40:34.407177Z DEBUG transparent_shard_server::runtime: runtime stage key=("67574e8d4c7f7c258f8c7488f73e80a9476f8074c3db3540325133ff25020c2b", Directory, 0) seconds=14.733115854 stage="build_slot"
2026-09-09T08:40:34.528118Z DEBUG transparent_shard_server::runtime: runtime stage key=("67574e8d4c7f7c258f8c7488f73e80a9476f8074c3db3540325133ff25020c2b", Directory, 0) seconds=0.120841293 stage="source_load"
2026-09-09T08:40:38.594454Z DEBUG transparent_shard_server::runtime: runtime stage key=("67574e8d4c7f7c258f8c7488f73e80a9476f8074c3db3540325133ff25020c2b", Directory, 0) seconds=4.066286088 stage="runtime_build"
2026-09-09T08:40:39.302355Z DEBUG transparent_shard_server::runtime: runtime stage key=("67574e8d4c7f7c258f8c7488f73e80a9476f8074c3db3540325133ff25020c2b", Directory, 0) seconds=0.707857613 stage="disk_save"
2026-09-09T08:40:39.302467Z DEBUG transparent_shard_server::runtime: runtime stage key=("67574e8d4c7f7c258f8c7488f73e80a9476f8074c3db3540325133ff25020c2b", Pages, 0) seconds=14.733550081 stage="build_slot"
2026-09-09T08:40:39.421857Z DEBUG transparent_shard_server::runtime: runtime stage key=("67574e8d4c7f7c258f8c7488f73e80a9476f8074c3db3540325133ff25020c2b", Pages, 0) seconds=0.119229985 stage="source_load"
2026-09-09T08:40:43.557878Z DEBUG transparent_shard_server::runtime: runtime stage key=("67574e8d4c7f7c258f8c7488f73e80a9476f8074c3db3540325133ff25020c2b", Pages, 0) seconds=4.135967595 stage="runtime_build"
2026-09-09T08:40:44.242964Z DEBUG transparent_shard_server::runtime: runtime stage key=("67574e8d4c7f7c258f8c7488f73e80a9476f8074c3db3540325133ff25020c2b", Pages, 0) seconds=0.685037832 stage="disk_save"
2026-09-09T08:40:44.243288Z  INFO transparent_shard_server::service: prewarm finished warm=28 target=28 failed=0 seconds=137.564024453
2026-09-09T08:40:44.771167Z  INFO transparent_shard_server::runtime: retired runtime memory reclaimed rss_before=5380341760 rss_after=4352962560
2026-09-09T08:40:45.323855Z DEBUG transparent_shard_server::runtime: runtime stage key=("be059aab39ac34125e0452548d6fbcfb1e7cdb7237a597bd59ee86011ed4882b", Directory, 0) seconds=1.665e-6 stage="restore_slot"
2026-09-09T08:40:45.323949Z DEBUG transparent_shard_server::runtime: runtime stage key=("be059aab39ac34125e0452548d6fbcfb1e7cdb7237a597bd59ee86011ed4882b", Pages, 0) seconds=1.255e-6 stage="restore_slot"
2026-09-09T08:40:45.324013Z DEBUG transparent_shard_server::runtime: runtime stage key=("be059aab39ac34125e0452548d6fbcfb1e7cdb7237a597bd59ee86011ed4882b", Directory, 0) seconds=3.0795e-5 hit=false stage="disk_restore"
2026-09-09T08:40:45.324030Z DEBUG transparent_shard_server::runtime: runtime stage key=("be059aab39ac34125e0452548d6fbcfb1e7cdb7237a597bd59ee86011ed4882b", Directory, 0) seconds=3.89e-7 stage="build_slot"
2026-09-09T08:40:45.327292Z DEBUG transparent_shard_server::runtime: runtime stage key=("be059aab39ac34125e0452548d6fbcfb1e7cdb7237a597bd59ee86011ed4882b", Pages, 0) seconds=3.7815e-5 hit=false stage="disk_restore"
2026-09-09T08:40:45.484397Z DEBUG transparent_shard_server::runtime: runtime stage key=("be059aab39ac34125e0452548d6fbcfb1e7cdb7237a597bd59ee86011ed4882b", Directory, 0) seconds=0.16032103 stage="source_load"
2026-09-09T08:40:49.769673Z DEBUG transparent_shard_server::runtime: runtime stage key=("be059aab39ac34125e0452548d6fbcfb1e7cdb7237a597bd59ee86011ed4882b", Directory, 0) seconds=4.285232966 stage="runtime_build"
2026-09-09T08:40:50.485400Z DEBUG transparent_shard_server::runtime: runtime stage key=("be059aab39ac34125e0452548d6fbcfb1e7cdb7237a597bd59ee86011ed4882b", Directory, 0) seconds=0.715693448 stage="disk_save"
2026-09-09T08:40:50.485488Z DEBUG transparent_shard_server::runtime: runtime stage key=("be059aab39ac34125e0452548d6fbcfb1e7cdb7237a597bd59ee86011ed4882b", Pages, 0) seconds=5.158145324 stage="build_slot"
2026-09-09T08:40:50.625149Z DEBUG transparent_shard_server::runtime: runtime stage key=("be059aab39ac34125e0452548d6fbcfb1e7cdb7237a597bd59ee86011ed4882b", Pages, 0) seconds=0.139542114 stage="source_load"
2026-09-09T08:40:54.831956Z DEBUG transparent_shard_server::runtime: runtime stage key=("be059aab39ac34125e0452548d6fbcfb1e7cdb7237a597bd59ee86011ed4882b", Pages, 0) seconds=4.206763514 stage="runtime_build"
2026-09-09T08:40:55.553058Z DEBUG transparent_shard_server::runtime: runtime stage key=("be059aab39ac34125e0452548d6fbcfb1e7cdb7237a597bd59ee86011ed4882b", Pages, 0) seconds=0.721062192 stage="disk_save"
2026-09-09T08:40:55.553179Z  INFO transparent_shard_server::service: prewarm finished warm=28 target=28 failed=0 seconds=10.229380666
2026-09-09T08:40:55.553237Z DEBUG transparent_shard_server::live: publication preparation stages map=32426d9e9300c44558210d8540b636402af2b3c322627f9e9f26e0082b489725 loading_seconds=0.609048664 warming_seconds=10.229488627
2026-09-09T08:40:55.598054Z  INFO transparent_shard_server::runtime: retired runtime memory reclaimed rss_before=5119750144 rss_after=4420956160
2026-09-09T08:40:55.599639Z DEBUG transparent_shard_server::runtime: runtime stage key=("5b7ee9849d47f5ee67d04eb6ca4588beacf42dce75e5a1b481dfd02607b1fb20", Pages, 0) seconds=7.45e-7 stage="restore_slot"
2026-09-09T08:40:56.141830Z DEBUG transparent_shard_server::runtime: runtime stage key=("268f5c527d35817d37919707b04a706c850d449156baa071b5438dbf8eb53aec", Pages, 0) seconds=1.548e-6 stage="restore_slot"
2026-09-09T08:40:56.141888Z DEBUG transparent_shard_server::runtime: runtime stage key=("268f5c527d35817d37919707b04a706c850d449156baa071b5438dbf8eb53aec", Directory, 0) seconds=1.296e-6 stage="restore_slot"
2026-09-09T08:40:56.142101Z DEBUG transparent_shard_server::runtime: runtime stage key=("268f5c527d35817d37919707b04a706c850d449156baa071b5438dbf8eb53aec", Directory, 0) seconds=2.8185e-5 hit=false stage="disk_restore"
2026-09-09T08:40:56.142103Z DEBUG transparent_shard_server::runtime: runtime stage key=("268f5c527d35817d37919707b04a706c850d449156baa071b5438dbf8eb53aec", Pages, 0) seconds=5.6213e-5 hit=false stage="disk_restore"
2026-09-09T08:40:56.142128Z DEBUG transparent_shard_server::runtime: runtime stage key=("268f5c527d35817d37919707b04a706c850d449156baa071b5438dbf8eb53aec", Directory, 0) seconds=3.83e-7 stage="build_slot"
2026-09-09T08:40:56.278506Z DEBUG transparent_shard_server::runtime: runtime stage key=("268f5c527d35817d37919707b04a706c850d449156baa071b5438dbf8eb53aec", Directory, 0) seconds=0.136323212 stage="source_load"
2026-09-09T08:40:56.496064Z DEBUG transparent_shard_server::runtime: runtime stage key=("5b7ee9849d47f5ee67d04eb6ca4588beacf42dce75e5a1b481dfd02607b1fb20", Pages, 0) seconds=0.896319103 hit=true stage="disk_restore"
2026-09-09T08:40:56.618378Z DEBUG transparent_shard_server::runtime: runtime stage key=("5b7ee9849d47f5ee67d04eb6ca4588beacf42dce75e5a1b481dfd02607b1fb20", Pages, 0) seconds=0.122274195 stage="source_verify"
2026-09-09T08:40:56.618416Z  INFO transparent_shard_server::runtime: restored runtime cache seconds=1.018673652
2026-09-09T08:40:58.204440Z DEBUG transparent_shard_server::memory: work memory admission denied current=5723295744 limit=7516192768 held=805306368 requested=268435456
2026-09-09T08:41:00.495576Z DEBUG transparent_shard_server::runtime: runtime stage key=("268f5c527d35817d37919707b04a706c850d449156baa071b5438dbf8eb53aec", Directory, 0) seconds=4.217011587 stage="runtime_build"
2026-09-09T08:41:01.221099Z DEBUG transparent_shard_server::runtime: runtime stage key=("268f5c527d35817d37919707b04a706c850d449156baa071b5438dbf8eb53aec", Directory, 0) seconds=0.725479884 stage="disk_save"
2026-09-09T08:41:01.221189Z DEBUG transparent_shard_server::runtime: runtime stage key=("268f5c527d35817d37919707b04a706c850d449156baa071b5438dbf8eb53aec", Pages, 0) seconds=5.07905196 stage="build_slot"
2026-09-09T08:41:01.369215Z DEBUG transparent_shard_server::runtime: runtime stage key=("268f5c527d35817d37919707b04a706c850d449156baa071b5438dbf8eb53aec", Pages, 0) seconds=0.147922152 stage="source_load"
2026-09-09T08:41:01.761620Z DEBUG transparent_shard_server::memory: work memory admission denied current=5905244160 limit=7516192768 held=805306368 requested=268435456
2026-09-09T08:41:01.972708Z DEBUG transparent_shard_server::memory: work memory admission denied current=5905203200 limit=7516192768 held=805306368 requested=268435456
2026-09-09T08:41:02.187622Z DEBUG transparent_shard_server::memory: work memory admission denied current=5905207296 limit=7516192768 held=805306368 requested=268435456
2026-09-09T08:41:03.092108Z DEBUG transparent_shard_server::memory: work memory admission denied current=5905133568 limit=7516192768 held=805306368 requested=268435456
2026-09-09T08:41:05.691185Z DEBUG transparent_shard_server::runtime: runtime stage key=("268f5c527d35817d37919707b04a706c850d449156baa071b5438dbf8eb53aec", Pages, 0) seconds=4.321935339 stage="runtime_build"
2026-09-09T08:41:06.266405Z DEBUG transparent_shard_server::memory: work memory admission denied current=5905444864 limit=7516192768 held=805306368 requested=268435456
2026-09-09T08:41:06.395823Z DEBUG transparent_shard_server::runtime: runtime stage key=("268f5c527d35817d37919707b04a706c850d449156baa071b5438dbf8eb53aec", Pages, 0) seconds=0.70459971 stage="disk_save"
2026-09-09T08:41:06.395908Z  INFO transparent_shard_server::service: prewarm finished warm=28 target=28 failed=0 seconds=10.254147427
2026-09-09T08:41:06.395967Z DEBUG transparent_shard_server::live: publication preparation stages map=12cbb58695cd66166197842d179b61598c15effb06ad32efcd899a13e36e7b10 loading_seconds=0.587116005 warming_seconds=10.254334599
test burst::publication_burst_under_exact_load ... ok

test result: ok. 1 passed; 0 failed; 0 ignored; 0 measured; 14 filtered out; finished in 165.03s

Finished with result: success
Main processes terminated with: code=exited/status=0
Service runtime: 2min 45.111s
CPU time consumed: 4min 7.163s
Memory peak: 516.0K
Memory swap peak: 0B
