{
  "protocol": "ironwood-enhance-pir-v6",
  "seconds": 30.027370167,
  "concurrency": 8,
  "offered_qps": 1.0,
  "completed": 30,
  "succeeded": 30,
  "incorrect_answers": 0,
  "errors": {},
  "unstarted_arrivals": 0,
  "correct_queries_per_second": 0.9990884927035641,
  "p50_ms": 596.991,
  "p95_ms": 1141.759,
  "p99_ms": 1517.567,
  "scheduled_p99_ms": 1518.591,
  "successful_p50_ms": 596.991,
  "successful_p95_ms": 1141.759,
  "successful_p99_ms": 1517.567,
  "successful_scheduled_p99_ms": 1518.591,
  "exact_answer_oracle": true,
  "warmup_errors": {},
  "warmup_correct_answers": 21,
  "warmup_incorrect_answers": 0
}
Error: end-to-end p99 1518.591ms exceeds 1000ms
