    Checking memchr v2.8.0
   Compiling serde_core v1.0.228
   Compiling typenum v1.19.0
   Compiling cc v1.2.59
   Compiling serde_json v1.0.149
   Compiling syn v2.0.117
    Checking zeroize v1.8.2
    Checking slab v0.4.12
    Checking futures-task v0.3.32
    Checking regex-syntax v0.8.10
   Compiling serde v1.0.228
    Checking tracing-core v0.1.36
    Checking futures-channel v0.3.32
    Checking either v1.15.0
   Compiling num-traits v0.2.19
    Checking bitflags v2.11.0
    Checking rustls-pki-types v1.14.0
    Checking hex v0.4.3
    Checking futures-util v0.3.32
    Checking rayon v1.12.0
    Checking webpki-roots v1.0.6
    Checking aho-corasick v1.1.4
    Checking nom v8.0.0
    Checking tracing v0.1.44
    Checking generic-array v0.14.7
    Checking regex-automata v0.4.14
    Checking block-buffer v0.10.4
    Checking crypto-common v0.1.7
    Checking digest v0.10.7
    Checking sha2 v0.10.9
    Checking sha1 v0.10.6
    Checking hdrhistogram v7.6.0
    Checking regex v1.12.3
    Checking env_filter v1.0.1
    Checking env_logger v0.11.10
   Compiling ring v0.17.14
   Compiling synstructure v0.13.2
    Checking valar-spiral-rs v0.5.3-rc.1
   Compiling zerofrom-derive v0.1.7
   Compiling yoke-derive v0.8.2
   Compiling zerovec-derive v0.11.3
   Compiling displaydoc v0.2.5
   Compiling tokio-macros v2.7.0
   Compiling thiserror-impl v1.0.69
   Compiling serde_derive v1.0.228
   Compiling clap_derive v4.6.0
   Compiling thiserror-impl v2.0.18
   Compiling rustls v0.23.37
    Checking rustls-webpki v0.103.10
    Checking tokio v1.51.1
    Checking thiserror v2.0.18
    Checking thiserror v1.0.69
    Checking clap v4.6.0
    Checking zerofrom v0.1.7
    Checking inspiring v0.1.0-rc.1 (https://github.com/valargroup/ipir-sp.git?rev=611a29284264d844bf4dba00de2874c5b762f8c2#611a2928)
    Checking simplepir-kernel v0.1.0-rc.1 (https://github.com/valargroup/ipir-sp.git?rev=611a29284264d844bf4dba00de2874c5b762f8c2#611a2928)
    Checking yoke v0.8.2
    Checking hyper v1.9.0
    Checking tokio-rustls v0.26.4
    Checking tower v0.5.3
    Checking tower-http v0.6.8
    Checking hyper-util v0.1.20
    Checking serde_urlencoded v0.7.1
    Checking ipir-sp v0.1.0-rc.2 (https://github.com/valargroup/ipir-sp.git?rev=611a29284264d844bf4dba00de2874c5b762f8c2#611a2928)
    Checking zerovec v0.11.6
    Checking zerotrie v0.2.4
    Checking hyper-rustls v0.27.7
    Checking tinystr v0.8.3
    Checking potential_utf v0.1.5
    Checking icu_collections v2.2.0
    Checking icu_locale_core v2.2.0
    Checking icu_provider v2.2.0
    Checking icu_properties v2.2.0
    Checking icu_normalizer v2.2.0
    Checking idna_adapter v1.2.1
    Checking idna v1.1.0
    Checking url v2.5.8
    Checking reqwest v0.12.28
    Checking enhance-pir v0.0.1 (/Users/roman/projects/wallet-pir-production-readiness/enhance/crates/enhance-pir)
    Checking enhance-pir-load-test v0.0.1 (/Users/roman/projects/wallet-pir-production-readiness/enhance/tools/loadtest)
    Finished `dev` profile [unoptimized + debuginfo] target(s) in 19.52s
