   Compiling proc-macro2 v1.0.107
   Compiling quote v1.0.47
   Compiling unicode-ident v1.0.26
   Compiling libc v0.2.189
   Compiling cfg-if v1.0.5
   Compiling typenum v1.20.1
   Compiling subtle v2.6.1
   Compiling serde_core v1.0.229
   Compiling version_check v0.9.5
   Compiling serde v1.0.229
   Compiling memchr v2.8.3
   Compiling shlex v2.0.1
   Compiling find-msvc-tools v0.1.13
   Compiling crossbeam-utils v0.8.23
   Compiling crossbeam-epoch v0.9.21
   Compiling once_cell v1.21.4
   Compiling crossbeam-deque v0.8.8
   Compiling pin-project-lite v0.2.17
   Compiling itoa v1.0.18
   Compiling either v1.18.0
   Compiling rayon-core v1.13.0
   Compiling cc v1.4.7
   Compiling log v0.4.34
   Compiling generic-array v0.14.7
   Compiling constant_time_eq v0.4.2
   Compiling arrayvec v0.7.8
   Compiling radium v0.7.0
   Compiling rand_core v0.10.1
   Compiling smallvec v1.16.1
   Compiling memuse v0.2.2
   Compiling tap v1.0.1
   Compiling zerocopy v0.8.57
   Compiling wyz v0.5.1
   Compiling blake2b_simd v1.0.5
   Compiling futures-core v0.3.34
   Compiling funty v2.0.0
   Compiling tracing-core v0.1.36
   Compiling stable_deref_trait v1.2.1
   Compiling zmij v1.0.23
   Compiling serde_json v1.0.151
   Compiling getrandom v0.4.3
   Compiling static_assertions v1.1.0
   Compiling futures-sink v0.3.34
   Compiling parking_lot_core v0.9.12
   Compiling bytes v1.12.1
   Compiling futures-channel v0.3.34
   Compiling scopeguard v1.2.0
   Compiling lock_api v0.4.14
   Compiling futures-io v0.3.34
   Compiling futures-task v0.3.34
   Compiling slab v0.4.12
   Compiling thiserror v2.0.20
   Compiling zakura-pasta-curves v1.2.0
   Compiling autocfg v1.5.1
   Compiling fastrand v2.5.0
   Compiling num-traits v0.2.19
   Compiling hybrid-array v0.2.3
   Compiling writeable v0.6.4
   Compiling litemap v0.8.3
   Compiling thiserror v1.0.69
   Compiling http v1.5.0
   Compiling syn v3.0.6
   Compiling syn v2.0.119
   Compiling aho-corasick v1.1.5
   Compiling getrandom v0.2.17
   Compiling rand_core v0.6.4
   Compiling cpufeatures v0.2.17
   Compiling rayon v1.12.0
   Compiling bitvec v1.1.1
   Compiling crypto-common v0.1.7
   Compiling block-buffer v0.10.4
   Compiling digest v0.10.7
   Compiling sha2 v0.10.9
   Compiling errno v0.3.14
   Compiling signal-hook-registry v1.4.8
   Compiling inout v0.1.4
   Compiling socket2 v0.6.5
   Compiling mio v1.2.3
   Compiling utf8_iter v1.0.4
   Compiling regex-syntax v0.8.11
   Compiling bitflags v2.13.2
   Compiling rand v0.10.3
   Compiling percent-encoding v2.3.2
   Compiling icu_properties_data v2.3.0
   Compiling icu_normalizer_data v2.3.0
   Compiling parking_lot v0.12.5
   Compiling http-body v1.1.0
   Compiling crypto-common v0.2.0-rc.1
   Compiling block-buffer v0.11.0-rc.3
   Compiling ring v0.17.14
   Compiling corez v0.1.1
   Compiling heck v0.5.0
   Compiling utf8parse v0.2.2
   Compiling anstyle-parse v1.0.0
   Compiling sha1 v0.10.7
   Compiling secp256k1-sys v0.10.1
   Compiling colorchoice v1.0.5
   Compiling is_terminal_polyfill v1.70.2
   Compiling litrs v1.0.0
   Compiling anstyle v1.0.14
   Compiling regex-automata v0.4.18
   Compiling digest v0.11.0-pre.9
   Compiling maybe-rayon v0.1.1
   Compiling httparse v1.10.1
   Compiling getrandom v0.3.4
   Compiling anstyle-query v1.1.5
   Compiling tower-service v0.3.3
   Compiling anstream v1.0.0
   Compiling document-features v0.2.12
   Compiling synstructure v0.14.0
   Compiling form_urlencoded v1.2.2
   Compiling universal-hash v0.5.1
   Compiling bech32 v0.11.1
   Compiling libm v0.2.16
   Compiling byteorder v1.5.0
   Compiling base64 v0.22.1
   Compiling semver v1.0.28
   Compiling zeroize_derive v1.5.0
   Compiling tracing-attributes v0.1.31
   Compiling ff v0.14.0
   Compiling thiserror-impl v1.0.69
   Compiling crunchy v0.2.4
   Compiling group v0.14.0
   Compiling nonempty v0.11.0
   Compiling zakura-pairing v1.2.0
   Compiling untrusted v0.9.0
   Compiling zakura-bls12-381 v1.2.0
   Compiling opaque-debug v0.3.1
   Compiling try-lock v0.2.5
   Compiling poly1305 v0.8.0
   Compiling zeroize v1.9.0
   Compiling want v0.3.1
   Compiling rustc_version v0.4.1
   Compiling serde_derive v1.0.229
   Compiling zerofrom-derive v0.1.8
   Compiling yoke-derive v0.8.3
   Compiling zerovec-derive v0.11.6
   Compiling tracing v0.1.44
   Compiling zerofrom v0.1.8
   Compiling displaydoc v0.2.7
   Compiling futures-macro v0.3.34
   Compiling thiserror-impl v2.0.20
   Compiling tokio-macros v2.7.2
   Compiling ppv-lite86 v0.2.21
   Compiling futures-util v0.3.34
   Compiling tokio v1.53.1
   Compiling rand_chacha v0.3.1
   Compiling rand v0.8.8
   Compiling cipher v0.4.4
   Compiling rustls-pki-types v1.15.1
   Compiling chacha20 v0.9.1
   Compiling zakura-jubjub v1.2.0
   Compiling num-integer v0.1.47
   Compiling bs58 v0.5.1
   Compiling aead v0.5.2
   Compiling yoke v0.8.3
   Compiling sync_wrapper v1.0.2
   Compiling zcash_spec v0.2.1
   Compiling ident_case v1.0.1
   Compiling rustls v0.23.45
   Compiling strsim v0.11.1
   Compiling regex v1.13.1
   Compiling atomic-waker v1.1.2
   Compiling tower-layer v0.3.3
   Compiling clap_lex v1.1.1
   Compiling httpdate v1.0.3
   Compiling jiff-core v0.1.1
   Compiling clap_builder v4.6.7
   Compiling env_filter v2.0.0
   Compiling darling_core v0.24.1
   Compiling zip32 v0.2.1
   Compiling chacha20poly1305 v0.10.1
   Compiling num-bigint v0.4.8
   Compiling rand_core v0.9.5
   Compiling hex v0.4.3
   Compiling zerovec v0.11.8
   Compiling zerotrie v0.2.5
   Compiling zcash_encoding v0.4.0
   Compiling zakura-reddsa v1.2.0
   Compiling rustls-webpki v0.103.15
   Compiling jiff v0.2.37
   Compiling cbc v0.1.2
   Compiling curve25519-dalek v4.1.3
   Compiling clap_derive v4.6.7
   Compiling getset v0.1.7
   Compiling ripemd v0.2.0-pre.4
   Compiling tinystr v0.8.4
   Compiling potential_utf v0.1.6
   Compiling icu_locale_core v2.3.0
   Compiling icu_collections v2.3.0
   Compiling sha2 v0.11.0-pre.4
   Compiling hmac v0.13.0-pre.4
   Compiling ipnet v2.12.2
   Compiling zakura-halo2-legacy-pdqsort v1.2.0
   Compiling zakura-halo2-proofs v1.2.0
   Compiling darling_macro v0.24.1
   Compiling fpe v0.6.1
   Compiling clap v4.6.7
   Compiling zcash_protocol v0.10.6
   Compiling bounded-vec v0.9.0
   Compiling rand v0.9.5
   Compiling zcash_note_encryption v0.4.2
   Compiling zakura-sinsemilla v1.2.0
   Compiling zakura-halo2-poseidon v1.2.0
   Compiling valar-spiral-rs v0.5.3-rc.1
   Compiling icu_provider v2.3.1
   Compiling aes v0.8.4
   Compiling icu_properties v2.3.0
   Compiling icu_normalizer v2.3.0
   Compiling http-body-util v0.1.5
   Compiling ripemd v0.1.3
   Compiling f4jumble v0.1.1
   Compiling blake2s_simd v1.0.5
   Compiling incrementalmerkletree v0.8.2
   Compiling rustversion v1.0.23
   Compiling equihash v0.3.0
   Compiling lazy_static v1.5.0
   Compiling rustc-hex v2.1.0
   Compiling ref-cast v1.0.27
   Compiling ryu v1.0.23
   Compiling crc32fast v1.5.2
   Compiling hyper v1.11.1
   Compiling tower v0.5.3
   Compiling rustix v1.1.5
   Compiling env_logger v0.11.11
   Compiling idna_adapter v1.2.2
   Compiling secp256k1 v0.29.1
   Compiling idna v1.1.0
   Compiling serde_urlencoded v0.7.1
   Compiling fixed-hash v0.8.0
   Compiling url v2.5.8
   Compiling bip32 v0.6.0-pre.1
   Compiling zcash_script v0.4.5
   Compiling zakura-bellman v1.2.0
   Compiling hyper-util v0.1.20
   Compiling zcash_address v0.13.0
   Compiling inspiring v0.1.0-rc.1 (https://github.com/valargroup/ipir-sp.git?rev=611a29284264d844bf4dba00de2874c5b762f8c2#611a2928)
   Compiling darling v0.24.1
   Compiling uint v0.9.5
   Compiling zakura-redjubjub v1.2.0
   Compiling webpki-roots v1.0.9
   Compiling valar-spiral-rs v0.5.2 (https://github.com/valargroup/spiral-rs.git?rev=584fee3893b1d2d17b5d774c83bd801fb70d5ace#584fee38)
   Compiling ref-cast-impl v1.0.27
   Compiling serde_derive_internals v0.30.0
   Compiling option-ext v0.2.0
   Compiling tokio-rustls v0.26.5
   Compiling signature v2.2.0
   Compiling equivalent v1.0.2
   Compiling simd-adler32 v0.3.10
   Compiling core-foundation-sys v0.8.7
   Compiling allocator-api2 v0.2.21
   Compiling foldhash v0.2.0
   Compiling adler2 v2.0.1
   Compiling iana-time-zone v0.1.65
   Compiling miniz_oxide v0.9.1
   Compiling schemars_derive v1.2.2
   Compiling ed25519 v2.2.3
   Compiling hashbrown v0.16.1
   Compiling inspiring v0.1.0 (https://github.com/valargroup/ipir-sp.git?rev=6f74a2d754b58934f925fc8a347f46620148ad47#6f74a2d7)
   Compiling hyper-rustls v0.27.10
   Compiling dirs-sys v0.5.0
   Compiling zakura-sapling-crypto v1.2.0
   Compiling serde_with_macros v3.23.0
   Compiling primitive-types v0.12.2
   Compiling simplepir-kernel v0.1.0-rc.1 (https://github.com/valargroup/ipir-sp.git?rev=611a29284264d844bf4dba00de2874c5b762f8c2#611a2928)
   Compiling zcash_transparent v0.10.0
   Compiling tower-http v0.6.11
   Compiling futures-executor v0.3.34
   Compiling async-trait v0.1.92
   Compiling strum_macros v0.27.2
   Compiling mime v0.3.17
   Compiling prometheus v0.13.4
   Compiling dyn-clone v1.0.20
   Compiling axum-core v0.4.5
   Compiling schemars v1.2.2
   Compiling zcash_history v0.5.0
   Compiling tempfile v3.27.0
   Compiling futures v0.3.34
   Compiling reqwest v0.12.28
   Compiling strum v0.27.2
   Compiling flate2 v1.1.10
   Compiling serde_with v3.23.0
   Compiling ipir-sp v0.1.0-rc.2 (https://github.com/valargroup/ipir-sp.git?rev=611a29284264d844bf4dba00de2874c5b762f8c2#611a2928)
   Compiling ed25519-zebra v4.2.0
   Compiling simplepir-kernel v0.1.0 (https://github.com/valargroup/ipir-sp.git?rev=6f74a2d754b58934f925fc8a347f46620148ad47#6f74a2d7)
   Compiling dirs v6.0.0
   Compiling chrono v0.4.45
   Compiling x25519-dalek v2.0.1
   Compiling sharded-slab v0.1.7
   Compiling uint v0.10.1
   Compiling bitflags-serde-legacy v0.1.1
   Compiling serde-big-array v0.5.1
   Compiling matchers v0.2.0
   Compiling derive-getters v0.5.0
   Compiling serde_path_to_error v0.1.20
   Compiling crossbeam-channel v0.5.17
   Compiling tracing-log v0.2.0
   Compiling nom v8.0.0
   Compiling itertools v0.14.0
   Compiling thread_local v1.1.10
   Compiling nu-ansi-term v0.50.3
   Compiling matchit v0.7.3
   Compiling fnv v1.0.7
   Compiling humantime v2.4.0
   Compiling tracing-subscriber v0.3.23
   Compiling enhance-pir v0.0.1 (/Users/roman/projects/wallet-pir-production-readiness/enhance/crates/enhance-pir)
   Compiling zakura-halo2-gadgets v1.2.0
   Compiling axum v0.7.9
   Compiling ipir-sp v0.1.0 (https://github.com/valargroup/ipir-sp.git?rev=6f74a2d754b58934f925fc8a347f46620148ad47#6f74a2d7)
   Compiling tokio-stream v0.1.19
   Compiling zakura-pir-enhance-types v0.1.0 (https://github.com/zakura-core/wallet-libraries.git?rev=9b190657d129d08e964623d0ecc1d8e4ffb31b1d#9b190657)
   Compiling zakura-pir-enhance v0.1.0 (https://github.com/zakura-core/wallet-libraries.git?rev=9b190657d129d08e964623d0ecc1d8e4ffb31b1d#9b190657)
   Compiling hdrhistogram v7.6.0
   Compiling zakura-orchard v1.2.0
   Compiling zakura-primitives v1.2.0
   Compiling zakura-chain v6.0.0 (https://github.com/zakura-core/zakura.git?rev=1faf150fc3648aae22c55a6b30f8f5a9b9ce934e#1faf150f)
   Compiling enhance-pir-server v0.0.1 (/Users/roman/projects/wallet-pir-production-readiness/enhance/services/enhance-pir-server)
   Compiling enhance-q48-interop v0.1.0 (/Users/roman/projects/wallet-pir-production-readiness/enhance/tools/q48-interop)
    Finished `release` profile [optimized] target(s) in 1m 17s
     Running `enhance/tools/q48-interop/target/release/enhance-q48-interop`
{"allocated_units":[2048],"download_bytes":30748,"incorrect":0,"logical_rows":4096,"occupied_rows":1,"queries":2,"upload_bytes":110620,"wallet_revision":"9b190657d129d08e964623d0ecc1d8e4ffb31b1d"}
{"allocated_units":[4096],"download_bytes":30748,"incorrect":0,"logical_rows":4096,"occupied_rows":2049,"queries":3,"upload_bytes":110620,"wallet_revision":"9b190657d129d08e964623d0ecc1d8e4ffb31b1d"}
{"allocated_units":[8192],"download_bytes":30748,"incorrect":0,"logical_rows":8192,"occupied_rows":4097,"queries":3,"upload_bytes":135196,"wallet_revision":"9b190657d129d08e964623d0ecc1d8e4ffb31b1d"}
{"allocated_units":[8192,2048],"download_bytes":30748,"incorrect":0,"logical_rows":16384,"occupied_rows":8193,"queries":5,"upload_bytes":184348,"wallet_revision":"9b190657d129d08e964623d0ecc1d8e4ffb31b1d"}
{"allocated_units":[8192,4096],"download_bytes":30748,"incorrect":0,"logical_rows":16384,"occupied_rows":10241,"queries":5,"upload_bytes":184348,"wallet_revision":"9b190657d129d08e964623d0ecc1d8e4ffb31b1d"}
{"allocated_units":[8192,8192],"download_bytes":30748,"incorrect":0,"logical_rows":16384,"occupied_rows":12289,"queries":5,"upload_bytes":184348,"wallet_revision":"9b190657d129d08e964623d0ecc1d8e4ffb31b1d"}
{"allocated_units":[8192,8192,2048],"download_bytes":30748,"incorrect":0,"logical_rows":32768,"occupied_rows":16385,"queries":7,"upload_bytes":282652,"wallet_revision":"9b190657d129d08e964623d0ecc1d8e4ffb31b1d"}
{"allocated_units":[8192,8192,4096],"download_bytes":30748,"incorrect":0,"logical_rows":32768,"occupied_rows":18433,"queries":7,"upload_bytes":282652,"wallet_revision":"9b190657d129d08e964623d0ecc1d8e4ffb31b1d"}
{"allocated_units":[8192,8192,8192],"download_bytes":30748,"incorrect":0,"logical_rows":32768,"occupied_rows":20481,"queries":7,"upload_bytes":282652,"wallet_revision":"9b190657d129d08e964623d0ecc1d8e4ffb31b1d"}
{"allocated_units":[8192,8192,8192,2048],"download_bytes":30748,"incorrect":0,"logical_rows":32768,"occupied_rows":24577,"queries":9,"upload_bytes":282652,"wallet_revision":"9b190657d129d08e964623d0ecc1d8e4ffb31b1d"}
{"allocated_units":[8192,8192,8192,4096],"download_bytes":30748,"incorrect":0,"logical_rows":32768,"occupied_rows":26625,"queries":9,"upload_bytes":282652,"wallet_revision":"9b190657d129d08e964623d0ecc1d8e4ffb31b1d"}
{"allocated_units":[8192,8192,8192,8192],"download_bytes":30748,"incorrect":0,"logical_rows":32768,"occupied_rows":28673,"queries":9,"upload_bytes":282652,"wallet_revision":"9b190657d129d08e964623d0ecc1d8e4ffb31b1d"}
