    Updating crates.io index
    Updating git repository `https://github.com/valargroup/ipir-sp.git`
    Updating git repository `https://github.com/zakura-core/zakura.git`
    Updating git repository `https://github.com/valargroup/ipir-sp.git`
    Updating git repository `https://github.com/valargroup/spiral-rs.git`
     Locking 494 packages to latest compatible versions
      Adding axum v0.7.9 (available: v0.8.9)
      Adding bip32 v0.6.0-pre.1 (available: v0.6.0)
      Adding block-buffer v0.11.0-rc.3 (available: v0.11.0)
      Adding crypto-common v0.2.0-rc.1 (available: v0.2.2)
      Adding digest v0.11.0-pre.9 (available: v0.11.3)
      Adding generic-array v0.14.7 (available: v0.14.9)
      Adding hmac v0.13.0-pre.4 (available: v0.13.0)
      Adding proptest v1.6.0 (available: v1.11.0)
      Adding reqwest v0.12.28 (available: v0.13.5)
      Adding ripemd v0.2.0-pre.4 (available: v0.2.0)
      Adding sha2 v0.11.0-pre.4 (available: v0.11.0)
      Adding zcash_note_encryption v0.4.2 (available: v0.5.0)
   Compiling proc-macro2 v1.0.107
   Compiling unicode-ident v1.0.26
   Compiling quote v1.0.47
   Compiling libc v0.2.189
   Compiling cfg-if v1.0.5
   Compiling serde_core v1.0.229
   Compiling typenum v1.20.1
   Compiling subtle v2.6.1
   Compiling version_check v0.9.5
   Compiling serde v1.0.229
   Compiling find-msvc-tools v0.1.13
   Compiling shlex v2.0.1
   Compiling rand_core v0.10.1
   Compiling once_cell v1.21.4
   Compiling memchr v2.8.3
   Compiling getrandom v0.4.3
   Compiling either v1.18.0
   Compiling zerocopy v0.8.57
   Compiling crossbeam-utils v0.8.23
   Compiling cc v1.4.7
   Compiling autocfg v1.5.1
   Compiling crossbeam-epoch v0.9.21
   Compiling pin-project-lite v0.2.17
   Compiling generic-array v0.14.7
   Compiling crossbeam-deque v0.8.8
   Compiling log v0.4.34
   Compiling fastrand v2.5.0
   Compiling rayon-core v1.13.0
   Compiling rustix v1.1.5
   Compiling bitflags v2.13.2
   Compiling arrayvec v0.7.8
   Compiling constant_time_eq v0.4.2
   Compiling memuse v0.2.2
   Compiling regex-syntax v0.8.11
   Compiling libm v0.2.16
   Compiling num-traits v0.2.19
   Compiling radium v0.7.0
   Compiling blake2b_simd v1.0.5
   Compiling tap v1.0.1
   Compiling itoa v1.0.18
   Compiling wyz v0.5.1
   Compiling tracing-core v0.1.36
   Compiling funty v2.0.0
   Compiling smallvec v1.16.1
   Compiling static_assertions v1.1.0
   Compiling lazy_static v1.5.0
   Compiling futures-core v0.3.34
   Compiling chacha20 v0.10.2
   Compiling thiserror v2.0.20
   Compiling fnv v1.0.7
   Compiling syn v3.0.6
   Compiling syn v2.0.119
   Compiling getrandom v0.2.17
   Compiling rand_core v0.6.4
   Compiling errno v0.3.14
   Compiling cpufeatures v0.2.17
   Compiling rand v0.10.3
   Compiling wait-timeout v0.2.1
   Compiling bit-vec v0.8.0
   Compiling synstructure v0.14.0
   Compiling bytes v1.12.1
   Compiling scopeguard v1.2.0
   Compiling quick-error v1.2.3
   Compiling lock_api v0.4.14
   Compiling bit-set v0.8.0
   Compiling rand_xorshift v0.3.0
   Compiling zakura-pasta-curves v1.2.0
   Compiling futures-sink v0.3.34
   Compiling unarray v0.1.4
   Compiling hybrid-array v0.2.3
   Compiling serde_derive v1.0.229
   Compiling thiserror-impl v2.0.20
   Compiling zeroize_derive v1.5.0
   Compiling tracing-attributes v0.1.31
   Compiling zerofrom-derive v0.1.8
   Compiling zeroize v1.9.0
   Compiling yoke-derive v0.8.3
   Compiling zmij v1.0.23
   Compiling tracing v0.1.44
   Compiling stable_deref_trait v1.2.1
   Compiling zerofrom v0.1.8
   Compiling parking_lot_core v0.9.12
   Compiling serde_json v1.0.151
   Compiling corez v0.1.1
   Compiling crypto-common v0.1.7
   Compiling block-buffer v0.10.4
   Compiling digest v0.10.7
   Compiling sha2 v0.10.9
   Compiling inout v0.1.4
   Compiling block-buffer v0.11.0-rc.3
   Compiling crypto-common v0.2.0-rc.1
   Compiling ppv-lite86 v0.2.21
   Compiling rayon v1.12.0
   Compiling rand_chacha v0.3.1
   Compiling rand v0.8.8
   Compiling zerovec-derive v0.11.6
   Compiling maybe-rayon v0.1.1
   Compiling litrs v1.0.0
   Compiling heck v0.5.0
   Compiling digest v0.11.0-pre.9
   Compiling document-features v0.2.12
   Compiling displaydoc v0.2.7
   Compiling futures-channel v0.3.34
   Compiling secp256k1-sys v0.10.1
   Compiling thiserror v1.0.69
   Compiling bech32 v0.11.1
   Compiling nonempty v0.11.0
   Compiling bs58 v0.5.1
   Compiling sha1 v0.10.7
   Compiling universal-hash v0.5.1
   Compiling thiserror-impl v1.0.69
   Compiling bitvec v1.1.1
   Compiling futures-macro v0.3.34
   Compiling slab v0.4.12
   Compiling futures-task v0.3.34
   Compiling percent-encoding v2.3.2
   Compiling futures-io v0.3.34
   Compiling opaque-debug v0.3.1
   Compiling futures-util v0.3.34
   Compiling poly1305 v0.8.0
   Compiling num-integer v0.1.47
   Compiling aead v0.5.2
   Compiling tokio-macros v2.7.2
   Compiling signal-hook-registry v1.4.8
   Compiling socket2 v0.6.5
   Compiling mio v1.2.3
   Compiling ff v0.14.0
   Compiling group v0.14.0
   Compiling zakura-pairing v1.2.0
   Compiling zcash_spec v0.2.1
   Compiling zakura-bls12-381 v1.2.0
   Compiling anyhow v1.0.104
   Compiling zakura-jubjub v1.2.0
   Compiling zip32 v0.2.1
   Compiling num-bigint v0.4.8
   Compiling ripemd v0.2.0-pre.4
   Compiling tempfile v3.27.0
   Compiling rusty-fork v0.3.1
   Compiling proptest v1.6.0
   Compiling sha2 v0.11.0-pre.4
   Compiling hmac v0.13.0-pre.4
   Compiling getset v0.1.7
   Compiling http v1.5.0
   Compiling f4jumble v0.1.1
   Compiling aho-corasick v1.1.5
   Compiling incrementalmerkletree v0.8.2
   Compiling incrementalmerkletree-testing v0.3.0
   Compiling writeable v0.6.4
   Compiling litemap v0.8.3
   Compiling zakura-halo2-legacy-pdqsort v1.2.0
   Compiling regex-automata v0.4.18
   Compiling cipher v0.4.4
   Compiling chacha20 v0.9.1
   Compiling chacha20poly1305 v0.10.1
   Compiling cbc v0.1.2
   Compiling fpe v0.6.1
   Compiling zakura-halo2-proofs v1.2.0
   Compiling zakura-sinsemilla v1.2.0
   Compiling zakura-halo2-poseidon v1.2.0
   Compiling zcash_note_encryption v0.4.2
   Compiling aes v0.8.4
   Compiling http-body v1.1.0
   Compiling itertools v0.14.0
   Compiling yoke v0.8.3
   Compiling ripemd v0.1.3
   Compiling ring v0.17.14
   Compiling blake2s_simd v1.0.5
   Compiling icu_normalizer_data v2.3.0
   Compiling base64 v0.22.1
   Compiling icu_properties_data v2.3.0
   Compiling hex v0.4.3
   Compiling byteorder v1.5.0
   Compiling utf8_iter v1.0.4
   Compiling zcash_encoding v0.4.0
   Compiling zakura-bellman v1.2.0
   Compiling zcash_protocol v0.10.6
   Compiling utf8parse v0.2.2
   Compiling equivalent v1.0.2
   Compiling prettyplease v0.2.37
   Compiling equihash v0.3.0
   Compiling httparse v1.10.1
   Compiling tower-service v0.3.3
   Compiling parking_lot v0.12.5
   Compiling zakura-halo2-gadgets v1.2.0
   Compiling tokio v1.53.1
   Compiling prost-derive v0.14.4
   Compiling secp256k1 v0.29.1
   Compiling bip32 v0.6.0-pre.1
   Compiling anstyle-parse v1.0.0
   Compiling rustls-pki-types v1.15.1
   Compiling foldhash v0.1.5
   Compiling untrusted v0.9.0
   Compiling try-lock v0.2.5
   Compiling colorchoice v1.0.5
   Compiling anstyle-query v1.1.5
   Compiling ident_case v1.0.1
   Compiling strsim v0.11.1
   Compiling getrandom v0.3.4
   Compiling is_terminal_polyfill v1.70.2
   Compiling anstyle v1.0.14
   Compiling hashbrown v0.17.1
   Compiling anstream v1.0.0
   Compiling indexmap v2.14.2
   Compiling prost v0.14.4
   Compiling zakura-reddsa v1.2.0
   Compiling bounded-vec v0.9.0
   Compiling zcash_script v0.4.5
   Compiling zakura-redjubjub v1.2.0
   Compiling zakura-sapling-crypto v1.2.0
   Compiling zerovec v0.11.8
   Compiling zerotrie v0.2.5
   Compiling zakura-orchard v1.2.0
   Compiling darling_core v0.24.1
   Compiling zcash_address v0.13.0
   Compiling zcash_transparent v0.10.0
   Compiling want v0.3.1
   Compiling hashbrown v0.15.5
   Compiling regex v1.13.1
   Compiling form_urlencoded v1.2.2
   Compiling sync_wrapper v1.0.2
   Compiling crunchy v0.2.4
   Compiling semver v1.0.28
   Compiling rustls v0.23.45
   Compiling httpdate v1.0.3
   Compiling tower-layer v0.3.3
   Compiling fixedbitset v0.5.7
   Compiling atomic-waker v1.1.2
   Compiling petgraph v0.8.3
   Compiling rustc_version v0.4.1
   Compiling darling_macro v0.24.1
   Compiling num-conv v0.2.2
   Compiling ipnet v2.12.2
   Compiling rustls-webpki v0.103.15
   Compiling jiff-core v0.1.1
   Compiling hyper v1.11.1
   Compiling clap_lex v1.1.1
   Compiling time-core v0.1.9
   Compiling prost-types v0.14.4
   Compiling multimap v0.10.1
   Compiling time-macros v0.2.32
   Compiling clap_builder v4.6.7
   Compiling rand_core v0.9.5
   Compiling hyper-util v0.1.20
   Compiling prost-build v0.14.4
   Compiling tonic-build v0.14.6
   Compiling jiff v0.2.37
   Compiling tower v0.5.3
   Compiling darling v0.24.1
   Compiling curve25519-dalek v4.1.3
   Compiling env_filter v2.0.0
   Compiling http-body-util v0.1.5
   Compiling clap_derive v4.6.7
   Compiling vcpkg v0.2.15
   Compiling tinystr v0.8.4
   Compiling potential_utf v0.1.6
   Compiling icu_collections v2.3.0
   Compiling syn v1.0.109
   Compiling icu_locale_core v2.3.0
   Compiling deranged v0.5.8
   Compiling ryu v1.0.23
   Compiling powerfmt v0.2.0
   Compiling pkg-config v0.3.34
   Compiling clap v4.6.7
   Compiling serde_urlencoded v0.7.1
   Compiling libsqlite3-sys v0.35.0
   Compiling tonic-prost-build v0.14.6
   Compiling icu_provider v2.3.1
   Compiling env_logger v0.11.11
   Compiling icu_normalizer v2.3.0
   Compiling icu_properties v2.3.0
   Compiling time v0.3.55
   Compiling idna_adapter v1.2.2
   Compiling rand v0.9.5
   Compiling webpki-roots v1.0.9
   Compiling idna v1.1.0
   Compiling valar-spiral-rs v0.5.3-rc.1
   Compiling which v8.0.6
   Compiling url v2.5.8
   Compiling indexmap v1.9.3
   Compiling wagyu-zcash-parameters-3 v0.2.0
   Compiling rustc-hex v2.1.0
   Compiling wagyu-zcash-parameters-6 v0.2.0
   Compiling wagyu-zcash-parameters-5 v0.2.0
   Compiling wagyu-zcash-parameters-2 v0.2.0
   Compiling crc32fast v1.5.2
   Compiling wagyu-zcash-parameters-4 v0.2.0
   Compiling wagyu-zcash-parameters-1 v0.2.0
   Compiling minimal-lexical v0.2.1
   Compiling rustversion v1.0.23
   Compiling ref-cast v1.0.27
   Compiling nom v7.1.3
   Compiling wagyu-zcash-parameters v0.2.0
   Compiling serde_with_macros v3.23.0
   Compiling fixed-hash v0.8.0
   Compiling tower-http v0.6.11
   Compiling petgraph v0.7.1
   Compiling serde_with v3.23.0
   Compiling inspiring v0.1.0-rc.1 (https://github.com/valargroup/ipir-sp.git?rev=611a29284264d844bf4dba00de2874c5b762f8c2#611a2928)
   Compiling zakura-client-backend v0.1.0-rc5 (/Users/roman/projects/wallet-libraries-p16-q49/librustzcash/zcash_client_backend)
   Compiling uint v0.9.5
   Compiling valar-spiral-rs v0.5.2 (https://github.com/valargroup/spiral-rs.git?rev=584fee3893b1d2d17b5d774c83bd801fb70d5ace#584fee38)
   Compiling tokio-rustls v0.26.5
   Compiling hyper-rustls v0.27.10
   Compiling secrecy v0.8.0
   Compiling itertools v0.10.5
   Compiling ref-cast-impl v1.0.27
   Compiling spin v0.9.9
   Compiling serde_derive_internals v0.30.0
   Compiling uuid v1.26.1
   Compiling nanorand v0.7.0
   Compiling adler2 v2.0.1
   Compiling option-ext v0.2.0
   Compiling simd-adler32 v0.3.10
   Compiling signature v2.2.0
   Compiling hashbrown v0.12.3
   Compiling core-foundation-sys v0.8.7
   Compiling allocator-api2 v0.2.21
   Compiling foldhash v0.2.0
   Compiling iana-time-zone v0.1.65
   Compiling schemars_derive v1.2.2
   Compiling hashbrown v0.16.1
   Compiling ed25519 v2.2.3
   Compiling miniz_oxide v0.9.1
   Compiling dirs-sys v0.5.0
   Compiling flume v0.11.1
   Compiling reqwest v0.12.28
   Compiling daggy v0.8.1
   Compiling inspiring v0.1.0 (https://github.com/valargroup/ipir-sp.git?rev=6f74a2d754b58934f925fc8a347f46620148ad47#6f74a2d7)
   Compiling primitive-types v0.12.2
   Compiling zakura-primitives v1.2.0
   Compiling ambassador v0.4.2
   Compiling zakura-keys v1.2.0
   Compiling simplepir-kernel v0.1.0-rc.1 (https://github.com/valargroup/ipir-sp.git?rev=611a29284264d844bf4dba00de2874c5b762f8c2#611a2928)
   Compiling zip321 v0.9.0
   Compiling hashlink v0.10.0
   Compiling cobs v0.3.0
   Compiling futures-executor v0.3.34
   Compiling shardtree v0.7.1
   Compiling strum_macros v0.27.2
   Compiling async-trait v0.1.92
   Compiling prometheus v0.13.4
   Compiling fallible-streaming-iterator v0.1.9
   Compiling dyn-clone v1.0.20
   Compiling assert_matches v1.5.0
   Compiling fallible-iterator v0.3.0
   Compiling mime v0.3.17
   Compiling zakura-pir-enhance-types v0.1.0 (/Users/roman/projects/wallet-libraries-p16-q49/zakura/pir-enhance-types)
   Compiling schemars v1.2.2
   Compiling axum-core v0.4.5
   Compiling futures v0.3.34
   Compiling postcard v1.1.3
   Compiling zcash_history v0.5.0
   Compiling ipir-sp v0.1.0-rc.2 (https://github.com/valargroup/ipir-sp.git?rev=611a29284264d844bf4dba00de2874c5b762f8c2#611a2928)
   Compiling schemerz v0.2.0
   Compiling simplepir-kernel v0.1.0 (https://github.com/valargroup/ipir-sp.git?rev=6f74a2d754b58934f925fc8a347f46620148ad47#6f74a2d7)
   Compiling ed25519-zebra v4.2.0
   Compiling flate2 v1.1.10
   Compiling dirs v6.0.0
   Compiling chrono v0.4.45
   Compiling x25519-dalek v2.0.1
   Compiling uint v0.10.1
   Compiling serde-big-array v0.5.1
   Compiling bitflags-serde-legacy v0.1.1
   Compiling matchers v0.2.0
   Compiling serde_path_to_error v0.1.20
   Compiling derive-getters v0.5.0
   Compiling strum v0.27.2
   Compiling crossbeam-channel v0.5.17
   Compiling sharded-slab v0.1.7
   Compiling tracing-log v0.2.0
   Compiling nom v8.0.0
   Compiling thread_local v1.1.10
   Compiling humantime v2.4.0
   Compiling nu-ansi-term v0.50.3
   Compiling matchit v0.7.3
   Compiling tracing-subscriber v0.3.23
   Compiling enhance-pir v0.0.1 (/Users/roman/projects/wallet-pir-production-readiness/enhance/crates/enhance-pir)
   Compiling ipir-sp v0.1.0 (https://github.com/valargroup/ipir-sp.git?rev=6f74a2d754b58934f925fc8a347f46620148ad47#6f74a2d7)
   Compiling zakura-proofs v1.2.0
   Compiling zakura-chain v6.0.0 (https://github.com/zakura-core/zakura.git?rev=1faf150fc3648aae22c55a6b30f8f5a9b9ce934e#1faf150f)
   Compiling zakura-pczt v0.1.0-rc3 (/Users/roman/projects/wallet-libraries-p16-q49/librustzcash/pczt)
   Compiling tokio-stream v0.1.19
   Compiling rand_distr v0.6.0
   Compiling axum v0.7.9
   Compiling hdrhistogram v7.6.0
   Compiling enhance-pir-server v0.0.1 (/Users/roman/projects/wallet-pir-production-readiness/enhance/services/enhance-pir-server)
   Compiling zakura-pir-enhance v0.1.0 (/Users/roman/projects/wallet-libraries-p16-q49/zakura/pir-enhance)
   Compiling rusqlite v0.37.0
   Compiling schemerz-rusqlite v0.370.0
   Compiling zakura-client-sqlite v0.1.0-rc5 (/Users/roman/projects/wallet-libraries-p16-q49/librustzcash/zcash_client_sqlite)
   Compiling schema11-interop v0.0.0 (/var/folders/h2/8khctpjd7s99fqmbcwjzyry80000gn/T/schema11-interop-vojf5srf)
    Finished `test` profile [optimized] target(s) in 2m 13s
     Running /Users/roman/projects/wallet-pir-production-readiness/enhance/tools/schema11-interop/interop.rs (target/schema11-interop/debug/deps/interop-fd1f324c19d90e25)

running 3 tests
test frozen_wallet_and_server_share_the_24_shard_ceiling ... ok
test scanned_wallet_applies_one_real_pir_row_atomically ... ok
test wallet_client_round_trips_real_http_and_requires_fresh_acceptance ... ok

test result: ok. 3 passed; 0 failed; 0 ignored; 0 measured; 0 filtered out; finished in 115.48s

