Running as unit: transparent-full-burst-c57d0110456c4ded964e4eb42029f029.service

running 1 test
2026-09-09T17:52:57.054641Z DEBUG transparent_shard_server::runtime: runtime stage key=("5b7ee9849d47f5ee67d04eb6ca4588beacf42dce75e5a1b481dfd02607b1fb20", Directory, 0) seconds=3.993e-6 stage="restore_slot"
2026-09-09T17:52:57.054710Z DEBUG transparent_shard_server::runtime: runtime stage key=("5b7ee9849d47f5ee67d04eb6ca4588beacf42dce75e5a1b481dfd02607b1fb20", Pages, 0) seconds=9.07e-7 stage="restore_slot"
2026-09-09T17:52:57.054856Z DEBUG transparent_shard_server::runtime: runtime stage key=("1f5d7213a380745d83cc554ad16bdf9e039a0304d0de0b71376828e1838d0ea4", Directory, 0) seconds=6.86e-7 stage="restore_slot"
2026-09-09T17:52:57.054867Z DEBUG transparent_shard_server::runtime: runtime stage key=("1f5d7213a380745d83cc554ad16bdf9e039a0304d0de0b71376828e1838d0ea4", Pages, 0) seconds=4.07e-7 stage="restore_slot"
2026-09-09T17:52:57.055096Z DEBUG transparent_shard_server::runtime: runtime stage key=("5b7ee9849d47f5ee67d04eb6ca4588beacf42dce75e5a1b481dfd02607b1fb20", Directory, 0) seconds=3.572e-5 hit=false stage="disk_restore"
2026-09-09T17:52:57.055112Z DEBUG transparent_shard_server::runtime: runtime stage key=("5b7ee9849d47f5ee67d04eb6ca4588beacf42dce75e5a1b481dfd02607b1fb20", Pages, 0) seconds=2.9207e-5 hit=false stage="disk_restore"
2026-09-09T17:52:57.055123Z DEBUG transparent_shard_server::runtime: runtime stage key=("1f5d7213a380745d83cc554ad16bdf9e039a0304d0de0b71376828e1838d0ea4", Pages, 0) seconds=1.0947e-5 hit=false stage="disk_restore"
2026-09-09T17:52:57.055126Z DEBUG transparent_shard_server::runtime: runtime stage key=("5b7ee9849d47f5ee67d04eb6ca4588beacf42dce75e5a1b481dfd02607b1fb20", Directory, 0) seconds=9.76e-7 stage="build_slot"
2026-09-09T17:52:57.055156Z DEBUG transparent_shard_server::runtime: runtime stage key=("1f5d7213a380745d83cc554ad16bdf9e039a0304d0de0b71376828e1838d0ea4", Directory, 0) seconds=1.1507e-5 hit=false stage="disk_restore"
2026-09-09T17:52:57.055211Z DEBUG transparent_shard_server::memory: cold build admission wait seconds=7.6992e-5 admitted=true
2026-09-09T17:52:57.189563Z DEBUG transparent_shard_server::runtime: runtime stage key=("5b7ee9849d47f5ee67d04eb6ca4588beacf42dce75e5a1b481dfd02607b1fb20", Directory, 0) seconds=0.134239729 stage="source_load"
2026-09-09T17:52:57.488551Z DEBUG transparent_shard_server::runtime: construction stage geometry="recent-8k" table="directory" seconds=0.298946208 stage="encode_database"
2026-09-09T17:52:57.488695Z DEBUG transparent_shard_server::runtime: construction stage geometry="recent-8k" table="directory" seconds=9.826e-5 stage="public_setup"
2026-09-09T17:52:58.037903Z DEBUG transparent_shard_server::runtime: construction stage geometry="recent-8k" table="directory" seconds=0.549201802 stage="hint_columns"
2026-09-09T17:53:01.311886Z DEBUG transparent_shard_server::runtime: construction stage geometry="recent-8k" table="directory" seconds=3.273937086 stage="pack_preprocessing"
2026-09-09T17:53:01.312205Z DEBUG transparent_shard_server::runtime: construction stage geometry="recent-8k" table="directory" seconds=0.000277413 stage="publish_parameters"
2026-09-09T17:53:01.314266Z DEBUG transparent_shard_server::runtime: runtime stage key=("5b7ee9849d47f5ee67d04eb6ca4588beacf42dce75e5a1b481dfd02607b1fb20", Directory, 0) seconds=4.124662067 stage="runtime_build"
2026-09-09T17:53:02.050902Z DEBUG transparent_shard_server::runtime: runtime stage key=("5b7ee9849d47f5ee67d04eb6ca4588beacf42dce75e5a1b481dfd02607b1fb20", Directory, 0) seconds=0.734986544 stage="disk_save"
2026-09-09T17:53:02.051005Z DEBUG transparent_shard_server::runtime: runtime stage key=("ca7afe810c988a8b4b561668f3456a9f38d1fdbb0776614e07ddfeb1a2132000", Directory, 0) seconds=1.298e-6 stage="restore_slot"
2026-09-09T17:53:02.051116Z DEBUG transparent_shard_server::runtime: runtime stage key=("1f5d7213a380745d83cc554ad16bdf9e039a0304d0de0b71376828e1838d0ea4", Pages, 0) seconds=4.99597732 stage="build_slot"
2026-09-09T17:53:02.051146Z DEBUG transparent_shard_server::memory: cold build admission wait seconds=2.3091e-5 admitted=true
2026-09-09T17:53:02.051148Z DEBUG transparent_shard_server::runtime: runtime stage key=("ca7afe810c988a8b4b561668f3456a9f38d1fdbb0776614e07ddfeb1a2132000", Directory, 0) seconds=3.3763e-5 hit=false stage="disk_restore"
2026-09-09T17:53:02.185079Z DEBUG transparent_shard_server::runtime: runtime stage key=("1f5d7213a380745d83cc554ad16bdf9e039a0304d0de0b71376828e1838d0ea4", Pages, 0) seconds=0.133858652 stage="source_load"
2026-09-09T17:53:02.490942Z DEBUG transparent_shard_server::runtime: construction stage geometry="recent-8k" table="pages" seconds=0.305806065 stage="encode_database"
2026-09-09T17:53:02.491052Z DEBUG transparent_shard_server::runtime: construction stage geometry="recent-8k" table="pages" seconds=6.7761e-5 stage="public_setup"
2026-09-09T17:53:03.052709Z DEBUG transparent_shard_server::runtime: construction stage geometry="recent-8k" table="pages" seconds=0.561648996 stage="hint_columns"
2026-09-09T17:53:06.269630Z DEBUG transparent_shard_server::runtime: construction stage geometry="recent-8k" table="pages" seconds=3.216864158 stage="pack_preprocessing"
2026-09-09T17:53:06.269952Z DEBUG transparent_shard_server::runtime: construction stage geometry="recent-8k" table="pages" seconds=0.000282432 stage="publish_parameters"
2026-09-09T17:53:06.270399Z DEBUG transparent_shard_server::runtime: runtime stage key=("1f5d7213a380745d83cc554ad16bdf9e039a0304d0de0b71376828e1838d0ea4", Pages, 0) seconds=4.085265232 stage="runtime_build"
2026-09-09T17:53:06.992358Z DEBUG transparent_shard_server::runtime: runtime stage key=("1f5d7213a380745d83cc554ad16bdf9e039a0304d0de0b71376828e1838d0ea4", Pages, 0) seconds=0.721940335 stage="disk_save"
2026-09-09T17:53:06.992468Z DEBUG transparent_shard_server::runtime: runtime stage key=("ca7afe810c988a8b4b561668f3456a9f38d1fdbb0776614e07ddfeb1a2132000", Pages, 0) seconds=1.701e-6 stage="restore_slot"
2026-09-09T17:53:06.992574Z DEBUG transparent_shard_server::runtime: runtime stage key=("5b7ee9849d47f5ee67d04eb6ca4588beacf42dce75e5a1b481dfd02607b1fb20", Pages, 0) seconds=9.937434191 stage="build_slot"
2026-09-09T17:53:06.992626Z DEBUG transparent_shard_server::memory: cold build admission wait seconds=4.5272e-5 admitted=true
2026-09-09T17:53:06.992639Z DEBUG transparent_shard_server::runtime: runtime stage key=("ca7afe810c988a8b4b561668f3456a9f38d1fdbb0776614e07ddfeb1a2132000", Pages, 0) seconds=5.0568e-5 hit=false stage="disk_restore"
2026-09-09T17:53:07.124914Z DEBUG transparent_shard_server::runtime: runtime stage key=("5b7ee9849d47f5ee67d04eb6ca4588beacf42dce75e5a1b481dfd02607b1fb20", Pages, 0) seconds=0.132262521 stage="source_load"
2026-09-09T17:53:07.423999Z DEBUG transparent_shard_server::runtime: construction stage geometry="recent-8k" table="pages" seconds=0.299038494 stage="encode_database"
2026-09-09T17:53:07.424099Z DEBUG transparent_shard_server::runtime: construction stage geometry="recent-8k" table="pages" seconds=5.9337e-5 stage="public_setup"
2026-09-09T17:53:07.943537Z DEBUG transparent_shard_server::runtime: construction stage geometry="recent-8k" table="pages" seconds=0.519431132 stage="hint_columns"
2026-09-09T17:53:11.215986Z DEBUG transparent_shard_server::runtime: construction stage geometry="recent-8k" table="pages" seconds=3.2724005849999998 stage="pack_preprocessing"
2026-09-09T17:53:11.216307Z DEBUG transparent_shard_server::runtime: construction stage geometry="recent-8k" table="pages" seconds=0.000272188 stage="publish_parameters"
2026-09-09T17:53:11.216768Z DEBUG transparent_shard_server::runtime: runtime stage key=("5b7ee9849d47f5ee67d04eb6ca4588beacf42dce75e5a1b481dfd02607b1fb20", Pages, 0) seconds=4.091809608 stage="runtime_build"
2026-09-09T17:53:11.951308Z DEBUG transparent_shard_server::runtime: runtime stage key=("5b7ee9849d47f5ee67d04eb6ca4588beacf42dce75e5a1b481dfd02607b1fb20", Pages, 0) seconds=0.73452448 stage="disk_save"
2026-09-09T17:53:11.951434Z DEBUG transparent_shard_server::runtime: runtime stage key=("95df7205357fe2d9c962d2b41daded841e05afa7b6fc8d06dfec46ad04e15335", Directory, 0) seconds=1.464e-6 stage="restore_slot"
2026-09-09T17:53:11.951571Z DEBUG transparent_shard_server::runtime: runtime stage key=("1f5d7213a380745d83cc554ad16bdf9e039a0304d0de0b71376828e1838d0ea4", Directory, 0) seconds=14.896377607 stage="build_slot"
2026-09-09T17:53:11.951604Z DEBUG transparent_shard_server::memory: cold build admission wait seconds=2.6156e-5 admitted=true
2026-09-09T17:53:11.951617Z DEBUG transparent_shard_server::runtime: runtime stage key=("95df7205357fe2d9c962d2b41daded841e05afa7b6fc8d06dfec46ad04e15335", Directory, 0) seconds=3.8295e-5 hit=false stage="disk_restore"
2026-09-09T17:53:12.078027Z DEBUG transparent_shard_server::runtime: runtime stage key=("1f5d7213a380745d83cc554ad16bdf9e039a0304d0de0b71376828e1838d0ea4", Directory, 0) seconds=0.12640023 stage="source_load"
2026-09-09T17:53:12.376537Z DEBUG transparent_shard_server::runtime: construction stage geometry="recent-8k" table="directory" seconds=0.29846248 stage="encode_database"
2026-09-09T17:53:12.376654Z DEBUG transparent_shard_server::runtime: construction stage geometry="recent-8k" table="directory" seconds=7.1051e-5 stage="public_setup"
2026-09-09T17:53:12.901361Z DEBUG transparent_shard_server::runtime: construction stage geometry="recent-8k" table="directory" seconds=0.524699893 stage="hint_columns"
2026-09-09T17:53:16.082221Z DEBUG transparent_shard_server::runtime: construction stage geometry="recent-8k" table="directory" seconds=3.180814715 stage="pack_preprocessing"
2026-09-09T17:53:16.082534Z DEBUG transparent_shard_server::runtime: construction stage geometry="recent-8k" table="directory" seconds=0.000272707 stage="publish_parameters"
2026-09-09T17:53:16.082968Z DEBUG transparent_shard_server::runtime: runtime stage key=("1f5d7213a380745d83cc554ad16bdf9e039a0304d0de0b71376828e1838d0ea4", Directory, 0) seconds=4.004896255 stage="runtime_build"
2026-09-09T17:53:16.811474Z DEBUG transparent_shard_server::runtime: runtime stage key=("1f5d7213a380745d83cc554ad16bdf9e039a0304d0de0b71376828e1838d0ea4", Directory, 0) seconds=0.728490986 stage="disk_save"
2026-09-09T17:53:16.811605Z DEBUG transparent_shard_server::runtime: runtime stage key=("95df7205357fe2d9c962d2b41daded841e05afa7b6fc8d06dfec46ad04e15335", Pages, 0) seconds=2.099e-6 stage="restore_slot"
2026-09-09T17:53:16.811714Z DEBUG transparent_shard_server::runtime: runtime stage key=("ca7afe810c988a8b4b561668f3456a9f38d1fdbb0776614e07ddfeb1a2132000", Directory, 0) seconds=14.760479463 stage="build_slot"
2026-09-09T17:53:16.811746Z DEBUG transparent_shard_server::memory: cold build admission wait seconds=2.4533e-5 admitted=true
2026-09-09T17:53:16.811745Z DEBUG transparent_shard_server::runtime: runtime stage key=("95df7205357fe2d9c962d2b41daded841e05afa7b6fc8d06dfec46ad04e15335", Pages, 0) seconds=3.0852e-5 hit=false stage="disk_restore"
2026-09-09T17:53:16.932953Z DEBUG transparent_shard_server::runtime: runtime stage key=("ca7afe810c988a8b4b561668f3456a9f38d1fdbb0776614e07ddfeb1a2132000", Directory, 0) seconds=0.121188111 stage="source_load"
2026-09-09T17:53:17.225704Z DEBUG transparent_shard_server::runtime: construction stage geometry="recent-8k" table="directory" seconds=0.292702396 stage="encode_database"
2026-09-09T17:53:17.225825Z DEBUG transparent_shard_server::runtime: construction stage geometry="recent-8k" table="directory" seconds=7.7611e-5 stage="public_setup"
2026-09-09T17:53:17.763007Z DEBUG transparent_shard_server::runtime: construction stage geometry="recent-8k" table="directory" seconds=0.537173857 stage="hint_columns"
2026-09-09T17:53:20.888242Z DEBUG transparent_shard_server::runtime: construction stage geometry="recent-8k" table="directory" seconds=3.125191006 stage="pack_preprocessing"
2026-09-09T17:53:20.888544Z DEBUG transparent_shard_server::runtime: construction stage geometry="recent-8k" table="directory" seconds=0.000261025 stage="publish_parameters"
2026-09-09T17:53:20.888988Z DEBUG transparent_shard_server::runtime: runtime stage key=("ca7afe810c988a8b4b561668f3456a9f38d1fdbb0776614e07ddfeb1a2132000", Directory, 0) seconds=3.955988551 stage="runtime_build"
2026-09-09T17:53:21.611962Z DEBUG transparent_shard_server::runtime: runtime stage key=("ca7afe810c988a8b4b561668f3456a9f38d1fdbb0776614e07ddfeb1a2132000", Directory, 0) seconds=0.72296033 stage="disk_save"
2026-09-09T17:53:21.612093Z DEBUG transparent_shard_server::runtime: runtime stage key=("73d46a59d0d03d7616f9a47e53b50448d4c5a3504e6e296600d8884c8c4403b8", Directory, 0) seconds=1.801e-6 stage="restore_slot"
2026-09-09T17:53:21.612217Z DEBUG transparent_shard_server::runtime: runtime stage key=("ca7afe810c988a8b4b561668f3456a9f38d1fdbb0776614e07ddfeb1a2132000", Pages, 0) seconds=14.619537216 stage="build_slot"
2026-09-09T17:53:21.612253Z DEBUG transparent_shard_server::memory: cold build admission wait seconds=2.522e-5 admitted=true
2026-09-09T17:53:21.612251Z DEBUG transparent_shard_server::runtime: runtime stage key=("73d46a59d0d03d7616f9a47e53b50448d4c5a3504e6e296600d8884c8c4403b8", Directory, 0) seconds=3.125e-5 hit=false stage="disk_restore"
2026-09-09T17:53:21.737107Z DEBUG transparent_shard_server::runtime: runtime stage key=("ca7afe810c988a8b4b561668f3456a9f38d1fdbb0776614e07ddfeb1a2132000", Pages, 0) seconds=0.124840016 stage="source_load"
2026-09-09T17:53:22.030743Z DEBUG transparent_shard_server::runtime: construction stage geometry="recent-8k" table="pages" seconds=0.293594909 stage="encode_database"
2026-09-09T17:53:22.030854Z DEBUG transparent_shard_server::runtime: construction stage geometry="recent-8k" table="pages" seconds=7.2722e-5 stage="public_setup"
2026-09-09T17:53:22.592649Z DEBUG transparent_shard_server::runtime: construction stage geometry="recent-8k" table="pages" seconds=0.561784804 stage="hint_columns"
2026-09-09T17:53:25.709450Z DEBUG transparent_shard_server::runtime: construction stage geometry="recent-8k" table="pages" seconds=3.116751067 stage="pack_preprocessing"
2026-09-09T17:53:25.709740Z DEBUG transparent_shard_server::runtime: construction stage geometry="recent-8k" table="pages" seconds=0.000248279 stage="publish_parameters"
2026-09-09T17:53:25.710148Z DEBUG transparent_shard_server::runtime: runtime stage key=("ca7afe810c988a8b4b561668f3456a9f38d1fdbb0776614e07ddfeb1a2132000", Pages, 0) seconds=3.973002305 stage="runtime_build"
2026-09-09T17:53:26.431766Z DEBUG transparent_shard_server::runtime: runtime stage key=("ca7afe810c988a8b4b561668f3456a9f38d1fdbb0776614e07ddfeb1a2132000", Pages, 0) seconds=0.721594932 stage="disk_save"
2026-09-09T17:53:26.431894Z DEBUG transparent_shard_server::runtime: runtime stage key=("73d46a59d0d03d7616f9a47e53b50448d4c5a3504e6e296600d8884c8c4403b8", Pages, 0) seconds=1.511e-6 stage="restore_slot"
2026-09-09T17:53:26.431998Z DEBUG transparent_shard_server::runtime: runtime stage key=("95df7205357fe2d9c962d2b41daded841e05afa7b6fc8d06dfec46ad04e15335", Directory, 0) seconds=14.480343892 stage="build_slot"
2026-09-09T17:53:26.432032Z DEBUG transparent_shard_server::memory: cold build admission wait seconds=2.521e-5 admitted=true
2026-09-09T17:53:26.432044Z DEBUG transparent_shard_server::runtime: runtime stage key=("73d46a59d0d03d7616f9a47e53b50448d4c5a3504e6e296600d8884c8c4403b8", Pages, 0) seconds=2.9939e-5 hit=false stage="disk_restore"
2026-09-09T17:53:26.553574Z DEBUG transparent_shard_server::runtime: runtime stage key=("95df7205357fe2d9c962d2b41daded841e05afa7b6fc8d06dfec46ad04e15335", Directory, 0) seconds=0.121516886 stage="source_load"
2026-09-09T17:53:26.845307Z DEBUG transparent_shard_server::runtime: construction stage geometry="recent-8k" table="directory" seconds=0.29168999 stage="encode_database"
2026-09-09T17:53:26.845420Z DEBUG transparent_shard_server::runtime: construction stage geometry="recent-8k" table="directory" seconds=7.3503e-5 stage="public_setup"
2026-09-09T17:53:27.359699Z DEBUG transparent_shard_server::runtime: construction stage geometry="recent-8k" table="directory" seconds=0.514272095 stage="hint_columns"
2026-09-09T17:53:30.459012Z DEBUG transparent_shard_server::runtime: construction stage geometry="recent-8k" table="directory" seconds=3.099264365 stage="pack_preprocessing"
2026-09-09T17:53:30.459310Z DEBUG transparent_shard_server::runtime: construction stage geometry="recent-8k" table="directory" seconds=0.000257619 stage="publish_parameters"
2026-09-09T17:53:30.459763Z DEBUG transparent_shard_server::runtime: runtime stage key=("95df7205357fe2d9c962d2b41daded841e05afa7b6fc8d06dfec46ad04e15335", Directory, 0) seconds=3.906147856 stage="runtime_build"
2026-09-09T17:53:31.158287Z DEBUG transparent_shard_server::runtime: runtime stage key=("95df7205357fe2d9c962d2b41daded841e05afa7b6fc8d06dfec46ad04e15335", Directory, 0) seconds=0.698509827 stage="disk_save"
2026-09-09T17:53:31.158408Z DEBUG transparent_shard_server::runtime: runtime stage key=("b16be2933ab920bc4745ea8917e5167a7a685c211e0b4febe88b4d3018f970bc", Directory, 0) seconds=1.241e-6 stage="restore_slot"
2026-09-09T17:53:31.158513Z DEBUG transparent_shard_server::runtime: runtime stage key=("95df7205357fe2d9c962d2b41daded841e05afa7b6fc8d06dfec46ad04e15335", Pages, 0) seconds=14.346737918 stage="build_slot"
2026-09-09T17:53:31.158547Z DEBUG transparent_shard_server::memory: cold build admission wait seconds=2.7104e-5 admitted=true
2026-09-09T17:53:31.158584Z DEBUG transparent_shard_server::runtime: runtime stage key=("b16be2933ab920bc4745ea8917e5167a7a685c211e0b4febe88b4d3018f970bc", Directory, 0) seconds=4.7089e-5 hit=false stage="disk_restore"
2026-09-09T17:53:31.282906Z DEBUG transparent_shard_server::runtime: runtime stage key=("95df7205357fe2d9c962d2b41daded841e05afa7b6fc8d06dfec46ad04e15335", Pages, 0) seconds=0.124293401 stage="source_load"
2026-09-09T17:53:31.586219Z DEBUG transparent_shard_server::runtime: construction stage geometry="recent-8k" table="pages" seconds=0.303261573 stage="encode_database"
2026-09-09T17:53:31.586329Z DEBUG transparent_shard_server::runtime: construction stage geometry="recent-8k" table="pages" seconds=6.9045e-5 stage="public_setup"
2026-09-09T17:53:32.153785Z DEBUG transparent_shard_server::runtime: construction stage geometry="recent-8k" table="pages" seconds=0.567450371 stage="hint_columns"
2026-09-09T17:53:35.300890Z DEBUG transparent_shard_server::runtime: construction stage geometry="recent-8k" table="pages" seconds=3.147062865 stage="pack_preprocessing"
2026-09-09T17:53:35.301205Z DEBUG transparent_shard_server::runtime: construction stage geometry="recent-8k" table="pages" seconds=0.000267842 stage="publish_parameters"
2026-09-09T17:53:35.301635Z DEBUG transparent_shard_server::runtime: runtime stage key=("95df7205357fe2d9c962d2b41daded841e05afa7b6fc8d06dfec46ad04e15335", Pages, 0) seconds=4.018680686 stage="runtime_build"
2026-09-09T17:53:36.008468Z DEBUG transparent_shard_server::runtime: runtime stage key=("95df7205357fe2d9c962d2b41daded841e05afa7b6fc8d06dfec46ad04e15335", Pages, 0) seconds=0.706820089 stage="disk_save"
2026-09-09T17:53:36.008576Z DEBUG transparent_shard_server::runtime: runtime stage key=("b16be2933ab920bc4745ea8917e5167a7a685c211e0b4febe88b4d3018f970bc", Pages, 0) seconds=1.325e-6 stage="restore_slot"
2026-09-09T17:53:36.008685Z DEBUG transparent_shard_server::runtime: runtime stage key=("73d46a59d0d03d7616f9a47e53b50448d4c5a3504e6e296600d8884c8c4403b8", Directory, 0) seconds=14.396417766999999 stage="build_slot"
2026-09-09T17:53:36.008718Z DEBUG transparent_shard_server::memory: cold build admission wait seconds=2.5055e-5 admitted=true
2026-09-09T17:53:36.008735Z DEBUG transparent_shard_server::runtime: runtime stage key=("b16be2933ab920bc4745ea8917e5167a7a685c211e0b4febe88b4d3018f970bc", Pages, 0) seconds=4.5781e-5 hit=false stage="disk_restore"
2026-09-09T17:53:36.129631Z DEBUG transparent_shard_server::runtime: runtime stage key=("73d46a59d0d03d7616f9a47e53b50448d4c5a3504e6e296600d8884c8c4403b8", Directory, 0) seconds=0.120881082 stage="source_load"
2026-09-09T17:53:36.420397Z DEBUG transparent_shard_server::runtime: construction stage geometry="recent-8k" table="directory" seconds=0.290694651 stage="encode_database"
2026-09-09T17:53:36.420518Z DEBUG transparent_shard_server::runtime: construction stage geometry="recent-8k" table="directory" seconds=7.5729e-5 stage="public_setup"
2026-09-09T17:53:36.990727Z DEBUG transparent_shard_server::runtime: construction stage geometry="recent-8k" table="directory" seconds=0.570201368 stage="hint_columns"
2026-09-09T17:53:40.096569Z DEBUG transparent_shard_server::runtime: construction stage geometry="recent-8k" table="directory" seconds=3.105778256 stage="pack_preprocessing"
2026-09-09T17:53:40.096905Z DEBUG transparent_shard_server::runtime: construction stage geometry="recent-8k" table="directory" seconds=0.000293114 stage="publish_parameters"
2026-09-09T17:53:40.097372Z DEBUG transparent_shard_server::runtime: runtime stage key=("73d46a59d0d03d7616f9a47e53b50448d4c5a3504e6e296600d8884c8c4403b8", Directory, 0) seconds=3.967671962 stage="runtime_build"
2026-09-09T17:53:40.816858Z DEBUG transparent_shard_server::runtime: runtime stage key=("73d46a59d0d03d7616f9a47e53b50448d4c5a3504e6e296600d8884c8c4403b8", Directory, 0) seconds=0.719466523 stage="disk_save"
2026-09-09T17:53:40.816983Z DEBUG transparent_shard_server::runtime: runtime stage key=("16b8227360ce35dd2e111156f5e31fd5eb500ff877879a212fef6cf8471de8a5", Directory, 0) seconds=1.897e-6 stage="restore_slot"
2026-09-09T17:53:40.817095Z DEBUG transparent_shard_server::runtime: runtime stage key=("73d46a59d0d03d7616f9a47e53b50448d4c5a3504e6e296600d8884c8c4403b8", Pages, 0) seconds=14.385006565 stage="build_slot"
2026-09-09T17:53:40.817129Z DEBUG transparent_shard_server::memory: cold build admission wait seconds=2.4979e-5 admitted=true
2026-09-09T17:53:40.817154Z DEBUG transparent_shard_server::runtime: runtime stage key=("16b8227360ce35dd2e111156f5e31fd5eb500ff877879a212fef6cf8471de8a5", Directory, 0) seconds=4.2192e-5 hit=false stage="disk_restore"
2026-09-09T17:53:40.937432Z DEBUG transparent_shard_server::runtime: runtime stage key=("73d46a59d0d03d7616f9a47e53b50448d4c5a3504e6e296600d8884c8c4403b8", Pages, 0) seconds=0.120277508 stage="source_load"
2026-09-09T17:53:41.226391Z DEBUG transparent_shard_server::runtime: construction stage geometry="recent-8k" table="pages" seconds=0.288913965 stage="encode_database"
2026-09-09T17:53:41.226510Z DEBUG transparent_shard_server::runtime: construction stage geometry="recent-8k" table="pages" seconds=7.2478e-5 stage="public_setup"
2026-09-09T17:53:41.783379Z DEBUG transparent_shard_server::runtime: construction stage geometry="recent-8k" table="pages" seconds=0.556861097 stage="hint_columns"
2026-09-09T17:53:44.897439Z DEBUG transparent_shard_server::runtime: construction stage geometry="recent-8k" table="pages" seconds=3.114016996 stage="pack_preprocessing"
2026-09-09T17:53:44.897748Z DEBUG transparent_shard_server::runtime: construction stage geometry="recent-8k" table="pages" seconds=0.00024976 stage="publish_parameters"
2026-09-09T17:53:44.898152Z DEBUG transparent_shard_server::runtime: runtime stage key=("73d46a59d0d03d7616f9a47e53b50448d4c5a3504e6e296600d8884c8c4403b8", Pages, 0) seconds=3.960677035 stage="runtime_build"
2026-09-09T17:53:45.618521Z DEBUG transparent_shard_server::runtime: runtime stage key=("73d46a59d0d03d7616f9a47e53b50448d4c5a3504e6e296600d8884c8c4403b8", Pages, 0) seconds=0.720354659 stage="disk_save"
2026-09-09T17:53:45.618643Z DEBUG transparent_shard_server::runtime: runtime stage key=("16b8227360ce35dd2e111156f5e31fd5eb500ff877879a212fef6cf8471de8a5", Pages, 0) seconds=1.732e-6 stage="restore_slot"
2026-09-09T17:53:45.618752Z DEBUG transparent_shard_server::runtime: runtime stage key=("b16be2933ab920bc4745ea8917e5167a7a685c211e0b4febe88b4d3018f970bc", Directory, 0) seconds=14.460130996 stage="build_slot"
2026-09-09T17:53:45.618803Z DEBUG transparent_shard_server::memory: cold build admission wait seconds=4.2155e-5 admitted=true
2026-09-09T17:53:45.618813Z DEBUG transparent_shard_server::runtime: runtime stage key=("16b8227360ce35dd2e111156f5e31fd5eb500ff877879a212fef6cf8471de8a5", Pages, 0) seconds=5.3392e-5 hit=false stage="disk_restore"
2026-09-09T17:53:45.739231Z DEBUG transparent_shard_server::runtime: runtime stage key=("b16be2933ab920bc4745ea8917e5167a7a685c211e0b4febe88b4d3018f970bc", Directory, 0) seconds=0.120393261 stage="source_load"
2026-09-09T17:53:46.033117Z DEBUG transparent_shard_server::runtime: construction stage geometry="recent-8k" table="directory" seconds=0.293833938 stage="encode_database"
2026-09-09T17:53:46.033263Z DEBUG transparent_shard_server::runtime: construction stage geometry="recent-8k" table="directory" seconds=7.6466e-5 stage="public_setup"
2026-09-09T17:53:46.586412Z DEBUG transparent_shard_server::runtime: construction stage geometry="recent-8k" table="directory" seconds=0.55313994 stage="hint_columns"
2026-09-09T17:53:49.700262Z DEBUG transparent_shard_server::runtime: construction stage geometry="recent-8k" table="directory" seconds=3.113797555 stage="pack_preprocessing"
2026-09-09T17:53:49.700566Z DEBUG transparent_shard_server::runtime: construction stage geometry="recent-8k" table="directory" seconds=0.000263431 stage="publish_parameters"
2026-09-09T17:53:49.700985Z DEBUG transparent_shard_server::runtime: runtime stage key=("b16be2933ab920bc4745ea8917e5167a7a685c211e0b4febe88b4d3018f970bc", Directory, 0) seconds=3.9617058099999998 stage="runtime_build"
2026-09-09T17:53:50.420206Z DEBUG transparent_shard_server::runtime: runtime stage key=("b16be2933ab920bc4745ea8917e5167a7a685c211e0b4febe88b4d3018f970bc", Directory, 0) seconds=0.719208389 stage="disk_save"
2026-09-09T17:53:50.420330Z DEBUG transparent_shard_server::runtime: runtime stage key=("1cd27964911287b2a127c1f8df5e6b0c19f5b4db309391c5adb2db3072bfec6e", Directory, 0) seconds=1.966e-6 stage="restore_slot"
2026-09-09T17:53:50.420449Z DEBUG transparent_shard_server::runtime: runtime stage key=("b16be2933ab920bc4745ea8917e5167a7a685c211e0b4febe88b4d3018f970bc", Pages, 0) seconds=14.411672459 stage="build_slot"
2026-09-09T17:53:50.420494Z DEBUG transparent_shard_server::memory: cold build admission wait seconds=3.4839e-5 admitted=true
2026-09-09T17:53:50.420492Z DEBUG transparent_shard_server::runtime: runtime stage key=("1cd27964911287b2a127c1f8df5e6b0c19f5b4db309391c5adb2db3072bfec6e", Directory, 0) seconds=3.8909e-5 hit=false stage="disk_restore"
2026-09-09T17:53:50.545393Z DEBUG transparent_shard_server::runtime: runtime stage key=("b16be2933ab920bc4745ea8917e5167a7a685c211e0b4febe88b4d3018f970bc", Pages, 0) seconds=0.124862637 stage="source_load"
2026-09-09T17:53:50.833891Z DEBUG transparent_shard_server::runtime: construction stage geometry="recent-8k" table="pages" seconds=0.288446875 stage="encode_database"
2026-09-09T17:53:50.834006Z DEBUG transparent_shard_server::runtime: construction stage geometry="recent-8k" table="pages" seconds=7.1783e-5 stage="public_setup"
2026-09-09T17:53:51.398678Z DEBUG transparent_shard_server::runtime: construction stage geometry="recent-8k" table="pages" seconds=0.564664103 stage="hint_columns"
test burst::publication_burst_under_exact_load has been running for over 60 seconds
2026-09-09T17:53:54.514526Z DEBUG transparent_shard_server::runtime: construction stage geometry="recent-8k" table="pages" seconds=3.115806765 stage="pack_preprocessing"
2026-09-09T17:53:54.514831Z DEBUG transparent_shard_server::runtime: construction stage geometry="recent-8k" table="pages" seconds=0.000263928 stage="publish_parameters"
2026-09-09T17:53:54.515251Z DEBUG transparent_shard_server::runtime: runtime stage key=("b16be2933ab920bc4745ea8917e5167a7a685c211e0b4febe88b4d3018f970bc", Pages, 0) seconds=3.9698088499999997 stage="runtime_build"
2026-09-09T17:53:55.227139Z DEBUG transparent_shard_server::runtime: runtime stage key=("b16be2933ab920bc4745ea8917e5167a7a685c211e0b4febe88b4d3018f970bc", Pages, 0) seconds=0.711872651 stage="disk_save"
2026-09-09T17:53:55.227338Z DEBUG transparent_shard_server::runtime: runtime stage key=("1cd27964911287b2a127c1f8df5e6b0c19f5b4db309391c5adb2db3072bfec6e", Pages, 0) seconds=2.025e-6 stage="restore_slot"
2026-09-09T17:53:55.227470Z DEBUG transparent_shard_server::runtime: runtime stage key=("16b8227360ce35dd2e111156f5e31fd5eb500ff877879a212fef6cf8471de8a5", Directory, 0) seconds=14.410271087 stage="build_slot"
2026-09-09T17:53:55.227527Z DEBUG transparent_shard_server::memory: cold build admission wait seconds=2.8741e-5 admitted=true
2026-09-09T17:53:55.227541Z DEBUG transparent_shard_server::runtime: runtime stage key=("1cd27964911287b2a127c1f8df5e6b0c19f5b4db309391c5adb2db3072bfec6e", Pages, 0) seconds=4.3665e-5 hit=false stage="disk_restore"
2026-09-09T17:53:55.349300Z DEBUG transparent_shard_server::runtime: runtime stage key=("16b8227360ce35dd2e111156f5e31fd5eb500ff877879a212fef6cf8471de8a5", Directory, 0) seconds=0.121728783 stage="source_load"
2026-09-09T17:53:55.637163Z DEBUG transparent_shard_server::runtime: construction stage geometry="recent-8k" table="directory" seconds=0.287814273 stage="encode_database"
2026-09-09T17:53:55.637288Z DEBUG transparent_shard_server::runtime: construction stage geometry="recent-8k" table="directory" seconds=7.5277e-5 stage="public_setup"
2026-09-09T17:53:56.186406Z DEBUG transparent_shard_server::runtime: construction stage geometry="recent-8k" table="directory" seconds=0.549111476 stage="hint_columns"
2026-09-09T17:53:59.352976Z DEBUG transparent_shard_server::runtime: construction stage geometry="recent-8k" table="directory" seconds=3.16652237 stage="pack_preprocessing"
2026-09-09T17:53:59.353309Z DEBUG transparent_shard_server::runtime: construction stage geometry="recent-8k" table="directory" seconds=0.000284128 stage="publish_parameters"
2026-09-09T17:53:59.353817Z DEBUG transparent_shard_server::runtime: runtime stage key=("16b8227360ce35dd2e111156f5e31fd5eb500ff877879a212fef6cf8471de8a5", Directory, 0) seconds=4.004469229 stage="runtime_build"
2026-09-09T17:54:00.060362Z DEBUG transparent_shard_server::runtime: runtime stage key=("16b8227360ce35dd2e111156f5e31fd5eb500ff877879a212fef6cf8471de8a5", Directory, 0) seconds=0.706525114 stage="disk_save"
2026-09-09T17:54:00.060482Z DEBUG transparent_shard_server::runtime: runtime stage key=("27f56c565263ecffb8c7736d4e811665d81bf4ed71c7978431fcc4f45b645ee1", Directory, 0) seconds=1.611e-6 stage="restore_slot"
2026-09-09T17:54:00.060597Z DEBUG transparent_shard_server::runtime: runtime stage key=("16b8227360ce35dd2e111156f5e31fd5eb500ff877879a212fef6cf8471de8a5", Pages, 0) seconds=14.441750988999999 stage="build_slot"
2026-09-09T17:54:00.060650Z DEBUG transparent_shard_server::memory: cold build admission wait seconds=4.3842e-5 admitted=true
2026-09-09T17:54:00.060657Z DEBUG transparent_shard_server::runtime: runtime stage key=("27f56c565263ecffb8c7736d4e811665d81bf4ed71c7978431fcc4f45b645ee1", Directory, 0) seconds=4.9849e-5 hit=false stage="disk_restore"
2026-09-09T17:54:00.183349Z DEBUG transparent_shard_server::runtime: runtime stage key=("16b8227360ce35dd2e111156f5e31fd5eb500ff877879a212fef6cf8471de8a5", Pages, 0) seconds=0.122673643 stage="source_load"
2026-09-09T17:54:00.479463Z DEBUG transparent_shard_server::runtime: construction stage geometry="recent-8k" table="pages" seconds=0.296065579 stage="encode_database"
2026-09-09T17:54:00.479582Z DEBUG transparent_shard_server::runtime: construction stage geometry="recent-8k" table="pages" seconds=7.5204e-5 stage="public_setup"
2026-09-09T17:54:01.050044Z DEBUG transparent_shard_server::runtime: construction stage geometry="recent-8k" table="pages" seconds=0.57045438 stage="hint_columns"
2026-09-09T17:54:04.194688Z DEBUG transparent_shard_server::runtime: construction stage geometry="recent-8k" table="pages" seconds=3.144599618 stage="pack_preprocessing"
2026-09-09T17:54:04.194998Z DEBUG transparent_shard_server::runtime: construction stage geometry="recent-8k" table="pages" seconds=0.00026575 stage="publish_parameters"
2026-09-09T17:54:04.195438Z DEBUG transparent_shard_server::runtime: runtime stage key=("16b8227360ce35dd2e111156f5e31fd5eb500ff877879a212fef6cf8471de8a5", Pages, 0) seconds=4.012043055 stage="runtime_build"
2026-09-09T17:54:04.904293Z DEBUG transparent_shard_server::runtime: runtime stage key=("16b8227360ce35dd2e111156f5e31fd5eb500ff877879a212fef6cf8471de8a5", Pages, 0) seconds=0.708837096 stage="disk_save"
2026-09-09T17:54:04.904415Z DEBUG transparent_shard_server::runtime: runtime stage key=("27f56c565263ecffb8c7736d4e811665d81bf4ed71c7978431fcc4f45b645ee1", Pages, 0) seconds=1.431e-6 stage="restore_slot"
2026-09-09T17:54:04.904538Z DEBUG transparent_shard_server::runtime: runtime stage key=("1cd27964911287b2a127c1f8df5e6b0c19f5b4db309391c5adb2db3072bfec6e", Directory, 0) seconds=14.483992687 stage="build_slot"
2026-09-09T17:54:04.904570Z DEBUG transparent_shard_server::memory: cold build admission wait seconds=2.4948e-5 admitted=true
2026-09-09T17:54:04.904595Z DEBUG transparent_shard_server::runtime: runtime stage key=("27f56c565263ecffb8c7736d4e811665d81bf4ed71c7978431fcc4f45b645ee1", Pages, 0) seconds=4.7104e-5 hit=false stage="disk_restore"
2026-09-09T17:54:05.026348Z DEBUG transparent_shard_server::runtime: runtime stage key=("1cd27964911287b2a127c1f8df5e6b0c19f5b4db309391c5adb2db3072bfec6e", Directory, 0) seconds=0.121748021 stage="source_load"
2026-09-09T17:54:05.317778Z DEBUG transparent_shard_server::runtime: construction stage geometry="recent-8k" table="directory" seconds=0.291380559 stage="encode_database"
2026-09-09T17:54:05.317897Z DEBUG transparent_shard_server::runtime: construction stage geometry="recent-8k" table="directory" seconds=7.5143e-5 stage="public_setup"
2026-09-09T17:54:05.838999Z DEBUG transparent_shard_server::runtime: construction stage geometry="recent-8k" table="directory" seconds=0.521094284 stage="hint_columns"
2026-09-09T17:54:08.947441Z DEBUG transparent_shard_server::runtime: construction stage geometry="recent-8k" table="directory" seconds=3.108401385 stage="pack_preprocessing"
2026-09-09T17:54:08.947749Z DEBUG transparent_shard_server::runtime: construction stage geometry="recent-8k" table="directory" seconds=0.000264708 stage="publish_parameters"
2026-09-09T17:54:08.948194Z DEBUG transparent_shard_server::runtime: runtime stage key=("1cd27964911287b2a127c1f8df5e6b0c19f5b4db309391c5adb2db3072bfec6e", Directory, 0) seconds=3.921798222 stage="runtime_build"
2026-09-09T17:54:09.667797Z DEBUG transparent_shard_server::runtime: runtime stage key=("1cd27964911287b2a127c1f8df5e6b0c19f5b4db309391c5adb2db3072bfec6e", Directory, 0) seconds=0.719584895 stage="disk_save"
2026-09-09T17:54:09.667924Z DEBUG transparent_shard_server::runtime: runtime stage key=("ced665ae1f1140944bcd0c9aa2b83c1019df768df87fa513f9509106fc5b88c1", Directory, 0) seconds=1.585e-6 stage="restore_slot"
2026-09-09T17:54:09.668032Z DEBUG transparent_shard_server::runtime: runtime stage key=("1cd27964911287b2a127c1f8df5e6b0c19f5b4db309391c5adb2db3072bfec6e", Pages, 0) seconds=14.440447781 stage="build_slot"
2026-09-09T17:54:09.668063Z DEBUG transparent_shard_server::memory: cold build admission wait seconds=2.4877e-5 admitted=true
2026-09-09T17:54:09.668073Z DEBUG transparent_shard_server::runtime: runtime stage key=("ced665ae1f1140944bcd0c9aa2b83c1019df768df87fa513f9509106fc5b88c1", Directory, 0) seconds=3.779e-5 hit=false stage="disk_restore"
2026-09-09T17:54:09.791297Z DEBUG transparent_shard_server::runtime: runtime stage key=("1cd27964911287b2a127c1f8df5e6b0c19f5b4db309391c5adb2db3072bfec6e", Pages, 0) seconds=0.123200368 stage="source_load"
2026-09-09T17:54:10.082814Z DEBUG transparent_shard_server::runtime: construction stage geometry="recent-8k" table="pages" seconds=0.291470751 stage="encode_database"
2026-09-09T17:54:10.082934Z DEBUG transparent_shard_server::runtime: construction stage geometry="recent-8k" table="pages" seconds=7.5208e-5 stage="public_setup"
2026-09-09T17:54:10.645983Z DEBUG transparent_shard_server::runtime: construction stage geometry="recent-8k" table="pages" seconds=0.563041519 stage="hint_columns"
2026-09-09T17:54:13.820401Z DEBUG transparent_shard_server::runtime: construction stage geometry="recent-8k" table="pages" seconds=3.174373949 stage="pack_preprocessing"
2026-09-09T17:54:13.820728Z DEBUG transparent_shard_server::runtime: construction stage geometry="recent-8k" table="pages" seconds=0.000283546 stage="publish_parameters"
2026-09-09T17:54:13.821202Z DEBUG transparent_shard_server::runtime: runtime stage key=("1cd27964911287b2a127c1f8df5e6b0c19f5b4db309391c5adb2db3072bfec6e", Pages, 0) seconds=4.029859852 stage="runtime_build"
2026-09-09T17:54:14.546407Z DEBUG transparent_shard_server::runtime: runtime stage key=("1cd27964911287b2a127c1f8df5e6b0c19f5b4db309391c5adb2db3072bfec6e", Pages, 0) seconds=0.725185677 stage="disk_save"
2026-09-09T17:54:14.546543Z DEBUG transparent_shard_server::runtime: runtime stage key=("ced665ae1f1140944bcd0c9aa2b83c1019df768df87fa513f9509106fc5b88c1", Pages, 0) seconds=1.352e-6 stage="restore_slot"
2026-09-09T17:54:14.546652Z DEBUG transparent_shard_server::runtime: runtime stage key=("27f56c565263ecffb8c7736d4e811665d81bf4ed71c7978431fcc4f45b645ee1", Directory, 0) seconds=14.485956993 stage="build_slot"
2026-09-09T17:54:14.546684Z DEBUG transparent_shard_server::memory: cold build admission wait seconds=2.4706e-5 admitted=true
2026-09-09T17:54:14.546718Z DEBUG transparent_shard_server::runtime: runtime stage key=("ced665ae1f1140944bcd0c9aa2b83c1019df768df87fa513f9509106fc5b88c1", Pages, 0) seconds=5.8143e-5 hit=false stage="disk_restore"
2026-09-09T17:54:14.670568Z DEBUG transparent_shard_server::runtime: runtime stage key=("27f56c565263ecffb8c7736d4e811665d81bf4ed71c7978431fcc4f45b645ee1", Directory, 0) seconds=0.123859496 stage="source_load"
2026-09-09T17:54:14.964238Z DEBUG transparent_shard_server::runtime: construction stage geometry="recent-8k" table="directory" seconds=0.293619731 stage="encode_database"
2026-09-09T17:54:14.964364Z DEBUG transparent_shard_server::runtime: construction stage geometry="recent-8k" table="directory" seconds=7.9745e-5 stage="public_setup"
2026-09-09T17:54:15.490420Z DEBUG transparent_shard_server::runtime: construction stage geometry="recent-8k" table="directory" seconds=0.526048411 stage="hint_columns"
2026-09-09T17:54:18.639458Z DEBUG transparent_shard_server::runtime: construction stage geometry="recent-8k" table="directory" seconds=3.148989602 stage="pack_preprocessing"
2026-09-09T17:54:18.639820Z DEBUG transparent_shard_server::runtime: construction stage geometry="recent-8k" table="directory" seconds=0.000304282 stage="publish_parameters"
2026-09-09T17:54:18.640286Z DEBUG transparent_shard_server::runtime: runtime stage key=("27f56c565263ecffb8c7736d4e811665d81bf4ed71c7978431fcc4f45b645ee1", Directory, 0) seconds=3.969670481 stage="runtime_build"
2026-09-09T17:54:19.376441Z DEBUG transparent_shard_server::runtime: runtime stage key=("27f56c565263ecffb8c7736d4e811665d81bf4ed71c7978431fcc4f45b645ee1", Directory, 0) seconds=0.736132314 stage="disk_save"
2026-09-09T17:54:19.376559Z DEBUG transparent_shard_server::runtime: runtime stage key=("2d4497bf9e8bafc6139ee4e57114238a7ecfa0782702939922bf2a79b1fe05bf", Directory, 0) seconds=1.91e-6 stage="restore_slot"
2026-09-09T17:54:19.376660Z DEBUG transparent_shard_server::runtime: runtime stage key=("27f56c565263ecffb8c7736d4e811665d81bf4ed71c7978431fcc4f45b645ee1", Pages, 0) seconds=14.472027393 stage="build_slot"
2026-09-09T17:54:19.376690Z DEBUG transparent_shard_server::memory: cold build admission wait seconds=2.4025e-5 admitted=true
2026-09-09T17:54:19.376729Z DEBUG transparent_shard_server::runtime: runtime stage key=("2d4497bf9e8bafc6139ee4e57114238a7ecfa0782702939922bf2a79b1fe05bf", Directory, 0) seconds=5.5394e-5 hit=false stage="disk_restore"
2026-09-09T17:54:19.497606Z DEBUG transparent_shard_server::runtime: runtime stage key=("27f56c565263ecffb8c7736d4e811665d81bf4ed71c7978431fcc4f45b645ee1", Pages, 0) seconds=0.120888647 stage="source_load"
2026-09-09T17:54:19.789201Z DEBUG transparent_shard_server::runtime: construction stage geometry="recent-8k" table="pages" seconds=0.29153525 stage="encode_database"
2026-09-09T17:54:19.789329Z DEBUG transparent_shard_server::runtime: construction stage geometry="recent-8k" table="pages" seconds=8.1805e-5 stage="public_setup"
2026-09-09T17:54:20.355647Z DEBUG transparent_shard_server::runtime: construction stage geometry="recent-8k" table="pages" seconds=0.566310598 stage="hint_columns"
2026-09-09T17:54:23.518346Z DEBUG transparent_shard_server::runtime: construction stage geometry="recent-8k" table="pages" seconds=3.162655841 stage="pack_preprocessing"
2026-09-09T17:54:23.518655Z DEBUG transparent_shard_server::runtime: construction stage geometry="recent-8k" table="pages" seconds=0.000267651 stage="publish_parameters"
2026-09-09T17:54:23.519089Z DEBUG transparent_shard_server::runtime: runtime stage key=("27f56c565263ecffb8c7736d4e811665d81bf4ed71c7978431fcc4f45b645ee1", Pages, 0) seconds=4.021433471 stage="runtime_build"
2026-09-09T17:54:24.271252Z DEBUG transparent_shard_server::runtime: runtime stage key=("27f56c565263ecffb8c7736d4e811665d81bf4ed71c7978431fcc4f45b645ee1", Pages, 0) seconds=0.752149006 stage="disk_save"
2026-09-09T17:54:24.271378Z DEBUG transparent_shard_server::runtime: runtime stage key=("2d4497bf9e8bafc6139ee4e57114238a7ecfa0782702939922bf2a79b1fe05bf", Pages, 0) seconds=1.75e-6 stage="restore_slot"
2026-09-09T17:54:24.271493Z DEBUG transparent_shard_server::runtime: runtime stage key=("ced665ae1f1140944bcd0c9aa2b83c1019df768df87fa513f9509106fc5b88c1", Directory, 0) seconds=14.60338129 stage="build_slot"
2026-09-09T17:54:24.271526Z DEBUG transparent_shard_server::memory: cold build admission wait seconds=2.6099e-5 admitted=true
2026-09-09T17:54:24.271536Z DEBUG transparent_shard_server::runtime: runtime stage key=("2d4497bf9e8bafc6139ee4e57114238a7ecfa0782702939922bf2a79b1fe05bf", Pages, 0) seconds=3.8886e-5 hit=false stage="disk_restore"
2026-09-09T17:54:24.392966Z DEBUG transparent_shard_server::runtime: runtime stage key=("ced665ae1f1140944bcd0c9aa2b83c1019df768df87fa513f9509106fc5b88c1", Directory, 0) seconds=0.12140589 stage="source_load"
2026-09-09T17:54:24.683763Z DEBUG transparent_shard_server::runtime: construction stage geometry="recent-8k" table="directory" seconds=0.290750449 stage="encode_database"
2026-09-09T17:54:24.683883Z DEBUG transparent_shard_server::runtime: construction stage geometry="recent-8k" table="directory" seconds=7.6882e-5 stage="public_setup"
2026-09-09T17:54:25.210484Z DEBUG transparent_shard_server::runtime: construction stage geometry="recent-8k" table="directory" seconds=0.526594019 stage="hint_columns"
2026-09-09T17:54:28.403054Z DEBUG transparent_shard_server::runtime: construction stage geometry="recent-8k" table="directory" seconds=3.192532286 stage="pack_preprocessing"
2026-09-09T17:54:28.403355Z DEBUG transparent_shard_server::runtime: construction stage geometry="recent-8k" table="directory" seconds=0.000262986 stage="publish_parameters"
2026-09-09T17:54:28.403838Z DEBUG transparent_shard_server::runtime: runtime stage key=("ced665ae1f1140944bcd0c9aa2b83c1019df768df87fa513f9509106fc5b88c1", Directory, 0) seconds=4.010827844 stage="runtime_build"
2026-09-09T17:54:29.142100Z DEBUG transparent_shard_server::runtime: runtime stage key=("ced665ae1f1140944bcd0c9aa2b83c1019df768df87fa513f9509106fc5b88c1", Directory, 0) seconds=0.738249788 stage="disk_save"
2026-09-09T17:54:29.142224Z DEBUG transparent_shard_server::runtime: runtime stage key=("a4bd72b37c0aafb265c77bb09cbc402cf69b65a87a1fabc8a0f12614b35469be", Directory, 0) seconds=2.008e-6 stage="restore_slot"
2026-09-09T17:54:29.142330Z DEBUG transparent_shard_server::runtime: runtime stage key=("ced665ae1f1140944bcd0c9aa2b83c1019df768df87fa513f9509106fc5b88c1", Pages, 0) seconds=14.595577685 stage="build_slot"
2026-09-09T17:54:29.142361Z DEBUG transparent_shard_server::memory: cold build admission wait seconds=2.4784e-5 admitted=true
2026-09-09T17:54:29.142384Z DEBUG transparent_shard_server::runtime: runtime stage key=("a4bd72b37c0aafb265c77bb09cbc402cf69b65a87a1fabc8a0f12614b35469be", Directory, 0) seconds=4.5576e-5 hit=false stage="disk_restore"
2026-09-09T17:54:29.261103Z DEBUG transparent_shard_server::runtime: runtime stage key=("ced665ae1f1140944bcd0c9aa2b83c1019df768df87fa513f9509106fc5b88c1", Pages, 0) seconds=0.118708891 stage="source_load"
2026-09-09T17:54:29.549818Z DEBUG transparent_shard_server::runtime: construction stage geometry="recent-8k" table="pages" seconds=0.288665768 stage="encode_database"
2026-09-09T17:54:29.549934Z DEBUG transparent_shard_server::runtime: construction stage geometry="recent-8k" table="pages" seconds=7.1172e-5 stage="public_setup"
2026-09-09T17:54:30.104662Z DEBUG transparent_shard_server::runtime: construction stage geometry="recent-8k" table="pages" seconds=0.554720538 stage="hint_columns"
2026-09-09T17:54:33.316938Z DEBUG transparent_shard_server::runtime: construction stage geometry="recent-8k" table="pages" seconds=3.212215743 stage="pack_preprocessing"
2026-09-09T17:54:33.317264Z DEBUG transparent_shard_server::runtime: construction stage geometry="recent-8k" table="pages" seconds=0.00028513 stage="publish_parameters"
2026-09-09T17:54:33.317697Z DEBUG transparent_shard_server::runtime: runtime stage key=("ced665ae1f1140944bcd0c9aa2b83c1019df768df87fa513f9509106fc5b88c1", Pages, 0) seconds=4.056546803 stage="runtime_build"
2026-09-09T17:54:34.058519Z DEBUG transparent_shard_server::runtime: runtime stage key=("ced665ae1f1140944bcd0c9aa2b83c1019df768df87fa513f9509106fc5b88c1", Pages, 0) seconds=0.740808797 stage="disk_save"
2026-09-09T17:54:34.058624Z DEBUG transparent_shard_server::runtime: runtime stage key=("a4bd72b37c0aafb265c77bb09cbc402cf69b65a87a1fabc8a0f12614b35469be", Pages, 0) seconds=1.179e-6 stage="restore_slot"
2026-09-09T17:54:34.058737Z DEBUG transparent_shard_server::runtime: runtime stage key=("2d4497bf9e8bafc6139ee4e57114238a7ecfa0782702939922bf2a79b1fe05bf", Directory, 0) seconds=14.681972714 stage="build_slot"
2026-09-09T17:54:34.058772Z DEBUG transparent_shard_server::memory: cold build admission wait seconds=2.6178e-5 admitted=true
2026-09-09T17:54:34.058780Z DEBUG transparent_shard_server::runtime: runtime stage key=("a4bd72b37c0aafb265c77bb09cbc402cf69b65a87a1fabc8a0f12614b35469be", Pages, 0) seconds=3.7717e-5 hit=false stage="disk_restore"
2026-09-09T17:54:34.180595Z DEBUG transparent_shard_server::runtime: runtime stage key=("2d4497bf9e8bafc6139ee4e57114238a7ecfa0782702939922bf2a79b1fe05bf", Directory, 0) seconds=0.121794573 stage="source_load"
2026-09-09T17:54:34.469298Z DEBUG transparent_shard_server::runtime: construction stage geometry="recent-8k" table="directory" seconds=0.288633299 stage="encode_database"
2026-09-09T17:54:34.469423Z DEBUG transparent_shard_server::runtime: construction stage geometry="recent-8k" table="directory" seconds=7.6635e-5 stage="public_setup"
2026-09-09T17:54:35.015275Z DEBUG transparent_shard_server::runtime: construction stage geometry="recent-8k" table="directory" seconds=0.545842537 stage="hint_columns"
2026-09-09T17:54:38.169244Z DEBUG transparent_shard_server::runtime: construction stage geometry="recent-8k" table="directory" seconds=3.153922886 stage="pack_preprocessing"
2026-09-09T17:54:38.169565Z DEBUG transparent_shard_server::runtime: construction stage geometry="recent-8k" table="directory" seconds=0.000277134 stage="publish_parameters"
2026-09-09T17:54:38.170000Z DEBUG transparent_shard_server::runtime: runtime stage key=("2d4497bf9e8bafc6139ee4e57114238a7ecfa0782702939922bf2a79b1fe05bf", Directory, 0) seconds=3.98933745 stage="runtime_build"
2026-09-09T17:54:38.897841Z DEBUG transparent_shard_server::runtime: runtime stage key=("2d4497bf9e8bafc6139ee4e57114238a7ecfa0782702939922bf2a79b1fe05bf", Directory, 0) seconds=0.727822026 stage="disk_save"
2026-09-09T17:54:38.897960Z DEBUG transparent_shard_server::runtime: runtime stage key=("c907a0aa45b2551520863990845279fd25135889865e088c2dad6ea0d32b8fde", Directory, 0) seconds=1.488e-6 stage="restore_slot"
2026-09-09T17:54:38.898028Z DEBUG transparent_shard_server::runtime: runtime stage key=("2d4497bf9e8bafc6139ee4e57114238a7ecfa0782702939922bf2a79b1fe05bf", Pages, 0) seconds=14.626456207 stage="build_slot"
2026-09-09T17:54:38.898241Z DEBUG transparent_shard_server::memory: cold build admission wait seconds=0.000204254 admitted=true
2026-09-09T17:54:38.898435Z DEBUG transparent_shard_server::runtime: runtime stage key=("c907a0aa45b2551520863990845279fd25135889865e088c2dad6ea0d32b8fde", Directory, 0) seconds=3.887e-5 hit=false stage="disk_restore"
2026-09-09T17:54:39.021751Z DEBUG transparent_shard_server::runtime: runtime stage key=("2d4497bf9e8bafc6139ee4e57114238a7ecfa0782702939922bf2a79b1fe05bf", Pages, 0) seconds=0.123466927 stage="source_load"
2026-09-09T17:54:39.312260Z DEBUG transparent_shard_server::runtime: construction stage geometry="recent-8k" table="pages" seconds=0.290461851 stage="encode_database"
2026-09-09T17:54:39.312399Z DEBUG transparent_shard_server::runtime: construction stage geometry="recent-8k" table="pages" seconds=7.8607e-5 stage="public_setup"
2026-09-09T17:54:39.891154Z DEBUG transparent_shard_server::runtime: construction stage geometry="recent-8k" table="pages" seconds=0.578748051 stage="hint_columns"
2026-09-09T17:54:43.061626Z DEBUG transparent_shard_server::runtime: construction stage geometry="recent-8k" table="pages" seconds=3.170415533 stage="pack_preprocessing"
2026-09-09T17:54:43.061922Z DEBUG transparent_shard_server::runtime: construction stage geometry="recent-8k" table="pages" seconds=0.000256505 stage="publish_parameters"
2026-09-09T17:54:43.062388Z DEBUG transparent_shard_server::runtime: runtime stage key=("2d4497bf9e8bafc6139ee4e57114238a7ecfa0782702939922bf2a79b1fe05bf", Pages, 0) seconds=4.040590787 stage="runtime_build"
2026-09-09T17:54:43.789369Z DEBUG transparent_shard_server::runtime: runtime stage key=("2d4497bf9e8bafc6139ee4e57114238a7ecfa0782702939922bf2a79b1fe05bf", Pages, 0) seconds=0.726961895 stage="disk_save"
2026-09-09T17:54:43.789471Z DEBUG transparent_shard_server::runtime: runtime stage key=("c907a0aa45b2551520863990845279fd25135889865e088c2dad6ea0d32b8fde", Pages, 0) seconds=1.509e-6 stage="restore_slot"
2026-09-09T17:54:43.789565Z DEBUG transparent_shard_server::runtime: runtime stage key=("a4bd72b37c0aafb265c77bb09cbc402cf69b65a87a1fabc8a0f12614b35469be", Directory, 0) seconds=14.647143404 stage="build_slot"
2026-09-09T17:54:43.789596Z DEBUG transparent_shard_server::memory: cold build admission wait seconds=2.4302e-5 admitted=true
2026-09-09T17:54:43.789618Z DEBUG transparent_shard_server::runtime: runtime stage key=("c907a0aa45b2551520863990845279fd25135889865e088c2dad6ea0d32b8fde", Pages, 0) seconds=4.4034e-5 hit=false stage="disk_restore"
2026-09-09T17:54:43.912452Z DEBUG transparent_shard_server::runtime: runtime stage key=("a4bd72b37c0aafb265c77bb09cbc402cf69b65a87a1fabc8a0f12614b35469be", Directory, 0) seconds=0.122832602 stage="source_load"
2026-09-09T17:54:44.203921Z DEBUG transparent_shard_server::runtime: construction stage geometry="recent-8k" table="directory" seconds=0.291419346 stage="encode_database"
2026-09-09T17:54:44.204042Z DEBUG transparent_shard_server::runtime: construction stage geometry="recent-8k" table="directory" seconds=7.7238e-5 stage="public_setup"
2026-09-09T17:54:44.749487Z DEBUG transparent_shard_server::runtime: construction stage geometry="recent-8k" table="directory" seconds=0.545438836 stage="hint_columns"
2026-09-09T17:54:47.924935Z DEBUG transparent_shard_server::runtime: construction stage geometry="recent-8k" table="directory" seconds=3.175404053 stage="pack_preprocessing"
2026-09-09T17:54:47.925260Z DEBUG transparent_shard_server::runtime: construction stage geometry="recent-8k" table="directory" seconds=0.00028015 stage="publish_parameters"
2026-09-09T17:54:47.925728Z DEBUG transparent_shard_server::runtime: runtime stage key=("a4bd72b37c0aafb265c77bb09cbc402cf69b65a87a1fabc8a0f12614b35469be", Directory, 0) seconds=4.013227783 stage="runtime_build"
2026-09-09T17:54:48.678187Z DEBUG transparent_shard_server::runtime: runtime stage key=("a4bd72b37c0aafb265c77bb09cbc402cf69b65a87a1fabc8a0f12614b35469be", Directory, 0) seconds=0.752447561 stage="disk_save"
2026-09-09T17:54:48.678368Z DEBUG transparent_shard_server::runtime: runtime stage key=("67574e8d4c7f7c258f8c7488f73e80a9476f8074c3db3540325133ff25020c2b", Directory, 0) seconds=1.349e-6 stage="restore_slot"
2026-09-09T17:54:48.678478Z DEBUG transparent_shard_server::runtime: runtime stage key=("a4bd72b37c0aafb265c77bb09cbc402cf69b65a87a1fabc8a0f12614b35469be", Pages, 0) seconds=14.619660035999999 stage="build_slot"
2026-09-09T17:54:48.678511Z DEBUG transparent_shard_server::memory: cold build admission wait seconds=2.6304e-5 admitted=true
2026-09-09T17:54:48.678539Z DEBUG transparent_shard_server::runtime: runtime stage key=("67574e8d4c7f7c258f8c7488f73e80a9476f8074c3db3540325133ff25020c2b", Directory, 0) seconds=5.0472e-5 hit=false stage="disk_restore"
2026-09-09T17:54:48.801529Z DEBUG transparent_shard_server::runtime: runtime stage key=("a4bd72b37c0aafb265c77bb09cbc402cf69b65a87a1fabc8a0f12614b35469be", Pages, 0) seconds=0.122988858 stage="source_load"
2026-09-09T17:54:49.092113Z DEBUG transparent_shard_server::runtime: construction stage geometry="recent-8k" table="pages" seconds=0.290536402 stage="encode_database"
2026-09-09T17:54:49.092243Z DEBUG transparent_shard_server::runtime: construction stage geometry="recent-8k" table="pages" seconds=8.7007e-5 stage="public_setup"
2026-09-09T17:54:49.666655Z DEBUG transparent_shard_server::runtime: construction stage geometry="recent-8k" table="pages" seconds=0.574402477 stage="hint_columns"
2026-09-09T17:54:52.780542Z DEBUG transparent_shard_server::runtime: construction stage geometry="recent-8k" table="pages" seconds=3.113847841 stage="pack_preprocessing"
2026-09-09T17:54:52.780855Z DEBUG transparent_shard_server::runtime: construction stage geometry="recent-8k" table="pages" seconds=0.00027193 stage="publish_parameters"
2026-09-09T17:54:52.781291Z DEBUG transparent_shard_server::runtime: runtime stage key=("a4bd72b37c0aafb265c77bb09cbc402cf69b65a87a1fabc8a0f12614b35469be", Pages, 0) seconds=3.979716324 stage="runtime_build"
2026-09-09T17:54:53.518475Z DEBUG transparent_shard_server::runtime: runtime stage key=("a4bd72b37c0aafb265c77bb09cbc402cf69b65a87a1fabc8a0f12614b35469be", Pages, 0) seconds=0.737166427 stage="disk_save"
2026-09-09T17:54:53.518596Z DEBUG transparent_shard_server::runtime: runtime stage key=("67574e8d4c7f7c258f8c7488f73e80a9476f8074c3db3540325133ff25020c2b", Pages, 0) seconds=1.69e-6 stage="restore_slot"
2026-09-09T17:54:53.518704Z DEBUG transparent_shard_server::runtime: runtime stage key=("c907a0aa45b2551520863990845279fd25135889865e088c2dad6ea0d32b8fde", Directory, 0) seconds=14.620221128 stage="build_slot"
2026-09-09T17:54:53.518736Z DEBUG transparent_shard_server::memory: cold build admission wait seconds=2.5063e-5 admitted=true
2026-09-09T17:54:53.518741Z DEBUG transparent_shard_server::runtime: runtime stage key=("67574e8d4c7f7c258f8c7488f73e80a9476f8074c3db3540325133ff25020c2b", Pages, 0) seconds=3.4462e-5 hit=false stage="disk_restore"
2026-09-09T17:54:53.641605Z DEBUG transparent_shard_server::runtime: runtime stage key=("c907a0aa45b2551520863990845279fd25135889865e088c2dad6ea0d32b8fde", Directory, 0) seconds=0.122841049 stage="source_load"
2026-09-09T17:54:53.934876Z DEBUG transparent_shard_server::runtime: construction stage geometry="recent-8k" table="directory" seconds=0.293218614 stage="encode_database"
2026-09-09T17:54:53.934998Z DEBUG transparent_shard_server::runtime: construction stage geometry="recent-8k" table="directory" seconds=7.9121e-5 stage="public_setup"
2026-09-09T17:54:54.446447Z DEBUG transparent_shard_server::runtime: construction stage geometry="recent-8k" table="directory" seconds=0.511440416 stage="hint_columns"
2026-09-09T17:54:57.619827Z DEBUG transparent_shard_server::runtime: construction stage geometry="recent-8k" table="directory" seconds=3.173335681 stage="pack_preprocessing"
2026-09-09T17:54:57.620158Z DEBUG transparent_shard_server::runtime: construction stage geometry="recent-8k" table="directory" seconds=0.000289481 stage="publish_parameters"
2026-09-09T17:54:57.620600Z DEBUG transparent_shard_server::runtime: runtime stage key=("c907a0aa45b2551520863990845279fd25135889865e088c2dad6ea0d32b8fde", Directory, 0) seconds=3.978945695 stage="runtime_build"
2026-09-09T17:54:58.359462Z DEBUG transparent_shard_server::runtime: runtime stage key=("c907a0aa45b2551520863990845279fd25135889865e088c2dad6ea0d32b8fde", Directory, 0) seconds=0.738849028 stage="disk_save"
2026-09-09T17:54:58.359582Z DEBUG transparent_shard_server::runtime: runtime stage key=("c907a0aa45b2551520863990845279fd25135889865e088c2dad6ea0d32b8fde", Pages, 0) seconds=14.569928579 stage="build_slot"
2026-09-09T17:54:58.359669Z DEBUG transparent_shard_server::memory: cold build admission wait seconds=6.8784e-5 admitted=true
2026-09-09T17:54:58.481612Z DEBUG transparent_shard_server::runtime: runtime stage key=("c907a0aa45b2551520863990845279fd25135889865e088c2dad6ea0d32b8fde", Pages, 0) seconds=0.121896544 stage="source_load"
2026-09-09T17:54:58.776092Z DEBUG transparent_shard_server::runtime: construction stage geometry="recent-8k" table="pages" seconds=0.2944302 stage="encode_database"
2026-09-09T17:54:58.776223Z DEBUG transparent_shard_server::runtime: construction stage geometry="recent-8k" table="pages" seconds=8.503e-5 stage="public_setup"
2026-09-09T17:54:59.360355Z DEBUG transparent_shard_server::runtime: construction stage geometry="recent-8k" table="pages" seconds=0.584123088 stage="hint_columns"
2026-09-09T17:55:02.561767Z DEBUG transparent_shard_server::runtime: construction stage geometry="recent-8k" table="pages" seconds=3.201364186 stage="pack_preprocessing"
2026-09-09T17:55:02.562078Z DEBUG transparent_shard_server::runtime: construction stage geometry="recent-8k" table="pages" seconds=0.000263621 stage="publish_parameters"
2026-09-09T17:55:02.562521Z DEBUG transparent_shard_server::runtime: runtime stage key=("c907a0aa45b2551520863990845279fd25135889865e088c2dad6ea0d32b8fde", Pages, 0) seconds=4.080861344 stage="runtime_build"
2026-09-09T17:55:03.323659Z DEBUG transparent_shard_server::runtime: runtime stage key=("c907a0aa45b2551520863990845279fd25135889865e088c2dad6ea0d32b8fde", Pages, 0) seconds=0.76111934 stage="disk_save"
2026-09-09T17:55:03.323795Z DEBUG transparent_shard_server::runtime: runtime stage key=("67574e8d4c7f7c258f8c7488f73e80a9476f8074c3db3540325133ff25020c2b", Directory, 0) seconds=14.645207351 stage="build_slot"
2026-09-09T17:55:03.323886Z DEBUG transparent_shard_server::memory: cold build admission wait seconds=7.2318e-5 admitted=true
2026-09-09T17:55:03.449185Z DEBUG transparent_shard_server::runtime: runtime stage key=("67574e8d4c7f7c258f8c7488f73e80a9476f8074c3db3540325133ff25020c2b", Directory, 0) seconds=0.125263392 stage="source_load"
2026-09-09T17:55:03.759180Z DEBUG transparent_shard_server::runtime: construction stage geometry="recent-8k" table="directory" seconds=0.309951802 stage="encode_database"
2026-09-09T17:55:03.759310Z DEBUG transparent_shard_server::runtime: construction stage geometry="recent-8k" table="directory" seconds=8.5607e-5 stage="public_setup"
2026-09-09T17:55:04.292503Z DEBUG transparent_shard_server::runtime: construction stage geometry="recent-8k" table="directory" seconds=0.533185312 stage="hint_columns"
2026-09-09T17:55:07.488853Z DEBUG transparent_shard_server::runtime: construction stage geometry="recent-8k" table="directory" seconds=3.196299267 stage="pack_preprocessing"
2026-09-09T17:55:07.489157Z DEBUG transparent_shard_server::runtime: construction stage geometry="recent-8k" table="directory" seconds=0.000263767 stage="publish_parameters"
2026-09-09T17:55:07.489597Z DEBUG transparent_shard_server::runtime: runtime stage key=("67574e8d4c7f7c258f8c7488f73e80a9476f8074c3db3540325133ff25020c2b", Directory, 0) seconds=4.040370384 stage="runtime_build"
2026-09-09T17:55:08.212354Z DEBUG transparent_shard_server::runtime: runtime stage key=("67574e8d4c7f7c258f8c7488f73e80a9476f8074c3db3540325133ff25020c2b", Directory, 0) seconds=0.722743815 stage="disk_save"
2026-09-09T17:55:08.212443Z DEBUG transparent_shard_server::runtime: runtime stage key=("67574e8d4c7f7c258f8c7488f73e80a9476f8074c3db3540325133ff25020c2b", Pages, 0) seconds=14.693663149 stage="build_slot"
2026-09-09T17:55:08.212549Z DEBUG transparent_shard_server::memory: cold build admission wait seconds=8.3753e-5 admitted=true
2026-09-09T17:55:08.335347Z DEBUG transparent_shard_server::runtime: runtime stage key=("67574e8d4c7f7c258f8c7488f73e80a9476f8074c3db3540325133ff25020c2b", Pages, 0) seconds=0.122757588 stage="source_load"
2026-09-09T17:55:08.623551Z DEBUG transparent_shard_server::runtime: construction stage geometry="recent-8k" table="pages" seconds=0.288161636 stage="encode_database"
2026-09-09T17:55:08.623668Z DEBUG transparent_shard_server::runtime: construction stage geometry="recent-8k" table="pages" seconds=7.618e-5 stage="public_setup"
2026-09-09T17:55:09.178616Z DEBUG transparent_shard_server::runtime: construction stage geometry="recent-8k" table="pages" seconds=0.554925395 stage="hint_columns"
2026-09-09T17:55:12.367376Z DEBUG transparent_shard_server::runtime: construction stage geometry="recent-8k" table="pages" seconds=3.188720064 stage="pack_preprocessing"
2026-09-09T17:55:12.367791Z DEBUG transparent_shard_server::runtime: construction stage geometry="recent-8k" table="pages" seconds=0.000265587 stage="publish_parameters"
2026-09-09T17:55:12.368230Z DEBUG transparent_shard_server::runtime: runtime stage key=("67574e8d4c7f7c258f8c7488f73e80a9476f8074c3db3540325133ff25020c2b", Pages, 0) seconds=4.032843034 stage="runtime_build"
2026-09-09T17:55:13.075641Z DEBUG transparent_shard_server::runtime: runtime stage key=("67574e8d4c7f7c258f8c7488f73e80a9476f8074c3db3540325133ff25020c2b", Pages, 0) seconds=0.707394626 stage="disk_save"
2026-09-09T17:55:13.075712Z  INFO transparent_shard_server::service: prewarm finished warm=28 target=28 failed=0 seconds=136.021130754
2026-09-09T17:55:13.523421Z  INFO transparent_shard_server::runtime: retired runtime memory reclaimed rss_before=5130797056 rss_after=4351053824
2026-09-09T17:55:14.081217Z DEBUG transparent_shard_server::runtime: runtime stage key=("be059aab39ac34125e0452548d6fbcfb1e7cdb7237a597bd59ee86011ed4882b", Directory, 0) seconds=1.19e-6 stage="restore_slot"
2026-09-09T17:55:14.081221Z DEBUG transparent_shard_server::runtime: runtime stage key=("be059aab39ac34125e0452548d6fbcfb1e7cdb7237a597bd59ee86011ed4882b", Pages, 0) seconds=8.31e-7 stage="restore_slot"
2026-09-09T17:55:14.081386Z DEBUG transparent_shard_server::runtime: runtime stage key=("be059aab39ac34125e0452548d6fbcfb1e7cdb7237a597bd59ee86011ed4882b", Directory, 0) seconds=2.9379e-5 hit=false stage="disk_restore"
2026-09-09T17:55:14.081412Z DEBUG transparent_shard_server::runtime: runtime stage key=("be059aab39ac34125e0452548d6fbcfb1e7cdb7237a597bd59ee86011ed4882b", Pages, 0) seconds=1.3392e-5 hit=false stage="disk_restore"
2026-09-09T17:55:14.081424Z DEBUG transparent_shard_server::runtime: runtime stage key=("be059aab39ac34125e0452548d6fbcfb1e7cdb7237a597bd59ee86011ed4882b", Directory, 0) seconds=3.75e-7 stage="build_slot"
2026-09-09T17:55:14.081455Z DEBUG transparent_shard_server::memory: cold build admission wait seconds=2.6263e-5 admitted=true
2026-09-09T17:55:14.215064Z DEBUG transparent_shard_server::runtime: runtime stage key=("be059aab39ac34125e0452548d6fbcfb1e7cdb7237a597bd59ee86011ed4882b", Directory, 0) seconds=0.13358178 stage="source_load"
2026-09-09T17:55:14.529059Z DEBUG transparent_shard_server::runtime: construction stage geometry="recent-8k" table="directory" seconds=0.313962421 stage="encode_database"
2026-09-09T17:55:14.529246Z DEBUG transparent_shard_server::runtime: construction stage geometry="recent-8k" table="directory" seconds=0.000158039 stage="public_setup"
2026-09-09T17:55:15.090974Z DEBUG transparent_shard_server::runtime: construction stage geometry="recent-8k" table="directory" seconds=0.561716362 stage="hint_columns"
2026-09-09T17:55:18.409584Z DEBUG transparent_shard_server::runtime: construction stage geometry="recent-8k" table="directory" seconds=3.318571982 stage="pack_preprocessing"
2026-09-09T17:55:18.409885Z DEBUG transparent_shard_server::runtime: construction stage geometry="recent-8k" table="directory" seconds=0.000269062 stage="publish_parameters"
2026-09-09T17:55:18.410388Z DEBUG transparent_shard_server::runtime: runtime stage key=("be059aab39ac34125e0452548d6fbcfb1e7cdb7237a597bd59ee86011ed4882b", Directory, 0) seconds=4.195292638 stage="runtime_build"
2026-09-09T17:55:19.077555Z DEBUG transparent_shard_server::memory: work memory admission denied current=5715038208 limit=7516192768 held=805306368 requested=268435456
2026-09-09T17:55:19.128705Z DEBUG transparent_shard_server::runtime: runtime stage key=("be059aab39ac34125e0452548d6fbcfb1e7cdb7237a597bd59ee86011ed4882b", Directory, 0) seconds=0.718296694 stage="disk_save"
2026-09-09T17:55:19.128790Z DEBUG transparent_shard_server::runtime: runtime stage key=("be059aab39ac34125e0452548d6fbcfb1e7cdb7237a597bd59ee86011ed4882b", Pages, 0) seconds=5.047363746 stage="build_slot"
2026-09-09T17:55:19.128881Z DEBUG transparent_shard_server::memory: cold build admission wait seconds=5.8682e-5 admitted=true
2026-09-09T17:55:19.266652Z DEBUG transparent_shard_server::runtime: runtime stage key=("be059aab39ac34125e0452548d6fbcfb1e7cdb7237a597bd59ee86011ed4882b", Pages, 0) seconds=0.137754623 stage="source_load"
2026-09-09T17:55:19.573079Z DEBUG transparent_shard_server::runtime: construction stage geometry="recent-8k" table="pages" seconds=0.306393034 stage="encode_database"
2026-09-09T17:55:19.573187Z DEBUG transparent_shard_server::runtime: construction stage geometry="recent-8k" table="pages" seconds=7.0862e-5 stage="public_setup"
2026-09-09T17:55:19.615854Z DEBUG transparent_shard_server::memory: work memory admission denied current=5778292736 limit=7516192768 held=805306368 requested=268435456
2026-09-09T17:55:19.827455Z DEBUG transparent_shard_server::memory: work memory admission denied current=5778026496 limit=7516192768 held=805306368 requested=268435456
2026-09-09T17:55:20.034885Z DEBUG transparent_shard_server::memory: work memory admission denied current=5778010112 limit=7516192768 held=805306368 requested=268435456
2026-09-09T17:55:20.159433Z DEBUG transparent_shard_server::runtime: construction stage geometry="recent-8k" table="pages" seconds=0.586231314 stage="hint_columns"
2026-09-09T17:55:23.512102Z DEBUG transparent_shard_server::runtime: construction stage geometry="recent-8k" table="pages" seconds=3.352632302 stage="pack_preprocessing"
2026-09-09T17:55:23.512406Z DEBUG transparent_shard_server::runtime: construction stage geometry="recent-8k" table="pages" seconds=0.000274922 stage="publish_parameters"
2026-09-09T17:55:23.512832Z DEBUG transparent_shard_server::runtime: runtime stage key=("be059aab39ac34125e0452548d6fbcfb1e7cdb7237a597bd59ee86011ed4882b", Pages, 0) seconds=4.246147625 stage="runtime_build"
2026-09-09T17:55:24.257666Z DEBUG transparent_shard_server::runtime: runtime stage key=("be059aab39ac34125e0452548d6fbcfb1e7cdb7237a597bd59ee86011ed4882b", Pages, 0) seconds=0.744822428 stage="disk_save"
2026-09-09T17:55:24.257785Z  INFO transparent_shard_server::service: prewarm finished warm=28 target=28 failed=0 seconds=10.176641058
2026-09-09T17:55:24.257844Z DEBUG transparent_shard_server::live: publication preparation stages map=32426d9e9300c44558210d8540b636402af2b3c322627f9e9f26e0082b489725 loading_seconds=0.597628818 warming_seconds=10.176733103
2026-09-09T17:55:24.301322Z DEBUG transparent_shard_server::runtime: runtime stage key=("5b7ee9849d47f5ee67d04eb6ca4588beacf42dce75e5a1b481dfd02607b1fb20", Directory, 0) seconds=1.024e-6 stage="restore_slot"
2026-09-09T17:55:24.302825Z  INFO transparent_shard_server::runtime: retired runtime memory reclaimed rss_before=5117624320 rss_after=4419993600
2026-09-09T17:55:24.348824Z DEBUG transparent_shard_server::runtime: runtime stage key=("5b7ee9849d47f5ee67d04eb6ca4588beacf42dce75e5a1b481dfd02607b1fb20", Pages, 0) seconds=9.41e-7 stage="restore_slot"
2026-09-09T17:55:24.865849Z DEBUG transparent_shard_server::runtime: runtime stage key=("268f5c527d35817d37919707b04a706c850d449156baa071b5438dbf8eb53aec", Pages, 0) seconds=9.22e-7 stage="restore_slot"
2026-09-09T17:55:24.865847Z DEBUG transparent_shard_server::runtime: runtime stage key=("268f5c527d35817d37919707b04a706c850d449156baa071b5438dbf8eb53aec", Directory, 0) seconds=5.987e-6 stage="restore_slot"
2026-09-09T17:55:24.865996Z DEBUG transparent_shard_server::runtime: runtime stage key=("268f5c527d35817d37919707b04a706c850d449156baa071b5438dbf8eb53aec", Pages, 0) seconds=2.9457e-5 hit=false stage="disk_restore"
2026-09-09T17:55:24.866014Z DEBUG transparent_shard_server::runtime: runtime stage key=("268f5c527d35817d37919707b04a706c850d449156baa071b5438dbf8eb53aec", Pages, 0) seconds=5.25e-7 stage="build_slot"
2026-09-09T17:55:24.866056Z DEBUG transparent_shard_server::runtime: runtime stage key=("268f5c527d35817d37919707b04a706c850d449156baa071b5438dbf8eb53aec", Directory, 0) seconds=1.3957e-5 hit=false stage="disk_restore"
2026-09-09T17:55:24.866089Z DEBUG transparent_shard_server::memory: cold build admission wait seconds=7.0435e-5 admitted=true
2026-09-09T17:55:25.001137Z DEBUG transparent_shard_server::runtime: runtime stage key=("268f5c527d35817d37919707b04a706c850d449156baa071b5438dbf8eb53aec", Pages, 0) seconds=0.135032466 stage="source_load"
2026-09-09T17:55:25.212032Z DEBUG transparent_shard_server::runtime: runtime stage key=("5b7ee9849d47f5ee67d04eb6ca4588beacf42dce75e5a1b481dfd02607b1fb20", Directory, 0) seconds=0.910471932 hit=true stage="disk_restore"
2026-09-09T17:55:25.255814Z DEBUG transparent_shard_server::runtime: runtime stage key=("5b7ee9849d47f5ee67d04eb6ca4588beacf42dce75e5a1b481dfd02607b1fb20", Pages, 0) seconds=0.906794986 hit=true stage="disk_restore"
2026-09-09T17:55:25.305525Z DEBUG transparent_shard_server::runtime: construction stage geometry="recent-8k" table="pages" seconds=0.304351346 stage="encode_database"
2026-09-09T17:55:25.305635Z DEBUG transparent_shard_server::runtime: construction stage geometry="recent-8k" table="pages" seconds=7.419e-5 stage="public_setup"
2026-09-09T17:55:25.375653Z DEBUG transparent_shard_server::runtime: runtime stage key=("5b7ee9849d47f5ee67d04eb6ca4588beacf42dce75e5a1b481dfd02607b1fb20", Pages, 0) seconds=0.119799448 stage="source_verify"
2026-09-09T17:55:25.375690Z  INFO transparent_shard_server::runtime: restored runtime cache seconds=1.026673646
2026-09-09T17:55:25.397030Z DEBUG transparent_shard_server::runtime: runtime stage key=("5b7ee9849d47f5ee67d04eb6ca4588beacf42dce75e5a1b481dfd02607b1fb20", Directory, 0) seconds=0.18495223 stage="source_verify"
2026-09-09T17:55:25.397069Z  INFO transparent_shard_server::runtime: restored runtime cache seconds=1.095511044
2026-09-09T17:55:25.427632Z DEBUG transparent_shard_server::memory: work memory admission denied current=5808525312 limit=7516192768 held=805306368 requested=268435456
2026-09-09T17:55:25.636180Z DEBUG transparent_shard_server::memory: work memory admission denied current=5808410624 limit=7516192768 held=805306368 requested=268435456
2026-09-09T17:55:25.843470Z DEBUG transparent_shard_server::memory: work memory admission denied current=5808480256 limit=7516192768 held=805306368 requested=268435456
2026-09-09T17:55:25.887375Z DEBUG transparent_shard_server::runtime: construction stage geometry="recent-8k" table="pages" seconds=0.581733533 stage="hint_columns"
2026-09-09T17:55:26.047442Z DEBUG transparent_shard_server::memory: work memory admission denied current=5876015104 limit=7516192768 held=805306368 requested=268435456
2026-09-09T17:55:26.753550Z DEBUG transparent_shard_server::memory: work memory admission denied current=5905469440 limit=7516192768 held=805306368 requested=268435456
2026-09-09T17:55:26.962497Z DEBUG transparent_shard_server::memory: work memory admission denied current=5905055744 limit=7516192768 held=805306368 requested=268435456
2026-09-09T17:55:27.167566Z DEBUG transparent_shard_server::memory: work memory admission denied current=5905317888 limit=7516192768 held=805306368 requested=268435456
2026-09-09T17:55:29.229729Z DEBUG transparent_shard_server::runtime: construction stage geometry="recent-8k" table="pages" seconds=3.342307776 stage="pack_preprocessing"
2026-09-09T17:55:29.230034Z DEBUG transparent_shard_server::runtime: construction stage geometry="recent-8k" table="pages" seconds=0.000274884 stage="publish_parameters"
2026-09-09T17:55:29.230467Z DEBUG transparent_shard_server::runtime: runtime stage key=("268f5c527d35817d37919707b04a706c850d449156baa071b5438dbf8eb53aec", Pages, 0) seconds=4.229296073 stage="runtime_build"
2026-09-09T17:55:29.380530Z DEBUG transparent_shard_server::memory: work memory admission denied current=5901074432 limit=7516192768 held=805306368 requested=268435456
2026-09-09T17:55:29.978817Z DEBUG transparent_shard_server::runtime: runtime stage key=("268f5c527d35817d37919707b04a706c850d449156baa071b5438dbf8eb53aec", Pages, 0) seconds=0.748333253 stage="disk_save"
2026-09-09T17:55:29.978971Z DEBUG transparent_shard_server::runtime: runtime stage key=("268f5c527d35817d37919707b04a706c850d449156baa071b5438dbf8eb53aec", Directory, 0) seconds=5.112875484 stage="build_slot"
2026-09-09T17:55:29.979077Z DEBUG transparent_shard_server::memory: cold build admission wait seconds=8.523e-5 admitted=true
2026-09-09T17:55:30.126351Z DEBUG transparent_shard_server::runtime: runtime stage key=("268f5c527d35817d37919707b04a706c850d449156baa071b5438dbf8eb53aec", Directory, 0) seconds=0.147246508 stage="source_load"
2026-09-09T17:55:30.443793Z DEBUG transparent_shard_server::runtime: construction stage geometry="recent-8k" table="directory" seconds=0.317398677 stage="encode_database"
2026-09-09T17:55:30.443927Z DEBUG transparent_shard_server::runtime: construction stage geometry="recent-8k" table="directory" seconds=9.4319e-5 stage="public_setup"
2026-09-09T17:55:30.549516Z DEBUG transparent_shard_server::memory: work memory admission denied current=5904797696 limit=7516192768 held=805306368 requested=268435456
2026-09-09T17:55:30.754594Z DEBUG transparent_shard_server::memory: work memory admission denied current=5904535552 limit=7516192768 held=805306368 requested=268435456
2026-09-09T17:55:30.961562Z DEBUG transparent_shard_server::memory: work memory admission denied current=5904928768 limit=7516192768 held=805306368 requested=268435456
2026-09-09T17:55:30.986254Z DEBUG transparent_shard_server::runtime: construction stage geometry="recent-8k" table="directory" seconds=0.542319831 stage="hint_columns"
2026-09-09T17:55:31.841541Z DEBUG transparent_shard_server::memory: work memory admission denied current=5905448960 limit=7516192768 held=805306368 requested=268435456
2026-09-09T17:55:32.084529Z DEBUG transparent_shard_server::memory: work memory admission denied current=5905133568 limit=7516192768 held=805306368 requested=268435456
2026-09-09T17:55:33.130528Z DEBUG transparent_shard_server::memory: work memory admission denied current=5905268736 limit=7516192768 held=805306368 requested=268435456
2026-09-09T17:55:34.344561Z DEBUG transparent_shard_server::runtime: construction stage geometry="recent-8k" table="directory" seconds=3.358270334 stage="pack_preprocessing"
2026-09-09T17:55:34.344874Z DEBUG transparent_shard_server::runtime: construction stage geometry="recent-8k" table="directory" seconds=0.000272561 stage="publish_parameters"
2026-09-09T17:55:34.345323Z DEBUG transparent_shard_server::runtime: runtime stage key=("268f5c527d35817d37919707b04a706c850d449156baa071b5438dbf8eb53aec", Directory, 0) seconds=4.218931092 stage="runtime_build"
2026-09-09T17:55:35.072822Z DEBUG transparent_shard_server::runtime: runtime stage key=("268f5c527d35817d37919707b04a706c850d449156baa071b5438dbf8eb53aec", Directory, 0) seconds=0.727480071 stage="disk_save"
2026-09-09T17:55:35.072927Z  INFO transparent_shard_server::service: prewarm finished warm=28 target=28 failed=0 seconds=10.207150153
2026-09-09T17:55:35.072983Z DEBUG transparent_shard_server::live: publication preparation stages map=12cbb58695cd66166197842d179b61598c15effb06ad32efcd899a13e36e7b10 loading_seconds=0.606425652 warming_seconds=10.207267435
test burst::publication_burst_under_exact_load ... ok

test result: ok. 1 passed; 0 failed; 0 ignored; 0 measured; 14 filtered out; finished in 163.56s

Finished with result: success
Main processes terminated with: code=exited/status=0
Service runtime: 2min 43.621s
CPU time consumed: 4min 2.955s
Memory peak: 2.3M
Memory swap peak: 0B
