info: downloading installer
info: profile set to minimal
info: default host tuple is x86_64-unknown-linux-gnu
info: syncing channel updates for 1.91.0-x86_64-unknown-linux-gnu
info: latest update on 2025-10-30 for version 1.91.0 (f8297e351 2025-10-28)
info: downloading 3 components
info: default toolchain set to 1.91.0-x86_64-unknown-linux-gnu

  1.91.0-x86_64-unknown-linux-gnu installed - rustc 1.91.0 (f8297e351 2025-10-28)


Rust is installed now. Great!

To get started you need Cargo's bin directory (/opt/cargo/bin) in your PATH
environment variable. This has not been done automatically.

To configure your current shell, you need to source
the corresponding env file under /opt/cargo.

Consider running the right command for your shell (note the leading DOT):
. "/opt/cargo/env" # For sh/ash/dash/pdksh/bash
cargo:rerun-if-env-changed=CC_x86_64-unknown-linux-gnu
CC_x86_64-unknown-linux-gnu = None
cargo:rerun-if-env-changed=CC_x86_64_unknown_linux_gnu
CC_x86_64_unknown_linux_gnu = None
cargo:rerun-if-env-changed=HOST_CC
HOST_CC = None
cargo:rerun-if-env-changed=CC
CC = None
cargo:rerun-if-env-changed=CC_ENABLE_DEBUG_OUTPUT
cargo:rerun-if-env-changed=CRATE_CC_NO_DEFAULTS
CRATE_CC_NO_DEFAULTS = None
cargo:rerun-if-env-changed=CFLAGS
CFLAGS = None
cargo:rerun-if-env-changed=HOST_CFLAGS
HOST_CFLAGS = None
cargo:rerun-if-env-changed=CFLAGS_x86_64_unknown_linux_gnu
CFLAGS_x86_64_unknown_linux_gnu = None
cargo:rerun-if-env-changed=CFLAGS_x86_64-unknown-linux-gnu
CFLAGS_x86_64-unknown-linux-gnu = None
rustc 1.91.0 (f8297e351 2025-10-28)
    Updating crates.io index
    Updating git repository `https://github.com/valargroup/ipir-sp.git`
    Updating git repository `https://github.com/zakura-core/zakura.git`
    Updating git repository `https://github.com/valargroup/spiral-rs.git`
 Downloading crates ...
  Downloaded cfg_aliases v0.2.1
  Downloaded anstyle v1.0.14
  Downloaded adler2 v2.0.1
  Downloaded addchain v0.3.0
  Downloaded form_urlencoded v1.2.2
  Downloaded arrayref v0.3.9
  Downloaded aead v0.5.2
  Downloaded futures-task v0.3.32
  Downloaded block-buffer v0.10.4
  Downloaded atomic-waker v1.1.2
  Downloaded async-trait v0.1.89
  Downloaded document-features v0.2.12
  Downloaded dyn-clone v1.0.20
  Downloaded potential_utf v0.1.5
  Downloaded ff_derive v0.14.0
  Downloaded darling_macro v0.23.0
  Downloaded anstyle-query v1.1.5
  Downloaded curve25519-dalek-derive v0.1.1
  Downloaded crypto-common v0.1.7
  Downloaded frost-rerandomized v3.0.0
  Downloaded cfg-if v1.0.4
  Downloaded byte-slice-cast v1.2.3
  Downloaded fnv v1.0.7
  Downloaded crunchy v0.2.4
  Downloaded const-crc32-nostd v1.3.1
  Downloaded cpufeatures v0.2.17
  Downloaded getset v0.1.6
  Downloaded generic-array v0.14.7
  Downloaded ident_case v1.0.1
  Downloaded itoa v1.0.18
  Downloaded getrandom v0.2.17
  Downloaded powerfmt v0.2.0
  Downloaded heck v0.5.0
  Downloaded futures-sink v0.3.32
  Downloaded colorchoice v1.0.5
  Downloaded percent-encoding v2.3.2
  Downloaded num-conv v0.2.2
  Downloaded httpdate v1.0.3
  Downloaded futures-macro v0.3.32
  Downloaded lazy_static v1.5.0
  Downloaded idna_adapter v1.2.1
  Downloaded dirs-sys v0.5.0
  Downloaded errno v0.3.14
  Downloaded maybe-rayon v0.1.1
  Downloaded crypto-common v0.2.0-rc.1
  Downloaded equivalent v1.0.2
  Downloaded option-ext v0.2.0
  Downloaded mime v0.3.17
  Downloaded cobs v0.3.0
  Downloaded matchers v0.2.0
  Downloaded clap_lex v1.1.0
  Downloaded bounded-vec v0.9.0
  Downloaded bitflags-serde-legacy v0.1.1
  Downloaded arrayvec v0.7.6
  Downloaded derive-getters v0.5.0
  Downloaded embedded-io v0.4.0
  Downloaded base64ct v1.8.3
  Downloaded autocfg v1.5.0
  Downloaded anstyle-parse v1.0.0
  Downloaded block-buffer v0.11.0-rc.3
  Downloaded lru-slab v0.1.2
  Downloaded inout v0.1.4
  Downloaded env_filter v1.0.1
  Downloaded dirs v6.0.0
  Downloaded parity-scale-codec-derive v3.7.5
  Downloaded hash32 v0.2.1
  Downloaded proc-macro-error-attr2 v2.0.0
  Downloaded futures-core v0.3.32
  Downloaded anstream v1.0.0
  Downloaded blake2s_simd v1.0.5
  Downloaded foldhash v0.2.0
  Downloaded nonempty v0.11.0
  Downloaded find-msvc-tools v0.1.9
  Downloaded ff v0.14.0
  Downloaded either v1.15.0
  Downloaded ed25519 v2.2.3
  Downloaded displaydoc v0.2.5
  Downloaded bitflags v2.11.0
  Downloaded digest v0.11.0-pre.9
  Downloaded digest v0.10.7
  Downloaded deranged v0.5.8
  Downloaded crossbeam-deque v0.8.7
  Downloaded constant_time_eq v0.4.2
  Downloaded cipher v0.4.4
  Downloaded chacha20 v0.9.1
  Downloaded byteorder v1.5.0
  Downloaded primitive-types v0.12.2
  Downloaded is_terminal_polyfill v1.70.2
  Downloaded hex v0.4.3
  Downloaded funty v2.0.0
  Downloaded const_format_proc_macros v0.2.34
  Downloaded fastrand v2.4.1
  Downloaded icu_normalizer v2.2.0
  Downloaded impl-trait-for-tuples v0.2.3
  Downloaded ref-cast v1.0.27
  Downloaded cbc v0.1.2
  Downloaded axum-core v0.4.5
  Downloaded proc-macro-error2 v2.0.1
  Downloaded proc-macro-crate v3.5.0
  Downloaded crossbeam-epoch v0.9.20
  Downloaded env_logger v0.11.10
  Downloaded corez v0.1.1
  Downloaded radium v0.7.0
  Downloaded rustc-hash v2.1.2
  Downloaded rustc-hex v2.1.0
  Downloaded rustc_version v0.4.1
  Downloaded allocator-api2 v0.2.21
  Downloaded konst_macro_rules v0.2.19
  Downloaded impl-codec v0.6.0
  Downloaded http-body v1.0.1
  Downloaded fixed-hash v0.8.0
  Downloaded serdect v0.2.0
  Downloaded embedded-io v0.6.1
  Downloaded base16ct v0.2.0
  Downloaded bs58 v0.5.1
  Downloaded poly1305 v0.8.0
  Downloaded group v0.14.0
  Downloaded anyhow v1.0.102
  Downloaded blake2b_simd v1.0.4
  Downloaded memuse v0.2.2
  Downloaded fpe v0.6.1
  Downloaded humantime v2.4.0
  Downloaded lock_api v0.4.14
  Downloaded futures-io v0.3.34
  Downloaded const-oid v0.9.6
  Downloaded opaque-debug v0.3.1
  Downloaded ppv-lite86 v0.2.21
  Downloaded crossbeam-utils v0.8.22
  Downloaded scopeguard v1.2.0
  Downloaded ripemd v0.2.0-pre.4
  Downloaded rand_chacha v0.9.0
  Downloaded quote v1.0.45
  Downloaded darling v0.23.0
  Downloaded nu-ansi-term v0.50.3
  Downloaded ipnet v2.12.0
  Downloaded incrementalmerkletree v0.8.2
  Downloaded http-body-util v0.1.3
  Downloaded serde-big-array v0.5.1
  Downloaded serde_urlencoded v0.7.1
  Downloaded futures-executor v0.3.32
  Downloaded sha1 v0.10.6
  Downloaded rand_core v0.6.4
  Downloaded rand_core v0.9.5
  Downloaded rand_chacha v0.3.1
  Downloaded pin-project-lite v0.2.17
  Downloaded strsim v0.11.1
  Downloaded strum v0.27.2
  Downloaded tap v1.0.1
  Downloaded signature v2.2.0
  Downloaded ref-cast-impl v1.0.27
  Downloaded sync_wrapper v1.0.2
  Downloaded stable_deref_trait v1.2.1
  Downloaded tinyvec_macros v0.1.1
  Downloaded ripemd v0.1.3
  Downloaded subtle v2.6.1
  Downloaded serde_derive_internals v0.30.0
  Downloaded aes v0.8.4
  Downloaded rustversion v1.0.22
  Downloaded const_format v0.2.36
  Downloaded quinn-udp v0.5.14
  Downloaded num-integer v0.1.46
  Downloaded pem-rfc7468 v0.7.0
  Downloaded tokio-macros v2.7.0
  Downloaded rand_core v0.10.1
  Downloaded hybrid-array v0.2.3
  Downloaded bech32 v0.11.1
  Downloaded time-core v0.1.9
  Downloaded serde_path_to_error v0.1.20
  Downloaded schemars_derive v1.2.2
  Downloaded universal-hash v0.5.1
  Downloaded unicode-xid v0.2.6
  Downloaded tower-service v0.3.3
  Downloaded parking_lot_core v0.9.12
  Downloaded matchit v0.7.3
  Downloaded litemap v0.8.2
  Downloaded hyper-rustls v0.27.7
  Downloaded httparse v1.10.1
  Downloaded litrs v1.0.0
  Downloaded rustls-pki-types v1.14.0
  Downloaded clap_derive v4.6.0
  Downloaded futures-channel v0.3.32
  Downloaded bip32 v0.6.0-pre.1
  Downloaded shlex v1.3.0
  Downloaded equihash v0.3.0
  Downloaded ed25519-zebra v4.2.0
  Downloaded slab v0.4.12
  Downloaded strum_macros v0.27.2
  Downloaded tower-layer v0.3.3
  Downloaded static_assertions v1.1.0
  Downloaded try-lock v0.2.5
  Downloaded untrusted v0.9.0
  Downloaded proc-macro2 v1.0.106
  Downloaded iana-time-zone v0.1.65
  Downloaded parking_lot v0.12.5
  Downloaded pkcs8 v0.10.2
  Downloaded once_cell v1.21.4
  Downloaded base64 v0.22.1
  Downloaded chacha20poly1305 v0.10.1
  Downloaded signal-hook-registry v1.4.8
  Downloaded want v0.3.1
  Downloaded sha2 v0.11.0-pre.4
  Downloaded thiserror v1.0.69
  Downloaded synstructure v0.13.2
  Downloaded simd-adler32 v0.3.10
  Downloaded thiserror-impl v2.0.18
  Downloaded visibility v0.1.1
  Downloaded version_check v0.9.5
  Downloaded utf8parse v0.2.2
  Downloaded thiserror-impl v1.0.69
  Downloaded thiserror v2.0.18
  Downloaded flate2 v1.1.10
  Downloaded yoke-derive v0.8.2
  Downloaded cc v1.2.59
  Downloaded semver v1.0.28
  Downloaded tinystr v0.8.3
  Downloaded thread_local v1.1.9
  Downloaded sha2 v0.10.9
  Downloaded procfs-core v0.16.0
  Downloaded serde_with_macros v3.22.0
  Downloaded toml_datetime v1.1.1+spec-1.1.0
  Downloaded uint v0.9.5
  Downloaded ryu v1.0.23
  Downloaded crc32fast v1.5.1
  Downloaded tracing-log v0.2.0
  Downloaded spin v0.9.9
  Downloaded spki v0.7.3
  Downloaded bytes v1.11.1
  Downloaded zeroize_derive v1.5.0
  Downloaded der v0.7.10
  Downloaded num-traits v0.2.19
  Downloaded frost-core v3.0.0
  Downloaded darling_core v0.23.0
  Downloaded clap v4.6.0
  Downloaded icu_provider v2.2.0
  Downloaded parity-scale-codec v3.7.5
  Downloaded log v0.4.29
  Downloaded getrandom v0.4.2
  Downloaded wyz v0.5.1
  Downloaded writeable v0.6.3
  Downloaded indexmap v1.9.3
  Downloaded zakura-pairing v1.0.1
  Downloaded zcash_encoding v0.4.0
  Downloaded procfs v0.16.0
  Downloaded utf8_iter v1.0.4
  Downloaded zerofrom-derive v0.1.7
  Downloaded zerofrom v0.1.7
  Downloaded zcash_spec v0.2.1
  Downloaded time-macros v0.2.32
  Downloaded tempfile v3.27.0
  Downloaded tokio-rustls v0.26.4
  Downloaded toml_parser v1.1.3+spec-1.1.0
  Downloaded getrandom v0.3.4
  Downloaded hmac v0.13.0-pre.4
  Downloaded futures v0.3.32
  Downloaded icu_properties v2.2.0
  Downloaded rayon-core v1.13.0
  Downloaded postcard v1.1.3
  Downloaded socket2 v0.6.3
  Downloaded sharded-slab v0.1.7
  Downloaded tokio-stream v0.1.19
  Downloaded smallvec v1.15.1
  Downloaded uint v0.10.1
  Downloaded tracing-attributes v0.1.31
  Downloaded zcash_note_encryption v0.4.2
  Downloaded zakura-halo2-legacy-pdqsort v1.0.1
  Downloaded quinn v0.11.9
  Downloaded yoke v0.8.2
  Downloaded miniz_oxide v0.9.1
  Downloaded konst v0.2.20
  Downloaded icu_normalizer_data v2.2.0
  Downloaded schemars v0.9.0
  Downloaded zerovec-derive v0.11.3
  Downloaded serde_core v1.0.228
  Downloaded tinyvec v1.11.0
  Downloaded zmij v1.0.21
  Downloaded zip32 v0.2.1
  Downloaded prometheus v0.13.4
  Downloaded serde_derive v1.0.228
  Downloaded tracing-core v0.1.36
  Downloaded crossbeam-channel v0.5.16
  Downloaded icu_locale_core v2.2.0
  Downloaded unicode-ident v1.0.24
  Downloaded zeroize v1.8.2
  Downloaded serde v1.0.228
  Downloaded rand v0.9.2
  Downloaded arc-swap v1.9.1
  Downloaded zcash_protocol v0.10.5
  Downloaded memchr v2.8.0
  Downloaded icu_collections v2.2.0
  Downloaded zakura-jubjub v1.0.1
  Downloaded f4jumble v0.1.1
  Downloaded heapless v0.7.17
  Downloaded schemars v1.2.2
  Downloaded rustls-webpki v0.103.10
  Downloaded zcash_address v0.13.0
  Downloaded zcash_history v0.5.0
  Downloaded zakura-redjubjub v1.0.1
  Downloaded rand v0.10.2
  Downloaded mio v1.2.0
  Downloaded hashbrown v0.12.3
  Downloaded zakura-halo2-poseidon v1.0.1
  Downloaded x25519-dalek v2.0.1
  Downloaded zcash_script v0.4.5
  Downloaded rand v0.8.5
  Downloaded typenum v1.19.0
  Downloaded toml_edit v0.25.13+spec-1.1.0
  Downloaded url v2.5.8
  Downloaded axum v0.7.9
  Downloaded http v1.4.0
  Downloaded zakura-bellman v1.0.1
  Downloaded zakura-reddsa v1.0.1
  Downloaded indexmap v2.13.1
  Downloaded hyper-util v0.1.20
  Downloaded zerotrie v0.2.4
  Downloaded zcash_transparent v0.10.0
  Downloaded num-bigint v0.4.6
  Downloaded secp256k1 v0.29.1
  Downloaded nom v8.0.0
  Downloaded clap_builder v4.6.0
  Downloaded tower-http v0.5.2
  Downloaded hashbrown v0.16.1
  Downloaded rayon v1.12.0
  Downloaded aho-corasick v1.1.4
  Downloaded hyper v1.9.0
  Downloaded iri-string v0.7.12
  Downloaded idna v1.1.0
  Downloaded tower-http v0.6.8
  Downloaded tower v0.5.3
  Downloaded zerovec v0.11.6
  Downloaded serde_json v1.0.149
  Downloaded libm v0.2.16
  Downloaded bitvec v1.0.1
  Downloaded itertools v0.14.0
  Downloaded reqwest v0.12.28
  Downloaded regex v1.12.3
  Downloaded chrono v0.4.45
  Downloaded zakura-sapling-crypto v1.0.1
  Downloaded zakura-sinsemilla v1.0.1
  Downloaded futures-util v0.3.32
  Downloaded winnow v1.0.4
  Downloaded icu_properties_data v2.2.0
  Downloaded quinn-proto v0.11.14
  Downloaded sysinfo v0.36.1
  Downloaded serde_with v3.22.0
  Downloaded curve25519-dalek v4.1.3
  Downloaded tracing-subscriber v0.3.23
  Downloaded zakura-pasta-curves v1.0.1
  Downloaded webpki-roots v1.0.6
  Downloaded zlib-rs v0.6.7
  Downloaded time v0.3.55
  Downloaded zakura-halo2-proofs v1.0.1
  Downloaded syn v3.0.4
  Downloaded syn v2.0.117
  Downloaded zerocopy v0.8.48
  Downloaded hdrhistogram v7.6.0
  Downloaded zakura-halo2-gadgets v1.0.1
  Downloaded regex-syntax v0.8.10
  Downloaded tracing v0.1.44
  Downloaded rustls v0.23.37
  Downloaded rustix v0.38.44
  Downloaded zakura-bls12-381 v1.0.1
  Downloaded rustix v1.1.4
  Downloaded zakura-primitives v1.0.1
  Downloaded zakura-orchard v1.0.1
  Downloaded tokio v1.51.1
  Downloaded regex-automata v0.4.14
  Downloaded jiff v0.2.23
  Downloaded libc v0.2.184
  Downloaded secp256k1-sys v0.10.1
  Downloaded ring v0.17.14
  Downloaded linux-raw-sys v0.4.15
  Downloaded linux-raw-sys v0.12.1
   Compiling proc-macro2 v1.0.106
   Compiling quote v1.0.45
   Compiling unicode-ident v1.0.24
   Compiling cfg-if v1.0.4
   Compiling libc v0.2.184
   Compiling syn v2.0.117
   Compiling serde_core v1.0.228
   Compiling typenum v1.19.0
   Compiling subtle v2.6.1
   Compiling version_check v0.9.5
   Compiling serde v1.0.228
   Compiling generic-array v0.14.7
   Compiling serde_derive v1.0.228
   Compiling crypto-common v0.1.7
   Compiling memchr v2.8.0
   Compiling zeroize_derive v1.5.0
   Compiling getrandom v0.2.17
   Compiling zeroize v1.8.2
   Compiling once_cell v1.21.4
   Compiling crossbeam-utils v0.8.22
   Compiling pin-project-lite v0.2.17
   Compiling cpufeatures v0.2.17
   Compiling crossbeam-epoch v0.9.20
   Compiling itoa v1.0.18
   Compiling log v0.4.29
   Compiling crossbeam-deque v0.8.7
   Compiling rand_core v0.6.4
   Compiling either v1.15.0
   Compiling shlex v1.3.0
   Compiling rayon-core v1.13.0
   Compiling find-msvc-tools v0.1.9
   Compiling cc v1.2.59
   Compiling hex v0.4.3
   Compiling block-buffer v0.10.4
   Compiling smallvec v1.15.1
   Compiling digest v0.10.7
   Compiling tracing-core v0.1.36
   Compiling synstructure v0.13.2
   Compiling futures-core v0.3.32
   Compiling arrayvec v0.7.6
   Compiling constant_time_eq v0.4.2
   Compiling rayon v1.12.0
   Compiling tracing-attributes v0.1.31
   Compiling radium v0.7.0
   Compiling memuse v0.2.2
   Compiling rand_core v0.10.1
   Compiling tracing v0.1.44
   Compiling zerofrom-derive v0.1.7
   Compiling arrayref v0.3.9
   Compiling tap v1.0.1
   Compiling bytes v1.11.1
   Compiling wyz v0.5.1
   Compiling zerofrom v0.1.7
   Compiling blake2b_simd v1.0.4
   Compiling yoke-derive v0.8.2
   Compiling funty v2.0.0
   Compiling stable_deref_trait v1.2.1
   Compiling bitflags v2.11.0
   Compiling parking_lot_core v0.9.12
   Compiling bitvec v1.0.1
   Compiling yoke v0.8.2
   Compiling futures-sink v0.3.32
   Compiling scopeguard v1.2.0
   Compiling zerocopy v0.8.48
   Compiling ff v0.14.0
   Compiling lock_api v0.4.14
   Compiling futures-channel v0.3.32
   Compiling sha2 v0.10.9
   Compiling zerovec-derive v0.11.3
   Compiling getrandom v0.4.2
   Compiling static_assertions v1.1.0
   Compiling zerovec v0.11.6
   Compiling parking_lot v0.12.5
   Compiling group v0.14.0
   Compiling displaydoc v0.2.5
   Compiling futures-macro v0.3.32
   Compiling errno v0.3.14
   Compiling futures-io v0.3.34
   Compiling futures-task v0.3.32
   Compiling thiserror v2.0.18
   Compiling zmij v1.0.21
   Compiling slab v0.4.12
   Compiling signal-hook-registry v1.4.8
   Compiling futures-util v0.3.32
   Compiling ppv-lite86 v0.2.21
   Compiling http v1.4.0
   Compiling tokio-macros v2.7.0
   Compiling thiserror-impl v2.0.18
   Compiling socket2 v0.6.3
   Compiling mio v1.2.0
   Compiling serde_json v1.0.149
   Compiling tokio v1.51.1
   Compiling http-body v1.0.1
   Compiling rand_chacha v0.3.1
   Compiling autocfg v1.5.0
   Compiling num-traits v0.2.19
   Compiling rand v0.8.5
   Compiling rand v0.10.2
   Compiling tinystr v0.8.3
   Compiling ring v0.17.14
   Compiling tower-service v0.3.3
   Compiling writeable v0.6.3
   Compiling zakura-pasta-curves v1.0.1
   Compiling litemap v0.8.2
   Compiling icu_locale_core v2.2.0
   Compiling zerotrie v0.2.4
   Compiling potential_utf v0.1.5
   Compiling maybe-rayon v0.1.1
   Compiling aho-corasick v1.1.4
   Compiling inout v0.1.4
   Compiling hybrid-array v0.2.3
   Compiling icu_normalizer_data v2.2.0
   Compiling utf8_iter v1.0.4
   Compiling httparse v1.10.1
   Compiling icu_properties_data v2.2.0
   Compiling percent-encoding v2.3.2
   Compiling regex-syntax v0.8.10
   Compiling icu_collections v2.2.0
   Compiling regex-automata v0.4.14
   Compiling cipher v0.4.4
   Compiling icu_provider v2.2.0
   Compiling rustls-pki-types v1.14.0
   Compiling try-lock v0.2.5
   Compiling tower-layer v0.3.3
   Compiling utf8parse v0.2.2
   Compiling untrusted v0.9.0
   Compiling heck v0.5.0
   Compiling fastrand v2.4.1
   Compiling thiserror v1.0.69
   Compiling anstyle-parse v1.0.0
   Compiling want v0.3.1
   Compiling block-buffer v0.11.0-rc.3
   Compiling crypto-common v0.2.0-rc.1
   Compiling zakura-pairing v1.0.1
   Compiling sync_wrapper v1.0.2
   Compiling sha1 v0.10.6
   Compiling thiserror-impl v1.0.69
   Compiling anstyle-query v1.1.5
   Compiling anstyle v1.0.14
   Compiling httpdate v1.0.3
   Compiling colorchoice v1.0.5
   Compiling corez v0.1.1
   Compiling rustls v0.23.37
   Compiling atomic-waker v1.1.2
   Compiling base64 v0.22.1
   Compiling is_terminal_polyfill v1.70.2
   Compiling anstream v1.0.0
   Compiling hyper v1.9.0
   Compiling digest v0.11.0-pre.9
   Compiling icu_properties v2.2.0
   Compiling icu_normalizer v2.2.0
   Compiling rustls-webpki v0.103.10
   Compiling form_urlencoded v1.2.2
   Compiling http-body-util v0.1.3
   Compiling secp256k1-sys v0.10.1
   Compiling ipnet v2.12.0
   Compiling litrs v1.0.0
   Compiling byteorder v1.5.0
   Compiling document-features v0.2.12
   Compiling hyper-util v0.1.20
   Compiling idna_adapter v1.2.1
   Compiling tower v0.5.3
   Compiling zakura-bls12-381 v1.0.1
   Compiling valar-spiral-rs v0.5.2 (https://github.com/valargroup/spiral-rs.git?rev=584fee3893b1d2d17b5d774c83bd801fb70d5ace#584fee38)
   Compiling regex v1.12.3
   Compiling universal-hash v0.5.1
   Compiling proc-macro-error-attr2 v2.0.0
   Compiling crunchy v0.2.4
   Compiling bech32 v0.11.1
   Compiling nonempty v0.11.0
   Compiling clap_lex v1.1.0
   Compiling opaque-debug v0.3.1
   Compiling strsim v0.11.1
   Compiling libm v0.2.16
   Compiling ryu v1.0.23
   Compiling semver v1.0.28
   Compiling serde_urlencoded v0.7.1
   Compiling rustc_version v0.4.1
   Compiling clap_builder v4.6.0
   Compiling poly1305 v0.8.0
   Compiling proc-macro-error2 v2.0.1
   Compiling env_filter v1.0.1
   Compiling inspiring v0.1.0 (https://github.com/valargroup/ipir-sp.git?rev=225972648cc2982abfac66ba5b7a3930b223051a#22597264)
   Compiling zakura-jubjub v1.0.1
   Compiling tokio-rustls v0.26.4
   Compiling idna v1.1.0
   Compiling clap_derive v4.6.0
   Compiling webpki-roots v1.0.6
   Compiling num-integer v0.1.46
   Compiling chacha20 v0.9.1
   Compiling bs58 v0.5.1
   Compiling zcash_spec v0.2.1
   Compiling aead v0.5.2
   Compiling syn v3.0.4
   Compiling ident_case v1.0.1
   Compiling iri-string v0.7.12
   Compiling jiff v0.2.23
   Compiling env_logger v0.11.10
   Compiling tower-http v0.6.8
   Compiling darling_core v0.23.0
   Compiling chacha20poly1305 v0.10.1
   Compiling zip32 v0.2.1
   Compiling clap v4.6.0
   Compiling num-bigint v0.4.6
   Compiling hyper-rustls v0.27.7
   Compiling secp256k1 v0.29.1
   Compiling url v2.5.8
   Compiling zakura-reddsa v1.0.1
   Compiling simplepir-kernel v0.1.0 (https://github.com/valargroup/ipir-sp.git?rev=225972648cc2982abfac66ba5b7a3930b223051a#22597264)
   Compiling getset v0.1.6
   Compiling curve25519-dalek v4.1.3
   Compiling zcash_encoding v0.4.0
   Compiling hmac v0.13.0-pre.4
   Compiling ripemd v0.2.0-pre.4
   Compiling sha2 v0.11.0-pre.4
   Compiling cbc v0.1.2
   Compiling zakura-halo2-legacy-pdqsort v1.0.1
   Compiling crc32fast v1.5.1
   Compiling lazy_static v1.5.0
   Compiling rustversion v1.0.22
   Compiling zakura-halo2-proofs v1.0.1
   Compiling fpe v0.6.1
   Compiling bip32 v0.6.0-pre.1
   Compiling zcash_protocol v0.10.5
   Compiling ipir-sp v0.1.0 (https://github.com/valargroup/ipir-sp.git?rev=225972648cc2982abfac66ba5b7a3930b223051a#22597264)
   Compiling reqwest v0.12.28
   Compiling darling_macro v0.23.0
   Compiling zcash_note_encryption v0.4.2
   Compiling zakura-halo2-poseidon v1.0.1
   Compiling zakura-sinsemilla v1.0.1
   Compiling aes v0.8.4
   Compiling bounded-vec v0.9.0
   Compiling f4jumble v0.1.1
   Compiling blake2s_simd v1.0.5
   Compiling ripemd v0.1.3
   Compiling incrementalmerkletree v0.8.2
   Compiling curve25519-dalek-derive v0.1.1
   Compiling equihash v0.3.0
   Compiling ref-cast v1.0.27
   Compiling rustix v0.38.44
   Compiling adler2 v2.0.1
   Compiling rustix v1.1.4
   Compiling rustc-hex v2.1.0
   Compiling simd-adler32 v0.3.10
   Compiling miniz_oxide v0.9.1
   Compiling fixed-hash v0.8.0
   Compiling zcash_script v0.4.5
   Compiling zakura-bellman v1.0.1
   Compiling zcash_address v0.13.0
   Compiling zakura-halo2-gadgets v1.0.1
   Compiling darling v0.23.0
   Compiling uint v0.9.5
   Compiling zakura-redjubjub v1.0.1
   Compiling ref-cast-impl v1.0.27
   Compiling serde_derive_internals v0.30.0
   Compiling allocator-api2 v0.2.21
   Compiling signature v2.2.0
   Compiling linux-raw-sys v0.4.15
   Compiling option-ext v0.2.0
   Compiling procfs v0.16.0
   Compiling linux-raw-sys v0.12.1
   Compiling foldhash v0.2.0
   Compiling equivalent v1.0.2
   Compiling hashbrown v0.16.1
   Compiling dirs-sys v0.5.0
   Compiling ed25519 v2.2.3
   Compiling schemars_derive v1.2.2
   Compiling zakura-sapling-crypto v1.0.1
   Compiling primitive-types v0.12.2
   Compiling flate2 v1.1.10
   Compiling zakura-orchard v1.0.1
   Compiling serde_with_macros v3.22.0
   Compiling zcash_transparent v0.10.0
   Compiling enhance-pir v0.1.0 (/work/enhance/crates/enhance-pir)
   Compiling strum_macros v0.27.2
   Compiling futures-executor v0.3.32
   Compiling procfs-core v0.16.0
   Compiling crossbeam-channel v0.5.16
   Compiling nom v8.0.0
   Compiling async-trait v0.1.89
   Compiling dyn-clone v1.0.20
   Compiling mime v0.3.17
   Compiling iana-time-zone v0.1.65
   Compiling prometheus v0.13.4
   Compiling humantime v2.4.0
   Compiling axum-core v0.4.5
   Compiling chrono v0.4.45
   Compiling schemars v1.2.2
   Compiling hdrhistogram v7.6.0
   Compiling futures v0.3.32
   Compiling strum v0.27.2
   Compiling zakura-primitives v1.0.1
   Compiling serde_with v3.22.0
   Compiling zcash_history v0.5.0
   Compiling ed25519-zebra v4.2.0
   Compiling dirs v6.0.0
   Compiling tempfile v3.27.0
   Compiling x25519-dalek v2.0.1
   Compiling sharded-slab v0.1.7
   Compiling uint v0.10.1
   Compiling matchers v0.2.0
   Compiling bitflags-serde-legacy v0.1.1
   Compiling tracing-log v0.2.0
   Compiling itertools v0.14.0
   Compiling serde_path_to_error v0.1.20
   Compiling serde-big-array v0.5.1
   Compiling derive-getters v0.5.0
   Compiling thread_local v1.1.9
   Compiling fnv v1.0.7
   Compiling nu-ansi-term v0.50.3
   Compiling matchit v0.7.3
   Compiling anyhow v1.0.102
   Compiling axum v0.7.9
   Compiling tracing-subscriber v0.3.23
   Compiling zakura-chain v6.0.0 (https://github.com/zakura-core/zakura.git?rev=1faf150fc3648aae22c55a6b30f8f5a9b9ce934e#1faf150f)
   Compiling arc-swap v1.9.1
   Compiling transparent-spend-pir v0.1.0 (/work/enhance/crates/transparent-spend-pir)
   Compiling tower-http v0.5.2
   Compiling tokio-stream v0.1.19
   Compiling sysinfo v0.36.1
   Compiling enhance-pir-server v0.1.0 (/work/enhance/services/enhance-pir-server)
   Compiling enhance-pir-load-test v0.1.0 (/work/enhance/tools/loadtest)
    Finished `release-fast` profile [optimized] target(s) in 7m 49s
Segmentation fault
