trace-installed
signal=11 address=0x8 rip=555555e5ab79
/tmp/v4-trace.so(+0x1270)[0x7fffff7c1270]
/lib/x86_64-linux-gnu/libc.so.6(+0x45330)[0x7fffff4d5330]
/out/enhance-pir-v4(+0x906b79)[0x555555e5ab79]
/out/enhance-pir-v4(+0x90355f)[0x555555e5755f]
/out/enhance-pir-v4(+0x903c36)[0x555555e57c36]
/out/enhance-pir-v4(+0x91cd4b)[0x555555e70d4b]
/out/enhance-pir-v4(+0x9193e4)[0x555555e6d3e4]
/out/enhance-pir-v4(+0x8d8c83)[0x555555e2cc83]
/out/enhance-pir-v4(+0x8f3413)[0x555555e47413]
/out/enhance-pir-v4(+0x8ec5ae)[0x555555e405ae]
/out/enhance-pir-v4(+0x8dc170)[0x555555e30170]
/out/enhance-pir-v4(+0x405e4e)[0x555555959e4e]
/out/enhance-pir-v4(+0x2baae8)[0x55555580eae8]
/out/enhance-pir-v4(+0x3b4431)[0x555555908431]
/out/enhance-pir-v4(+0x3f7d67)[0x55555594bd67]
/out/enhance-pir-v4(+0x3874ff)[0x5555558db4ff]
/out/enhance-pir-v4(+0x2b5bfa)[0x555555809bfa]
/out/enhance-pir-v4(+0x40cc26)[0x555555960c26]
/out/enhance-pir-v4(+0x401773)[0x555555955773]
/out/enhance-pir-v4(+0x2adcf9)[0x555555801cf9]
/out/enhance-pir-v4(+0x936bf0)[0x555555e8abf0]
/out/enhance-pir-v4(+0x41fcb5)[0x555555973cb5]
/lib/x86_64-linux-gnu/libc.so.6(+0x2a1ca)[0x7fffff4ba1ca]
/lib/x86_64-linux-gnu/libc.so.6(__libc_start_main+0x8b)[0x7fffff4ba28b]
