Sep 11 14:33:45 transparent-pir-recent-01 transparent-shard-server[872315]: 2026-09-11T14:33:45.785863Z  INFO transparent_shard_server::runtime::disk: runtime disk collection stages lock_wait_seconds=6.3347e-5 pruning_seconds=0.000510379 freed_bytes=268370048
Sep 11 14:33:45 transparent-pir-recent-01 transparent-shard-server[872315]: 2026-09-11T14:33:45.798303Z  INFO transparent_shard_server::live: publication collection stages snapshot_seconds=0.001415746 disk_seconds=0.000627198 directory_seconds=0.012381169 disk_freed_bytes=268370048
Sep 11 14:33:47 transparent-pir-recent-01 transparent-shard-server[872315]: 2026-09-11T14:33:47.837080Z  INFO transparent_shard_server::live: publication loading task started map=071f3a52ff69b1b02d3e13716eb14b19f2dcfad0ef8593188eaa8c4dd1ec29af queue_seconds=2.1137e-5
Sep 11 14:33:47 transparent-pir-recent-01 transparent-shard-server[872315]: 2026-09-11T14:33:47.923500Z  INFO transparent_shard_server::runtime: retired runtime memory reclaimed rss_before=5171961856 rss_after=4668571648
Sep 11 14:33:47 transparent-pir-recent-01 transparent-shard-server[872315]: 2026-09-11T14:33:47.923540Z  INFO transparent_shard_server::live: publication runtime eviction finished map=071f3a52ff69b1b02d3e13716eb14b19f2dcfad0ef8593188eaa8c4dd1ec29af seconds=0.086424171
Sep 11 14:33:48 transparent-pir-recent-01 transparent-shard-server[872315]: 2026-09-11T14:33:48.687438Z  INFO transparent_shard_server::live: publication shard loading finished map=071f3a52ff69b1b02d3e13716eb14b19f2dcfad0ef8593188eaa8c4dd1ec29af seconds=0.763883441
Sep 11 14:33:48 transparent-pir-recent-01 transparent-shard-server[872315]: 2026-09-11T14:33:48.687503Z  INFO transparent_shard_server::live: publication service construction finished map=071f3a52ff69b1b02d3e13716eb14b19f2dcfad0ef8593188eaa8c4dd1ec29af seconds=2.7858e-5 succeeded=true
Sep 11 14:33:53 transparent-pir-recent-01 transparent-shard-server[872315]: 2026-09-11T14:33:53.042422Z  INFO transparent_shard_server::service: prewarm finished warm=28 target=28 failed=0 seconds=4.354807247
Sep 11 14:33:53 transparent-pir-recent-01 transparent-shard-server[872315]: 2026-09-11T14:33:53.042474Z  INFO transparent_shard_server::live: publication preparation stages map=071f3a52ff69b1b02d3e13716eb14b19f2dcfad0ef8593188eaa8c4dd1ec29af loading_seconds=0.850543994 warming_seconds=4.354875908
Sep 11 14:34:07 transparent-pir-recent-01 transparent-shard-server[872315]: 2026-09-11T14:34:07.962454Z  INFO transparent_shard_server::runtime::disk: runtime disk collection stages lock_wait_seconds=10.405363656 pruning_seconds=0.000425077 freed_bytes=268370048
Sep 11 14:34:07 transparent-pir-recent-01 transparent-shard-server[872315]: 2026-09-11T14:34:07.978236Z  INFO transparent_shard_server::live: publication collection stages snapshot_seconds=0.001138164 disk_seconds=10.405851236 directory_seconds=0.015720109 disk_freed_bytes=268370048
Sep 11 14:34:10 transparent-pir-recent-01 transparent-shard-server[872315]: 2026-09-11T14:34:10.463373Z  INFO transparent_shard_server::live: publication loading task started map=7314cfbdb501364e58019752c9ebd692e6897f945ffae036965ab44a95b808ae queue_seconds=0.001557283
Sep 11 14:34:10 transparent-pir-recent-01 transparent-shard-server[872315]: 2026-09-11T14:34:10.640069Z  INFO transparent_shard_server::runtime: retired runtime memory reclaimed rss_before=5367242752 rss_after=4639436800
Sep 11 14:34:10 transparent-pir-recent-01 transparent-shard-server[872315]: 2026-09-11T14:34:10.640124Z  INFO transparent_shard_server::live: publication runtime eviction finished map=7314cfbdb501364e58019752c9ebd692e6897f945ffae036965ab44a95b808ae seconds=0.176691274
Sep 11 14:34:11 transparent-pir-recent-01 transparent-shard-server[872315]: 2026-09-11T14:34:11.718009Z  INFO transparent_shard_server::live: publication shard loading finished map=7314cfbdb501364e58019752c9ebd692e6897f945ffae036965ab44a95b808ae seconds=1.077745912
Sep 11 14:34:11 transparent-pir-recent-01 transparent-shard-server[872315]: 2026-09-11T14:34:11.718110Z  INFO transparent_shard_server::live: publication service construction finished map=7314cfbdb501364e58019752c9ebd692e6897f945ffae036965ab44a95b808ae seconds=3.9034e-5 succeeded=true
Sep 11 14:34:11 transparent-pir-recent-01 transparent-shard-server[872315]: 2026-09-11T14:34:11.826274Z  WARN transparent_shard_server::filecache: public artifact cache advice delayed fd=19 seconds=0.330768976
Sep 11 14:34:16 transparent-pir-recent-01 transparent-shard-server[872315]: 2026-09-11T14:34:16.886377Z  INFO transparent_shard_server::service: prewarm finished warm=28 target=28 failed=0 seconds=5.16815386
Sep 11 14:34:16 transparent-pir-recent-01 transparent-shard-server[872315]: 2026-09-11T14:34:16.886446Z  INFO transparent_shard_server::live: publication preparation stages map=7314cfbdb501364e58019752c9ebd692e6897f945ffae036965ab44a95b808ae loading_seconds=1.256398286 warming_seconds=5.168238778
Sep 11 14:34:54 transparent-pir-recent-01 transparent-shard-server[872315]: 2026-09-11T14:34:54.988698Z  INFO transparent_shard_server::runtime::disk: runtime disk collection stages lock_wait_seconds=3.1701e-5 pruning_seconds=0.000315079 freed_bytes=268370048
Sep 11 14:34:55 transparent-pir-recent-01 transparent-shard-server[872315]: 2026-09-11T14:34:55.009293Z  INFO transparent_shard_server::live: publication collection stages snapshot_seconds=0.001416465 disk_seconds=0.000408792 directory_seconds=0.020533426 disk_freed_bytes=268370048
Sep 11 14:34:57 transparent-pir-recent-01 transparent-shard-server[872315]: 2026-09-11T14:34:57.070797Z  INFO transparent_shard_server::live: publication loading task started map=ae06d3060a8e89f43825860ed67ae23b040dd5f7dcec8076f629d507e9cbe27d queue_seconds=4.2693e-5
Sep 11 14:34:57 transparent-pir-recent-01 transparent-shard-server[872315]: 2026-09-11T14:34:57.153296Z  INFO transparent_shard_server::runtime: retired runtime memory reclaimed rss_before=5142437888 rss_after=4676042752
Sep 11 14:34:57 transparent-pir-recent-01 transparent-shard-server[872315]: 2026-09-11T14:34:57.153791Z  INFO transparent_shard_server::live: publication runtime eviction finished map=ae06d3060a8e89f43825860ed67ae23b040dd5f7dcec8076f629d507e9cbe27d seconds=0.082945708
Sep 11 14:34:57 transparent-pir-recent-01 transparent-shard-server[872315]: 2026-09-11T14:34:57.951274Z  WARN transparent_shard_server::filecache: public artifact cache advice delayed fd=13 seconds=0.115181267
Sep 11 14:34:58 transparent-pir-recent-01 transparent-shard-server[872315]: 2026-09-11T14:34:58.042030Z  INFO transparent_shard_server::live: publication shard loading finished map=ae06d3060a8e89f43825860ed67ae23b040dd5f7dcec8076f629d507e9cbe27d seconds=0.887990587
Sep 11 14:34:58 transparent-pir-recent-01 transparent-shard-server[872315]: 2026-09-11T14:34:58.042551Z  INFO transparent_shard_server::live: publication service construction finished map=ae06d3060a8e89f43825860ed67ae23b040dd5f7dcec8076f629d507e9cbe27d seconds=4.4587e-5 succeeded=true
Sep 11 14:35:02 transparent-pir-recent-01 transparent-shard-server[872315]: 2026-09-11T14:35:02.706882Z  INFO transparent_shard_server::service: prewarm finished warm=28 target=28 failed=0 seconds=4.664076852
Sep 11 14:35:02 transparent-pir-recent-01 transparent-shard-server[872315]: 2026-09-11T14:35:02.706942Z  INFO transparent_shard_server::live: publication preparation stages map=ae06d3060a8e89f43825860ed67ae23b040dd5f7dcec8076f629d507e9cbe27d loading_seconds=0.972039757 warming_seconds=4.664151601
