{"event": "roll_start", "worker": "transparent-pir-recent-01", "others_serving": ["transparent-pir-recent-02", "transparent-pir-recent-03", "transparent-pir-recent-04"]}
{"event": "fleet_command", "tool": "ssh", "seconds": 0.01666, "exit_code": 0}
{"event": "fleet_command", "tool": "ssh", "seconds": 0.016055, "exit_code": 0}
{"event": "fleet_command", "tool": "rsync", "seconds": 22.547995, "exit_code": 0}
{"event": "fleet_command", "tool": "rsync", "seconds": 0.077643, "exit_code": 0}
{"event": "fleet_command", "tool": "ssh", "seconds": 9.007871, "exit_code": 0}
[2m2026-09-29T12:03:48.515188Z[0m [32m INFO[0m [2mtransparent_shard_server[0m[2m:[0m loaded shard set [3mshards[0m[2m=[0m86 [3massigned[0m[2m=[0m9 [3mrevisions[0m[2m=[0m12 [3mprunable[0m[2m=[0m0 [3mgeometries[0m[2m=[0m["archive-wide", "recent-4k-8k"] [3mmap_sha256[0m[2m=[0m"d05096fdc16867bf13a5a66a8b9dd0a51fe2d7d478e1bcc0ad3111fa13598193" [3mworker_id[0m[2m=[0m"transparent-pir-recent-01" [3massignment_sha256[0m[2m=[0m"dac8fa63a57b593ca742bd316973f422621097684c116981ac963ce1df2d95d2" [3mstart[0m[2m=[0m0 [3mcovered_through[0m[2m=[0m3500271
{"event": "fleet_command", "tool": "ssh", "seconds": 0.017412, "exit_code": 0}
{"event": "fleet_command", "tool": "ssh", "seconds": 1.001368, "exit_code": 0}
transparent-pir-recent-01: warm with publication control
{"event": "roll_done", "worker": "transparent-pir-recent-01", "seconds": 47.8}
{"event": "roll_start", "worker": "transparent-pir-recent-02", "others_serving": ["transparent-pir-recent-01", "transparent-pir-recent-03", "transparent-pir-recent-04"]}
{"event": "fleet_command", "tool": "ssh", "seconds": 0.015818, "exit_code": 0}
{"event": "fleet_command", "tool": "ssh", "seconds": 0.014725, "exit_code": 0}
{"event": "fleet_command", "tool": "rsync", "seconds": 0.238058, "exit_code": 0}
{"event": "fleet_command", "tool": "rsync", "seconds": 0.072441, "exit_code": 0}
{"event": "fleet_command", "tool": "ssh", "seconds": 8.154471, "exit_code": 0}
[2m2026-09-29T12:04:13.094824Z[0m [32m INFO[0m [2mtransparent_shard_server[0m[2m:[0m loaded shard set [3mshards[0m[2m=[0m86 [3massigned[0m[2m=[0m9 [3mrevisions[0m[2m=[0m12 [3mprunable[0m[2m=[0m0 [3mgeometries[0m[2m=[0m["archive-wide", "recent-4k-8k"] [3mmap_sha256[0m[2m=[0m"f0e2bce01ecc395c0d8a4b83f09e59bb5e6ed917e9229a3612181449ff650ab7" [3mworker_id[0m[2m=[0m"transparent-pir-recent-02" [3massignment_sha256[0m[2m=[0m"4c5b3a2433119d7fc160f70679e2240ebb06fe374b92369d69350693f6ba459c" [3mstart[0m[2m=[0m0 [3mcovered_through[0m[2m=[0m3500272
{"event": "fleet_command", "tool": "ssh", "seconds": 0.016504, "exit_code": 0}
{"event": "fleet_command", "tool": "ssh", "seconds": 0.977846, "exit_code": 0}
transparent-pir-recent-02: warm with publication control
{"event": "roll_done", "worker": "transparent-pir-recent-02", "seconds": 32.6}
{"event": "roll_start", "worker": "transparent-pir-recent-03", "others_serving": ["transparent-pir-recent-01", "transparent-pir-recent-02", "transparent-pir-recent-04"]}
{"event": "fleet_command", "tool": "ssh", "seconds": 0.014573, "exit_code": 0}
{"event": "fleet_command", "tool": "ssh", "seconds": 0.016493, "exit_code": 0}
{"event": "fleet_command", "tool": "rsync", "seconds": 0.184358, "exit_code": 0}
{"event": "fleet_command", "tool": "rsync", "seconds": 0.080085, "exit_code": 0}
{"event": "fleet_command", "tool": "ssh", "seconds": 7.238304, "exit_code": 0}
[2m2026-09-29T12:04:44.700167Z[0m [32m INFO[0m [2mtransparent_shard_server[0m[2m:[0m loaded shard set [3mshards[0m[2m=[0m86 [3massigned[0m[2m=[0m9 [3mrevisions[0m[2m=[0m12 [3mprunable[0m[2m=[0m0 [3mgeometries[0m[2m=[0m["archive-wide", "recent-4k-8k"] [3mmap_sha256[0m[2m=[0m"2f6dc2d25c14e7d57c2788d7d98c8992416bb62c4bfbff5918513cf56eadefb7" [3mworker_id[0m[2m=[0m"transparent-pir-recent-03" [3massignment_sha256[0m[2m=[0m"188fa2a9ba56489e91c518139feff5a0b49d08e8e268f7f38b31035ffd987450" [3mstart[0m[2m=[0m0 [3mcovered_through[0m[2m=[0m3500273
{"event": "fleet_command", "tool": "ssh", "seconds": 0.017376, "exit_code": 0}
{"event": "fleet_command", "tool": "ssh", "seconds": 0.946538, "exit_code": 0}
transparent-pir-recent-03: warm with publication control
{"event": "roll_done", "worker": "transparent-pir-recent-03", "seconds": 23.6}
{"event": "roll_start", "worker": "transparent-pir-recent-04", "others_serving": ["transparent-pir-recent-01", "transparent-pir-recent-02", "transparent-pir-recent-03"]}
{"event": "fleet_command", "tool": "ssh", "seconds": 0.018925, "exit_code": 0}
{"event": "fleet_command", "tool": "ssh", "seconds": 0.022228, "exit_code": 0}
{"event": "fleet_command", "tool": "rsync", "seconds": 0.297331, "exit_code": 0}
{"event": "fleet_command", "tool": "rsync", "seconds": 0.093487, "exit_code": 0}
{"event": "fleet_command", "tool": "ssh", "seconds": 7.040989, "exit_code": 0}
[2m2026-09-29T12:05:08.206854Z[0m [32m INFO[0m [2mtransparent_shard_server[0m[2m:[0m loaded shard set [3mshards[0m[2m=[0m86 [3massigned[0m[2m=[0m9 [3mrevisions[0m[2m=[0m12 [3mprunable[0m[2m=[0m0 [3mgeometries[0m[2m=[0m["archive-wide", "recent-4k-8k"] [3mmap_sha256[0m[2m=[0m"2f6dc2d25c14e7d57c2788d7d98c8992416bb62c4bfbff5918513cf56eadefb7" [3mworker_id[0m[2m=[0m"transparent-pir-recent-04" [3massignment_sha256[0m[2m=[0m"188fa2a9ba56489e91c518139feff5a0b49d08e8e268f7f38b31035ffd987450" [3mstart[0m[2m=[0m0 [3mcovered_through[0m[2m=[0m3500273
{"event": "fleet_command", "tool": "ssh", "seconds": 0.016928, "exit_code": 0}
{"event": "fleet_command", "tool": "ssh", "seconds": 0.699585, "exit_code": 0}
transparent-pir-recent-04: warm with publication control
{"event": "roll_done", "worker": "transparent-pir-recent-04", "seconds": 20.2}
ROLL_DONE
