journal through 3011750 in 57.3s
journal 3000000-3011750, archive-wide below 3000001 at SealPolicy { scripts: Limit { target: 1629038, capacity: 1900544 }, page_rows: Limit { target: 63488, capacity: 65536 } }, recent-8k from 3000001 at SealPolicy { scripts: Limit { target: 407260, capacity: 475136 }, page_rows: Limit { target: 7936, capacity: 8192 } }
shard   0 3000000-3000000 (1 blocks) scripts 0 pages 0 events 0 segments 1/1 sealed
shard   1 3000001-3009416 (9416 blocks) scripts 80369 pages 7936 events 573493 segments 1/1 sealed
shard   2 3009417-3011750 (2334 blocks) scripts 23566 pages 1918 events 143932 segments 1/1 TAIL r0
published 3 shards covering 3000000-3011750; filters ~0.26 MB
journal 3000000-3011751, archive-wide below 3000001 at SealPolicy { scripts: Limit { target: 1629038, capacity: 1900544 }, page_rows: Limit { target: 63488, capacity: 65536 } }, recent-8k from 3000001 at SealPolicy { scripts: Limit { target: 407260, capacity: 475136 }, page_rows: Limit { target: 7936, capacity: 8192 } }
shard   2 3009417-3011751 (2335 blocks) scripts 23577 pages 1919 events 144006 segments 1/1 TAIL r1
published 3 shards covering 3000000-3011751; filters ~0.26 MB
{"capture_seconds":0.013636893,"cycle":0,"filters_open_seconds":0.002410925,"height":3011751,"map_sha256":"6562af093a7ab4964422234682cfa7cebbe72e70269b36c4395c45c4755a4b1f","publish_seconds":2.504374183,"shards":3,"tail":{"end_height":3011751,"manifest_digest":"f356e11df33af1d3171152191e8c36dbcf88dbfc54c184d48e8936f098cfa586","page_rows":1919,"revision":1,"scripts":23577,"shard_id":2,"start_height":3009417},"total_seconds":2.520430899}
journal 3000000-3011752, archive-wide below 3000001 at SealPolicy { scripts: Limit { target: 1629038, capacity: 1900544 }, page_rows: Limit { target: 63488, capacity: 65536 } }, recent-8k from 3000001 at SealPolicy { scripts: Limit { target: 407260, capacity: 475136 }, page_rows: Limit { target: 7936, capacity: 8192 } }
shard   2 3009417-3011752 (2336 blocks) scripts 23579 pages 1919 events 144020 segments 1/1 TAIL r2
published 3 shards covering 3000000-3011752; filters ~0.26 MB
{"capture_seconds":0.018211467,"cycle":1,"filters_open_seconds":0.001841679,"height":3011752,"map_sha256":"31547229e3d14aa2866dc5106c94cd17aa1dd30d0ac7e40acd1039dd6545874e","publish_seconds":2.703989895,"shards":3,"tail":{"end_height":3011752,"manifest_digest":"f316e5a74527405793d40b0099fbd1a427c6518a9d256dccb13c1e086034651c","page_rows":1919,"revision":2,"scripts":23579,"shard_id":2,"start_height":3009417},"total_seconds":2.7240494699999998}
journal 3000000-3011753, archive-wide below 3000001 at SealPolicy { scripts: Limit { target: 1629038, capacity: 1900544 }, page_rows: Limit { target: 63488, capacity: 65536 } }, recent-8k from 3000001 at SealPolicy { scripts: Limit { target: 407260, capacity: 475136 }, page_rows: Limit { target: 7936, capacity: 8192 } }
shard   2 3009417-3011753 (2337 blocks) scripts 23583 pages 1919 events 144042 segments 1/1 TAIL r3
published 3 shards covering 3000000-3011753; filters ~0.26 MB
{"capture_seconds":0.018182694,"cycle":2,"filters_open_seconds":0.001784418,"height":3011753,"map_sha256":"b8210714dc3ef9163c30acdfdd3f3e846a799f03b79e988483cbe21388438777","publish_seconds":2.45459984,"shards":3,"tail":{"end_height":3011753,"manifest_digest":"5531dc28abae5aec691aad6d089642165c66b2dd759bc685ba142a436617bdbd","page_rows":1919,"revision":3,"scripts":23583,"shard_id":2,"start_height":3009417},"total_seconds":2.4745723059999998}
[2m2026-10-03T20:33:19.029768Z[0m [34mDEBUG[0m [2mtransparent_shard_server::runtime[0m[2m:[0m construction stage [3mgeometry[0m[2m=[0m"recent-8k" [3mtable[0m[2m=[0m"directory" [3mseconds[0m[2m=[0m0.120469726 [3mstage[0m[2m=[0m"encode_database"
[2m2026-10-03T20:33:20.107096Z[0m [34mDEBUG[0m [2mtransparent_shard_server::runtime[0m[2m:[0m construction stage [3mgeometry[0m[2m=[0m"recent-8k" [3mtable[0m[2m=[0m"directory" [3mseconds[0m[2m=[0m1.077265841 [3mstage[0m[2m=[0m"hint_columns"
[2m2026-10-03T20:33:21.262661Z[0m [34mDEBUG[0m [2mtransparent_shard_server::runtime[0m[2m:[0m construction stage [3mgeometry[0m[2m=[0m"recent-8k" [3mtable[0m[2m=[0m"directory" [3mseconds[0m[2m=[0m1.155517834 [3mstage[0m[2m=[0m"pack_preprocessing"
{"build_threads":2,"public_params_sha256":"2324fd752f2a3a9b8a72a855aaaf5d4ed68e7bf9e1b23907525651456e77ab08","repeat":0,"seconds":2.3540628200000002,"segment":0,"table":"directory"}
[2m2026-10-03T20:33:21.362682Z[0m [34mDEBUG[0m [2mtransparent_shard_server::runtime[0m[2m:[0m construction stage [3mgeometry[0m[2m=[0m"recent-8k" [3mtable[0m[2m=[0m"directory" [3mseconds[0m[2m=[0m0.095748878 [3mstage[0m[2m=[0m"encode_database"
[2m2026-10-03T20:33:22.493480Z[0m [34mDEBUG[0m [2mtransparent_shard_server::runtime[0m[2m:[0m construction stage [3mgeometry[0m[2m=[0m"recent-8k" [3mtable[0m[2m=[0m"directory" [3mseconds[0m[2m=[0m1.130743102 [3mstage[0m[2m=[0m"hint_columns"
[2m2026-10-03T20:33:23.599749Z[0m [34mDEBUG[0m [2mtransparent_shard_server::runtime[0m[2m:[0m construction stage [3mgeometry[0m[2m=[0m"recent-8k" [3mtable[0m[2m=[0m"directory" [3mseconds[0m[2m=[0m1.10621356 [3mstage[0m[2m=[0m"pack_preprocessing"
{"build_threads":2,"public_params_sha256":"2324fd752f2a3a9b8a72a855aaaf5d4ed68e7bf9e1b23907525651456e77ab08","repeat":1,"seconds":2.333159754,"segment":0,"table":"directory"}
[2m2026-10-03T20:33:23.948695Z[0m [34mDEBUG[0m [2mtransparent_shard_server::runtime[0m[2m:[0m construction stage [3mgeometry[0m[2m=[0m"recent-8k" [3mtable[0m[2m=[0m"pages" [3mseconds[0m[2m=[0m0.095747959 [3mstage[0m[2m=[0m"encode_database"
[2m2026-10-03T20:33:25.111399Z[0m [34mDEBUG[0m [2mtransparent_shard_server::runtime[0m[2m:[0m construction stage [3mgeometry[0m[2m=[0m"recent-8k" [3mtable[0m[2m=[0m"pages" [3mseconds[0m[2m=[0m1.162645029 [3mstage[0m[2m=[0m"hint_columns"
[2m2026-10-03T20:33:26.362627Z[0m [34mDEBUG[0m [2mtransparent_shard_server::runtime[0m[2m:[0m construction stage [3mgeometry[0m[2m=[0m"recent-8k" [3mtable[0m[2m=[0m"pages" [3mseconds[0m[2m=[0m1.251166056 [3mstage[0m[2m=[0m"pack_preprocessing"
{"build_threads":2,"public_params_sha256":"d52cf9e8f3b2d44b24f4aafb5e24ea32c2202784aadbb27fe3a516c6d7bd59a2","repeat":0,"seconds":2.510040089,"segment":0,"table":"pages"}
[2m2026-10-03T20:33:26.457768Z[0m [34mDEBUG[0m [2mtransparent_shard_server::runtime[0m[2m:[0m construction stage [3mgeometry[0m[2m=[0m"recent-8k" [3mtable[0m[2m=[0m"pages" [3mseconds[0m[2m=[0m0.094797168 [3mstage[0m[2m=[0m"encode_database"
[2m2026-10-03T20:33:27.542296Z[0m [34mDEBUG[0m [2mtransparent_shard_server::runtime[0m[2m:[0m construction stage [3mgeometry[0m[2m=[0m"recent-8k" [3mtable[0m[2m=[0m"pages" [3mseconds[0m[2m=[0m1.084475393 [3mstage[0m[2m=[0m"hint_columns"
[2m2026-10-03T20:33:28.761244Z[0m [34mDEBUG[0m [2mtransparent_shard_server::runtime[0m[2m:[0m construction stage [3mgeometry[0m[2m=[0m"recent-8k" [3mtable[0m[2m=[0m"pages" [3mseconds[0m[2m=[0m1.218893646 [3mstage[0m[2m=[0m"pack_preprocessing"
{"build_threads":2,"public_params_sha256":"d52cf9e8f3b2d44b24f4aafb5e24ea32c2202784aadbb27fe3a516c6d7bd59a2","repeat":1,"seconds":2.398547502,"segment":0,"table":"pages"}
