journal through 3011750 in 0.0s
journal 3000000-3011751, archive-wide below 3000001 at SealPolicy { scripts: Limit { target: 1629038, capacity: 1900544 }, page_rows: Limit { target: 63488, capacity: 65536 } }, recent-8k from 3000001 at SealPolicy { scripts: Limit { target: 407260, capacity: 475136 }, page_rows: Limit { target: 7936, capacity: 8192 } }
shard   2 3009417-3011751 (2335 blocks) scripts 23577 pages 1919 events 144006 segments 1/1 TAIL r1
published 3 shards covering 3000000-3011751; filters ~0.26 MB
{"capture_seconds":0.019864751,"cycle":0,"filters_open_seconds":0.001485379,"height":3011751,"map_sha256":"6562af093a7ab4964422234682cfa7cebbe72e70269b36c4395c45c4755a4b1f","publish_seconds":1.792677868,"shards":3,"tail":{"end_height":3011751,"manifest_digest":"f356e11df33af1d3171152191e8c36dbcf88dbfc54c184d48e8936f098cfa586","page_rows":1919,"revision":1,"scripts":23577,"shard_id":2,"start_height":3009417},"total_seconds":1.8140475390000002}
journal 3000000-3011752, archive-wide below 3000001 at SealPolicy { scripts: Limit { target: 1629038, capacity: 1900544 }, page_rows: Limit { target: 63488, capacity: 65536 } }, recent-8k from 3000001 at SealPolicy { scripts: Limit { target: 407260, capacity: 475136 }, page_rows: Limit { target: 7936, capacity: 8192 } }
shard   2 3009417-3011752 (2336 blocks) scripts 23579 pages 1919 events 144020 segments 1/1 TAIL r2
published 3 shards covering 3000000-3011752; filters ~0.26 MB
{"capture_seconds":0.013938628,"cycle":1,"filters_open_seconds":0.001562519,"height":3011752,"map_sha256":"31547229e3d14aa2866dc5106c94cd17aa1dd30d0ac7e40acd1039dd6545874e","publish_seconds":1.299087091,"shards":3,"tail":{"end_height":3011752,"manifest_digest":"f316e5a74527405793d40b0099fbd1a427c6518a9d256dccb13c1e086034651c","page_rows":1919,"revision":2,"scripts":23579,"shard_id":2,"start_height":3009417},"total_seconds":1.314593655}
journal 3000000-3011753, archive-wide below 3000001 at SealPolicy { scripts: Limit { target: 1629038, capacity: 1900544 }, page_rows: Limit { target: 63488, capacity: 65536 } }, recent-8k from 3000001 at SealPolicy { scripts: Limit { target: 407260, capacity: 475136 }, page_rows: Limit { target: 7936, capacity: 8192 } }
shard   2 3009417-3011753 (2337 blocks) scripts 23583 pages 1919 events 144042 segments 1/1 TAIL r3
published 3 shards covering 3000000-3011753; filters ~0.26 MB
{"capture_seconds":0.014169692,"cycle":2,"filters_open_seconds":0.00151963,"height":3011753,"map_sha256":"b8210714dc3ef9163c30acdfdd3f3e846a799f03b79e988483cbe21388438777","publish_seconds":1.343591448,"shards":3,"tail":{"end_height":3011753,"manifest_digest":"5531dc28abae5aec691aad6d089642165c66b2dd759bc685ba142a436617bdbd","page_rows":1919,"revision":3,"scripts":23583,"shard_id":2,"start_height":3009417},"total_seconds":1.359286094}
[2m2026-10-03T20:35:32.945923Z[0m [34mDEBUG[0m [2mtransparent_shard_server::runtime[0m[2m:[0m construction stage [3mgeometry[0m[2m=[0m"recent-8k" [3mtable[0m[2m=[0m"directory" [3mseconds[0m[2m=[0m0.167879163 [3mstage[0m[2m=[0m"encode_database"
[2m2026-10-03T20:35:34.098776Z[0m [34mDEBUG[0m [2mtransparent_shard_server::runtime[0m[2m:[0m construction stage [3mgeometry[0m[2m=[0m"recent-8k" [3mtable[0m[2m=[0m"directory" [3mseconds[0m[2m=[0m1.152781579 [3mstage[0m[2m=[0m"hint_columns"
[2m2026-10-03T20:35:35.291106Z[0m [34mDEBUG[0m [2mtransparent_shard_server::runtime[0m[2m:[0m construction stage [3mgeometry[0m[2m=[0m"recent-8k" [3mtable[0m[2m=[0m"directory" [3mseconds[0m[2m=[0m1.192270658 [3mstage[0m[2m=[0m"pack_preprocessing"
{"build_threads":2,"public_params_sha256":"2324fd752f2a3a9b8a72a855aaaf5d4ed68e7bf9e1b23907525651456e77ab08","repeat":0,"seconds":2.513722976,"segment":0,"table":"directory"}
[2m2026-10-03T20:35:35.400978Z[0m [34mDEBUG[0m [2mtransparent_shard_server::runtime[0m[2m:[0m construction stage [3mgeometry[0m[2m=[0m"recent-8k" [3mtable[0m[2m=[0m"directory" [3mseconds[0m[2m=[0m0.106930388 [3mstage[0m[2m=[0m"encode_database"
[2m2026-10-03T20:35:36.465793Z[0m [34mDEBUG[0m [2mtransparent_shard_server::runtime[0m[2m:[0m construction stage [3mgeometry[0m[2m=[0m"recent-8k" [3mtable[0m[2m=[0m"directory" [3mseconds[0m[2m=[0m1.064759076 [3mstage[0m[2m=[0m"hint_columns"
[2m2026-10-03T20:35:37.549550Z[0m [34mDEBUG[0m [2mtransparent_shard_server::runtime[0m[2m:[0m construction stage [3mgeometry[0m[2m=[0m"recent-8k" [3mtable[0m[2m=[0m"directory" [3mseconds[0m[2m=[0m1.083669171 [3mstage[0m[2m=[0m"pack_preprocessing"
{"build_threads":2,"public_params_sha256":"2324fd752f2a3a9b8a72a855aaaf5d4ed68e7bf9e1b23907525651456e77ab08","repeat":1,"seconds":2.25590014,"segment":0,"table":"directory"}
[2m2026-10-03T20:35:37.908171Z[0m [34mDEBUG[0m [2mtransparent_shard_server::runtime[0m[2m:[0m construction stage [3mgeometry[0m[2m=[0m"recent-8k" [3mtable[0m[2m=[0m"pages" [3mseconds[0m[2m=[0m0.098823735 [3mstage[0m[2m=[0m"encode_database"
[2m2026-10-03T20:35:38.339978Z[0m [34mDEBUG[0m [2mtransparent_shard_server::runtime[0m[2m:[0m construction stage [3mgeometry[0m[2m=[0m"recent-8k" [3mtable[0m[2m=[0m"pages" [3mseconds[0m[2m=[0m0.431751611 [3mstage[0m[2m=[0m"hint_columns"
[2m2026-10-03T20:35:39.516326Z[0m [34mDEBUG[0m [2mtransparent_shard_server::runtime[0m[2m:[0m construction stage [3mgeometry[0m[2m=[0m"recent-8k" [3mtable[0m[2m=[0m"pages" [3mseconds[0m[2m=[0m1.1762935190000001 [3mstage[0m[2m=[0m"pack_preprocessing"
{"build_threads":2,"public_params_sha256":"d52cf9e8f3b2d44b24f4aafb5e24ea32c2202784aadbb27fe3a516c6d7bd59a2","repeat":0,"seconds":1.707320027,"segment":0,"table":"pages"}
[2m2026-10-03T20:35:39.624724Z[0m [34mDEBUG[0m [2mtransparent_shard_server::runtime[0m[2m:[0m construction stage [3mgeometry[0m[2m=[0m"recent-8k" [3mtable[0m[2m=[0m"pages" [3mseconds[0m[2m=[0m0.108029366 [3mstage[0m[2m=[0m"encode_database"
[2m2026-10-03T20:35:40.082453Z[0m [34mDEBUG[0m [2mtransparent_shard_server::runtime[0m[2m:[0m construction stage [3mgeometry[0m[2m=[0m"recent-8k" [3mtable[0m[2m=[0m"pages" [3mseconds[0m[2m=[0m0.45765861 [3mstage[0m[2m=[0m"hint_columns"
[2m2026-10-03T20:35:41.157999Z[0m [34mDEBUG[0m [2mtransparent_shard_server::runtime[0m[2m:[0m construction stage [3mgeometry[0m[2m=[0m"recent-8k" [3mtable[0m[2m=[0m"pages" [3mseconds[0m[2m=[0m1.07548954 [3mstage[0m[2m=[0m"pack_preprocessing"
{"build_threads":2,"public_params_sha256":"d52cf9e8f3b2d44b24f4aafb5e24ea32c2202784aadbb27fe3a516c6d7bd59a2","repeat":1,"seconds":1.641649591,"segment":0,"table":"pages"}
