journal through 3011750 in 56.9s
journal 3000000-3011750, archive-wide below 3000001 at SealPolicy { scripts: Limit { target: 1629038, capacity: 1900544 }, page_rows: Limit { target: 63488, capacity: 65536 } }, recent-8k from 3000001 at SealPolicy { scripts: Limit { target: 407260, capacity: 475136 }, page_rows: Limit { target: 7936, capacity: 8192 } }
shard   0 3000000-3000000 (1 blocks) scripts 0 pages 0 events 0 segments 1/1 sealed
shard   1 3000001-3009416 (9416 blocks) scripts 80369 pages 7936 events 573493 segments 1/1 sealed
shard   2 3009417-3011750 (2334 blocks) scripts 23566 pages 1918 events 143932 segments 1/1 TAIL r0
published 3 shards covering 3000000-3011750; filters ~0.26 MB
journal 3000000-3011751, archive-wide below 3000001 at SealPolicy { scripts: Limit { target: 1629038, capacity: 1900544 }, page_rows: Limit { target: 63488, capacity: 65536 } }, recent-8k from 3000001 at SealPolicy { scripts: Limit { target: 407260, capacity: 475136 }, page_rows: Limit { target: 7936, capacity: 8192 } }
shard   2 3009417-3011751 (2335 blocks) scripts 23577 pages 1919 events 144006 segments 1/1 TAIL r1
published 3 shards covering 3000000-3011751; filters ~0.26 MB
{"capture_seconds":0.015334358,"cycle":0,"filters_open_seconds":0.002407062,"height":3011751,"map_sha256":"6562af093a7ab4964422234682cfa7cebbe72e70269b36c4395c45c4755a4b1f","publish_seconds":1.295486493,"shards":3,"tail":{"end_height":3011751,"manifest_digest":"f356e11df33af1d3171152191e8c36dbcf88dbfc54c184d48e8936f098cfa586","page_rows":1919,"revision":1,"scripts":23577,"shard_id":2,"start_height":3009417},"total_seconds":1.3132556499999999}
journal 3000000-3011752, archive-wide below 3000001 at SealPolicy { scripts: Limit { target: 1629038, capacity: 1900544 }, page_rows: Limit { target: 63488, capacity: 65536 } }, recent-8k from 3000001 at SealPolicy { scripts: Limit { target: 407260, capacity: 475136 }, page_rows: Limit { target: 7936, capacity: 8192 } }
shard   2 3009417-3011752 (2336 blocks) scripts 23579 pages 1919 events 144020 segments 1/1 TAIL r2
published 3 shards covering 3000000-3011752; filters ~0.26 MB
{"capture_seconds":0.017216054,"cycle":1,"filters_open_seconds":0.001651974,"height":3011752,"map_sha256":"31547229e3d14aa2866dc5106c94cd17aa1dd30d0ac7e40acd1039dd6545874e","publish_seconds":1.232299727,"shards":3,"tail":{"end_height":3011752,"manifest_digest":"f316e5a74527405793d40b0099fbd1a427c6518a9d256dccb13c1e086034651c","page_rows":1919,"revision":2,"scripts":23579,"shard_id":2,"start_height":3009417},"total_seconds":1.251172637}
journal 3000000-3011753, archive-wide below 3000001 at SealPolicy { scripts: Limit { target: 1629038, capacity: 1900544 }, page_rows: Limit { target: 63488, capacity: 65536 } }, recent-8k from 3000001 at SealPolicy { scripts: Limit { target: 407260, capacity: 475136 }, page_rows: Limit { target: 7936, capacity: 8192 } }
shard   2 3009417-3011753 (2337 blocks) scripts 23583 pages 1919 events 144042 segments 1/1 TAIL r3
published 3 shards covering 3000000-3011753; filters ~0.26 MB
{"capture_seconds":0.013123493,"cycle":2,"filters_open_seconds":0.001621257,"height":3011753,"map_sha256":"b8210714dc3ef9163c30acdfdd3f3e846a799f03b79e988483cbe21388438777","publish_seconds":1.273329981,"shards":3,"tail":{"end_height":3011753,"manifest_digest":"5531dc28abae5aec691aad6d089642165c66b2dd759bc685ba142a436617bdbd","page_rows":1919,"revision":3,"scripts":23583,"shard_id":2,"start_height":3009417},"total_seconds":1.2880795250000001}
[2m2026-10-03T20:34:45.353892Z[0m [34mDEBUG[0m [2mtransparent_shard_server::runtime[0m[2m:[0m construction stage [3mgeometry[0m[2m=[0m"recent-8k" [3mtable[0m[2m=[0m"directory" [3mseconds[0m[2m=[0m0.124536296 [3mstage[0m[2m=[0m"encode_database"
[2m2026-10-03T20:34:46.540759Z[0m [34mDEBUG[0m [2mtransparent_shard_server::runtime[0m[2m:[0m construction stage [3mgeometry[0m[2m=[0m"recent-8k" [3mtable[0m[2m=[0m"directory" [3mseconds[0m[2m=[0m1.186809295 [3mstage[0m[2m=[0m"hint_columns"
[2m2026-10-03T20:34:47.744106Z[0m [34mDEBUG[0m [2mtransparent_shard_server::runtime[0m[2m:[0m construction stage [3mgeometry[0m[2m=[0m"recent-8k" [3mtable[0m[2m=[0m"directory" [3mseconds[0m[2m=[0m1.203294395 [3mstage[0m[2m=[0m"pack_preprocessing"
{"build_threads":2,"public_params_sha256":"2324fd752f2a3a9b8a72a855aaaf5d4ed68e7bf9e1b23907525651456e77ab08","repeat":0,"seconds":2.516403114,"segment":0,"table":"directory"}
[2m2026-10-03T20:34:47.848207Z[0m [34mDEBUG[0m [2mtransparent_shard_server::runtime[0m[2m:[0m construction stage [3mgeometry[0m[2m=[0m"recent-8k" [3mtable[0m[2m=[0m"directory" [3mseconds[0m[2m=[0m0.099758999 [3mstage[0m[2m=[0m"encode_database"
[2m2026-10-03T20:34:48.929854Z[0m [34mDEBUG[0m [2mtransparent_shard_server::runtime[0m[2m:[0m construction stage [3mgeometry[0m[2m=[0m"recent-8k" [3mtable[0m[2m=[0m"directory" [3mseconds[0m[2m=[0m1.081596154 [3mstage[0m[2m=[0m"hint_columns"
[2m2026-10-03T20:34:50.113902Z[0m [34mDEBUG[0m [2mtransparent_shard_server::runtime[0m[2m:[0m construction stage [3mgeometry[0m[2m=[0m"recent-8k" [3mtable[0m[2m=[0m"directory" [3mseconds[0m[2m=[0m1.183992344 [3mstage[0m[2m=[0m"pack_preprocessing"
{"build_threads":2,"public_params_sha256":"2324fd752f2a3a9b8a72a855aaaf5d4ed68e7bf9e1b23907525651456e77ab08","repeat":1,"seconds":2.365786582,"segment":0,"table":"directory"}
[2m2026-10-03T20:34:50.486399Z[0m [34mDEBUG[0m [2mtransparent_shard_server::runtime[0m[2m:[0m construction stage [3mgeometry[0m[2m=[0m"recent-8k" [3mtable[0m[2m=[0m"pages" [3mseconds[0m[2m=[0m0.104831181 [3mstage[0m[2m=[0m"encode_database"
[2m2026-10-03T20:34:50.958504Z[0m [34mDEBUG[0m [2mtransparent_shard_server::runtime[0m[2m:[0m construction stage [3mgeometry[0m[2m=[0m"recent-8k" [3mtable[0m[2m=[0m"pages" [3mseconds[0m[2m=[0m0.472050204 [3mstage[0m[2m=[0m"hint_columns"
[2m2026-10-03T20:34:52.073679Z[0m [34mDEBUG[0m [2mtransparent_shard_server::runtime[0m[2m:[0m construction stage [3mgeometry[0m[2m=[0m"recent-8k" [3mtable[0m[2m=[0m"pages" [3mseconds[0m[2m=[0m1.115126715 [3mstage[0m[2m=[0m"pack_preprocessing"
{"build_threads":2,"public_params_sha256":"d52cf9e8f3b2d44b24f4aafb5e24ea32c2202784aadbb27fe3a516c6d7bd59a2","repeat":0,"seconds":1.6925424040000001,"segment":0,"table":"pages"}
[2m2026-10-03T20:34:52.170593Z[0m [34mDEBUG[0m [2mtransparent_shard_server::runtime[0m[2m:[0m construction stage [3mgeometry[0m[2m=[0m"recent-8k" [3mtable[0m[2m=[0m"pages" [3mseconds[0m[2m=[0m0.096550493 [3mstage[0m[2m=[0m"encode_database"
[2m2026-10-03T20:34:52.591761Z[0m [34mDEBUG[0m [2mtransparent_shard_server::runtime[0m[2m:[0m construction stage [3mgeometry[0m[2m=[0m"recent-8k" [3mtable[0m[2m=[0m"pages" [3mseconds[0m[2m=[0m0.421119085 [3mstage[0m[2m=[0m"hint_columns"
[2m2026-10-03T20:34:53.727278Z[0m [34mDEBUG[0m [2mtransparent_shard_server::runtime[0m[2m:[0m construction stage [3mgeometry[0m[2m=[0m"recent-8k" [3mtable[0m[2m=[0m"pages" [3mseconds[0m[2m=[0m1.1354630669999999 [3mstage[0m[2m=[0m"pack_preprocessing"
{"build_threads":2,"public_params_sha256":"d52cf9e8f3b2d44b24f4aafb5e24ea32c2202784aadbb27fe3a516c6d7bd59a2","repeat":1,"seconds":1.653563892,"segment":0,"table":"pages"}
