journal through 3015552 in 75.9s
journal 3000000-3015552, archive-wide below 3000001 at SealPolicy { scripts: Limit { target: 1629038, capacity: 1900544 }, page_rows: Limit { target: 63488, capacity: 65536 } }, recent-8k from 3000001 at SealPolicy { scripts: Limit { target: 407260, capacity: 475136 }, page_rows: Limit { target: 7936, capacity: 8192 } }
shard   0 3000000-3000000 (1 blocks) scripts 0 pages 0 events 0 segments 1/1 sealed
shard   1 3000001-3009416 (9416 blocks) scripts 80369 pages 7936 events 573493 segments 1/1 sealed
shard   2 3009417-3015552 (6136 blocks) scripts 56189 pages 5265 events 384829 segments 1/1 TAIL r0
published 3 shards covering 3000000-3015552; filters ~0.34 MB
journal 3000000-3015553, archive-wide below 3000001 at SealPolicy { scripts: Limit { target: 1629038, capacity: 1900544 }, page_rows: Limit { target: 63488, capacity: 65536 } }, recent-8k from 3000001 at SealPolicy { scripts: Limit { target: 407260, capacity: 475136 }, page_rows: Limit { target: 7936, capacity: 8192 } }
shard   2 3009417-3015553 (6137 blocks) scripts 56197 pages 5265 events 384852 segments 1/1 TAIL r1
published 3 shards covering 3000000-3015553; filters ~0.34 MB
{"capture_seconds":0.037646944,"cycle":0,"filters_open_seconds":0.002224999,"height":3015553,"map_sha256":"c6ada06aba5221f8c8a3dee1b5edcdc5493b1d3641025eb3d3e0939974c01138","publish_seconds":5.9740204420000005,"shards":3,"tail":{"end_height":3015553,"manifest_digest":"babad7bf77fd3dcac7c09a42cdce886a846b6c6d26287aae5ac2d91063f79dc8","page_rows":5265,"revision":1,"scripts":56197,"shard_id":2,"start_height":3009417},"total_seconds":6.013899775}
journal 3000000-3015554, archive-wide below 3000001 at SealPolicy { scripts: Limit { target: 1629038, capacity: 1900544 }, page_rows: Limit { target: 63488, capacity: 65536 } }, recent-8k from 3000001 at SealPolicy { scripts: Limit { target: 407260, capacity: 475136 }, page_rows: Limit { target: 7936, capacity: 8192 } }
shard   2 3009417-3015554 (6138 blocks) scripts 56197 pages 5265 events 384857 segments 1/1 TAIL r2
published 3 shards covering 3000000-3015554; filters ~0.34 MB
{"capture_seconds":0.034881387,"cycle":1,"filters_open_seconds":0.002020334,"height":3015554,"map_sha256":"26bdb51028f1f91c4da1de17b38f4da43253b81506bb061d2642806a9b85e5d9","publish_seconds":6.548367092,"shards":3,"tail":{"end_height":3015554,"manifest_digest":"e4714815d7f228d940d3fcbf5a1dec3688390d08192511f5bbd5419cc0220fce","page_rows":5265,"revision":2,"scripts":56197,"shard_id":2,"start_height":3009417},"total_seconds":6.585274117}
journal 3000000-3015555, archive-wide below 3000001 at SealPolicy { scripts: Limit { target: 1629038, capacity: 1900544 }, page_rows: Limit { target: 63488, capacity: 65536 } }, recent-8k from 3000001 at SealPolicy { scripts: Limit { target: 407260, capacity: 475136 }, page_rows: Limit { target: 7936, capacity: 8192 } }
shard   2 3009417-3015555 (6139 blocks) scripts 56206 pages 5266 events 384930 segments 1/1 TAIL r3
published 3 shards covering 3000000-3015555; filters ~0.34 MB
{"capture_seconds":0.03916639,"cycle":2,"filters_open_seconds":0.002207033,"height":3015555,"map_sha256":"b685ff3b591f90fd5ce724004dd32467feea5b496ab0f67278c0535f5b5fb047","publish_seconds":6.37834327,"shards":3,"tail":{"end_height":3015555,"manifest_digest":"130e036b748a502a3f5b340f833df9f4a068573c52dde17a102486ea1c1122b2","page_rows":5266,"revision":3,"scripts":56206,"shard_id":2,"start_height":3009417},"total_seconds":6.419724049}
[2m2026-10-03T20:37:44.105978Z[0m [34mDEBUG[0m [2mtransparent_shard_server::runtime[0m[2m:[0m construction stage [3mgeometry[0m[2m=[0m"recent-8k" [3mtable[0m[2m=[0m"directory" [3mseconds[0m[2m=[0m0.121169591 [3mstage[0m[2m=[0m"encode_database"
[2m2026-10-03T20:37:45.394109Z[0m [34mDEBUG[0m [2mtransparent_shard_server::runtime[0m[2m:[0m construction stage [3mgeometry[0m[2m=[0m"recent-8k" [3mtable[0m[2m=[0m"directory" [3mseconds[0m[2m=[0m1.28806651 [3mstage[0m[2m=[0m"hint_columns"
[2m2026-10-03T20:37:46.895078Z[0m [34mDEBUG[0m [2mtransparent_shard_server::runtime[0m[2m:[0m construction stage [3mgeometry[0m[2m=[0m"recent-8k" [3mtable[0m[2m=[0m"directory" [3mseconds[0m[2m=[0m1.500876509 [3mstage[0m[2m=[0m"pack_preprocessing"
{"build_threads":2,"public_params_sha256":"babf136557ececf3cb3f2c101e7a45c10002572efbd28d6c9e3591993859688f","repeat":0,"seconds":2.9110081770000003,"segment":0,"table":"directory"}
[2m2026-10-03T20:37:46.997397Z[0m [34mDEBUG[0m [2mtransparent_shard_server::runtime[0m[2m:[0m construction stage [3mgeometry[0m[2m=[0m"recent-8k" [3mtable[0m[2m=[0m"directory" [3mseconds[0m[2m=[0m0.099112476 [3mstage[0m[2m=[0m"encode_database"
[2m2026-10-03T20:37:48.210070Z[0m [34mDEBUG[0m [2mtransparent_shard_server::runtime[0m[2m:[0m construction stage [3mgeometry[0m[2m=[0m"recent-8k" [3mtable[0m[2m=[0m"directory" [3mseconds[0m[2m=[0m1.212616029 [3mstage[0m[2m=[0m"hint_columns"
[2m2026-10-03T20:37:49.386383Z[0m [34mDEBUG[0m [2mtransparent_shard_server::runtime[0m[2m:[0m construction stage [3mgeometry[0m[2m=[0m"recent-8k" [3mtable[0m[2m=[0m"directory" [3mseconds[0m[2m=[0m1.176247987 [3mstage[0m[2m=[0m"pack_preprocessing"
{"build_threads":2,"public_params_sha256":"babf136557ececf3cb3f2c101e7a45c10002572efbd28d6c9e3591993859688f","repeat":1,"seconds":2.488604861,"segment":0,"table":"directory"}
[2m2026-10-03T20:37:49.938967Z[0m [34mDEBUG[0m [2mtransparent_shard_server::runtime[0m[2m:[0m construction stage [3mgeometry[0m[2m=[0m"recent-8k" [3mtable[0m[2m=[0m"pages" [3mseconds[0m[2m=[0m0.174860659 [3mstage[0m[2m=[0m"encode_database"
[2m2026-10-03T20:37:51.540343Z[0m [34mDEBUG[0m [2mtransparent_shard_server::runtime[0m[2m:[0m construction stage [3mgeometry[0m[2m=[0m"recent-8k" [3mtable[0m[2m=[0m"pages" [3mseconds[0m[2m=[0m1.601307742 [3mstage[0m[2m=[0m"hint_columns"
[2m2026-10-03T20:37:52.806422Z[0m [34mDEBUG[0m [2mtransparent_shard_server::runtime[0m[2m:[0m construction stage [3mgeometry[0m[2m=[0m"recent-8k" [3mtable[0m[2m=[0m"pages" [3mseconds[0m[2m=[0m1.266018445 [3mstage[0m[2m=[0m"pack_preprocessing"
{"build_threads":2,"public_params_sha256":"0b87bf40e3ec7f7e05cf8846fccbc4527e1520b72982fc3c13eaba478cdab9dc","repeat":0,"seconds":3.042688468,"segment":0,"table":"pages"}
[2m2026-10-03T20:37:52.908310Z[0m [34mDEBUG[0m [2mtransparent_shard_server::runtime[0m[2m:[0m construction stage [3mgeometry[0m[2m=[0m"recent-8k" [3mtable[0m[2m=[0m"pages" [3mseconds[0m[2m=[0m0.101544318 [3mstage[0m[2m=[0m"encode_database"
[2m2026-10-03T20:37:54.020629Z[0m [34mDEBUG[0m [2mtransparent_shard_server::runtime[0m[2m:[0m construction stage [3mgeometry[0m[2m=[0m"recent-8k" [3mtable[0m[2m=[0m"pages" [3mseconds[0m[2m=[0m1.112268536 [3mstage[0m[2m=[0m"hint_columns"
[2m2026-10-03T20:37:55.138947Z[0m [34mDEBUG[0m [2mtransparent_shard_server::runtime[0m[2m:[0m construction stage [3mgeometry[0m[2m=[0m"recent-8k" [3mtable[0m[2m=[0m"pages" [3mseconds[0m[2m=[0m1.118263121 [3mstage[0m[2m=[0m"pack_preprocessing"
{"build_threads":2,"public_params_sha256":"0b87bf40e3ec7f7e05cf8846fccbc4527e1520b72982fc3c13eaba478cdab9dc","repeat":1,"seconds":2.33249603,"segment":0,"table":"pages"}
