journal through 3015552 in 76.6s
journal 3000000-3015552, archive-wide below 3000001 at SealPolicy { scripts: Limit { target: 1629038, capacity: 1900544 }, page_rows: Limit { target: 63488, capacity: 65536 } }, recent-8k from 3000001 at SealPolicy { scripts: Limit { target: 407260, capacity: 475136 }, page_rows: Limit { target: 7936, capacity: 8192 } }
shard   0 3000000-3000000 (1 blocks) scripts 0 pages 0 events 0 segments 1/1 sealed
shard   1 3000001-3009416 (9416 blocks) scripts 80369 pages 7936 events 573493 segments 1/1 sealed
shard   2 3009417-3015552 (6136 blocks) scripts 56189 pages 5265 events 384829 segments 1/1 TAIL r0
published 3 shards covering 3000000-3015552; filters ~0.34 MB
journal 3000000-3015553, archive-wide below 3000001 at SealPolicy { scripts: Limit { target: 1629038, capacity: 1900544 }, page_rows: Limit { target: 63488, capacity: 65536 } }, recent-8k from 3000001 at SealPolicy { scripts: Limit { target: 407260, capacity: 475136 }, page_rows: Limit { target: 7936, capacity: 8192 } }
shard   2 3009417-3015553 (6137 blocks) scripts 56197 pages 5265 events 384852 segments 1/1 TAIL r1
published 3 shards covering 3000000-3015553; filters ~0.34 MB
{"capture_seconds":0.033476276,"cycle":0,"filters_open_seconds":0.001916833,"height":3015553,"map_sha256":"c6ada06aba5221f8c8a3dee1b5edcdc5493b1d3641025eb3d3e0939974c01138","publish_seconds":2.635396188,"shards":3,"tail":{"end_height":3015553,"manifest_digest":"babad7bf77fd3dcac7c09a42cdce886a846b6c6d26287aae5ac2d91063f79dc8","page_rows":5265,"revision":1,"scripts":56197,"shard_id":2,"start_height":3009417},"total_seconds":2.670794693}
journal 3000000-3015554, archive-wide below 3000001 at SealPolicy { scripts: Limit { target: 1629038, capacity: 1900544 }, page_rows: Limit { target: 63488, capacity: 65536 } }, recent-8k from 3000001 at SealPolicy { scripts: Limit { target: 407260, capacity: 475136 }, page_rows: Limit { target: 7936, capacity: 8192 } }
shard   2 3009417-3015554 (6138 blocks) scripts 56197 pages 5265 events 384857 segments 1/1 TAIL r2
published 3 shards covering 3000000-3015554; filters ~0.34 MB
{"capture_seconds":0.034596659,"cycle":1,"filters_open_seconds":0.002041075,"height":3015554,"map_sha256":"26bdb51028f1f91c4da1de17b38f4da43253b81506bb061d2642806a9b85e5d9","publish_seconds":2.5406659400000002,"shards":3,"tail":{"end_height":3015554,"manifest_digest":"e4714815d7f228d940d3fcbf5a1dec3688390d08192511f5bbd5419cc0220fce","page_rows":5265,"revision":2,"scripts":56197,"shard_id":2,"start_height":3009417},"total_seconds":2.577310037}
journal 3000000-3015555, archive-wide below 3000001 at SealPolicy { scripts: Limit { target: 1629038, capacity: 1900544 }, page_rows: Limit { target: 63488, capacity: 65536 } }, recent-8k from 3000001 at SealPolicy { scripts: Limit { target: 407260, capacity: 475136 }, page_rows: Limit { target: 7936, capacity: 8192 } }
shard   2 3009417-3015555 (6139 blocks) scripts 56206 pages 5266 events 384930 segments 1/1 TAIL r3
published 3 shards covering 3000000-3015555; filters ~0.34 MB
{"capture_seconds":0.036895176,"cycle":2,"filters_open_seconds":0.002073445,"height":3015555,"map_sha256":"b685ff3b591f90fd5ce724004dd32467feea5b496ab0f67278c0535f5b5fb047","publish_seconds":2.56924331,"shards":3,"tail":{"end_height":3015555,"manifest_digest":"130e036b748a502a3f5b340f833df9f4a068573c52dde17a102486ea1c1122b2","page_rows":5266,"revision":3,"scripts":56206,"shard_id":2,"start_height":3009417},"total_seconds":2.6082176329999998}
[2m2026-10-03T20:39:37.495243Z[0m [34mDEBUG[0m [2mtransparent_shard_server::runtime[0m[2m:[0m construction stage [3mgeometry[0m[2m=[0m"recent-8k" [3mtable[0m[2m=[0m"directory" [3mseconds[0m[2m=[0m0.12240709 [3mstage[0m[2m=[0m"encode_database"
[2m2026-10-03T20:39:38.690524Z[0m [34mDEBUG[0m [2mtransparent_shard_server::runtime[0m[2m:[0m construction stage [3mgeometry[0m[2m=[0m"recent-8k" [3mtable[0m[2m=[0m"directory" [3mseconds[0m[2m=[0m1.195218941 [3mstage[0m[2m=[0m"hint_columns"
[2m2026-10-03T20:39:40.025004Z[0m [34mDEBUG[0m [2mtransparent_shard_server::runtime[0m[2m:[0m construction stage [3mgeometry[0m[2m=[0m"recent-8k" [3mtable[0m[2m=[0m"directory" [3mseconds[0m[2m=[0m1.334427277 [3mstage[0m[2m=[0m"pack_preprocessing"
{"build_threads":2,"public_params_sha256":"babf136557ececf3cb3f2c101e7a45c10002572efbd28d6c9e3591993859688f","repeat":0,"seconds":2.6529326920000003,"segment":0,"table":"directory"}
[2m2026-10-03T20:39:40.137888Z[0m [34mDEBUG[0m [2mtransparent_shard_server::runtime[0m[2m:[0m construction stage [3mgeometry[0m[2m=[0m"recent-8k" [3mtable[0m[2m=[0m"directory" [3mseconds[0m[2m=[0m0.103280882 [3mstage[0m[2m=[0m"encode_database"
[2m2026-10-03T20:39:41.243366Z[0m [34mDEBUG[0m [2mtransparent_shard_server::runtime[0m[2m:[0m construction stage [3mgeometry[0m[2m=[0m"recent-8k" [3mtable[0m[2m=[0m"directory" [3mseconds[0m[2m=[0m1.105424493 [3mstage[0m[2m=[0m"hint_columns"
[2m2026-10-03T20:39:42.418375Z[0m [34mDEBUG[0m [2mtransparent_shard_server::runtime[0m[2m:[0m construction stage [3mgeometry[0m[2m=[0m"recent-8k" [3mtable[0m[2m=[0m"directory" [3mseconds[0m[2m=[0m1.174878707 [3mstage[0m[2m=[0m"pack_preprocessing"
{"build_threads":2,"public_params_sha256":"babf136557ececf3cb3f2c101e7a45c10002572efbd28d6c9e3591993859688f","repeat":1,"seconds":2.384097601,"segment":0,"table":"directory"}
[2m2026-10-03T20:39:42.792649Z[0m [34mDEBUG[0m [2mtransparent_shard_server::runtime[0m[2m:[0m construction stage [3mgeometry[0m[2m=[0m"recent-8k" [3mtable[0m[2m=[0m"pages" [3mseconds[0m[2m=[0m0.105461154 [3mstage[0m[2m=[0m"encode_database"
[2m2026-10-03T20:39:43.643580Z[0m [34mDEBUG[0m [2mtransparent_shard_server::runtime[0m[2m:[0m construction stage [3mgeometry[0m[2m=[0m"recent-8k" [3mtable[0m[2m=[0m"pages" [3mseconds[0m[2m=[0m0.850873407 [3mstage[0m[2m=[0m"hint_columns"
[2m2026-10-03T20:39:44.788268Z[0m [34mDEBUG[0m [2mtransparent_shard_server::runtime[0m[2m:[0m construction stage [3mgeometry[0m[2m=[0m"recent-8k" [3mtable[0m[2m=[0m"pages" [3mseconds[0m[2m=[0m1.144623572 [3mstage[0m[2m=[0m"pack_preprocessing"
{"build_threads":2,"public_params_sha256":"0b87bf40e3ec7f7e05cf8846fccbc4527e1520b72982fc3c13eaba478cdab9dc","repeat":0,"seconds":2.101449054,"segment":0,"table":"pages"}
[2m2026-10-03T20:39:44.892301Z[0m [34mDEBUG[0m [2mtransparent_shard_server::runtime[0m[2m:[0m construction stage [3mgeometry[0m[2m=[0m"recent-8k" [3mtable[0m[2m=[0m"pages" [3mseconds[0m[2m=[0m0.103559952 [3mstage[0m[2m=[0m"encode_database"
[2m2026-10-03T20:39:45.858529Z[0m [34mDEBUG[0m [2mtransparent_shard_server::runtime[0m[2m:[0m construction stage [3mgeometry[0m[2m=[0m"recent-8k" [3mtable[0m[2m=[0m"pages" [3mseconds[0m[2m=[0m0.966171237 [3mstage[0m[2m=[0m"hint_columns"
[2m2026-10-03T20:39:46.963379Z[0m [34mDEBUG[0m [2mtransparent_shard_server::runtime[0m[2m:[0m construction stage [3mgeometry[0m[2m=[0m"recent-8k" [3mtable[0m[2m=[0m"pages" [3mseconds[0m[2m=[0m1.104787428 [3mstage[0m[2m=[0m"pack_preprocessing"
{"build_threads":2,"public_params_sha256":"0b87bf40e3ec7f7e05cf8846fccbc4527e1520b72982fc3c13eaba478cdab9dc","repeat":1,"seconds":2.174945908,"segment":0,"table":"pages"}
