journal through 3015552 in 0.0s
journal 3000000-3015553, archive-wide below 3000001 at SealPolicy { scripts: Limit { target: 1629038, capacity: 1900544 }, page_rows: Limit { target: 63488, capacity: 65536 } }, recent-8k from 3000001 at SealPolicy { scripts: Limit { target: 407260, capacity: 475136 }, page_rows: Limit { target: 7936, capacity: 8192 } }
shard   2 3009417-3015553 (6137 blocks) scripts 56197 pages 5265 events 384852 segments 1/1 TAIL r1
published 3 shards covering 3000000-3015553; filters ~0.34 MB
{"capture_seconds":0.036152216,"cycle":0,"filters_open_seconds":0.001873671,"height":3015553,"map_sha256":"c6ada06aba5221f8c8a3dee1b5edcdc5493b1d3641025eb3d3e0939974c01138","publish_seconds":3.036148891,"shards":3,"tail":{"end_height":3015553,"manifest_digest":"babad7bf77fd3dcac7c09a42cdce886a846b6c6d26287aae5ac2d91063f79dc8","page_rows":5265,"revision":1,"scripts":56197,"shard_id":2,"start_height":3009417},"total_seconds":3.074180955}
journal 3000000-3015554, archive-wide below 3000001 at SealPolicy { scripts: Limit { target: 1629038, capacity: 1900544 }, page_rows: Limit { target: 63488, capacity: 65536 } }, recent-8k from 3000001 at SealPolicy { scripts: Limit { target: 407260, capacity: 475136 }, page_rows: Limit { target: 7936, capacity: 8192 } }
shard   2 3009417-3015554 (6138 blocks) scripts 56197 pages 5265 events 384857 segments 1/1 TAIL r2
published 3 shards covering 3000000-3015554; filters ~0.34 MB
{"capture_seconds":0.035674009,"cycle":1,"filters_open_seconds":0.002878427,"height":3015554,"map_sha256":"26bdb51028f1f91c4da1de17b38f4da43253b81506bb061d2642806a9b85e5d9","publish_seconds":2.7250795759999997,"shards":3,"tail":{"end_height":3015554,"manifest_digest":"e4714815d7f228d940d3fcbf5a1dec3688390d08192511f5bbd5419cc0220fce","page_rows":5265,"revision":2,"scripts":56197,"shard_id":2,"start_height":3009417},"total_seconds":2.763639378}
journal 3000000-3015555, archive-wide below 3000001 at SealPolicy { scripts: Limit { target: 1629038, capacity: 1900544 }, page_rows: Limit { target: 63488, capacity: 65536 } }, recent-8k from 3000001 at SealPolicy { scripts: Limit { target: 407260, capacity: 475136 }, page_rows: Limit { target: 7936, capacity: 8192 } }
shard   2 3009417-3015555 (6139 blocks) scripts 56206 pages 5266 events 384930 segments 1/1 TAIL r3
published 3 shards covering 3000000-3015555; filters ~0.34 MB
{"capture_seconds":0.050524401,"cycle":2,"filters_open_seconds":0.002043352,"height":3015555,"map_sha256":"b685ff3b591f90fd5ce724004dd32467feea5b496ab0f67278c0535f5b5fb047","publish_seconds":2.748811611,"shards":3,"tail":{"end_height":3015555,"manifest_digest":"130e036b748a502a3f5b340f833df9f4a068573c52dde17a102486ea1c1122b2","page_rows":5266,"revision":3,"scripts":56206,"shard_id":2,"start_height":3009417},"total_seconds":2.801385816}
[2m2026-10-03T20:40:43.881067Z[0m [34mDEBUG[0m [2mtransparent_shard_server::runtime[0m[2m:[0m construction stage [3mgeometry[0m[2m=[0m"recent-8k" [3mtable[0m[2m=[0m"directory" [3mseconds[0m[2m=[0m0.121258949 [3mstage[0m[2m=[0m"encode_database"
[2m2026-10-03T20:40:45.101983Z[0m [34mDEBUG[0m [2mtransparent_shard_server::runtime[0m[2m:[0m construction stage [3mgeometry[0m[2m=[0m"recent-8k" [3mtable[0m[2m=[0m"directory" [3mseconds[0m[2m=[0m1.220852859 [3mstage[0m[2m=[0m"hint_columns"
[2m2026-10-03T20:40:46.763093Z[0m [34mDEBUG[0m [2mtransparent_shard_server::runtime[0m[2m:[0m construction stage [3mgeometry[0m[2m=[0m"recent-8k" [3mtable[0m[2m=[0m"directory" [3mseconds[0m[2m=[0m1.661055575 [3mstage[0m[2m=[0m"pack_preprocessing"
{"build_threads":2,"public_params_sha256":"babf136557ececf3cb3f2c101e7a45c10002572efbd28d6c9e3591993859688f","repeat":0,"seconds":3.003956347,"segment":0,"table":"directory"}
[2m2026-10-03T20:40:46.877107Z[0m [34mDEBUG[0m [2mtransparent_shard_server::runtime[0m[2m:[0m construction stage [3mgeometry[0m[2m=[0m"recent-8k" [3mtable[0m[2m=[0m"directory" [3mseconds[0m[2m=[0m0.109834248 [3mstage[0m[2m=[0m"encode_database"
[2m2026-10-03T20:40:47.973977Z[0m [34mDEBUG[0m [2mtransparent_shard_server::runtime[0m[2m:[0m construction stage [3mgeometry[0m[2m=[0m"recent-8k" [3mtable[0m[2m=[0m"directory" [3mseconds[0m[2m=[0m1.096796609 [3mstage[0m[2m=[0m"hint_columns"
[2m2026-10-03T20:40:49.208767Z[0m [34mDEBUG[0m [2mtransparent_shard_server::runtime[0m[2m:[0m construction stage [3mgeometry[0m[2m=[0m"recent-8k" [3mtable[0m[2m=[0m"directory" [3mseconds[0m[2m=[0m1.234708059 [3mstage[0m[2m=[0m"pack_preprocessing"
{"build_threads":2,"public_params_sha256":"babf136557ececf3cb3f2c101e7a45c10002572efbd28d6c9e3591993859688f","repeat":1,"seconds":2.441810661,"segment":0,"table":"directory"}
[2m2026-10-03T20:40:49.805841Z[0m [34mDEBUG[0m [2mtransparent_shard_server::runtime[0m[2m:[0m construction stage [3mgeometry[0m[2m=[0m"recent-8k" [3mtable[0m[2m=[0m"pages" [3mseconds[0m[2m=[0m0.183806227 [3mstage[0m[2m=[0m"encode_database"
[2m2026-10-03T20:40:51.060027Z[0m [34mDEBUG[0m [2mtransparent_shard_server::runtime[0m[2m:[0m construction stage [3mgeometry[0m[2m=[0m"recent-8k" [3mtable[0m[2m=[0m"pages" [3mseconds[0m[2m=[0m1.254116588 [3mstage[0m[2m=[0m"hint_columns"
[2m2026-10-03T20:40:52.343524Z[0m [34mDEBUG[0m [2mtransparent_shard_server::runtime[0m[2m:[0m construction stage [3mgeometry[0m[2m=[0m"recent-8k" [3mtable[0m[2m=[0m"pages" [3mseconds[0m[2m=[0m1.283431916 [3mstage[0m[2m=[0m"pack_preprocessing"
{"build_threads":2,"public_params_sha256":"0b87bf40e3ec7f7e05cf8846fccbc4527e1520b72982fc3c13eaba478cdab9dc","repeat":0,"seconds":2.721786414,"segment":0,"table":"pages"}
[2m2026-10-03T20:40:52.444720Z[0m [34mDEBUG[0m [2mtransparent_shard_server::runtime[0m[2m:[0m construction stage [3mgeometry[0m[2m=[0m"recent-8k" [3mtable[0m[2m=[0m"pages" [3mseconds[0m[2m=[0m0.099063299 [3mstage[0m[2m=[0m"encode_database"
[2m2026-10-03T20:40:53.454396Z[0m [34mDEBUG[0m [2mtransparent_shard_server::runtime[0m[2m:[0m construction stage [3mgeometry[0m[2m=[0m"recent-8k" [3mtable[0m[2m=[0m"pages" [3mseconds[0m[2m=[0m1.009621843 [3mstage[0m[2m=[0m"hint_columns"
[2m2026-10-03T20:40:54.592972Z[0m [34mDEBUG[0m [2mtransparent_shard_server::runtime[0m[2m:[0m construction stage [3mgeometry[0m[2m=[0m"recent-8k" [3mtable[0m[2m=[0m"pages" [3mseconds[0m[2m=[0m1.13851979 [3mstage[0m[2m=[0m"pack_preprocessing"
{"build_threads":2,"public_params_sha256":"0b87bf40e3ec7f7e05cf8846fccbc4527e1520b72982fc3c13eaba478cdab9dc","repeat":1,"seconds":2.24762314,"segment":0,"table":"pages"}
