journal through 3015552 in 0.0s
journal 3000000-3015553, archive-wide below 3000001 at SealPolicy { scripts: Limit { target: 1629038, capacity: 1900544 }, page_rows: Limit { target: 63488, capacity: 65536 } }, recent-8k from 3000001 at SealPolicy { scripts: Limit { target: 407260, capacity: 475136 }, page_rows: Limit { target: 7936, capacity: 8192 } }
shard   2 3009417-3015553 (6137 blocks) scripts 56197 pages 5265 events 384852 segments 1/1 TAIL r1
published 3 shards covering 3000000-3015553; filters ~0.34 MB
{"capture_seconds":0.040074456,"cycle":0,"filters_open_seconds":0.001824471,"height":3015553,"map_sha256":"c6ada06aba5221f8c8a3dee1b5edcdc5493b1d3641025eb3d3e0939974c01138","publish_seconds":6.523467931,"shards":3,"tail":{"end_height":3015553,"manifest_digest":"babad7bf77fd3dcac7c09a42cdce886a846b6c6d26287aae5ac2d91063f79dc8","page_rows":5265,"revision":1,"scripts":56197,"shard_id":2,"start_height":3009417},"total_seconds":6.5653717050000004}
journal 3000000-3015554, archive-wide below 3000001 at SealPolicy { scripts: Limit { target: 1629038, capacity: 1900544 }, page_rows: Limit { target: 63488, capacity: 65536 } }, recent-8k from 3000001 at SealPolicy { scripts: Limit { target: 407260, capacity: 475136 }, page_rows: Limit { target: 7936, capacity: 8192 } }
shard   2 3009417-3015554 (6138 blocks) scripts 56197 pages 5265 events 384857 segments 1/1 TAIL r2
published 3 shards covering 3000000-3015554; filters ~0.34 MB
{"capture_seconds":0.037092708,"cycle":1,"filters_open_seconds":0.002810044,"height":3015554,"map_sha256":"26bdb51028f1f91c4da1de17b38f4da43253b81506bb061d2642806a9b85e5d9","publish_seconds":6.172736209,"shards":3,"tail":{"end_height":3015554,"manifest_digest":"e4714815d7f228d940d3fcbf5a1dec3688390d08192511f5bbd5419cc0220fce","page_rows":5265,"revision":2,"scripts":56197,"shard_id":2,"start_height":3009417},"total_seconds":6.212647358}
journal 3000000-3015555, archive-wide below 3000001 at SealPolicy { scripts: Limit { target: 1629038, capacity: 1900544 }, page_rows: Limit { target: 63488, capacity: 65536 } }, recent-8k from 3000001 at SealPolicy { scripts: Limit { target: 407260, capacity: 475136 }, page_rows: Limit { target: 7936, capacity: 8192 } }
shard   2 3009417-3015555 (6139 blocks) scripts 56206 pages 5266 events 384930 segments 1/1 TAIL r3
published 3 shards covering 3000000-3015555; filters ~0.34 MB
{"capture_seconds":0.052553261,"cycle":2,"filters_open_seconds":0.001931298,"height":3015555,"map_sha256":"b685ff3b591f90fd5ce724004dd32467feea5b496ab0f67278c0535f5b5fb047","publish_seconds":8.114610793,"shards":3,"tail":{"end_height":3015555,"manifest_digest":"130e036b748a502a3f5b340f833df9f4a068573c52dde17a102486ea1c1122b2","page_rows":5266,"revision":3,"scripts":56206,"shard_id":2,"start_height":3009417},"total_seconds":8.169102295}
[2m2026-10-03T20:40:15.904019Z[0m [34mDEBUG[0m [2mtransparent_shard_server::runtime[0m[2m:[0m construction stage [3mgeometry[0m[2m=[0m"recent-8k" [3mtable[0m[2m=[0m"directory" [3mseconds[0m[2m=[0m0.17029667 [3mstage[0m[2m=[0m"encode_database"
[2m2026-10-03T20:40:17.191471Z[0m [34mDEBUG[0m [2mtransparent_shard_server::runtime[0m[2m:[0m construction stage [3mgeometry[0m[2m=[0m"recent-8k" [3mtable[0m[2m=[0m"directory" [3mseconds[0m[2m=[0m1.287383013 [3mstage[0m[2m=[0m"hint_columns"
[2m2026-10-03T20:40:18.415673Z[0m [34mDEBUG[0m [2mtransparent_shard_server::runtime[0m[2m:[0m construction stage [3mgeometry[0m[2m=[0m"recent-8k" [3mtable[0m[2m=[0m"directory" [3mseconds[0m[2m=[0m1.2241524400000001 [3mstage[0m[2m=[0m"pack_preprocessing"
{"build_threads":2,"public_params_sha256":"babf136557ececf3cb3f2c101e7a45c10002572efbd28d6c9e3591993859688f","repeat":0,"seconds":2.682636748,"segment":0,"table":"directory"}
[2m2026-10-03T20:40:18.533353Z[0m [34mDEBUG[0m [2mtransparent_shard_server::runtime[0m[2m:[0m construction stage [3mgeometry[0m[2m=[0m"recent-8k" [3mtable[0m[2m=[0m"directory" [3mseconds[0m[2m=[0m0.113207362 [3mstage[0m[2m=[0m"encode_database"
[2m2026-10-03T20:40:19.799222Z[0m [34mDEBUG[0m [2mtransparent_shard_server::runtime[0m[2m:[0m construction stage [3mgeometry[0m[2m=[0m"recent-8k" [3mtable[0m[2m=[0m"directory" [3mseconds[0m[2m=[0m1.265745964 [3mstage[0m[2m=[0m"hint_columns"
[2m2026-10-03T20:40:21.491326Z[0m [34mDEBUG[0m [2mtransparent_shard_server::runtime[0m[2m:[0m construction stage [3mgeometry[0m[2m=[0m"recent-8k" [3mtable[0m[2m=[0m"directory" [3mseconds[0m[2m=[0m1.6920136220000002 [3mstage[0m[2m=[0m"pack_preprocessing"
{"build_threads":2,"public_params_sha256":"babf136557ececf3cb3f2c101e7a45c10002572efbd28d6c9e3591993859688f","repeat":1,"seconds":3.0715420509999998,"segment":0,"table":"directory"}
[2m2026-10-03T20:40:21.869645Z[0m [34mDEBUG[0m [2mtransparent_shard_server::runtime[0m[2m:[0m construction stage [3mgeometry[0m[2m=[0m"recent-8k" [3mtable[0m[2m=[0m"pages" [3mseconds[0m[2m=[0m0.117749175 [3mstage[0m[2m=[0m"encode_database"
[2m2026-10-03T20:40:23.362709Z[0m [34mDEBUG[0m [2mtransparent_shard_server::runtime[0m[2m:[0m construction stage [3mgeometry[0m[2m=[0m"recent-8k" [3mtable[0m[2m=[0m"pages" [3mseconds[0m[2m=[0m1.492986053 [3mstage[0m[2m=[0m"hint_columns"
[2m2026-10-03T20:40:24.517378Z[0m [34mDEBUG[0m [2mtransparent_shard_server::runtime[0m[2m:[0m construction stage [3mgeometry[0m[2m=[0m"recent-8k" [3mtable[0m[2m=[0m"pages" [3mseconds[0m[2m=[0m1.154604542 [3mstage[0m[2m=[0m"pack_preprocessing"
{"build_threads":2,"public_params_sha256":"0b87bf40e3ec7f7e05cf8846fccbc4527e1520b72982fc3c13eaba478cdab9dc","repeat":0,"seconds":2.765760636,"segment":0,"table":"pages"}
[2m2026-10-03T20:40:24.625973Z[0m [34mDEBUG[0m [2mtransparent_shard_server::runtime[0m[2m:[0m construction stage [3mgeometry[0m[2m=[0m"recent-8k" [3mtable[0m[2m=[0m"pages" [3mseconds[0m[2m=[0m0.105065172 [3mstage[0m[2m=[0m"encode_database"
[2m2026-10-03T20:40:25.830620Z[0m [34mDEBUG[0m [2mtransparent_shard_server::runtime[0m[2m:[0m construction stage [3mgeometry[0m[2m=[0m"recent-8k" [3mtable[0m[2m=[0m"pages" [3mseconds[0m[2m=[0m1.204587564 [3mstage[0m[2m=[0m"hint_columns"
[2m2026-10-03T20:40:27.133606Z[0m [34mDEBUG[0m [2mtransparent_shard_server::runtime[0m[2m:[0m construction stage [3mgeometry[0m[2m=[0m"recent-8k" [3mtable[0m[2m=[0m"pages" [3mseconds[0m[2m=[0m1.302922986 [3mstage[0m[2m=[0m"pack_preprocessing"
{"build_threads":2,"public_params_sha256":"0b87bf40e3ec7f7e05cf8846fccbc4527e1520b72982fc3c13eaba478cdab9dc","repeat":1,"seconds":2.613158843,"segment":0,"table":"pages"}
