journal through 3018317 in 0.0s
journal 3000000-3018318, archive-wide below 3000001 at SealPolicy { scripts: Limit { target: 1629038, capacity: 1900544 }, page_rows: Limit { target: 63488, capacity: 65536 } }, recent-8k from 3000001 at SealPolicy { scripts: Limit { target: 407260, capacity: 475136 }, page_rows: Limit { target: 7936, capacity: 8192 } }
shard   2 3009417-3018318 (8902 blocks) scripts 78117 pages 7715 events 556963 segments 1/1 TAIL r1
published 3 shards covering 3000000-3018318; filters ~0.40 MB
{"capture_seconds":0.053639628,"cycle":0,"filters_open_seconds":0.001952799,"height":3018318,"map_sha256":"b27aef9c2011f86646efc682b21bac266bf30f3248bf7812127b417a26c2c48a","publish_seconds":4.331535572,"shards":3,"tail":{"end_height":3018318,"manifest_digest":"f62a958b91715c841f9bf4e92b76386315f768ae76ba16008fc5207a5e85ff2b","page_rows":7715,"revision":1,"scripts":78117,"shard_id":2,"start_height":3009417},"total_seconds":4.387132466}
journal 3000000-3018319, archive-wide below 3000001 at SealPolicy { scripts: Limit { target: 1629038, capacity: 1900544 }, page_rows: Limit { target: 63488, capacity: 65536 } }, recent-8k from 3000001 at SealPolicy { scripts: Limit { target: 407260, capacity: 475136 }, page_rows: Limit { target: 7936, capacity: 8192 } }
shard   2 3009417-3018319 (8903 blocks) scripts 78117 pages 7715 events 556965 segments 1/1 TAIL r2
published 3 shards covering 3000000-3018319; filters ~0.40 MB
{"capture_seconds":0.053624886,"cycle":1,"filters_open_seconds":0.002812712,"height":3018319,"map_sha256":"4e8a760a3e97528d6193f2afe5ecae311ef36bde02997d64abc69528d2ca5754","publish_seconds":3.689046592,"shards":3,"tail":{"end_height":3018319,"manifest_digest":"64423cb2ea5e09824f1bddc0dc9b1828c4fd5ff996a4f05ece660bd9400063e0","page_rows":7715,"revision":2,"scripts":78117,"shard_id":2,"start_height":3009417},"total_seconds":3.74549405}
journal 3000000-3018320, archive-wide below 3000001 at SealPolicy { scripts: Limit { target: 1629038, capacity: 1900544 }, page_rows: Limit { target: 63488, capacity: 65536 } }, recent-8k from 3000001 at SealPolicy { scripts: Limit { target: 407260, capacity: 475136 }, page_rows: Limit { target: 7936, capacity: 8192 } }
shard   2 3009417-3018320 (8904 blocks) scripts 78119 pages 7715 events 556973 segments 1/1 TAIL r3
published 3 shards covering 3000000-3018320; filters ~0.40 MB
{"capture_seconds":0.077567993,"cycle":2,"filters_open_seconds":0.002669387,"height":3018320,"map_sha256":"1c75ecd55d2cf0336b1208297261fca5eda8bafd79ac68a611182a5a0b1f790a","publish_seconds":4.185394117,"shards":3,"tail":{"end_height":3018320,"manifest_digest":"e06cadf0b5300d70655d555d48d7bfabe410a5ab38ad0d308de649da545e3085","page_rows":7715,"revision":3,"scripts":78119,"shard_id":2,"start_height":3009417},"total_seconds":4.26563848}
[2m2026-10-03T20:46:59.497822Z[0m [34mDEBUG[0m [2mtransparent_shard_server::runtime[0m[2m:[0m construction stage [3mgeometry[0m[2m=[0m"recent-8k" [3mtable[0m[2m=[0m"directory" [3mseconds[0m[2m=[0m0.128832997 [3mstage[0m[2m=[0m"encode_database"
[2m2026-10-03T20:47:00.779620Z[0m [34mDEBUG[0m [2mtransparent_shard_server::runtime[0m[2m:[0m construction stage [3mgeometry[0m[2m=[0m"recent-8k" [3mtable[0m[2m=[0m"directory" [3mseconds[0m[2m=[0m1.281739245 [3mstage[0m[2m=[0m"hint_columns"
[2m2026-10-03T20:47:02.421426Z[0m [34mDEBUG[0m [2mtransparent_shard_server::runtime[0m[2m:[0m construction stage [3mgeometry[0m[2m=[0m"recent-8k" [3mtable[0m[2m=[0m"directory" [3mseconds[0m[2m=[0m1.6417460149999998 [3mstage[0m[2m=[0m"pack_preprocessing"
{"build_threads":2,"public_params_sha256":"c29dc82a8bd06a4cae57ad992db10239e1699fa5645d72b943455c61b5049e0c","repeat":0,"seconds":3.053136117,"segment":0,"table":"directory"}
[2m2026-10-03T20:47:02.564971Z[0m [34mDEBUG[0m [2mtransparent_shard_server::runtime[0m[2m:[0m construction stage [3mgeometry[0m[2m=[0m"recent-8k" [3mtable[0m[2m=[0m"directory" [3mseconds[0m[2m=[0m0.139052556 [3mstage[0m[2m=[0m"encode_database"
[2m2026-10-03T20:47:04.497454Z[0m [34mDEBUG[0m [2mtransparent_shard_server::runtime[0m[2m:[0m construction stage [3mgeometry[0m[2m=[0m"recent-8k" [3mtable[0m[2m=[0m"directory" [3mseconds[0m[2m=[0m1.9324106300000001 [3mstage[0m[2m=[0m"hint_columns"
[2m2026-10-03T20:47:06.281467Z[0m [34mDEBUG[0m [2mtransparent_shard_server::runtime[0m[2m:[0m construction stage [3mgeometry[0m[2m=[0m"recent-8k" [3mtable[0m[2m=[0m"directory" [3mseconds[0m[2m=[0m1.783904099 [3mstage[0m[2m=[0m"pack_preprocessing"
{"build_threads":2,"public_params_sha256":"c29dc82a8bd06a4cae57ad992db10239e1699fa5645d72b943455c61b5049e0c","repeat":1,"seconds":3.855925641,"segment":0,"table":"directory"}
[2m2026-10-03T20:47:06.650308Z[0m [34mDEBUG[0m [2mtransparent_shard_server::runtime[0m[2m:[0m construction stage [3mgeometry[0m[2m=[0m"recent-8k" [3mtable[0m[2m=[0m"pages" [3mseconds[0m[2m=[0m0.108233724 [3mstage[0m[2m=[0m"encode_database"
[2m2026-10-03T20:47:07.777205Z[0m [34mDEBUG[0m [2mtransparent_shard_server::runtime[0m[2m:[0m construction stage [3mgeometry[0m[2m=[0m"recent-8k" [3mtable[0m[2m=[0m"pages" [3mseconds[0m[2m=[0m1.126831946 [3mstage[0m[2m=[0m"hint_columns"
[2m2026-10-03T20:47:08.927379Z[0m [34mDEBUG[0m [2mtransparent_shard_server::runtime[0m[2m:[0m construction stage [3mgeometry[0m[2m=[0m"recent-8k" [3mtable[0m[2m=[0m"pages" [3mseconds[0m[2m=[0m1.150110986 [3mstage[0m[2m=[0m"pack_preprocessing"
{"build_threads":2,"public_params_sha256":"1157f868e4dd991cd3092e99e178eaf7fa5aa554ccdfa30ad0c058771591206a","repeat":0,"seconds":2.385691756,"segment":0,"table":"pages"}
[2m2026-10-03T20:47:09.030344Z[0m [34mDEBUG[0m [2mtransparent_shard_server::runtime[0m[2m:[0m construction stage [3mgeometry[0m[2m=[0m"recent-8k" [3mtable[0m[2m=[0m"pages" [3mseconds[0m[2m=[0m0.102567447 [3mstage[0m[2m=[0m"encode_database"
[2m2026-10-03T20:47:10.136199Z[0m [34mDEBUG[0m [2mtransparent_shard_server::runtime[0m[2m:[0m construction stage [3mgeometry[0m[2m=[0m"recent-8k" [3mtable[0m[2m=[0m"pages" [3mseconds[0m[2m=[0m1.105802293 [3mstage[0m[2m=[0m"hint_columns"
[2m2026-10-03T20:47:11.230108Z[0m [34mDEBUG[0m [2mtransparent_shard_server::runtime[0m[2m:[0m construction stage [3mgeometry[0m[2m=[0m"recent-8k" [3mtable[0m[2m=[0m"pages" [3mseconds[0m[2m=[0m1.093851016 [3mstage[0m[2m=[0m"pack_preprocessing"
{"build_threads":2,"public_params_sha256":"1157f868e4dd991cd3092e99e178eaf7fa5aa554ccdfa30ad0c058771591206a","repeat":1,"seconds":2.302655163,"segment":0,"table":"pages"}
