journal through 3018317 in 91.3s
journal 3000000-3018317, archive-wide below 3000001 at SealPolicy { scripts: Limit { target: 1629038, capacity: 1900544 }, page_rows: Limit { target: 63488, capacity: 65536 } }, recent-8k from 3000001 at SealPolicy { scripts: Limit { target: 407260, capacity: 475136 }, page_rows: Limit { target: 7936, capacity: 8192 } }
shard   0 3000000-3000000 (1 blocks) scripts 0 pages 0 events 0 segments 1/1 sealed
shard   1 3000001-3009416 (9416 blocks) scripts 80369 pages 7936 events 573493 segments 1/1 sealed
shard   2 3009417-3018317 (8901 blocks) scripts 78110 pages 7714 events 556852 segments 1/1 TAIL r0
published 3 shards covering 3000000-3018317; filters ~0.40 MB
journal 3000000-3018318, archive-wide below 3000001 at SealPolicy { scripts: Limit { target: 1629038, capacity: 1900544 }, page_rows: Limit { target: 63488, capacity: 65536 } }, recent-8k from 3000001 at SealPolicy { scripts: Limit { target: 407260, capacity: 475136 }, page_rows: Limit { target: 7936, capacity: 8192 } }
shard   2 3009417-3018318 (8902 blocks) scripts 78117 pages 7715 events 556963 segments 1/1 TAIL r1
published 3 shards covering 3000000-3018318; filters ~0.40 MB
{"capture_seconds":0.05077863,"cycle":0,"filters_open_seconds":0.002602737,"height":3018318,"map_sha256":"b27aef9c2011f86646efc682b21bac266bf30f3248bf7812127b417a26c2c48a","publish_seconds":3.861920989,"shards":3,"tail":{"end_height":3018318,"manifest_digest":"f62a958b91715c841f9bf4e92b76386315f768ae76ba16008fc5207a5e85ff2b","page_rows":7715,"revision":1,"scripts":78117,"shard_id":2,"start_height":3009417},"total_seconds":3.91531102}
journal 3000000-3018319, archive-wide below 3000001 at SealPolicy { scripts: Limit { target: 1629038, capacity: 1900544 }, page_rows: Limit { target: 63488, capacity: 65536 } }, recent-8k from 3000001 at SealPolicy { scripts: Limit { target: 407260, capacity: 475136 }, page_rows: Limit { target: 7936, capacity: 8192 } }
shard   2 3009417-3018319 (8903 blocks) scripts 78117 pages 7715 events 556965 segments 1/1 TAIL r2
published 3 shards covering 3000000-3018319; filters ~0.40 MB
{"capture_seconds":0.050655947,"cycle":1,"filters_open_seconds":0.003151306,"height":3018319,"map_sha256":"4e8a760a3e97528d6193f2afe5ecae311ef36bde02997d64abc69528d2ca5754","publish_seconds":3.691089199,"shards":3,"tail":{"end_height":3018319,"manifest_digest":"64423cb2ea5e09824f1bddc0dc9b1828c4fd5ff996a4f05ece660bd9400063e0","page_rows":7715,"revision":2,"scripts":78117,"shard_id":2,"start_height":3009417},"total_seconds":3.744906786}
journal 3000000-3018320, archive-wide below 3000001 at SealPolicy { scripts: Limit { target: 1629038, capacity: 1900544 }, page_rows: Limit { target: 63488, capacity: 65536 } }, recent-8k from 3000001 at SealPolicy { scripts: Limit { target: 407260, capacity: 475136 }, page_rows: Limit { target: 7936, capacity: 8192 } }
shard   2 3009417-3018320 (8904 blocks) scripts 78119 pages 7715 events 556973 segments 1/1 TAIL r3
published 3 shards covering 3000000-3018320; filters ~0.40 MB
{"capture_seconds":0.051320979,"cycle":2,"filters_open_seconds":0.003178223,"height":3018320,"map_sha256":"1c75ecd55d2cf0336b1208297261fca5eda8bafd79ac68a611182a5a0b1f790a","publish_seconds":3.625183879,"shards":3,"tail":{"end_height":3018320,"manifest_digest":"e06cadf0b5300d70655d555d48d7bfabe410a5ab38ad0d308de649da545e3085","page_rows":7715,"revision":3,"scripts":78119,"shard_id":2,"start_height":3009417},"total_seconds":3.6796911850000003}
[2m2026-10-03T20:45:38.588284Z[0m [34mDEBUG[0m [2mtransparent_shard_server::runtime[0m[2m:[0m construction stage [3mgeometry[0m[2m=[0m"recent-8k" [3mtable[0m[2m=[0m"directory" [3mseconds[0m[2m=[0m0.127167799 [3mstage[0m[2m=[0m"encode_database"
[2m2026-10-03T20:45:39.869358Z[0m [34mDEBUG[0m [2mtransparent_shard_server::runtime[0m[2m:[0m construction stage [3mgeometry[0m[2m=[0m"recent-8k" [3mtable[0m[2m=[0m"directory" [3mseconds[0m[2m=[0m1.281014598 [3mstage[0m[2m=[0m"hint_columns"
[2m2026-10-03T20:45:41.121787Z[0m [34mDEBUG[0m [2mtransparent_shard_server::runtime[0m[2m:[0m construction stage [3mgeometry[0m[2m=[0m"recent-8k" [3mtable[0m[2m=[0m"directory" [3mseconds[0m[2m=[0m1.2523761580000001 [3mstage[0m[2m=[0m"pack_preprocessing"
{"build_threads":2,"public_params_sha256":"c29dc82a8bd06a4cae57ad992db10239e1699fa5645d72b943455c61b5049e0c","repeat":0,"seconds":2.661383894,"segment":0,"table":"directory"}
[2m2026-10-03T20:45:41.236282Z[0m [34mDEBUG[0m [2mtransparent_shard_server::runtime[0m[2m:[0m construction stage [3mgeometry[0m[2m=[0m"recent-8k" [3mtable[0m[2m=[0m"directory" [3mseconds[0m[2m=[0m0.107952048 [3mstage[0m[2m=[0m"encode_database"
[2m2026-10-03T20:45:42.464929Z[0m [34mDEBUG[0m [2mtransparent_shard_server::runtime[0m[2m:[0m construction stage [3mgeometry[0m[2m=[0m"recent-8k" [3mtable[0m[2m=[0m"directory" [3mseconds[0m[2m=[0m1.2285816569999999 [3mstage[0m[2m=[0m"hint_columns"
[2m2026-10-03T20:45:44.382526Z[0m [34mDEBUG[0m [2mtransparent_shard_server::runtime[0m[2m:[0m construction stage [3mgeometry[0m[2m=[0m"recent-8k" [3mtable[0m[2m=[0m"directory" [3mseconds[0m[2m=[0m1.91753108 [3mstage[0m[2m=[0m"pack_preprocessing"
{"build_threads":2,"public_params_sha256":"c29dc82a8bd06a4cae57ad992db10239e1699fa5645d72b943455c61b5049e0c","repeat":1,"seconds":3.254526039,"segment":0,"table":"directory"}
[2m2026-10-03T20:45:44.796065Z[0m [34mDEBUG[0m [2mtransparent_shard_server::runtime[0m[2m:[0m construction stage [3mgeometry[0m[2m=[0m"recent-8k" [3mtable[0m[2m=[0m"pages" [3mseconds[0m[2m=[0m0.110048285 [3mstage[0m[2m=[0m"encode_database"
[2m2026-10-03T20:45:45.910265Z[0m [34mDEBUG[0m [2mtransparent_shard_server::runtime[0m[2m:[0m construction stage [3mgeometry[0m[2m=[0m"recent-8k" [3mtable[0m[2m=[0m"pages" [3mseconds[0m[2m=[0m1.114139024 [3mstage[0m[2m=[0m"hint_columns"
[2m2026-10-03T20:45:47.297312Z[0m [34mDEBUG[0m [2mtransparent_shard_server::runtime[0m[2m:[0m construction stage [3mgeometry[0m[2m=[0m"recent-8k" [3mtable[0m[2m=[0m"pages" [3mseconds[0m[2m=[0m1.386996093 [3mstage[0m[2m=[0m"pack_preprocessing"
{"build_threads":2,"public_params_sha256":"1157f868e4dd991cd3092e99e178eaf7fa5aa554ccdfa30ad0c058771591206a","repeat":0,"seconds":2.611844231,"segment":0,"table":"pages"}
[2m2026-10-03T20:45:47.462817Z[0m [34mDEBUG[0m [2mtransparent_shard_server::runtime[0m[2m:[0m construction stage [3mgeometry[0m[2m=[0m"recent-8k" [3mtable[0m[2m=[0m"pages" [3mseconds[0m[2m=[0m0.164963635 [3mstage[0m[2m=[0m"encode_database"
[2m2026-10-03T20:45:48.741598Z[0m [34mDEBUG[0m [2mtransparent_shard_server::runtime[0m[2m:[0m construction stage [3mgeometry[0m[2m=[0m"recent-8k" [3mtable[0m[2m=[0m"pages" [3mseconds[0m[2m=[0m1.2787265159999999 [3mstage[0m[2m=[0m"hint_columns"
[2m2026-10-03T20:45:49.857204Z[0m [34mDEBUG[0m [2mtransparent_shard_server::runtime[0m[2m:[0m construction stage [3mgeometry[0m[2m=[0m"recent-8k" [3mtable[0m[2m=[0m"pages" [3mseconds[0m[2m=[0m1.115548094 [3mstage[0m[2m=[0m"pack_preprocessing"
{"build_threads":2,"public_params_sha256":"1157f868e4dd991cd3092e99e178eaf7fa5aa554ccdfa30ad0c058771591206a","repeat":1,"seconds":2.559673785,"segment":0,"table":"pages"}
