journal through 3018317 in 0.0s
journal 3000000-3018318, archive-wide below 3000001 at SealPolicy { scripts: Limit { target: 1629038, capacity: 1900544 }, page_rows: Limit { target: 63488, capacity: 65536 } }, recent-8k from 3000001 at SealPolicy { scripts: Limit { target: 407260, capacity: 475136 }, page_rows: Limit { target: 7936, capacity: 8192 } }
shard   2 3009417-3018318 (8902 blocks) scripts 78117 pages 7715 events 556963 segments 1/1 TAIL r1
published 3 shards covering 3000000-3018318; filters ~0.40 MB
{"capture_seconds":0.05451389,"cycle":0,"filters_open_seconds":0.002045107,"height":3018318,"map_sha256":"b27aef9c2011f86646efc682b21bac266bf30f3248bf7812127b417a26c2c48a","publish_seconds":9.909940847,"shards":3,"tail":{"end_height":3018318,"manifest_digest":"f62a958b91715c841f9bf4e92b76386315f768ae76ba16008fc5207a5e85ff2b","page_rows":7715,"revision":1,"scripts":78117,"shard_id":2,"start_height":3009417},"total_seconds":9.966505852000001}
journal 3000000-3018319, archive-wide below 3000001 at SealPolicy { scripts: Limit { target: 1629038, capacity: 1900544 }, page_rows: Limit { target: 63488, capacity: 65536 } }, recent-8k from 3000001 at SealPolicy { scripts: Limit { target: 407260, capacity: 475136 }, page_rows: Limit { target: 7936, capacity: 8192 } }
shard   2 3009417-3018319 (8903 blocks) scripts 78117 pages 7715 events 556965 segments 1/1 TAIL r2
published 3 shards covering 3000000-3018319; filters ~0.40 MB
{"capture_seconds":0.075847862,"cycle":1,"filters_open_seconds":0.002104249,"height":3018319,"map_sha256":"4e8a760a3e97528d6193f2afe5ecae311ef36bde02997d64abc69528d2ca5754","publish_seconds":11.233569626,"shards":3,"tail":{"end_height":3018319,"manifest_digest":"64423cb2ea5e09824f1bddc0dc9b1828c4fd5ff996a4f05ece660bd9400063e0","page_rows":7715,"revision":2,"scripts":78117,"shard_id":2,"start_height":3009417},"total_seconds":11.311527946}
journal 3000000-3018320, archive-wide below 3000001 at SealPolicy { scripts: Limit { target: 1629038, capacity: 1900544 }, page_rows: Limit { target: 63488, capacity: 65536 } }, recent-8k from 3000001 at SealPolicy { scripts: Limit { target: 407260, capacity: 475136 }, page_rows: Limit { target: 7936, capacity: 8192 } }
shard   2 3009417-3018320 (8904 blocks) scripts 78119 pages 7715 events 556973 segments 1/1 TAIL r3
published 3 shards covering 3000000-3018320; filters ~0.40 MB
{"capture_seconds":0.056079856,"cycle":2,"filters_open_seconds":0.002042019,"height":3018320,"map_sha256":"1c75ecd55d2cf0336b1208297261fca5eda8bafd79ac68a611182a5a0b1f790a","publish_seconds":9.233211707,"shards":3,"tail":{"end_height":3018320,"manifest_digest":"e06cadf0b5300d70655d555d48d7bfabe410a5ab38ad0d308de649da545e3085","page_rows":7715,"revision":3,"scripts":78119,"shard_id":2,"start_height":3009417},"total_seconds":9.291339689}
[2m2026-10-03T20:46:28.399929Z[0m [34mDEBUG[0m [2mtransparent_shard_server::runtime[0m[2m:[0m construction stage [3mgeometry[0m[2m=[0m"recent-8k" [3mtable[0m[2m=[0m"directory" [3mseconds[0m[2m=[0m0.125187995 [3mstage[0m[2m=[0m"encode_database"
[2m2026-10-03T20:46:29.541024Z[0m [34mDEBUG[0m [2mtransparent_shard_server::runtime[0m[2m:[0m construction stage [3mgeometry[0m[2m=[0m"recent-8k" [3mtable[0m[2m=[0m"directory" [3mseconds[0m[2m=[0m1.141024368 [3mstage[0m[2m=[0m"hint_columns"
[2m2026-10-03T20:46:31.146222Z[0m [34mDEBUG[0m [2mtransparent_shard_server::runtime[0m[2m:[0m construction stage [3mgeometry[0m[2m=[0m"recent-8k" [3mtable[0m[2m=[0m"directory" [3mseconds[0m[2m=[0m1.6051392450000002 [3mstage[0m[2m=[0m"pack_preprocessing"
{"build_threads":2,"public_params_sha256":"c29dc82a8bd06a4cae57ad992db10239e1699fa5645d72b943455c61b5049e0c","repeat":0,"seconds":2.872089875,"segment":0,"table":"directory"}
[2m2026-10-03T20:46:31.261924Z[0m [34mDEBUG[0m [2mtransparent_shard_server::runtime[0m[2m:[0m construction stage [3mgeometry[0m[2m=[0m"recent-8k" [3mtable[0m[2m=[0m"directory" [3mseconds[0m[2m=[0m0.111514423 [3mstage[0m[2m=[0m"encode_database"
[2m2026-10-03T20:46:32.396377Z[0m [34mDEBUG[0m [2mtransparent_shard_server::runtime[0m[2m:[0m construction stage [3mgeometry[0m[2m=[0m"recent-8k" [3mtable[0m[2m=[0m"directory" [3mseconds[0m[2m=[0m1.134385304 [3mstage[0m[2m=[0m"hint_columns"
[2m2026-10-03T20:46:33.552812Z[0m [34mDEBUG[0m [2mtransparent_shard_server::runtime[0m[2m:[0m construction stage [3mgeometry[0m[2m=[0m"recent-8k" [3mtable[0m[2m=[0m"directory" [3mseconds[0m[2m=[0m1.156348565 [3mstage[0m[2m=[0m"pack_preprocessing"
{"build_threads":2,"public_params_sha256":"c29dc82a8bd06a4cae57ad992db10239e1699fa5645d72b943455c61b5049e0c","repeat":1,"seconds":2.402854825,"segment":0,"table":"directory"}
[2m2026-10-03T20:46:33.968750Z[0m [34mDEBUG[0m [2mtransparent_shard_server::runtime[0m[2m:[0m construction stage [3mgeometry[0m[2m=[0m"recent-8k" [3mtable[0m[2m=[0m"pages" [3mseconds[0m[2m=[0m0.152195392 [3mstage[0m[2m=[0m"encode_database"
[2m2026-10-03T20:46:35.250290Z[0m [34mDEBUG[0m [2mtransparent_shard_server::runtime[0m[2m:[0m construction stage [3mgeometry[0m[2m=[0m"recent-8k" [3mtable[0m[2m=[0m"pages" [3mseconds[0m[2m=[0m1.281467141 [3mstage[0m[2m=[0m"hint_columns"
[2m2026-10-03T20:46:36.552132Z[0m [34mDEBUG[0m [2mtransparent_shard_server::runtime[0m[2m:[0m construction stage [3mgeometry[0m[2m=[0m"recent-8k" [3mtable[0m[2m=[0m"pages" [3mseconds[0m[2m=[0m1.301781313 [3mstage[0m[2m=[0m"pack_preprocessing"
{"build_threads":2,"public_params_sha256":"1157f868e4dd991cd3092e99e178eaf7fa5aa554ccdfa30ad0c058771591206a","repeat":0,"seconds":2.736010119,"segment":0,"table":"pages"}
[2m2026-10-03T20:46:36.650099Z[0m [34mDEBUG[0m [2mtransparent_shard_server::runtime[0m[2m:[0m construction stage [3mgeometry[0m[2m=[0m"recent-8k" [3mtable[0m[2m=[0m"pages" [3mseconds[0m[2m=[0m0.097551307 [3mstage[0m[2m=[0m"encode_database"
[2m2026-10-03T20:46:37.799908Z[0m [34mDEBUG[0m [2mtransparent_shard_server::runtime[0m[2m:[0m construction stage [3mgeometry[0m[2m=[0m"recent-8k" [3mtable[0m[2m=[0m"pages" [3mseconds[0m[2m=[0m1.149736936 [3mstage[0m[2m=[0m"hint_columns"
[2m2026-10-03T20:46:39.109864Z[0m [34mDEBUG[0m [2mtransparent_shard_server::runtime[0m[2m:[0m construction stage [3mgeometry[0m[2m=[0m"recent-8k" [3mtable[0m[2m=[0m"pages" [3mseconds[0m[2m=[0m1.309896184 [3mstage[0m[2m=[0m"pack_preprocessing"
{"build_threads":2,"public_params_sha256":"1157f868e4dd991cd3092e99e178eaf7fa5aa554ccdfa30ad0c058771591206a","repeat":1,"seconds":2.55762648,"segment":0,"table":"pages"}
