13:53:38 p99=0.030757967 exact=300 err=0 fresh=15.272864417 cyc_fresh=[15718] prep=14064 
13:53:46 p99=0.322783643 exact=299 err=0 fresh=15.272864417 cyc_fresh=[15718] prep=14064 
13:54:03 p99=0.322783643 exact=300 err=0 fresh=15.272864417 cyc_fresh=[15718] prep=14064 
13:54:13 p99=0.322783643 exact=300 err=0 fresh=15.272864417 cyc_fresh=[15718] prep=14064 
13:54:33 p99=0.322783643 exact=300 err=0 fresh=15.272864417 cyc_fresh=[15718] prep=14064 
13:54:43 p99=0.024856808 exact=300 err=0 fresh=15.272864417 cyc_fresh=[15718] prep=14064 
13:55:03 p99=0.026832766 exact=300 err=0 fresh=15.272864417 cyc_fresh=[15718] prep=14064 
13:55:13 p99=0.028825379 exact=300 err=0 fresh=15.272864417 cyc_fresh=[15718] prep=14064 
13:55:33 p99=0.029673145 exact=299 err=0 fresh=15.272864417 cyc_fresh=[15718] prep=14064 
13:55:43 p99=0.044804758 exact=300 err=0 fresh=15.220184736 cyc_fresh=[16334] prep=15460 
13:56:03 p99=0.044804758 exact=299 err=0 fresh=15.220184736 cyc_fresh=[16334] prep=15460 
13:56:13 p99=0.044804758 exact=299 err=0 fresh=15.220184736 cyc_fresh=[16334] prep=15460 
13:56:33 p99=0.044675368 exact=300 err=0 fresh=15.220184736 cyc_fresh=[16334] prep=15460 
13:56:43 p99=0.041667024 exact=300 err=0 fresh=15.220184736 cyc_fresh=[16334] prep=15460 
13:57:03 p99=0.050715403 exact=300 err=0 fresh=15.184453355 cyc_fresh=[15795] prep=14854 
13:57:13 p99=0.050715403 exact=300 err=0 fresh=15.184453355 cyc_fresh=[15795] prep=14854 
13:57:33 p99=0.050715403 exact=300 err=0 fresh=14.499121251 cyc_fresh=[15705] prep=14529 
13:57:43 p99=0.043221527 exact=300 err=0 fresh=14.499121251 cyc_fresh=[15705] prep=14529 
13:58:03 p99=0.043221527 exact=300 err=0 fresh=14.499121251 cyc_fresh=[15705] prep=14529 
13:58:13 p99=0.050521185 exact=299 err=0 fresh=14.921593403 cyc_fresh=[15260] prep=14321 
13:58:33 p99=0.048285559 exact=299 err=0 fresh=27.356167445 cyc_fresh=[15126] prep=14200 
13:58:43 p99=0.048285559 exact=300 err=0 fresh=27.356167445 cyc_fresh=[15126] prep=14200 
13:59:03 p99=0.055682743 exact=300 err=0 fresh=13.916136432 cyc_fresh=[15341] prep=14092 
13:59:13 p99=0.05015802 exact=300 err=0 fresh=21.465583205 cyc_fresh=[16072] prep=14973 
13:59:33 p99=0.05015802 exact=300 err=0 fresh=21.465583205 cyc_fresh=[16072] prep=14973 
13:59:43 p99=0.05015802 exact=299 err=0 fresh=21.465583205 cyc_fresh=[16072] prep=14973 
14:00:03 p99=0.045039061 exact=300 err=0 fresh=21.465583205 cyc_fresh=[16072] prep=14973 
14:00:13 p99=0.035324223 exact=300 err=0 fresh=21.465583205 cyc_fresh=[16072] prep=14973 
14:00:34 p99=0.045463209 exact=299 err=0 fresh=21.465583205 cyc_fresh=[16072] prep=14973 
14:00:43 p99=0.049051198 exact=299 err=0 fresh=21.465583205 cyc_fresh=[16072] prep=14973 
14:01:03 p99=0.049051198 exact=300 err=0 fresh=21.465583205 cyc_fresh=[16072] prep=14973 
14:01:13 p99=0.050253048 exact=300 err=0 fresh=21.465583205 cyc_fresh=[16072] prep=14973 
14:01:33 p99=0.041621233 exact=299 err=0 fresh=21.465583205 cyc_fresh=[16072] prep=14973 
14:01:43 p99=0.038870383 exact=300 err=0 fresh=21.465583205 cyc_fresh=[16072] prep=14973 
14:02:05 p99=0.041525128 exact=299 err=0 fresh=21.465583205 cyc_fresh=[16072] prep=14973 
14:02:13 p99=0.041525128 exact=300 err=0 fresh=21.465583205 cyc_fresh=[16072] prep=14973 
14:02:33 p99=0.034960083 exact=300 err=0 fresh=21.465583205 cyc_fresh=[16072] prep=14973 
14:02:43 p99=0.035586157 exact=299 err=0 fresh=21.465583205 cyc_fresh=[16072] prep=14973 
14:03:03 p99=0.036500217 exact=300 err=0 fresh=21.465583205 cyc_fresh=[16072] prep=14973 
14:03:13 p99=0.036500217 exact=300 err=0 fresh=17.142022133 cyc_fresh=[17981] prep=16524 
14:03:33 p99=0.05956279 exact=300 err=0 fresh=17.142022133 cyc_fresh=[17981] prep=16524 
14:03:43 p99=0.05956279 exact=300 err=0 fresh=17.142022133 cyc_fresh=[17981] prep=16524 
14:04:03 p99=0.058474792 exact=300 err=0 fresh=17.142022133 cyc_fresh=[17981] prep=16524 
14:04:13 p99=0.038327183 exact=300 err=0 fresh=17.142022133 cyc_fresh=[17981] prep=16524 
14:04:33 p99=0.038327183 exact=300 err=0 fresh=17.142022133 cyc_fresh=[17981] prep=16524 
14:04:43 p99=0.033326643 exact=300 err=0 fresh=17.142022133 cyc_fresh=[17981] prep=16524 
14:05:03 p99=0.033326643 exact=300 err=0 fresh=17.142022133 cyc_fresh=[17981] prep=16524 
14:05:13 p99=0.037037181 exact=300 err=0 fresh=17.142022133 cyc_fresh=[17981] prep=16524 
14:05:33 p99=0.040714822 exact=300 err=0 fresh=17.142022133 cyc_fresh=[17981] prep=16524 
14:05:43 p99=0.044319966 exact=300 err=0 fresh=17.142022133 cyc_fresh=[17981] prep=16524 
14:06:03 p99=0.044319966 exact=300 err=0 fresh=17.142022133 cyc_fresh=[17981] prep=16524 
14:06:14 p99=0.040714822 exact=300 err=0 fresh=17.142022133 cyc_fresh=[17981] prep=16524 
14:06:33 p99=0.037175629 exact=300 err=0 fresh=17.142022133 cyc_fresh=[17981] prep=16524 
14:06:43 p99=0.039707018 exact=299 err=0 fresh=17.142022133 cyc_fresh=[17981] prep=16524 
14:07:03 p99=0.043505287 exact=299 err=0 fresh=16.906661382 cyc_fresh=[16949] prep=15829 
14:07:13 p99=0.043505287 exact=299 err=0 fresh=16.906661382 cyc_fresh=[16949] prep=15829 
14:07:33 p99=0.043706811 exact=299 err=0 fresh=14.825591023 cyc_fresh=[15359] prep=14307 
14:07:43 p99=0.043706811 exact=299 err=0 fresh=13.69556916 cyc_fresh=[15258] prep=14385 
14:08:03 p99=0.03777905 exact=299 err=0 fresh=13.69556916 cyc_fresh=[15258] prep=14385 
14:08:13 p99=0.03777905 exact=300 err=0 fresh=13.69556916 cyc_fresh=[15258] prep=14385 
14:08:34 p99=0.039145577 exact=299 err=0 fresh=13.69556916 cyc_fresh=[15258] prep=14385 
14:08:43 p99=0.036282298 exact=299 err=0 fresh=13.69556916 cyc_fresh=[15258] prep=14385 
14:09:03 p99=0.03723838 exact=299 err=0 fresh=13.69556916 cyc_fresh=[15258] prep=14385 
14:09:13 p99=0.031969241 exact=299 err=0 fresh=13.69556916 cyc_fresh=[15258] prep=14385 
14:09:33 p99=0.031969241 exact=300 err=0 fresh=13.69556916 cyc_fresh=[15258] prep=14385 
14:09:43 p99=0.044502943 exact=300 err=0 fresh=15.317983754 cyc_fresh=[15588] prep=14551 
14:10:04 p99=0.038565636 exact=300 err=0 fresh=15.317983754 cyc_fresh=[15588] prep=14551 
14:10:13 p99=0.046452156 exact=300 err=0 fresh=15.317983754 cyc_fresh=[15588] prep=14551 
14:10:33 p99=0.052187391 exact=300 err=0 fresh=14.950845913 cyc_fresh=[17903] prep=16012 
14:10:43 p99=0.0577758 exact=300 err=0 fresh=27.569423017 cyc_fresh=[17903] prep=16012 
14:11:03 p99=0.0577758 exact=299 err=0 fresh=19.272162899 cyc_fresh=[15741] prep=14870 
14:11:13 p99=0.056995876 exact=300 err=0 fresh=19.272162899 cyc_fresh=[16216] prep=14698 
14:11:33 p99=0.058074441 exact=300 err=0 fresh=15.29231457 cyc_fresh=[17722] prep=16611 
14:11:43 p99=0.056995876 exact=300 err=0 fresh=27.592348905 cyc_fresh=[17335, 17335] prep=15620 
TRIPPED ['history exact 225 < 290']
14:12:04 p99=0.05605036 exact=225 err=0 fresh=18.939194633 cyc_fresh=[16297] prep=15131 TRIPPED
14:12:10 p99=0.058532605 exact=153 err=0 fresh=18.939194633 cyc_fresh=[16297] prep=15131 TRIPPED
14:12:31 p99=0.052548563 exact=149 err=0 fresh=18.939194633 cyc_fresh=[16297] prep=15131 TRIPPED
14:12:40 p99=0.037432934 exact=149 err=0 fresh=18.939194633 cyc_fresh=[16297] prep=15131 TRIPPED
14:13:00 p99=0.029092435 exact=207 err=0 fresh=18.939194633 cyc_fresh=[16297] prep=15131 TRIPPED
14:13:10 p99=0.037432934 exact=279 err=0 fresh=18.939194633 cyc_fresh=[16297] prep=15131 TRIPPED
14:13:30 p99=0.041453993 exact=299 err=0 fresh=16.184691068 cyc_fresh=[17957] prep=16649 TRIPPED
14:13:43 p99=0.050946351 exact=300 err=0 fresh=16.184691068 cyc_fresh=[17957] prep=16649 
14:14:03 p99=0.050946351 exact=300 err=0 fresh=16.184691068 cyc_fresh=[17957] prep=16649 
14:14:13 p99=0.037299615 exact=300 err=0 fresh=16.184691068 cyc_fresh=[17957] prep=16649 
14:14:33 p99=0.054143123 exact=300 err=0 fresh=15.271070106 cyc_fresh=[18621] prep=16524 
14:14:44 p99=0.054143123 exact=299 err=0 fresh=15.271070106 cyc_fresh=[18621] prep=16524 
14:15:04 p99=0.054143123 exact=300 err=0 fresh=15.271070106 cyc_fresh=[18621] prep=16524 
14:15:13 p99=0.046514647 exact=300 err=0 fresh=15.271070106 cyc_fresh=[18621] prep=16524 
14:15:34 p99=0.039199679 exact=300 err=0 fresh=15.271070106 cyc_fresh=[18621] prep=16524 
14:15:43 p99=0.048107126 exact=299 err=0 fresh=15.271070106 cyc_fresh=[18621] prep=16524 
14:16:05 p99=0.050166197 exact=300 err=0 fresh=15.714846857 cyc_fresh=[16936] prep=15808 
14:16:13 p99=0.049347429 exact=300 err=0 fresh=24.853848857 cyc_fresh=[16777] prep=15781 
14:16:34 p99=0.049347429 exact=299 err=0 fresh=24.853848857 cyc_fresh=[16777] prep=15781 
14:16:43 p99=0.045619023 exact=300 err=0 fresh=24.853848857 cyc_fresh=[16777] prep=15781 
14:17:03 p99=0.03598208 exact=300 err=0 fresh=24.853848857 cyc_fresh=[16777] prep=15781 
14:17:14 p99=0.034638981 exact=300 err=0 fresh=24.853848857 cyc_fresh=[16777] prep=15781 
14:17:33 p99=0.035394464 exact=300 err=0 fresh=24.853848857 cyc_fresh=[16777] prep=15781 
14:17:46 p99=0.050340465 exact=300 err=0 fresh=16.055673103 cyc_fresh=[16305] prep=15321 
14:18:26 p99=None exact=None err=None fresh=None cyc_fresh=None prep=None 
TRIPPED ['status unreadable twice: Expecting value: line 1 column 1 (char 0)']
14:18:50 p99=None exact=None err=None fresh=None cyc_fresh=None prep=None TRIPPED
14:19:05 p99=0.034844053 exact=300 err=0 fresh=14.013699926 cyc_fresh=[16321] prep=15320 TRIPPED
14:19:11 p99=0.027991336 exact=299 err=0 fresh=14.013699926 cyc_fresh=[16321] prep=15320 TRIPPED
14:19:35 p99=0.03355436 exact=300 err=0 fresh=14.013699926 cyc_fresh=[16321] prep=15320 TRIPPED
14:19:47 p99=None exact=None err=None fresh=None cyc_fresh=None prep=None TRIPPED
14:20:02 p99=None exact=None err=None fresh=None cyc_fresh=None prep=None TRIPPED
14:20:07 p99=0.03355436 exact=300 err=0 fresh=14.013699926 cyc_fresh=[16321] prep=15320 TRIPPED
14:20:44 p99=None exact=None err=None fresh=None cyc_fresh=None prep=None TRIPPED
14:20:46 p99=0.060552055 exact=300 err=0 fresh=16.233020589 cyc_fresh=[17544] prep=16406 TRIPPED
14:21:04 p99=0.060552055 exact=300 err=0 fresh=16.233020589 cyc_fresh=[17544] prep=16406 
14:21:16 p99=0.052719131 exact=300 err=0 fresh=16.233020589 cyc_fresh=[17544] prep=16406 
14:21:32 p99=0.052719131 exact=300 err=0 fresh=16.233020589 cyc_fresh=[17544] prep=16406 
14:21:46 p99=0.032423192 exact=300 err=0 fresh=16.233020589 cyc_fresh=[17544] prep=16406 
14:22:02 p99=0.033768723 exact=300 err=0 fresh=16.233020589 cyc_fresh=[17544] prep=16406 
14:22:16 p99=0.033149974 exact=299 err=0 fresh=16.233020589 cyc_fresh=[17544] prep=16406 
14:22:32 p99=0.034501013 exact=300 err=0 fresh=16.233020589 cyc_fresh=[17544] prep=16406 
14:22:49 p99=0.035034855 exact=299 err=0 fresh=15.276267472 cyc_fresh=[16555] prep=15539 
14:23:02 p99=0.035034855 exact=300 err=0 fresh=15.276267472 cyc_fresh=[16555] prep=15539 
14:23:16 p99=0.035034855 exact=300 err=0 fresh=15.276267472 cyc_fresh=[16555] prep=15539 
14:23:32 p99=0.035034855 exact=299 err=0 fresh=15.276267472 cyc_fresh=[16555] prep=15539 
14:23:46 p99=0.050951863 exact=300 err=0 fresh=16.831470078 cyc_fresh=[16388] prep=15290 
14:24:06 p99=0.056242881 exact=300 err=0 fresh=13.868696109 cyc_fresh=[17069] prep=15289 
14:24:16 p99=0.056242881 exact=300 err=0 fresh=13.868696109 cyc_fresh=[17069] prep=15289 
14:24:32 p99=0.055524156 exact=300 err=0 fresh=13.868696109 cyc_fresh=[17069] prep=15289 
14:24:46 p99=0.050258731 exact=300 err=0 fresh=13.868696109 cyc_fresh=[17069] prep=15289 
14:25:02 p99=0.054974323 exact=299 err=0 fresh=13.868696109 cyc_fresh=[17069] prep=15289 
14:25:16 p99=0.057627126 exact=300 err=0 fresh=16.036819309 cyc_fresh=[17989] prep=16845 
14:25:32 p99=0.057627126 exact=300 err=0 fresh=21.525156181 cyc_fresh=[18432, 18432] prep=16811 
14:25:46 p99=0.057627126 exact=300 err=0 fresh=21.525156181 cyc_fresh=[18432, 18432] prep=16811 
14:26:02 p99=0.057627126 exact=300 err=0 fresh=21.525156181 cyc_fresh=[18432, 18432] prep=16811 
14:26:16 p99=0.037635059 exact=300 err=0 fresh=21.525156181 cyc_fresh=[18432, 18432] prep=16811 
14:26:32 p99=0.028331544 exact=300 err=0 fresh=21.525156181 cyc_fresh=[18432, 18432] prep=16811 
14:26:46 p99=0.026563563 exact=300 err=0 fresh=21.525156181 cyc_fresh=[18432, 18432] prep=16811 
14:27:02 p99=0.02804321 exact=300 err=0 fresh=21.525156181 cyc_fresh=[18432, 18432] prep=16811 
14:27:16 p99=0.026164094 exact=300 err=0 fresh=21.525156181 cyc_fresh=[18432, 18432] prep=16811 
14:27:32 p99=0.028680675 exact=300 err=0 fresh=21.525156181 cyc_fresh=[18432, 18432] prep=16811 
14:27:46 p99=0.035892473 exact=300 err=0 fresh=21.525156181 cyc_fresh=[18432, 18432] prep=16811 
14:28:02 p99=0.03490322 exact=300 err=0 fresh=21.525156181 cyc_fresh=[18432, 18432] prep=16811 
14:28:16 p99=0.03490322 exact=299 err=0 fresh=21.525156181 cyc_fresh=[18432, 18432] prep=16811 
14:28:32 p99=0.037753127 exact=300 err=0 fresh=21.525156181 cyc_fresh=[18432, 18432] prep=16811 
14:28:46 p99=0.035892473 exact=300 err=0 fresh=21.525156181 cyc_fresh=[18432, 18432] prep=16811 
14:29:02 p99=0.035313135 exact=299 err=0 fresh=21.525156181 cyc_fresh=[18432, 18432] prep=16811 
14:29:16 p99=0.035313135 exact=299 err=0 fresh=21.525156181 cyc_fresh=[18432, 18432] prep=16811 
14:29:32 p99=0.029999443 exact=300 err=0 fresh=21.525156181 cyc_fresh=[18432, 18432] prep=16811 
14:29:46 p99=0.029999443 exact=300 err=0 fresh=21.525156181 cyc_fresh=[18432, 18432] prep=16811 
14:30:02 p99=0.029999443 exact=299 err=0 fresh=21.525156181 cyc_fresh=[18432, 18432] prep=16811 
14:30:18 p99=0.042379208 exact=299 err=0 fresh=21.525156181 cyc_fresh=[18432, 18432] prep=16811 
14:30:32 p99=0.042379208 exact=300 err=0 fresh=21.525156181 cyc_fresh=[18432, 18432] prep=16811 
14:30:46 p99=0.042379208 exact=300 err=0 fresh=21.525156181 cyc_fresh=[18432, 18432] prep=16811 
14:31:02 p99=0.042567571 exact=299 err=0 fresh=21.525156181 cyc_fresh=[18432, 18432] prep=16811 
14:31:16 p99=0.067074013 exact=299 err=0 fresh=21.525156181 cyc_fresh=[18432, 18432] prep=16811 
14:31:32 p99=0.067074013 exact=300 err=0 fresh=21.525156181 cyc_fresh=[18432, 18432] prep=16811 
14:31:46 p99=0.067074013 exact=300 err=0 fresh=21.525156181 cyc_fresh=[18432, 18432] prep=16811 
14:32:02 p99=0.067074013 exact=300 err=0 fresh=21.525156181 cyc_fresh=[18432, 18432] prep=16811 
14:32:16 p99=0.038527229 exact=300 err=0 fresh=16.182452561 cyc_fresh=[18121] prep=16443 
14:32:32 p99=0.039957799 exact=299 err=0 fresh=16.182452561 cyc_fresh=[18121] prep=16443 
14:32:46 p99=0.040905311 exact=299 err=0 fresh=16.182452561 cyc_fresh=[18121] prep=16443 
14:33:02 p99=0.046111442 exact=300 err=0 fresh=16.182452561 cyc_fresh=[18121] prep=16443 
14:33:16 p99=0.051004378 exact=300 err=0 fresh=16.182452561 cyc_fresh=[18121] prep=16443 
14:33:32 p99=0.051004378 exact=300 err=0 fresh=16.182452561 cyc_fresh=[18121] prep=16443 
14:33:46 p99=0.051004378 exact=300 err=0 fresh=16.182452561 cyc_fresh=[18121] prep=16443 
14:34:02 p99=0.051004378 exact=300 err=0 fresh=16.182452561 cyc_fresh=[18121] prep=16443 
14:34:16 p99=0.050171547 exact=300 err=0 fresh=16.182452561 cyc_fresh=[18121] prep=16443 
14:34:32 p99=0.050171547 exact=300 err=0 fresh=16.182452561 cyc_fresh=[18121] prep=16443 
14:34:46 p99=0.050171547 exact=300 err=0 fresh=15.310659966 cyc_fresh=[18121] prep=16443 
14:35:02 p99=0.041958198 exact=299 err=0 fresh=15.310659966 cyc_fresh=[20497] prep=19525 
14:35:16 p99=0.055779833 exact=300 err=0 fresh=15.310659966 cyc_fresh=[20497] prep=19525 
14:35:32 p99=0.055063594 exact=299 err=0 fresh=15.310659966 cyc_fresh=[20497] prep=19525 
14:35:46 p99=0.060192086 exact=300 err=0 fresh=15.640705738 cyc_fresh=[23973] prep=22733 
14:36:02 p99=0.060192086 exact=300 err=0 fresh=15.640705738 cyc_fresh=[23973] prep=22733 
14:36:16 p99=0.045690591 exact=300 err=0 fresh=15.640705738 cyc_fresh=[23973] prep=22733 
14:36:32 p99=0.039834148 exact=300 err=0 fresh=15.640705738 cyc_fresh=[23973] prep=22733 
14:36:46 p99=0.033518717 exact=300 err=0 fresh=15.640705738 cyc_fresh=[23973] prep=22733 
14:37:02 p99=0.033322615 exact=300 err=0 fresh=15.640705738 cyc_fresh=[23973] prep=22733 
14:37:16 p99=0.027877657 exact=300 err=0 fresh=15.640705738 cyc_fresh=[23973] prep=22733 
14:37:32 p99=0.028968327 exact=300 err=0 fresh=15.640705738 cyc_fresh=[23973] prep=22733 
14:37:46 p99=0.030199244 exact=300 err=0 fresh=15.640705738 cyc_fresh=[23973] prep=22733 
14:38:02 p99=0.030199244 exact=300 err=0 fresh=15.640705738 cyc_fresh=[23973] prep=22733 
14:38:16 p99=0.032966235 exact=299 err=0 fresh=15.640705738 cyc_fresh=[23973] prep=22733 
14:38:32 p99=0.037601113 exact=300 err=0 fresh=15.640705738 cyc_fresh=[23973] prep=22733 
14:38:46 p99=0.037601113 exact=300 err=0 fresh=15.073315951 cyc_fresh=[23973] prep=22733 
14:39:02 p99=0.037601113 exact=300 err=0 fresh=15.073315951 cyc_fresh=[20412] prep=19138 
14:39:16 p99=0.036948742 exact=300 err=0 fresh=15.073315951 cyc_fresh=[20412] prep=19138 
14:39:32 p99=0.034099136 exact=300 err=0 fresh=15.073315951 cyc_fresh=[20412] prep=19138 
14:39:46 p99=0.036948742 exact=300 err=0 fresh=15.073315951 cyc_fresh=[20412] prep=19138 
14:40:02 p99=0.036709066 exact=299 err=0 fresh=15.073315951 cyc_fresh=[20412] prep=19138 
14:40:16 p99=0.046116211 exact=300 err=0 fresh=15.073315951 cyc_fresh=[20412] prep=19138 
14:40:32 p99=0.057523679 exact=300 err=0 fresh=15.073315951 cyc_fresh=[20412] prep=19138 
14:40:46 p99=0.059726261 exact=299 err=0 fresh=17.666382337 cyc_fresh=[22812] prep=21201 
14:41:02 p99=0.059726261 exact=300 err=0 fresh=17.666382337 cyc_fresh=[22812] prep=21201 
14:41:16 p99=0.048644495 exact=300 err=0 fresh=17.666382337 cyc_fresh=[22812] prep=21201 
TRIPPED ['history errors 1']
14:41:34 p99=0.041368763 exact=299 err=1 fresh=14.577890766 cyc_fresh=[22812] prep=21201 TRIPPED
14:41:50 p99=0.184288673 exact=299 err=1 fresh=14.577890766 cyc_fresh=[33005] prep=20066 TRIPPED
14:42:03 p99=0.184288673 exact=299 err=1 fresh=14.577890766 cyc_fresh=[33005] prep=20066 TRIPPED
14:42:16 p99=0.362529701 exact=298 err=1 fresh=16.189522748999998 cyc_fresh=[17696] prep=16542 TRIPPED
14:42:31 p99=0.362529701 exact=300 err=0 fresh=16.189522748999998 cyc_fresh=[17696] prep=16542 TRIPPED
14:42:46 p99=0.072659569 exact=300 err=0 fresh=14.392669525 cyc_fresh=[18721] prep=15069 TRIPPED
14:43:02 p99=0.072659569 exact=300 err=0 fresh=14.392669525 cyc_fresh=[18721] prep=15069 TRIPPED
14:43:16 p99=0.032855247 exact=300 err=0 fresh=14.392669525 cyc_fresh=[18721] prep=15069 TRIPPED
14:50:42 p99=0.047008276 exact=300 err=0 fresh=14.930460872 cyc_fresh=[8346] prep=7177 
14:50:51 p99=0.047008276 exact=300 err=0 fresh=14.930460872 cyc_fresh=[8346] prep=7177 
14:51:07 p99=0.047008276 exact=300 err=0 fresh=14.930460872 cyc_fresh=[8346] prep=7177 
14:51:21 p99=0.043105421 exact=300 err=0 fresh=14.930460872 cyc_fresh=[8346] prep=7177 
14:51:37 p99=0.040816904 exact=300 err=0 fresh=14.930460872 cyc_fresh=[8342] prep=6994 
14:51:51 p99=0.049848934 exact=299 err=0 fresh=15.454172115 cyc_fresh=[8025] prep=7006 
14:52:07 p99=0.049848934 exact=300 err=0 fresh=17.378891142 cyc_fresh=[8025] prep=7006 
14:52:21 p99=0.049848934 exact=299 err=0 fresh=17.378891142 cyc_fresh=[8025] prep=7006 
14:52:37 p99=0.04811314 exact=300 err=0 fresh=14.751105952 cyc_fresh=[7658] prep=6760 
14:52:51 p99=0.04226233 exact=300 err=0 fresh=14.751105952 cyc_fresh=[7658] prep=6760 
14:53:07 p99=0.035665787 exact=300 err=0 fresh=14.751105952 cyc_fresh=[7658] prep=6760 
TRIPPED ['history p99 0.84515046 > 0.5']
14:53:21 p99=0.84515046 exact=299 err=0 fresh=14.751105952 cyc_fresh=[7658] prep=6760 TRIPPED
14:53:36 p99=0.84515046 exact=299 err=0 fresh=14.751105952 cyc_fresh=[7658] prep=6760 TRIPPED
14:53:51 p99=0.84515046 exact=300 err=0 fresh=14.751105952 cyc_fresh=[7658] prep=6760 TRIPPED
14:54:06 p99=0.84515046 exact=299 err=0 fresh=15.893093332 cyc_fresh=[7423] prep=6407 TRIPPED
14:54:21 p99=0.046663472 exact=300 err=0 fresh=15.893093332 cyc_fresh=[7896] prep=6969 TRIPPED
14:54:40 p99=0.046916029 exact=300 err=0 fresh=14.794553887 cyc_fresh=[7896] prep=6969 
14:54:51 p99=0.050848062 exact=299 err=0 fresh=15.120132248 cyc_fresh=[8456] prep=7010 
14:55:07 p99=0.050848062 exact=300 err=0 fresh=15.120132248 cyc_fresh=[8456] prep=7010 
14:55:21 p99=0.051941315 exact=299 err=0 fresh=15.120132248 cyc_fresh=[8456] prep=7010 
14:55:38 p99=0.050774857 exact=300 err=0 fresh=15.120132248 cyc_fresh=[9034] prep=7305 
14:55:52 p99=0.050774857 exact=300 err=0 fresh=16.516116649 cyc_fresh=[9034] prep=7305 
14:56:07 p99=0.04758771 exact=300 err=0 fresh=16.516116649 cyc_fresh=[9034] prep=7305 
14:56:21 p99=0.047183193 exact=300 err=0 fresh=16.516116649 cyc_fresh=[9034] prep=7305 
14:56:37 p99=0.051926662 exact=299 err=0 fresh=16.516116649 cyc_fresh=[9034] prep=7305 
14:56:51 p99=0.047183193 exact=300 err=0 fresh=16.516116649 cyc_fresh=[9034] prep=7305 
14:57:15 p99=0.036559612 exact=300 err=0 fresh=16.516116649 cyc_fresh=[9034] prep=7305 
14:57:21 p99=0.036559612 exact=300 err=0 fresh=16.516116649 cyc_fresh=[9034] prep=7305 
14:57:38 p99=0.030841504 exact=300 err=0 fresh=16.516116649 cyc_fresh=[9034] prep=7305 
14:57:57 p99=0.036826022 exact=300 err=0 fresh=16.516116649 cyc_fresh=[9034] prep=7305 
14:58:07 p99=0.036826022 exact=300 err=0 fresh=16.516116649 cyc_fresh=[9034] prep=7305 
14:58:22 p99=0.041000086 exact=300 err=0 fresh=16.516116649 cyc_fresh=[9034] prep=7305 
14:58:42 p99=0.041000086 exact=300 err=0 fresh=16.516116649 cyc_fresh=[9034] prep=7305 
14:58:51 p99=0.033793466 exact=300 err=0 fresh=16.516116649 cyc_fresh=[9034] prep=7305 
14:59:07 p99=0.045921929 exact=299 err=0 fresh=16.516116649 cyc_fresh=[7696] prep=6764 
14:59:21 p99=0.063236727 exact=300 err=0 fresh=15.424661179 cyc_fresh=[7696] prep=6764 
14:59:37 p99=0.063236727 exact=299 err=0 fresh=14.427759290000001 cyc_fresh=[7849] prep=6946 
14:59:51 p99=0.063236727 exact=299 err=0 fresh=14.427759290000001 cyc_fresh=[7849] prep=6946 
15:00:07 p99=0.063236727 exact=300 err=0 fresh=14.427759290000001 cyc_fresh=[7849] prep=6946 
15:00:21 p99=0.044048565 exact=299 err=0 fresh=14.427759290000001 cyc_fresh=[7849] prep=6946 
15:00:37 p99=0.042729138 exact=299 err=0 fresh=14.427759290000001 cyc_fresh=[9000] prep=7975 
15:00:51 p99=0.048016375 exact=299 err=0 fresh=16.180263282 cyc_fresh=[9000] prep=7975 
15:01:07 p99=0.336567858 exact=299 err=0 fresh=16.180263282 cyc_fresh=[9000] prep=7975 
15:01:21 p99=0.336567858 exact=299 err=0 fresh=16.180263282 cyc_fresh=[9000] prep=7975 
15:01:37 p99=0.336567858 exact=299 err=0 fresh=16.180263282 cyc_fresh=[9000] prep=7975 
15:01:51 p99=0.336567858 exact=299 err=0 fresh=16.180263282 cyc_fresh=[9000] prep=7975 
15:02:07 p99=0.030930332 exact=300 err=0 fresh=16.180263282 cyc_fresh=[9000] prep=7975 
15:02:21 p99=0.033241924 exact=300 err=0 fresh=16.180263282 cyc_fresh=[9000] prep=7975 
15:02:37 p99=0.034113266 exact=299 err=0 fresh=16.180263282 cyc_fresh=[9000] prep=7975 
15:02:51 p99=0.035802029 exact=299 err=0 fresh=16.180263282 cyc_fresh=[9000] prep=7975 
15:03:07 p99=0.035802029 exact=299 err=0 fresh=16.180263282 cyc_fresh=[9000] prep=7975 
15:03:21 p99=0.043073201 exact=299 err=0 fresh=16.639306285 cyc_fresh=[11521] prep=10099 
15:03:37 p99=0.043073201 exact=300 err=0 fresh=16.639306285 cyc_fresh=[11521] prep=10099 
15:03:51 p99=0.043274669 exact=299 err=0 fresh=16.639306285 cyc_fresh=[11521] prep=10099 
15:04:07 p99=0.044779288 exact=300 err=0 fresh=14.16386416 cyc_fresh=[9247] prep=8178 
15:04:21 p99=0.041413153 exact=300 err=0 fresh=14.16386416 cyc_fresh=[9247] prep=8178 
15:04:37 p99=0.060577927 exact=299 err=0 fresh=14.16386416 cyc_fresh=[9428] prep=8457 
15:04:51 p99=0.059458679 exact=300 err=0 fresh=13.964366432 cyc_fresh=[9428] prep=8457 
15:05:07 p99=0.060577927 exact=300 err=0 fresh=13.964366432 cyc_fresh=[9428] prep=8457 
15:05:21 p99=0.061260178 exact=299 err=0 fresh=13.964366432 cyc_fresh=[9428] prep=8457 
15:05:37 p99=0.051587789 exact=300 err=0 fresh=13.964366432 cyc_fresh=[9428] prep=8457 
15:05:51 p99=0.051587789 exact=299 err=0 fresh=13.964366432 cyc_fresh=[9428] prep=8457 
15:06:07 p99=0.051587789 exact=300 err=0 fresh=13.964366432 cyc_fresh=[9428] prep=8457 
15:06:21 p99=0.040410114 exact=300 err=0 fresh=13.964366432 cyc_fresh=[9813] prep=8922 
15:06:37 p99=0.045879872 exact=299 err=0 fresh=16.63758434 cyc_fresh=[9118] prep=8189 
15:06:51 p99=0.045879872 exact=299 err=0 fresh=13.784891583 cyc_fresh=[9118] prep=8189 
15:07:07 p99=0.045879872 exact=300 err=0 fresh=13.784891583 cyc_fresh=[9118] prep=8189 
15:07:21 p99=0.045553421 exact=300 err=0 fresh=15.408008166 cyc_fresh=[11470] prep=9406 
15:07:37 p99=0.043994569 exact=300 err=0 fresh=15.408008166 cyc_fresh=[11470] prep=9406 
15:07:51 p99=0.043302335 exact=299 err=0 fresh=15.408008166 cyc_fresh=[11470] prep=9406 
15:08:07 p99=0.043994569 exact=300 err=0 fresh=15.408008166 cyc_fresh=[11470] prep=9406 
15:08:21 p99=0.043302335 exact=300 err=0 fresh=15.408008166 cyc_fresh=[11470] prep=9406 
15:08:37 p99=0.043302335 exact=300 err=0 fresh=15.408008166 cyc_fresh=[11470] prep=9406 
15:08:51 p99=0.044876067 exact=300 err=0 fresh=15.408008166 cyc_fresh=[11470] prep=9406 
15:09:07 p99=0.042918381 exact=299 err=0 fresh=15.408008166 cyc_fresh=[11470] prep=9406 
15:09:21 p99=0.042918381 exact=300 err=0 fresh=15.408008166 cyc_fresh=[11470] prep=9406 
15:09:37 p99=0.036490645 exact=299 err=0 fresh=17.201626796 cyc_fresh=[9151] prep=8299 
15:09:51 p99=0.033907545 exact=299 err=0 fresh=17.201626796 cyc_fresh=[9151] prep=8299 
15:10:07 p99=0.036032753 exact=300 err=0 fresh=17.201626796 cyc_fresh=[9151] prep=8299 
15:10:21 p99=0.050353885 exact=299 err=0 fresh=17.201626796 cyc_fresh=[9151] prep=8299 
15:10:37 p99=0.050353885 exact=300 err=0 fresh=17.201626796 cyc_fresh=[9151] prep=8299 
15:10:51 p99=0.050353885 exact=300 err=0 fresh=17.201626796 cyc_fresh=[9151] prep=8299 
15:11:07 p99=0.055515375 exact=300 err=0 fresh=17.201626796 cyc_fresh=[12677] prep=9722 
15:11:21 p99=0.075076622 exact=300 err=0 fresh=18.053700498 cyc_fresh=[12677] prep=9722 
15:11:37 p99=0.075076622 exact=300 err=0 fresh=18.053700498 cyc_fresh=[12677] prep=9722 
15:11:53 p99=0.075076622 exact=300 err=0 fresh=14.750930845 cyc_fresh=[7630] prep=6732 
15:12:09 p99=0.074373474 exact=300 err=0 fresh=14.750930845 cyc_fresh=[7630] prep=6732 
15:12:21 p99=0.047920032 exact=299 err=0 fresh=14.750930845 cyc_fresh=[7630] prep=6732 
15:12:37 p99=0.047920032 exact=299 err=0 fresh=14.750930845 cyc_fresh=[7630] prep=6732 
15:12:52 p99=0.045006113 exact=300 err=0 fresh=14.750930845 cyc_fresh=[7630] prep=6732 
15:13:07 p99=0.036865879 exact=300 err=0 fresh=14.750930845 cyc_fresh=[7630] prep=6732 
15:13:22 p99=0.037408374 exact=300 err=0 fresh=14.750930845 cyc_fresh=[7630] prep=6732 
15:13:37 p99=0.036865879 exact=300 err=0 fresh=14.750930845 cyc_fresh=[7630] prep=6732 
15:13:52 p99=0.036865879 exact=300 err=0 fresh=14.750930845 cyc_fresh=[7630] prep=6732 
15:14:07 p99=0.049752019 exact=300 err=0 fresh=16.895182493 cyc_fresh=[8772] prep=7869 
15:14:22 p99=0.046053681 exact=300 err=0 fresh=23.455386731 cyc_fresh=[8772] prep=7869 
15:14:37 p99=0.055568894 exact=299 err=0 fresh=15.122314901 cyc_fresh=[8468] prep=7384 
15:14:52 p99=0.055568894 exact=300 err=0 fresh=15.122314901 cyc_fresh=[8468] prep=7384 
15:15:08 p99=0.0531963 exact=299 err=0 fresh=15.122314901 cyc_fresh=[8468] prep=7384 
15:15:22 p99=0.063681651 exact=300 err=0 fresh=15.122314901 cyc_fresh=[8468] prep=7384 
15:15:37 p99=0.058027553 exact=300 err=0 fresh=15.122314901 cyc_fresh=[8468] prep=7384 
15:15:52 p99=0.054996313 exact=299 err=0 fresh=15.122314901 cyc_fresh=[8468] prep=7384 
15:16:07 p99=0.054996313 exact=300 err=0 fresh=15.122314901 cyc_fresh=[8468] prep=7384 
15:16:22 p99=0.040851597 exact=300 err=0 fresh=15.122314901 cyc_fresh=[8468] prep=7384 
15:16:37 p99=0.040851597 exact=300 err=0 fresh=15.122314901 cyc_fresh=[8468] prep=7384 
15:16:52 p99=0.040851597 exact=299 err=0 fresh=15.122314901 cyc_fresh=[8468] prep=7384 
15:17:07 p99=0.038324372 exact=300 err=0 fresh=15.122314901 cyc_fresh=[8468] prep=7384 
15:17:22 p99=0.037875425 exact=299 err=0 fresh=15.122314901 cyc_fresh=[8468] prep=7384 
15:17:37 p99=0.038324372 exact=300 err=0 fresh=15.122314901 cyc_fresh=[8468] prep=7384 
15:17:52 p99=0.094021808 exact=300 err=0 fresh=15.122314901 cyc_fresh=[8468] prep=7384 
15:18:07 p99=0.094021808 exact=300 err=0 fresh=15.122314901 cyc_fresh=[8468] prep=7384 
15:18:22 p99=0.094021808 exact=300 err=0 fresh=15.122314901 cyc_fresh=[8468] prep=7384 
15:18:37 p99=0.094021808 exact=300 err=0 fresh=15.122314901 cyc_fresh=[8468] prep=7384 
15:18:52 p99=0.06175068 exact=300 err=0 fresh=15.122314901 cyc_fresh=[8468] prep=7384 
15:19:07 p99=0.03805379 exact=300 err=0 fresh=15.122314901 cyc_fresh=[8468] prep=7384 
15:19:22 p99=0.040093324 exact=300 err=0 fresh=15.122314901 cyc_fresh=[8468] prep=7384 
15:19:37 p99=0.040093324 exact=299 err=0 fresh=15.122314901 cyc_fresh=[8468] prep=7384 
15:19:52 p99=0.040175306 exact=300 err=0 fresh=15.122314901 cyc_fresh=[8468] prep=7384 
15:20:07 p99=0.040175306 exact=300 err=0 fresh=15.122314901 cyc_fresh=[8468] prep=7384 
15:20:22 p99=0.064845844 exact=299 err=0 fresh=17.175381332 cyc_fresh=[11021] prep=9298 
15:23:48 p99=0.075890878 exact=300 err=0 fresh=17.175381332 cyc_fresh=[7561] prep=6673 
15:26:18 p99=None exact=None err=None fresh=None cyc_fresh=None prep=None 
TRIPPED ['status unreadable twice: Expecting value: line 1 column 1 (char 0)']
15:26:46 p99=None exact=None err=None fresh=None cyc_fresh=None prep=None TRIPPED
15:26:56 p99=None exact=None err=None fresh=None cyc_fresh=None prep=None TRIPPED
