2026-09-10T22:46:53+00:00 enhance-pir-coordinator-01 transparent-publish-controller[2395753]: journal 0-3479007, archive-wide below 3262749 at SealPolicy { scripts: Limit { target: 393216, capacity: 458752 }, page_rows: Limit { target: 63488, capacity: 65536 } }, recent-8k from 3262749 at SealPolicy { scripts: Limit { target: 98304, capacity: 114688 }, page_rows: Limit { target: 7936, capacity: 8192 } }
2026-09-10T22:46:54+00:00 enhance-pir-coordinator-01 transparent-publish-controller[2395753]: shard 173 3473055-3479007 (5953 blocks) scripts 33322 pages 4317 events 195734 segments 1/1 TAIL r2648
2026-09-10T22:46:54+00:00 enhance-pir-coordinator-01 transparent-publish-controller[2395753]: published 174 shards covering 0-3479007; filters ~60.12 MB
2026-09-10T22:46:54+00:00 enhance-pir-coordinator-01 transparent-publish-controller[2520159]: {"event": "fleet_command", "tool": "shard-assign", "seconds": 0.02729, "exit_code": 0}
2026-09-10T22:46:54+00:00 enhance-pir-coordinator-01 transparent-publish-controller[2520159]: assignment fdb3ae50e7f611c5a557e4d51429513675cb55c12a37a783fb92f2a217c3b8cf written to /opt/transparent-publisher/state/517f86d47acb9b12448eca0b80e4e1c560eca78910db80f8ca0af9ce2c5b3b23.assignment.json
2026-09-10T22:46:54+00:00 enhance-pir-coordinator-01 transparent-publish-controller[2520159]:   transparent-pir-archive-01 archive-owner     80 shards   48318382080 bytes reserved of   51539607552 cache  0-79
2026-09-10T22:46:54+00:00 enhance-pir-coordinator-01 transparent-publish-controller[2520159]:   transparent-pir-archive-02 archive-owner     80 shards   48318382080 bytes reserved of   51539607552 cache  80-159
2026-09-10T22:46:54+00:00 enhance-pir-coordinator-01 transparent-publish-controller[2520159]:   transparent-pir-recent-01 recent-replica    14 shards    3758096384 bytes reserved of    5368709120 cache  160-173
2026-09-10T22:46:54+00:00 enhance-pir-coordinator-01 transparent-publish-controller[2520159]:   transparent-pir-recent-02 recent-replica    14 shards    3758096384 bytes reserved of    5368709120 cache  160-173
2026-09-10T22:46:54+00:00 enhance-pir-coordinator-01 transparent-publish-controller[2520159]:   transparent-pir-recent-03 recent-replica    14 shards    3758096384 bytes reserved of    5368709120 cache  160-173
2026-09-10T22:46:54+00:00 enhance-pir-coordinator-01 transparent-publish-controller[2520159]:   transparent-pir-recent-04 recent-replica    14 shards    3758096384 bytes reserved of    5368709120 cache  160-173
2026-09-10T22:46:54+00:00 enhance-pir-coordinator-01 transparent-publish-controller[2520159]: {"event": "fleet_command", "tool": "ssh", "seconds": 0.027729, "exit_code": 0}
2026-09-10T22:46:54+00:00 enhance-pir-coordinator-01 transparent-publish-controller[2520159]: {"event": "fleet_command", "tool": "shard-assign", "seconds": 0.008257, "exit_code": 0}
2026-09-10T22:46:54+00:00 enhance-pir-coordinator-01 transparent-publish-controller[2520159]: {"event": "fleet_command", "tool": "ssh", "seconds": 0.038229, "exit_code": 0}
2026-09-10T22:46:54+00:00 enhance-pir-coordinator-01 transparent-publish-controller[2520159]: {"event": "fleet_command", "tool": "shard-assign", "seconds": 0.008339, "exit_code": 0}
2026-09-10T22:46:54+00:00 enhance-pir-coordinator-01 transparent-publish-controller[2520159]: {"event": "fleet_command", "tool": "ssh", "seconds": 0.050131, "exit_code": 0}
2026-09-10T22:46:54+00:00 enhance-pir-coordinator-01 transparent-publish-controller[2520159]: {"event": "fleet_command", "tool": "shard-assign", "seconds": 0.005116, "exit_code": 0}
2026-09-10T22:46:54+00:00 enhance-pir-coordinator-01 transparent-publish-controller[2520159]: {"event": "fleet_command", "tool": "ssh", "seconds": 0.046328, "exit_code": 0}
2026-09-10T22:46:54+00:00 enhance-pir-coordinator-01 transparent-publish-controller[2520159]: {"event": "fleet_command", "tool": "shard-assign", "seconds": 0.005393, "exit_code": 0}
2026-09-10T22:46:54+00:00 enhance-pir-coordinator-01 transparent-publish-controller[2520159]: {"event": "fleet_command", "tool": "ssh", "seconds": 0.054346, "exit_code": 0}
2026-09-10T22:46:54+00:00 enhance-pir-coordinator-01 transparent-publish-controller[2520159]: {"event": "fleet_command", "tool": "shard-assign", "seconds": 0.003657, "exit_code": 0}
2026-09-10T22:46:55+00:00 enhance-pir-coordinator-01 transparent-publish-controller[2520159]: {"event": "fleet_command", "tool": "ssh", "seconds": 0.758975, "exit_code": 0}
2026-09-10T22:46:55+00:00 enhance-pir-coordinator-01 transparent-publish-controller[2520138]: {"event": "fleet_command", "tool": "ssh", "seconds": 1.400377, "exit_code": 0}
2026-09-10T22:46:55+00:00 enhance-pir-coordinator-01 transparent-publish-controller[2520138]: {"level":"info","ts":1789080415.377691,"msg":"using provided configuration","config_file":"/etc/caddy/Caddyfile.live-next","config_adapter":"caddyfile"}
2026-09-10T22:46:55+00:00 enhance-pir-coordinator-01 transparent-publish-controller[2520138]: {"level":"info","ts":1789080415.3797553,"logger":"http","msg":"server is listening only on the HTTPS port but has no TLS connection policies; adding one to enable TLS","server_name":"srv0","https_port":443}
2026-09-10T22:46:55+00:00 enhance-pir-coordinator-01 transparent-publish-controller[2520138]: {"level":"info","ts":1789080415.379803,"logger":"http","msg":"enabling automatic HTTP->HTTPS redirects","server_name":"srv0"}
2026-09-10T22:46:55+00:00 enhance-pir-coordinator-01 transparent-publish-controller[2520138]: {"level":"info","ts":1789080415.380109,"logger":"tls.cache.maintenance","msg":"started background certificate maintenance","cache":"0xc0001e8700"}
2026-09-10T22:46:55+00:00 enhance-pir-coordinator-01 transparent-publish-controller[2520138]: {"level":"info","ts":1789080415.3803024,"logger":"tls.cache.maintenance","msg":"stopped background certificate maintenance","cache":"0xc0001e8700"}
2026-09-10T22:46:55+00:00 enhance-pir-coordinator-01 transparent-publish-controller[2520138]: Valid configuration
2026-09-10T22:46:55+00:00 enhance-pir-coordinator-01 transparent-publish-controller[2520159]: {"event": "fleet_command", "tool": "rsync", "seconds": 0.09459, "exit_code": 0}
2026-09-10T22:46:55+00:00 enhance-pir-coordinator-01 transparent-publish-controller[2520159]: {"event": "fleet_command", "tool": "ssh", "seconds": 0.009312, "exit_code": 0}
2026-09-10T22:46:55+00:00 enhance-pir-coordinator-01 python3[2395751]: {"event": "worker_preparation", "worker": "transparent-pir-recent-01", "map_sha256": "517f86d47acb9b12448eca0b80e4e1c560eca78910db80f8ca0af9ce2c5b3b23", "phase": "rejected", "monotonic": 733926.185019848, "reason": "noncanonical target"}
2026-09-10T22:46:55+00:00 enhance-pir-coordinator-01 transparent-publish-controller[2520159]: {"event": "fleet_command", "tool": "ssh", "seconds": 0.966114, "exit_code": 0}
2026-09-10T22:46:55+00:00 enhance-pir-coordinator-01 transparent-publish-controller[2520159]: {"event": "fleet_command", "tool": "rsync", "seconds": 0.09718, "exit_code": 0}
2026-09-10T22:46:55+00:00 enhance-pir-coordinator-01 transparent-publish-controller[2520159]: {"event": "fleet_command", "tool": "ssh", "seconds": 0.011052, "exit_code": 0}
2026-09-10T22:46:55+00:00 enhance-pir-coordinator-01 transparent-publish-controller[2520159]: {"event": "fleet_command", "tool": "ssh", "seconds": 1.198758, "exit_code": 0}
2026-09-10T22:46:56+00:00 enhance-pir-coordinator-01 transparent-publish-controller[2520159]: {"event": "fleet_command", "tool": "ssh", "seconds": 0.514892, "exit_code": 0}
2026-09-10T22:46:56+00:00 enhance-pir-coordinator-01 transparent-publish-controller[2520159]: {"event": "fleet_command", "tool": "ssh", "seconds": 1.301574, "exit_code": 0}
2026-09-10T22:46:56+00:00 enhance-pir-coordinator-01 transparent-publish-controller[2520159]: {"event": "fleet_command", "tool": "ssh", "seconds": 1.383265, "exit_code": 0}
2026-09-10T22:46:56+00:00 enhance-pir-coordinator-01 transparent-publish-controller[2520159]: {"event": "fleet_command", "tool": "ssh", "seconds": 0.55863, "exit_code": 0}
2026-09-10T22:46:57+00:00 enhance-pir-coordinator-01 transparent-publish-controller[2520159]: {"event": "fleet_command", "tool": "rsync", "seconds": 1.264992, "exit_code": 0}
2026-09-10T22:46:57+00:00 enhance-pir-coordinator-01 transparent-publish-controller[2520159]: {"event": "fleet_command", "tool": "ssh", "seconds": 0.014083, "exit_code": 0}
2026-09-10T22:46:57+00:00 enhance-pir-coordinator-01 transparent-publish-controller[2520159]: {"event": "fleet_command", "tool": "rsync", "seconds": 1.320371, "exit_code": 0}
2026-09-10T22:46:57+00:00 enhance-pir-coordinator-01 transparent-publish-controller[2520159]: {"event": "fleet_command", "tool": "ssh", "seconds": 0.014048, "exit_code": 0}
2026-09-10T22:46:57+00:00 enhance-pir-coordinator-01 transparent-publish-controller[2520159]: {"event": "fleet_command", "tool": "rsync", "seconds": 1.616595, "exit_code": 0}
2026-09-10T22:46:57+00:00 enhance-pir-coordinator-01 transparent-publish-controller[2520159]: {"event": "fleet_command", "tool": "ssh", "seconds": 0.014049, "exit_code": 0}
2026-09-10T22:47:09+00:00 enhance-pir-coordinator-01 transparent-publish-controller[2520159]: {"event": "fleet_command", "tool": "ssh", "seconds": 12.117808, "exit_code": 0}
2026-09-10T22:47:09+00:00 enhance-pir-coordinator-01 transparent-publish-controller[2395753]: 2026-09-10T22:47:09.860658Z ERROR transparent_filter_server::controller: publication failed; keeping valid coverage and retrying error=candidate invalidated while preparing
2026-09-10T22:47:09+00:00 enhance-pir-coordinator-01 transparent-publish-controller[2395753]: journal 0-3479007, archive-wide below 3262749 at SealPolicy { scripts: Limit { target: 393216, capacity: 458752 }, page_rows: Limit { target: 63488, capacity: 65536 } }, recent-8k from 3262749 at SealPolicy { scripts: Limit { target: 98304, capacity: 114688 }, page_rows: Limit { target: 7936, capacity: 8192 } }
2026-09-10T22:47:10+00:00 enhance-pir-coordinator-01 transparent-publish-controller[2395753]: shard 173 3473055-3479007 (5953 blocks) scripts 33322 pages 4317 events 195734 segments 1/1 TAIL r2648
2026-09-10T22:47:10+00:00 enhance-pir-coordinator-01 transparent-publish-controller[2395753]: published 174 shards covering 0-3479007; filters ~60.12 MB
2026-09-10T22:47:11+00:00 enhance-pir-coordinator-01 transparent-publish-controller[2520273]: {"event": "fleet_command", "tool": "shard-assign", "seconds": 0.026534, "exit_code": 0}
2026-09-10T22:47:11+00:00 enhance-pir-coordinator-01 transparent-publish-controller[2520273]: assignment 2c8773bb21d5f59ce8a4a18554f6fc34ec2a417c7808a353ff3ade07e1369078 written to /opt/transparent-publisher/state/97856a94c7a1fced0d716fed47bb1d1a4427576ce8945b5f2a8d40cff002f75d.assignment.json
2026-09-10T22:47:11+00:00 enhance-pir-coordinator-01 transparent-publish-controller[2520273]:   transparent-pir-archive-01 archive-owner     80 shards   48318382080 bytes reserved of   51539607552 cache  0-79
2026-09-10T22:47:11+00:00 enhance-pir-coordinator-01 transparent-publish-controller[2520273]:   transparent-pir-archive-02 archive-owner     80 shards   48318382080 bytes reserved of   51539607552 cache  80-159
2026-09-10T22:47:11+00:00 enhance-pir-coordinator-01 transparent-publish-controller[2520273]:   transparent-pir-recent-01 recent-replica    14 shards    3758096384 bytes reserved of    5368709120 cache  160-173
2026-09-10T22:47:11+00:00 enhance-pir-coordinator-01 transparent-publish-controller[2520273]:   transparent-pir-recent-02 recent-replica    14 shards    3758096384 bytes reserved of    5368709120 cache  160-173
2026-09-10T22:47:11+00:00 enhance-pir-coordinator-01 transparent-publish-controller[2520273]:   transparent-pir-recent-03 recent-replica    14 shards    3758096384 bytes reserved of    5368709120 cache  160-173
2026-09-10T22:47:11+00:00 enhance-pir-coordinator-01 transparent-publish-controller[2520273]:   transparent-pir-recent-04 recent-replica    14 shards    3758096384 bytes reserved of    5368709120 cache  160-173
2026-09-10T22:47:11+00:00 enhance-pir-coordinator-01 transparent-publish-controller[2520273]: {"event": "fleet_command", "tool": "ssh", "seconds": 0.015472, "exit_code": 0}
2026-09-10T22:47:11+00:00 enhance-pir-coordinator-01 transparent-publish-controller[2520273]: {"event": "fleet_command", "tool": "ssh", "seconds": 0.015896, "exit_code": 0}
2026-09-10T22:47:11+00:00 enhance-pir-coordinator-01 transparent-publish-controller[2520273]: {"event": "fleet_command", "tool": "shard-assign", "seconds": 0.01018, "exit_code": 0}
2026-09-10T22:47:11+00:00 enhance-pir-coordinator-01 transparent-publish-controller[2520273]: {"event": "fleet_command", "tool": "shard-assign", "seconds": 0.014176, "exit_code": 0}
2026-09-10T22:47:11+00:00 enhance-pir-coordinator-01 python3[2395751]: {"event": "worker_preparation", "worker": "transparent-pir-recent-01", "map_sha256": "97856a94c7a1fced0d716fed47bb1d1a4427576ce8945b5f2a8d40cff002f75d", "phase": "staging", "monotonic": 733941.865329378}
2026-09-10T22:47:11+00:00 enhance-pir-coordinator-01 python3[2395751]: {"event": "fleet_command", "tool": "ssh", "seconds": 0.03141, "exit_code": 0}
2026-09-10T22:47:11+00:00 enhance-pir-coordinator-01 python3[2395751]: {"event": "worker_preparation", "worker": "transparent-pir-recent-01", "map_sha256": "97856a94c7a1fced0d716fed47bb1d1a4427576ce8945b5f2a8d40cff002f75d", "phase": "transferring", "monotonic": 733941.910604458}
2026-09-10T22:47:11+00:00 enhance-pir-coordinator-01 python3[2395751]: {"event": "fleet_command", "tool": "shard-assign", "seconds": 0.003601, "exit_code": 0}
2026-09-10T22:47:11+00:00 enhance-pir-coordinator-01 transparent-publish-controller[2520273]: {"event": "fleet_command", "tool": "ssh", "seconds": 0.039581, "exit_code": 0}
2026-09-10T22:47:11+00:00 enhance-pir-coordinator-01 transparent-publish-controller[2520273]: {"event": "fleet_command", "tool": "shard-assign", "seconds": 0.003454, "exit_code": 0}
2026-09-10T22:47:11+00:00 enhance-pir-coordinator-01 transparent-publish-controller[2520273]: {"event": "fleet_command", "tool": "ssh", "seconds": 0.214105, "exit_code": 0}
2026-09-10T22:47:11+00:00 enhance-pir-coordinator-01 transparent-publish-controller[2520273]: {"event": "fleet_command", "tool": "ssh", "seconds": 0.273368, "exit_code": 0}
2026-09-10T22:47:11+00:00 enhance-pir-coordinator-01 transparent-publish-controller[2520273]: {"event": "fleet_command", "tool": "rsync", "seconds": 0.098235, "exit_code": 0}
2026-09-10T22:47:11+00:00 enhance-pir-coordinator-01 transparent-publish-controller[2520273]: {"event": "fleet_command", "tool": "ssh", "seconds": 0.009208, "exit_code": 0}
2026-09-10T22:47:11+00:00 enhance-pir-coordinator-01 transparent-publish-controller[2520273]: {"event": "fleet_command", "tool": "rsync", "seconds": 0.099002, "exit_code": 0}
2026-09-10T22:47:11+00:00 enhance-pir-coordinator-01 transparent-publish-controller[2520273]: {"event": "fleet_command", "tool": "ssh", "seconds": 0.012543, "exit_code": 0}
2026-09-10T22:47:11+00:00 enhance-pir-coordinator-01 transparent-publish-controller[2520273]: {"event": "fleet_command", "tool": "ssh", "seconds": 0.417699, "exit_code": 0}
2026-09-10T22:47:11+00:00 enhance-pir-coordinator-01 transparent-publish-controller[2520273]: {"event": "fleet_command", "tool": "ssh", "seconds": 0.516984, "exit_code": 0}
2026-09-10T22:47:12+00:00 enhance-pir-coordinator-01 transparent-publish-controller[2520273]: {"event": "fleet_command", "tool": "ssh", "seconds": 0.561524, "exit_code": 0}
2026-09-10T22:47:12+00:00 enhance-pir-coordinator-01 python3[2395751]: {"event": "fleet_command", "tool": "ssh", "seconds": 0.840409, "exit_code": 0}
2026-09-10T22:47:12+00:00 enhance-pir-coordinator-01 transparent-publish-controller[2520273]: {"event": "fleet_command", "tool": "rsync", "seconds": 1.090347, "exit_code": 0}
2026-09-10T22:47:12+00:00 enhance-pir-coordinator-01 transparent-publish-controller[2520273]: {"event": "fleet_command", "tool": "ssh", "seconds": 0.012792, "exit_code": 0}
2026-09-10T22:47:12+00:00 enhance-pir-coordinator-01 transparent-publish-controller[2520273]: {"event": "fleet_command", "tool": "ssh", "seconds": 1.618927, "exit_code": 0}
2026-09-10T22:47:12+00:00 enhance-pir-coordinator-01 transparent-publish-controller[2520273]: {"event": "fleet_command", "tool": "shard-assign", "seconds": 0.003944, "exit_code": 0}
2026-09-10T22:47:12+00:00 enhance-pir-coordinator-01 python3[2395751]: {"event": "fleet_command", "tool": "rsync", "seconds": 0.768046, "exit_code": 0}
2026-09-10T22:47:12+00:00 enhance-pir-coordinator-01 python3[2395751]: {"event": "fleet_command", "tool": "ssh", "seconds": 0.014679, "exit_code": 0}
2026-09-10T22:47:12+00:00 enhance-pir-coordinator-01 python3[2395751]: {"event": "worker_preparation", "worker": "transparent-pir-recent-01", "map_sha256": "97856a94c7a1fced0d716fed47bb1d1a4427576ce8945b5f2a8d40cff002f75d", "phase": "warming", "monotonic": 733943.540887929}
2026-09-10T22:47:13+00:00 enhance-pir-coordinator-01 transparent-publish-controller[2520273]: {"event": "fleet_command", "tool": "ssh", "seconds": 0.413639, "exit_code": 0}
2026-09-10T22:47:13+00:00 enhance-pir-coordinator-01 transparent-publish-controller[2520273]: {"event": "fleet_command", "tool": "ssh", "seconds": 2.53493, "exit_code": 0}
2026-09-10T22:47:13+00:00 enhance-pir-coordinator-01 transparent-publish-controller[2520273]: {"event": "fleet_command", "tool": "shard-assign", "seconds": 0.0043, "exit_code": 0}
2026-09-10T22:47:14+00:00 enhance-pir-coordinator-01 transparent-publish-controller[2520273]: {"event": "fleet_command", "tool": "ssh", "seconds": 0.494886, "exit_code": 0}
2026-09-10T22:47:14+00:00 enhance-pir-coordinator-01 transparent-publish-controller[2520273]: {"event": "fleet_command", "tool": "rsync", "seconds": 1.256799, "exit_code": 0}
2026-09-10T22:47:14+00:00 enhance-pir-coordinator-01 transparent-publish-controller[2520273]: {"event": "fleet_command", "tool": "ssh", "seconds": 0.014758, "exit_code": 0}
2026-09-10T22:47:15+00:00 enhance-pir-coordinator-01 transparent-publish-controller[2520273]: {"event": "fleet_command", "tool": "rsync", "seconds": 1.418425, "exit_code": 0}
2026-09-10T22:47:15+00:00 enhance-pir-coordinator-01 transparent-publish-controller[2520273]: {"event": "fleet_command", "tool": "ssh", "seconds": 0.013476, "exit_code": 0}
2026-09-10T22:47:20+00:00 enhance-pir-coordinator-01 python3[2395751]: {"event": "fleet_command", "tool": "ssh", "seconds": 7.592892, "exit_code": 0}
2026-09-10T22:47:20+00:00 enhance-pir-coordinator-01 python3[2395751]: {"event": "worker_preparation", "worker": "transparent-pir-recent-01", "map_sha256": "97856a94c7a1fced0d716fed47bb1d1a4427576ce8945b5f2a8d40cff002f75d", "phase": "prepared", "monotonic": 733951.136808416, "expected": "5a86e7be1dc09cb44ed479a2dd50649f70403a82885bc074546ff00f10d3231c", "seconds": 9.269058828009292}
2026-09-10T22:47:21+00:00 enhance-pir-coordinator-01 transparent-publish-controller[2520331]: {"event": "fleet_command", "tool": "ssh", "seconds": 0.012369, "exit_code": 0}
2026-09-10T22:47:21+00:00 enhance-pir-coordinator-01 transparent-publish-controller[2520331]: {"event": "fleet_command", "tool": "ssh", "seconds": 0.01948, "exit_code": 0}
2026-09-10T22:47:24+00:00 enhance-pir-coordinator-01 transparent-publish-controller[2520331]: {"event": "fleet_command", "tool": "ssh", "seconds": 3.560988, "exit_code": 0}
2026-09-10T22:47:24+00:00 enhance-pir-coordinator-01 transparent-publish-controller[2520331]: {"event": "fleet_command", "tool": "ssh", "seconds": 0.148856, "exit_code": 0}
2026-09-10T22:47:24+00:00 enhance-pir-coordinator-01 transparent-publish-controller[2520331]: {"level":"info","ts":1789080444.7375624,"msg":"using provided configuration","config_file":"/etc/caddy/Caddyfile.live-next","config_adapter":"caddyfile"}
2026-09-10T22:47:24+00:00 enhance-pir-coordinator-01 transparent-publish-controller[2520331]: {"level":"info","ts":1789080444.7421615,"logger":"http","msg":"server is listening only on the HTTPS port but has no TLS connection policies; adding one to enable TLS","server_name":"srv0","https_port":443}
2026-09-10T22:47:24+00:00 enhance-pir-coordinator-01 transparent-publish-controller[2520331]: {"level":"info","ts":1789080444.7422066,"logger":"http","msg":"enabling automatic HTTP->HTTPS redirects","server_name":"srv0"}
2026-09-10T22:47:24+00:00 enhance-pir-coordinator-01 transparent-publish-controller[2520331]: {"level":"info","ts":1789080444.742496,"logger":"tls.cache.maintenance","msg":"started background certificate maintenance","cache":"0xc0001dbea0"}
2026-09-10T22:47:24+00:00 enhance-pir-coordinator-01 transparent-publish-controller[2520331]: {"level":"info","ts":1789080444.7472136,"logger":"tls.cache.maintenance","msg":"stopped background certificate maintenance","cache":"0xc0001dbea0"}
2026-09-10T22:47:24+00:00 enhance-pir-coordinator-01 transparent-publish-controller[2520331]: Valid configuration
2026-09-10T22:47:24+00:00 enhance-pir-coordinator-01 transparent-publish-controller[2395753]: 2026-09-10T22:47:24.858493Z  INFO transparent_filter_server::controller: activated warm publication height=3479007 hash="00000000002c70371a4a21fdcb9d9f8e67f69ffad62e2885a27102442010fd31" freshness_seconds=31.912487344 seconds=14.972820639
2026-09-10T22:47:24+00:00 enhance-pir-coordinator-01 python3[2395751]: {"event": "worker_preparation", "worker": "transparent-pir-recent-01", "map_sha256": "97856a94c7a1fced0d716fed47bb1d1a4427576ce8945b5f2a8d40cff002f75d", "phase": "prepared", "monotonic": 733955.55442533, "expected": "97856a94c7a1fced0d716fed47bb1d1a4427576ce8945b5f2a8d40cff002f75d"}
