# Focused suites on the revised candidate native execution, committed tree 11a6c7230cb8272098372a7f148ae05ecd1681fb, development hub, unprivileged.

== python3 -B transparent/ops/tests/test_activity_candidate_execution.py
Ran 33 tests in 56.023s
OK

== python3 -B transparent/ops/tests/test_activity_candidate_reports.py
Ran 8 tests in 0.827s
OK

== python3 -B transparent/ops/tests/test_activity_candidate_upload.py
Ran 21 tests in 6.058s
OK

== python3 -B transparent/ops/tests/test_activity_candidate.py
Ran 25 tests in 1.389s
OK

== python3 -B transparent/ops/tests/test_activity_input_stage.py
Ran 33 tests in 5.060s
OK

== python3 -B transparent/ops/tests/test_activity_input_preparation.py
Ran 7 tests in 0.133s
OK

== python3 -B transparent/ops/tests/test_activity_schema_product.py
Ran 42 tests in 0.441s
OK

== python3 -B transparent/ops/tests/test_activity_lock_qualification.py
Ran 8 tests in 6.725s
OK

== python3 -B transparent/ops/tests/test_activity_schema_operation.py
Ran 212 tests in 16.955s
OK

== python3 -B transparent/ops/tests/test_activity_schema_baseline.py
Ran 32 tests in 0.702s
OK

== python3 -B transparent/ops/tests/test_activity_schema_host.py
Ran 39 tests in 0.757s
OK

== python3 -B -m unittest discover -s ops/tests/deploy -p 'test_*.py'
Ran 46 tests in 5.338s
OK

== make check-fast BASE=286b8c0cf15db08e59c20bef581da8919cce49fc
CHECK_STAGE {"stage": "helpers", "seconds": 27.133, "exit": 0}
exit 0

== git diff --check 286b8c0cf15db08e59c20bef581da8919cce49fc HEAD
clean
