# Single-guard mutations of activity_candidate_execution.py and wallet_pir_ops/owner_survey.py at 82e5921a14605efc3add6f57ca59dc875700aab3; each applied to a scratch copy, the named suite classes run with -f.
nonlatest records not parsed                            killed FAILED (failures=1)
schema and host-action namespaces skipped               killed FAILED (failures=1)
owner subdirectories not walked                         killed FAILED (failures=1)
kept start ticks ignored                                killed FAILED (failures=1)
record write time ignored                               killed FAILED (failures=1)
session and group association removed                   killed FAILED (failures=1)
orphan window association removed                       killed FAILED (failures=1)
reparented window association removed                   killed FAILED (failures=1)
unscanned adopter not counted                           killed FAILED (failures=1)
younger adopter not counted                             killed FAILED (failures=1)
service main process not exempt                         killed FAILED (failures=1)
descendant closure removed                              killed FAILED (failures=1)
cgroup association removed                              killed FAILED (failures=1)
earlier boot records not skipped                        killed FAILED (failures=1)
kernel threads scanned                                  killed FAILED (failures=1)
kernel session-0 helpers treated as orphans             killed FAILED (failures=1)
entry overflow ignored                                  killed FAILED (failures=1)
unreadable record ignored                               killed FAILED (failures=1)
owner symlink accepted                                  killed FAILED (failures=1)
reference overflow ignored                              killed FAILED (failures=1)
association not a refusal                               killed FAILED (failures=1)
unattributed operational process not a refusal          killed FAILED (failures=1)
executable class by basename removed                    killed FAILED (failures=1)
class roots removed                                     killed FAILED (failures=1)
baseline unit prefix not exact                          killed FAILED (failures=1)
survey pins not verified                                killed FAILED (failures=1)
local survey failure not retained                       killed FAILED (errors=1)
guardian deadline not enforced                          killed FAILED (errors=1)
guardian not a subreaper                                killed FAILED (failures=1)
native survives guardian death                          killed FAILED (failures=1)
guardian leaves descendants                             killed FAILED (failures=1)
guardian gate bypassed                                  killed FAILED (failures=1)
guardian address-space limit not set                    killed FAILED (failures=1)
guardian-killed descendants accepted                    killed FAILED (failures=1)
receiver wall deadline ignored                          killed FAILED (failures=1)
recovery signals before the lock                        killed FAILED (failures=1)
recovery writes the owner before the lock               killed FAILED (errors=1)
unknown holder reported as own deadline                 killed FAILED (failures=1)
receiver liveness ignored                               killed FAILED (failures=1)
escaped or ambiguous processes ignored under the lock   killed FAILED (failures=1)
own unlocked descendants not stopped                    killed FAILED (failures=1)
