# Single-guard mutations of activity_candidate_execution.py at 11a6c7230cb8272098372a7f148ae05ecd1681fb; each applied to a scratch copy, suite run with -f.
all-host survey skipped before mutation       killed FAILED (errors=1)
host survey replies not verified              killed FAILED (failures=1)
partial survey set accepted                   killed FAILED (failures=1)
stale survey nonce accepted                   killed FAILED (failures=1)
remote lock holder ignored                    killed FAILED (failures=1)
live candidate process ignored                killed FAILED (failures=1)
unfinished remote owner ignored               killed FAILED (failures=1)
missing remote source accepted                killed FAILED (failures=1)
launch gate bypassed                          killed FAILED (failures=1)
address-space limit not set                   killed FAILED (failures=1)
cpu limit not set                             killed FAILED (failures=1)
wall deadline ignored                         killed FAILED (failures=1)
aggregate budget not checked before spawn     killed FAILED (failures=1)
recovery claim not exclusive                  killed FAILED (failures=1)
recovery claim not durable before signals     killed FAILED (errors=1)
foreign lock holder ignored                   killed FAILED (failures=1)
escaped or ambiguous processes ignored        killed FAILED (failures=1)
token not required for own processes          killed FAILED (failures=1)
receiver liveness ignored                     killed FAILED (failures=1)
reconcile survey skipped                      killed FAILED (failures=1)
sampling gap ignored                          killed FAILED (failures=1)
floors ignored                                killed FAILED (failures=1)
table hash not checked before dispatch        killed FAILED (failures=1)
nonzero exit accepted                         killed FAILED (failures=1)
surviving descendants accepted                killed FAILED (failures=1)
180 coverage not enforced                     killed FAILED (failures=1)
host ABI not checked                          killed FAILED (failures=1)
plan digest not required                      killed FAILED (failures=1)
historical candidate accepted                 killed FAILED (failures=1)
coordinator-less host list accepted           killed FAILED (failures=1)
owner fence pointer not written               killed FAILED (failures=1)
lock descriptors not inherited                killed FAILED (errors=1)
child not in its own session                  killed FAILED (failures=1)
reused PID signalled                          killed FAILED (failures=1)
