# Deployed qualification focused checks, attempt-3, 2026-10-04T21:11:23Z, development hub, no host access
# tree 9301dc5d2654da7ee0c2461c1a0e971b1b09cd31 (base 0b0f96fc7f85c611a0c117ab9dad2b48c3e1a7d8)
# module sha256 4be92fff7fe6176d9b3f96a83edb8ebe5e734b94e9d6490ae6a09e93aa79af10
# test sha256 876ce30fd6a4ab56769bfc515dfc96710b13f14e7318d1bcaaf71cd31e32345b; cli sha256 5ab98526496cbddd61a67249f6978e424937bbb28012767512109ad682429fe5
$ python3 -B transparent/ops/tests/test_activity_deployed_qualification.py -v
test_503_restarts_memory_and_window_gates (__main__.CapacityTests.test_503_restarts_memory_and_window_gates) ... ok
test_completed_exact_outcomes_only_count (__main__.CapacityTests.test_completed_exact_outcomes_only_count) ... ok
test_duplicate_malformed_and_misordered_events_fail (__main__.CapacityTests.test_duplicate_malformed_and_misordered_events_fail) ... ok
test_nonzero_or_stopped_exit_fails_despite_complete_rows (__main__.CapacityTests.test_nonzero_or_stopped_exit_fails_despite_complete_rows) ... ok
test_scheduled_without_outcome_and_heavy_timeouts_fail (__main__.CapacityTests.test_scheduled_without_outcome_and_heavy_timeouts_fail) ... ok
test_closed_wrapper_commands (__main__.CliTests.test_closed_wrapper_commands) ... ok
test_plan_through_wrapper_without_live_access (__main__.CliTests.test_plan_through_wrapper_without_live_access) ... ok
test_client_reopen_interrupts_mid_sync_and_resumes_exactly (__main__.ContinuationTests.test_client_reopen_interrupts_mid_sync_and_resumes_exactly) ... ok
test_heavy_continuation_failures_fail_the_trial (__main__.ContinuationTests.test_heavy_continuation_failures_fail_the_trial) ... ok
test_heavy_store_resumes_to_an_exact_native_outcome (__main__.ContinuationTests.test_heavy_store_resumes_to_an_exact_native_outcome) ... ok
test_resume_audits_prior_history_and_bounds_the_worker (__main__.ContinuationTests.test_resume_audits_prior_history_and_bounds_the_worker) ... ok
test_seed_trial_must_be_a_reconciled_trial_of_this_transaction (__main__.ContinuationTests.test_seed_trial_must_be_a_reconciled_trial_of_this_transaction) ... ok
test_commands_are_capped_by_the_deadline (__main__.DeadlineTests.test_commands_are_capped_by_the_deadline) ... ok
test_one_shared_monotonic_bound (__main__.DeadlineTests.test_one_shared_monotonic_bound) ... ok
test_escalation_and_extension_are_fail_closed (__main__.DecisionTests.test_escalation_and_extension_are_fail_closed) ... ok
test_sparse_profiles_extend_and_slow_profiles_fail (__main__.DecisionTests.test_sparse_profiles_extend_and_slow_profiles_fail) ... ok
test_three_passing_trials_with_enough_observations (__main__.DecisionTests.test_three_passing_trials_with_enough_observations) ... ok
test_binds_committed_candidate_and_roles (__main__.DeploymentTests.test_binds_committed_candidate_and_roles) ... ok
test_fault_targets_must_match_deployed_roles (__main__.DeploymentTests.test_fault_targets_must_match_deployed_roles) ... ok
test_refuses_drifted_deployments (__main__.DeploymentTests.test_refuses_drifted_deployments) ... ok
test_rollback_redeploy_binds_both_journals (__main__.DeploymentTests.test_rollback_redeploy_binds_both_journals) ... ok
test_fault_requires_quiescence_and_unchanged_rollback_baselines (__main__.FlowTests.test_fault_requires_quiescence_and_unchanged_rollback_baselines) ... ok
test_freshness_run_retains_failed_intervals_and_resets_on_errors (__main__.FlowTests.test_freshness_run_retains_failed_intervals_and_resets_on_errors) ... ok
test_freshness_violation_refuses_staged_load (__main__.FlowTests.test_freshness_violation_refuses_staged_load) ... ok
test_observations_retain_raw_responses_and_timing (__main__.FlowTests.test_observations_retain_raw_responses_and_timing) ... ok
test_publication_interruption_lands_inside_a_preparation_and_restores_the_publisher (__main__.FlowTests.test_publication_interruption_lands_inside_a_preparation_and_restores_the_publisher) ... ok
test_publication_interruption_refuses_before_the_stop_after_a_delayed_preparation (__main__.FlowTests.test_publication_interruption_refuses_before_the_stop_after_a_delayed_preparation) ... ok
test_recovery_binds_canonical_publication_not_a_stale_map (__main__.FlowTests.test_recovery_binds_canonical_publication_not_a_stale_map) ... ok
test_recovery_is_bounded_by_one_deadline (__main__.FlowTests.test_recovery_is_bounded_by_one_deadline) ... ok
test_remote_fault_unknown_transport_stays_fenced (__main__.FlowTests.test_remote_fault_unknown_transport_stays_fenced) ... ok
test_remote_health_runs_off_the_observation_path (__main__.FlowTests.test_remote_health_runs_off_the_observation_path) ... ok
test_staged_load_escalates_only_after_a_passing_stage (__main__.FlowTests.test_staged_load_escalates_only_after_a_passing_stage) ... ok
test_latency_is_bounded_from_the_last_observation_without_the_block (__main__.FreshnessTests.test_latency_is_bounded_from_the_last_observation_without_the_block) ... ok
test_observation_gaps_never_count_as_fresh (__main__.FreshnessTests.test_observation_gaps_never_count_as_fresh) ... ok
test_overdue_replica_and_reorganization (__main__.FreshnessTests.test_overdue_replica_and_reorganization) ... ok
test_requires_six_hours_and_three_hundred_blocks (__main__.FreshnessTests.test_requires_six_hours_and_three_hundred_blocks) ... ok
test_violation_resets_credit_and_preserves_failed_interval (__main__.FreshnessTests.test_violation_resets_credit_and_preserves_failed_interval) ... ok
test_headroom_restarts_oom_and_quality_supervisor (__main__.HealthTests.test_headroom_restarts_oom_and_quality_supervisor) ... ok
test_a_process_from_an_owner_root_outside_any_unit_is_escaped (__main__.OwnerFindingTests.test_a_process_from_an_owner_root_outside_any_unit_is_escaped) ... ok
test_escaped_descendant_of_a_dead_terminal_owner (__main__.OwnerFindingTests.test_escaped_descendant_of_a_dead_terminal_owner) ... ok
test_every_remote_host_is_reconciled_and_none_exempt (__main__.OwnerFindingTests.test_every_remote_host_is_reconciled_and_none_exempt) ... ok
test_every_retained_record_not_only_the_latest_is_reconciled (__main__.OwnerFindingTests.test_every_retained_record_not_only_the_latest_is_reconciled) ... ok
test_incomplete_or_unknown_scope_refuses (__main__.OwnerFindingTests.test_incomplete_or_unknown_scope_refuses) ... ok
test_terminal_record_with_a_live_recorded_owner_is_not_quiescent (__main__.OwnerFindingTests.test_terminal_record_with_a_live_recorded_owner_is_not_quiescent) ... ok
test_unfinished_fence_and_live_owner_units (__main__.OwnerFindingTests.test_unfinished_fence_and_live_owner_units) ... ok
test_an_unrestored_effect_fails_and_fences_the_result (__main__.OwnerTests.test_an_unrestored_effect_fails_and_fences_the_result) ... ok
test_capacity_trials_include_interrupted_attempts (__main__.OwnerTests.test_capacity_trials_include_interrupted_attempts) ... ok
test_execute_runs_one_owner_and_stays_fenced_until_reconcile (__main__.OwnerTests.test_execute_runs_one_owner_and_stays_fenced_until_reconcile) ... ok
test_launch_requires_reviewed_plan_and_records_intent_before_systemd (__main__.OwnerTests.test_launch_requires_reviewed_plan_and_records_intent_before_systemd) ... ok
test_preflight_holds_the_global_lock (__main__.OwnerTests.test_preflight_holds_the_global_lock) ... ok
test_reconcile_requires_lock_free_of_inheriting_children (__main__.OwnerTests.test_reconcile_requires_lock_free_of_inheriting_children) ... ok
test_reconcile_waits_for_unit_and_owned_descendants (__main__.OwnerTests.test_reconcile_waits_for_unit_and_owned_descendants) ... ok
test_sigterm_records_an_interrupted_result (__main__.OwnerTests.test_sigterm_records_an_interrupted_result) ... ok
test_unrestored_local_publisher_is_restored_by_reconcile (__main__.OwnerTests.test_unrestored_local_publisher_is_restored_by_reconcile) ... ok
test_unrestored_remote_action_stays_fenced_until_remote_restoration (__main__.OwnerTests.test_unrestored_remote_action_stays_fenced_until_remote_restoration) ... ok
test_identity_liveness_and_owned_sessions (__main__.ProcessTests.test_identity_liveness_and_owned_sessions) ... ok
test_receipts_are_written_once_and_sealed (__main__.ProcessTests.test_receipts_are_written_once_and_sealed) ... ok
test_exact_twenty_qps_passes (__main__.RateTests.test_exact_twenty_qps_passes) ... ok
test_logical_failure_or_inexact_answer_fails (__main__.RateTests.test_logical_failure_or_inexact_answer_fails) ... ok
test_rate_latency_mix_and_fixture_gates (__main__.RateTests.test_rate_latency_mix_and_fixture_gates) ... ok
test_recovered_retry_counts_as_transport_attempt (__main__.RateTests.test_recovered_retry_counts_as_transport_attempt) ... ok
test_reply_identity_and_transport_loss (__main__.RemoteCallTests.test_reply_identity_and_transport_loss) ... ok
test_absent_action_is_refused_for_good_and_lock_holders_fence (__main__.RemoteTests.test_absent_action_is_refused_for_good_and_lock_holders_fence) ... ok
test_failed_start_is_restored_within_the_bound_or_stays_fenced (__main__.RemoteTests.test_failed_start_is_restored_within_the_bound_or_stays_fenced) ... ok
test_intent_and_exact_service_precede_each_phase_and_never_replay (__main__.RemoteTests.test_intent_and_exact_service_precede_each_phase_and_never_replay) ... ok
test_read_only_preparation_and_identity_probes (__main__.RemoteTests.test_read_only_preparation_and_identity_probes) ... ok
ok
test_remote_requests_are_closed (__main__.RemoteTests.test_remote_requests_are_closed) ... ok
test_termination_mid_effect_restores_the_owned_service (__main__.RemoteTests.test_termination_mid_effect_restores_the_owned_service) ... ok
test_committed_transaction_binding (__main__.RollbackJournalTests.test_committed_transaction_binding) ... ok
test_real_rollback_then_same_recipe_redeploy (__main__.RollbackJournalTests.test_real_rollback_then_same_recipe_redeploy) ... ok
test_refuses_fabricated_or_changed_rollbacks (__main__.RollbackJournalTests.test_refuses_fabricated_or_changed_rollbacks) ... ok
test_bounds_fit_their_owner_runtimes (__main__.ValidationTests.test_bounds_fit_their_owner_runtimes) ... ok
test_every_kind_accepts_only_closed_fields (__main__.ValidationTests.test_every_kind_accepts_only_closed_fields) ... ok
test_plan_is_deterministic_and_binds_fixed_activity (__main__.ValidationTests.test_plan_is_deterministic_and_binds_fixed_activity) ... ok
test_sample_scripts_and_identities_are_bounded (__main__.ValidationTests.test_sample_scripts_and_identities_are_bounded) ... ok
test_targets_and_compositions_are_the_reviewed_values (__main__.ValidationTests.test_targets_and_compositions_are_the_reviewed_values) ... ok

----------------------------------------------------------------------
Ran 77 tests in <elapsed>

OK
$ python3 -B -m unittest discover -s ops/tests/deploy -p test_*.py
Ran 46 tests in <elapsed>
OK
$ for each transparent/ops/tests/test_activity_*.py: python3 -B <suite>
test_activity_candidate.py: Ran 25 tests in <elapsed> OK
test_activity_candidate_inputs.py: Ran 9 tests in <elapsed> OK
test_activity_candidate_reports.py: Ran 10 tests in <elapsed> OK
test_activity_candidate_upload.py: Ran 21 tests in <elapsed> OK
test_activity_deployed_qualification.py: Ran 77 tests in <elapsed> OK
test_activity_input_preparation.py: Ran 7 tests in <elapsed> OK
test_activity_input_stage.py: Ran 33 tests in <elapsed> OK
test_activity_lock_qualification.py: Ran 8 tests in <elapsed> OK
test_activity_publication_job.py: Ran 9 tests in <elapsed> OK
test_activity_recovery_proof.py: Ran 7 tests in <elapsed> OK
test_activity_schema_baseline.py: Ran 32 tests in <elapsed> OK
test_activity_schema_host.py: Ran 39 tests in <elapsed> OK
test_activity_schema_operation.py: Ran 212 tests in <elapsed> OK
test_activity_schema_product.py: Ran 42 tests in <elapsed> OK
test_activity_schema_reconcile.py: Ran 13 tests in <elapsed> OK
test_activity_schema_routing.py: Ran 33 tests in <elapsed> OK
$ tools/check-doc-links.sh
check-doc-links: 242 files, no broken links
