# Deployed qualification focused checks, 2026-10-04T18:40:36Z, development hub, no host access
# base 0b0f96fc7f85c611a0c117ab9dad2b48c3e1a7d8; module sha256 6e2b333fea9cbc4b25ffc91517f80e4f793700d3d265be9d742f818df52ca01a
# test sha256 abe76f272427bd464c1e3374fe83c3029832ccc71548c2ca9c6ff28acb45d789; cli sha256 589f447ce9970818cb162bd26bcee685e909137d8e3a40b85a963e39b6bc986d
$ python3 -B transparent/ops/tests/test_activity_deployed_qualification.py -v
test_503_restarts_memory_and_window_gates (__main__.CapacityTests.test_503_restarts_memory_and_window_gates) ... ok
test_completed_exact_outcomes_only_count (__main__.CapacityTests.test_completed_exact_outcomes_only_count) ... ok
test_scheduled_without_outcome_and_heavy_timeouts_fail (__main__.CapacityTests.test_scheduled_without_outcome_and_heavy_timeouts_fail) ... ok
test_closed_wrapper_commands (__main__.CliTests.test_closed_wrapper_commands) ... ok
test_plan_through_wrapper_without_live_access (__main__.CliTests.test_plan_through_wrapper_without_live_access) ... ok
test_escalation_and_extension_are_fail_closed (__main__.DecisionTests.test_escalation_and_extension_are_fail_closed) ... ok
test_sparse_profiles_extend_and_slow_profiles_fail (__main__.DecisionTests.test_sparse_profiles_extend_and_slow_profiles_fail) ... ok
test_three_passing_trials_with_enough_observations (__main__.DecisionTests.test_three_passing_trials_with_enough_observations) ... ok
test_binds_committed_candidate_and_roles (__main__.DeploymentTests.test_binds_committed_candidate_and_roles) ... ok
test_fault_targets_must_match_deployed_roles (__main__.DeploymentTests.test_fault_targets_must_match_deployed_roles) ... ok
test_refuses_drifted_deployments (__main__.DeploymentTests.test_refuses_drifted_deployments) ... ok
test_rollback_redeploy_binds_both_journals (__main__.DeploymentTests.test_rollback_redeploy_binds_both_journals) ... ok
test_fault_records_intent_before_effect_and_enforces_recovery_deadline (__main__.FlowTests.test_fault_records_intent_before_effect_and_enforces_recovery_deadline) ... ok
test_freshness_violation_refuses_staged_load (__main__.FlowTests.test_freshness_violation_refuses_staged_load) ... ok
test_staged_load_escalates_only_after_a_passing_stage (__main__.FlowTests.test_staged_load_escalates_only_after_a_passing_stage) ... ok
test_overdue_replica_and_reorganization (__main__.FreshnessTests.test_overdue_replica_and_reorganization) ... ok
test_requires_six_hours_and_three_hundred_blocks (__main__.FreshnessTests.test_requires_six_hours_and_three_hundred_blocks) ... ok
test_violation_resets_credit_and_preserves_failed_interval (__main__.FreshnessTests.test_violation_resets_credit_and_preserves_failed_interval) ... ok
test_headroom_restarts_oom_and_quality_supervisor (__main__.HealthTests.test_headroom_restarts_oom_and_quality_supervisor) ... ok
test_capacity_trials_include_interrupted_attempts (__main__.OwnerTests.test_capacity_trials_include_interrupted_attempts) ... ok
test_execute_runs_one_owner_and_stays_fenced_until_reconcile (__main__.OwnerTests.test_execute_runs_one_owner_and_stays_fenced_until_reconcile) ... ok
test_launch_requires_reviewed_plan_and_records_intent_before_systemd (__main__.OwnerTests.test_launch_requires_reviewed_plan_and_records_intent_before_systemd) ... ok
test_reconcile_waits_for_unit_and_owned_descendants (__main__.OwnerTests.test_reconcile_waits_for_unit_and_owned_descendants) ... ok
test_identity_liveness_and_owned_sessions (__main__.ProcessTests.test_identity_liveness_and_owned_sessions) ... ok
test_receipts_are_written_once_and_sealed (__main__.ProcessTests.test_receipts_are_written_once_and_sealed) ... ok
test_exact_twenty_qps_passes (__main__.RateTests.test_exact_twenty_qps_passes) ... ok
test_logical_failure_or_inexact_answer_fails (__main__.RateTests.test_logical_failure_or_inexact_answer_fails) ... ok
test_rate_latency_mix_and_fixture_gates (__main__.RateTests.test_rate_latency_mix_and_fixture_gates) ... ok
test_recovered_retry_counts_as_transport_attempt (__main__.RateTests.test_recovered_retry_counts_as_transport_attempt) ... ok
test_failed_effect_is_retained_and_unfinished_owner_reconciles (__main__.RemoteTests.test_failed_effect_is_retained_and_unfinished_owner_reconciles) ... ok
test_intent_precedes_effect_and_is_never_replayed (__main__.RemoteTests.test_intent_precedes_effect_and_is_never_replayed) ... ok
test_remote_requests_are_closed (__main__.RemoteTests.test_remote_requests_are_closed) ... ok
test_committed_transaction_binding (__main__.RollbackJournalTests.test_committed_transaction_binding) ... ok
test_real_rollback_then_same_recipe_redeploy (__main__.RollbackJournalTests.test_real_rollback_then_same_recipe_redeploy) ... ok
test_refuses_fabricated_or_changed_rollbacks (__main__.RollbackJournalTests.test_refuses_fabricated_or_changed_rollbacks) ... ok
test_every_kind_accepts_only_closed_fields (__main__.ValidationTests.test_every_kind_accepts_only_closed_fields) ... ok
test_plan_is_deterministic_and_binds_fixed_activity (__main__.ValidationTests.test_plan_is_deterministic_and_binds_fixed_activity) ... ok
test_sample_scripts_and_identities_are_bounded (__main__.ValidationTests.test_sample_scripts_and_identities_are_bounded) ... ok
test_targets_and_compositions_are_the_reviewed_values (__main__.ValidationTests.test_targets_and_compositions_are_the_reviewed_values) ... ok

----------------------------------------------------------------------
Ran 39 tests in 17.774s

OK
$ for each transparent/ops/tests/test_activity_*.py: python3 -B <suite>
test_activity_candidate.py: Ran 25 tests in 0.533s OK
test_activity_candidate_inputs.py: Ran 9 tests in 0.115s OK
test_activity_candidate_reports.py: Ran 10 tests in 1.448s OK
test_activity_candidate_upload.py: Ran 21 tests in 4.650s OK
test_activity_deployed_qualification.py: Ran 39 tests in 17.822s OK
test_activity_input_preparation.py: Ran 7 tests in 0.123s OK
test_activity_input_stage.py: Ran 33 tests in 4.500s OK
test_activity_lock_qualification.py: Ran 8 tests in 6.595s OK
test_activity_publication_job.py: Ran 9 tests in 0.066s OK
test_activity_recovery_proof.py: Ran 7 tests in 0.197s OK
test_activity_schema_baseline.py: Ran 32 tests in 0.582s OK
test_activity_schema_host.py: Ran 39 tests in 0.639s OK
test_activity_schema_operation.py: Ran 212 tests in 15.746s OK
test_activity_schema_product.py: Ran 42 tests in 0.343s OK
test_activity_schema_reconcile.py: Ran 13 tests in 1.122s OK
test_activity_schema_routing.py: Ran 33 tests in 1.443s OK
