# Single-guard mutations of transparent/ops/lib/activity_deployed_qualification.py at tree f0488eb5011d746fed9be23e5c79b3a2c466fc85, 2026-10-04T20:41:48Z
# each mutation replaced one guard, ran test_activity_deployed_qualification.py, then restored the source (sha256 checked)
recovery elapsed after success       killed (suite failed)
recovery attempt fits deadline       killed (suite failed)
remote terminal excludes failed      killed (suite failed)
restore never starts a foreign stop  killed (suite failed)
restored executable identity         killed (suite failed)
coordinator requires restoration     killed (suite failed)
absent action tombstone              killed (suite failed)
restore attempt limit                killed (suite failed)
remote ignores SSH hangup            killed (suite failed)
live recorded owner identity         killed (suite failed)
live bare owner PID                  killed (suite failed)
owner unit cgroup quiescence         killed (suite failed)
probe takes the host lock            killed (suite failed)
preflight holds the global lock      killed (suite failed)
children quiescent before effect     killed (suite failed)
reply identity is unknown            killed (suite failed)
capacity exit code                   killed (suite failed)
wallet clock order                   killed (suite failed)
duplicate wallet events              killed (suite failed)
worker serves canonical map          killed (suite failed)
sealed prefix unchanged              killed (suite failed)
unfaulted incarnation unchanged      killed (suite failed)
rollback baselines unchanged         killed (suite failed)
freshness observation gap            killed (suite failed)
conservative birth bound             killed (suite failed)
stop inside preparation              killed (suite failed)
unrestored effect fences result      killed (suite failed)
stage fits owner deadline            killed (suite failed)
rate floor                           killed (suite failed)
logical failures                     killed (suite failed)
closed request fields                killed (suite failed)
freshness interval reset             killed (suite failed)
exact-only completion                killed (suite failed)
503 gate                             killed (suite failed)
100 observations                     killed (suite failed)
level escalation                     killed (suite failed)
rollback phase budget                killed (suite failed)
reviewed plan digest                 killed (suite failed)
quality supervisor stopped           killed (suite failed)
observe-only scaler                  killed (suite failed)
every retained owner record          killed (suite failed)
owner record bound                   killed (suite failed)
unknown owner record refuses         killed (suite failed)
unreadable process table refuses     killed (suite failed)
nested recorded owners               killed (suite failed)
escaped session member               killed (suite failed)
escaped predates owner record        killed (suite failed)
owner-root escape                    killed (suite failed)
pre-resume audit                     killed (suite failed)
continuation exactness               killed (suite failed)
heavy continuation fails trial       killed (suite failed)
continuation bound                   killed (suite failed)
interrupted mid-sync                 killed (suite failed)
seed anchor binding                  killed (suite failed)
seed trial reconciled                killed (suite failed)
mutations: 55, survived: 0
transparent/ops/lib/activity_deployed_qualification.py: OK
