# Single-guard mutations of transparent/ops/lib/activity_deployed_qualification.py at tree bf62300d3b7ef94d8cdee749d3b6f9ca9dfb69fb, 2026-10-04T19:56:11Z
# each mutation replaced one guard, ran test_activity_deployed_qualification.py, then restored the source (sha256 checked)
recovery elapsed after success       killed (suite failed)
recovery attempt fits deadline       killed (suite failed)
remote terminal excludes failed      killed (suite failed)
restore never starts a foreign stop  killed (suite failed)
restored executable identity         killed (suite failed)
coordinator requires restoration     killed (suite failed)
absent action tombstone              killed (suite failed)
restore attempt limit                killed (suite failed)
remote ignores SSH hangup            killed (suite failed)
live recorded owner identity         killed (suite failed)
live bare owner PID                  killed (suite failed)
owner unit cgroup quiescence         killed (suite failed)
probe takes the host lock            killed (suite failed)
preflight holds the global lock      killed (suite failed)
children quiescent before effect     killed (suite failed)
reply identity is unknown            killed (suite failed)
capacity exit code                   killed (suite failed)
wallet clock order                   killed (suite failed)
duplicate wallet events              killed (suite failed)
worker serves canonical map          killed (suite failed)
sealed prefix unchanged              killed (suite failed)
unfaulted incarnation unchanged      killed (suite failed)
rollback baselines unchanged         killed (suite failed)
freshness observation gap            killed (suite failed)
conservative birth bound             killed (suite failed)
stop inside preparation              killed (suite failed)
unrestored effect fences result      killed (suite failed)
stage fits owner deadline            killed (suite failed)
rate floor                           killed (suite failed)
logical failures                     killed (suite failed)
closed request fields                killed (suite failed)
freshness interval reset             killed (suite failed)
exact-only completion                killed (suite failed)
503 gate                             killed (suite failed)
100 observations                     killed (suite failed)
level escalation                     killed (suite failed)
rollback phase budget                killed (suite failed)
reviewed plan digest                 killed (suite failed)
quality supervisor stopped           killed (suite failed)
observe-only scaler                  killed (suite failed)
mutations: 40, survived: 0
transparent/ops/lib/activity_deployed_qualification.py: OK
