journal 0-3499341, archive-wide below 3262749 at SealPolicy { scripts: Limit { target: 1629038, capacity: 1900544 }, page_rows: Limit { target: 63488, capacity: 65536 } }, recent-4k-8k from 3262749 at SealPolicy { scripts: Limit { target: 203630, capacity: 237568 }, page_rows: Limit { target: 7936, capacity: 8192 } }
shard   0 0-18158 (18159 blocks) scripts 102844 pages 63501 events 4439418 segments 1/1 sealed
shard   1 18159-35505 (17347 blocks) scripts 55640 pages 63497 events 4707490 segments 1/1 sealed
shard   2 35506-58445 (22940 blocks) scripts 63483 pages 63490 events 4842577 segments 1/1 sealed
shard   3 58446-79114 (20669 blocks) scripts 62789 pages 63492 events 4663973 segments 1/1 sealed
shard   4 79115-99161 (20047 blocks) scripts 85193 pages 63491 events 4761347 segments 1/1 sealed
shard   5 99162-106642 (7481 blocks) scripts 56623 pages 63552 events 3882955 segments 1/1 sealed
shard   6 106643-107419 (777 blocks) scripts 32083 pages 63673 events 3300328 segments 1/1 sealed
shard   7 107420-108141 (722 blocks) scripts 31254 pages 63493 events 3314986 segments 1/1 sealed
shard   8 108142-122078 (13937 blocks) scripts 100182 pages 63492 events 4477487 segments 1/1 sealed
shard   9 122079-136132 (14054 blocks) scripts 156661 pages 63500 events 4814599 segments 1/1 sealed
shard  10 136133-149842 (13710 blocks) scripts 178851 pages 63489 events 5001274 segments 1/1 sealed
shard  11 149843-162758 (12916 blocks) scripts 171723 pages 63494 events 4818844 segments 1/1 sealed
shard  12 162759-171576 (8818 blocks) scripts 176659 pages 63506 events 4401495 segments 1/1 sealed
shard  13 171577-183131 (11555 blocks) scripts 193929 pages 63519 events 4797555 segments 1/1 sealed
shard  14 183132-192030 (8899 blocks) scripts 189631 pages 63489 events 4532296 segments 1/1 sealed
shard  15 192031-200465 (8435 blocks) scripts 204489 pages 63541 events 4522953 segments 1/1 sealed
shard  16 200466-208949 (8484 blocks) scripts 180018 pages 63499 events 4490573 segments 1/1 sealed
shard  17 208950-218111 (9162 blocks) scripts 201125 pages 63574 events 4616108 segments 1/1 sealed
shard  18 218112-226704 (8593 blocks) scripts 218584 pages 63491 events 4587823 segments 1/1 sealed
shard  19 226705-234477 (7773 blocks) scripts 241837 pages 63493 events 4628377 segments 1/1 sealed
shard  20 234478-240851 (6374 blocks) scripts 300558 pages 63508 events 4712176 segments 1/1 sealed
shard  21 240852-246540 (5689 blocks) scripts 272981 pages 63505 events 4554119 segments 1/1 sealed
shard  22 246541-254026 (7486 blocks) scripts 329390 pages 63490 events 4910683 segments 1/1 sealed
shard  23 254027-261655 (7629 blocks) scripts 286057 pages 63488 events 4861482 segments 1/1 sealed
shard  24 261656-269154 (7499 blocks) scripts 280295 pages 63491 events 4770910 segments 1/1 sealed
shard  25 269155-276988 (7834 blocks) scripts 267537 pages 63489 events 4805893 segments 1/1 sealed
shard  26 276989-284013 (7025 blocks) scripts 243000 pages 63499 events 4585871 segments 1/1 sealed
shard  27 284014-293865 (9852 blocks) scripts 242199 pages 63492 events 4899275 segments 1/1 sealed
shard  28 293866-301802 (7937 blocks) scripts 207515 pages 63488 events 4554692 segments 1/1 sealed
shard  29 301803-311458 (9656 blocks) scripts 230232 pages 63494 events 4846215 segments 1/1 sealed
shard  30 311459-318556 (7098 blocks) scripts 213924 pages 63492 events 4499563 segments 1/1 sealed
shard  31 318557-324012 (5456 blocks) scripts 207789 pages 63520 events 4266136 segments 1/1 sealed
shard  32 324013-327902 (3890 blocks) scripts 230465 pages 63550 events 4059395 segments 1/1 sealed
shard  33 327903-332463 (4561 blocks) scripts 203648 pages 63514 events 4152869 segments 1/1 sealed
shard  34 332464-337026 (4563 blocks) scripts 196803 pages 63523 events 4111982 segments 1/1 sealed
shard  35 337027-341371 (4345 blocks) scripts 172169 pages 63493 events 3936645 segments 1/1 sealed
shard  36 341372-346239 (4868 blocks) scripts 156958 pages 63488 events 3889996 segments 1/1 sealed
shard  37 346240-357529 (11290 blocks) scripts 182497 pages 63513 events 4398102 segments 1/1 sealed
shard  38 357530-364464 (6935 blocks) scripts 169611 pages 63490 events 3928601 segments 1/1 sealed
shard  39 364465-389335 (24871 blocks) scripts 233602 pages 63488 events 4774076 segments 1/1 sealed
shard  40 389336-424248 (34913 blocks) scripts 261955 pages 63493 events 4751463 segments 1/1 sealed
shard  41 424249-461933 (37685 blocks) scripts 228609 pages 63496 events 4562754 segments 1/1 sealed
shard  42 461934-494025 (32092 blocks) scripts 181126 pages 63491 events 4237736 segments 1/1 sealed
shard  43 494026-540495 (46470 blocks) scripts 301350 pages 63542 events 4628866 segments 1/1 sealed
shard  44 540496-584824 (44329 blocks) scripts 388497 pages 63489 events 4737939 segments 1/1 sealed
shard  45 584825-601443 (16619 blocks) scripts 234465 pages 63594 events 3947961 segments 1/1 sealed
shard  46 601444-612750 (11307 blocks) scripts 124431 pages 63494 events 3607434 segments 1/1 sealed
shard  47 612751-680889 (68139 blocks) scripts 240409 pages 63489 events 4418897 segments 1/1 sealed
shard  48 680890-786549 (105660 blocks) scripts 261680 pages 63488 events 4423002 segments 1/1 sealed
shard  49 786550-885426 (98877 blocks) scripts 398325 pages 63488 events 4532304 segments 1/1 sealed
shard  50 885427-973646 (88220 blocks) scripts 374284 pages 63490 events 4925133 segments 1/1 sealed
shard  51 973647-1038558 (64912 blocks) scripts 312249 pages 63491 events 4934900 segments 1/1 sealed
shard  52 1038559-1100448 (61890 blocks) scripts 328179 pages 63488 events 4824103 segments 1/1 sealed
shard  53 1100449-1140294 (39846 blocks) scripts 300475 pages 63491 events 4452595 segments 1/1 sealed
shard  54 1140295-1189738 (49444 blocks) scripts 367256 pages 63488 events 4885687 segments 1/1 sealed
shard  55 1189739-1230629 (40891 blocks) scripts 369500 pages 63490 events 4838327 segments 1/1 sealed
shard  56 1230630-1285049 (54420 blocks) scripts 390733 pages 63492 events 5278736 segments 1/1 sealed
shard  57 1285050-1338042 (52993 blocks) scripts 295209 pages 63488 events 4718139 segments 1/1 sealed
shard  58 1338043-1388681 (50639 blocks) scripts 304091 pages 63489 events 4443280 segments 1/1 sealed
shard  59 1388682-1464745 (76064 blocks) scripts 409709 pages 63534 events 5015904 segments 1/1 sealed
shard  60 1464746-1549336 (84591 blocks) scripts 402027 pages 63488 events 5193992 segments 1/1 sealed
shard  61 1549337-1594370 (45034 blocks) scripts 285275 pages 63593 events 4306306 segments 1/1 sealed
shard  62 1594371-1678611 (84241 blocks) scripts 390150 pages 63532 events 4990434 segments 1/1 sealed
shard  63 1678612-1785869 (107258 blocks) scripts 399742 pages 63543 events 5046008 segments 1/1 sealed
shard  64 1785870-1856932 (71063 blocks) scripts 239987 pages 63488 events 4267105 segments 1/1 sealed
shard  65 1856933-1869842 (12910 blocks) scripts 143905 pages 63490 events 3561211 segments 1/1 sealed
shard  66 1869843-1886831 (16989 blocks) scripts 150349 pages 63489 events 3594044 segments 1/1 sealed
shard  67 1886832-2014621 (127790 blocks) scripts 363948 pages 63488 events 5153934 segments 1/1 sealed
shard  68 2014622-2148295 (133674 blocks) scripts 324663 pages 63488 events 5104826 segments 1/1 sealed
shard  69 2148296-2228756 (80461 blocks) scripts 139492 pages 63488 events 4722689 segments 1/1 sealed
shard  70 2228757-2291450 (62694 blocks) scripts 104891 pages 63488 events 4729866 segments 1/1 sealed
shard  71 2291451-2475555 (184105 blocks) scripts 248776 pages 63488 events 4760371 segments 1/1 sealed
shard  72 2475556-2580325 (104770 blocks) scripts 154448 pages 63495 events 4926554 segments 1/1 sealed
shard  73 2580326-2656245 (75920 blocks) scripts 96154 pages 63488 events 4877487 segments 1/1 sealed
shard  74 2656246-2892167 (235922 blocks) scripts 198268 pages 63489 events 4749693 segments 1/1 sealed
shard  75 2892168-3142617 (250450 blocks) scripts 369894 pages 63543 events 4618261 segments 1/1 sealed
shard  76 3142618-3262748 (120131 blocks) scripts 256160 pages 36372 events 2798576 segments 1/1 sealed
shard  77 3262749-3293846 (31098 blocks) scripts 57218 pages 7936 events 611710 segments 1/1 sealed
shard  78 3293847-3327479 (33633 blocks) scripts 57661 pages 7936 events 620740 segments 1/1 sealed
shard  79 3327480-3346250 (18771 blocks) scripts 76944 pages 7936 events 647927 segments 1/1 sealed
shard  80 3346251-3373767 (27517 blocks) scripts 69220 pages 7940 events 616605 segments 1/1 sealed
shard  81 3373768-3414409 (40642 blocks) scripts 61886 pages 7936 events 614540 segments 1/1 sealed
shard  82 3414410-3455507 (41098 blocks) scripts 62582 pages 7939 events 604032 segments 1/1 sealed
shard  83 3455508-3478773 (23266 blocks) scripts 86031 pages 7936 events 633455 segments 1/1 sealed
shard  84 3478774-3494910 (16137 blocks) scripts 87757 pages 7936 events 643136 segments 1/1 sealed
shard  85 3494911-3499341 (4431 blocks) scripts 21810 pages 1341 events 115823 segments 1/1 TAIL r0
published 86 shards covering 0-3499341; filters ~45.63 MB
