checking unused-p2pkh (unused)
checking unused-p2sh (unused-p2sh)
checking small-active (small-active)
checking zero-balance (zero-balance)
checking old-receive-recent-spend (cross-tier)
checking offline-receive-spend (offline)
checking active-p2sh (p2sh)
checking reused-pages (reused-script)
checking multi-script-self-transfer (multi-script)
checking recent-birthday (recent-restore)
checking coinbase (coinbase)
	Command being timed: "target/release-fast/transparent-regression --fixture transparent/tools/transparent-regression/fixtures/mainnet.json --shard-url https://transparent-pir.valargroup.dev --filter-url https://enhance-pir.valargroup.dev --source-sha 66b0b9fb20bfd112e6f083f5097bdb1e90ba7cde --out-dir regression"
	User time (seconds): 55.84
	System time (seconds): 4.38
	Percent of CPU this job got: 13%
	Elapsed (wall clock) time (h:mm:ss or m:ss): 7:10.27
	Average shared text size (kbytes): 0
	Average unshared data size (kbytes): 0
	Average stack size (kbytes): 0
	Average total size (kbytes): 0
	Maximum resident set size (kbytes): 123800
	Average resident set size (kbytes): 0
	Major (requiring I/O) page faults: 0
	Minor (reclaiming a frame) page faults: 313606
	Voluntary context switches: 109564
	Involuntary context switches: 10497
	Swaps: 0
	File system inputs: 32
	File system outputs: 2213520
	Socket messages sent: 0
	Socket messages received: 0
	Signals delivered: 0
	Page size (bytes): 4096
	Exit status: 0
exit 0
