Sep 11 14:00:52 transparent-pir-recent-01 transparent-shard-server[855970]: 2026-09-11T14:00:52.406800Z  INFO transparent_shard_server::service: prewarm finished warm=28 target=28 failed=0 seconds=4.646318839
Sep 11 14:00:52 transparent-pir-recent-01 transparent-shard-server[855970]: 2026-09-11T14:00:52.406851Z  INFO transparent_shard_server::live: publication preparation stages map=bda18c5fc97198387a03879f7889a641daa02edbfa379c3e154ab20848eeea37 loading_seconds=1.090547862 warming_seconds=4.646385259
Sep 11 14:09:52 transparent-pir-recent-01 transparent-shard-server[855970]: 2026-09-11T14:09:52.643211Z  INFO transparent_shard_server::runtime::disk: runtime disk collection stages lock_wait_seconds=3.1176e-5 pruning_seconds=0.000264032 freed_bytes=268370048
Sep 11 14:09:52 transparent-pir-recent-01 transparent-shard-server[855970]: 2026-09-11T14:09:52.662785Z  INFO transparent_shard_server::live: publication collection stages snapshot_seconds=0.000854065 disk_seconds=0.000368056 directory_seconds=0.019499645 disk_freed_bytes=268370048
Sep 11 14:09:54 transparent-pir-recent-01 transparent-shard-server[855970]: 2026-09-11T14:09:54.755510Z  INFO transparent_shard_server::live: publication loading task started map=c63709263519396cf65ab66e80af1d6c41284803a3c87541ed592e79a9c2dcc7 queue_seconds=3.8697e-5
Sep 11 14:09:54 transparent-pir-recent-01 transparent-shard-server[855970]: 2026-09-11T14:09:54.828120Z  INFO transparent_shard_server::runtime: retired runtime memory reclaimed rss_before=5225324544 rss_after=4672413696
Sep 11 14:09:54 transparent-pir-recent-01 transparent-shard-server[855970]: 2026-09-11T14:09:54.828190Z  INFO transparent_shard_server::live: publication runtime eviction finished map=c63709263519396cf65ab66e80af1d6c41284803a3c87541ed592e79a9c2dcc7 seconds=0.072628017
Sep 11 14:09:55 transparent-pir-recent-01 transparent-shard-server[855970]: 2026-09-11T14:09:55.899279Z  WARN transparent_shard_server::filecache: public artifact cache advice delayed fd=17 seconds=0.264880843
Sep 11 14:09:59 transparent-pir-recent-01 transparent-shard-server[855970]: 2026-09-11T14:09:59.852884Z  WARN transparent_shard_server::filecache: public artifact cache advice delayed fd=12 seconds=3.771477088
Sep 11 14:09:59 transparent-pir-recent-01 transparent-shard-server[855970]: 2026-09-11T14:09:59.853289Z  INFO transparent_shard_server::live: publication shard loading finished map=c63709263519396cf65ab66e80af1d6c41284803a3c87541ed592e79a9c2dcc7 seconds=5.025084415
Sep 11 14:09:59 transparent-pir-recent-01 transparent-shard-server[855970]: 2026-09-11T14:09:59.853344Z  INFO transparent_shard_server::live: publication service construction finished map=c63709263519396cf65ab66e80af1d6c41284803a3c87541ed592e79a9c2dcc7 seconds=3.0947e-5 succeeded=true
Sep 11 14:10:05 transparent-pir-recent-01 transparent-shard-server[855970]: 2026-09-11T14:10:05.836394Z  INFO transparent_shard_server::service: prewarm finished warm=28 target=28 failed=0 seconds=5.982941753
Sep 11 14:10:05 transparent-pir-recent-01 transparent-shard-server[855970]: 2026-09-11T14:10:05.838896Z  INFO transparent_shard_server::live: publication preparation stages map=c63709263519396cf65ab66e80af1d6c41284803a3c87541ed592e79a9c2dcc7 loading_seconds=5.09796572 warming_seconds=5.985417971
Sep 11 14:12:13 transparent-pir-recent-01 transparent-shard-server[855970]: 2026-09-11T14:12:13.629159Z  INFO transparent_shard_server::runtime::disk: runtime disk collection stages lock_wait_seconds=4.7679e-5 pruning_seconds=0.000269837 freed_bytes=268370048
Sep 11 14:12:13 transparent-pir-recent-01 transparent-shard-server[855970]: 2026-09-11T14:12:13.647682Z  INFO transparent_shard_server::live: publication collection stages snapshot_seconds=0.003557626 disk_seconds=0.000371757 directory_seconds=0.018468824 disk_freed_bytes=268370048
Sep 11 14:12:15 transparent-pir-recent-01 transparent-shard-server[855970]: 2026-09-11T14:12:15.873607Z  INFO transparent_shard_server::live: publication loading task started map=142864bb9326c2557b11e9bf7ae9a786e9d68562f474b593a65ed77bb802ff8a queue_seconds=7.9692e-5
Sep 11 14:12:15 transparent-pir-recent-01 transparent-shard-server[855970]: 2026-09-11T14:12:15.966723Z  INFO transparent_shard_server::runtime: retired runtime memory reclaimed rss_before=5267918848 rss_after=4628815872
Sep 11 14:12:15 transparent-pir-recent-01 transparent-shard-server[855970]: 2026-09-11T14:12:15.966777Z  INFO transparent_shard_server::live: publication runtime eviction finished map=142864bb9326c2557b11e9bf7ae9a786e9d68562f474b593a65ed77bb802ff8a seconds=0.093113309
Sep 11 14:12:16 transparent-pir-recent-01 transparent-shard-server[855970]: 2026-09-11T14:12:16.996833Z  INFO transparent_shard_server::live: publication shard loading finished map=142864bb9326c2557b11e9bf7ae9a786e9d68562f474b593a65ed77bb802ff8a seconds=1.030035394
Sep 11 14:12:16 transparent-pir-recent-01 transparent-shard-server[855970]: 2026-09-11T14:12:16.997816Z  INFO transparent_shard_server::live: publication service construction finished map=142864bb9326c2557b11e9bf7ae9a786e9d68562f474b593a65ed77bb802ff8a seconds=4.1914e-5 succeeded=true
Sep 11 14:12:21 transparent-pir-recent-01 transparent-shard-server[855970]: 2026-09-11T14:12:21.544024Z  INFO transparent_shard_server::service: prewarm finished warm=28 target=28 failed=0 seconds=4.545954982
Sep 11 14:12:21 transparent-pir-recent-01 transparent-shard-server[855970]: 2026-09-11T14:12:21.544086Z  INFO transparent_shard_server::live: publication preparation stages map=142864bb9326c2557b11e9bf7ae9a786e9d68562f474b593a65ed77bb802ff8a loading_seconds=1.124532046 warming_seconds=4.546031536
Sep 11 14:14:50 transparent-pir-recent-01 transparent-shard-server[855970]: 2026-09-11T14:14:50.904782Z  INFO transparent_shard_server::runtime::disk: runtime disk collection stages lock_wait_seconds=3.5992e-5 pruning_seconds=0.00032429 freed_bytes=268370048
Sep 11 14:14:50 transparent-pir-recent-01 transparent-shard-server[855970]: 2026-09-11T14:14:50.929536Z  INFO transparent_shard_server::live: publication collection stages snapshot_seconds=0.001003328 disk_seconds=0.000997182 directory_seconds=0.024115348 disk_freed_bytes=268370048
Sep 11 14:14:52 transparent-pir-recent-01 transparent-shard-server[855970]: 2026-09-11T14:14:52.995241Z  INFO transparent_shard_server::live: publication loading task started map=591ea250884d96dcdef52b658e812610915f7457a7e41ccfd36af75c9b99ac91 queue_seconds=3.4128e-5
Sep 11 14:14:53 transparent-pir-recent-01 transparent-shard-server[855970]: 2026-09-11T14:14:53.075629Z  INFO transparent_shard_server::runtime: retired runtime memory reclaimed rss_before=5188689920 rss_after=4633206784
Sep 11 14:14:53 transparent-pir-recent-01 transparent-shard-server[855970]: 2026-09-11T14:14:53.075675Z  INFO transparent_shard_server::live: publication runtime eviction finished map=591ea250884d96dcdef52b658e812610915f7457a7e41ccfd36af75c9b99ac91 seconds=0.08038373
Sep 11 14:14:53 transparent-pir-recent-01 transparent-shard-server[855970]: 2026-09-11T14:14:53.993539Z  INFO transparent_shard_server::live: publication shard loading finished map=591ea250884d96dcdef52b658e812610915f7457a7e41ccfd36af75c9b99ac91 seconds=0.91784614
Sep 11 14:14:53 transparent-pir-recent-01 transparent-shard-server[855970]: 2026-09-11T14:14:53.994063Z  INFO transparent_shard_server::live: publication service construction finished map=591ea250884d96dcdef52b658e812610915f7457a7e41ccfd36af75c9b99ac91 seconds=3.9865e-5 succeeded=true
Sep 11 14:14:59 transparent-pir-recent-01 transparent-shard-server[855970]: 2026-09-11T14:14:59.651547Z  INFO transparent_shard_server::service: prewarm finished warm=28 target=28 failed=0 seconds=5.657145214
Sep 11 14:14:59 transparent-pir-recent-01 transparent-shard-server[855970]: 2026-09-11T14:14:59.651610Z  INFO transparent_shard_server::live: publication preparation stages map=591ea250884d96dcdef52b658e812610915f7457a7e41ccfd36af75c9b99ac91 loading_seconds=0.999193786 warming_seconds=5.657221286
Sep 11 14:15:44 transparent-pir-recent-01 transparent-shard-server[855970]: 2026-09-11T14:15:44.940817Z  INFO transparent_shard_server::runtime::disk: runtime disk collection stages lock_wait_seconds=4.0269e-5 pruning_seconds=0.000319784 freed_bytes=268370048
Sep 11 14:15:44 transparent-pir-recent-01 transparent-shard-server[855970]: 2026-09-11T14:15:44.955930Z  INFO transparent_shard_server::live: publication collection stages snapshot_seconds=0.001221586 disk_seconds=0.00041284 directory_seconds=0.015056861 disk_freed_bytes=268370048
Sep 11 14:15:46 transparent-pir-recent-01 transparent-shard-server[855970]: 2026-09-11T14:15:46.663515Z  INFO transparent_shard_server::live: publication loading task started map=83c2e9f4f1d1260a1cd108c73a8cf9ac6e30d1600bcffab679ecf0acc68aa18a queue_seconds=4.4997e-5
Sep 11 14:15:46 transparent-pir-recent-01 transparent-shard-server[855970]: 2026-09-11T14:15:46.769903Z  INFO transparent_shard_server::runtime: retired runtime memory reclaimed rss_before=5116641280 rss_after=4599595008
Sep 11 14:15:46 transparent-pir-recent-01 transparent-shard-server[855970]: 2026-09-11T14:15:46.769959Z  INFO transparent_shard_server::live: publication runtime eviction finished map=83c2e9f4f1d1260a1cd108c73a8cf9ac6e30d1600bcffab679ecf0acc68aa18a seconds=0.106387612
Sep 11 14:15:47 transparent-pir-recent-01 transparent-shard-server[855970]: 2026-09-11T14:15:47.748615Z  WARN transparent_shard_server::filecache: public artifact cache advice delayed fd=14 seconds=0.288922855
Sep 11 14:15:47 transparent-pir-recent-01 transparent-shard-server[855970]: 2026-09-11T14:15:47.933931Z  INFO transparent_shard_server::live: publication shard loading finished map=83c2e9f4f1d1260a1cd108c73a8cf9ac6e30d1600bcffab679ecf0acc68aa18a seconds=1.163953179
Sep 11 14:15:47 transparent-pir-recent-01 transparent-shard-server[855970]: 2026-09-11T14:15:47.934004Z  INFO transparent_shard_server::live: publication service construction finished map=83c2e9f4f1d1260a1cd108c73a8cf9ac6e30d1600bcffab679ecf0acc68aa18a seconds=2.8392e-5 succeeded=true
Sep 11 14:15:52 transparent-pir-recent-01 transparent-shard-server[855970]: 2026-09-11T14:15:52.447763Z  INFO transparent_shard_server::service: prewarm finished warm=28 target=28 failed=0 seconds=4.513530818
Sep 11 14:15:52 transparent-pir-recent-01 transparent-shard-server[855970]: 2026-09-11T14:15:52.447817Z  INFO transparent_shard_server::live: publication preparation stages map=83c2e9f4f1d1260a1cd108c73a8cf9ac6e30d1600bcffab679ecf0acc68aa18a loading_seconds=1.270754165 warming_seconds=4.513598001
Sep 11 14:17:04 transparent-pir-recent-01 transparent-shard-server[855970]: 2026-09-11T14:17:04.189232Z  INFO transparent_shard_server::runtime::disk: runtime disk collection stages lock_wait_seconds=3.8664e-5 pruning_seconds=0.00030206 freed_bytes=268370048
Sep 11 14:17:04 transparent-pir-recent-01 transparent-shard-server[855970]: 2026-09-11T14:17:04.220763Z  INFO transparent_shard_server::live: publication collection stages snapshot_seconds=0.001083996 disk_seconds=0.000410142 directory_seconds=0.031461004 disk_freed_bytes=268370048
Sep 11 14:17:07 transparent-pir-recent-01 transparent-shard-server[855970]: 2026-09-11T14:17:07.116550Z  INFO transparent_shard_server::live: publication loading task started map=810132644bce296bb456e5ecf2588bfd5dec33516235b9ef94c901cc095ef8da queue_seconds=3.3397e-5
Sep 11 14:17:07 transparent-pir-recent-01 transparent-shard-server[855970]: 2026-09-11T14:17:07.205171Z  INFO transparent_shard_server::runtime: retired runtime memory reclaimed rss_before=5198659584 rss_after=4618874880
Sep 11 14:17:07 transparent-pir-recent-01 transparent-shard-server[855970]: 2026-09-11T14:17:07.205216Z  INFO transparent_shard_server::live: publication runtime eviction finished map=810132644bce296bb456e5ecf2588bfd5dec33516235b9ef94c901cc095ef8da seconds=0.088619611
Sep 11 14:17:08 transparent-pir-recent-01 transparent-shard-server[855970]: 2026-09-11T14:17:08.109814Z  INFO transparent_shard_server::live: publication shard loading finished map=810132644bce296bb456e5ecf2588bfd5dec33516235b9ef94c901cc095ef8da seconds=0.904580416
Sep 11 14:17:08 transparent-pir-recent-01 transparent-shard-server[855970]: 2026-09-11T14:17:08.109890Z  INFO transparent_shard_server::live: publication service construction finished map=810132644bce296bb456e5ecf2588bfd5dec33516235b9ef94c901cc095ef8da seconds=2.6484e-5 succeeded=true
Sep 11 14:17:12 transparent-pir-recent-01 transparent-shard-server[855970]: 2026-09-11T14:17:12.623407Z  INFO transparent_shard_server::service: prewarm finished warm=28 target=28 failed=0 seconds=4.512389501
Sep 11 14:17:12 transparent-pir-recent-01 transparent-shard-server[855970]: 2026-09-11T14:17:12.623477Z  INFO transparent_shard_server::live: publication preparation stages map=810132644bce296bb456e5ecf2588bfd5dec33516235b9ef94c901cc095ef8da loading_seconds=0.994490579 warming_seconds=4.512475192
Sep 11 14:18:27 transparent-pir-recent-01 transparent-shard-server[855970]: 2026-09-11T14:18:27.759239Z  INFO transparent_shard_server::runtime::disk: runtime disk collection stages lock_wait_seconds=4.4409e-5 pruning_seconds=0.000372438 freed_bytes=268370048
Sep 11 14:18:27 transparent-pir-recent-01 transparent-shard-server[855970]: 2026-09-11T14:18:27.781685Z  INFO transparent_shard_server::live: publication collection stages snapshot_seconds=0.001543035 disk_seconds=0.000486873 directory_seconds=0.022376552 disk_freed_bytes=268370048
Sep 11 14:18:29 transparent-pir-recent-01 transparent-shard-server[855970]: 2026-09-11T14:18:29.935461Z  INFO transparent_shard_server::live: publication loading task started map=f5d3cc17f6179c309d3374a0828eb8b31225225a794775b07b6e296ed0f36304 queue_seconds=2.1828e-5
Sep 11 14:18:30 transparent-pir-recent-01 transparent-shard-server[855970]: 2026-09-11T14:18:30.026943Z  INFO transparent_shard_server::runtime: retired runtime memory reclaimed rss_before=5198012416 rss_after=4612313088
Sep 11 14:18:30 transparent-pir-recent-01 transparent-shard-server[855970]: 2026-09-11T14:18:30.027003Z  INFO transparent_shard_server::live: publication runtime eviction finished map=f5d3cc17f6179c309d3374a0828eb8b31225225a794775b07b6e296ed0f36304 seconds=0.091487968
Sep 11 14:18:30 transparent-pir-recent-01 transparent-shard-server[855970]: 2026-09-11T14:18:30.974820Z  INFO transparent_shard_server::live: publication shard loading finished map=f5d3cc17f6179c309d3374a0828eb8b31225225a794775b07b6e296ed0f36304 seconds=0.947799044
Sep 11 14:18:30 transparent-pir-recent-01 transparent-shard-server[855970]: 2026-09-11T14:18:30.974894Z  INFO transparent_shard_server::live: publication service construction finished map=f5d3cc17f6179c309d3374a0828eb8b31225225a794775b07b6e296ed0f36304 seconds=2.325e-5 succeeded=true
Sep 11 14:18:35 transparent-pir-recent-01 transparent-shard-server[855970]: 2026-09-11T14:18:35.432068Z  INFO transparent_shard_server::service: prewarm finished warm=28 target=28 failed=0 seconds=4.457016589
Sep 11 14:18:35 transparent-pir-recent-01 transparent-shard-server[855970]: 2026-09-11T14:18:35.432148Z  INFO transparent_shard_server::live: publication preparation stages map=f5d3cc17f6179c309d3374a0828eb8b31225225a794775b07b6e296ed0f36304 loading_seconds=1.039606606 warming_seconds=4.457113061
Sep 11 14:19:22 transparent-pir-recent-01 transparent-shard-server[855970]: 2026-09-11T14:19:22.101379Z  INFO transparent_shard_server::runtime::disk: runtime disk collection stages lock_wait_seconds=3.7828e-5 pruning_seconds=0.000333986 freed_bytes=268370048
Sep 11 14:19:22 transparent-pir-recent-01 transparent-shard-server[855970]: 2026-09-11T14:19:22.113107Z  INFO transparent_shard_server::live: publication collection stages snapshot_seconds=0.00119422 disk_seconds=0.000427835 directory_seconds=0.01166832 disk_freed_bytes=268370048
Sep 11 14:19:23 transparent-pir-recent-01 transparent-shard-server[855970]: 2026-09-11T14:19:23.622624Z  INFO transparent_shard_server::live: publication loading task started map=de0f5be218a017b4d14e92bd99f25725dd181b9856c693b1b2a7149afda38628 queue_seconds=2.8942e-5
Sep 11 14:19:23 transparent-pir-recent-01 transparent-shard-server[855970]: 2026-09-11T14:19:23.704646Z  INFO transparent_shard_server::runtime: retired runtime memory reclaimed rss_before=5247852544 rss_after=4654772224
Sep 11 14:19:23 transparent-pir-recent-01 transparent-shard-server[855970]: 2026-09-11T14:19:23.704688Z  INFO transparent_shard_server::live: publication runtime eviction finished map=de0f5be218a017b4d14e92bd99f25725dd181b9856c693b1b2a7149afda38628 seconds=0.082018368
Sep 11 14:19:24 transparent-pir-recent-01 transparent-shard-server[855970]: 2026-09-11T14:19:24.654032Z  INFO transparent_shard_server::live: publication shard loading finished map=de0f5be218a017b4d14e92bd99f25725dd181b9856c693b1b2a7149afda38628 seconds=0.949325589
Sep 11 14:19:24 transparent-pir-recent-01 transparent-shard-server[855970]: 2026-09-11T14:19:24.654149Z  INFO transparent_shard_server::live: publication service construction finished map=de0f5be218a017b4d14e92bd99f25725dd181b9856c693b1b2a7149afda38628 seconds=5.3729e-5 succeeded=true
Sep 11 14:19:29 transparent-pir-recent-01 transparent-shard-server[855970]: 2026-09-11T14:19:29.175352Z  INFO transparent_shard_server::service: prewarm finished warm=28 target=28 failed=0 seconds=4.520151472
Sep 11 14:19:29 transparent-pir-recent-01 transparent-shard-server[855970]: 2026-09-11T14:19:29.175408Z  INFO transparent_shard_server::live: publication preparation stages map=de0f5be218a017b4d14e92bd99f25725dd181b9856c693b1b2a7149afda38628 loading_seconds=1.032589514 warming_seconds=4.520226217
Sep 11 14:21:53 transparent-pir-recent-01 transparent-shard-server[855970]: 2026-09-11T14:21:53.452341Z  INFO transparent_shard_server::runtime::disk: runtime disk collection stages lock_wait_seconds=4.4487e-5 pruning_seconds=0.000374795 freed_bytes=268370048
Sep 11 14:21:53 transparent-pir-recent-01 transparent-shard-server[855970]: 2026-09-11T14:21:53.466283Z  INFO transparent_shard_server::live: publication collection stages snapshot_seconds=0.000868331 disk_seconds=0.000486742 directory_seconds=0.013872028 disk_freed_bytes=268370048
Sep 11 14:21:55 transparent-pir-recent-01 transparent-shard-server[855970]: 2026-09-11T14:21:55.720104Z  INFO transparent_shard_server::live: publication loading task started map=dfb9a4a67daa61dd48e4ab471cc06c64ceada2e66d22fc1acf48ab973ad1f6dd queue_seconds=6.2771e-5
Sep 11 14:21:55 transparent-pir-recent-01 transparent-shard-server[855970]: 2026-09-11T14:21:55.831676Z  INFO transparent_shard_server::runtime: retired runtime memory reclaimed rss_before=5301592064 rss_after=4684500992
Sep 11 14:21:55 transparent-pir-recent-01 transparent-shard-server[855970]: 2026-09-11T14:21:55.831741Z  INFO transparent_shard_server::live: publication runtime eviction finished map=dfb9a4a67daa61dd48e4ab471cc06c64ceada2e66d22fc1acf48ab973ad1f6dd seconds=0.111575848
Sep 11 14:21:56 transparent-pir-recent-01 transparent-shard-server[855970]: 2026-09-11T14:21:56.789340Z  INFO transparent_shard_server::live: publication shard loading finished map=dfb9a4a67daa61dd48e4ab471cc06c64ceada2e66d22fc1acf48ab973ad1f6dd seconds=0.957574136
Sep 11 14:21:56 transparent-pir-recent-01 transparent-shard-server[855970]: 2026-09-11T14:21:56.789428Z  INFO transparent_shard_server::live: publication service construction finished map=dfb9a4a67daa61dd48e4ab471cc06c64ceada2e66d22fc1acf48ab973ad1f6dd seconds=2.4687e-5 succeeded=true
Sep 11 14:22:01 transparent-pir-recent-01 transparent-shard-server[855970]: 2026-09-11T14:22:01.444349Z  INFO transparent_shard_server::service: prewarm finished warm=28 target=28 failed=0 seconds=4.654798243
Sep 11 14:22:01 transparent-pir-recent-01 transparent-shard-server[855970]: 2026-09-11T14:22:01.444406Z  INFO transparent_shard_server::live: publication preparation stages map=dfb9a4a67daa61dd48e4ab471cc06c64ceada2e66d22fc1acf48ab973ad1f6dd loading_seconds=1.069499611 warming_seconds=4.65487014
Sep 11 14:22:08 transparent-pir-recent-01 transparent-shard-server[855970]: 2026-09-11T14:22:08.768592Z  INFO transparent_shard_server::runtime::disk: runtime disk collection stages lock_wait_seconds=2.796891334 pruning_seconds=0.000482112 freed_bytes=268370048
Sep 11 14:22:08 transparent-pir-recent-01 transparent-shard-server[855970]: 2026-09-11T14:22:08.799873Z  INFO transparent_shard_server::live: publication collection stages snapshot_seconds=0.00072439 disk_seconds=2.7974336920000002 directory_seconds=0.0312202 disk_freed_bytes=268370048
Sep 11 14:22:10 transparent-pir-recent-01 transparent-shard-server[855970]: 2026-09-11T14:22:10.382190Z  INFO transparent_shard_server::live: publication loading task started map=8795ca2ff5aec80f4d60d9f4f3a510da32982fb0c40303cea796f7b5567a8bc4 queue_seconds=6.4156e-5
Sep 11 14:22:10 transparent-pir-recent-01 transparent-shard-server[855970]: 2026-09-11T14:22:10.492110Z  INFO transparent_shard_server::runtime: retired runtime memory reclaimed rss_before=5306892288 rss_after=4654055424
Sep 11 14:22:10 transparent-pir-recent-01 transparent-shard-server[855970]: 2026-09-11T14:22:10.492172Z  INFO transparent_shard_server::live: publication runtime eviction finished map=8795ca2ff5aec80f4d60d9f4f3a510da32982fb0c40303cea796f7b5567a8bc4 seconds=0.109933708
Sep 11 14:22:11 transparent-pir-recent-01 transparent-shard-server[855970]: 2026-09-11T14:22:11.524741Z  INFO transparent_shard_server::live: publication shard loading finished map=8795ca2ff5aec80f4d60d9f4f3a510da32982fb0c40303cea796f7b5567a8bc4 seconds=1.032549344
Sep 11 14:22:11 transparent-pir-recent-01 transparent-shard-server[855970]: 2026-09-11T14:22:11.524851Z  INFO transparent_shard_server::live: publication service construction finished map=8795ca2ff5aec80f4d60d9f4f3a510da32982fb0c40303cea796f7b5567a8bc4 seconds=3.6114e-5 succeeded=true
Sep 11 14:22:16 transparent-pir-recent-01 transparent-shard-server[855970]: 2026-09-11T14:22:16.139352Z  INFO transparent_shard_server::service: prewarm finished warm=28 target=28 failed=0 seconds=4.614388894
Sep 11 14:22:16 transparent-pir-recent-01 transparent-shard-server[855970]: 2026-09-11T14:22:16.139415Z  INFO transparent_shard_server::live: publication preparation stages map=8795ca2ff5aec80f4d60d9f4f3a510da32982fb0c40303cea796f7b5567a8bc4 loading_seconds=1.142828191 warming_seconds=4.614467303
Sep 11 14:22:20 transparent-pir-recent-01 transparent-shard-server[855970]: 2026-09-11T14:22:20.768688Z  INFO transparent_shard_server::runtime::disk: runtime disk collection stages lock_wait_seconds=1.93894748 pruning_seconds=0.000397048 freed_bytes=268370048
Sep 11 14:22:20 transparent-pir-recent-01 transparent-shard-server[855970]: 2026-09-11T14:22:20.790941Z  INFO transparent_shard_server::live: publication collection stages snapshot_seconds=0.001189167 disk_seconds=1.9394283890000001 directory_seconds=0.022169606 disk_freed_bytes=268370048
Sep 11 14:22:22 transparent-pir-recent-01 transparent-shard-server[855970]: 2026-09-11T14:22:22.137528Z  INFO transparent_shard_server::live: publication loading task started map=9b03ed817f6d4e1da9892f619d997017ce5dee2282627393cf4033a26998454c queue_seconds=2.1524e-5
Sep 11 14:22:22 transparent-pir-recent-01 transparent-shard-server[855970]: 2026-09-11T14:22:22.223942Z  INFO transparent_shard_server::runtime: retired runtime memory reclaimed rss_before=5348429824 rss_after=4691726336
Sep 11 14:22:22 transparent-pir-recent-01 transparent-shard-server[855970]: 2026-09-11T14:22:22.223983Z  INFO transparent_shard_server::live: publication runtime eviction finished map=9b03ed817f6d4e1da9892f619d997017ce5dee2282627393cf4033a26998454c seconds=0.086423809
Sep 11 14:22:23 transparent-pir-recent-01 transparent-shard-server[855970]: 2026-09-11T14:22:23.113428Z  INFO transparent_shard_server::live: publication shard loading finished map=9b03ed817f6d4e1da9892f619d997017ce5dee2282627393cf4033a26998454c seconds=0.88942568
Sep 11 14:22:23 transparent-pir-recent-01 transparent-shard-server[855970]: 2026-09-11T14:22:23.113505Z  INFO transparent_shard_server::live: publication service construction finished map=9b03ed817f6d4e1da9892f619d997017ce5dee2282627393cf4033a26998454c seconds=2.8926e-5 succeeded=true
Sep 11 14:22:27 transparent-pir-recent-01 transparent-shard-server[855970]: 2026-09-11T14:22:27.692153Z  INFO transparent_shard_server::service: prewarm finished warm=28 target=28 failed=0 seconds=4.57828205
Sep 11 14:22:27 transparent-pir-recent-01 transparent-shard-server[855970]: 2026-09-11T14:22:27.692219Z  INFO transparent_shard_server::live: publication preparation stages map=9b03ed817f6d4e1da9892f619d997017ce5dee2282627393cf4033a26998454c loading_seconds=0.976353371 warming_seconds=4.578362469
