Sep 11 13:29:09 transparent-pir-recent-01 transparent-shard-server[855970]: 2026-09-11T13:29:09.924994Z  INFO transparent_shard_server::runtime::disk: runtime disk collection stages lock_wait_seconds=4.6258e-5 pruning_seconds=0.000361271 freed_bytes=268370048
Sep 11 13:29:09 transparent-pir-recent-01 transparent-shard-server[855970]: 2026-09-11T13:29:09.946665Z  INFO transparent_shard_server::live: publication collection stages snapshot_seconds=0.014203149 disk_seconds=0.000508442 directory_seconds=0.02157559 disk_freed_bytes=268370048
Sep 11 13:29:12 transparent-pir-recent-01 transparent-shard-server[855970]: 2026-09-11T13:29:12.155208Z  INFO transparent_shard_server::live: publication loading task started map=a5f536ddbc85e629e636234d22d272ff359505d329b05a081e57392e99fc6772 queue_seconds=0.000241415
Sep 11 13:29:12 transparent-pir-recent-01 transparent-shard-server[855970]: 2026-09-11T13:29:12.233917Z  INFO transparent_shard_server::runtime: retired runtime memory reclaimed rss_before=5028200448 rss_after=4611977216
Sep 11 13:29:12 transparent-pir-recent-01 transparent-shard-server[855970]: 2026-09-11T13:29:12.233977Z  INFO transparent_shard_server::live: publication runtime eviction finished map=a5f536ddbc85e629e636234d22d272ff359505d329b05a081e57392e99fc6772 seconds=0.078702793
Sep 11 13:29:13 transparent-pir-recent-01 transparent-shard-server[855970]: 2026-09-11T13:29:13.411441Z  WARN transparent_shard_server::filecache: public artifact cache advice delayed fd=16 seconds=0.258749505
Sep 11 13:29:13 transparent-pir-recent-01 transparent-shard-server[855970]: 2026-09-11T13:29:13.411876Z  INFO transparent_shard_server::live: publication shard loading finished map=a5f536ddbc85e629e636234d22d272ff359505d329b05a081e57392e99fc6772 seconds=1.177880083
Sep 11 13:29:13 transparent-pir-recent-01 transparent-shard-server[855970]: 2026-09-11T13:29:13.411949Z  INFO transparent_shard_server::live: publication service construction finished map=a5f536ddbc85e629e636234d22d272ff359505d329b05a081e57392e99fc6772 seconds=3.4755e-5 succeeded=true
Sep 11 13:29:18 transparent-pir-recent-01 transparent-shard-server[855970]: 2026-09-11T13:29:18.134638Z  INFO transparent_shard_server::service: prewarm finished warm=28 target=28 failed=0 seconds=4.722533385
Sep 11 13:29:18 transparent-pir-recent-01 transparent-shard-server[855970]: 2026-09-11T13:29:18.135504Z  INFO transparent_shard_server::live: publication preparation stages map=a5f536ddbc85e629e636234d22d272ff359505d329b05a081e57392e99fc6772 loading_seconds=1.257139921 warming_seconds=4.723404585
Sep 11 13:29:21 transparent-pir-recent-01 transparent-shard-server[855970]: 2026-09-11T13:29:21.995009Z  INFO transparent_shard_server::runtime::disk: runtime disk collection stages lock_wait_seconds=0.079941385 pruning_seconds=0.000786698 freed_bytes=268370048
Sep 11 13:29:22 transparent-pir-recent-01 transparent-shard-server[855970]: 2026-09-11T13:29:22.025505Z  INFO transparent_shard_server::live: publication collection stages snapshot_seconds=0.001731184 disk_seconds=0.080820358 directory_seconds=0.030408769 disk_freed_bytes=268370048
Sep 11 13:29:23 transparent-pir-recent-01 transparent-shard-server[855970]: 2026-09-11T13:29:23.805219Z  INFO transparent_shard_server::live: publication loading task started map=1d87b21c711092e42264226c1d80ebcb1d190c164bedb92e44ba65810f6af0de queue_seconds=3.7107e-5
Sep 11 13:29:23 transparent-pir-recent-01 transparent-shard-server[855970]: 2026-09-11T13:29:23.930876Z  INFO transparent_shard_server::runtime: retired runtime memory reclaimed rss_before=5236113408 rss_after=4689014784
Sep 11 13:29:23 transparent-pir-recent-01 transparent-shard-server[855970]: 2026-09-11T13:29:23.930921Z  INFO transparent_shard_server::live: publication runtime eviction finished map=1d87b21c711092e42264226c1d80ebcb1d190c164bedb92e44ba65810f6af0de seconds=0.125654569
Sep 11 13:29:24 transparent-pir-recent-01 transparent-shard-server[855970]: 2026-09-11T13:29:24.888114Z  INFO transparent_shard_server::live: publication shard loading finished map=1d87b21c711092e42264226c1d80ebcb1d190c164bedb92e44ba65810f6af0de seconds=0.957173295
Sep 11 13:29:24 transparent-pir-recent-01 transparent-shard-server[855970]: 2026-09-11T13:29:24.888246Z  INFO transparent_shard_server::live: publication service construction finished map=1d87b21c711092e42264226c1d80ebcb1d190c164bedb92e44ba65810f6af0de seconds=4.1631e-5 succeeded=true
Sep 11 13:29:29 transparent-pir-recent-01 transparent-shard-server[855970]: 2026-09-11T13:29:29.620717Z  INFO transparent_shard_server::service: prewarm finished warm=28 target=28 failed=0 seconds=4.732251164
Sep 11 13:29:29 transparent-pir-recent-01 transparent-shard-server[855970]: 2026-09-11T13:29:29.620795Z  INFO transparent_shard_server::live: publication preparation stages map=1d87b21c711092e42264226c1d80ebcb1d190c164bedb92e44ba65810f6af0de loading_seconds=1.083228206 warming_seconds=4.732392116
Sep 11 13:29:32 transparent-pir-recent-01 transparent-shard-server[855970]: 2026-09-11T13:29:32.759989Z  INFO transparent_shard_server::runtime::disk: runtime disk collection stages lock_wait_seconds=0.529622076 pruning_seconds=0.000284784 freed_bytes=268370048
Sep 11 13:29:32 transparent-pir-recent-01 transparent-shard-server[855970]: 2026-09-11T13:29:32.782051Z  INFO transparent_shard_server::live: publication collection stages snapshot_seconds=0.001230115 disk_seconds=0.529975248 directory_seconds=0.021997614 disk_freed_bytes=268370048
Sep 11 13:29:35 transparent-pir-recent-01 transparent-shard-server[855970]: 2026-09-11T13:29:35.050874Z  INFO transparent_shard_server::live: publication loading task started map=27dc4ff70e54eeff3b71532b7f96ad93bd56d12cd6b98d825bff8faea1c0345b queue_seconds=2.395e-5
Sep 11 13:29:35 transparent-pir-recent-01 transparent-shard-server[855970]: 2026-09-11T13:29:35.173950Z  INFO transparent_shard_server::runtime: retired runtime memory reclaimed rss_before=5292244992 rss_after=4617699328
Sep 11 13:29:35 transparent-pir-recent-01 transparent-shard-server[855970]: 2026-09-11T13:29:35.173990Z  INFO transparent_shard_server::live: publication runtime eviction finished map=27dc4ff70e54eeff3b71532b7f96ad93bd56d12cd6b98d825bff8faea1c0345b seconds=0.123058384
Sep 11 13:29:36 transparent-pir-recent-01 transparent-shard-server[855970]: 2026-09-11T13:29:36.092485Z  INFO transparent_shard_server::live: publication shard loading finished map=27dc4ff70e54eeff3b71532b7f96ad93bd56d12cd6b98d825bff8faea1c0345b seconds=0.91847331
Sep 11 13:29:36 transparent-pir-recent-01 transparent-shard-server[855970]: 2026-09-11T13:29:36.092559Z  INFO transparent_shard_server::live: publication service construction finished map=27dc4ff70e54eeff3b71532b7f96ad93bd56d12cd6b98d825bff8faea1c0345b seconds=3.0379e-5 succeeded=true
Sep 11 13:29:40 transparent-pir-recent-01 transparent-shard-server[855970]: 2026-09-11T13:29:40.615317Z  INFO transparent_shard_server::service: prewarm finished warm=28 target=28 failed=0 seconds=4.5226028750000005
Sep 11 13:29:40 transparent-pir-recent-01 transparent-shard-server[855970]: 2026-09-11T13:29:40.615384Z  INFO transparent_shard_server::live: publication preparation stages map=27dc4ff70e54eeff3b71532b7f96ad93bd56d12cd6b98d825bff8faea1c0345b loading_seconds=1.041856893 warming_seconds=4.522688317
Sep 11 13:29:43 transparent-pir-recent-01 transparent-shard-server[855970]: 2026-09-11T13:29:43.641567Z  INFO transparent_shard_server::runtime::disk: runtime disk collection stages lock_wait_seconds=0.915185724 pruning_seconds=0.00038446 freed_bytes=268370048
Sep 11 13:29:43 transparent-pir-recent-01 transparent-shard-server[855970]: 2026-09-11T13:29:43.660041Z  INFO transparent_shard_server::live: publication collection stages snapshot_seconds=0.001177197 disk_seconds=0.915638726 directory_seconds=0.018405113 disk_freed_bytes=268370048
Sep 11 13:29:45 transparent-pir-recent-01 transparent-shard-server[855970]: 2026-09-11T13:29:45.063863Z  INFO transparent_shard_server::live: publication loading task started map=a6406105f339dfd388e74425e64c194e63a652d74a558ae4bbcc076531d9798c queue_seconds=2.2448e-5
Sep 11 13:29:45 transparent-pir-recent-01 transparent-shard-server[855970]: 2026-09-11T13:29:45.155401Z  INFO transparent_shard_server::runtime: retired runtime memory reclaimed rss_before=5194735616 rss_after=4671885312
Sep 11 13:29:45 transparent-pir-recent-01 transparent-shard-server[855970]: 2026-09-11T13:29:45.155451Z  INFO transparent_shard_server::live: publication runtime eviction finished map=a6406105f339dfd388e74425e64c194e63a652d74a558ae4bbcc076531d9798c seconds=0.091544733
Sep 11 13:29:46 transparent-pir-recent-01 transparent-shard-server[855970]: 2026-09-11T13:29:46.158108Z  INFO transparent_shard_server::live: publication shard loading finished map=a6406105f339dfd388e74425e64c194e63a652d74a558ae4bbcc076531d9798c seconds=1.002639421
Sep 11 13:29:46 transparent-pir-recent-01 transparent-shard-server[855970]: 2026-09-11T13:29:46.158235Z  INFO transparent_shard_server::live: publication service construction finished map=a6406105f339dfd388e74425e64c194e63a652d74a558ae4bbcc076531d9798c seconds=3.9541e-5 succeeded=true
Sep 11 13:29:50 transparent-pir-recent-01 transparent-shard-server[855970]: 2026-09-11T13:29:50.928257Z  INFO transparent_shard_server::service: prewarm finished warm=28 target=28 failed=0 seconds=4.769850812
Sep 11 13:29:50 transparent-pir-recent-01 transparent-shard-server[855970]: 2026-09-11T13:29:50.928313Z  INFO transparent_shard_server::live: publication preparation stages map=a6406105f339dfd388e74425e64c194e63a652d74a558ae4bbcc076531d9798c loading_seconds=1.094547652 warming_seconds=4.769928528
Sep 11 13:29:54 transparent-pir-recent-01 transparent-shard-server[855970]: 2026-09-11T13:29:54.904411Z  INFO transparent_shard_server::runtime::disk: runtime disk collection stages lock_wait_seconds=1.385256478 pruning_seconds=0.000420454 freed_bytes=268370048
Sep 11 13:29:54 transparent-pir-recent-01 transparent-shard-server[855970]: 2026-09-11T13:29:54.915200Z  INFO transparent_shard_server::live: publication collection stages snapshot_seconds=0.001260451 disk_seconds=1.385748256 directory_seconds=0.010715947 disk_freed_bytes=268370048
Sep 11 13:29:56 transparent-pir-recent-01 transparent-shard-server[855970]: 2026-09-11T13:29:56.635907Z  INFO transparent_shard_server::live: publication loading task started map=d20e04da76f8e06d4b6fdcbb5cf041d6088ad2191845d2094c56f7da8d9f0662 queue_seconds=3.1522e-5
Sep 11 13:29:56 transparent-pir-recent-01 transparent-shard-server[855970]: 2026-09-11T13:29:56.740921Z  INFO transparent_shard_server::runtime: retired runtime memory reclaimed rss_before=5234700288 rss_after=4640849920
Sep 11 13:29:56 transparent-pir-recent-01 transparent-shard-server[855970]: 2026-09-11T13:29:56.741118Z  INFO transparent_shard_server::live: publication runtime eviction finished map=d20e04da76f8e06d4b6fdcbb5cf041d6088ad2191845d2094c56f7da8d9f0662 seconds=0.10516122
Sep 11 13:29:57 transparent-pir-recent-01 transparent-shard-server[855970]: 2026-09-11T13:29:57.726293Z  INFO transparent_shard_server::live: publication shard loading finished map=d20e04da76f8e06d4b6fdcbb5cf041d6088ad2191845d2094c56f7da8d9f0662 seconds=0.985113915
Sep 11 13:29:57 transparent-pir-recent-01 transparent-shard-server[855970]: 2026-09-11T13:29:57.726380Z  INFO transparent_shard_server::live: publication service construction finished map=d20e04da76f8e06d4b6fdcbb5cf041d6088ad2191845d2094c56f7da8d9f0662 seconds=3.1094e-5 succeeded=true
Sep 11 13:30:02 transparent-pir-recent-01 transparent-shard-server[855970]: 2026-09-11T13:30:02.973412Z  INFO transparent_shard_server::service: prewarm finished warm=28 target=28 failed=0 seconds=5.245203935
Sep 11 13:30:02 transparent-pir-recent-01 transparent-shard-server[855970]: 2026-09-11T13:30:02.973472Z  INFO transparent_shard_server::live: publication preparation stages map=d20e04da76f8e06d4b6fdcbb5cf041d6088ad2191845d2094c56f7da8d9f0662 loading_seconds=1.092317775 warming_seconds=5.245281937
Sep 11 13:30:13 transparent-pir-recent-01 transparent-shard-server[855970]: 2026-09-11T13:30:13.376821Z  INFO transparent_shard_server::runtime::disk: runtime disk collection stages lock_wait_seconds=4.4257e-5 pruning_seconds=0.000428731 freed_bytes=268370048
Sep 11 13:30:13 transparent-pir-recent-01 transparent-shard-server[855970]: 2026-09-11T13:30:13.399105Z  INFO transparent_shard_server::live: publication collection stages snapshot_seconds=0.001538231 disk_seconds=0.004820097 directory_seconds=0.017936736 disk_freed_bytes=268370048
Sep 11 13:30:15 transparent-pir-recent-01 transparent-shard-server[855970]: 2026-09-11T13:30:15.834989Z  INFO transparent_shard_server::live: publication loading task started map=6625dc57744e9fb24bef795ba9fb3ac845803507518facc2b74ffc0f5f74134c queue_seconds=3.1013e-5
Sep 11 13:30:15 transparent-pir-recent-01 transparent-shard-server[855970]: 2026-09-11T13:30:15.925202Z  INFO transparent_shard_server::runtime: retired runtime memory reclaimed rss_before=5262938112 rss_after=4697931776
Sep 11 13:30:15 transparent-pir-recent-01 transparent-shard-server[855970]: 2026-09-11T13:30:15.925282Z  INFO transparent_shard_server::live: publication runtime eviction finished map=6625dc57744e9fb24bef795ba9fb3ac845803507518facc2b74ffc0f5f74134c seconds=0.090254361
Sep 11 13:30:16 transparent-pir-recent-01 transparent-shard-server[855970]: 2026-09-11T13:30:16.867509Z  WARN transparent_shard_server::filecache: public artifact cache advice delayed fd=17 seconds=0.216000986
Sep 11 13:30:17 transparent-pir-recent-01 transparent-shard-server[855970]: 2026-09-11T13:30:17.099055Z  INFO transparent_shard_server::live: publication shard loading finished map=6625dc57744e9fb24bef795ba9fb3ac845803507518facc2b74ffc0f5f74134c seconds=1.173753096
Sep 11 13:30:17 transparent-pir-recent-01 transparent-shard-server[855970]: 2026-09-11T13:30:17.099179Z  INFO transparent_shard_server::live: publication service construction finished map=6625dc57744e9fb24bef795ba9fb3ac845803507518facc2b74ffc0f5f74134c seconds=3.4382e-5 succeeded=true
Sep 11 13:30:22 transparent-pir-recent-01 transparent-shard-server[855970]: 2026-09-11T13:30:22.074987Z  INFO transparent_shard_server::service: prewarm finished warm=28 target=28 failed=0 seconds=4.9743317430000005
Sep 11 13:30:22 transparent-pir-recent-01 transparent-shard-server[855970]: 2026-09-11T13:30:22.075174Z  INFO transparent_shard_server::live: publication preparation stages map=6625dc57744e9fb24bef795ba9fb3ac845803507518facc2b74ffc0f5f74134c loading_seconds=1.265683531 warming_seconds=4.974533507
Sep 11 13:30:42 transparent-pir-recent-01 transparent-shard-server[855970]: 2026-09-11T13:30:42.138587Z  INFO transparent_shard_server::runtime::disk: runtime disk collection stages lock_wait_seconds=7.7218e-5 pruning_seconds=0.000495833 freed_bytes=268370048
Sep 11 13:30:42 transparent-pir-recent-01 transparent-shard-server[855970]: 2026-09-11T13:30:42.151434Z  INFO transparent_shard_server::live: publication collection stages snapshot_seconds=0.00161314 disk_seconds=0.001622567 directory_seconds=0.011795414 disk_freed_bytes=268370048
Sep 11 13:30:44 transparent-pir-recent-01 transparent-shard-server[855970]: 2026-09-11T13:30:44.888775Z  INFO transparent_shard_server::live: publication loading task started map=91d80dc1b506b42c03ba6808c2ba18e5b23de4748aaba7f323daec03a46fd15a queue_seconds=3.8944e-5
Sep 11 13:30:44 transparent-pir-recent-01 transparent-shard-server[855970]: 2026-09-11T13:30:44.975070Z  INFO transparent_shard_server::runtime: retired runtime memory reclaimed rss_before=5307576320 rss_after=4702072832
Sep 11 13:30:44 transparent-pir-recent-01 transparent-shard-server[855970]: 2026-09-11T13:30:44.975115Z  INFO transparent_shard_server::live: publication runtime eviction finished map=91d80dc1b506b42c03ba6808c2ba18e5b23de4748aaba7f323daec03a46fd15a seconds=0.086300142
Sep 11 13:30:45 transparent-pir-recent-01 transparent-shard-server[855970]: 2026-09-11T13:30:45.842278Z  INFO transparent_shard_server::live: publication shard loading finished map=91d80dc1b506b42c03ba6808c2ba18e5b23de4748aaba7f323daec03a46fd15a seconds=0.867129302
Sep 11 13:30:45 transparent-pir-recent-01 transparent-shard-server[855970]: 2026-09-11T13:30:45.842677Z  INFO transparent_shard_server::live: publication service construction finished map=91d80dc1b506b42c03ba6808c2ba18e5b23de4748aaba7f323daec03a46fd15a seconds=3.3841e-5 succeeded=true
Sep 11 13:30:51 transparent-pir-recent-01 transparent-shard-server[855970]: 2026-09-11T13:30:51.139512Z  INFO transparent_shard_server::service: prewarm finished warm=28 target=28 failed=0 seconds=5.2966741410000004
Sep 11 13:30:51 transparent-pir-recent-01 transparent-shard-server[855970]: 2026-09-11T13:30:51.139576Z  INFO transparent_shard_server::live: publication preparation stages map=91d80dc1b506b42c03ba6808c2ba18e5b23de4748aaba7f323daec03a46fd15a loading_seconds=0.954046172 warming_seconds=5.296797867
Sep 11 13:33:35 transparent-pir-recent-01 transparent-shard-server[855970]: 2026-09-11T13:33:35.789886Z  INFO transparent_shard_server::runtime::disk: runtime disk collection stages lock_wait_seconds=4.5609e-5 pruning_seconds=0.000313243 freed_bytes=268370048
Sep 11 13:33:35 transparent-pir-recent-01 transparent-shard-server[855970]: 2026-09-11T13:33:35.813883Z  INFO transparent_shard_server::live: publication collection stages snapshot_seconds=0.00116803 disk_seconds=0.000427078 directory_seconds=0.023927878 disk_freed_bytes=268370048
Sep 11 13:33:37 transparent-pir-recent-01 transparent-shard-server[855970]: 2026-09-11T13:33:37.280607Z  INFO transparent_shard_server::live: publication loading task started map=688378f0a6db9d1193a25d007a8baf4381f02a9e5dbda661553298857e512b66 queue_seconds=6.9019e-5
Sep 11 13:33:37 transparent-pir-recent-01 transparent-shard-server[855970]: 2026-09-11T13:33:37.349328Z  INFO transparent_shard_server::runtime: retired runtime memory reclaimed rss_before=5227048960 rss_after=4761808896
Sep 11 13:33:37 transparent-pir-recent-01 transparent-shard-server[855970]: 2026-09-11T13:33:37.349383Z  INFO transparent_shard_server::live: publication runtime eviction finished map=688378f0a6db9d1193a25d007a8baf4381f02a9e5dbda661553298857e512b66 seconds=0.06872447
Sep 11 13:33:38 transparent-pir-recent-01 transparent-shard-server[855970]: 2026-09-11T13:33:38.275912Z  INFO transparent_shard_server::live: publication shard loading finished map=688378f0a6db9d1193a25d007a8baf4381f02a9e5dbda661553298857e512b66 seconds=0.926509465
Sep 11 13:33:38 transparent-pir-recent-01 transparent-shard-server[855970]: 2026-09-11T13:33:38.276010Z  INFO transparent_shard_server::live: publication service construction finished map=688378f0a6db9d1193a25d007a8baf4381f02a9e5dbda661553298857e512b66 seconds=3.4234e-5 succeeded=true
Sep 11 13:33:42 transparent-pir-recent-01 transparent-shard-server[855970]: 2026-09-11T13:33:42.871073Z  INFO transparent_shard_server::service: prewarm finished warm=28 target=28 failed=0 seconds=4.592702167
Sep 11 13:33:42 transparent-pir-recent-01 transparent-shard-server[855970]: 2026-09-11T13:33:42.871146Z  INFO transparent_shard_server::live: publication preparation stages map=688378f0a6db9d1193a25d007a8baf4381f02a9e5dbda661553298857e512b66 loading_seconds=0.997807054 warming_seconds=4.592807093
Sep 11 13:34:38 transparent-pir-recent-01 transparent-shard-server[855970]: 2026-09-11T13:34:38.732492Z  INFO transparent_shard_server::runtime::disk: runtime disk collection stages lock_wait_seconds=5.248e-5 pruning_seconds=0.000369806 freed_bytes=268370048
Sep 11 13:34:38 transparent-pir-recent-01 transparent-shard-server[855970]: 2026-09-11T13:34:38.751190Z  INFO transparent_shard_server::live: publication collection stages snapshot_seconds=0.001264307 disk_seconds=0.000484912 directory_seconds=0.018632932 disk_freed_bytes=268370048
Sep 11 13:34:41 transparent-pir-recent-01 transparent-shard-server[855970]: 2026-09-11T13:34:41.470583Z  INFO transparent_shard_server::live: publication loading task started map=080044bd2ea23b4ba6af4e39f5e5e8d19d2f7c7a34cc7b49a5815654ff2dfd87 queue_seconds=4.3579e-5
Sep 11 13:34:41 transparent-pir-recent-01 transparent-shard-server[855970]: 2026-09-11T13:34:41.570637Z  INFO transparent_shard_server::runtime: retired runtime memory reclaimed rss_before=5181599744 rss_after=4675198976
Sep 11 13:34:41 transparent-pir-recent-01 transparent-shard-server[855970]: 2026-09-11T13:34:41.570681Z  INFO transparent_shard_server::live: publication runtime eviction finished map=080044bd2ea23b4ba6af4e39f5e5e8d19d2f7c7a34cc7b49a5815654ff2dfd87 seconds=0.100054439
Sep 11 13:34:42 transparent-pir-recent-01 transparent-shard-server[855970]: 2026-09-11T13:34:42.562548Z  INFO transparent_shard_server::live: publication shard loading finished map=080044bd2ea23b4ba6af4e39f5e5e8d19d2f7c7a34cc7b49a5815654ff2dfd87 seconds=0.991845075
Sep 11 13:34:42 transparent-pir-recent-01 transparent-shard-server[855970]: 2026-09-11T13:34:42.562648Z  INFO transparent_shard_server::live: publication service construction finished map=080044bd2ea23b4ba6af4e39f5e5e8d19d2f7c7a34cc7b49a5815654ff2dfd87 seconds=3.528e-5 succeeded=true
Sep 11 13:34:48 transparent-pir-recent-01 transparent-shard-server[855970]: 2026-09-11T13:34:48.184799Z  INFO transparent_shard_server::service: prewarm finished warm=28 target=28 failed=0 seconds=5.621991976
Sep 11 13:34:48 transparent-pir-recent-01 transparent-shard-server[855970]: 2026-09-11T13:34:48.184860Z  INFO transparent_shard_server::live: publication preparation stages map=080044bd2ea23b4ba6af4e39f5e5e8d19d2f7c7a34cc7b49a5815654ff2dfd87 loading_seconds=1.092253585 warming_seconds=5.622072261
Sep 11 13:36:15 transparent-pir-recent-01 transparent-shard-server[855970]: 2026-09-11T13:36:15.979988Z  INFO transparent_shard_server::runtime::disk: runtime disk collection stages lock_wait_seconds=4.631e-5 pruning_seconds=0.000329336 freed_bytes=268370048
Sep 11 13:36:16 transparent-pir-recent-01 transparent-shard-server[855970]: 2026-09-11T13:36:16.004595Z  INFO transparent_shard_server::live: publication collection stages snapshot_seconds=0.002962067 disk_seconds=0.000441148 directory_seconds=0.02454146 disk_freed_bytes=268370048
Sep 11 13:36:18 transparent-pir-recent-01 transparent-shard-server[855970]: 2026-09-11T13:36:18.647794Z  INFO transparent_shard_server::live: publication loading task started map=2da3766181426e4228fe2ec2350d390cb8f16a653d200d1e9f523784b6612b92 queue_seconds=8.9321e-5
Sep 11 13:36:18 transparent-pir-recent-01 transparent-shard-server[855970]: 2026-09-11T13:36:18.738875Z  INFO transparent_shard_server::runtime: retired runtime memory reclaimed rss_before=5042790400 rss_after=4635873280
Sep 11 13:36:18 transparent-pir-recent-01 transparent-shard-server[855970]: 2026-09-11T13:36:18.738917Z  INFO transparent_shard_server::live: publication runtime eviction finished map=2da3766181426e4228fe2ec2350d390cb8f16a653d200d1e9f523784b6612b92 seconds=0.091067419
Sep 11 13:36:19 transparent-pir-recent-01 transparent-shard-server[855970]: 2026-09-11T13:36:19.762998Z  INFO transparent_shard_server::live: publication shard loading finished map=2da3766181426e4228fe2ec2350d390cb8f16a653d200d1e9f523784b6612b92 seconds=1.024061269
Sep 11 13:36:19 transparent-pir-recent-01 transparent-shard-server[855970]: 2026-09-11T13:36:19.763097Z  INFO transparent_shard_server::live: publication service construction finished map=2da3766181426e4228fe2ec2350d390cb8f16a653d200d1e9f523784b6612b92 seconds=3.3828e-5 succeeded=true
Sep 11 13:36:25 transparent-pir-recent-01 transparent-shard-server[855970]: 2026-09-11T13:36:25.582727Z  INFO transparent_shard_server::service: prewarm finished warm=28 target=28 failed=0 seconds=5.819462318
Sep 11 13:36:25 transparent-pir-recent-01 transparent-shard-server[855970]: 2026-09-11T13:36:25.583914Z  INFO transparent_shard_server::live: publication preparation stages map=2da3766181426e4228fe2ec2350d390cb8f16a653d200d1e9f523784b6612b92 loading_seconds=1.115549089 warming_seconds=5.820661997
Sep 11 13:37:00 transparent-pir-recent-01 transparent-shard-server[855970]: 2026-09-11T13:37:00.139385Z  INFO transparent_shard_server::runtime::disk: runtime disk collection stages lock_wait_seconds=5.5946e-5 pruning_seconds=0.000684117 freed_bytes=268370048
Sep 11 13:37:00 transparent-pir-recent-01 transparent-shard-server[855970]: 2026-09-11T13:37:00.156764Z  INFO transparent_shard_server::live: publication collection stages snapshot_seconds=0.001372922 disk_seconds=0.003160073 directory_seconds=0.014958823 disk_freed_bytes=268370048
Sep 11 13:37:02 transparent-pir-recent-01 transparent-shard-server[855970]: 2026-09-11T13:37:02.428310Z  INFO transparent_shard_server::live: publication loading task started map=0f554faa0762239312462d764ff0f144759625e1f7f26ef5a1edd72f3a17a26e queue_seconds=0.000107271
Sep 11 13:37:02 transparent-pir-recent-01 transparent-shard-server[855970]: 2026-09-11T13:37:02.558312Z  INFO transparent_shard_server::runtime: retired runtime memory reclaimed rss_before=5161185280 rss_after=4656078848
Sep 11 13:37:02 transparent-pir-recent-01 transparent-shard-server[855970]: 2026-09-11T13:37:02.558354Z  INFO transparent_shard_server::live: publication runtime eviction finished map=0f554faa0762239312462d764ff0f144759625e1f7f26ef5a1edd72f3a17a26e seconds=0.129974972
Sep 11 13:37:03 transparent-pir-recent-01 transparent-shard-server[855970]: 2026-09-11T13:37:03.528589Z  WARN transparent_shard_server::filecache: public artifact cache advice delayed fd=13 seconds=0.218105025
Sep 11 13:37:03 transparent-pir-recent-01 transparent-shard-server[855970]: 2026-09-11T13:37:03.802410Z  INFO transparent_shard_server::live: publication shard loading finished map=0f554faa0762239312462d764ff0f144759625e1f7f26ef5a1edd72f3a17a26e seconds=1.244037222
Sep 11 13:37:03 transparent-pir-recent-01 transparent-shard-server[855970]: 2026-09-11T13:37:03.802495Z  INFO transparent_shard_server::live: publication service construction finished map=0f554faa0762239312462d764ff0f144759625e1f7f26ef5a1edd72f3a17a26e seconds=3.2852e-5 succeeded=true
Sep 11 13:37:10 transparent-pir-recent-01 transparent-shard-server[855970]: 2026-09-11T13:37:10.207033Z  INFO transparent_shard_server::service: prewarm finished warm=28 target=28 failed=0 seconds=6.401046844
Sep 11 13:37:10 transparent-pir-recent-01 transparent-shard-server[855970]: 2026-09-11T13:37:10.208062Z  INFO transparent_shard_server::live: publication preparation stages map=0f554faa0762239312462d764ff0f144759625e1f7f26ef5a1edd72f3a17a26e loading_seconds=1.37777396 warming_seconds=6.402087996
Sep 11 13:37:41 transparent-pir-recent-01 transparent-shard-server[855970]: 2026-09-11T13:37:41.350234Z  INFO transparent_shard_server::runtime::disk: runtime disk collection stages lock_wait_seconds=4.8024e-5 pruning_seconds=0.00042776 freed_bytes=268370048
Sep 11 13:37:41 transparent-pir-recent-01 transparent-shard-server[855970]: 2026-09-11T13:37:41.373039Z  INFO transparent_shard_server::live: publication collection stages snapshot_seconds=0.001096492 disk_seconds=0.000534076 directory_seconds=0.022747431 disk_freed_bytes=268370048
Sep 11 13:37:43 transparent-pir-recent-01 transparent-shard-server[855970]: 2026-09-11T13:37:43.796558Z  INFO transparent_shard_server::live: publication loading task started map=0f041366dd735ee2cf7ec9e1dedf66cc04832463a156014efc6d0e18c010e689 queue_seconds=0.000112013
Sep 11 13:37:43 transparent-pir-recent-01 transparent-shard-server[855970]: 2026-09-11T13:37:43.859858Z  INFO transparent_shard_server::runtime: retired runtime memory reclaimed rss_before=5072809984 rss_after=4651171840
Sep 11 13:37:43 transparent-pir-recent-01 transparent-shard-server[855970]: 2026-09-11T13:37:43.859901Z  INFO transparent_shard_server::live: publication runtime eviction finished map=0f041366dd735ee2cf7ec9e1dedf66cc04832463a156014efc6d0e18c010e689 seconds=0.063292138
Sep 11 13:37:44 transparent-pir-recent-01 transparent-shard-server[855970]: 2026-09-11T13:37:44.832400Z  WARN transparent_shard_server::filecache: public artifact cache advice delayed fd=17 seconds=0.3220152
Sep 11 13:37:45 transparent-pir-recent-01 transparent-shard-server[855970]: 2026-09-11T13:37:45.095384Z  INFO transparent_shard_server::live: publication shard loading finished map=0f041366dd735ee2cf7ec9e1dedf66cc04832463a156014efc6d0e18c010e689 seconds=1.235464195
Sep 11 13:37:45 transparent-pir-recent-01 transparent-shard-server[855970]: 2026-09-11T13:37:45.095477Z  INFO transparent_shard_server::live: publication service construction finished map=0f041366dd735ee2cf7ec9e1dedf66cc04832463a156014efc6d0e18c010e689 seconds=3.6308e-5 succeeded=true
Sep 11 13:37:50 transparent-pir-recent-01 transparent-shard-server[855970]: 2026-09-11T13:37:50.863012Z  INFO transparent_shard_server::service: prewarm finished warm=28 target=28 failed=0 seconds=5.767269167
Sep 11 13:37:50 transparent-pir-recent-01 transparent-shard-server[855970]: 2026-09-11T13:37:50.863068Z  INFO transparent_shard_server::live: publication preparation stages map=0f041366dd735ee2cf7ec9e1dedf66cc04832463a156014efc6d0e18c010e689 loading_seconds=1.29926695 warming_seconds=5.767361661
