Sep 11 13:29:09 transparent-pir-recent-01 transparent-shard-server[855970]: 2026-09-11T13:29:09.924994Z  INFO transparent_shard_server::runtime::disk: runtime disk collection stages lock_wait_seconds=4.6258e-5 pruning_seconds=0.000361271 freed_bytes=268370048
Sep 11 13:29:09 transparent-pir-recent-01 transparent-shard-server[855970]: 2026-09-11T13:29:09.946665Z  INFO transparent_shard_server::live: publication collection stages snapshot_seconds=0.014203149 disk_seconds=0.000508442 directory_seconds=0.02157559 disk_freed_bytes=268370048
Sep 11 13:29:12 transparent-pir-recent-01 transparent-shard-server[855970]: 2026-09-11T13:29:12.155208Z  INFO transparent_shard_server::live: publication loading task started map=a5f536ddbc85e629e636234d22d272ff359505d329b05a081e57392e99fc6772 queue_seconds=0.000241415
Sep 11 13:29:12 transparent-pir-recent-01 transparent-shard-server[855970]: 2026-09-11T13:29:12.233917Z  INFO transparent_shard_server::runtime: retired runtime memory reclaimed rss_before=5028200448 rss_after=4611977216
Sep 11 13:29:12 transparent-pir-recent-01 transparent-shard-server[855970]: 2026-09-11T13:29:12.233977Z  INFO transparent_shard_server::live: publication runtime eviction finished map=a5f536ddbc85e629e636234d22d272ff359505d329b05a081e57392e99fc6772 seconds=0.078702793
Sep 11 13:29:13 transparent-pir-recent-01 transparent-shard-server[855970]: 2026-09-11T13:29:13.411441Z  WARN transparent_shard_server::filecache: public artifact cache advice delayed fd=16 seconds=0.258749505
Sep 11 13:29:13 transparent-pir-recent-01 transparent-shard-server[855970]: 2026-09-11T13:29:13.411876Z  INFO transparent_shard_server::live: publication shard loading finished map=a5f536ddbc85e629e636234d22d272ff359505d329b05a081e57392e99fc6772 seconds=1.177880083
Sep 11 13:29:13 transparent-pir-recent-01 transparent-shard-server[855970]: 2026-09-11T13:29:13.411949Z  INFO transparent_shard_server::live: publication service construction finished map=a5f536ddbc85e629e636234d22d272ff359505d329b05a081e57392e99fc6772 seconds=3.4755e-5 succeeded=true
Sep 11 13:29:18 transparent-pir-recent-01 transparent-shard-server[855970]: 2026-09-11T13:29:18.134638Z  INFO transparent_shard_server::service: prewarm finished warm=28 target=28 failed=0 seconds=4.722533385
Sep 11 13:29:18 transparent-pir-recent-01 transparent-shard-server[855970]: 2026-09-11T13:29:18.135504Z  INFO transparent_shard_server::live: publication preparation stages map=a5f536ddbc85e629e636234d22d272ff359505d329b05a081e57392e99fc6772 loading_seconds=1.257139921 warming_seconds=4.723404585
Sep 11 13:29:21 transparent-pir-recent-01 transparent-shard-server[855970]: 2026-09-11T13:29:21.995009Z  INFO transparent_shard_server::runtime::disk: runtime disk collection stages lock_wait_seconds=0.079941385 pruning_seconds=0.000786698 freed_bytes=268370048
Sep 11 13:29:22 transparent-pir-recent-01 transparent-shard-server[855970]: 2026-09-11T13:29:22.025505Z  INFO transparent_shard_server::live: publication collection stages snapshot_seconds=0.001731184 disk_seconds=0.080820358 directory_seconds=0.030408769 disk_freed_bytes=268370048
Sep 11 13:29:23 transparent-pir-recent-01 transparent-shard-server[855970]: 2026-09-11T13:29:23.805219Z  INFO transparent_shard_server::live: publication loading task started map=1d87b21c711092e42264226c1d80ebcb1d190c164bedb92e44ba65810f6af0de queue_seconds=3.7107e-5
Sep 11 13:29:23 transparent-pir-recent-01 transparent-shard-server[855970]: 2026-09-11T13:29:23.930876Z  INFO transparent_shard_server::runtime: retired runtime memory reclaimed rss_before=5236113408 rss_after=4689014784
Sep 11 13:29:23 transparent-pir-recent-01 transparent-shard-server[855970]: 2026-09-11T13:29:23.930921Z  INFO transparent_shard_server::live: publication runtime eviction finished map=1d87b21c711092e42264226c1d80ebcb1d190c164bedb92e44ba65810f6af0de seconds=0.125654569
Sep 11 13:29:24 transparent-pir-recent-01 transparent-shard-server[855970]: 2026-09-11T13:29:24.888114Z  INFO transparent_shard_server::live: publication shard loading finished map=1d87b21c711092e42264226c1d80ebcb1d190c164bedb92e44ba65810f6af0de seconds=0.957173295
Sep 11 13:29:24 transparent-pir-recent-01 transparent-shard-server[855970]: 2026-09-11T13:29:24.888246Z  INFO transparent_shard_server::live: publication service construction finished map=1d87b21c711092e42264226c1d80ebcb1d190c164bedb92e44ba65810f6af0de seconds=4.1631e-5 succeeded=true
Sep 11 13:29:29 transparent-pir-recent-01 transparent-shard-server[855970]: 2026-09-11T13:29:29.620717Z  INFO transparent_shard_server::service: prewarm finished warm=28 target=28 failed=0 seconds=4.732251164
Sep 11 13:29:29 transparent-pir-recent-01 transparent-shard-server[855970]: 2026-09-11T13:29:29.620795Z  INFO transparent_shard_server::live: publication preparation stages map=1d87b21c711092e42264226c1d80ebcb1d190c164bedb92e44ba65810f6af0de loading_seconds=1.083228206 warming_seconds=4.732392116
Sep 11 13:29:32 transparent-pir-recent-01 transparent-shard-server[855970]: 2026-09-11T13:29:32.759989Z  INFO transparent_shard_server::runtime::disk: runtime disk collection stages lock_wait_seconds=0.529622076 pruning_seconds=0.000284784 freed_bytes=268370048
Sep 11 13:29:32 transparent-pir-recent-01 transparent-shard-server[855970]: 2026-09-11T13:29:32.782051Z  INFO transparent_shard_server::live: publication collection stages snapshot_seconds=0.001230115 disk_seconds=0.529975248 directory_seconds=0.021997614 disk_freed_bytes=268370048
Sep 11 13:29:35 transparent-pir-recent-01 transparent-shard-server[855970]: 2026-09-11T13:29:35.050874Z  INFO transparent_shard_server::live: publication loading task started map=27dc4ff70e54eeff3b71532b7f96ad93bd56d12cd6b98d825bff8faea1c0345b queue_seconds=2.395e-5
Sep 11 13:29:35 transparent-pir-recent-01 transparent-shard-server[855970]: 2026-09-11T13:29:35.173950Z  INFO transparent_shard_server::runtime: retired runtime memory reclaimed rss_before=5292244992 rss_after=4617699328
Sep 11 13:29:35 transparent-pir-recent-01 transparent-shard-server[855970]: 2026-09-11T13:29:35.173990Z  INFO transparent_shard_server::live: publication runtime eviction finished map=27dc4ff70e54eeff3b71532b7f96ad93bd56d12cd6b98d825bff8faea1c0345b seconds=0.123058384
Sep 11 13:29:36 transparent-pir-recent-01 transparent-shard-server[855970]: 2026-09-11T13:29:36.092485Z  INFO transparent_shard_server::live: publication shard loading finished map=27dc4ff70e54eeff3b71532b7f96ad93bd56d12cd6b98d825bff8faea1c0345b seconds=0.91847331
Sep 11 13:29:36 transparent-pir-recent-01 transparent-shard-server[855970]: 2026-09-11T13:29:36.092559Z  INFO transparent_shard_server::live: publication service construction finished map=27dc4ff70e54eeff3b71532b7f96ad93bd56d12cd6b98d825bff8faea1c0345b seconds=3.0379e-5 succeeded=true
Sep 11 13:29:40 transparent-pir-recent-01 transparent-shard-server[855970]: 2026-09-11T13:29:40.615317Z  INFO transparent_shard_server::service: prewarm finished warm=28 target=28 failed=0 seconds=4.5226028750000005
Sep 11 13:29:40 transparent-pir-recent-01 transparent-shard-server[855970]: 2026-09-11T13:29:40.615384Z  INFO transparent_shard_server::live: publication preparation stages map=27dc4ff70e54eeff3b71532b7f96ad93bd56d12cd6b98d825bff8faea1c0345b loading_seconds=1.041856893 warming_seconds=4.522688317
Sep 11 13:29:43 transparent-pir-recent-01 transparent-shard-server[855970]: 2026-09-11T13:29:43.641567Z  INFO transparent_shard_server::runtime::disk: runtime disk collection stages lock_wait_seconds=0.915185724 pruning_seconds=0.00038446 freed_bytes=268370048
Sep 11 13:29:43 transparent-pir-recent-01 transparent-shard-server[855970]: 2026-09-11T13:29:43.660041Z  INFO transparent_shard_server::live: publication collection stages snapshot_seconds=0.001177197 disk_seconds=0.915638726 directory_seconds=0.018405113 disk_freed_bytes=268370048
Sep 11 13:29:45 transparent-pir-recent-01 transparent-shard-server[855970]: 2026-09-11T13:29:45.063863Z  INFO transparent_shard_server::live: publication loading task started map=a6406105f339dfd388e74425e64c194e63a652d74a558ae4bbcc076531d9798c queue_seconds=2.2448e-5
Sep 11 13:29:45 transparent-pir-recent-01 transparent-shard-server[855970]: 2026-09-11T13:29:45.155401Z  INFO transparent_shard_server::runtime: retired runtime memory reclaimed rss_before=5194735616 rss_after=4671885312
Sep 11 13:29:45 transparent-pir-recent-01 transparent-shard-server[855970]: 2026-09-11T13:29:45.155451Z  INFO transparent_shard_server::live: publication runtime eviction finished map=a6406105f339dfd388e74425e64c194e63a652d74a558ae4bbcc076531d9798c seconds=0.091544733
Sep 11 13:29:46 transparent-pir-recent-01 transparent-shard-server[855970]: 2026-09-11T13:29:46.158108Z  INFO transparent_shard_server::live: publication shard loading finished map=a6406105f339dfd388e74425e64c194e63a652d74a558ae4bbcc076531d9798c seconds=1.002639421
Sep 11 13:29:46 transparent-pir-recent-01 transparent-shard-server[855970]: 2026-09-11T13:29:46.158235Z  INFO transparent_shard_server::live: publication service construction finished map=a6406105f339dfd388e74425e64c194e63a652d74a558ae4bbcc076531d9798c seconds=3.9541e-5 succeeded=true
Sep 11 13:29:50 transparent-pir-recent-01 transparent-shard-server[855970]: 2026-09-11T13:29:50.928257Z  INFO transparent_shard_server::service: prewarm finished warm=28 target=28 failed=0 seconds=4.769850812
Sep 11 13:29:50 transparent-pir-recent-01 transparent-shard-server[855970]: 2026-09-11T13:29:50.928313Z  INFO transparent_shard_server::live: publication preparation stages map=a6406105f339dfd388e74425e64c194e63a652d74a558ae4bbcc076531d9798c loading_seconds=1.094547652 warming_seconds=4.769928528
Sep 11 13:29:54 transparent-pir-recent-01 transparent-shard-server[855970]: 2026-09-11T13:29:54.904411Z  INFO transparent_shard_server::runtime::disk: runtime disk collection stages lock_wait_seconds=1.385256478 pruning_seconds=0.000420454 freed_bytes=268370048
Sep 11 13:29:54 transparent-pir-recent-01 transparent-shard-server[855970]: 2026-09-11T13:29:54.915200Z  INFO transparent_shard_server::live: publication collection stages snapshot_seconds=0.001260451 disk_seconds=1.385748256 directory_seconds=0.010715947 disk_freed_bytes=268370048
Sep 11 13:29:56 transparent-pir-recent-01 transparent-shard-server[855970]: 2026-09-11T13:29:56.635907Z  INFO transparent_shard_server::live: publication loading task started map=d20e04da76f8e06d4b6fdcbb5cf041d6088ad2191845d2094c56f7da8d9f0662 queue_seconds=3.1522e-5
Sep 11 13:29:56 transparent-pir-recent-01 transparent-shard-server[855970]: 2026-09-11T13:29:56.740921Z  INFO transparent_shard_server::runtime: retired runtime memory reclaimed rss_before=5234700288 rss_after=4640849920
Sep 11 13:29:56 transparent-pir-recent-01 transparent-shard-server[855970]: 2026-09-11T13:29:56.741118Z  INFO transparent_shard_server::live: publication runtime eviction finished map=d20e04da76f8e06d4b6fdcbb5cf041d6088ad2191845d2094c56f7da8d9f0662 seconds=0.10516122
Sep 11 13:29:57 transparent-pir-recent-01 transparent-shard-server[855970]: 2026-09-11T13:29:57.726293Z  INFO transparent_shard_server::live: publication shard loading finished map=d20e04da76f8e06d4b6fdcbb5cf041d6088ad2191845d2094c56f7da8d9f0662 seconds=0.985113915
Sep 11 13:29:57 transparent-pir-recent-01 transparent-shard-server[855970]: 2026-09-11T13:29:57.726380Z  INFO transparent_shard_server::live: publication service construction finished map=d20e04da76f8e06d4b6fdcbb5cf041d6088ad2191845d2094c56f7da8d9f0662 seconds=3.1094e-5 succeeded=true
Sep 11 13:30:02 transparent-pir-recent-01 transparent-shard-server[855970]: 2026-09-11T13:30:02.973412Z  INFO transparent_shard_server::service: prewarm finished warm=28 target=28 failed=0 seconds=5.245203935
Sep 11 13:30:02 transparent-pir-recent-01 transparent-shard-server[855970]: 2026-09-11T13:30:02.973472Z  INFO transparent_shard_server::live: publication preparation stages map=d20e04da76f8e06d4b6fdcbb5cf041d6088ad2191845d2094c56f7da8d9f0662 loading_seconds=1.092317775 warming_seconds=5.245281937
Sep 11 13:30:13 transparent-pir-recent-01 transparent-shard-server[855970]: 2026-09-11T13:30:13.376821Z  INFO transparent_shard_server::runtime::disk: runtime disk collection stages lock_wait_seconds=4.4257e-5 pruning_seconds=0.000428731 freed_bytes=268370048
Sep 11 13:30:13 transparent-pir-recent-01 transparent-shard-server[855970]: 2026-09-11T13:30:13.399105Z  INFO transparent_shard_server::live: publication collection stages snapshot_seconds=0.001538231 disk_seconds=0.004820097 directory_seconds=0.017936736 disk_freed_bytes=268370048
Sep 11 13:30:15 transparent-pir-recent-01 transparent-shard-server[855970]: 2026-09-11T13:30:15.834989Z  INFO transparent_shard_server::live: publication loading task started map=6625dc57744e9fb24bef795ba9fb3ac845803507518facc2b74ffc0f5f74134c queue_seconds=3.1013e-5
Sep 11 13:30:15 transparent-pir-recent-01 transparent-shard-server[855970]: 2026-09-11T13:30:15.925202Z  INFO transparent_shard_server::runtime: retired runtime memory reclaimed rss_before=5262938112 rss_after=4697931776
Sep 11 13:30:15 transparent-pir-recent-01 transparent-shard-server[855970]: 2026-09-11T13:30:15.925282Z  INFO transparent_shard_server::live: publication runtime eviction finished map=6625dc57744e9fb24bef795ba9fb3ac845803507518facc2b74ffc0f5f74134c seconds=0.090254361
Sep 11 13:30:16 transparent-pir-recent-01 transparent-shard-server[855970]: 2026-09-11T13:30:16.867509Z  WARN transparent_shard_server::filecache: public artifact cache advice delayed fd=17 seconds=0.216000986
Sep 11 13:30:17 transparent-pir-recent-01 transparent-shard-server[855970]: 2026-09-11T13:30:17.099055Z  INFO transparent_shard_server::live: publication shard loading finished map=6625dc57744e9fb24bef795ba9fb3ac845803507518facc2b74ffc0f5f74134c seconds=1.173753096
Sep 11 13:30:17 transparent-pir-recent-01 transparent-shard-server[855970]: 2026-09-11T13:30:17.099179Z  INFO transparent_shard_server::live: publication service construction finished map=6625dc57744e9fb24bef795ba9fb3ac845803507518facc2b74ffc0f5f74134c seconds=3.4382e-5 succeeded=true
Sep 11 13:30:22 transparent-pir-recent-01 transparent-shard-server[855970]: 2026-09-11T13:30:22.074987Z  INFO transparent_shard_server::service: prewarm finished warm=28 target=28 failed=0 seconds=4.9743317430000005
Sep 11 13:30:22 transparent-pir-recent-01 transparent-shard-server[855970]: 2026-09-11T13:30:22.075174Z  INFO transparent_shard_server::live: publication preparation stages map=6625dc57744e9fb24bef795ba9fb3ac845803507518facc2b74ffc0f5f74134c loading_seconds=1.265683531 warming_seconds=4.974533507
Sep 11 13:30:42 transparent-pir-recent-01 transparent-shard-server[855970]: 2026-09-11T13:30:42.138587Z  INFO transparent_shard_server::runtime::disk: runtime disk collection stages lock_wait_seconds=7.7218e-5 pruning_seconds=0.000495833 freed_bytes=268370048
Sep 11 13:30:42 transparent-pir-recent-01 transparent-shard-server[855970]: 2026-09-11T13:30:42.151434Z  INFO transparent_shard_server::live: publication collection stages snapshot_seconds=0.00161314 disk_seconds=0.001622567 directory_seconds=0.011795414 disk_freed_bytes=268370048
Sep 11 13:30:44 transparent-pir-recent-01 transparent-shard-server[855970]: 2026-09-11T13:30:44.888775Z  INFO transparent_shard_server::live: publication loading task started map=91d80dc1b506b42c03ba6808c2ba18e5b23de4748aaba7f323daec03a46fd15a queue_seconds=3.8944e-5
Sep 11 13:30:44 transparent-pir-recent-01 transparent-shard-server[855970]: 2026-09-11T13:30:44.975070Z  INFO transparent_shard_server::runtime: retired runtime memory reclaimed rss_before=5307576320 rss_after=4702072832
Sep 11 13:30:44 transparent-pir-recent-01 transparent-shard-server[855970]: 2026-09-11T13:30:44.975115Z  INFO transparent_shard_server::live: publication runtime eviction finished map=91d80dc1b506b42c03ba6808c2ba18e5b23de4748aaba7f323daec03a46fd15a seconds=0.086300142
Sep 11 13:30:45 transparent-pir-recent-01 transparent-shard-server[855970]: 2026-09-11T13:30:45.842278Z  INFO transparent_shard_server::live: publication shard loading finished map=91d80dc1b506b42c03ba6808c2ba18e5b23de4748aaba7f323daec03a46fd15a seconds=0.867129302
Sep 11 13:30:45 transparent-pir-recent-01 transparent-shard-server[855970]: 2026-09-11T13:30:45.842677Z  INFO transparent_shard_server::live: publication service construction finished map=91d80dc1b506b42c03ba6808c2ba18e5b23de4748aaba7f323daec03a46fd15a seconds=3.3841e-5 succeeded=true
Sep 11 13:30:51 transparent-pir-recent-01 transparent-shard-server[855970]: 2026-09-11T13:30:51.139512Z  INFO transparent_shard_server::service: prewarm finished warm=28 target=28 failed=0 seconds=5.2966741410000004
Sep 11 13:30:51 transparent-pir-recent-01 transparent-shard-server[855970]: 2026-09-11T13:30:51.139576Z  INFO transparent_shard_server::live: publication preparation stages map=91d80dc1b506b42c03ba6808c2ba18e5b23de4748aaba7f323daec03a46fd15a loading_seconds=0.954046172 warming_seconds=5.296797867
Sep 11 13:33:35 transparent-pir-recent-01 transparent-shard-server[855970]: 2026-09-11T13:33:35.789886Z  INFO transparent_shard_server::runtime::disk: runtime disk collection stages lock_wait_seconds=4.5609e-5 pruning_seconds=0.000313243 freed_bytes=268370048
Sep 11 13:33:35 transparent-pir-recent-01 transparent-shard-server[855970]: 2026-09-11T13:33:35.813883Z  INFO transparent_shard_server::live: publication collection stages snapshot_seconds=0.00116803 disk_seconds=0.000427078 directory_seconds=0.023927878 disk_freed_bytes=268370048
Sep 11 13:33:37 transparent-pir-recent-01 transparent-shard-server[855970]: 2026-09-11T13:33:37.280607Z  INFO transparent_shard_server::live: publication loading task started map=688378f0a6db9d1193a25d007a8baf4381f02a9e5dbda661553298857e512b66 queue_seconds=6.9019e-5
Sep 11 13:33:37 transparent-pir-recent-01 transparent-shard-server[855970]: 2026-09-11T13:33:37.349328Z  INFO transparent_shard_server::runtime: retired runtime memory reclaimed rss_before=5227048960 rss_after=4761808896
Sep 11 13:33:37 transparent-pir-recent-01 transparent-shard-server[855970]: 2026-09-11T13:33:37.349383Z  INFO transparent_shard_server::live: publication runtime eviction finished map=688378f0a6db9d1193a25d007a8baf4381f02a9e5dbda661553298857e512b66 seconds=0.06872447
Sep 11 13:33:38 transparent-pir-recent-01 transparent-shard-server[855970]: 2026-09-11T13:33:38.275912Z  INFO transparent_shard_server::live: publication shard loading finished map=688378f0a6db9d1193a25d007a8baf4381f02a9e5dbda661553298857e512b66 seconds=0.926509465
Sep 11 13:33:38 transparent-pir-recent-01 transparent-shard-server[855970]: 2026-09-11T13:33:38.276010Z  INFO transparent_shard_server::live: publication service construction finished map=688378f0a6db9d1193a25d007a8baf4381f02a9e5dbda661553298857e512b66 seconds=3.4234e-5 succeeded=true
Sep 11 13:33:42 transparent-pir-recent-01 transparent-shard-server[855970]: 2026-09-11T13:33:42.871073Z  INFO transparent_shard_server::service: prewarm finished warm=28 target=28 failed=0 seconds=4.592702167
Sep 11 13:33:42 transparent-pir-recent-01 transparent-shard-server[855970]: 2026-09-11T13:33:42.871146Z  INFO transparent_shard_server::live: publication preparation stages map=688378f0a6db9d1193a25d007a8baf4381f02a9e5dbda661553298857e512b66 loading_seconds=0.997807054 warming_seconds=4.592807093
Sep 11 13:34:38 transparent-pir-recent-01 transparent-shard-server[855970]: 2026-09-11T13:34:38.732492Z  INFO transparent_shard_server::runtime::disk: runtime disk collection stages lock_wait_seconds=5.248e-5 pruning_seconds=0.000369806 freed_bytes=268370048
Sep 11 13:34:38 transparent-pir-recent-01 transparent-shard-server[855970]: 2026-09-11T13:34:38.751190Z  INFO transparent_shard_server::live: publication collection stages snapshot_seconds=0.001264307 disk_seconds=0.000484912 directory_seconds=0.018632932 disk_freed_bytes=268370048
Sep 11 13:34:41 transparent-pir-recent-01 transparent-shard-server[855970]: 2026-09-11T13:34:41.470583Z  INFO transparent_shard_server::live: publication loading task started map=080044bd2ea23b4ba6af4e39f5e5e8d19d2f7c7a34cc7b49a5815654ff2dfd87 queue_seconds=4.3579e-5
Sep 11 13:34:41 transparent-pir-recent-01 transparent-shard-server[855970]: 2026-09-11T13:34:41.570637Z  INFO transparent_shard_server::runtime: retired runtime memory reclaimed rss_before=5181599744 rss_after=4675198976
Sep 11 13:34:41 transparent-pir-recent-01 transparent-shard-server[855970]: 2026-09-11T13:34:41.570681Z  INFO transparent_shard_server::live: publication runtime eviction finished map=080044bd2ea23b4ba6af4e39f5e5e8d19d2f7c7a34cc7b49a5815654ff2dfd87 seconds=0.100054439
Sep 11 13:34:42 transparent-pir-recent-01 transparent-shard-server[855970]: 2026-09-11T13:34:42.562548Z  INFO transparent_shard_server::live: publication shard loading finished map=080044bd2ea23b4ba6af4e39f5e5e8d19d2f7c7a34cc7b49a5815654ff2dfd87 seconds=0.991845075
Sep 11 13:34:42 transparent-pir-recent-01 transparent-shard-server[855970]: 2026-09-11T13:34:42.562648Z  INFO transparent_shard_server::live: publication service construction finished map=080044bd2ea23b4ba6af4e39f5e5e8d19d2f7c7a34cc7b49a5815654ff2dfd87 seconds=3.528e-5 succeeded=true
Sep 11 13:34:48 transparent-pir-recent-01 transparent-shard-server[855970]: 2026-09-11T13:34:48.184799Z  INFO transparent_shard_server::service: prewarm finished warm=28 target=28 failed=0 seconds=5.621991976
Sep 11 13:34:48 transparent-pir-recent-01 transparent-shard-server[855970]: 2026-09-11T13:34:48.184860Z  INFO transparent_shard_server::live: publication preparation stages map=080044bd2ea23b4ba6af4e39f5e5e8d19d2f7c7a34cc7b49a5815654ff2dfd87 loading_seconds=1.092253585 warming_seconds=5.622072261
Sep 11 13:36:15 transparent-pir-recent-01 transparent-shard-server[855970]: 2026-09-11T13:36:15.979988Z  INFO transparent_shard_server::runtime::disk: runtime disk collection stages lock_wait_seconds=4.631e-5 pruning_seconds=0.000329336 freed_bytes=268370048
Sep 11 13:36:16 transparent-pir-recent-01 transparent-shard-server[855970]: 2026-09-11T13:36:16.004595Z  INFO transparent_shard_server::live: publication collection stages snapshot_seconds=0.002962067 disk_seconds=0.000441148 directory_seconds=0.02454146 disk_freed_bytes=268370048
Sep 11 13:36:18 transparent-pir-recent-01 transparent-shard-server[855970]: 2026-09-11T13:36:18.647794Z  INFO transparent_shard_server::live: publication loading task started map=2da3766181426e4228fe2ec2350d390cb8f16a653d200d1e9f523784b6612b92 queue_seconds=8.9321e-5
Sep 11 13:36:18 transparent-pir-recent-01 transparent-shard-server[855970]: 2026-09-11T13:36:18.738875Z  INFO transparent_shard_server::runtime: retired runtime memory reclaimed rss_before=5042790400 rss_after=4635873280
Sep 11 13:36:18 transparent-pir-recent-01 transparent-shard-server[855970]: 2026-09-11T13:36:18.738917Z  INFO transparent_shard_server::live: publication runtime eviction finished map=2da3766181426e4228fe2ec2350d390cb8f16a653d200d1e9f523784b6612b92 seconds=0.091067419
Sep 11 13:36:19 transparent-pir-recent-01 transparent-shard-server[855970]: 2026-09-11T13:36:19.762998Z  INFO transparent_shard_server::live: publication shard loading finished map=2da3766181426e4228fe2ec2350d390cb8f16a653d200d1e9f523784b6612b92 seconds=1.024061269
Sep 11 13:36:19 transparent-pir-recent-01 transparent-shard-server[855970]: 2026-09-11T13:36:19.763097Z  INFO transparent_shard_server::live: publication service construction finished map=2da3766181426e4228fe2ec2350d390cb8f16a653d200d1e9f523784b6612b92 seconds=3.3828e-5 succeeded=true
Sep 11 13:36:25 transparent-pir-recent-01 transparent-shard-server[855970]: 2026-09-11T13:36:25.582727Z  INFO transparent_shard_server::service: prewarm finished warm=28 target=28 failed=0 seconds=5.819462318
Sep 11 13:36:25 transparent-pir-recent-01 transparent-shard-server[855970]: 2026-09-11T13:36:25.583914Z  INFO transparent_shard_server::live: publication preparation stages map=2da3766181426e4228fe2ec2350d390cb8f16a653d200d1e9f523784b6612b92 loading_seconds=1.115549089 warming_seconds=5.820661997
Sep 11 13:37:00 transparent-pir-recent-01 transparent-shard-server[855970]: 2026-09-11T13:37:00.139385Z  INFO transparent_shard_server::runtime::disk: runtime disk collection stages lock_wait_seconds=5.5946e-5 pruning_seconds=0.000684117 freed_bytes=268370048
Sep 11 13:37:00 transparent-pir-recent-01 transparent-shard-server[855970]: 2026-09-11T13:37:00.156764Z  INFO transparent_shard_server::live: publication collection stages snapshot_seconds=0.001372922 disk_seconds=0.003160073 directory_seconds=0.014958823 disk_freed_bytes=268370048
Sep 11 13:37:02 transparent-pir-recent-01 transparent-shard-server[855970]: 2026-09-11T13:37:02.428310Z  INFO transparent_shard_server::live: publication loading task started map=0f554faa0762239312462d764ff0f144759625e1f7f26ef5a1edd72f3a17a26e queue_seconds=0.000107271
Sep 11 13:37:02 transparent-pir-recent-01 transparent-shard-server[855970]: 2026-09-11T13:37:02.558312Z  INFO transparent_shard_server::runtime: retired runtime memory reclaimed rss_before=5161185280 rss_after=4656078848
Sep 11 13:37:02 transparent-pir-recent-01 transparent-shard-server[855970]: 2026-09-11T13:37:02.558354Z  INFO transparent_shard_server::live: publication runtime eviction finished map=0f554faa0762239312462d764ff0f144759625e1f7f26ef5a1edd72f3a17a26e seconds=0.129974972
Sep 11 13:37:03 transparent-pir-recent-01 transparent-shard-server[855970]: 2026-09-11T13:37:03.528589Z  WARN transparent_shard_server::filecache: public artifact cache advice delayed fd=13 seconds=0.218105025
Sep 11 13:37:03 transparent-pir-recent-01 transparent-shard-server[855970]: 2026-09-11T13:37:03.802410Z  INFO transparent_shard_server::live: publication shard loading finished map=0f554faa0762239312462d764ff0f144759625e1f7f26ef5a1edd72f3a17a26e seconds=1.244037222
Sep 11 13:37:03 transparent-pir-recent-01 transparent-shard-server[855970]: 2026-09-11T13:37:03.802495Z  INFO transparent_shard_server::live: publication service construction finished map=0f554faa0762239312462d764ff0f144759625e1f7f26ef5a1edd72f3a17a26e seconds=3.2852e-5 succeeded=true
Sep 11 13:37:10 transparent-pir-recent-01 transparent-shard-server[855970]: 2026-09-11T13:37:10.207033Z  INFO transparent_shard_server::service: prewarm finished warm=28 target=28 failed=0 seconds=6.401046844
Sep 11 13:37:10 transparent-pir-recent-01 transparent-shard-server[855970]: 2026-09-11T13:37:10.208062Z  INFO transparent_shard_server::live: publication preparation stages map=0f554faa0762239312462d764ff0f144759625e1f7f26ef5a1edd72f3a17a26e loading_seconds=1.37777396 warming_seconds=6.402087996
Sep 11 13:37:41 transparent-pir-recent-01 transparent-shard-server[855970]: 2026-09-11T13:37:41.350234Z  INFO transparent_shard_server::runtime::disk: runtime disk collection stages lock_wait_seconds=4.8024e-5 pruning_seconds=0.00042776 freed_bytes=268370048
Sep 11 13:37:41 transparent-pir-recent-01 transparent-shard-server[855970]: 2026-09-11T13:37:41.373039Z  INFO transparent_shard_server::live: publication collection stages snapshot_seconds=0.001096492 disk_seconds=0.000534076 directory_seconds=0.022747431 disk_freed_bytes=268370048
Sep 11 13:37:43 transparent-pir-recent-01 transparent-shard-server[855970]: 2026-09-11T13:37:43.796558Z  INFO transparent_shard_server::live: publication loading task started map=0f041366dd735ee2cf7ec9e1dedf66cc04832463a156014efc6d0e18c010e689 queue_seconds=0.000112013
Sep 11 13:37:43 transparent-pir-recent-01 transparent-shard-server[855970]: 2026-09-11T13:37:43.859858Z  INFO transparent_shard_server::runtime: retired runtime memory reclaimed rss_before=5072809984 rss_after=4651171840
Sep 11 13:37:43 transparent-pir-recent-01 transparent-shard-server[855970]: 2026-09-11T13:37:43.859901Z  INFO transparent_shard_server::live: publication runtime eviction finished map=0f041366dd735ee2cf7ec9e1dedf66cc04832463a156014efc6d0e18c010e689 seconds=0.063292138
Sep 11 13:37:44 transparent-pir-recent-01 transparent-shard-server[855970]: 2026-09-11T13:37:44.832400Z  WARN transparent_shard_server::filecache: public artifact cache advice delayed fd=17 seconds=0.3220152
Sep 11 13:37:45 transparent-pir-recent-01 transparent-shard-server[855970]: 2026-09-11T13:37:45.095384Z  INFO transparent_shard_server::live: publication shard loading finished map=0f041366dd735ee2cf7ec9e1dedf66cc04832463a156014efc6d0e18c010e689 seconds=1.235464195
Sep 11 13:37:45 transparent-pir-recent-01 transparent-shard-server[855970]: 2026-09-11T13:37:45.095477Z  INFO transparent_shard_server::live: publication service construction finished map=0f041366dd735ee2cf7ec9e1dedf66cc04832463a156014efc6d0e18c010e689 seconds=3.6308e-5 succeeded=true
Sep 11 13:37:50 transparent-pir-recent-01 transparent-shard-server[855970]: 2026-09-11T13:37:50.863012Z  INFO transparent_shard_server::service: prewarm finished warm=28 target=28 failed=0 seconds=5.767269167
Sep 11 13:37:50 transparent-pir-recent-01 transparent-shard-server[855970]: 2026-09-11T13:37:50.863068Z  INFO transparent_shard_server::live: publication preparation stages map=0f041366dd735ee2cf7ec9e1dedf66cc04832463a156014efc6d0e18c010e689 loading_seconds=1.29926695 warming_seconds=5.767361661
Sep 11 13:42:03 transparent-pir-recent-01 transparent-shard-server[855970]: 2026-09-11T13:42:03.852848Z  INFO transparent_shard_server::runtime::disk: runtime disk collection stages lock_wait_seconds=4.5722e-5 pruning_seconds=0.002787389 freed_bytes=268370048
Sep 11 13:42:03 transparent-pir-recent-01 transparent-shard-server[855970]: 2026-09-11T13:42:03.896824Z  INFO transparent_shard_server::live: publication collection stages snapshot_seconds=0.00220307 disk_seconds=0.002903928 directory_seconds=0.043900841 disk_freed_bytes=268370048
Sep 11 13:42:07 transparent-pir-recent-01 transparent-shard-server[855970]: 2026-09-11T13:42:07.333890Z  INFO transparent_shard_server::live: publication loading task started map=5cdfa0070b5adaefcb236168c988cdf2513f497cb7cbc0dc506620bb61a5afef queue_seconds=0.004642652
Sep 11 13:42:07 transparent-pir-recent-01 transparent-shard-server[855970]: 2026-09-11T13:42:07.462883Z  INFO transparent_shard_server::runtime: retired runtime memory reclaimed rss_before=5101150208 rss_after=4642717696
Sep 11 13:42:07 transparent-pir-recent-01 transparent-shard-server[855970]: 2026-09-11T13:42:07.462933Z  INFO transparent_shard_server::live: publication runtime eviction finished map=5cdfa0070b5adaefcb236168c988cdf2513f497cb7cbc0dc506620bb61a5afef seconds=0.128974201
Sep 11 13:42:08 transparent-pir-recent-01 transparent-shard-server[855970]: 2026-09-11T13:42:08.375244Z  WARN transparent_shard_server::filecache: public artifact cache advice delayed fd=17 seconds=0.213115218
Sep 11 13:42:08 transparent-pir-recent-01 transparent-shard-server[855970]: 2026-09-11T13:42:08.603583Z  INFO transparent_shard_server::live: publication shard loading finished map=5cdfa0070b5adaefcb236168c988cdf2513f497cb7cbc0dc506620bb61a5afef seconds=1.140625128
Sep 11 13:42:08 transparent-pir-recent-01 transparent-shard-server[855970]: 2026-09-11T13:42:08.603687Z  INFO transparent_shard_server::live: publication service construction finished map=5cdfa0070b5adaefcb236168c988cdf2513f497cb7cbc0dc506620bb61a5afef seconds=3.7946e-5 succeeded=true
Sep 11 13:42:13 transparent-pir-recent-01 transparent-shard-server[855970]: 2026-09-11T13:42:13.466515Z  INFO transparent_shard_server::service: prewarm finished warm=28 target=28 failed=0 seconds=4.862505877
Sep 11 13:42:13 transparent-pir-recent-01 transparent-shard-server[855970]: 2026-09-11T13:42:13.467466Z  INFO transparent_shard_server::live: publication preparation stages map=5cdfa0070b5adaefcb236168c988cdf2513f497cb7cbc0dc506620bb61a5afef loading_seconds=1.274726952 warming_seconds=4.863493899
Sep 11 13:43:00 transparent-pir-recent-01 transparent-shard-server[855970]: 2026-09-11T13:43:00.140812Z  INFO transparent_shard_server::runtime::disk: runtime disk collection stages lock_wait_seconds=5.2052e-5 pruning_seconds=0.000346102 freed_bytes=268370048
Sep 11 13:43:00 transparent-pir-recent-01 transparent-shard-server[855970]: 2026-09-11T13:43:00.163976Z  INFO transparent_shard_server::live: publication collection stages snapshot_seconds=0.001121901 disk_seconds=0.00046487 directory_seconds=0.02309647 disk_freed_bytes=268370048
Sep 11 13:43:02 transparent-pir-recent-01 transparent-shard-server[855970]: 2026-09-11T13:43:02.514935Z  INFO transparent_shard_server::live: publication loading task started map=47bd4779cb13c0e397f1068a421f659754c1ffb5187a1e9556f482e170c0f239 queue_seconds=0.000109464
Sep 11 13:43:02 transparent-pir-recent-01 transparent-shard-server[855970]: 2026-09-11T13:43:02.664397Z  INFO transparent_shard_server::runtime: retired runtime memory reclaimed rss_before=5142097920 rss_after=4663296000
Sep 11 13:43:02 transparent-pir-recent-01 transparent-shard-server[855970]: 2026-09-11T13:43:02.664450Z  INFO transparent_shard_server::live: publication runtime eviction finished map=47bd4779cb13c0e397f1068a421f659754c1ffb5187a1e9556f482e170c0f239 seconds=0.1494575
Sep 11 13:43:03 transparent-pir-recent-01 transparent-shard-server[855970]: 2026-09-11T13:43:03.537119Z  WARN transparent_shard_server::filecache: public artifact cache advice delayed fd=17 seconds=0.116484308
Sep 11 13:43:03 transparent-pir-recent-01 transparent-shard-server[855970]: 2026-09-11T13:43:03.823356Z  INFO transparent_shard_server::live: publication shard loading finished map=47bd4779cb13c0e397f1068a421f659754c1ffb5187a1e9556f482e170c0f239 seconds=1.158887235
Sep 11 13:43:03 transparent-pir-recent-01 transparent-shard-server[855970]: 2026-09-11T13:43:03.826703Z  INFO transparent_shard_server::live: publication service construction finished map=47bd4779cb13c0e397f1068a421f659754c1ffb5187a1e9556f482e170c0f239 seconds=0.000195627 succeeded=true
Sep 11 13:43:09 transparent-pir-recent-01 transparent-shard-server[855970]: 2026-09-11T13:43:09.021512Z  INFO transparent_shard_server::service: prewarm finished warm=28 target=28 failed=0 seconds=5.19425863
Sep 11 13:43:09 transparent-pir-recent-01 transparent-shard-server[855970]: 2026-09-11T13:43:09.021580Z  INFO transparent_shard_server::live: publication preparation stages map=47bd4779cb13c0e397f1068a421f659754c1ffb5187a1e9556f482e170c0f239 loading_seconds=1.31240844 warming_seconds=5.194350635
Sep 11 13:44:38 transparent-pir-recent-01 transparent-shard-server[855970]: 2026-09-11T13:44:38.813781Z  INFO transparent_shard_server::runtime::disk: runtime disk collection stages lock_wait_seconds=3.9692e-5 pruning_seconds=0.000433817 freed_bytes=268370048
Sep 11 13:44:38 transparent-pir-recent-01 transparent-shard-server[855970]: 2026-09-11T13:44:38.837884Z  INFO transparent_shard_server::live: publication collection stages snapshot_seconds=0.001124529 disk_seconds=0.000534934 directory_seconds=0.02403658 disk_freed_bytes=268370048
Sep 11 13:44:41 transparent-pir-recent-01 transparent-shard-server[855970]: 2026-09-11T13:44:41.423436Z  INFO transparent_shard_server::live: publication loading task started map=a0146605778103191a3f76dd2dd724afd292085ef77b5ad56224fc50b1374e83 queue_seconds=2.5272e-5
Sep 11 13:44:41 transparent-pir-recent-01 transparent-shard-server[855970]: 2026-09-11T13:44:41.524836Z  INFO transparent_shard_server::runtime: retired runtime memory reclaimed rss_before=5153435648 rss_after=4705857536
Sep 11 13:44:41 transparent-pir-recent-01 transparent-shard-server[855970]: 2026-09-11T13:44:41.525036Z  INFO transparent_shard_server::live: publication runtime eviction finished map=a0146605778103191a3f76dd2dd724afd292085ef77b5ad56224fc50b1374e83 seconds=0.101550204
Sep 11 13:44:42 transparent-pir-recent-01 transparent-shard-server[855970]: 2026-09-11T13:44:42.547678Z  INFO transparent_shard_server::live: publication shard loading finished map=a0146605778103191a3f76dd2dd724afd292085ef77b5ad56224fc50b1374e83 seconds=1.022621941
Sep 11 13:44:42 transparent-pir-recent-01 transparent-shard-server[855970]: 2026-09-11T13:44:42.547760Z  INFO transparent_shard_server::live: publication service construction finished map=a0146605778103191a3f76dd2dd724afd292085ef77b5ad56224fc50b1374e83 seconds=2.706e-5 succeeded=true
Sep 11 13:44:47 transparent-pir-recent-01 transparent-shard-server[855970]: 2026-09-11T13:44:47.366527Z  INFO transparent_shard_server::service: prewarm finished warm=28 target=28 failed=0 seconds=4.818605056
Sep 11 13:44:47 transparent-pir-recent-01 transparent-shard-server[855970]: 2026-09-11T13:44:47.366580Z  INFO transparent_shard_server::live: publication preparation stages map=a0146605778103191a3f76dd2dd724afd292085ef77b5ad56224fc50b1374e83 loading_seconds=1.124499409 warming_seconds=4.818675477
Sep 11 13:45:12 transparent-pir-recent-01 transparent-shard-server[855970]: 2026-09-11T13:45:12.250232Z  INFO transparent_shard_server::runtime::disk: runtime disk collection stages lock_wait_seconds=5.6309e-5 pruning_seconds=0.000449999 freed_bytes=268370048
Sep 11 13:45:12 transparent-pir-recent-01 transparent-shard-server[855970]: 2026-09-11T13:45:12.274205Z  INFO transparent_shard_server::live: publication collection stages snapshot_seconds=0.001742025 disk_seconds=0.000581376 directory_seconds=0.023896454 disk_freed_bytes=268370048
Sep 11 13:45:14 transparent-pir-recent-01 transparent-shard-server[855970]: 2026-09-11T13:45:14.413867Z  INFO transparent_shard_server::live: publication loading task started map=dc545bd7305aceda1a65bab9c0b20d7b63861374bc1fc0c76f83337efd43d72b queue_seconds=0.005356904
Sep 11 13:45:14 transparent-pir-recent-01 transparent-shard-server[855970]: 2026-09-11T13:45:14.506114Z  INFO transparent_shard_server::runtime: retired runtime memory reclaimed rss_before=5134823424 rss_after=4659576832
Sep 11 13:45:14 transparent-pir-recent-01 transparent-shard-server[855970]: 2026-09-11T13:45:14.506740Z  INFO transparent_shard_server::live: publication runtime eviction finished map=dc545bd7305aceda1a65bab9c0b20d7b63861374bc1fc0c76f83337efd43d72b seconds=0.092780319
Sep 11 13:45:15 transparent-pir-recent-01 transparent-shard-server[855970]: 2026-09-11T13:45:15.560293Z  INFO transparent_shard_server::live: publication shard loading finished map=dc545bd7305aceda1a65bab9c0b20d7b63861374bc1fc0c76f83337efd43d72b seconds=1.053301645
Sep 11 13:45:15 transparent-pir-recent-01 transparent-shard-server[855970]: 2026-09-11T13:45:15.560392Z  INFO transparent_shard_server::live: publication service construction finished map=dc545bd7305aceda1a65bab9c0b20d7b63861374bc1fc0c76f83337efd43d72b seconds=4.2933e-5 succeeded=true
Sep 11 13:45:20 transparent-pir-recent-01 transparent-shard-server[855970]: 2026-09-11T13:45:20.530954Z  INFO transparent_shard_server::service: prewarm finished warm=28 target=28 failed=0 seconds=4.970401077
Sep 11 13:45:20 transparent-pir-recent-01 transparent-shard-server[855970]: 2026-09-11T13:45:20.531011Z  INFO transparent_shard_server::live: publication preparation stages map=dc545bd7305aceda1a65bab9c0b20d7b63861374bc1fc0c76f83337efd43d72b loading_seconds=1.15203257 warming_seconds=4.970476107
Sep 11 13:46:57 transparent-pir-recent-01 transparent-shard-server[855970]: 2026-09-11T13:46:57.217683Z  INFO transparent_shard_server::runtime::disk: runtime disk collection stages lock_wait_seconds=4.5376e-5 pruning_seconds=0.000363784 freed_bytes=268370048
Sep 11 13:46:57 transparent-pir-recent-01 transparent-shard-server[855970]: 2026-09-11T13:46:57.242052Z  INFO transparent_shard_server::live: publication collection stages snapshot_seconds=0.001307549 disk_seconds=0.000485365 directory_seconds=0.024290602 disk_freed_bytes=268370048
Sep 11 13:46:59 transparent-pir-recent-01 transparent-shard-server[855970]: 2026-09-11T13:46:59.766289Z  INFO transparent_shard_server::live: publication loading task started map=5146d53c129c788dacced90d6844710c75df08c04fc1e11525b3e16e6c299eb5 queue_seconds=2.2774e-5
Sep 11 13:46:59 transparent-pir-recent-01 transparent-shard-server[855970]: 2026-09-11T13:46:59.868747Z  INFO transparent_shard_server::runtime: retired runtime memory reclaimed rss_before=5163356160 rss_after=4614836224
Sep 11 13:46:59 transparent-pir-recent-01 transparent-shard-server[855970]: 2026-09-11T13:46:59.868803Z  INFO transparent_shard_server::live: publication runtime eviction finished map=5146d53c129c788dacced90d6844710c75df08c04fc1e11525b3e16e6c299eb5 seconds=0.102473509
Sep 11 13:47:00 transparent-pir-recent-01 transparent-shard-server[855970]: 2026-09-11T13:47:00.822569Z  INFO transparent_shard_server::live: publication shard loading finished map=5146d53c129c788dacced90d6844710c75df08c04fc1e11525b3e16e6c299eb5 seconds=0.953746152
Sep 11 13:47:00 transparent-pir-recent-01 transparent-shard-server[855970]: 2026-09-11T13:47:00.822646Z  INFO transparent_shard_server::live: publication service construction finished map=5146d53c129c788dacced90d6844710c75df08c04fc1e11525b3e16e6c299eb5 seconds=2.7553e-5 succeeded=true
Sep 11 13:47:07 transparent-pir-recent-01 transparent-shard-server[855970]: 2026-09-11T13:47:07.376892Z  INFO transparent_shard_server::service: prewarm finished warm=28 target=28 failed=0 seconds=6.552678572
Sep 11 13:47:07 transparent-pir-recent-01 transparent-shard-server[855970]: 2026-09-11T13:47:07.377076Z  INFO transparent_shard_server::live: publication preparation stages map=5146d53c129c788dacced90d6844710c75df08c04fc1e11525b3e16e6c299eb5 loading_seconds=1.057928738 warming_seconds=6.552884451
Sep 11 13:48:55 transparent-pir-recent-01 transparent-shard-server[855970]: 2026-09-11T13:48:55.186910Z  INFO transparent_shard_server::runtime::disk: runtime disk collection stages lock_wait_seconds=3.2003e-5 pruning_seconds=0.000248766 freed_bytes=268370048
Sep 11 13:48:55 transparent-pir-recent-01 transparent-shard-server[855970]: 2026-09-11T13:48:55.205100Z  INFO transparent_shard_server::live: publication collection stages snapshot_seconds=0.000713607 disk_seconds=0.000329994 directory_seconds=0.018136927 disk_freed_bytes=268370048
Sep 11 13:48:57 transparent-pir-recent-01 transparent-shard-server[855970]: 2026-09-11T13:48:57.503257Z  INFO transparent_shard_server::live: publication loading task started map=023a3efa8008533e9dab704a8988d343dceff1ed18b617d566bafc8faadfc47b queue_seconds=2.204e-5
Sep 11 13:48:57 transparent-pir-recent-01 transparent-shard-server[855970]: 2026-09-11T13:48:57.619038Z  INFO transparent_shard_server::runtime: retired runtime memory reclaimed rss_before=5278429184 rss_after=4711301120
Sep 11 13:48:57 transparent-pir-recent-01 transparent-shard-server[855970]: 2026-09-11T13:48:57.619461Z  INFO transparent_shard_server::live: publication runtime eviction finished map=023a3efa8008533e9dab704a8988d343dceff1ed18b617d566bafc8faadfc47b seconds=0.116164221
Sep 11 13:48:58 transparent-pir-recent-01 transparent-shard-server[855970]: 2026-09-11T13:48:58.610607Z  INFO transparent_shard_server::live: publication shard loading finished map=023a3efa8008533e9dab704a8988d343dceff1ed18b617d566bafc8faadfc47b seconds=0.990981772
Sep 11 13:48:58 transparent-pir-recent-01 transparent-shard-server[855970]: 2026-09-11T13:48:58.611537Z  INFO transparent_shard_server::live: publication service construction finished map=023a3efa8008533e9dab704a8988d343dceff1ed18b617d566bafc8faadfc47b seconds=4.4351e-5 succeeded=true
Sep 11 13:49:03 transparent-pir-recent-01 transparent-shard-server[855970]: 2026-09-11T13:49:03.709332Z  INFO transparent_shard_server::service: prewarm finished warm=28 target=28 failed=0 seconds=5.097656216
Sep 11 13:49:03 transparent-pir-recent-01 transparent-shard-server[855970]: 2026-09-11T13:49:03.710510Z  INFO transparent_shard_server::live: publication preparation stages map=023a3efa8008533e9dab704a8988d343dceff1ed18b617d566bafc8faadfc47b loading_seconds=1.10842585 warming_seconds=5.09884979
Sep 11 13:50:58 transparent-pir-recent-01 transparent-shard-server[855970]: 2026-09-11T13:50:58.604219Z  INFO transparent_shard_server::runtime::disk: runtime disk collection stages lock_wait_seconds=0.000667468 pruning_seconds=0.001005074 freed_bytes=268370048
Sep 11 13:50:58 transparent-pir-recent-01 transparent-shard-server[855970]: 2026-09-11T13:50:58.631461Z  INFO transparent_shard_server::live: publication collection stages snapshot_seconds=0.005600691 disk_seconds=0.001734475 directory_seconds=0.027179582 disk_freed_bytes=268370048
Sep 11 13:51:02 transparent-pir-recent-01 transparent-shard-server[855970]: 2026-09-11T13:51:02.256542Z  INFO transparent_shard_server::live: publication loading task started map=9f85fd81725a9de9ba590d4b885bdcb63f87c35ad7b5a3a584201344dc04f44e queue_seconds=3.428e-5
Sep 11 13:51:02 transparent-pir-recent-01 transparent-shard-server[855970]: 2026-09-11T13:51:02.420118Z  INFO transparent_shard_server::runtime: retired runtime memory reclaimed rss_before=5189959680 rss_after=4711804928
Sep 11 13:51:02 transparent-pir-recent-01 transparent-shard-server[855970]: 2026-09-11T13:51:02.420194Z  INFO transparent_shard_server::live: publication runtime eviction finished map=9f85fd81725a9de9ba590d4b885bdcb63f87c35ad7b5a3a584201344dc04f44e seconds=0.163606006
Sep 11 13:51:03 transparent-pir-recent-01 transparent-shard-server[855970]: 2026-09-11T13:51:03.372463Z  WARN transparent_shard_server::filecache: public artifact cache advice delayed fd=14 seconds=0.119098791
Sep 11 13:51:03 transparent-pir-recent-01 transparent-shard-server[855970]: 2026-09-11T13:51:03.606609Z  INFO transparent_shard_server::live: publication shard loading finished map=9f85fd81725a9de9ba590d4b885bdcb63f87c35ad7b5a3a584201344dc04f44e seconds=1.186391146
Sep 11 13:51:03 transparent-pir-recent-01 transparent-shard-server[855970]: 2026-09-11T13:51:03.606712Z  INFO transparent_shard_server::live: publication service construction finished map=9f85fd81725a9de9ba590d4b885bdcb63f87c35ad7b5a3a584201344dc04f44e seconds=3.4787e-5 succeeded=true
Sep 11 13:51:09 transparent-pir-recent-01 transparent-shard-server[855970]: 2026-09-11T13:51:09.076684Z  INFO transparent_shard_server::service: prewarm finished warm=28 target=28 failed=0 seconds=5.469129296
Sep 11 13:51:09 transparent-pir-recent-01 transparent-shard-server[855970]: 2026-09-11T13:51:09.076767Z  INFO transparent_shard_server::live: publication preparation stages map=9f85fd81725a9de9ba590d4b885bdcb63f87c35ad7b5a3a584201344dc04f44e loading_seconds=1.351029818 warming_seconds=5.469233195
Sep 11 13:53:05 transparent-pir-recent-01 transparent-shard-server[855970]: 2026-09-11T13:53:05.896364Z  INFO transparent_shard_server::runtime::disk: runtime disk collection stages lock_wait_seconds=4.9557e-5 pruning_seconds=0.000429665 freed_bytes=268370048
Sep 11 13:53:05 transparent-pir-recent-01 transparent-shard-server[855970]: 2026-09-11T13:53:05.923789Z  INFO transparent_shard_server::live: publication collection stages snapshot_seconds=0.001916505 disk_seconds=0.000553202 directory_seconds=0.027353362 disk_freed_bytes=268370048
Sep 11 13:53:08 transparent-pir-recent-01 transparent-shard-server[855970]: 2026-09-11T13:53:08.683522Z  INFO transparent_shard_server::live: publication loading task started map=0e3570fdfc79cba00e034d9a6d758a8e06ae32ec3a68f8e9deffa36b6fc7f786 queue_seconds=2.2079e-5
Sep 11 13:53:08 transparent-pir-recent-01 transparent-shard-server[855970]: 2026-09-11T13:53:08.756786Z  INFO transparent_shard_server::runtime: retired runtime memory reclaimed rss_before=5208330240 rss_after=4671803392
Sep 11 13:53:08 transparent-pir-recent-01 transparent-shard-server[855970]: 2026-09-11T13:53:08.756837Z  INFO transparent_shard_server::live: publication runtime eviction finished map=0e3570fdfc79cba00e034d9a6d758a8e06ae32ec3a68f8e9deffa36b6fc7f786 seconds=0.073279193
Sep 11 13:53:09 transparent-pir-recent-01 transparent-shard-server[855970]: 2026-09-11T13:53:09.726468Z  INFO transparent_shard_server::live: publication shard loading finished map=0e3570fdfc79cba00e034d9a6d758a8e06ae32ec3a68f8e9deffa36b6fc7f786 seconds=0.969609717
Sep 11 13:53:09 transparent-pir-recent-01 transparent-shard-server[855970]: 2026-09-11T13:53:09.726562Z  INFO transparent_shard_server::live: publication service construction finished map=0e3570fdfc79cba00e034d9a6d758a8e06ae32ec3a68f8e9deffa36b6fc7f786 seconds=3.032e-5 succeeded=true
Sep 11 13:53:14 transparent-pir-recent-01 transparent-shard-server[855970]: 2026-09-11T13:53:14.390209Z  INFO transparent_shard_server::service: prewarm finished warm=28 target=28 failed=0 seconds=4.663537542
Sep 11 13:53:14 transparent-pir-recent-01 transparent-shard-server[855970]: 2026-09-11T13:53:14.390275Z  INFO transparent_shard_server::live: publication preparation stages map=0e3570fdfc79cba00e034d9a6d758a8e06ae32ec3a68f8e9deffa36b6fc7f786 loading_seconds=1.043162295 warming_seconds=4.663616079
Sep 11 13:53:18 transparent-pir-recent-01 transparent-shard-server[855970]: 2026-09-11T13:53:18.856819Z  INFO transparent_shard_server::runtime::disk: runtime disk collection stages lock_wait_seconds=3.465e-5 pruning_seconds=0.164979707 freed_bytes=268370048
Sep 11 13:53:18 transparent-pir-recent-01 transparent-shard-server[855970]: 2026-09-11T13:53:18.882423Z  INFO transparent_shard_server::live: publication collection stages snapshot_seconds=0.001085429 disk_seconds=0.165088152 directory_seconds=0.025531539 disk_freed_bytes=268370048
Sep 11 13:53:20 transparent-pir-recent-01 transparent-shard-server[855970]: 2026-09-11T13:53:20.238765Z  INFO transparent_shard_server::live: publication loading task started map=f383bbca8b9f72c28022bc11ba24928fb8830ec9189a6bd473e7b2e5a8945a39 queue_seconds=2.2899e-5
Sep 11 13:53:20 transparent-pir-recent-01 transparent-shard-server[855970]: 2026-09-11T13:53:20.331048Z  INFO transparent_shard_server::runtime: retired runtime memory reclaimed rss_before=5315174400 rss_after=4627189760
Sep 11 13:53:20 transparent-pir-recent-01 transparent-shard-server[855970]: 2026-09-11T13:53:20.331089Z  INFO transparent_shard_server::live: publication runtime eviction finished map=f383bbca8b9f72c28022bc11ba24928fb8830ec9189a6bd473e7b2e5a8945a39 seconds=0.092278758
Sep 11 13:53:21 transparent-pir-recent-01 transparent-shard-server[855970]: 2026-09-11T13:53:21.264834Z  INFO transparent_shard_server::live: publication shard loading finished map=f383bbca8b9f72c28022bc11ba24928fb8830ec9189a6bd473e7b2e5a8945a39 seconds=0.933728666
Sep 11 13:53:21 transparent-pir-recent-01 transparent-shard-server[855970]: 2026-09-11T13:53:21.264908Z  INFO transparent_shard_server::live: publication service construction finished map=f383bbca8b9f72c28022bc11ba24928fb8830ec9189a6bd473e7b2e5a8945a39 seconds=2.4996e-5 succeeded=true
Sep 11 13:53:25 transparent-pir-recent-01 transparent-shard-server[855970]: 2026-09-11T13:53:25.719588Z  INFO transparent_shard_server::service: prewarm finished warm=28 target=28 failed=0 seconds=4.45457262
Sep 11 13:53:25 transparent-pir-recent-01 transparent-shard-server[855970]: 2026-09-11T13:53:25.719642Z  INFO transparent_shard_server::live: publication preparation stages map=f383bbca8b9f72c28022bc11ba24928fb8830ec9189a6bd473e7b2e5a8945a39 loading_seconds=1.026264717 warming_seconds=4.454639472
Sep 11 13:53:28 transparent-pir-recent-01 transparent-shard-server[855970]: 2026-09-11T13:53:28.669584Z  INFO transparent_shard_server::runtime::disk: runtime disk collection stages lock_wait_seconds=0.363714222 pruning_seconds=0.000403516 freed_bytes=268370048
Sep 11 13:53:28 transparent-pir-recent-01 transparent-shard-server[855970]: 2026-09-11T13:53:28.687752Z  INFO transparent_shard_server::live: publication collection stages snapshot_seconds=0.000738705 disk_seconds=0.364176017 directory_seconds=0.018110016 disk_freed_bytes=268370048
Sep 11 13:53:30 transparent-pir-recent-01 transparent-shard-server[855970]: 2026-09-11T13:53:30.169575Z  INFO transparent_shard_server::live: publication loading task started map=e7ac6ed3f852fc223cc6f7c49225fccdc9a7bbe104c0243e827a144b7552c95d queue_seconds=4.8029e-5
Sep 11 13:53:30 transparent-pir-recent-01 transparent-shard-server[855970]: 2026-09-11T13:53:30.254400Z  INFO transparent_shard_server::runtime: retired runtime memory reclaimed rss_before=5213892608 rss_after=4669075456
Sep 11 13:53:30 transparent-pir-recent-01 transparent-shard-server[855970]: 2026-09-11T13:53:30.254446Z  INFO transparent_shard_server::live: publication runtime eviction finished map=e7ac6ed3f852fc223cc6f7c49225fccdc9a7bbe104c0243e827a144b7552c95d seconds=0.084810166
Sep 11 13:53:31 transparent-pir-recent-01 transparent-shard-server[855970]: 2026-09-11T13:53:31.003546Z  WARN transparent_shard_server::filecache: public artifact cache advice delayed fd=17 seconds=0.10120655
Sep 11 13:53:31 transparent-pir-recent-01 transparent-shard-server[855970]: 2026-09-11T13:53:31.325927Z  WARN transparent_shard_server::filecache: public artifact cache advice delayed fd=17 seconds=0.100462378
Sep 11 13:53:31 transparent-pir-recent-01 transparent-shard-server[855970]: 2026-09-11T13:53:31.326286Z  INFO transparent_shard_server::live: publication shard loading finished map=e7ac6ed3f852fc223cc6f7c49225fccdc9a7bbe104c0243e827a144b7552c95d seconds=1.071825803
Sep 11 13:53:31 transparent-pir-recent-01 transparent-shard-server[855970]: 2026-09-11T13:53:31.326337Z  INFO transparent_shard_server::live: publication service construction finished map=e7ac6ed3f852fc223cc6f7c49225fccdc9a7bbe104c0243e827a144b7552c95d seconds=2.5494e-5 succeeded=true
Sep 11 13:53:35 transparent-pir-recent-01 transparent-shard-server[855970]: 2026-09-11T13:53:35.789335Z  INFO transparent_shard_server::service: prewarm finished warm=28 target=28 failed=0 seconds=4.461139414
Sep 11 13:53:35 transparent-pir-recent-01 transparent-shard-server[855970]: 2026-09-11T13:53:35.789386Z  INFO transparent_shard_server::live: publication preparation stages map=e7ac6ed3f852fc223cc6f7c49225fccdc9a7bbe104c0243e827a144b7552c95d loading_seconds=1.158661302 warming_seconds=4.461202899
Sep 11 13:53:40 transparent-pir-recent-01 transparent-shard-server[855970]: 2026-09-11T13:53:40.803232Z  INFO transparent_shard_server::runtime::disk: runtime disk collection stages lock_wait_seconds=1.942369279 pruning_seconds=0.000343526 freed_bytes=268370048
Sep 11 13:53:40 transparent-pir-recent-01 transparent-shard-server[855970]: 2026-09-11T13:53:40.825671Z  INFO transparent_shard_server::live: publication collection stages snapshot_seconds=0.001216951 disk_seconds=1.942779528 directory_seconds=0.022373408 disk_freed_bytes=268370048
Sep 11 13:53:42 transparent-pir-recent-01 transparent-shard-server[855970]: 2026-09-11T13:53:42.263156Z  INFO transparent_shard_server::live: publication loading task started map=66ea365432981e766940aa6af34cdc841320d21b496b3e8e8f0208bd248e94fc queue_seconds=9.1397e-5
Sep 11 13:53:42 transparent-pir-recent-01 transparent-shard-server[855970]: 2026-09-11T13:53:42.347845Z  INFO transparent_shard_server::runtime: retired runtime memory reclaimed rss_before=5212192768 rss_after=4675207168
Sep 11 13:53:42 transparent-pir-recent-01 transparent-shard-server[855970]: 2026-09-11T13:53:42.347897Z  INFO transparent_shard_server::live: publication runtime eviction finished map=66ea365432981e766940aa6af34cdc841320d21b496b3e8e8f0208bd248e94fc seconds=0.08392659
Sep 11 13:53:43 transparent-pir-recent-01 transparent-shard-server[855970]: 2026-09-11T13:53:43.166478Z  INFO transparent_shard_server::live: publication shard loading finished map=66ea365432981e766940aa6af34cdc841320d21b496b3e8e8f0208bd248e94fc seconds=0.818565328
Sep 11 13:53:43 transparent-pir-recent-01 transparent-shard-server[855970]: 2026-09-11T13:53:43.166561Z  INFO transparent_shard_server::live: publication service construction finished map=66ea365432981e766940aa6af34cdc841320d21b496b3e8e8f0208bd248e94fc seconds=3.4454e-5 succeeded=true
Sep 11 13:53:47 transparent-pir-recent-01 transparent-shard-server[855970]: 2026-09-11T13:53:47.551524Z  INFO transparent_shard_server::service: prewarm finished warm=28 target=28 failed=0 seconds=4.38485264
Sep 11 13:53:47 transparent-pir-recent-01 transparent-shard-server[855970]: 2026-09-11T13:53:47.551596Z  INFO transparent_shard_server::live: publication preparation stages map=66ea365432981e766940aa6af34cdc841320d21b496b3e8e8f0208bd248e94fc loading_seconds=0.903594827 warming_seconds=4.384942942
Sep 11 13:53:58 transparent-pir-recent-01 transparent-shard-server[855970]: 2026-09-11T13:53:58.272215Z  INFO transparent_shard_server::runtime::disk: runtime disk collection stages lock_wait_seconds=3.568e-5 pruning_seconds=0.000362699 freed_bytes=268370048
Sep 11 13:53:58 transparent-pir-recent-01 transparent-shard-server[855970]: 2026-09-11T13:53:58.294519Z  INFO transparent_shard_server::live: publication collection stages snapshot_seconds=0.000878735 disk_seconds=0.000462856 directory_seconds=0.022236497 disk_freed_bytes=268370048
Sep 11 13:53:59 transparent-pir-recent-01 transparent-shard-server[855970]: 2026-09-11T13:53:59.831876Z  INFO transparent_shard_server::live: publication loading task started map=4eea7903323afd55340eaed91b1bf163ed5a4096ec2818af9a2699b342af8505 queue_seconds=5.9074e-5
Sep 11 13:53:59 transparent-pir-recent-01 transparent-shard-server[855970]: 2026-09-11T13:53:59.941292Z  INFO transparent_shard_server::runtime: retired runtime memory reclaimed rss_before=5249622016 rss_after=4647174144
Sep 11 13:53:59 transparent-pir-recent-01 transparent-shard-server[855970]: 2026-09-11T13:53:59.941334Z  INFO transparent_shard_server::live: publication runtime eviction finished map=4eea7903323afd55340eaed91b1bf163ed5a4096ec2818af9a2699b342af8505 seconds=0.10938126
Sep 11 13:54:00 transparent-pir-recent-01 transparent-shard-server[855970]: 2026-09-11T13:54:00.940015Z  INFO transparent_shard_server::live: publication shard loading finished map=4eea7903323afd55340eaed91b1bf163ed5a4096ec2818af9a2699b342af8505 seconds=0.998664325
Sep 11 13:54:00 transparent-pir-recent-01 transparent-shard-server[855970]: 2026-09-11T13:54:00.940093Z  INFO transparent_shard_server::live: publication service construction finished map=4eea7903323afd55340eaed91b1bf163ed5a4096ec2818af9a2699b342af8505 seconds=2.7835e-5 succeeded=true
Sep 11 13:54:06 transparent-pir-recent-01 transparent-shard-server[855970]: 2026-09-11T13:54:06.070663Z  INFO transparent_shard_server::service: prewarm finished warm=28 target=28 failed=0 seconds=5.130369269
Sep 11 13:54:06 transparent-pir-recent-01 transparent-shard-server[855970]: 2026-09-11T13:54:06.070724Z  INFO transparent_shard_server::live: publication preparation stages map=4eea7903323afd55340eaed91b1bf163ed5a4096ec2818af9a2699b342af8505 loading_seconds=1.108433272 warming_seconds=5.130479387
Sep 11 13:54:54 transparent-pir-recent-01 transparent-shard-server[855970]: 2026-09-11T13:54:54.463480Z  INFO transparent_shard_server::runtime::disk: runtime disk collection stages lock_wait_seconds=6.1276e-5 pruning_seconds=0.000322244 freed_bytes=268370048
Sep 11 13:54:54 transparent-pir-recent-01 transparent-shard-server[855970]: 2026-09-11T13:54:54.476465Z  INFO transparent_shard_server::live: publication collection stages snapshot_seconds=0.001232607 disk_seconds=0.00178172 directory_seconds=0.011585626 disk_freed_bytes=268370048
Sep 11 13:54:56 transparent-pir-recent-01 transparent-shard-server[855970]: 2026-09-11T13:54:56.861643Z  INFO transparent_shard_server::live: publication loading task started map=22345b3ebec590e7716350ab9fa9e608689578510a4453ceb3467f43d9cc9c4b queue_seconds=4.4332e-5
Sep 11 13:54:56 transparent-pir-recent-01 transparent-shard-server[855970]: 2026-09-11T13:54:56.947364Z  INFO transparent_shard_server::runtime: retired runtime memory reclaimed rss_before=5237866496 rss_after=4617621504
Sep 11 13:54:56 transparent-pir-recent-01 transparent-shard-server[855970]: 2026-09-11T13:54:56.947415Z  INFO transparent_shard_server::live: publication runtime eviction finished map=22345b3ebec590e7716350ab9fa9e608689578510a4453ceb3467f43d9cc9c4b seconds=0.085728911
Sep 11 13:54:57 transparent-pir-recent-01 transparent-shard-server[855970]: 2026-09-11T13:54:57.960290Z  INFO transparent_shard_server::live: publication shard loading finished map=22345b3ebec590e7716350ab9fa9e608689578510a4453ceb3467f43d9cc9c4b seconds=1.012853056
Sep 11 13:54:57 transparent-pir-recent-01 transparent-shard-server[855970]: 2026-09-11T13:54:57.961346Z  INFO transparent_shard_server::live: publication service construction finished map=22345b3ebec590e7716350ab9fa9e608689578510a4453ceb3467f43d9cc9c4b seconds=4.8624e-5 succeeded=true
Sep 11 13:55:03 transparent-pir-recent-01 transparent-shard-server[855970]: 2026-09-11T13:55:03.251367Z  INFO transparent_shard_server::service: prewarm finished warm=28 target=28 failed=0 seconds=5.289840961
Sep 11 13:55:03 transparent-pir-recent-01 transparent-shard-server[855970]: 2026-09-11T13:55:03.251533Z  INFO transparent_shard_server::live: publication preparation stages map=22345b3ebec590e7716350ab9fa9e608689578510a4453ceb3467f43d9cc9c4b loading_seconds=1.099911312 warming_seconds=5.290025349
Sep 11 13:55:37 transparent-pir-recent-01 transparent-shard-server[855970]: 2026-09-11T13:55:37.570276Z  INFO transparent_shard_server::runtime::disk: runtime disk collection stages lock_wait_seconds=9.9113e-5 pruning_seconds=0.025093554 freed_bytes=268370048
Sep 11 13:55:37 transparent-pir-recent-01 transparent-shard-server[855970]: 2026-09-11T13:55:37.582447Z  INFO transparent_shard_server::live: publication collection stages snapshot_seconds=0.000800774 disk_seconds=0.02527354 directory_seconds=0.012094193 disk_freed_bytes=268370048
Sep 11 13:55:39 transparent-pir-recent-01 transparent-shard-server[855970]: 2026-09-11T13:55:39.069314Z  INFO transparent_shard_server::live: publication loading task started map=3d7d019b1c99ad5c36c52fe18a80697b64f62aef9162bd588ad59c54852662f9 queue_seconds=2.823e-5
Sep 11 13:55:39 transparent-pir-recent-01 transparent-shard-server[855970]: 2026-09-11T13:55:39.175641Z  INFO transparent_shard_server::runtime: retired runtime memory reclaimed rss_before=5269368832 rss_after=4653056000
Sep 11 13:55:39 transparent-pir-recent-01 transparent-shard-server[855970]: 2026-09-11T13:55:39.175680Z  INFO transparent_shard_server::live: publication runtime eviction finished map=3d7d019b1c99ad5c36c52fe18a80697b64f62aef9162bd588ad59c54852662f9 seconds=0.10632572
Sep 11 13:55:40 transparent-pir-recent-01 transparent-shard-server[855970]: 2026-09-11T13:55:40.119203Z  INFO transparent_shard_server::live: publication shard loading finished map=3d7d019b1c99ad5c36c52fe18a80697b64f62aef9162bd588ad59c54852662f9 seconds=0.943507625
Sep 11 13:55:40 transparent-pir-recent-01 transparent-shard-server[855970]: 2026-09-11T13:55:40.119294Z  INFO transparent_shard_server::live: publication service construction finished map=3d7d019b1c99ad5c36c52fe18a80697b64f62aef9162bd588ad59c54852662f9 seconds=3.5308e-5 succeeded=true
Sep 11 13:55:44 transparent-pir-recent-01 transparent-shard-server[855970]: 2026-09-11T13:55:44.801058Z  INFO transparent_shard_server::service: prewarm finished warm=28 target=28 failed=0 seconds=4.680808646
Sep 11 13:55:44 transparent-pir-recent-01 transparent-shard-server[855970]: 2026-09-11T13:55:44.801109Z  INFO transparent_shard_server::live: publication preparation stages map=3d7d019b1c99ad5c36c52fe18a80697b64f62aef9162bd588ad59c54852662f9 loading_seconds=1.050935852 warming_seconds=4.680891326
Sep 11 13:58:11 transparent-pir-recent-01 transparent-shard-server[855970]: 2026-09-11T13:58:11.975756Z  INFO transparent_shard_server::runtime::disk: runtime disk collection stages lock_wait_seconds=3.7663e-5 pruning_seconds=0.000417311 freed_bytes=268370048
Sep 11 13:58:11 transparent-pir-recent-01 transparent-shard-server[855970]: 2026-09-11T13:58:11.993519Z  INFO transparent_shard_server::live: publication collection stages snapshot_seconds=0.000861963 disk_seconds=0.000520116 directory_seconds=0.017695312 disk_freed_bytes=268370048
Sep 11 13:58:13 transparent-pir-recent-01 transparent-shard-server[855970]: 2026-09-11T13:58:13.867319Z  INFO transparent_shard_server::live: publication loading task started map=323727b315be918aff3e03754a36c6a8febfe46086ddbc0df90dc3e628b4ab22 queue_seconds=3.384e-5
Sep 11 13:58:13 transparent-pir-recent-01 transparent-shard-server[855970]: 2026-09-11T13:58:13.952860Z  INFO transparent_shard_server::runtime: retired runtime memory reclaimed rss_before=5304713216 rss_after=4658692096
Sep 11 13:58:13 transparent-pir-recent-01 transparent-shard-server[855970]: 2026-09-11T13:58:13.952911Z  INFO transparent_shard_server::live: publication runtime eviction finished map=323727b315be918aff3e03754a36c6a8febfe46086ddbc0df90dc3e628b4ab22 seconds=0.085546477
Sep 11 13:58:14 transparent-pir-recent-01 transparent-shard-server[855970]: 2026-09-11T13:58:14.727100Z  INFO transparent_shard_server::live: publication shard loading finished map=323727b315be918aff3e03754a36c6a8febfe46086ddbc0df90dc3e628b4ab22 seconds=0.774171077
Sep 11 13:58:14 transparent-pir-recent-01 transparent-shard-server[855970]: 2026-09-11T13:58:14.727202Z  INFO transparent_shard_server::live: publication service construction finished map=323727b315be918aff3e03754a36c6a8febfe46086ddbc0df90dc3e628b4ab22 seconds=3.3143e-5 succeeded=true
