### start 2026-10-09T11:54:47.267Z
### cmd:

for h in $R01 $R02; do $W root@$h "L=/etc/systemd/system/transparent-shard-server.service; N=/opt/transparent-publisher/staged/worker.service
  diff <(sed -n \"s/^ExecStart=//p\" \$L | tr \" \" \"\n\" | sort) <(sed -n \"s/^ExecStart=//p\" \$N | tr \" \" \"\n\" | sort) && diff <(grep -v \"^ExecStart=\" \$L) <(grep -v \"^ExecStart=\" \$N) && echo \"\$(hostname): same flags and lines\"; sha256sum /opt/transparent-publisher/staged/*; ls -la /opt/transparent-publisher/rollback/roll-a317455e/"; done

### output:
transparent-pir-recent-01: same flags and lines
1daa5418f1dc9a510e839f032c2aed6b062395bd855d5b6a729db563f4cf44df  /opt/transparent-publisher/staged/headless-console.py
9208555a4903945e6e7262df94db8934c532d83dad28d395b513ac1f9187bc66  /opt/transparent-publisher/staged/shard-control
f862a88122c404775f5aa70951ea356d56cd15463c8d0c343aff076c343a54ff  /opt/transparent-publisher/staged/storage-policy.py
34ba7ebbdb9c59de1ca9f4fd32be9b7058e9b2d2ab08dacaa63bb62cecc1970c  /opt/transparent-publisher/staged/transparent-shard-server
46902e56152d2d279a6e9745c178f1cb1b0e005de70c6201846e746d68f94b3a  /opt/transparent-publisher/staged/worker.service
total 12
drwxr-xr-x  3 root root 4096 Oct  9 11:51 .
drwxr-xr-x 14 root root 4096 Oct  9 11:51 ..
drwxr-xr-x  2 root root 4096 Oct  9 11:51 transparent-pir-recent-01
transparent-pir-recent-02: same flags and lines
1daa5418f1dc9a510e839f032c2aed6b062395bd855d5b6a729db563f4cf44df  /opt/transparent-publisher/staged/headless-console.py
9208555a4903945e6e7262df94db8934c532d83dad28d395b513ac1f9187bc66  /opt/transparent-publisher/staged/shard-control
f862a88122c404775f5aa70951ea356d56cd15463c8d0c343aff076c343a54ff  /opt/transparent-publisher/staged/storage-policy.py
34ba7ebbdb9c59de1ca9f4fd32be9b7058e9b2d2ab08dacaa63bb62cecc1970c  /opt/transparent-publisher/staged/transparent-shard-server
5690c24fedc1b0518d8e7d73ab42268f3809dbc88b57586d46bda514b7c973e0  /opt/transparent-publisher/staged/worker.service
total 12
drwxr-xr-x  3 root root 4096 Oct  9 11:51 .
drwxr-xr-x 13 root root 4096 Oct  9 11:51 ..
drwxr-xr-x  2 root root 4096 Oct  9 11:51 transparent-pir-recent-02
### end 2026-10-09T11:54:48.198Z rc=0
