### start 2026-10-09T12:33:40.263Z
### cmd:
bash $DEP/steps/worker-checks.sh $R02 transparent-pir-recent-02 $DEP/probe-recent-02.log; python3 $DEP/setup-compare.py $R01 $R02 || { echo retry-once; python3 $DEP/setup-compare.py $R01 $R02; }
### output:
new_binary True True warm 18 18 {'bytes': 1410431808, 'hits': 18, 'limit_bytes': 10737418240, 'misses': 0, 'pending_saves': 0, 'restore_slots': 4, 'write_failures': 0} prewarm_failed 0 932d4fdf0e13
membership age 0.9 routed_recent 2 {'transparent-pir-recent-01': ('serving', True, True, '932d4fdf0e13'), 'transparent-pir-recent-02': ('serving', True, True, '932d4fdf0e13'), 'transparent-pir-archive-03': ('serving', True, True, '932d4fdf0e13')}
9208555a4903945e6e7262df94db8934c532d83dad28d395b513ac1f9187bc66  /usr/local/bin/shard-control
34ba7ebbdb9c59de1ca9f4fd32be9b7058e9b2d2ab08dacaa63bb62cecc1970c  /usr/local/bin/transparent-shard-server
34ba7ebbdb9c59de1ca9f4fd32be9b7058e9b2d2ab08dacaa63bb62cecc1970c  /proc/1645664/exe
NRestarts=0
MemoryCurrent=681435136
ActiveEnterTimestamp=Fri 2026-10-09 12:33:18 UTC
1daa5418f1dc9a510e839f032c2aed6b062395bd855d5b6a729db563f4cf44df  /opt/transparent-publisher/rollback/roll-a317455e/transparent-pir-recent-02/headless-console.py
6dfe78fa1909fa542d540cd685b7e2dcc536eb0085cd14f052f1f02b70120170  /opt/transparent-publisher/rollback/roll-a317455e/transparent-pir-recent-02/shard-control
f862a88122c404775f5aa70951ea356d56cd15463c8d0c343aff076c343a54ff  /opt/transparent-publisher/rollback/roll-a317455e/transparent-pir-recent-02/storage-policy.py
6db1fa05cfaf7a6422f7307b394c95ef20129598ea591818c9d4da324ef20430  /opt/transparent-publisher/rollback/roll-a317455e/transparent-pir-recent-02/transparent-shard-server
dea49c0c8a1b4b673d9af0526669e770532b7e4fac85ef3a5812d16cd021ca35  /opt/transparent-publisher/rollback/roll-a317455e/transparent-pir-recent-02/worker.service
MemAvailable:    6887588 kB
   2001 True warm 18 18 6db1fa05cfaf
      8 unreachable    
      1 False warm 0 18 34ba7ebbdb9c
      1 False warm 5 18 34ba7ebbdb9c
      1 False warm 10 18 34ba7ebbdb9c
      1 False warm 15 18 34ba7ebbdb9c
     10 True warm 18 18 34ba7ebbdb9c
88 True directory same
88 True pages same
89 True directory same
89 True pages same
90 False directory same
90 False pages same
### end 2026-10-09T12:33:40.878Z rc=0
