{
  "protocol": "ironwood-enhance-pir-v6",
  "seconds": 31.133917279,
  "concurrency": 32,
  "offered_qps": 24.0,
  "completed": 557,
  "succeeded": 451,
  "incorrect_answers": 0,
  "errors": {
    "http_429": 106
  },
  "unstarted_arrivals": 163,
  "correct_queries_per_second": 14.485809670477991,
  "p50_ms": 2107.391,
  "p95_ms": 2428.927,
  "p99_ms": 2500.607,
  "scheduled_p99_ms": 9469.951,
  "exact_answer_oracle": true,
  "warmup_errors": {},
  "warmup_correct_answers": 0,
  "warmup_incorrect_answers": 0
}
